[  6%] Built target judas_glad
[  6%] Building CXX object CMakeFiles/judas_engine.dir/src/Renderer.cpp.o
[  6%] Building CXX object CMakeFiles/judas_engine.dir/src/PauseMenu.cpp.o
[ 12%] Building CXX object CMakeFiles/judas_engine.dir/src/UIWidgets.cpp.o
[ 12%] Building CXX object CMakeFiles/judas_engine.dir/src/HUD.cpp.o
[ 12%] Building CXX object CMakeFiles/judas_engine.dir/src/Door.cpp.o
[ 12%] Building CXX object CMakeFiles/judas_engine.dir/src/LightSwitch.cpp.o
[ 12%] Building CXX object CMakeFiles/judas_engine.dir/src/AsyncFile.cpp.o
[ 12%] Building CXX object CMakeFiles/judas_engine.dir/src/ResourceManager.cpp.o
[ 12%] Building CXX object CMakeFiles/judas_engine.dir/src/WorldDebugView.cpp.o
[ 12%] Building CXX object CMakeFiles/judas_engine.dir/src/RuntimeWorld.cpp.o
[ 12%] Building CXX object CMakeFiles/judas_engine.dir/src/GameSession.cpp.o
[ 18%] Building CXX object CMakeFiles/judas_engine.dir/src/Simulation.cpp.o
[ 18%] Building CXX object CMakeFiles/judas_engine.dir/src/WorldPresentation.cpp.o
[ 18%] Building CXX object CMakeFiles/judas_engine.dir/src/GameplayHud.cpp.o
[ 18%] Building CXX object CMakeFiles/judas_engine.dir/src/EngineHost.cpp.o
[ 25%] Building CXX object CMakeFiles/judas_engine.dir/src/InteractivePlay.cpp.o
[ 25%] Building CXX object CMakeFiles/judas_engine.dir/src/CoarseSimulation.cpp.o
[ 25%] Building CXX object CMakeFiles/judas_engine.dir/src/WorldState.cpp.o
[ 25%] Linking CXX static library libjudas_engine.a
[ 93%] Built target judas_engine
[100%] Building CXX object CMakeFiles/judas_async_application_tests.dir/src/RuntimeOptions.cpp.o
[100%] Building CXX object CMakeFiles/judas_async_application_tests.dir/src/RuntimeDiagnostics.cpp.o
[100%] Building CXX object CMakeFiles/judas_async_application_tests.dir/tests/AsyncApplicationTests.cpp.o
[100%] Building CXX object CMakeFiles/judas_async_application_tests.dir/src/Application.cpp.o
[100%] Building CXX object CMakeFiles/judas_async_application_tests.dir/src/TestHarness.cpp.o
[100%] Linking CXX executable judas_async_application_tests
[100%] Built target judas_async_application_tests
