libEGL warning: Not allowed to force software rendering when API explicitly selects a hardware device.
Renderer fragment texture units: 32 (material path uses 12)
M31 resource stress: generating 24 sphere meshes (160x160) and 16 1024x1024 textures under /tmp/judas_m31_stress_17457
  137.5 MB of asset files
  7 workers, scene 'Tiny game' playing (3 dynamic bodies)
  async: all 40 assets Ready after 1.43 s; per-asset latency (request->Ready) min 399 ms avg 1081 ms max 1428 ms; 40 uploads; resident 268.1 MB (peak 268.1 MB)
  cancel: 20 loads cancelled by dropped demand, 10 stale completions discarded, 20 ready, 0 loading
  evict: budget 57.9 MB -> resident 115.8 MB before, 85.3 MB after, 4 evictions; referenced textures survived: yes
  reload: 4 evicted meshes re-requested and Ready again after 0.42 s
  blocking: all 40 assets loaded on the main thread in 3.42 s (one per frame)

Per-phase main-thread measurements (frame = pump + play frame + swap; 60 Hz fixed step):
  baseline (no loads)          frames  120 | frame avg  10.04 ms p99  13.21 ms max  481.49 ms (pump max   0.00 ms) | >33 ms:   1 | fixed steps    53 (expected ~   76, 1 saturated) | queue max  0 avg   0.0 | worker util   0.0% | jobs done 0
  async load (40 assets)       frames   32 | frame avg  43.98 ms p99 225.37 ms max  225.37 ms (pump max 217.25 ms) | >33 ms:  20 | fixed steps    79 (expected ~   86, 1 saturated) | queue max 33 avg  17.6 | worker util  87.9% | jobs done 40
  cancel + release             frames    1 | frame avg  22.81 ms p99  22.81 ms max   22.81 ms (pump max   0.11 ms) | >33 ms:   0 | fixed steps     0 (expected ~    2, 0 saturated) | queue max  3 avg   3.0 | worker util   1.1% | jobs done 0
  evict + reload               frames   26 | frame avg  16.43 ms p99  39.66 ms max   39.66 ms (pump max   7.72 ms) | >33 ms:   3 | fixed steps    28 (expected ~   27, 0 saturated) | queue max  3 avg   0.8 | worker util  81.0% | jobs done 10
  BLOCKING load (40 assets)    frames   40 | frame avg  84.91 ms p99 129.87 ms max  129.87 ms (pump max   0.01 ms) | >33 ms:  24 | fixed steps   203 (expected ~  205, 7 saturated) | queue max  0 avg   0.0 | worker util   0.0% | jobs done 0

Claim under test: expensive resource preparation no longer forces the main thread to wait for the whole operation.
  async  : worst frame  225.37 ms,  20 frames over 33 ms, 1 saturated catch-up frames, wall 1.43 s
  blocking: worst frame  129.87 ms,  24 frames over 33 ms, 7 saturated catch-up frames, wall 3.42 s
  (the work itself is not free: worker busy time during the async phase was 8.80 s across 7 workers)

shutdown clean (resources, workers, renderer, window in that order); temporary project removed
