[  5%] Built target judas_icu_build
[ 10%] Built target judas_app_icon
[ 15%] Built target judas_quickjs
[ 15%] Built target judas_glad
[ 20%] Built target judas_navigation_backend
[ 20%] Built target judas_profiler
[ 40%] Built target freetype
[ 45%] Built target judas_audio_backend
[ 45%] Built target judas_materials
[ 45%] Built target harfbuzz
[ 45%] Building CXX object CMakeFiles/judas_engine.dir/src/ScriptSystem.cpp.o
[ 45%] Building CXX object CMakeFiles/judas_engine.dir/src/ProductionFluidCoupling.cpp.o
[ 45%] Building CXX object CMakeFiles/judas_engine.dir/src/SceneSession.cpp.o
[ 45%] Building CXX object CMakeFiles/judas_engine.dir/src/WorldDebugView.cpp.o
[ 45%] Building CXX object CMakeFiles/judas_engine.dir/src/RuntimeWorld.cpp.o
[ 50%] Building CXX object CMakeFiles/judas_engine.dir/src/GameSession.cpp.o
[ 50%] Building CXX object CMakeFiles/judas_engine.dir/src/Simulation.cpp.o
[ 50%] Building CXX object CMakeFiles/judas_engine.dir/src/WorldPresentation.cpp.o
[ 50%] Building CXX object CMakeFiles/judas_engine.dir/src/GameplayHud.cpp.o
[ 50%] Building CXX object CMakeFiles/judas_engine.dir/src/InteractivePlay.cpp.o
[ 50%] Building CXX object CMakeFiles/judas_engine.dir/src/CoarseSimulation.cpp.o
[ 50%] Building CXX object CMakeFiles/judas_engine.dir/src/WorldState.cpp.o
[ 50%] Building CXX object CMakeFiles/judas_engine.dir/src/SaveService.cpp.o
[ 50%] Building CXX object CMakeFiles/judas_engine.dir/src/LiquidPersistence.cpp.o
[ 50%] Building CXX object CMakeFiles/judas_engine.dir/src/WorldPersistence.cpp.o
[ 50%] Linking CXX static library libjudas_engine.a
[100%] Built target judas_engine
[100%] Building CXX object CMakeFiles/judas_save_application_tests.dir/src/RuntimeOptions.cpp.o
[100%] Building CXX object CMakeFiles/judas_save_application_tests.dir/src/Application.cpp.o
[100%] Building CXX object CMakeFiles/judas_save_application_tests.dir/tests/SaveApplicationTests.cpp.o
[100%] Building CXX object CMakeFiles/judas_save_application_tests.dir/src/RuntimeDiagnostics.cpp.o
[100%] Building CXX object CMakeFiles/judas_save_application_tests.dir/src/TestHarness.cpp.o
/home/conner/Documents/GitHub/Project-Judas/tests/SaveApplicationTests.cpp: In lambda function:
/home/conner/Documents/GitHub/Project-Judas/tests/SaveApplicationTests.cpp:20:1042: error: ‘count_if’ is not a member of ‘std’
   20 |   if(reading&&&world!=initial&&!restoredFrame){restoredFrame=frame;SaveArchive liquid;world.Liquids().Persist(liquid);Check(liquid.bytes==expected.participants.at("liquid").data,"fresh process exact owner/cell/flow/parcel partition before resume");Check(world.RagdollActive(6100),"active articulation reconstructed, no bind-pose reset");Scene saved;WorldPersistence::SceneFrom(expected.participants,saved,error);bool poses=true;for(auto& o:saved.Objects())if(o.body){auto b=world.RuntimeBody(o.id);auto pose=world.Physics().GetTransform(b);poses&=b.IsValid()&&glm::length(pose.position-o.transform.position)<1e-5f;}Check(poses,"fresh process physical world poses match captured boundary");auto* a=world.RuntimeAnimation(6101);Check(a&&a->mixer.Transitioning()&&std::abs(a->mixer.elapsed-.4f)<1e-5f,"in-progress crossfade continues from captured contributor state");Check(world.SceneControl()->Get("labTicks")!="null","bounded game/session state restored before callbacks");Check(world.Physics().AliveBodyCount()==saved.Objects().size()-std::count_if(saved.Objects().begin(),saved.Objects().end(),[](const auto& o){return !o.body;}),"mapped ragdoll bodies instantiated exactly once");frozen=true;}
      |                                                                                                                                                                                                                                                                                                                                                                                                                                                                                                                                                                                                                                                                                                                                                                                                                                                                                                                                                                                                                                                                                  ^~~~~~~~
gmake[3]: *** [CMakeFiles/judas_save_application_tests.dir/build.make:79: CMakeFiles/judas_save_application_tests.dir/tests/SaveApplicationTests.cpp.o] Error 1
gmake[3]: *** Waiting for unfinished jobs....
gmake[2]: *** [CMakeFiles/Makefile2:6474: CMakeFiles/judas_save_application_tests.dir/all] Error 2
gmake[1]: *** [CMakeFiles/Makefile2:6481: CMakeFiles/judas_save_application_tests.dir/rule] Error 2
gmake: *** [Makefile:2113: judas_save_application_tests] Error 2
