[  0%] Built target judas_glad
[  4%] Built target judas_icu_build
[  9%] Built target judas_app_icon
[ 14%] Built target judas_quickjs
[ 23%] Built target judas_navigation_backend
[ 42%] Built target freetype
[ 42%] Built target judas_profiler
[ 42%] Built target judas_audio_backend
[ 42%] Built target harfbuzz
[ 42%] Built target judas_materials
[ 47%] Building CXX object CMakeFiles/judas_engine.dir/src/SaveService.cpp.o
[ 47%] Building CXX object CMakeFiles/judas_engine.dir/src/WorldPersistence.cpp.o
[ 47%] Linking CXX static library libjudas_engine.a
[100%] Built target judas_engine
[100%] Linking CXX executable judas_save_storage_tests
[100%] Built target judas_save_storage_tests
[  0%] Built target judas_glad
[  4%] Built target judas_icu_build
[  9%] Built target judas_quickjs
[ 14%] Built target judas_app_icon
[ 23%] Built target judas_navigation_backend
[ 42%] Built target freetype
[ 42%] Built target judas_audio_backend
[ 42%] Built target judas_profiler
[ 42%] Built target harfbuzz
[ 42%] Built target judas_materials
[100%] Built target judas_engine
[100%] Linking CXX executable judas_world_persistence_tests
[100%] Built target judas_world_persistence_tests
[  4%] Built target judas_quickjs
[  9%] Built target judas_icu_build
[  9%] Built target judas_glad
[ 18%] Built target judas_navigation_backend
[ 22%] Built target judas_app_icon
[ 40%] Built target freetype
[ 40%] Built target harfbuzz
[ 40%] Built target judas_audio_backend
[ 40%] Built target judas_profiler
[ 40%] Built target judas_materials
[ 95%] Built target judas_engine
[ 95%] Linking CXX executable judas_save_streaming_tests
[100%] Built target judas_save_streaming_tests
[  4%] Built target judas_icu_build
[  4%] Built target judas_glad
[  9%] Built target judas_app_icon
[ 14%] Built target judas_quickjs
[ 23%] Built target judas_navigation_backend
[ 42%] Built target freetype
[ 42%] Built target judas_profiler
[ 42%] Built target judas_audio_backend
[ 42%] Built target harfbuzz
[ 42%] Built target judas_materials
[100%] Built target judas_engine
[100%] Linking CXX executable judas_save_application_tests
[100%] Built target judas_save_application_tests
[  4%] Built target judas_icu_build
[  4%] Built target judas_glad
[  9%] Built target judas_quickjs
[ 22%] Built target judas_navigation_backend
[ 22%] Built target judas_app_icon
[ 40%] Built target freetype
[ 40%] Built target judas_audio_backend
[ 40%] Built target judas_profiler
[ 40%] Built target harfbuzz
[ 40%] Built target judas_materials
[ 95%] Built target judas_engine
[ 95%] Linking CXX executable judas_save_performance_tests
[100%] Built target judas_save_performance_tests
[  4%] Built target judas_icu_build
[  9%] Built target judas_app_icon
[ 13%] Built target judas_glad
[ 13%] Built target judas_quickjs
[ 22%] Built target judas_navigation_backend
[ 40%] Built target freetype
[ 40%] Built target judas_profiler
[ 40%] Built target judas_audio_backend
[ 40%] Built target harfbuzz
[ 40%] Built target judas_materials
[ 95%] Built target judas_engine
[100%] Linking CXX executable judasjs_examples_tests
[100%] Built target judasjs_examples_tests
