[ 14%] Built target judas_icu_build
[ 14%] Built target judas_glad
[ 14%] Built target judas_quickjs
[ 14%] Built target judas_app_icon
[ 23%] Built target judas_navigation_backend
[ 42%] Built target freetype
[ 42%] Built target judas_audio_backend
[ 42%] Built target judas_profiler
[ 42%] Built target harfbuzz
[ 42%] Built target judas_materials
[100%] Built target judas_engine
[100%] Built target judas_save_storage_tests
[  4%] Built target judas_icu_build
[  4%] Built target judas_glad
[  9%] Built target judas_quickjs
[ 14%] Built target judas_app_icon
[ 23%] Built target judas_navigation_backend
[ 42%] Built target freetype
[ 42%] Built target judas_audio_backend
[ 42%] Built target judas_profiler
[ 42%] Built target harfbuzz
[ 42%] Built target judas_materials
[100%] Built target judas_engine
[100%] Building CXX object CMakeFiles/judas_world_persistence_tests.dir/tests/WorldPersistenceTests.cpp.o
[100%] Linking CXX executable judas_world_persistence_tests
[100%] Built target judas_world_persistence_tests
[  4%] Built target judas_icu_build
[  9%] Built target judas_quickjs
[  9%] Built target judas_glad
[ 18%] Built target judas_app_icon
[ 22%] Built target judas_navigation_backend
[ 40%] Built target freetype
[ 40%] Built target judas_profiler
[ 40%] Built target judas_audio_backend
[ 40%] Built target harfbuzz
[ 40%] Built target judas_materials
[ 95%] Built target judas_engine
[100%] Built target judas_save_streaming_tests
[  0%] Built target judas_glad
[  4%] Built target judas_app_icon
[  9%] Built target judas_icu_build
[ 14%] Built target judas_quickjs
[ 23%] Built target judas_navigation_backend
[ 42%] Built target freetype
[ 42%] Built target judas_audio_backend
[ 42%] Built target judas_profiler
[ 42%] Built target harfbuzz
[ 42%] Built target judas_materials
[100%] Built target judas_engine
[100%] Building CXX object CMakeFiles/judas_save_application_tests.dir/tests/SaveApplicationTests.cpp.o
[100%] Linking CXX executable judas_save_application_tests
[100%] Built target judas_save_application_tests
[  4%] Built target judas_icu_build
[  4%] Built target judas_glad
[  9%] Built target judas_quickjs
[ 13%] Built target judas_app_icon
[ 22%] Built target judas_navigation_backend
[ 40%] Built target freetype
[ 40%] Built target judas_audio_backend
[ 40%] Built target judas_profiler
[ 40%] Built target harfbuzz
[ 40%] Built target judas_materials
[ 95%] Built target judas_engine
[ 95%] Building CXX object CMakeFiles/judas_save_performance_tests.dir/src/RuntimeOptions.cpp.o
[ 95%] Building CXX object CMakeFiles/judas_save_performance_tests.dir/src/RuntimeDiagnostics.cpp.o
[ 95%] Building CXX object CMakeFiles/judas_save_performance_tests.dir/src/Application.cpp.o
[100%] Building CXX object CMakeFiles/judas_save_performance_tests.dir/tests/SavePerformanceTests.cpp.o
[100%] Building CXX object CMakeFiles/judas_save_performance_tests.dir/src/TestHarness.cpp.o
/home/conner/Documents/GitHub/Project-Judas/tests/SavePerformanceTests.cpp: In function ‘int main(int, char**)’:
/home/conner/Documents/GitHub/Project-Judas/tests/SavePerformanceTests.cpp:16:2: warning: this ‘if’ clause does not guard... [-Wmisleading-indentation]
   16 |  if(argc!=3)return 2;std::string project=argv[1],out=argv[2];std::filesystem::create_directories(out);
      |  ^~
/home/conner/Documents/GitHub/Project-Judas/tests/SavePerformanceTests.cpp:16:22: note: ...this statement, but the latter is misleadingly indented as if it were guarded by the ‘if’
   16 |  if(argc!=3)return 2;std::string project=argv[1],out=argv[2];std::filesystem::create_directories(out);
      |                      ^~~
[100%] Linking CXX executable judas_save_performance_tests
[100%] Built target judas_save_performance_tests
[  0%] Built target judas_glad
[  4%] Built target judas_icu_build
[  9%] Built target judas_quickjs
[ 13%] Built target judas_app_icon
[ 22%] Built target judas_navigation_backend
[ 40%] Built target freetype
[ 40%] Built target judas_audio_backend
[ 40%] Built target judas_profiler
[ 40%] Built target harfbuzz
[ 40%] Built target judas_materials
[ 95%] Built target judas_engine
[ 95%] Building CXX object CMakeFiles/judasjs_examples_tests.dir/tests/JudasJSExamplesTests.cpp.o
[100%] Linking CXX executable judasjs_examples_tests
[100%] Built target judasjs_examples_tests
