[  4%] Built target judas_quickjs
[  4%] Built target judas_icu_build
[  9%] Built target judas_app_icon
[ 18%] Built target judas_navigation_backend
[ 22%] Built target judas_glad
[ 40%] Built target freetype
[ 40%] Built target judas_audio_backend
[ 45%] Built target judas_profiler
[ 45%] Built target harfbuzz
[ 45%] Built target judas_materials
[100%] Built target judas_engine
[100%] Building CXX object CMakeFiles/judas_world_persistence_tests.dir/tests/WorldPersistenceTests.cpp.o
/home/conner/Documents/GitHub/Project-Judas/tests/WorldPersistenceTests.cpp: In function ‘int main()’:
/home/conner/Documents/GitHub/Project-Judas/tests/WorldPersistenceTests.cpp:20:382: error: ‘bool CharacterMotor::followingSupport’ is private within this context
   20 |  RuntimeWorld source,destination;Check(source.Build(scene,nullptr,error),"baseline world construction");auto native=source.RuntimeBody(bodyId);source.Physics().SetLinearVelocity(native,{1,2,3});source.UpdateCharacters(1.f/60);auto* motor=source.RuntimeCharacter(motorId);motor->velocity={4,0,0};motor->result.support=source.RuntimeBody(floorId);motor->result.supported=true;motor->followingSupport=true;motor->supportOrigin={0,.92,0};motor->result.supportVelocity={1,0,0};
      |                                                                                                                                                                                                                                                                                                                                                                                              ^~~~~~~~~~~~~~~~
In file included from /home/conner/Documents/GitHub/Project-Judas/src/Scene.h:14,
                 from /home/conner/Documents/GitHub/Project-Judas/src/NavigationAsset.h:3,
                 from /home/conner/Documents/GitHub/Project-Judas/src/NavigationSystem.h:2,
                 from /home/conner/Documents/GitHub/Project-Judas/src/RuntimeWorld.h:1,
                 from /home/conner/Documents/GitHub/Project-Judas/tests/WorldPersistenceTests.cpp:2:
/home/conner/Documents/GitHub/Project-Judas/src/CharacterMotor.h:49:10: note: declared private here
   49 |     bool followingSupport=false;
      |          ^~~~~~~~~~~~~~~~
/home/conner/Documents/GitHub/Project-Judas/tests/WorldPersistenceTests.cpp:20:411: error: ‘glm::vec3 CharacterMotor::supportOrigin’ is private within this context
   20 |  RuntimeWorld source,destination;Check(source.Build(scene,nullptr,error),"baseline world construction");auto native=source.RuntimeBody(bodyId);source.Physics().SetLinearVelocity(native,{1,2,3});source.UpdateCharacters(1.f/60);auto* motor=source.RuntimeCharacter(motorId);motor->velocity={4,0,0};motor->result.support=source.RuntimeBody(floorId);motor->result.supported=true;motor->followingSupport=true;motor->supportOrigin={0,.92,0};motor->result.supportVelocity={1,0,0};
      |                                                                                                                                                                                                                                                                                                                                                                                                                           ^~~~~~~~~~~~~
/home/conner/Documents/GitHub/Project-Judas/src/CharacterMotor.h:50:15: note: declared private here
   50 |     glm::vec3 supportOrigin{0};
      |               ^~~~~~~~~~~~~
/home/conner/Documents/GitHub/Project-Judas/tests/WorldPersistenceTests.cpp:26:47: error: ‘bool CharacterMotor::followingSupport’ is private within this context
   26 |  Check(destination.RuntimeCharacter(motorId)->followingSupport&&destination.RuntimeCharacter(motorId)->result.supportVelocity==glm::vec3(1,0,0),"support-following observation retained independently of gravity");
      |                                               ^~~~~~~~~~~~~~~~
/home/conner/Documents/GitHub/Project-Judas/src/CharacterMotor.h:49:10: note: declared private here
   49 |     bool followingSupport=false;
      |          ^~~~~~~~~~~~~~~~
gmake[3]: *** [CMakeFiles/judas_world_persistence_tests.dir/build.make:79: CMakeFiles/judas_world_persistence_tests.dir/tests/WorldPersistenceTests.cpp.o] Error 1
gmake[2]: *** [CMakeFiles/Makefile2:6435: CMakeFiles/judas_world_persistence_tests.dir/all] Error 2
gmake[1]: *** [CMakeFiles/Makefile2:6442: CMakeFiles/judas_world_persistence_tests.dir/rule] Error 2
gmake: *** [Makefile:2100: judas_world_persistence_tests] Error 2
