[  4%] Built target judas_icu_build
[  4%] Built target judas_quickjs
[  9%] Built target judas_app_icon
[ 13%] Built target judas_glad
[ 22%] Built target judas_navigation_backend
[ 40%] Built target freetype
[ 40%] Built target judas_audio_backend
[ 45%] Built target judas_profiler
[ 45%] Built target harfbuzz
[ 45%] Built target judas_materials
[ 45%] Building CXX object CMakeFiles/judas_engine.dir/src/ScriptSystem.cpp.o
[ 45%] Building CXX object CMakeFiles/judas_engine.dir/src/SaveStorage.cpp.o
[ 45%] Building CXX object CMakeFiles/judas_engine.dir/src/SaveService.cpp.o
[ 45%] Building CXX object CMakeFiles/judas_engine.dir/src/SceneSession.cpp.o
[ 45%] Building CXX object CMakeFiles/judas_engine.dir/src/WorldPersistence.cpp.o
[ 45%] Linking CXX static library libjudas_engine.a
[100%] Built target judas_engine
[100%] Building CXX object CMakeFiles/judas_save_storage_tests.dir/tests/SaveStorageTests.cpp.o
[100%] Linking CXX executable judas_save_storage_tests
[100%] Built target judas_save_storage_tests
[  4%] Built target judas_glad
[  9%] Built target judas_icu_build
[  9%] Built target judas_quickjs
[ 13%] Built target judas_app_icon
[ 22%] Built target judas_navigation_backend
[ 40%] Built target freetype
[ 40%] Built target judas_audio_backend
[ 45%] Built target judas_profiler
[ 45%] Built target harfbuzz
[ 45%] Built target judas_materials
[100%] Built target judas_engine
[100%] Building CXX object CMakeFiles/judas_world_persistence_tests.dir/tests/WorldPersistenceTests.cpp.o
[100%] Linking CXX executable judas_world_persistence_tests
[100%] Built target judas_world_persistence_tests
[  8%] Built target judas_quickjs
[  8%] Built target judas_glad
[  8%] Built target judas_app_icon
[ 13%] Built target judas_icu_build
[ 21%] Built target judas_navigation_backend
[ 39%] Built target freetype
[ 43%] Built target judas_audio_backend
[ 43%] Built target judas_profiler
[ 43%] Built target harfbuzz
[ 43%] Built target judas_materials
[ 95%] Built target judas_engine
[ 95%] Building CXX object CMakeFiles/judas_save_streaming_tests.dir/tests/SaveStreamingTests.cpp.o
[ 95%] Linking CXX executable judas_save_streaming_tests
[100%] Built target judas_save_streaming_tests
[  4%] Built target judas_icu_build
[  8%] Built target judas_glad
[  8%] Built target judas_quickjs
[ 13%] Built target judas_app_icon
[ 21%] Built target judas_navigation_backend
[ 39%] Built target freetype
[ 39%] Built target judas_audio_backend
[ 43%] Built target judas_profiler
[ 43%] Built target harfbuzz
[ 43%] Built target judas_materials
[ 95%] Built target judas_engine
[ 95%] Building CXX object CMakeFiles/judas_save_application_tests.dir/tests/SaveApplicationTests.cpp.o
[ 95%] Linking CXX executable judas_save_application_tests
[100%] Built target judas_save_application_tests
