[  0%] Built target judas_glad
[  4%] Built target judas_icu_build
[ 14%] Built target judas_navigation_backend
[ 19%] Built target judas_app_icon
[ 38%] Built target freetype
[ 42%] Built target judas_quickjs
[ 42%] Built target judas_audio_backend
[ 42%] Built target judas_profiler
[ 42%] Built target harfbuzz
[ 42%] Built target judas_materials
[100%] Built target judas_engine
[100%] Building CXX object CMakeFiles/judas_save_application_tests.dir/tests/SaveApplicationTests.cpp.o
[100%] Linking CXX executable judas_save_application_tests
[100%] Built target judas_save_application_tests
[  0%] Built target judas_glad
[  9%] Built target judas_app_icon
[  9%] Built target judas_quickjs
[ 13%] Built target judas_icu_build
[ 22%] Built target judas_navigation_backend
[ 40%] Built target freetype
[ 40%] Built target judas_profiler
[ 40%] Built target judas_audio_backend
[ 40%] Built target harfbuzz
[ 40%] Built target judas_materials
[ 95%] Built target judas_engine
[ 95%] Building CXX object CMakeFiles/judas_save_streaming_tests.dir/tests/SaveStreamingTests.cpp.o
[ 95%] Linking CXX executable judas_save_streaming_tests
[100%] Built target judas_save_streaming_tests
[  4%] Built target judas_icu_build
[ 18%] Built target judas_quickjs
[ 18%] Built target judas_glad
[ 18%] Built target judas_navigation_backend
[ 22%] Built target judas_app_icon
[ 40%] Built target freetype
[ 40%] Built target judas_profiler
[ 40%] Built target judas_audio_backend
[ 40%] Built target harfbuzz
[ 40%] Built target judas_materials
[ 95%] Built target judas_engine
[100%] Building CXX object CMakeFiles/judas_save_performance_tests.dir/tests/SavePerformanceTests.cpp.o
[100%] Linking CXX executable judas_save_performance_tests
[100%] Built target judas_save_performance_tests
[  4%] Built target judas_icu_build
[  4%] Built target judas_glad
[  9%] Built target judas_app_icon
[ 14%] Built target judas_quickjs
[ 23%] Built target judas_navigation_backend
[ 42%] Built target freetype
[ 42%] Built target judas_audio_backend
[ 42%] Built target judas_profiler
[ 42%] Built target harfbuzz
[ 42%] Built target judas_materials
[100%] Built target judas_engine
[100%] Building CXX object CMakeFiles/judas_world_persistence_tests.dir/tests/WorldPersistenceTests.cpp.o
/home/conner/Documents/GitHub/Project-Judas/tests/WorldPersistenceTests.cpp: In function ‘int main()’:
/home/conner/Documents/GitHub/Project-Judas/tests/WorldPersistenceTests.cpp:41:219: error: ‘struct SceneBodyComponent’ has no member named ‘gravityScale’
   41 |  Scene moving;auto platform=moving.CreateObject("moving support").id;auto* p=moving.Find(platform);p->body=SceneBodyComponent{};p->body->motion=SceneBodyMotion::Dynamic;p->body->managed=true;p->body->mass=500;p->body->gravityScale=0;p->body->halfExtents={2,.25,2};p->transform.position={0,-.25,0};
      |                                                                                                                                                                                                                           ^~~~~~~~~~~~
gmake[3]: *** [CMakeFiles/judas_world_persistence_tests.dir/build.make:79: CMakeFiles/judas_world_persistence_tests.dir/tests/WorldPersistenceTests.cpp.o] Error 1
gmake[2]: *** [CMakeFiles/Makefile2:6438: CMakeFiles/judas_world_persistence_tests.dir/all] Error 2
gmake[1]: *** [CMakeFiles/Makefile2:6445: CMakeFiles/judas_world_persistence_tests.dir/rule] Error 2
gmake: *** [Makefile:2100: judas_world_persistence_tests] Error 2
