[  4%] Built target judas_icu_build
[  9%] Built target judas_quickjs
[ 14%] Built target judas_glad
[ 14%] Built target judas_app_icon
[ 23%] Built target judas_navigation_backend
[ 42%] Built target freetype
[ 42%] Built target judas_profiler
[ 42%] Built target judas_audio_backend
[ 42%] Built target harfbuzz
[ 42%] Built target judas_materials
[ 42%] Building CXX object CMakeFiles/judas_engine.dir/src/RuntimeWorld.cpp.o
[ 47%] Building CXX object CMakeFiles/judas_engine.dir/src/WorldPersistence.cpp.o
[ 47%] Linking CXX static library libjudas_engine.a
[100%] Built target judas_engine
[100%] Linking CXX executable judas_save_application_tests
[100%] Built target judas_save_application_tests
[  9%] Built target judas_icu_build
[  9%] Built target judas_quickjs
[  9%] Built target judas_glad
[ 13%] Built target judas_app_icon
[ 22%] Built target judas_navigation_backend
[ 40%] Built target freetype
[ 40%] Built target judas_profiler
[ 40%] Built target judas_audio_backend
[ 40%] Built target harfbuzz
[ 40%] Built target judas_materials
[ 95%] Built target judas_engine
[ 95%] Linking CXX executable judas_save_streaming_tests
[100%] Built target judas_save_streaming_tests
[  4%] Built target judas_icu_build
[  9%] Built target judas_glad
[  9%] Built target judas_app_icon
[ 18%] Built target judas_navigation_backend
[ 22%] Built target judas_quickjs
[ 40%] Built target freetype
[ 40%] Built target judas_profiler
[ 40%] Built target judas_audio_backend
[ 40%] Built target harfbuzz
[ 40%] Built target judas_materials
[ 95%] Built target judas_engine
[ 95%] Linking CXX executable judas_save_performance_tests
[100%] Built target judas_save_performance_tests
[  4%] Built target judas_glad
[  4%] Built target judas_icu_build
[  9%] Built target judas_quickjs
[ 14%] Built target judas_app_icon
[ 23%] Built target judas_navigation_backend
[ 42%] Built target freetype
[ 42%] Built target judas_profiler
[ 42%] Built target judas_audio_backend
[ 42%] Built target harfbuzz
[ 42%] Built target judas_materials
[100%] Built target judas_engine
[100%] Building CXX object CMakeFiles/judas_world_persistence_tests.dir/tests/WorldPersistenceTests.cpp.o
[100%] Linking CXX executable judas_world_persistence_tests
[100%] Built target judas_world_persistence_tests
[  4%] Built target judas_icu_build
[  4%] Built target judas_glad
[ 13%] Built target judas_app_icon
[ 13%] Built target judas_quickjs
[ 22%] Built target judas_navigation_backend
[ 40%] Built target freetype
[ 40%] Built target judas_profiler
[ 40%] Built target judas_audio_backend
[ 40%] Built target harfbuzz
[ 40%] Built target judas_materials
[ 95%] Built target judas_engine
[ 95%] Building CXX object CMakeFiles/judasjs_examples_tests.dir/tests/JudasJSExamplesTests.cpp.o
[100%] Linking CXX executable judasjs_examples_tests
[100%] Built target judasjs_examples_tests
[  9%] Built target judas_icu_build
[  9%] Built target judas_app_icon
[  9%] Built target judas_glad
[ 14%] Built target judas_quickjs
[ 23%] Built target judas_navigation_backend
[ 42%] Built target freetype
[ 42%] Built target judas_profiler
[ 42%] Built target judas_audio_backend
[ 42%] Built target harfbuzz
[ 42%] Built target judas_materials
[100%] Built target judas_engine
[100%] Building CXX object CMakeFiles/judas_project_tests.dir/tests/ProjectTests.cpp.o
[100%] Linking CXX executable judas_project_tests
[100%] Built target judas_project_tests
[  4%] Built target judas_quickjs
[  9%] Built target judas_icu_build
[  9%] Built target judas_glad
[ 14%] Built target judas_app_icon
[ 23%] Built target judas_navigation_backend
[ 42%] Built target freetype
[ 42%] Built target judas_audio_backend
[ 42%] Built target judas_profiler
[ 42%] Built target harfbuzz
[ 42%] Built target judas_materials
[100%] Built target judas_engine
[100%] Linking CXX executable judas_audio_world_tests
[100%] Built target judas_audio_world_tests
[  4%] Built target judas_glad
[  4%] Built target judas_icu_build
[ 18%] Built target judas_navigation_backend
[ 18%] Built target judas_app_icon
[ 22%] Built target judas_quickjs
[ 40%] Built target freetype
[ 40%] Built target judas_profiler
[ 40%] Built target judas_audio_backend
[ 40%] Built target harfbuzz
[ 40%] Built target judas_materials
[ 95%] Built target judas_engine
[ 95%] Linking CXX executable judas_audio_application_tests
[100%] Built target judas_audio_application_tests
[  4%] Built target judas_quickjs
[  4%] Built target judas_glad
[  9%] Built target judas_app_icon
[ 14%] Built target judas_icu_build
[ 23%] Built target judas_navigation_backend
[ 42%] Built target freetype
[ 42%] Built target judas_profiler
[ 42%] Built target judas_audio_backend
[ 42%] Built target harfbuzz
[ 42%] Built target judas_materials
[100%] Built target judas_engine
[100%] Linking CXX executable judas_render_camera_tests
[100%] Built target judas_render_camera_tests
[  4%] Built target judas_icu_build
[ 13%] Built target judas_quickjs
[ 13%] Built target judas_app_icon
[ 13%] Built target judas_glad
[ 22%] Built target judas_navigation_backend
[ 40%] Built target freetype
[ 40%] Built target judas_profiler
[ 40%] Built target judas_audio_backend
[ 40%] Built target harfbuzz
[ 40%] Built target judas_materials
[ 95%] Built target judas_engine
[100%] Linking CXX executable judas_prefab_tests
[100%] Built target judas_prefab_tests
[  4%] Built target judas_quickjs
[  9%] Built target judas_app_icon
[ 14%] Built target judas_icu_build
[ 14%] Built target judas_glad
[ 23%] Built target judas_navigation_backend
[ 42%] Built target freetype
[ 42%] Built target judas_audio_backend
[ 42%] Built target judas_profiler
[ 42%] Built target harfbuzz
[ 42%] Built target judas_materials
[100%] Built target judas_engine
[100%] Linking CXX executable judas_prefab_application_tests
[100%] Built target judas_prefab_application_tests
[  0%] Built target judas_glad
[  4%] Built target judas_icu_build
[  8%] Built target judas_app_icon
[ 16%] Built target judas_navigation_backend
[ 20%] Built target judas_quickjs
[ 37%] Built target freetype
[ 37%] Built target judas_audio_backend
[ 37%] Built target judas_profiler
[ 37%] Built target harfbuzz
[ 37%] Built target judas_materials
[ 41%] Built target judas_imgui
[ 91%] Built target judas_engine
[ 95%] Built target judas_navigation_baker
[ 95%] Linking CXX executable judas_editor
[100%] Built target judas_editor
[  4%] Built target judas_icu_build
[  4%] Built target judas_glad
[  9%] Built target judas_quickjs
[ 13%] Built target judas_app_icon
[ 22%] Built target judas_navigation_backend
[ 40%] Built target freetype
[ 40%] Built target judas_audio_backend
[ 40%] Built target judas_profiler
[ 40%] Built target harfbuzz
[ 40%] Built target judas_materials
[ 95%] Built target judas_engine
[ 95%] Linking CXX executable judas
[100%] Built target judas
[  0%] Built target judas_glad
[  4%] Built target judas_icu_build
[ 19%] Built target judas_navigation_backend
[ 14%] Built target judas_quickjs
[ 23%] Built target judas_app_icon
[ 42%] Built target freetype
[ 42%] Built target judas_audio_backend
[ 42%] Built target judas_profiler
[ 42%] Built target harfbuzz
[ 42%] Built target judas_materials
[100%] Built target judas_engine
[100%] Linking CXX executable judas_export
[100%] Built target judas_export
