[  4%] Built target judas_icu_build
[  4%] Built target judas_glad
[  9%] Built target judas_app_icon
[ 14%] Built target judas_quickjs
[ 23%] Built target judas_navigation_backend
[ 23%] Built target judas_audio_backend
[ 23%] Built target judas_profiler
[ 23%] Built target harfbuzz
[ 42%] Built target freetype
[ 42%] Built target judas_materials
[ 42%] Building CXX object CMakeFiles/judas_engine.dir/src/ScriptSystem.cpp.o
[ 42%] Building CXX object CMakeFiles/judas_engine.dir/src/WorldAudio.cpp.o
[ 42%] Building CXX object CMakeFiles/judas_engine.dir/src/Project.cpp.o
[ 47%] Building CXX object CMakeFiles/judas_engine.dir/src/WorldPersistence.cpp.o
[ 47%] Linking CXX static library libjudas_engine.a
[100%] Built target judas_engine
[100%] Building CXX object CMakeFiles/judas_save_application_tests.dir/tests/SaveApplicationTests.cpp.o
/home/conner/Documents/GitHub/Project-Judas/tests/SaveApplicationTests.cpp: In lambda function:
/home/conner/Documents/GitHub/Project-Judas/tests/SaveApplicationTests.cpp:25:60: error: ‘class RuntimeUI’ has no member named ‘SetModal’
   25 |   if(frame==30){auto doc=world.UI().Find("lab");world.UI().SetModal(doc,true);world.UI().SetVisible(doc,"pause",true);}
      |                                                            ^~~~~~~~
/home/conner/Documents/GitHub/Project-Judas/tests/SaveApplicationTests.cpp:25:90: error: ‘class RuntimeUI’ has no member named ‘SetVisible’
   25 |   if(frame==30){auto doc=world.UI().Find("lab");world.UI().SetModal(doc,true);world.UI().SetVisible(doc,"pause",true);}
      |                                                                                          ^~~~~~~~~~
/home/conner/Documents/GitHub/Project-Judas/tests/SaveApplicationTests.cpp:26:310: error: ‘class RuntimeUI’ has no member named ‘SetModal’
   26 |   if(frame==31){std::vector<unsigned char> pixels;host.GetRenderer().CaptureFrame(host.GetWindow().Width(),host.GetWindow().Height(),pixels);WriteRgbPng((std::filesystem::path(out)/"save-menu.png").string(),host.GetWindow().Width(),host.GetWindow().Height(),pixels);auto doc=world.UI().Find("lab");world.UI().SetModal(doc,false);world.UI().SetVisible(doc,"pause",false);}
      |                                                                                                                                                                                                                                                                                                                      ^~~~~~~~
/home/conner/Documents/GitHub/Project-Judas/tests/SaveApplicationTests.cpp:26:341: error: ‘class RuntimeUI’ has no member named ‘SetVisible’
   26 |   if(frame==31){std::vector<unsigned char> pixels;host.GetRenderer().CaptureFrame(host.GetWindow().Width(),host.GetWindow().Height(),pixels);WriteRgbPng((std::filesystem::path(out)/"save-menu.png").string(),host.GetWindow().Width(),host.GetWindow().Height(),pixels);auto doc=world.UI().Find("lab");world.UI().SetModal(doc,false);world.UI().SetVisible(doc,"pause",false);}
      |                                                                                                                                                                                                                                                                                                                                                     ^~~~~~~~~~
gmake[3]: *** [CMakeFiles/judas_save_application_tests.dir/build.make:79: CMakeFiles/judas_save_application_tests.dir/tests/SaveApplicationTests.cpp.o] Error 1
gmake[2]: *** [CMakeFiles/Makefile2:6480: CMakeFiles/judas_save_application_tests.dir/all] Error 2
gmake[1]: *** [CMakeFiles/Makefile2:6487: CMakeFiles/judas_save_application_tests.dir/rule] Error 2
gmake: *** [Makefile:2113: judas_save_application_tests] Error 2
