[  5%] Built target judas_icu_build
[ 10%] Built target judas_app_icon
[ 10%] Built target judas_quickjs
[ 30%] Built target freetype
[ 35%] Built target judas_navigation_backend
[ 35%] Built target judas_profiler
[ 35%] Built target judas_glad
[ 40%] Built target judas_audio_backend
[ 40%] Built target judas_materials
[ 40%] Built target harfbuzz
[ 40%] Building CXX object CMakeFiles/judas_engine.dir/src/ProjectExporter.cpp.o
[ 40%] Building CXX object CMakeFiles/judas_engine.dir/src/ScriptSystem.cpp.o
[ 45%] Building CXX object CMakeFiles/judas_engine.dir/src/WorldStreaming.cpp.o
[ 45%] Building CXX object CMakeFiles/judas_engine.dir/src/WorldAudio.cpp.o
[ 45%] Building CXX object CMakeFiles/judas_engine.dir/src/AssetDatabase.cpp.o
[ 50%] Building CXX object CMakeFiles/judas_engine.dir/src/SceneSession.cpp.o
[ 50%] Building CXX object CMakeFiles/judas_engine.dir/src/SaveService.cpp.o
[ 50%] Linking CXX static library libjudas_engine.a
[ 95%] Built target judas_engine
[100%] Building CXX object CMakeFiles/judas.dir/src/RuntimeDiagnostics.cpp.o
[100%] Building CXX object CMakeFiles/judas.dir/src/Application.cpp.o
[100%] Building CXX object CMakeFiles/judas.dir/src/TestHarness.cpp.o
[100%] Building CXX object CMakeFiles/judas.dir/src/RuntimeOptions.cpp.o
[100%] Linking CXX executable judas
[100%] Built target judas
[  5%] Built target judas_icu_build
[  5%] Built target judas_quickjs
[ 10%] Built target judas_app_icon
[ 31%] Built target freetype
[ 31%] Built target judas_profiler
[ 31%] Built target judas_glad
[ 36%] Built target judas_navigation_backend
[ 42%] Built target judas_audio_backend
[ 42%] Built target judas_materials
[ 42%] Built target harfbuzz
[100%] Built target judas_engine
[100%] Linking CXX executable judas_world_persistence_tests
[100%] Built target judas_world_persistence_tests
