[  5%] Built target judas_icu_build
[ 10%] Built target judas_app_icon
[ 10%] Built target judas_quickjs
[ 30%] Built target freetype
[ 30%] Built target judas_glad
[ 30%] Built target judas_profiler
[ 35%] Built target judas_navigation_backend
[ 40%] Built target judas_audio_backend
[ 40%] Built target judas_materials
[ 40%] Built target harfbuzz
[ 40%] Building CXX object CMakeFiles/judas_engine.dir/src/NavigationSystem.cpp.o
[ 40%] Building CXX object CMakeFiles/judas_engine.dir/src/LiquidSystem.cpp.o
[ 40%] Building CXX object CMakeFiles/judas_engine.dir/src/WorldAnimation.cpp.o
[ 40%] Building CXX object CMakeFiles/judas_engine.dir/src/WorldRagdoll.cpp.o
[ 40%] Building CXX object CMakeFiles/judas_engine.dir/src/WorldCharacter.cpp.o
[ 45%] Building CXX object CMakeFiles/judas_engine.dir/src/WorldStreaming.cpp.o
[ 45%] Building CXX object CMakeFiles/judas_engine.dir/src/WorldRegions.cpp.o
[ 45%] Building CXX object CMakeFiles/judas_engine.dir/src/WorldScripts.cpp.o
[ 45%] Building CXX object CMakeFiles/judas_engine.dir/src/ScriptSystem.cpp.o
/home/conner/Documents/GitHub/Project-Judas/src/ScriptSystem.cpp: In static member function ‘static JSValue ScriptSystem::Impl::Native(JSContext*, JSValue, int, JSValue*)’:
/home/conner/Documents/GitHub/Project-Judas/src/ScriptSystem.cpp:386:49: error: ‘EntityArg’ was not declared in this scope; did you mean ‘EntityId’?
  386 |         if(op=="saveExclude"){EntityId id=0;if(!EntityArg(c,arg(1),id))return JS_ThrowTypeError(c,"entity identity required");std::string error;return world.SetTransientEntity(id,JS_ToBool(c,arg(2)),error)?JS_TRUE:JS_ThrowTypeError(c,"%s",error.c_str());}
      |                                                 ^~~~~~~~~
      |                                                 EntityId
[ 45%] Building CXX object CMakeFiles/judas_engine.dir/src/WorldAudio.cpp.o
gmake[3]: *** [CMakeFiles/judas_engine.dir/build.make:373: CMakeFiles/judas_engine.dir/src/ScriptSystem.cpp.o] Error 1
gmake[3]: *** Waiting for unfinished jobs....
gmake[2]: *** [CMakeFiles/Makefile2:848: CMakeFiles/judas_engine.dir/all] Error 2
gmake[1]: *** [CMakeFiles/Makefile2:929: CMakeFiles/judas.dir/rule] Error 2
gmake: *** [Makefile:319: judas] Error 2
