WARNHarfBuzz has a Meson port and tries to migrate all the other build systems to it, please consider using it as we might remove our cmake port soon.
CMake Deprecation Warning at build/_deps/judas_freetype-src/CMakeLists.txt:113 (cmake_minimum_required):
  Compatibility with CMake < 3.10 will be removed from a future version of
  CMake.

  Update the VERSION argument <min> value.  Or, use the <min>...<max> syntax
  to tell CMake that the project requires at least <min> but has been updated
  to work with policies introduced by <max> or earlier.


-- Configuring done (1.0s)
-- Generating done (0.4s)
-- Build files have been written to: /home/conner/Documents/GitHub/Project-Judas/build
[  4%] Built target judas_icu_build
[  4%] Built target judas_quickjs
[  8%] Built target judas_app_icon
[  8%] Built target judas_glad
[ 13%] Built target judas_profiler
[ 21%] Built target judas_navigation_backend
[ 39%] Built target freetype
[ 43%] Built target judas_materials
[ 43%] Built target judas_audio_backend
[ 43%] Built target harfbuzz
[ 47%] Building CXX object CMakeFiles/judas_engine.dir/src/NavigationSystem.cpp.o
[ 47%] Building CXX object CMakeFiles/judas_engine.dir/src/LiquidSystem.cpp.o
[ 47%] Building CXX object CMakeFiles/judas_engine.dir/src/WorldAnimation.cpp.o
[ 47%] Building CXX object CMakeFiles/judas_engine.dir/src/WorldRagdoll.cpp.o
[ 47%] Building CXX object CMakeFiles/judas_engine.dir/src/WorldCharacter.cpp.o
[ 52%] Building CXX object CMakeFiles/judas_engine.dir/src/WorldStreaming.cpp.o
[ 52%] Building CXX object CMakeFiles/judas_engine.dir/src/WorldRegions.cpp.o
[ 52%] Building CXX object CMakeFiles/judas_engine.dir/src/WorldScripts.cpp.o
[ 52%] Building CXX object CMakeFiles/judas_engine.dir/src/ScriptSystem.cpp.o
[ 52%] Building CXX object CMakeFiles/judas_engine.dir/src/ProjectExporter.cpp.o
[ 52%] Building CXX object CMakeFiles/judas_engine.dir/src/WorldAudio.cpp.o
[ 52%] Building CXX object CMakeFiles/judas_engine.dir/src/ProductionFluidCoupling.cpp.o
[ 52%] Building CXX object CMakeFiles/judas_engine.dir/src/SceneFingerprint.cpp.o
[ 52%] Building CXX object CMakeFiles/judas_engine.dir/src/Project.cpp.o
[ 52%] Building CXX object CMakeFiles/judas_engine.dir/src/AssetDatabase.cpp.o
[ 56%] Building CXX object CMakeFiles/judas_engine.dir/src/WorldDebugView.cpp.o
[ 56%] Building CXX object CMakeFiles/judas_engine.dir/src/SceneSession.cpp.o
[ 56%] Building CXX object CMakeFiles/judas_engine.dir/src/RuntimeWorld.cpp.o
[ 56%] Building CXX object CMakeFiles/judas_engine.dir/src/GameSession.cpp.o
[ 56%] Building CXX object CMakeFiles/judas_engine.dir/src/Simulation.cpp.o
[ 56%] Building CXX object CMakeFiles/judas_engine.dir/src/WorldPresentation.cpp.o
[ 56%] Building CXX object CMakeFiles/judas_engine.dir/src/GameplayHud.cpp.o
[ 56%] Building CXX object CMakeFiles/judas_engine.dir/src/InteractivePlay.cpp.o
[ 56%] Building CXX object CMakeFiles/judas_engine.dir/src/CoarseSimulation.cpp.o
[ 56%] Building CXX object CMakeFiles/judas_engine.dir/src/WorldState.cpp.o
[ 56%] Building CXX object CMakeFiles/judas_engine.dir/src/SaveStorage.cpp.o
[ 56%] Building CXX object CMakeFiles/judas_engine.dir/src/SaveService.cpp.o
[ 56%] Building CXX object CMakeFiles/judas_engine.dir/src/LiquidPersistence.cpp.o
/home/conner/Documents/GitHub/Project-Judas/src/SaveService.cpp: In member function ‘uint64_t SaveService::Request(const std::string&, const std::string&, const std::string&, const std::string&, std::string&)’:
/home/conner/Documents/GitHub/Project-Judas/src/SaveService.cpp:39:121: warning: missing initializer for member ‘SaveRequestStatus::error’ [-Wmissing-field-initializers]
   39 |  auto id=nextRequest.fetch_add(1);m_active=id;m_name=name;m_metadata=metadata;m_requests[id]={id,operation,slot,"queued"};while(m_requests.size()>32)m_requests.erase(m_requests.begin());return id;
      |                                                                                                                         ^
/home/conner/Documents/GitHub/Project-Judas/src/SaveService.cpp: In member function ‘void SaveService::Advance(std::unique_ptr<RuntimeWorld>&, InteractivePlay&, std::string&)’:
/home/conner/Documents/GitHub/Project-Judas/src/SaveService.cpp:46:2: warning: this ‘if’ clause does not guard... [-Wmisleading-indentation]
   46 |  if(!m_active)return;auto& s=m_requests.at(m_active);
      |  ^~
/home/conner/Documents/GitHub/Project-Judas/src/SaveService.cpp:46:22: note: ...this statement, but the latter is misleadingly indented as if it were guarded by the ‘if’
   46 |  if(!m_active)return;auto& s=m_requests.at(m_active);
      |                      ^~~~
/home/conner/Documents/GitHub/Project-Judas/src/SaveService.cpp: In lambda function:
/home/conner/Documents/GitHub/Project-Judas/src/SaveService.cpp:66:4: warning: this ‘if’ clause does not guard... [-Wmisleading-indentation]
   66 |    if(ok)product->slots=storage.List(identity,content,product->error);product->elapsed=ms(start);
      |    ^~
/home/conner/Documents/GitHub/Project-Judas/src/SaveService.cpp:66:71: note: ...this statement, but the latter is misleadingly indented as if it were guarded by the ‘if’
   66 |    if(ok)product->slots=storage.List(identity,content,product->error);product->elapsed=ms(start);
      |                                                                       ^~~~~~~
[ 56%] Building CXX object CMakeFiles/judas_engine.dir/src/WorldPersistence.cpp.o
[ 60%] Linking CXX static library libjudas_engine.a
[ 95%] Built target judas_engine
[ 95%] Linking CXX executable judas_save_storage_tests
[100%] Built target judas_save_storage_tests
