Renderer fragment texture units: 32 (material path uses 12)
World state: disk saves disabled for additive compositions
Project: Streamed Spring Range (/home/conner/Documents/GitHub/Project-Judas/projects/streamed_range/streamed_range.judasproj)
Scene: Streamed Spring Range (/home/conner/Documents/GitHub/Project-Judas/projects/streamed_range/Scenes/bootstrap.judas)
World origin (m): 0.000, 0.000, 0.000
Localization: missing localization key save.queued
Localization: missing localization key save.selected
Localization: missing localization key range.score
Localization: missing localization key range.progress
Localization: missing localization key range.start
Localization: missing localization key range.language
Localization: missing localization key range.title
Localization: missing localization key range.controls
Localization: missing localization key stream.wait
Localization: missing localization key save.queued
Localization: missing localization key save.selected
Localization: missing localization key save.queued
Localization: missing localization key save.selected
PASS adoption changes ownership without changing durable identity
PASS ordinary target and joint destruction becomes tombstone
FAIL representative changed region entity
PASS actual unload retains changed state and tombstones
PASS normal composed slot request
Save service: saved contact has unowned required body
FAIL saved contact has unowned required body
FAIL saved contact has unowned required body
FAIL fresh standalone streamed process exits cleanly
SUMMARY write checks=8 failures=4 frames=81
