Renderer fragment texture units: 32 (material path uses 12)
World state: disk saves disabled for additive compositions
Project: Streamed Spring Range (/home/conner/Documents/GitHub/Project-Judas/projects/streamed_range/streamed_range.judasproj)
Scene: Streamed Spring Range (/home/conner/Documents/GitHub/Project-Judas/projects/streamed_range/Scenes/bootstrap.judas)
World origin (m): 0.000, 0.000, 0.000
Localization: missing localization key save.queued
Localization: missing localization key save.selected
Localization: missing localization key range.score
Localization: missing localization key range.progress
Localization: missing localization key range.start
Localization: missing localization key range.language
Localization: missing localization key range.title
Localization: missing localization key range.controls
Localization: missing localization key stream.wait
Localization: missing localization key save.queued
Localization: missing localization key save.selected
Localization: missing localization key save.queued
Localization: missing localization key save.selected
PASS load can start from ordinary boot world
Save service: invalid saved ownership
FAIL invalid saved ownership
FAIL invalid saved ownership
FAIL fresh standalone streamed process exits cleanly
SUMMARY read checks=4 failures=3 frames=107
