[  0%] Built target judas_quickjs
[  4%] Built target judas_icu_build
[  8%] Built target judas_app_icon
[ 26%] Built target freetype
[ 30%] Built target judas_glad
[ 39%] Built target judas_navigation_backend
[ 43%] Built target judas_audio_backend
[ 43%] Built target judas_profiler
[ 43%] Built target harfbuzz
[ 43%] Built target judas_materials
[ 47%] Building CXX object CMakeFiles/judas_engine.dir/src/Localization.cpp.o
[ 47%] Building CXX object CMakeFiles/judas_engine.dir/src/LiquidTypes.cpp.o
[ 47%] Building CXX object CMakeFiles/judas_engine.dir/src/LiquidSystem.cpp.o
[ 47%] Building CXX object CMakeFiles/judas_engine.dir/src/NavigationSystem.cpp.o
[ 47%] Building CXX object CMakeFiles/judas_engine.dir/src/NavigationTypes.cpp.o
[ 52%] Building CXX object CMakeFiles/judas_engine.dir/src/NavigationAsset.cpp.o
[ 52%] Building CXX object CMakeFiles/judas_engine.dir/src/WorldAnimation.cpp.o
[ 52%] Building CXX object CMakeFiles/judas_engine.dir/src/WorldRagdoll.cpp.o
[ 52%] Building CXX object CMakeFiles/judas_engine.dir/src/WorldCharacter.cpp.o
[ 52%] Building CXX object CMakeFiles/judas_engine.dir/src/WorldStreaming.cpp.o
[ 52%] Building CXX object CMakeFiles/judas_engine.dir/src/WorldRegions.cpp.o
[ 52%] Building CXX object CMakeFiles/judas_engine.dir/src/WorldScripts.cpp.o
[ 56%] Building CXX object CMakeFiles/judas_engine.dir/src/RuntimeUI.cpp.o
[ 56%] Building CXX object CMakeFiles/judas_engine.dir/src/ScriptSystem.cpp.o
[ 56%] Building CXX object CMakeFiles/judas_engine.dir/src/Classification.cpp.o
[ 56%] Building CXX object CMakeFiles/judas_engine.dir/src/ProjectExporter.cpp.o
[ 56%] Building CXX object CMakeFiles/judas_engine.dir/src/WorldAudio.cpp.o
[ 56%] Building CXX object CMakeFiles/judas_engine.dir/src/CharacterMotor.cpp.o
[ 56%] Building CXX object CMakeFiles/judas_engine.dir/src/PlayerController.cpp.o
[ 56%] Building CXX object CMakeFiles/judas_engine.dir/src/StepClimb.cpp.o
[ 56%] Building CXX object CMakeFiles/judas_engine.dir/src/DynamicBody.cpp.o
[ 56%] Building CXX object CMakeFiles/judas_engine.dir/src/FlyingPrimitiveControl.cpp.o
[ 60%] Building CXX object CMakeFiles/judas_engine.dir/src/PilotAttachment.cpp.o
[ 60%] Building CXX object CMakeFiles/judas_engine.dir/src/PilotControl.cpp.o
[ 60%] Building CXX object CMakeFiles/judas_engine.dir/src/ObjectManipulation.cpp.o
[ 60%] Building CXX object CMakeFiles/judas_engine.dir/src/FluidWorld.cpp.o
[ 60%] Building CXX object CMakeFiles/judas_engine.dir/src/ProductionFluidCoupling.cpp.o
[ 60%] Building CXX object CMakeFiles/judas_engine.dir/src/FluidHydrostatics.cpp.o
[ 60%] Building CXX object CMakeFiles/judas_engine.dir/src/CombustionWorld.cpp.o
[ 60%] Building CXX object CMakeFiles/judas_engine.dir/src/Door.cpp.o
[ 60%] Building CXX object CMakeFiles/judas_engine.dir/src/CelestialGravity.cpp.o
[ 60%] Building CXX object CMakeFiles/judas_engine.dir/src/AerodynamicDrag.cpp.o
[ 60%] Building CXX object CMakeFiles/judas_engine.dir/src/Prefab.cpp.o
[ 60%] Building CXX object CMakeFiles/judas_engine.dir/src/Scene.cpp.o
[ 60%] Building CXX object CMakeFiles/judas_engine.dir/src/SceneSerialization.cpp.o
[ 60%] Building CXX object CMakeFiles/judas_engine.dir/src/SceneFingerprint.cpp.o
[ 60%] Building CXX object CMakeFiles/judas_engine.dir/src/AssetDatabase.cpp.o
[ 60%] Building CXX object CMakeFiles/judas_engine.dir/src/ResourceManager.cpp.o
[ 60%] Building CXX object CMakeFiles/judas_engine.dir/src/WorldDebugView.cpp.o
[ 60%] Building CXX object CMakeFiles/judas_engine.dir/src/SceneSession.cpp.o
[ 60%] Building CXX object CMakeFiles/judas_engine.dir/src/RuntimeWorld.cpp.o
[ 60%] Building CXX object CMakeFiles/judas_engine.dir/src/GameSession.cpp.o
[ 60%] Building CXX object CMakeFiles/judas_engine.dir/src/Simulation.cpp.o
[ 65%] Building CXX object CMakeFiles/judas_engine.dir/src/WorldPresentation.cpp.o
[ 65%] Building CXX object CMakeFiles/judas_engine.dir/src/GameplayHud.cpp.o
[ 65%] Building CXX object CMakeFiles/judas_engine.dir/src/EngineHost.cpp.o
[ 65%] Building CXX object CMakeFiles/judas_engine.dir/src/InteractivePlay.cpp.o
[ 65%] Building CXX object CMakeFiles/judas_engine.dir/src/FidelityPolicy.cpp.o
[ 65%] Building CXX object CMakeFiles/judas_engine.dir/src/CoarseSimulation.cpp.o
[ 65%] Building CXX object CMakeFiles/judas_engine.dir/src/WorldState.cpp.o
[ 65%] Building CXX object CMakeFiles/judas_engine.dir/src/SaveStorage.cpp.o
[ 65%] Building CXX object CMakeFiles/judas_engine.dir/src/SaveService.cpp.o
[ 69%] Building CXX object CMakeFiles/judas_engine.dir/src/MotorPersistence.cpp.o
[ 69%] Building CXX object CMakeFiles/judas_engine.dir/src/LiquidPersistence.cpp.o
[ 69%] Building CXX object CMakeFiles/judas_engine.dir/src/WorldPersistence.cpp.o
[ 69%] Building CXX object CMakeFiles/judas_engine.dir/src/PhysicsCastGeometry.cpp.o
[ 69%] Building CXX object CMakeFiles/judas_engine.dir/src/PhysicsWorld.cpp.o
[ 69%] Linking CXX static library libjudas_engine.a
[ 95%] Built target judas_engine
[100%] Building CXX object CMakeFiles/judas_save_streaming_tests.dir/src/Application.cpp.o
[100%] Building CXX object CMakeFiles/judas_save_streaming_tests.dir/src/RuntimeDiagnostics.cpp.o
[100%] Building CXX object CMakeFiles/judas_save_streaming_tests.dir/src/RuntimeOptions.cpp.o
[100%] Building CXX object CMakeFiles/judas_save_streaming_tests.dir/src/TestHarness.cpp.o
[100%] Building CXX object CMakeFiles/judas_save_streaming_tests.dir/tests/SaveStreamingTests.cpp.o
[100%] Linking CXX executable judas_save_streaming_tests
[100%] Built target judas_save_streaming_tests
[  4%] Built target judas_icu_build
[  8%] Built target judas_app_icon
[  8%] Built target judas_quickjs
[ 26%] Built target freetype
[ 30%] Built target judas_profiler
[ 34%] Built target judas_glad
[ 43%] Built target judas_navigation_backend
[ 43%] Built target judas_audio_backend
[ 43%] Built target judas_materials
[ 43%] Built target harfbuzz
[ 95%] Built target judas_engine
[ 95%] Building CXX object CMakeFiles/judas_save_application_tests.dir/src/RuntimeOptions.cpp.o
[ 95%] Building CXX object CMakeFiles/judas_save_application_tests.dir/src/RuntimeDiagnostics.cpp.o
[ 95%] Building CXX object CMakeFiles/judas_save_application_tests.dir/src/TestHarness.cpp.o
[100%] Building CXX object CMakeFiles/judas_save_application_tests.dir/src/Application.cpp.o
[100%] Building CXX object CMakeFiles/judas_save_application_tests.dir/tests/SaveApplicationTests.cpp.o
[100%] Linking CXX executable judas_save_application_tests
[100%] Built target judas_save_application_tests
