[  4%] Built target judas_icu_build
[  8%] Built target judas_quickjs
[  8%] Built target judas_app_icon
[ 26%] Built target freetype
[ 34%] Built target judas_profiler
[ 34%] Built target judas_glad
[ 43%] Built target judas_navigation_backend
[ 43%] Built target judas_audio_backend
[ 43%] Built target judas_materials
[ 43%] Built target harfbuzz
[ 43%] Building CXX object CMakeFiles/judas_engine.dir/src/SaveService.cpp.o
[ 43%] Building CXX object CMakeFiles/judas_engine.dir/src/SaveStorage.cpp.o
[ 43%] Linking CXX static library libjudas_engine.a
[ 95%] Built target judas_engine
[ 95%] Linking CXX executable judas_save_streaming_tests
[100%] Built target judas_save_streaming_tests
[  4%] Built target judas_quickjs
[  4%] Built target judas_icu_build
[  8%] Built target judas_app_icon
[ 26%] Built target freetype
[ 39%] Built target judas_profiler
[ 39%] Built target judas_navigation_backend
[ 43%] Built target judas_glad
[ 43%] Built target judas_audio_backend
[ 43%] Built target judas_materials
[ 43%] Built target harfbuzz
[ 95%] Built target judas_engine
[ 95%] Linking CXX executable judas_save_application_tests
[100%] Built target judas_save_application_tests
[  4%] Built target judas_icu_build
[  4%] Built target judas_quickjs
[  9%] Built target judas_app_icon
[ 27%] Built target freetype
[ 31%] Built target judas_glad
[ 36%] Built target judas_profiler
[ 45%] Built target judas_navigation_backend
[ 45%] Built target judas_audio_backend
[ 45%] Built target judas_materials
[ 45%] Built target harfbuzz
[100%] Built target judas_engine
[100%] Building CXX object CMakeFiles/judas_world_persistence_tests.dir/tests/WorldPersistenceTests.cpp.o
[100%] Linking CXX executable judas_world_persistence_tests
[100%] Built target judas_world_persistence_tests
[  4%] Built target judas_icu_build
[  4%] Built target judas_quickjs
[  9%] Built target judas_app_icon
[ 27%] Built target freetype
[ 40%] Built target judas_navigation_backend
[ 40%] Built target judas_glad
[ 45%] Built target judas_profiler
[ 45%] Built target judas_audio_backend
[ 45%] Built target judas_materials
[ 45%] Built target harfbuzz
[100%] Built target judas_engine
[100%] Building CXX object CMakeFiles/judas_save_storage_tests.dir/tests/SaveStorageTests.cpp.o
[100%] Linking CXX executable judas_save_storage_tests
[100%] Built target judas_save_storage_tests
