[  4%] Built target judas_icu_build
[  4%] Built target judas_quickjs
[  8%] Built target judas_app_icon
[ 26%] Built target freetype
[ 30%] Built target judas_glad
[ 34%] Built target judas_profiler
[ 43%] Built target judas_navigation_backend
[ 43%] Built target judas_audio_backend
[ 43%] Built target harfbuzz
[ 43%] Built target judas_materials
[ 43%] Building CXX object CMakeFiles/judas_engine.dir/src/WorldStreaming.cpp.o
[ 43%] Building CXX object CMakeFiles/judas_engine.dir/src/WorldPersistence.cpp.o
[ 43%] Linking CXX static library libjudas_engine.a
[ 95%] Built target judas_engine
[ 95%] Building CXX object CMakeFiles/judas_save_streaming_tests.dir/tests/SaveStreamingTests.cpp.o
[ 95%] Building CXX object CMakeFiles/judas_save_streaming_tests.dir/src/Application.cpp.o
[ 95%] Building CXX object CMakeFiles/judas_save_streaming_tests.dir/src/RuntimeOptions.cpp.o
[100%] Building CXX object CMakeFiles/judas_save_streaming_tests.dir/src/RuntimeDiagnostics.cpp.o
[100%] Building CXX object CMakeFiles/judas_save_streaming_tests.dir/src/TestHarness.cpp.o
[100%] Linking CXX executable judas_save_streaming_tests
[100%] Built target judas_save_streaming_tests
[  4%] Built target judas_icu_build
[  4%] Built target judas_quickjs
[  8%] Built target judas_app_icon
[ 26%] Built target freetype
[ 30%] Built target judas_glad
[ 34%] Built target judas_profiler
[ 43%] Built target judas_navigation_backend
[ 43%] Built target judas_audio_backend
[ 43%] Built target judas_materials
[ 43%] Built target harfbuzz
[ 95%] Built target judas_engine
[ 95%] Building CXX object CMakeFiles/judas_save_application_tests.dir/tests/SaveApplicationTests.cpp.o
[ 95%] Linking CXX executable judas_save_application_tests
[100%] Built target judas_save_application_tests
