[  5%] Built target judas_icu_build
[  5%] Built target judas_quickjs
[ 10%] Built target judas_app_icon
[ 31%] Built target freetype
[ 31%] Built target judas_glad
[ 36%] Built target judas_navigation_backend
[ 36%] Built target judas_profiler
[ 42%] Built target judas_audio_backend
[ 42%] Built target harfbuzz
[ 42%] Built target judas_materials
[ 47%] Building CXX object CMakeFiles/judas_engine.dir/src/SceneSerialization.cpp.o
[ 47%] Building CXX object CMakeFiles/judas_engine.dir/src/WorldPersistence.cpp.o
[ 47%] Linking CXX static library libjudas_engine.a
[100%] Built target judas_engine
[100%] Linking CXX executable judas_world_persistence_tests
[100%] Built target judas_world_persistence_tests
[  5%] Built target judas_icu_build
[  5%] Built target judas_quickjs
[ 10%] Built target judas_app_icon
[ 31%] Built target freetype
[ 31%] Built target judas_glad
[ 31%] Built target judas_profiler
[ 36%] Built target judas_navigation_backend
[ 42%] Built target judas_audio_backend
[ 42%] Built target judas_materials
[ 42%] Built target harfbuzz
[100%] Built target judas_engine
[100%] Building CXX object CMakeFiles/judas_save_storage_tests.dir/tests/SaveStorageTests.cpp.o
[100%] Linking CXX executable judas_save_storage_tests
[100%] Built target judas_save_storage_tests
