[  5%] Built target judas_icu_build
[  5%] Built target judas_quickjs
[ 10%] Built target judas_app_icon
[ 31%] Built target freetype
[ 31%] Built target judas_glad
[ 36%] Built target judas_navigation_backend
[ 36%] Built target judas_profiler
[ 42%] Built target judas_audio_backend
[ 42%] Built target harfbuzz
[ 42%] Built target judas_materials
[ 47%] Building CXX object CMakeFiles/judas_engine.dir/src/WorldStreaming.cpp.o
[ 47%] Building CXX object CMakeFiles/judas_engine.dir/src/WorldAudio.cpp.o
[ 47%] Building CXX object CMakeFiles/judas_engine.dir/src/ScriptSystem.cpp.o
[ 47%] Building CXX object CMakeFiles/judas_engine.dir/src/ProductionFluidCoupling.cpp.o
[ 47%] Building CXX object CMakeFiles/judas_engine.dir/src/WorldDebugView.cpp.o
[ 52%] Building CXX object CMakeFiles/judas_engine.dir/src/SceneSession.cpp.o
[ 52%] Building CXX object CMakeFiles/judas_engine.dir/src/RuntimeWorld.cpp.o
[ 52%] Building CXX object CMakeFiles/judas_engine.dir/src/GameSession.cpp.o
[ 52%] Building CXX object CMakeFiles/judas_engine.dir/src/Simulation.cpp.o
[ 52%] Building CXX object CMakeFiles/judas_engine.dir/src/WorldPresentation.cpp.o
[ 52%] Building CXX object CMakeFiles/judas_engine.dir/src/GameplayHud.cpp.o
[ 52%] Building CXX object CMakeFiles/judas_engine.dir/src/InteractivePlay.cpp.o
[ 57%] Building CXX object CMakeFiles/judas_engine.dir/src/CoarseSimulation.cpp.o
[ 57%] Building CXX object CMakeFiles/judas_engine.dir/src/WorldState.cpp.o
[ 57%] Building CXX object CMakeFiles/judas_engine.dir/src/SaveService.cpp.o
[ 57%] Building CXX object CMakeFiles/judas_engine.dir/src/LiquidPersistence.cpp.o
[ 57%] Building CXX object CMakeFiles/judas_engine.dir/src/WorldPersistence.cpp.o
/home/conner/Documents/GitHub/Project-Judas/src/WorldPersistence.cpp: In static member function ‘static bool WorldPersistence::Prepare(RuntimeWorld&, std::string&)’:
/home/conner/Documents/GitHub/Project-Judas/src/WorldPersistence.cpp:107:2: warning: this ‘if’ clause does not guard... [-Wmisleading-indentation]
  107 |  if(!w.Liquids().PreparePersistence(w,error))return false;for(auto id:w.m_animationOwners){auto* v=w.RuntimeAnimation(id);if(!v||!v->asset){auto* d=w.RuntimeDefinition(id);auto* resources=w.Resources();if(d&&d->render&&resources&&resources->StateOf(d->render->meshAsset)==ResourceState::Failed){error="required skeleton "+std::to_string(id)+": "+resources->ErrorOf(d->render->meshAsset);return false;}error="loading";return false;}}return true;}
      |  ^~
/home/conner/Documents/GitHub/Project-Judas/src/WorldPersistence.cpp:107:59: note: ...this statement, but the latter is misleadingly indented as if it were guarded by the ‘if’
  107 |  if(!w.Liquids().PreparePersistence(w,error))return false;for(auto id:w.m_animationOwners){auto* v=w.RuntimeAnimation(id);if(!v||!v->asset){auto* d=w.RuntimeDefinition(id);auto* resources=w.Resources();if(d&&d->render&&resources&&resources->StateOf(d->render->meshAsset)==ResourceState::Failed){error="required skeleton "+std::to_string(id)+": "+resources->ErrorOf(d->render->meshAsset);return false;}error="loading";return false;}}return true;}
      |                                                           ^~~
[ 57%] Linking CXX static library libjudas_engine.a
[100%] Built target judas_engine
[100%] Building CXX object CMakeFiles/judas_world_persistence_tests.dir/tests/WorldPersistenceTests.cpp.o
[100%] Linking CXX executable judas_world_persistence_tests
[100%] Built target judas_world_persistence_tests
[  5%] Built target judas_app_icon
[ 10%] Built target judas_icu_build
[ 10%] Built target judas_quickjs
[ 31%] Built target freetype
[ 36%] Built target judas_glad
[ 36%] Built target judas_navigation_backend
[ 36%] Built target judas_profiler
[ 42%] Built target judas_audio_backend
[ 42%] Built target judas_materials
[ 42%] Built target harfbuzz
[100%] Built target judas_engine
[100%] Linking CXX executable judas_save_storage_tests
[100%] Built target judas_save_storage_tests
