[  5%] Built target judas_icu_build
[  5%] Built target judas_quickjs
[ 10%] Built target judas_app_icon
[ 10%] Built target judas_glad
[ 31%] Built target freetype
[ 31%] Built target judas_profiler
[ 36%] Built target judas_navigation_backend
[ 42%] Built target judas_audio_backend
[ 42%] Built target judas_materials
[ 42%] Built target harfbuzz
[ 42%] Building CXX object CMakeFiles/judas_engine.dir/src/Localization.cpp.o
[ 42%] Building CXX object CMakeFiles/judas_engine.dir/src/LiquidTypes.cpp.o
[ 42%] Building CXX object CMakeFiles/judas_engine.dir/src/LiquidSystem.cpp.o
[ 42%] Building CXX object CMakeFiles/judas_engine.dir/src/NavigationSystem.cpp.o
[ 42%] Building CXX object CMakeFiles/judas_engine.dir/src/NavigationTypes.cpp.o
[ 42%] Building CXX object CMakeFiles/judas_engine.dir/src/NavigationAsset.cpp.o
[ 42%] Building CXX object CMakeFiles/judas_engine.dir/src/WorldAnimation.cpp.o
[ 42%] Building CXX object CMakeFiles/judas_engine.dir/src/WorldRagdoll.cpp.o
[ 42%] Building CXX object CMakeFiles/judas_engine.dir/src/WorldCharacter.cpp.o
[ 47%] Building CXX object CMakeFiles/judas_engine.dir/src/WorldStreaming.cpp.o
[ 47%] Building CXX object CMakeFiles/judas_engine.dir/src/WorldRegions.cpp.o
[ 47%] Building CXX object CMakeFiles/judas_engine.dir/src/WorldScripts.cpp.o
[ 47%] Building CXX object CMakeFiles/judas_engine.dir/src/RuntimeUI.cpp.o
[ 47%] Building CXX object CMakeFiles/judas_engine.dir/src/ScriptSystem.cpp.o
[ 47%] Building CXX object CMakeFiles/judas_engine.dir/src/Classification.cpp.o
[ 47%] Building CXX object CMakeFiles/judas_engine.dir/src/ProjectExporter.cpp.o
[ 47%] Building CXX object CMakeFiles/judas_engine.dir/src/AudioSystem.cpp.o
[ 47%] Building CXX object CMakeFiles/judas_engine.dir/src/WorldAudio.cpp.o
[ 47%] Building CXX object CMakeFiles/judas_engine.dir/src/CharacterMotor.cpp.o
[ 47%] Building CXX object CMakeFiles/judas_engine.dir/src/PlayerController.cpp.o
[ 52%] Building CXX object CMakeFiles/judas_engine.dir/src/StepClimb.cpp.o
[ 52%] Building CXX object CMakeFiles/judas_engine.dir/src/DynamicBody.cpp.o
[ 52%] Building CXX object CMakeFiles/judas_engine.dir/src/FlyingPrimitiveControl.cpp.o
[ 52%] Building CXX object CMakeFiles/judas_engine.dir/src/PilotAttachment.cpp.o
[ 52%] Building CXX object CMakeFiles/judas_engine.dir/src/PilotControl.cpp.o
[ 52%] Building CXX object CMakeFiles/judas_engine.dir/src/ObjectManipulation.cpp.o
[ 52%] Building CXX object CMakeFiles/judas_engine.dir/src/FluidWorld.cpp.o
[ 52%] Building CXX object CMakeFiles/judas_engine.dir/src/ProductionFluidCoupling.cpp.o
[ 52%] Building CXX object CMakeFiles/judas_engine.dir/src/FluidHydrostatics.cpp.o
[ 52%] Building CXX object CMakeFiles/judas_engine.dir/src/CombustionWorld.cpp.o
[ 52%] Building CXX object CMakeFiles/judas_engine.dir/src/Door.cpp.o
[ 52%] Building CXX object CMakeFiles/judas_engine.dir/src/CelestialGravity.cpp.o
[ 52%] Building CXX object CMakeFiles/judas_engine.dir/src/AerodynamicDrag.cpp.o
[ 52%] Building CXX object CMakeFiles/judas_engine.dir/src/Prefab.cpp.o
[ 52%] Building CXX object CMakeFiles/judas_engine.dir/src/Scene.cpp.o
[ 57%] Building CXX object CMakeFiles/judas_engine.dir/src/SceneSerialization.cpp.o
[ 57%] Building CXX object CMakeFiles/judas_engine.dir/src/SceneFingerprint.cpp.o
[ 57%] Building CXX object CMakeFiles/judas_engine.dir/src/AssetDatabase.cpp.o
[ 57%] Building CXX object CMakeFiles/judas_engine.dir/src/ResourceManager.cpp.o
[ 57%] Building CXX object CMakeFiles/judas_engine.dir/src/WorldDebugView.cpp.o
[ 63%] Building CXX object CMakeFiles/judas_engine.dir/src/SceneSession.cpp.o
[ 63%] Building CXX object CMakeFiles/judas_engine.dir/src/RuntimeWorld.cpp.o
[ 63%] Building CXX object CMakeFiles/judas_engine.dir/src/GameSession.cpp.o
[ 63%] Building CXX object CMakeFiles/judas_engine.dir/src/Simulation.cpp.o
[ 63%] Building CXX object CMakeFiles/judas_engine.dir/src/WorldPresentation.cpp.o
[ 63%] Building CXX object CMakeFiles/judas_engine.dir/src/GameplayHud.cpp.o
[ 63%] Building CXX object CMakeFiles/judas_engine.dir/src/EngineHost.cpp.o
[ 63%] Building CXX object CMakeFiles/judas_engine.dir/src/InteractivePlay.cpp.o
[ 63%] Building CXX object CMakeFiles/judas_engine.dir/src/FidelityPolicy.cpp.o
[ 68%] Building CXX object CMakeFiles/judas_engine.dir/src/CoarseSimulation.cpp.o
[ 68%] Building CXX object CMakeFiles/judas_engine.dir/src/WorldState.cpp.o
[ 68%] Building CXX object CMakeFiles/judas_engine.dir/src/SaveStorage.cpp.o
[ 68%] Building CXX object CMakeFiles/judas_engine.dir/src/SaveService.cpp.o
[ 68%] Building CXX object CMakeFiles/judas_engine.dir/src/MotorPersistence.cpp.o
[ 68%] Building CXX object CMakeFiles/judas_engine.dir/src/LiquidPersistence.cpp.o
[ 68%] Building CXX object CMakeFiles/judas_engine.dir/src/WorldPersistence.cpp.o
[ 68%] Building CXX object CMakeFiles/judas_engine.dir/src/PhysicsCastGeometry.cpp.o
[ 68%] Building CXX object CMakeFiles/judas_engine.dir/src/PhysicsWorld.cpp.o
[ 68%] Linking CXX static library libjudas_engine.a
[100%] Built target judas_engine
[100%] Building CXX object CMakeFiles/judas_world_persistence_tests.dir/tests/WorldPersistenceTests.cpp.o
[100%] Linking CXX executable judas_world_persistence_tests
[100%] Built target judas_world_persistence_tests
[  5%] Built target judas_icu_build
[  5%] Built target judas_quickjs
[ 10%] Built target judas_app_icon
[ 31%] Built target freetype
[ 31%] Built target judas_glad
[ 36%] Built target judas_navigation_backend
[ 36%] Built target judas_profiler
[ 42%] Built target judas_audio_backend
[ 42%] Built target judas_materials
[ 42%] Built target harfbuzz
[ 42%] Building CXX object CMakeFiles/judas_engine.dir/src/SaveStorage.cpp.o
[ 42%] Linking CXX static library libjudas_engine.a
[100%] Built target judas_engine
[100%] Building CXX object CMakeFiles/judas_save_storage_tests.dir/tests/SaveStorageTests.cpp.o
[100%] Linking CXX executable judas_save_storage_tests
[100%] Built target judas_save_storage_tests
