WARNHarfBuzz has a Meson port and tries to migrate all the other build systems to it, please consider using it as we might remove our cmake port soon.
CMake Deprecation Warning at build/_deps/judas_freetype-src/CMakeLists.txt:113 (cmake_minimum_required):
  Compatibility with CMake < 3.10 will be removed from a future version of
  CMake.

  Update the VERSION argument <min> value.  Or, use the <min>...<max> syntax
  to tell CMake that the project requires at least <min> but has been updated
  to work with policies introduced by <max> or earlier.


-- Configuring done (1.0s)
-- Generating done (0.4s)
-- Build files have been written to: /home/conner/Documents/GitHub/Project-Judas/build
[  4%] Built target judas_icu_build
[  9%] Built target judas_quickjs
[  9%] Built target judas_app_icon
[  9%] Built target judas_glad
[  9%] Built target judas_profiler
[ 28%] Built target freetype
[ 38%] Built target judas_navigation_backend
[ 42%] Built target judas_audio_backend
[ 42%] Built target judas_materials
[ 42%] Built target harfbuzz
[ 42%] Building CXX object CMakeFiles/judas_engine.dir/src/Localization.cpp.o
[ 47%] Building CXX object CMakeFiles/judas_engine.dir/src/LiquidGeometry.cpp.o
[ 47%] Building CXX object CMakeFiles/judas_engine.dir/src/LiquidSystem.cpp.o
[ 47%] Building CXX object CMakeFiles/judas_engine.dir/src/LiquidTypes.cpp.o
[ 47%] Building CXX object CMakeFiles/judas_engine.dir/src/LiquidSurface.cpp.o
[ 47%] Building CXX object CMakeFiles/judas_engine.dir/src/NavigationSystem.cpp.o
[ 47%] Building CXX object CMakeFiles/judas_engine.dir/src/NavigationTypes.cpp.o
[ 47%] Building CXX object CMakeFiles/judas_engine.dir/src/NavigationAsset.cpp.o
[ 47%] Building CXX object CMakeFiles/judas_engine.dir/src/WorldAnimation.cpp.o
[ 47%] Building CXX object CMakeFiles/judas_engine.dir/src/WorldRagdoll.cpp.o
[ 47%] Building CXX object CMakeFiles/judas_engine.dir/src/WorldCharacter.cpp.o
[ 52%] Building CXX object CMakeFiles/judas_engine.dir/src/WorldStreaming.cpp.o
[ 52%] Building CXX object CMakeFiles/judas_engine.dir/src/WorldRegions.cpp.o
[ 52%] Building CXX object CMakeFiles/judas_engine.dir/src/WorldScripts.cpp.o
[ 52%] Building CXX object CMakeFiles/judas_engine.dir/src/RuntimeUI.cpp.o
[ 52%] Building CXX object CMakeFiles/judas_engine.dir/src/ScriptSystem.cpp.o
[ 52%] Building CXX object CMakeFiles/judas_engine.dir/src/Classification.cpp.o
[ 52%] Building CXX object CMakeFiles/judas_engine.dir/src/ProjectExporter.cpp.o
[ 52%] Building CXX object CMakeFiles/judas_engine.dir/src/WorldAudio.cpp.o
[ 52%] Building CXX object CMakeFiles/judas_engine.dir/src/CharacterMotor.cpp.o
[ 52%] Building CXX object CMakeFiles/judas_engine.dir/src/PlayerController.cpp.o
[ 52%] Building CXX object CMakeFiles/judas_engine.dir/src/ProductionFluidCoupling.cpp.o
[ 52%] Building CXX object CMakeFiles/judas_engine.dir/src/Prefab.cpp.o
[ 52%] Building CXX object CMakeFiles/judas_engine.dir/src/Scene.cpp.o
[ 52%] Building CXX object CMakeFiles/judas_engine.dir/src/SceneSerialization.cpp.o
[ 52%] Building CXX object CMakeFiles/judas_engine.dir/src/SceneFingerprint.cpp.o
[ 52%] Building CXX object CMakeFiles/judas_engine.dir/src/AssetDatabase.cpp.o
[ 52%] Building CXX object CMakeFiles/judas_engine.dir/src/ResourceManager.cpp.o
[ 57%] Building CXX object CMakeFiles/judas_engine.dir/src/WorldDebugView.cpp.o
[ 57%] Building CXX object CMakeFiles/judas_engine.dir/src/SceneSession.cpp.o
[ 57%] Building CXX object CMakeFiles/judas_engine.dir/src/RuntimeWorld.cpp.o
[ 57%] Building CXX object CMakeFiles/judas_engine.dir/src/GameSession.cpp.o
[ 57%] Building CXX object CMakeFiles/judas_engine.dir/src/Simulation.cpp.o
[ 57%] Building CXX object CMakeFiles/judas_engine.dir/src/WorldPresentation.cpp.o
[ 57%] Building CXX object CMakeFiles/judas_engine.dir/src/GameplayHud.cpp.o
[ 57%] Building CXX object CMakeFiles/judas_engine.dir/src/EngineHost.cpp.o
[ 57%] Building CXX object CMakeFiles/judas_engine.dir/src/InteractivePlay.cpp.o
[ 61%] Building CXX object CMakeFiles/judas_engine.dir/src/FidelityPolicy.cpp.o
[ 61%] Building CXX object CMakeFiles/judas_engine.dir/src/CoarseSimulation.cpp.o
[ 61%] Building CXX object CMakeFiles/judas_engine.dir/src/WorldState.cpp.o
[ 61%] Building CXX object CMakeFiles/judas_engine.dir/src/SaveStorage.cpp.o
[ 61%] Building CXX object CMakeFiles/judas_engine.dir/src/MotorPersistence.cpp.o
[ 61%] Building CXX object CMakeFiles/judas_engine.dir/src/LiquidPersistence.cpp.o
[ 61%] Building CXX object CMakeFiles/judas_engine.dir/src/WorldPersistence.cpp.o
[ 61%] Linking CXX static library libjudas_engine.a
[ 95%] Built target judas_engine
[ 95%] Linking CXX executable judas_save_storage_tests
[100%] Built target judas_save_storage_tests
