[  5%] Built target judas_icu_build
[ 10%] Built target judas_app_icon
[ 10%] Built target judas_quickjs
[ 31%] Built target freetype
[ 36%] Built target judas_navigation_backend
[ 36%] Built target judas_glad
[ 36%] Built target judas_profiler
[ 42%] Built target judas_audio_backend
[ 42%] Built target judas_materials
[ 42%] Built target harfbuzz
[ 42%] Building CXX object CMakeFiles/judas_engine.dir/src/LiquidSystem.cpp.o
[ 42%] Building CXX object CMakeFiles/judas_engine.dir/src/WorldAnimation.cpp.o
[ 42%] Building CXX object CMakeFiles/judas_engine.dir/src/NavigationSystem.cpp.o
[ 42%] Building CXX object CMakeFiles/judas_engine.dir/src/WorldRagdoll.cpp.o
[ 42%] Building CXX object CMakeFiles/judas_engine.dir/src/WorldCharacter.cpp.o
[ 47%] Building CXX object CMakeFiles/judas_engine.dir/src/WorldStreaming.cpp.o
[ 47%] Building CXX object CMakeFiles/judas_engine.dir/src/WorldRegions.cpp.o
[ 47%] Building CXX object CMakeFiles/judas_engine.dir/src/WorldScripts.cpp.o
/home/conner/Documents/GitHub/Project-Judas/src/WorldStreaming.cpp: In member function ‘bool WorldStreaming::Adopt(EntityId, const std::string&, std::string&)’:
/home/conner/Documents/GitHub/Project-Judas/src/WorldStreaming.cpp:189:28: error: expected unqualified-id before ‘if’
  189 |     for(auto id:ids){const if(auto it=m->identities.find(id);it!=m->identities.end())return it->second;
      |                            ^~
/home/conner/Documents/GitHub/Project-Judas/src/WorldStreaming.cpp:189:62: error: ‘it’ was not declared in this scope; did you mean ‘int’?
  189 |     for(auto id:ids){const if(auto it=m->identities.find(id);it!=m->identities.end())return it->second;
      |                                                              ^~
      |                                                              int
gmake[3]: *** [CMakeFiles/judas_engine.dir/build.make:317: CMakeFiles/judas_engine.dir/src/WorldStreaming.cpp.o] Error 1
gmake[3]: *** Waiting for unfinished jobs....
gmake[2]: *** [CMakeFiles/Makefile2:848: CMakeFiles/judas_engine.dir/all] Error 2
gmake[1]: *** [CMakeFiles/Makefile2:6436: CMakeFiles/judas_world_persistence_tests.dir/rule] Error 2
gmake: *** [Makefile:2100: judas_world_persistence_tests] Error 2
