Renderer fragment texture units: 32 (material path uses 12)
M31 resource stress: generating 24 sphere meshes (160x160) and 16 1024x1024 textures under /tmp/judas_m31_stress_396511
  137.5 MB of asset files
  7 workers, scene 'Tiny game' playing (3 dynamic bodies)
  async: all 40 assets Ready after 1.58 s; per-asset latency (request->Ready) min 697 ms avg 1222 ms max 1583 ms; 40 uploads; resident 268.1 MB (peak 268.1 MB)
  cancel: 20 loads cancelled by dropped demand, 4 stale completions discarded, 20 ready, 0 loading
  evict: budget 57.9 MB -> resident 115.8 MB before, 85.3 MB after, 4 evictions; referenced textures survived: yes
  reload: 4 evicted meshes re-requested and Ready again after 0.28 s
  blocking: all 40 assets loaded on the main thread in 3.49 s (one per frame)

Per-phase main-thread measurements (frame = pump + play frame + swap; 60 Hz fixed step):
  baseline (no loads)          frames  120 | frame avg   0.36 ms p99   5.25 ms max   17.18 ms (pump max   0.00 ms) | >33 ms:   0 | fixed steps     2 (expected ~    3, 0 saturated) | queue max  0 avg   0.0 | worker util   0.0% | jobs done 0
  async load (40 assets)       frames 3904 | frame avg   0.39 ms p99   3.28 ms max   89.34 ms (pump max  88.35 ms) | >33 ms:   7 | fixed steps    95 (expected ~   95, 0 saturated) | queue max 33 avg  29.6 | worker util  95.6% | jobs done 40
  cancel + release             frames    1 | frame avg   0.28 ms p99   0.28 ms max    0.28 ms (pump max   0.01 ms) | >33 ms:   0 | fixed steps     0 (expected ~    0, 0 saturated) | queue max  9 avg   9.0 | worker util   5.4% | jobs done 0
  evict + reload               frames 1131 | frame avg   0.25 ms p99   0.65 ms max   21.28 ms (pump max  20.87 ms) | >33 ms:   0 | fixed steps    18 (expected ~   18, 0 saturated) | queue max  0 avg   0.0 | worker util  46.4% | jobs done 4
  BLOCKING load (40 assets)    frames   40 | frame avg  87.14 ms p99 156.16 ms max  156.16 ms (pump max   0.00 ms) | >33 ms:  24 | fixed steps   201 (expected ~  209, 11 saturated) | queue max  0 avg   0.0 | worker util   0.0% | jobs done 0

Claim under test: expensive resource preparation no longer forces the main thread to wait for the whole operation.
  async  : worst frame   89.34 ms,   7 frames over 33 ms, 0 saturated catch-up frames, wall 1.58 s
  blocking: worst frame  156.16 ms,  24 frames over 33 ms, 11 saturated catch-up frames, wall 3.49 s
  (the work itself is not free: worker busy time during the async phase was 10.59 s across 7 workers)

shutdown clean (resources, workers, renderer, window in that order); temporary project removed
