Renderer fragment texture units: 32 (material path uses 12)
World state: disk saves disabled for additive compositions
Project: Judas Developer Integration (/home/conner/Documents/GitHub/Project-Judas/projects/m65_integration/m65_integration.judasproj)
Scene: M65 developer integration (/home/conner/Documents/GitHub/Project-Judas/projects/m65_integration/Scenes/integration.judas)
World origin (m): 0.000, 0.000, 0.000
PASS shared articulation prefab for performance
PASS normal articulated prefab spawn
PASS normal articulated prefab spawn
PASS normal articulated prefab spawn
PASS normal articulated prefab spawn
PASS normal articulated prefab spawn
PASS normal articulated prefab spawn
PASS normal articulated prefab spawn
PASS normal articulated prefab spawn
PASS normal articulated prefab spawn
PASS normal articulated prefab spawn
WORKLOAD bench-10 dynamic=83 sleeping=83 
PASS settled connected bodies sleep without lowering cadence
PASS normal M56 profiling export
SUMMARY 13 checks 0 failures
