[  0%] Building CXX object CMakeFiles/judas_rigid_contact_tests.dir/src/PhysicsWorld.cpp.o
[ 33%] Building CXX object CMakeFiles/judas_rigid_contact_tests.dir/tests/RigidContactTests.cpp.o
[ 66%] Linking CXX executable judas_rigid_contact_tests
[100%] Built target judas_rigid_contact_tests
[  0%] Built target judas_glad
[  0%] Building CXX object CMakeFiles/judas_engine.dir/src/StepClimb.cpp.o
[  0%] Building CXX object CMakeFiles/judas_engine.dir/src/PlayerController.cpp.o
[  0%] Building CXX object CMakeFiles/judas_engine.dir/src/DynamicBody.cpp.o
[  6%] Building CXX object CMakeFiles/judas_engine.dir/src/FlyingPrimitiveControl.cpp.o
[  6%] Building CXX object CMakeFiles/judas_engine.dir/src/PilotAttachment.cpp.o
[  6%] Building CXX object CMakeFiles/judas_engine.dir/src/PilotControl.cpp.o
[ 13%] Building CXX object CMakeFiles/judas_engine.dir/src/ObjectManipulation.cpp.o
[ 13%] Building CXX object CMakeFiles/judas_engine.dir/src/FluidWorld.cpp.o
[ 13%] Building CXX object CMakeFiles/judas_engine.dir/src/CombustionWorld.cpp.o
[ 13%] Building CXX object CMakeFiles/judas_engine.dir/src/Door.cpp.o
[ 13%] Building CXX object CMakeFiles/judas_engine.dir/src/CelestialGravity.cpp.o
[ 13%] Building CXX object CMakeFiles/judas_engine.dir/src/AerodynamicDrag.cpp.o
[ 13%] Building CXX object CMakeFiles/judas_engine.dir/src/WorldDebugView.cpp.o
[ 13%] Building CXX object CMakeFiles/judas_engine.dir/src/RuntimeWorld.cpp.o
[ 13%] Building CXX object CMakeFiles/judas_engine.dir/src/GameSession.cpp.o
[ 20%] Building CXX object CMakeFiles/judas_engine.dir/src/Simulation.cpp.o
[ 20%] Building CXX object CMakeFiles/judas_engine.dir/src/WorldPresentation.cpp.o
[ 20%] Building CXX object CMakeFiles/judas_engine.dir/src/GameplayHud.cpp.o
[ 20%] Building CXX object CMakeFiles/judas_engine.dir/src/InteractivePlay.cpp.o
[ 20%] Building CXX object CMakeFiles/judas_engine.dir/src/CoarseSimulation.cpp.o
[ 20%] Building CXX object CMakeFiles/judas_engine.dir/src/WorldState.cpp.o
[ 20%] Building CXX object CMakeFiles/judas_engine.dir/src/PhysicsWorld.cpp.o
[ 20%] Linking CXX static library libjudas_engine.a
[ 93%] Built target judas_engine
[100%] Building CXX object CMakeFiles/judas_contact_geometry_tests.dir/tests/ContactGeometryProbe.cpp.o
[100%] Linking CXX executable judas_contact_geometry_tests
[100%] Built target judas_contact_geometry_tests
[  0%] Built target judas_glad
[100%] Built target judas_engine
[100%] Building CXX object CMakeFiles/judas_contact_lifecycle_tests.dir/tests/ContactLifecycleTests.cpp.o
[100%] Linking CXX executable judas_contact_lifecycle_tests
[100%] Built target judas_contact_lifecycle_tests
[  0%] Building CXX object CMakeFiles/judas_broadphase_tests.dir/src/PhysicsWorld.cpp.o
[ 33%] Building CXX object CMakeFiles/judas_broadphase_tests.dir/tests/BroadphaseTests.cpp.o
[ 66%] Linking CXX executable judas_broadphase_tests
[100%] Built target judas_broadphase_tests
[  0%] Built target judas_glad
[100%] Built target judas_engine
[100%] Building CXX object CMakeFiles/judas_contact_cache_tests.dir/tests/ContactCacheTests.cpp.o
[100%] Linking CXX executable judas_contact_cache_tests
[100%] Built target judas_contact_cache_tests
[  0%] Built target judas_glad
[ 93%] Built target judas_engine
[ 93%] Building CXX object CMakeFiles/judas_contact_storage_tests.dir/tests/ContactStorageTests.cpp.o
[100%] Linking CXX executable judas_contact_storage_tests
[100%] Built target judas_contact_storage_tests
[100%] Built target judas_physics_tests
[  0%] Built target judas_glad
[100%] Built target judas_engine
[100%] Building CXX object CMakeFiles/judas_lifecycle_tests.dir/tests/LifecycleTests.cpp.o
[100%] Linking CXX executable judas_lifecycle_tests
[100%] Built target judas_lifecycle_tests
[  0%] Built target judas_glad
[100%] Built target judas_engine
[100%] Building CXX object CMakeFiles/judas_rigid_motion_tests.dir/tests/RigidMotionTests.cpp.o
[100%] Linking CXX executable judas_rigid_motion_tests
[100%] Built target judas_rigid_motion_tests
[  0%] Built target judas_glad
[100%] Built target judas_engine
[100%] Building CXX object CMakeFiles/judas_impact_timing_tests.dir/tests/ImpactTimingTests.cpp.o
[100%] Linking CXX executable judas_impact_timing_tests
[100%] Built target judas_impact_timing_tests
[  0%] Built target judas_glad
[100%] Built target judas_engine
[100%] Linking CXX executable judas_impact_solver_tests
[100%] Built target judas_impact_solver_tests
[  0%] Built target judas_glad
[ 93%] Built target judas_engine
[100%] Building CXX object CMakeFiles/judas_timing_defect_probe.dir/tests/TimingDefectProbe.cpp.o
[100%] Linking CXX executable judas_timing_defect_probe
[100%] Built target judas_timing_defect_probe
