PASS adoption changes ownership without changing durable identity
PASS ordinary target and joint destruction becomes tombstone
PASS representative changed region entity
PASS actual unload retains changed state and tombstones
PASS normal composed slot request
PASS save does not change travelling identity
SAVE capture_ms=10.86229 worker_ms=28.74706 bytes=58322 active=3 suspended_bytes=135220
PASS slot metadata refreshed after real commit
PASS fresh standalone streamed process exits cleanly
SUMMARY write checks=8 failures=0 frames=92
Renderer fragment texture units: 32 (material path uses 12)
World state: disk saves disabled for additive compositions
Project: Streamed Spring Range (/tmp/Judas_M61_assertions_streamed_range/game.judasproj)
Scene: Streamed Spring Range (/tmp/Judas_M61_assertions_streamed_range/Scenes/bootstrap.judas)
World origin (m): 0.000, 0.000, 0.000
Localization: missing localization key save.queued
Localization: missing localization key save.selected
Localization: missing localization key range.score
Localization: missing localization key range.progress
Localization: missing localization key range.start
Localization: missing localization key range.language
Localization: missing localization key range.title
Localization: missing localization key range.controls
Localization: missing localization key stream.wait
Localization: missing localization key save.queued
Localization: missing localization key save.selected
Localization: missing localization key save.queued
Localization: missing localization key save.selected
