libEGL warning: Not allowed to force software rendering when API explicitly selects a hardware device.
M31 resource stress: generating 24 sphere meshes (160x160) and 16 1024x1024 textures under /tmp/judas_m31_stress_5752
  137.5 MB of asset files
  7 workers, scene 'Tiny game' playing (3 dynamic bodies)
  async: all 40 assets Ready after 0.69 s; per-asset latency (request->Ready) min 206 ms avg 471 ms max 689 ms; 40 uploads; resident 211.9 MB (peak 211.9 MB)
  cancel: 20 loads cancelled by dropped demand, 10 stale completions discarded, 20 ready, 0 loading
  evict: budget 53.2 MB -> resident 106.4 MB before, 85.3 MB after, 4 evictions; referenced textures survived: yes
  reload: 4 evicted meshes re-requested and Ready again after 0.14 s
  blocking: all 40 assets loaded on the main thread in 1.44 s (one per frame)

Per-phase main-thread measurements (frame = pump + play frame + swap; 60 Hz fixed step):
  baseline (no loads)          frames  120 | frame avg   5.52 ms p99  37.19 ms max  239.84 ms (pump max   0.00 ms) | >33 ms:   3 | fixed steps    36 (expected ~   43, 1 saturated) | queue max  0 avg   0.0 | worker util   0.0% | jobs done 0
  async load (40 assets)       frames   36 | frame avg  17.96 ms p99 122.70 ms max  122.70 ms (pump max  20.06 ms) | >33 ms:   4 | fixed steps    40 (expected ~   41, 1 saturated) | queue max 33 avg  18.0 | worker util  73.5% | jobs done 40
  cancel + release             frames    1 | frame avg   2.24 ms p99   2.24 ms max    2.24 ms (pump max   0.09 ms) | >33 ms:   0 | fixed steps     0 (expected ~    0, 0 saturated) | queue max  3 avg   3.0 | worker util   8.6% | jobs done 0
  evict + reload               frames   21 | frame avg   6.05 ms p99  64.83 ms max   64.83 ms (pump max   5.56 ms) | >33 ms:   2 | fixed steps     8 (expected ~    8, 0 saturated) | queue max  3 avg   0.2 | worker util  40.3% | jobs done 4
  BLOCKING load (40 assets)    frames   40 | frame avg  35.49 ms p99  48.73 ms max   48.73 ms (pump max   0.00 ms) | >33 ms:  24 | fixed steps    87 (expected ~   86, 0 saturated) | queue max  0 avg   0.0 | worker util   0.0% | jobs done 0

Claim under test: expensive resource preparation no longer forces the main thread to wait for the whole operation.
  async  : worst frame  122.70 ms,   4 frames over 33 ms, 1 saturated catch-up frames, wall 0.69 s
  blocking: worst frame   48.73 ms,  24 frames over 33 ms, 0 saturated catch-up frames, wall 1.44 s
  (the work itself is not free: worker busy time during the async phase was 3.55 s across 7 workers)

shutdown clean (resources, workers, renderer, window in that order); temporary project removed
