[  0%] Building C object CMakeFiles/judas_audio_backend.dir/src/AudioBackend.c.o
[  6%] Built target judas_glad
[  6%] Linking C static library libjudas_audio_backend.a
[  6%] Built target judas_audio_backend
[  6%] Building CXX object CMakeFiles/judas_engine.dir/src/WorldAudio.cpp.o
[  6%] Building CXX object CMakeFiles/judas_engine.dir/src/AudioData.cpp.o
[  6%] Building CXX object CMakeFiles/judas_engine.dir/src/AudioSystem.cpp.o
[ 13%] Building CXX object CMakeFiles/judas_engine.dir/src/Window.cpp.o
/home/conner/Documents/GitHub/Project-Judas/src/AudioSystem.cpp: In member function ‘void AudioSystem::SetListener(const glm::vec3&, const glm::quat&)’:
/home/conner/Documents/GitHub/Project-Judas/src/AudioSystem.cpp:86:5: warning: this ‘if’ clause does not guard... [-Wmisleading-indentation]
   86 |     if(!m->initialized)return;const auto q=glm::normalize(orientation);const auto forward=q*glm::vec3(0,0,-1),up=q*glm::vec3(0,1,0);
      |     ^~
/home/conner/Documents/GitHub/Project-Judas/src/AudioSystem.cpp:86:31: note: ...this statement, but the latter is misleadingly indented as if it were guarded by the ‘if’
   86 |     if(!m->initialized)return;const auto q=glm::normalize(orientation);const auto forward=q*glm::vec3(0,0,-1),up=q*glm::vec3(0,1,0);
      |                               ^~~~~
/home/conner/Documents/GitHub/Project-Judas/src/AudioSystem.cpp: In member function ‘bool AudioSystem::Snapshot(AudioVoiceHandle, AudioVoiceSnapshot&) const’:
/home/conner/Documents/GitHub/Project-Judas/src/AudioSystem.cpp:95:41: error: invalid conversion from ‘uint64_t*’ {aka ‘long unsigned int*’} to ‘ma_uint64*’ {aka ‘long long unsigned int*’} [-fpermissive]
   95 |     ma_sound_get_cursor_in_pcm_frames(s,&out.cursorFrames);return true;
      |                                         ^~~~~~~~~~~~~~~~~
      |                                         |
      |                                         uint64_t* {aka long unsigned int*}
In file included from /home/conner/Documents/GitHub/Project-Judas/src/AudioSystem.cpp:2:
/home/conner/Documents/GitHub/Project-Judas/third_party/miniaudio/miniaudio.h:11454:87: note: initializing argument 2 of ‘ma_result ma_sound_get_cursor_in_pcm_frames(const ma_sound*, ma_uint64*)’
11454 | MA_API ma_result ma_sound_get_cursor_in_pcm_frames(const ma_sound* pSound, ma_uint64* pCursor);
      |                                                                            ~~~~~~~~~~~^~~~~~~
/home/conner/Documents/GitHub/Project-Judas/src/AudioSystem.cpp: In member function ‘AudioListenerSnapshot AudioSystem::Listener() const’:
/home/conner/Documents/GitHub/Project-Judas/src/AudioSystem.cpp:98:5: warning: this ‘if’ clause does not guard... [-Wmisleading-indentation]
   98 |     if(!m->initialized)return {};return {Vector(ma_engine_listener_get_position(&m->engine,0)),Vector(ma_engine_listener_get_direction(&m->engine,0)),Vector(ma_engine_listener_get_world_up(&m->engine,0))};
      |     ^~
/home/conner/Documents/GitHub/Project-Judas/src/AudioSystem.cpp:98:34: note: ...this statement, but the latter is misleadingly indented as if it were guarded by the ‘if’
   98 |     if(!m->initialized)return {};return {Vector(ma_engine_listener_get_position(&m->engine,0)),Vector(ma_engine_listener_get_direction(&m->engine,0)),Vector(ma_engine_listener_get_world_up(&m->engine,0))};
      |                                  ^~~~~~
gmake[3]: *** [CMakeFiles/judas_engine.dir/build.make:93: CMakeFiles/judas_engine.dir/src/AudioSystem.cpp.o] Error 1
gmake[3]: *** Waiting for unfinished jobs....
[ 13%] Building CXX object CMakeFiles/judas_engine.dir/src/Renderer.cpp.o
gmake[2]: *** [CMakeFiles/Makefile2:342: CMakeFiles/judas_engine.dir/all] Error 2
gmake[1]: *** [CMakeFiles/Makefile2:2770: CMakeFiles/judas_audio_tests.dir/rule] Error 2
gmake: *** [Makefile:1086: judas_audio_tests] Error 2
