[  6%] Built target judas_glad
[  6%] Built target judas_audio_backend
[  6%] Building CXX object CMakeFiles/judas_engine.dir/src/AudioSystem.cpp.o
[  6%] Building CXX object CMakeFiles/judas_engine.dir/src/PlayerController.cpp.o
[  6%] Building CXX object CMakeFiles/judas_engine.dir/src/PlayerView.cpp.o
[  6%] Building CXX object CMakeFiles/judas_engine.dir/src/StepClimb.cpp.o
[  6%] Building CXX object CMakeFiles/judas_engine.dir/src/DynamicBody.cpp.o
[ 13%] Building CXX object CMakeFiles/judas_engine.dir/src/FlyingPrimitiveControl.cpp.o
[ 13%] Building CXX object CMakeFiles/judas_engine.dir/src/PilotAttachment.cpp.o
[ 13%] Building CXX object CMakeFiles/judas_engine.dir/src/PilotControl.cpp.o
[ 13%] Building CXX object CMakeFiles/judas_engine.dir/src/ReferenceFrame.cpp.o
[ 13%] Building CXX object CMakeFiles/judas_engine.dir/src/ModelLoader.cpp.o
[ 13%] Building CXX object CMakeFiles/judas_engine.dir/src/TextureLoader.cpp.o
[ 20%] Building CXX object CMakeFiles/judas_engine.dir/src/FontLoader.cpp.o
[ 20%] Building CXX object CMakeFiles/judas_engine.dir/src/UIWidgets.cpp.o
[ 20%] Building CXX object CMakeFiles/judas_engine.dir/src/PauseMenu.cpp.o
[ 20%] Building CXX object CMakeFiles/judas_engine.dir/src/HUD.cpp.o
[ 20%] Building CXX object CMakeFiles/judas_engine.dir/src/LightTransforms.cpp.o
[ 26%] Building CXX object CMakeFiles/judas_engine.dir/src/LightAttenuation.cpp.o
[ 26%] Building CXX object CMakeFiles/judas_engine.dir/src/ShadowTransforms.cpp.o
[ 26%] Building CXX object CMakeFiles/judas_engine.dir/src/HingeTransform.cpp.o
[ 26%] Building CXX object CMakeFiles/judas_engine.dir/src/InteractionSystem.cpp.o
[ 26%] Building CXX object CMakeFiles/judas_engine.dir/src/ObjectManipulation.cpp.o
[ 26%] Building CXX object CMakeFiles/judas_engine.dir/src/FluidWorld.cpp.o
[ 33%] Building CXX object CMakeFiles/judas_engine.dir/src/ProductionFluidCoupling.cpp.o
[ 33%] Building CXX object CMakeFiles/judas_engine.dir/src/FluidHydrostatics.cpp.o
[ 33%] Building CXX object CMakeFiles/judas_engine.dir/src/FluidSurface.cpp.o
[ 33%] Building CXX object CMakeFiles/judas_engine.dir/src/CombustionWorld.cpp.o
[ 33%] Building CXX object CMakeFiles/judas_engine.dir/src/FirePresentation.cpp.o
[ 40%] Building CXX object CMakeFiles/judas_engine.dir/src/TerrainDemo.cpp.o
[ 40%] Building CXX object CMakeFiles/judas_engine.dir/src/TerrainLibrary.cpp.o
[ 40%] Building CXX object CMakeFiles/judas_engine.dir/src/Door.cpp.o
[ 40%] Building CXX object CMakeFiles/judas_engine.dir/src/LightSwitch.cpp.o
[ 40%] Building CXX object CMakeFiles/judas_engine.dir/src/FaithfulGravity.cpp.o
[ 40%] Building CXX object CMakeFiles/judas_engine.dir/src/RadicalGravity.cpp.o
[ 46%] Building CXX object CMakeFiles/judas_engine.dir/src/SphericalVolume.cpp.o
[ 46%] Building CXX object CMakeFiles/judas_engine.dir/src/BoxVolume.cpp.o
[ 46%] Building CXX object CMakeFiles/judas_engine.dir/src/GravityContextMap.cpp.o
[ 46%] Building CXX object CMakeFiles/judas_engine.dir/src/CelestialGravity.cpp.o
[ 46%] Building CXX object CMakeFiles/judas_engine.dir/src/AtmosphereField.cpp.o
[ 46%] Building CXX object CMakeFiles/judas_engine.dir/src/AerodynamicDrag.cpp.o
[ 53%] Building CXX object CMakeFiles/judas_engine.dir/src/Scene.cpp.o
[ 53%] Building CXX object CMakeFiles/judas_engine.dir/src/SceneSerialization.cpp.o
[ 53%] Building CXX object CMakeFiles/judas_engine.dir/src/SceneFingerprint.cpp.o
[ 53%] Building CXX object CMakeFiles/judas_engine.dir/src/Project.cpp.o
[ 53%] Building CXX object CMakeFiles/judas_engine.dir/src/AssetDatabase.cpp.o
[ 60%] Building CXX object CMakeFiles/judas_engine.dir/src/JobSystem.cpp.o
[ 60%] Building CXX object CMakeFiles/judas_engine.dir/src/AsyncFile.cpp.o
[ 60%] Building CXX object CMakeFiles/judas_engine.dir/src/ResourceManager.cpp.o
[ 60%] Building CXX object CMakeFiles/judas_engine.dir/src/EnginePaths.cpp.o
[ 60%] Building CXX object CMakeFiles/judas_engine.dir/src/DebugDraw.cpp.o
[ 60%] Building CXX object CMakeFiles/judas_engine.dir/src/WorldDebugView.cpp.o
[ 66%] Building CXX object CMakeFiles/judas_engine.dir/src/RuntimeWorld.cpp.o
[ 66%] Building CXX object CMakeFiles/judas_engine.dir/src/GameSession.cpp.o
[ 66%] Building CXX object CMakeFiles/judas_engine.dir/src/Simulation.cpp.o
[ 66%] Building CXX object CMakeFiles/judas_engine.dir/src/WorldPresentation.cpp.o
[ 66%] Building CXX object CMakeFiles/judas_engine.dir/src/GameplayHud.cpp.o
[ 66%] Building CXX object CMakeFiles/judas_engine.dir/src/EngineHost.cpp.o
[ 73%] Building CXX object CMakeFiles/judas_engine.dir/src/InteractivePlay.cpp.o
[ 73%] Building CXX object CMakeFiles/judas_engine.dir/src/ScreenshotWriter.cpp.o
[ 73%] Building CXX object CMakeFiles/judas_engine.dir/src/FidelityPolicy.cpp.o
[ 73%] Building CXX object CMakeFiles/judas_engine.dir/src/CoarseSimulation.cpp.o
[ 73%] Building CXX object CMakeFiles/judas_engine.dir/src/WorldState.cpp.o
[ 80%] Building CXX object CMakeFiles/judas_engine.dir/src/ImpactSolver.cpp.o
[ 80%] Building CXX object CMakeFiles/judas_engine.dir/src/RigidBody.cpp.o
[ 80%] Building CXX object CMakeFiles/judas_engine.dir/src/RigidBodyGravity.cpp.o
[ 80%] Building CXX object CMakeFiles/judas_engine.dir/src/Contacts.cpp.o
[ 80%] Building CXX object CMakeFiles/judas_engine.dir/src/ContactSolver.cpp.o
[ 80%] Building CXX object CMakeFiles/judas_engine.dir/src/RadialTerrain.cpp.o
[ 86%] Building CXX object CMakeFiles/judas_engine.dir/src/Broadphase.cpp.o
[ 86%] Building CXX object CMakeFiles/judas_engine.dir/src/Narrowphase.cpp.o
[ 86%] Building CXX object CMakeFiles/judas_engine.dir/src/PhysicsWorld.cpp.o
[ 86%] Linking CXX static library libjudas_engine.a
[ 93%] Built target judas_engine
[100%] Building CXX object CMakeFiles/judas_audio_tests.dir/tests/AudioTests.cpp.o
[100%] Building CXX object CMakeFiles/judas_audio_tests.dir/src/editor/EditorHistory.cpp.o
[100%] Linking CXX executable judas_audio_tests
[100%] Built target judas_audio_tests
[  5%] Built target judas_audio_backend
[  5%] Built target judas_glad
[ 11%] Built target judas_imgui
[ 88%] Built target judas_engine
[ 88%] Building CXX object CMakeFiles/judas_editor.dir/src/editor/ComponentEditors.cpp.o
[ 94%] Building CXX object CMakeFiles/judas_editor.dir/src/editor/EditorApplication.cpp.o
[ 94%] Building CXX object CMakeFiles/judas_editor.dir/src/editor/EditorCamera.cpp.o
[ 94%] Building CXX object CMakeFiles/judas_editor.dir/src/editor/EditorHistory.cpp.o
[ 94%] Building CXX object CMakeFiles/judas_editor.dir/src/editor/EditorMain.cpp.o
[ 94%] Building CXX object CMakeFiles/judas_editor.dir/src/editor/EditorPanels.cpp.o
[ 94%] Building CXX object CMakeFiles/judas_editor.dir/src/editor/EditorWidgets.cpp.o
[100%] Building CXX object CMakeFiles/judas_editor.dir/src/editor/GizmoMath.cpp.o
[100%] Linking CXX executable judas_editor
[100%] Built target judas_editor
