[  0%] Built target judas_audio_backend
[  6%] Built target judas_glad
[  6%] Building CXX object CMakeFiles/judas_engine.dir/src/AudioSystem.cpp.o
[ 13%] Building CXX object CMakeFiles/judas_engine.dir/src/ProductionFluidCoupling.cpp.o
[ 13%] Building CXX object CMakeFiles/judas_engine.dir/src/WorldAudio.cpp.o
[ 13%] Building CXX object CMakeFiles/judas_engine.dir/src/AssetDatabase.cpp.o
[ 13%] Building CXX object CMakeFiles/judas_engine.dir/src/ResourceManager.cpp.o
[ 13%] Building CXX object CMakeFiles/judas_engine.dir/src/WorldDebugView.cpp.o
[ 20%] Building CXX object CMakeFiles/judas_engine.dir/src/RuntimeWorld.cpp.o
[ 20%] Building CXX object CMakeFiles/judas_engine.dir/src/GameSession.cpp.o
[ 20%] Building CXX object CMakeFiles/judas_engine.dir/src/Simulation.cpp.o
[ 20%] Building CXX object CMakeFiles/judas_engine.dir/src/WorldPresentation.cpp.o
[ 20%] Building CXX object CMakeFiles/judas_engine.dir/src/GameplayHud.cpp.o
[ 20%] Building CXX object CMakeFiles/judas_engine.dir/src/EngineHost.cpp.o
[ 26%] Building CXX object CMakeFiles/judas_engine.dir/src/InteractivePlay.cpp.o
[ 26%] Building CXX object CMakeFiles/judas_engine.dir/src/CoarseSimulation.cpp.o
[ 26%] Building CXX object CMakeFiles/judas_engine.dir/src/WorldState.cpp.o
[ 26%] Linking CXX static library libjudas_engine.a
[ 93%] Built target judas_engine
[ 93%] Building CXX object CMakeFiles/judas_audio_tests.dir/tests/AudioTests.cpp.o
[ 93%] Linking CXX executable judas_audio_tests
[100%] Built target judas_audio_tests
[  5%] Built target judas_glad
[  5%] Built target judas_audio_backend
[ 11%] Built target judas_imgui
[ 88%] Built target judas_engine
[ 88%] Building CXX object CMakeFiles/judas_editor.dir/src/editor/ComponentEditors.cpp.o
[ 88%] Building CXX object CMakeFiles/judas_editor.dir/src/editor/EditorPanels.cpp.o
[ 94%] Building CXX object CMakeFiles/judas_editor.dir/src/editor/EditorMain.cpp.o
[ 94%] Building CXX object CMakeFiles/judas_editor.dir/src/editor/EditorApplication.cpp.o
[ 94%] Linking CXX executable judas_editor
[100%] Built target judas_editor
