[  0%] Built target judas_audio_backend
[  6%] Built target judas_glad
[  6%] Building CXX object CMakeFiles/judas_engine.dir/src/WorldAudio.cpp.o
[  6%] Building CXX object CMakeFiles/judas_engine.dir/src/AudioSystem.cpp.o
[ 20%] Building CXX object CMakeFiles/judas_engine.dir/src/ProductionFluidCoupling.cpp.o
[ 20%] Building CXX object CMakeFiles/judas_engine.dir/src/Scene.cpp.o
[ 20%] Building CXX object CMakeFiles/judas_engine.dir/src/SceneSerialization.cpp.o
[ 20%] Building CXX object CMakeFiles/judas_engine.dir/src/SceneFingerprint.cpp.o
[ 20%] Building CXX object CMakeFiles/judas_engine.dir/src/ResourceManager.cpp.o
[ 20%] Building CXX object CMakeFiles/judas_engine.dir/src/WorldDebugView.cpp.o
[ 26%] Building CXX object CMakeFiles/judas_engine.dir/src/RuntimeWorld.cpp.o
[ 26%] Building CXX object CMakeFiles/judas_engine.dir/src/GameSession.cpp.o
[ 26%] Building CXX object CMakeFiles/judas_engine.dir/src/Simulation.cpp.o
[ 26%] Building CXX object CMakeFiles/judas_engine.dir/src/WorldPresentation.cpp.o
[ 26%] Building CXX object CMakeFiles/judas_engine.dir/src/GameplayHud.cpp.o
[ 26%] Building CXX object CMakeFiles/judas_engine.dir/src/EngineHost.cpp.o
[ 33%] Building CXX object CMakeFiles/judas_engine.dir/src/InteractivePlay.cpp.o
[ 33%] Building CXX object CMakeFiles/judas_engine.dir/src/FidelityPolicy.cpp.o
[ 33%] Building CXX object CMakeFiles/judas_engine.dir/src/CoarseSimulation.cpp.o
[ 33%] Building CXX object CMakeFiles/judas_engine.dir/src/WorldState.cpp.o
[ 33%] Linking CXX static library libjudas_engine.a
[ 93%] Built target judas_engine
[100%] Building CXX object CMakeFiles/judas_audio_tests.dir/src/editor/EditorHistory.cpp.o
[100%] Building CXX object CMakeFiles/judas_audio_tests.dir/tests/AudioTests.cpp.o
[100%] Linking CXX executable judas_audio_tests
[100%] Built target judas_audio_tests
[  6%] Built target judas_audio_backend
[  6%] Built target judas_glad
[ 93%] Built target judas_engine
[ 93%] Building CXX object CMakeFiles/judas_project_tests.dir/src/editor/GizmoMath.cpp.o
[ 93%] Building CXX object CMakeFiles/judas_project_tests.dir/src/editor/EditorHistory.cpp.o
[100%] Building CXX object CMakeFiles/judas_project_tests.dir/tests/ProjectTests.cpp.o
[100%] Linking CXX executable judas_project_tests
[100%] Built target judas_project_tests
[  6%] Built target judas_audio_backend
[  6%] Built target judas_glad
[ 93%] Built target judas_engine
[ 93%] Building CXX object CMakeFiles/judas.dir/src/Application.cpp.o
[ 93%] Building CXX object CMakeFiles/judas.dir/src/TestHarness.cpp.o
[ 93%] Building CXX object CMakeFiles/judas.dir/src/RuntimeOptions.cpp.o
[ 93%] Building CXX object CMakeFiles/judas.dir/src/RuntimeDiagnostics.cpp.o
[100%] Linking CXX executable judas
[100%] Built target judas
[  0%] Built target judas_audio_backend
[  5%] Built target judas_glad
[ 11%] Built target judas_imgui
[ 88%] Built target judas_engine
[ 88%] Building CXX object CMakeFiles/judas_editor.dir/src/editor/ComponentEditors.cpp.o
[ 88%] Building CXX object CMakeFiles/judas_editor.dir/src/editor/EditorHistory.cpp.o
[ 94%] Building CXX object CMakeFiles/judas_editor.dir/src/editor/EditorApplication.cpp.o
[ 94%] Building CXX object CMakeFiles/judas_editor.dir/src/editor/EditorMain.cpp.o
[ 94%] Building CXX object CMakeFiles/judas_editor.dir/src/editor/EditorPanels.cpp.o
[ 94%] Building CXX object CMakeFiles/judas_editor.dir/src/editor/EditorWidgets.cpp.o
[100%] Building CXX object CMakeFiles/judas_editor.dir/src/editor/GizmoMath.cpp.o
[100%] Linking CXX executable judas_editor
[100%] Built target judas_editor
