[  0%] Built target judas_glad
[ 93%] Built target judas_engine
[ 93%] Building CXX object CMakeFiles/judas_timing_defect_probe.dir/tests/TimingDefectProbe.cpp.o
/home/conner/Documents/GitHub/Project-Judas/tests/TimingDefectProbe.cpp: In function ‘int {anonymous}::Angular(const char*)’:
/home/conner/Documents/GitHub/Project-Judas/tests/TimingDefectProbe.cpp:55:3: warning: this ‘if’ clause does not guard... [-Wmisleading-indentation]
   55 |   if(!in||n<1||n>32)return 2;std::vector<float> parts(n);for(float&dt:parts)in>>dt;if(!in)return 2;
      |   ^~
/home/conner/Documents/GitHub/Project-Judas/tests/TimingDefectProbe.cpp:55:30: note: ...this statement, but the latter is misleadingly indented as if it were guarded by the ‘if’
   55 |   if(!in||n<1||n>32)return 2;std::vector<float> parts(n);for(float&dt:parts)in>>dt;if(!in)return 2;
      |                              ^~~
[100%] Linking CXX executable judas_timing_defect_probe
[100%] Built target judas_timing_defect_probe
[100%] Built target judas_rigid_contact_tests
[  0%] Built target judas_glad
[ 93%] Built target judas_engine
[100%] Built target judas_contact_geometry_tests
[  0%] Built target judas_glad
[100%] Built target judas_engine
[100%] Built target judas_contact_lifecycle_tests
[100%] Built target judas_broadphase_tests
[  0%] Built target judas_glad
[100%] Built target judas_engine
[100%] Built target judas_contact_cache_tests
[  0%] Built target judas_glad
[ 93%] Built target judas_engine
[100%] Built target judas_contact_storage_tests
gmake: *** No rule to make target 'judas_physics_primitive_tests'.  Stop.
