configure exit 0
build exit 0
energy-variants exit 1
extended-temporal exit 0
compile-temporal exit 0
temporal exit 0
temporal-geometry exit 0
temporal-full exit 1
angular exit 0
judas_rigid_contact_tests exit 0
judas_contact_geometry_tests exit 0
judas_contact_lifecycle_tests exit 0
judas_broadphase_tests exit 0
judas_contact_cache_tests exit 0
judas_contact_storage_tests exit 0
judas_physics_tests exit 0
judas_lifecycle_tests exit 0
geometry-player exit 0
geometry-invalid exit 0
independent-oracle exit 0
{"verification_complete": true, "energy_cases": 36, "energy_failures": 36, "momentum_failures": 0, "angular_partition_failures_beyond_roundoff": 141}
