libEGL warning: Not allowed to force software rendering when API explicitly selects a hardware device.
M31 resource stress: generating 24 sphere meshes (160x160) and 16 1024x1024 textures under /tmp/judas_m31_stress_4019
  137.5 MB of asset files
  7 workers, scene 'Tiny game' playing (3 dynamic bodies)
  async: all 40 assets Ready after 0.84 s; per-asset latency (request->Ready) min 151 ms avg 561 ms max 834 ms; 40 uploads; resident 211.9 MB (peak 211.9 MB)
  cancel: 20 loads cancelled by dropped demand, 10 stale completions discarded, 20 ready, 0 loading
  evict: budget 53.2 MB -> resident 106.4 MB before, 85.3 MB after, 4 evictions; referenced textures survived: yes
  reload: 4 evicted meshes re-requested and Ready again after 0.13 s
  blocking: all 40 assets loaded on the main thread in 1.90 s (one per frame)

Per-phase main-thread measurements (frame = pump + play frame + swap; 60 Hz fixed step):
  baseline (no loads)          frames  120 | frame avg   7.07 ms p99  82.78 ms max  179.00 ms (pump max   0.00 ms) | >33 ms:  10 | fixed steps    51 (expected ~   55, 1 saturated) | queue max  0 avg   0.0 | worker util   0.0% | jobs done 0
  async load (40 assets)       frames   25 | frame avg  31.86 ms p99 122.07 ms max  122.07 ms (pump max  34.11 ms) | >33 ms:   8 | fixed steps    50 (expected ~   50, 0 saturated) | queue max 33 avg  11.4 | worker util  72.0% | jobs done 40
  cancel + release             frames    1 | frame avg   1.62 ms p99   1.62 ms max    1.62 ms (pump max   0.11 ms) | >33 ms:   0 | fixed steps     1 (expected ~    0, 0 saturated) | queue max  3 avg   3.0 | worker util   5.2% | jobs done 0
  evict + reload               frames   11 | frame avg  10.90 ms p99  84.70 ms max   84.70 ms (pump max   3.72 ms) | >33 ms:   1 | fixed steps     8 (expected ~    8, 0 saturated) | queue max  3 avg   0.5 | worker util  50.8% | jobs done 4
  BLOCKING load (40 assets)    frames   40 | frame avg  46.83 ms p99  63.01 ms max   63.01 ms (pump max   0.01 ms) | >33 ms:  35 | fixed steps   115 (expected ~  114, 0 saturated) | queue max  0 avg   0.0 | worker util   0.0% | jobs done 0

Claim under test: expensive resource preparation no longer forces the main thread to wait for the whole operation.
  async  : worst frame  122.07 ms,   8 frames over 33 ms, 0 saturated catch-up frames, wall 0.84 s
  blocking: worst frame   63.01 ms,  35 frames over 33 ms, 0 saturated catch-up frames, wall 1.90 s
  (the work itself is not free: worker busy time during the async phase was 4.21 s across 7 workers)

shutdown clean (resources, workers, renderer, window in that order); temporary project removed
