BEAM initial revision=1 peak=804.804
PASS normal asynchronous fracture asset publication
PASS logical family owner has no duplicate collider/mass
PASS every stiff part is an ordinary safe rigid body
PASS every stiff part is an ordinary safe rigid body
PASS every stiff part is an ordinary safe rigid body
PASS every stiff part is an ordinary safe rigid body
PASS every stiff part is an ordinary safe rigid body
PASS every stiff part is an ordinary safe rigid body
PASS every stiff part is an ordinary safe rigid body
PASS every stiff part is an ordinary safe rigid body
PASS every stiff part is an ordinary safe rigid body
PASS published cells partition material mass exactly once
PASS modest supported gravity load survives
PASS scene transition reconstructs fresh independent fracture state
PASS actual radial gravity selected away from local oblique zone
PASS reload destroys old families/joints and reconstructs intact authored state
PASS ordinary startup and clean shutdown
SUMMARY mode=lifetime checks=17 failures=0
libEGL warning: Not allowed to force software rendering when API explicitly selects a hardware device.
Renderer fragment texture units: 32 (material path uses 12)
World state: disk saves disabled for additive compositions
Project: Fracture Lab (/tmp/Judas_M63_review-complete/game.judasproj)
Scene: Fracture Lab / uniform (/tmp/Judas_M63_review-complete/Scenes/flat.judas)
World origin (m): 0.000, 0.000, 0.000
