configure: exit=0, 2.069s
build: exit=0, 491.144s
async_application: exit=0, 12.391s
judas_scene_tests: exit=0, 0.065s
judas_lifecycle_tests: exit=0, 0.516s
judas_project_tests: exit=0, 0.215s
judas_job_tests: exit=0, 0.115s
judas_physics_tests: exit=0, 0.004s
judas_rigid_contact_tests: exit=0, 2.971s
judas_broadphase_tests: exit=0, 24.719s
judas_collision_tests: exit=0, 0.033s
judas_celestial_gravity_tests: exit=0, 0.065s
judas_asset_tests: exit=0, 0.009s
judas_step_climb_tests: exit=0, 0.017s
judas_pilot_attachment_tests: exit=0, 0.002s
judas_pilot_dismount_tests: exit=0, 0.008s
judas_spacecraft_control_tests: exit=0, 0.033s
judas_spacecraft_flight_tests: exit=0, 0.033s
judas_reference_frame_tests: exit=0, 0.033s
judas_ui_tests: exit=0, 0.008s
judas_lighting_tests: exit=0, 0.008s
judas_shadow_tests: exit=0, 0.004s
judas_interactable_tests: exit=0, 0.008s
judas_player_view_tests: exit=0, 0.002s
judas_object_manipulation_tests: exit=0, 0.033s
judas_player_curved_locomotion_tests: exit=0, 0.115s
judas_world_coordinates_tests: exit=0, 0.065s
judas_compound_body_tests: exit=0, 0.118s
judas_fluid_world_tests: exit=0, 0.616s
judas_fluid_rigid_coupling_tests: exit=0, 13.692s
judas_fluid_surface_tests: exit=0, 0.004s
judas_terrain_physics_tests: exit=0, 0.916s
judas_terrain_fluid_tests: exit=0, 31.543s
judas_atmosphere_tests: exit=0, 0.025s
judas_atmospheric_flight_tests: exit=0, 0.032s
judas_combustion_tests: exit=0, 0.115s
judas_scene_fingerprint_tests: exit=0, 0.032s
judas_world_state_tests: exit=0, 0.064s
judas_uniform_gravity_scene_tests: exit=0, 0.270s
judas_contact_geometry_tests: exit=0, 0.115s
judas_contact_lifecycle_tests: exit=0, 0.065s
judas_contact_cache_tests: exit=0, 0.042s
judas_contact_storage_tests: exit=0, 0.115s
judas_rigid_motion_tests: exit=0, 0.016s
judas_impact_solver_tests: exit=0, 0.004s
judas_impact_timing_tests: exit=1, 0.032s
judas_project_application_tests: exit=0, 1.778s
judas_lifecycle_integration_tests: exit=0, 0.039s
judas_asset_integrity_tests: exit=0, 0.033s
judas_coarse_celestial_tests: exit=0, 0.016s
judas_orbital_integrity_tests: exit=0, 0.115s
judas_spacecraft_frame_integration_tests: exit=0, 0.034s
judas_thermal_accounting_tests: exit=0, 0.016s
judas_combustion_integration_tests: exit=0, 0.065s
judas_player_swimming_tests: exit=0, 0.044s
judas_fluid_metadata_tests: exit=0, 0.023s
judas_fluid_hydrostatics_tests: exit=0, 0.265s
judas_production_fluid_tests: exit=0, 71.523s
judas_fluid_container_integration_tests: exit=0, 4.227s
judas_player_fluid_integration_tests: exit=0, 113.708s
judas_fluid_cavity_impact_tests: exit=0, 0.016s
judas_fluid_smoothing_budget_tests: exit=0, 0.004s
judas_fluid_boundary_contact_tests: exit=0, 0.005s
judas_particle_contact_batch_tests: exit=0, 0.016s
judas_render_camera_tests: exit=0, 2.470s
judas_audio_tests: exit=0, 0.969s
judas_input_tests: exit=0, 0.415s
judas_prefab_tests: exit=0, 0.065s
judas_prefab_application_tests: exit=0, 1.584s
judas_visual_particle_tests: exit=0, 1.068s
judas_particle_application_tests: exit=0, 4.799s
judas_export_tests: exit=0, 0.114s
judas_package_application_tests: exit=0, 4.535s
judas_classification_tests: exit=0, 1.221s
judas_script_tests: exit=0, 2.272s
judas_script_application_tests: exit=0, 4.028s
judas_runtime_ui_tests: exit=0, 0.566s
judas_runtime_ui_application_tests: exit=0, 2.975s
judas_touch_event_tests: exit=0, 0.115s
judas_touch_application_tests: exit=0, 4.449s
judas_scene_transition_tests: exit=0, 1.473s
judas_physics_cast_tests: exit=0, 0.165s
judas_physics_cast_application_tests: exit=0, 1.118s
judas_joint_tests: exit=0, 0.065s
judas_joint_authoring_tests: exit=0, 0.032s
judas_joint_application_tests: exit=0, 1.121s
judas_skeletal_animation_tests: exit=0, 0.819s
judas_animation_application_tests: exit=0, 1.620s
judas_pose_composition_tests: exit=0, 0.065s
judas_pose_composition_application_tests: exit=0, 1.676s
judas_ragdoll_tests: exit=0, 0.265s
judas_ragdoll_application_tests: exit=0, 2.026s
judas_fluid_demo_integration_tests: exit=0, 28.193s
judas_character_motor_tests: exit=0, 0.617s
judas_character_motor_application_tests: exit=0, 0.819s
judas_boundary_migration_tests: exit=0, 0.465s
judas_shooter_game_tests: exit=0, 3.121s
judas_shooter_application_tests: exit=0, 8.683s
judas_script_presentation_tests: exit=0, 0.816s
judas_navigation_tests: exit=0, 0.518s
judas_navigation_game_tests: exit=0, 4.131s
judas_liquid_tests: exit=0, 0.617s
judas_liquid_application_tests: exit=0, 4.680s
judas_liquid_surface_tests: exit=0, 1.016s
judas_liquid_surface_application_tests: exit=0, 7.632s
judas_liquid_surface_refill_tests: exit=0, 11.288s
judas_liquid_surface_loop_tests: exit=0, 5.336s
judas_profiler_tests: exit=0, 0.064s
judas_profiler_script_tests: exit=0, 0.415s
judas_profiler_application_tests: exit=0, 82.571s
judas_material_tests: exit=0, 3.173s
judas_material_application_tests: exit=0, 5.529s
judas_text_localization_tests: exit=0, 0.215s
judas_text_render_tests: exit=0, 2.431s
judas_localization_application_tests: exit=0, 9.224s
judas_streaming_tests: exit=0, 0.315s
judas_streaming_application_tests: exit=0, 12.599s
judas_streaming_performance_tests: exit=0, 109.778s
judas_streaming_revisit_tests: exit=0, 57.471s
judas_audio_acoustics_tests: exit=0, 0.566s
judas_audio_world_tests: exit=0, 1.317s
judas_audio_application_tests: exit=0, 5.857s
judas_save_storage_tests: exit=2, 0.016s
judas_world_persistence_tests: exit=0, 0.032s
judas_save_application_tests: exit=0, 3.281s
judas_save_streaming_tests: exit=0, 4.848s
judas_save_performance_tests: exit=0, 8.127s
judas_deformable_tests: exit=0, 0.415s
judas_deformable_performance_tests: exit=0, 0.869s
judas_deformable_application_tests: exit=0, 7.829s
judas_fracture_tests: exit=0, 0.065s
judas_fracture_application_tests: exit=0, 5.849s
judas_fracture_performance_tests: exit=0, 0.816s
judas_collision_geometry_tests: exit=0, 0.966s
judas_collision_application_tests: exit=0, 6.361s
editor_async: exit=0, 3.287s
runtime_blocking_reference: exit=0, 0.319s
m31_resource_stress: exit=0, 11.867s
{
  "overall_pass": false,
  "checks": {
    "integration_all_12_cases": true,
    "editor_play_stop_async": true,
    "blocking_reference_three_steps": true,
    "tested_sources_unchanged_during_run": true,
    "protected_paths_unchanged": true
  },
  "seconds": 1254.6669436230004
}
