[  0%] Building CXX object CMakeFiles/judas_app_icon.dir/src/AppIcon.cpp.o
[  0%] Creating directories for 'judas_icu_build'
[  0%] Performing download step (verify and extract) for 'judas_icu_build'
-- verifying file...
     file='/home/conner/Documents/GitHub/Project-Judas/third_party/text/icu4c-76_1-src.tgz'
-- verifying file... done
-- extracting...
     src='/home/conner/Documents/GitHub/Project-Judas/third_party/text/icu4c-76_1-src.tgz'
     dst='/home/conner/Documents/GitHub/Project-Judas/build/unicode/build/src/judas_icu_build'
-- extracting... [tar xf]
-- extracting... [analysis]
-- extracting... [rename]
-- extracting... [clean up]
-- extracting... done
[  0%] No update step for 'judas_icu_build'
[  0%] No patch step for 'judas_icu_build'
[  0%] Performing configure step for 'judas_icu_build'
[  0%] Building CXX object CMakeFiles/judas_app_icon.dir/src/TextureLoader.cpp.o
-- judas_icu_build configure command succeeded.  See also /home/conner/Documents/GitHub/Project-Judas/build/unicode/build/src/judas_icu_build-stamp/judas_icu_build-configure-*.log
[  0%] Performing build step for 'judas_icu_build'
[  0%] Linking CXX static library libjudas_app_icon.a
[  0%] Built target judas_app_icon
[  0%] Building C object CMakeFiles/judas_quickjs.dir/third_party/quickjs/quickjs.c.o
[  0%] Building C object CMakeFiles/judas_quickjs.dir/third_party/quickjs/dtoa.c.o
[  0%] Building C object CMakeFiles/judas_quickjs.dir/third_party/quickjs/libregexp.c.o
[  0%] Building C object CMakeFiles/judas_quickjs.dir/third_party/quickjs/libunicode.c.o
[  0%] Linking C static library libjudas_quickjs.a
[  0%] Built target judas_quickjs
[  0%] Building CXX object CMakeFiles/judas_navigation_backend.dir/third_party/recastnavigation/Detour/Source/DetourAlloc.cpp.o
[  0%] Building CXX object CMakeFiles/judas_navigation_backend.dir/third_party/recastnavigation/Detour/Source/DetourAssert.cpp.o
[  1%] Building CXX object CMakeFiles/judas_navigation_backend.dir/third_party/recastnavigation/Detour/Source/DetourCommon.cpp.o
[  1%] Building CXX object CMakeFiles/judas_navigation_backend.dir/third_party/recastnavigation/Detour/Source/DetourNavMesh.cpp.o
[  1%] Building CXX object CMakeFiles/judas_navigation_backend.dir/third_party/recastnavigation/Detour/Source/DetourNavMeshBuilder.cpp.o
[  1%] Building CXX object CMakeFiles/judas_navigation_backend.dir/third_party/recastnavigation/Detour/Source/DetourNavMeshQuery.cpp.o
[  1%] Building CXX object CMakeFiles/judas_navigation_backend.dir/third_party/recastnavigation/Detour/Source/DetourNode.cpp.o
[  1%] Building CXX object CMakeFiles/judas_navigation_backend.dir/third_party/recastnavigation/DetourCrowd/Source/DetourCrowd.cpp.o
[  1%] Building CXX object CMakeFiles/judas_navigation_backend.dir/third_party/recastnavigation/DetourCrowd/Source/DetourLocalBoundary.cpp.o
[  1%] Building CXX object CMakeFiles/judas_navigation_backend.dir/third_party/recastnavigation/DetourCrowd/Source/DetourObstacleAvoidance.cpp.o
[  1%] Building CXX object CMakeFiles/judas_navigation_backend.dir/third_party/recastnavigation/DetourCrowd/Source/DetourPathCorridor.cpp.o
[  1%] Building CXX object CMakeFiles/judas_navigation_backend.dir/third_party/recastnavigation/DetourCrowd/Source/DetourPathQueue.cpp.o
[  1%] Building CXX object CMakeFiles/judas_navigation_backend.dir/third_party/recastnavigation/DetourCrowd/Source/DetourProximityGrid.cpp.o
[  2%] Building CXX object CMakeFiles/judas_navigation_backend.dir/third_party/recastnavigation/DetourTileCache/Source/DetourTileCache.cpp.o
[  2%] Building CXX object CMakeFiles/judas_navigation_backend.dir/third_party/recastnavigation/DetourTileCache/Source/DetourTileCacheBuilder.cpp.o
[  2%] Linking CXX static library libjudas_navigation_backend.a
[  2%] Built target judas_navigation_backend
[  2%] Building C object _deps/judas_freetype-build/CMakeFiles/freetype.dir/src/autofit/autofit.c.o
[  2%] Building C object _deps/judas_freetype-build/CMakeFiles/freetype.dir/src/base/ftbase.c.o
[  2%] Building C object _deps/judas_freetype-build/CMakeFiles/freetype.dir/src/base/ftbbox.c.o
[  2%] Building C object _deps/judas_freetype-build/CMakeFiles/freetype.dir/src/base/ftbdf.c.o
[  2%] Building C object _deps/judas_freetype-build/CMakeFiles/freetype.dir/src/base/ftbitmap.c.o
[  2%] Building C object _deps/judas_freetype-build/CMakeFiles/freetype.dir/src/base/ftcid.c.o
[  2%] Building C object _deps/judas_freetype-build/CMakeFiles/freetype.dir/src/base/ftfstype.c.o
[  2%] Building C object _deps/judas_freetype-build/CMakeFiles/freetype.dir/src/base/ftgasp.c.o
[  2%] Building C object _deps/judas_freetype-build/CMakeFiles/freetype.dir/src/base/ftglyph.c.o
[  2%] Building C object _deps/judas_freetype-build/CMakeFiles/freetype.dir/src/base/ftgxval.c.o
[  3%] Building C object _deps/judas_freetype-build/CMakeFiles/freetype.dir/src/base/ftinit.c.o
[  3%] Building C object _deps/judas_freetype-build/CMakeFiles/freetype.dir/src/base/ftmm.c.o
[  3%] Building C object _deps/judas_freetype-build/CMakeFiles/freetype.dir/src/base/ftotval.c.o
[  3%] Building C object _deps/judas_freetype-build/CMakeFiles/freetype.dir/src/base/ftpatent.c.o
[  3%] Building C object _deps/judas_freetype-build/CMakeFiles/freetype.dir/src/base/ftpfr.c.o
[  3%] Building C object _deps/judas_freetype-build/CMakeFiles/freetype.dir/src/base/ftstroke.c.o
[  3%] Building C object _deps/judas_freetype-build/CMakeFiles/freetype.dir/src/base/ftsynth.c.o
[  3%] Building C object _deps/judas_freetype-build/CMakeFiles/freetype.dir/src/base/fttype1.c.o
[  3%] Building C object _deps/judas_freetype-build/CMakeFiles/freetype.dir/src/base/ftwinfnt.c.o
[  3%] Building C object _deps/judas_freetype-build/CMakeFiles/freetype.dir/src/bdf/bdf.c.o
[  3%] Building C object _deps/judas_freetype-build/CMakeFiles/freetype.dir/src/bzip2/ftbzip2.c.o
[  4%] Building C object _deps/judas_freetype-build/CMakeFiles/freetype.dir/src/cache/ftcache.c.o
[  4%] Building C object _deps/judas_freetype-build/CMakeFiles/freetype.dir/src/cff/cff.c.o
[  4%] Building C object _deps/judas_freetype-build/CMakeFiles/freetype.dir/src/cid/type1cid.c.o
[  4%] Building C object _deps/judas_freetype-build/CMakeFiles/freetype.dir/src/gzip/ftgzip.c.o
[  4%] Building C object _deps/judas_freetype-build/CMakeFiles/freetype.dir/src/lzw/ftlzw.c.o
[  4%] Building C object _deps/judas_freetype-build/CMakeFiles/freetype.dir/src/pcf/pcf.c.o
[  4%] Building C object _deps/judas_freetype-build/CMakeFiles/freetype.dir/src/pfr/pfr.c.o
[  4%] Building C object _deps/judas_freetype-build/CMakeFiles/freetype.dir/src/psaux/psaux.c.o
[  4%] Building C object _deps/judas_freetype-build/CMakeFiles/freetype.dir/src/pshinter/pshinter.c.o
[  4%] Building C object _deps/judas_freetype-build/CMakeFiles/freetype.dir/src/psnames/psnames.c.o
[  4%] Building C object _deps/judas_freetype-build/CMakeFiles/freetype.dir/src/raster/raster.c.o
[  5%] Building C object _deps/judas_freetype-build/CMakeFiles/freetype.dir/src/sdf/sdf.c.o
[  5%] Building C object _deps/judas_freetype-build/CMakeFiles/freetype.dir/src/sfnt/sfnt.c.o
[  5%] Building C object _deps/judas_freetype-build/CMakeFiles/freetype.dir/src/smooth/smooth.c.o
[  5%] Building C object _deps/judas_freetype-build/CMakeFiles/freetype.dir/src/svg/svg.c.o
[  5%] Building C object _deps/judas_freetype-build/CMakeFiles/freetype.dir/src/truetype/truetype.c.o
[  5%] Building C object _deps/judas_freetype-build/CMakeFiles/freetype.dir/src/type1/type1.c.o
[  5%] Building C object _deps/judas_freetype-build/CMakeFiles/freetype.dir/src/type42/type42.c.o
[  5%] Building C object _deps/judas_freetype-build/CMakeFiles/freetype.dir/src/winfonts/winfnt.c.o
[  5%] Building C object _deps/judas_freetype-build/CMakeFiles/freetype.dir/builds/unix/ftsystem.c.o
[  5%] Building C object _deps/judas_freetype-build/CMakeFiles/freetype.dir/src/base/ftdebug.c.o
[  5%] Linking C static library libfreetype.a
[  5%] Built target freetype
[  5%] Building C object CMakeFiles/judas_glad.dir/third_party/glad/src/gl.c.o
[  6%] Linking C static library libjudas_glad.a
[  6%] Built target judas_glad
[  6%] Building CXX object CMakeFiles/judas_profiler.dir/src/PerformanceProfiler.cpp.o
[  6%] Linking CXX static library libjudas_profiler.a
[  6%] Built target judas_profiler
[  6%] Building C object CMakeFiles/judas_audio_backend.dir/src/AudioBackend.c.o
[  7%] Building C object CMakeFiles/judas_audio_backend.dir/src/ReverbBackend.c.o
[  7%] Linking C static library libjudas_audio_backend.a
-- judas_icu_build build command succeeded.  See also /home/conner/Documents/GitHub/Project-Judas/build/unicode/build/src/judas_icu_build-stamp/judas_icu_build-build-*.log
[  7%] Built target judas_audio_backend
[  7%] Performing install step for 'judas_icu_build'
[  8%] Building CXX object _deps/judas_harfbuzz-build/CMakeFiles/harfbuzz.dir/src/harfbuzz.cc.o
-- judas_icu_build install command succeeded.  See also /home/conner/Documents/GitHub/Project-Judas/build/unicode/build/src/judas_icu_build-stamp/judas_icu_build-install-*.log
[  8%] Completed 'judas_icu_build'
[  8%] Built target judas_icu_build
[  8%] Building CXX object CMakeFiles/judas_imgui.dir/third_party/imgui/imgui.cpp.o
[  8%] Building CXX object CMakeFiles/judas_imgui.dir/third_party/imgui/imgui_draw.cpp.o
[  9%] Building CXX object CMakeFiles/judas_imgui.dir/third_party/imgui/imgui_tables.cpp.o
[  9%] Building CXX object CMakeFiles/judas_imgui.dir/third_party/imgui/imgui_widgets.cpp.o
[  9%] Building CXX object CMakeFiles/judas_imgui.dir/third_party/imgui/backends/imgui_impl_sdl2.cpp.o
[  9%] Building CXX object CMakeFiles/judas_imgui.dir/third_party/imgui/backends/imgui_impl_opengl3.cpp.o
[  9%] Linking CXX static library libjudas_imgui.a
[  9%] Built target judas_imgui
[  9%] Building CXX object CMakeFiles/judas_physics_tests.dir/tests/PhysicsPrimitiveTests.cpp.o
[  9%] Building CXX object CMakeFiles/judas_physics_tests.dir/src/CollisionAsset.cpp.o
[  9%] Building CXX object CMakeFiles/judas_physics_tests.dir/src/CollisionGeometry.cpp.o
[  9%] Building CXX object CMakeFiles/judas_physics_tests.dir/third_party/quickhull/QuickHull.cpp.o
[  9%] Building CXX object CMakeFiles/judas_physics_tests.dir/src/JointSolver.cpp.o
[  9%] Building CXX object CMakeFiles/judas_physics_tests.dir/src/PhysicsCastGeometry.cpp.o
[  9%] Building CXX object CMakeFiles/judas_physics_tests.dir/src/ImpactSolver.cpp.o
[ 10%] Building CXX object CMakeFiles/judas_physics_tests.dir/src/RigidBody.cpp.o
[ 10%] Building CXX object CMakeFiles/judas_physics_tests.dir/src/RigidBodyGravity.cpp.o
[ 10%] Building CXX object CMakeFiles/judas_physics_tests.dir/src/Contacts.cpp.o
[ 10%] Building CXX object CMakeFiles/judas_physics_tests.dir/src/ContactSolver.cpp.o
[ 10%] Linking C static library libharfbuzz.a
[ 10%] Built target harfbuzz
[ 10%] Building CXX object CMakeFiles/judas_rigid_contact_tests.dir/tests/RigidContactTests.cpp.o
[ 10%] Building CXX object CMakeFiles/judas_physics_tests.dir/src/RadialTerrain.cpp.o
[ 10%] Building CXX object CMakeFiles/judas_physics_tests.dir/src/Broadphase.cpp.o
[ 10%] Building CXX object CMakeFiles/judas_rigid_contact_tests.dir/src/CollisionAsset.cpp.o
[ 10%] Building CXX object CMakeFiles/judas_physics_tests.dir/src/Narrowphase.cpp.o
[ 10%] Building CXX object CMakeFiles/judas_rigid_contact_tests.dir/src/CollisionGeometry.cpp.o
[ 10%] Building CXX object CMakeFiles/judas_physics_tests.dir/src/FaithfulGravity.cpp.o
[ 10%] Building CXX object CMakeFiles/judas_physics_tests.dir/src/RadicalGravity.cpp.o
[ 10%] Building CXX object CMakeFiles/judas_physics_tests.dir/src/SphericalVolume.cpp.o
[ 10%] Building CXX object CMakeFiles/judas_physics_tests.dir/src/BoxVolume.cpp.o
[ 11%] Building CXX object CMakeFiles/judas_physics_tests.dir/src/GravityContextMap.cpp.o
[ 11%] Linking CXX executable judas_physics_tests
[ 11%] Built target judas_physics_tests
[ 12%] Building CXX object CMakeFiles/judas_broadphase_tests.dir/tests/BroadphaseTests.cpp.o
[ 12%] Building CXX object CMakeFiles/judas_rigid_contact_tests.dir/third_party/quickhull/QuickHull.cpp.o
[ 12%] Building CXX object CMakeFiles/judas_broadphase_tests.dir/src/CollisionAsset.cpp.o
[ 13%] Building CXX object CMakeFiles/judas_rigid_contact_tests.dir/src/JointSolver.cpp.o
[ 13%] Building CXX object CMakeFiles/judas_rigid_contact_tests.dir/src/PhysicsCastGeometry.cpp.o
[ 13%] Building CXX object CMakeFiles/judas_rigid_contact_tests.dir/src/ImpactSolver.cpp.o
[ 13%] Building CXX object CMakeFiles/judas_broadphase_tests.dir/src/CollisionGeometry.cpp.o
[ 13%] Building CXX object CMakeFiles/judas_rigid_contact_tests.dir/src/RigidBody.cpp.o
[ 13%] Building CXX object CMakeFiles/judas_rigid_contact_tests.dir/src/RigidBodyGravity.cpp.o
[ 13%] Building CXX object CMakeFiles/judas_rigid_contact_tests.dir/src/Contacts.cpp.o
[ 13%] Building CXX object CMakeFiles/judas_broadphase_tests.dir/third_party/quickhull/QuickHull.cpp.o
[ 13%] Building CXX object CMakeFiles/judas_rigid_contact_tests.dir/src/ContactSolver.cpp.o
[ 13%] Building CXX object CMakeFiles/judas_broadphase_tests.dir/src/JointSolver.cpp.o
[ 13%] Building CXX object CMakeFiles/judas_rigid_contact_tests.dir/src/RadialTerrain.cpp.o
[ 13%] Building CXX object CMakeFiles/judas_broadphase_tests.dir/src/PhysicsCastGeometry.cpp.o
[ 13%] Building CXX object CMakeFiles/judas_rigid_contact_tests.dir/src/Broadphase.cpp.o
[ 13%] Building CXX object CMakeFiles/judas_rigid_contact_tests.dir/src/Narrowphase.cpp.o
[ 13%] Building CXX object CMakeFiles/judas_broadphase_tests.dir/src/ImpactSolver.cpp.o
[ 13%] Building CXX object CMakeFiles/judas_broadphase_tests.dir/src/RigidBody.cpp.o
[ 13%] Building CXX object CMakeFiles/judas_broadphase_tests.dir/src/RigidBodyGravity.cpp.o
[ 13%] Building CXX object CMakeFiles/judas_broadphase_tests.dir/src/Contacts.cpp.o
[ 13%] Building CXX object CMakeFiles/judas_rigid_contact_tests.dir/src/PhysicsWorld.cpp.o
[ 13%] Building CXX object CMakeFiles/judas_broadphase_tests.dir/src/ContactSolver.cpp.o
[ 14%] Building CXX object CMakeFiles/judas_broadphase_tests.dir/src/RadialTerrain.cpp.o
[ 14%] Building CXX object CMakeFiles/judas_broadphase_tests.dir/src/Broadphase.cpp.o
[ 14%] Building CXX object CMakeFiles/judas_broadphase_tests.dir/src/Narrowphase.cpp.o
[ 14%] Building CXX object CMakeFiles/judas_broadphase_tests.dir/src/PhysicsWorld.cpp.o
[ 15%] Linking CXX executable judas_rigid_contact_tests
[ 15%] Built target judas_rigid_contact_tests
[ 15%] Building CXX object CMakeFiles/judas_collision_tests.dir/tests/CollisionTests.cpp.o
[ 15%] Building CXX object CMakeFiles/judas_collision_tests.dir/src/CollisionAsset.cpp.o
[ 15%] Building CXX object CMakeFiles/judas_collision_tests.dir/src/CollisionGeometry.cpp.o
[ 16%] Building CXX object CMakeFiles/judas_collision_tests.dir/third_party/quickhull/QuickHull.cpp.o
[ 16%] Linking CXX executable judas_broadphase_tests
[ 16%] Built target judas_broadphase_tests
[ 16%] Building CXX object CMakeFiles/judas_collision_tests.dir/src/JointSolver.cpp.o
[ 16%] Building CXX object CMakeFiles/judas_celestial_gravity_tests.dir/tests/CelestialGravityTests.cpp.o
[ 16%] Building CXX object CMakeFiles/judas_celestial_gravity_tests.dir/src/CollisionAsset.cpp.o
[ 16%] Building CXX object CMakeFiles/judas_collision_tests.dir/src/PhysicsCastGeometry.cpp.o
[ 16%] Building CXX object CMakeFiles/judas_collision_tests.dir/src/ImpactSolver.cpp.o
[ 16%] Building CXX object CMakeFiles/judas_collision_tests.dir/src/RigidBody.cpp.o
[ 16%] Building CXX object CMakeFiles/judas_collision_tests.dir/src/RigidBodyGravity.cpp.o
[ 16%] Building CXX object CMakeFiles/judas_collision_tests.dir/src/Contacts.cpp.o
[ 16%] Building CXX object CMakeFiles/judas_celestial_gravity_tests.dir/src/CollisionGeometry.cpp.o
[ 16%] Building CXX object CMakeFiles/judas_collision_tests.dir/src/ContactSolver.cpp.o
[ 16%] Building CXX object CMakeFiles/judas_celestial_gravity_tests.dir/third_party/quickhull/QuickHull.cpp.o
[ 16%] Building CXX object CMakeFiles/judas_collision_tests.dir/src/RadialTerrain.cpp.o
[ 16%] Building CXX object CMakeFiles/judas_collision_tests.dir/src/Broadphase.cpp.o
[ 16%] Building CXX object CMakeFiles/judas_collision_tests.dir/src/Narrowphase.cpp.o
[ 16%] Building CXX object CMakeFiles/judas_celestial_gravity_tests.dir/src/JointSolver.cpp.o
[ 16%] Building CXX object CMakeFiles/judas_celestial_gravity_tests.dir/src/PhysicsCastGeometry.cpp.o
[ 17%] Building CXX object CMakeFiles/judas_celestial_gravity_tests.dir/src/ImpactSolver.cpp.o
[ 17%] Building CXX object CMakeFiles/judas_celestial_gravity_tests.dir/src/RigidBody.cpp.o
[ 17%] Building CXX object CMakeFiles/judas_celestial_gravity_tests.dir/src/RigidBodyGravity.cpp.o
[ 17%] Building CXX object CMakeFiles/judas_celestial_gravity_tests.dir/src/Contacts.cpp.o
[ 18%] Building CXX object CMakeFiles/judas_collision_tests.dir/src/FaithfulGravity.cpp.o
[ 18%] Building CXX object CMakeFiles/judas_collision_tests.dir/src/RadicalGravity.cpp.o
[ 18%] Building CXX object CMakeFiles/judas_collision_tests.dir/src/SphericalVolume.cpp.o
[ 18%] Building CXX object CMakeFiles/judas_collision_tests.dir/src/BoxVolume.cpp.o
[ 18%] Building CXX object CMakeFiles/judas_collision_tests.dir/src/GravityContextMap.cpp.o
[ 18%] Linking CXX executable judas_collision_tests
[ 18%] Built target judas_collision_tests
[ 18%] Building CXX object CMakeFiles/judas_step_climb_tests.dir/tests/StepClimbTests.cpp.o
[ 18%] Building CXX object CMakeFiles/judas_step_climb_tests.dir/src/StepClimb.cpp.o
[ 18%] Building CXX object CMakeFiles/judas_step_climb_tests.dir/src/CollisionAsset.cpp.o
[ 18%] Building CXX object CMakeFiles/judas_celestial_gravity_tests.dir/src/ContactSolver.cpp.o
[ 18%] Building CXX object CMakeFiles/judas_celestial_gravity_tests.dir/src/RadialTerrain.cpp.o
[ 18%] Building CXX object CMakeFiles/judas_celestial_gravity_tests.dir/src/Broadphase.cpp.o
[ 18%] Building CXX object CMakeFiles/judas_celestial_gravity_tests.dir/src/Narrowphase.cpp.o
[ 19%] Building CXX object CMakeFiles/judas_step_climb_tests.dir/src/CollisionGeometry.cpp.o
[ 19%] Building CXX object CMakeFiles/judas_celestial_gravity_tests.dir/src/PhysicsWorld.cpp.o
[ 19%] Building CXX object CMakeFiles/judas_step_climb_tests.dir/third_party/quickhull/QuickHull.cpp.o
[ 19%] Building CXX object CMakeFiles/judas_step_climb_tests.dir/src/JointSolver.cpp.o
[ 19%] Building CXX object CMakeFiles/judas_step_climb_tests.dir/src/PhysicsCastGeometry.cpp.o
[ 19%] Building CXX object CMakeFiles/judas_step_climb_tests.dir/src/ImpactSolver.cpp.o
[ 19%] Building CXX object CMakeFiles/judas_step_climb_tests.dir/src/RigidBody.cpp.o
[ 19%] Building CXX object CMakeFiles/judas_step_climb_tests.dir/src/RigidBodyGravity.cpp.o
[ 19%] Building CXX object CMakeFiles/judas_step_climb_tests.dir/src/Contacts.cpp.o
[ 19%] Building CXX object CMakeFiles/judas_celestial_gravity_tests.dir/src/CelestialGravity.cpp.o
[ 19%] Building CXX object CMakeFiles/judas_step_climb_tests.dir/src/ContactSolver.cpp.o
[ 19%] Linking CXX executable judas_celestial_gravity_tests
[ 19%] Built target judas_celestial_gravity_tests
[ 19%] Building CXX object CMakeFiles/judas_pilot_attachment_tests.dir/tests/PilotAttachmentTests.cpp.o
[ 19%] Building CXX object CMakeFiles/judas_step_climb_tests.dir/src/RadialTerrain.cpp.o
[ 19%] Building CXX object CMakeFiles/judas_pilot_attachment_tests.dir/src/PilotAttachment.cpp.o
[ 19%] Building CXX object CMakeFiles/judas_step_climb_tests.dir/src/Broadphase.cpp.o
[ 19%] Linking CXX executable judas_pilot_attachment_tests
[ 19%] Built target judas_pilot_attachment_tests
[ 19%] Building CXX object CMakeFiles/judas_pilot_dismount_tests.dir/tests/PilotDismountTests.cpp.o
[ 20%] Building CXX object CMakeFiles/judas_step_climb_tests.dir/src/Narrowphase.cpp.o
[ 20%] Building CXX object CMakeFiles/judas_pilot_dismount_tests.dir/src/PilotAttachment.cpp.o
[ 20%] Building CXX object CMakeFiles/judas_pilot_dismount_tests.dir/src/CollisionAsset.cpp.o
[ 20%] Building CXX object CMakeFiles/judas_step_climb_tests.dir/src/PhysicsWorld.cpp.o
[ 20%] Building CXX object CMakeFiles/judas_pilot_dismount_tests.dir/src/CollisionGeometry.cpp.o
[ 20%] Building CXX object CMakeFiles/judas_pilot_dismount_tests.dir/third_party/quickhull/QuickHull.cpp.o
[ 20%] Building CXX object CMakeFiles/judas_pilot_dismount_tests.dir/src/JointSolver.cpp.o
[ 21%] Building CXX object CMakeFiles/judas_pilot_dismount_tests.dir/src/PhysicsCastGeometry.cpp.o
[ 21%] Building CXX object CMakeFiles/judas_pilot_dismount_tests.dir/src/ImpactSolver.cpp.o
[ 21%] Building CXX object CMakeFiles/judas_pilot_dismount_tests.dir/src/RigidBody.cpp.o
[ 21%] Building CXX object CMakeFiles/judas_pilot_dismount_tests.dir/src/RigidBodyGravity.cpp.o
[ 21%] Linking CXX executable judas_step_climb_tests
[ 21%] Built target judas_step_climb_tests
[ 22%] Building CXX object CMakeFiles/judas_spacecraft_control_tests.dir/tests/SpacecraftControlTests.cpp.o
[ 22%] Building CXX object CMakeFiles/judas_pilot_dismount_tests.dir/src/Contacts.cpp.o
[ 22%] Building CXX object CMakeFiles/judas_spacecraft_control_tests.dir/src/FlyingPrimitiveControl.cpp.o
[ 22%] Building CXX object CMakeFiles/judas_spacecraft_control_tests.dir/src/Window.cpp.o
[ 22%] Building CXX object CMakeFiles/judas_pilot_dismount_tests.dir/src/ContactSolver.cpp.o
[ 22%] Building CXX object CMakeFiles/judas_pilot_dismount_tests.dir/src/RadialTerrain.cpp.o
[ 22%] Building CXX object CMakeFiles/judas_spacecraft_control_tests.dir/src/InputSystem.cpp.o
[ 22%] Building CXX object CMakeFiles/judas_pilot_dismount_tests.dir/src/Broadphase.cpp.o
[ 22%] Building CXX object CMakeFiles/judas_pilot_dismount_tests.dir/src/Narrowphase.cpp.o
[ 22%] Building CXX object CMakeFiles/judas_spacecraft_control_tests.dir/src/CollisionAsset.cpp.o
[ 22%] Building CXX object CMakeFiles/judas_pilot_dismount_tests.dir/src/PhysicsWorld.cpp.o
[ 22%] Building CXX object CMakeFiles/judas_spacecraft_control_tests.dir/src/CollisionGeometry.cpp.o
[ 22%] Building CXX object CMakeFiles/judas_spacecraft_control_tests.dir/third_party/quickhull/QuickHull.cpp.o
[ 22%] Building CXX object CMakeFiles/judas_spacecraft_control_tests.dir/src/JointSolver.cpp.o
[ 22%] Building CXX object CMakeFiles/judas_spacecraft_control_tests.dir/src/PhysicsCastGeometry.cpp.o
[ 22%] Building CXX object CMakeFiles/judas_spacecraft_control_tests.dir/src/ImpactSolver.cpp.o
[ 22%] Linking CXX executable judas_pilot_dismount_tests
[ 22%] Building CXX object CMakeFiles/judas_spacecraft_control_tests.dir/src/RigidBody.cpp.o
[ 22%] Built target judas_pilot_dismount_tests
[ 22%] Building CXX object CMakeFiles/judas_spacecraft_flight_tests.dir/tests/SpacecraftFlightTests.cpp.o
[ 23%] Building CXX object CMakeFiles/judas_spacecraft_control_tests.dir/src/RigidBodyGravity.cpp.o
[ 23%] Building CXX object CMakeFiles/judas_spacecraft_control_tests.dir/src/Contacts.cpp.o
[ 23%] Building CXX object CMakeFiles/judas_spacecraft_flight_tests.dir/src/FlyingPrimitiveControl.cpp.o
[ 23%] Building CXX object CMakeFiles/judas_spacecraft_flight_tests.dir/src/Window.cpp.o
[ 23%] Building CXX object CMakeFiles/judas_spacecraft_control_tests.dir/src/ContactSolver.cpp.o
[ 24%] Building CXX object CMakeFiles/judas_spacecraft_flight_tests.dir/src/InputSystem.cpp.o
[ 24%] Building CXX object CMakeFiles/judas_spacecraft_control_tests.dir/src/RadialTerrain.cpp.o
[ 24%] Building CXX object CMakeFiles/judas_spacecraft_control_tests.dir/src/Broadphase.cpp.o
[ 24%] Building CXX object CMakeFiles/judas_spacecraft_control_tests.dir/src/Narrowphase.cpp.o
[ 24%] Building CXX object CMakeFiles/judas_spacecraft_flight_tests.dir/src/CollisionAsset.cpp.o
[ 24%] Building CXX object CMakeFiles/judas_spacecraft_control_tests.dir/src/PhysicsWorld.cpp.o
[ 24%] Building CXX object CMakeFiles/judas_spacecraft_flight_tests.dir/src/CollisionGeometry.cpp.o
[ 24%] Building CXX object CMakeFiles/judas_spacecraft_flight_tests.dir/third_party/quickhull/QuickHull.cpp.o
[ 24%] Building CXX object CMakeFiles/judas_spacecraft_flight_tests.dir/src/JointSolver.cpp.o
[ 24%] Building CXX object CMakeFiles/judas_spacecraft_flight_tests.dir/src/PhysicsCastGeometry.cpp.o
[ 24%] Building CXX object CMakeFiles/judas_spacecraft_flight_tests.dir/src/ImpactSolver.cpp.o
[ 24%] Building CXX object CMakeFiles/judas_spacecraft_flight_tests.dir/src/RigidBody.cpp.o
[ 24%] Building CXX object CMakeFiles/judas_spacecraft_flight_tests.dir/src/RigidBodyGravity.cpp.o
[ 24%] Building CXX object CMakeFiles/judas_spacecraft_flight_tests.dir/src/Contacts.cpp.o
[ 24%] Linking CXX executable judas_spacecraft_control_tests
[ 24%] Built target judas_spacecraft_control_tests
[ 24%] Building CXX object CMakeFiles/judas_reference_frame_tests.dir/tests/ReferenceFrameTests.cpp.o
[ 24%] Building CXX object CMakeFiles/judas_reference_frame_tests.dir/src/ReferenceFrame.cpp.o
[ 24%] Building CXX object CMakeFiles/judas_reference_frame_tests.dir/src/PilotAttachment.cpp.o
[ 24%] Building CXX object CMakeFiles/judas_reference_frame_tests.dir/src/CollisionAsset.cpp.o
[ 24%] Building CXX object CMakeFiles/judas_spacecraft_flight_tests.dir/src/ContactSolver.cpp.o
[ 25%] Building CXX object CMakeFiles/judas_spacecraft_flight_tests.dir/src/RadialTerrain.cpp.o
[ 25%] Building CXX object CMakeFiles/judas_spacecraft_flight_tests.dir/src/Broadphase.cpp.o
[ 25%] Building CXX object CMakeFiles/judas_spacecraft_flight_tests.dir/src/Narrowphase.cpp.o
[ 25%] Building CXX object CMakeFiles/judas_reference_frame_tests.dir/src/CollisionGeometry.cpp.o
[ 26%] Building CXX object CMakeFiles/judas_reference_frame_tests.dir/third_party/quickhull/QuickHull.cpp.o
[ 26%] Building CXX object CMakeFiles/judas_spacecraft_flight_tests.dir/src/PhysicsWorld.cpp.o
[ 26%] Building CXX object CMakeFiles/judas_reference_frame_tests.dir/src/JointSolver.cpp.o
[ 26%] Building CXX object CMakeFiles/judas_reference_frame_tests.dir/src/PhysicsCastGeometry.cpp.o
[ 26%] Building CXX object CMakeFiles/judas_reference_frame_tests.dir/src/ImpactSolver.cpp.o
[ 26%] Building CXX object CMakeFiles/judas_reference_frame_tests.dir/src/RigidBody.cpp.o
[ 26%] Building CXX object CMakeFiles/judas_reference_frame_tests.dir/src/RigidBodyGravity.cpp.o
[ 26%] Building CXX object CMakeFiles/judas_reference_frame_tests.dir/src/Contacts.cpp.o
[ 26%] Building CXX object CMakeFiles/judas_reference_frame_tests.dir/src/ContactSolver.cpp.o
[ 26%] Building CXX object CMakeFiles/judas_spacecraft_flight_tests.dir/src/CelestialGravity.cpp.o
[ 26%] Building CXX object CMakeFiles/judas_reference_frame_tests.dir/src/RadialTerrain.cpp.o
[ 26%] Linking CXX executable judas_spacecraft_flight_tests
[ 26%] Built target judas_spacecraft_flight_tests
[ 26%] Building CXX object CMakeFiles/judas_shadow_tests.dir/tests/ShadowTests.cpp.o
[ 26%] Building CXX object CMakeFiles/judas_shadow_tests.dir/src/ShadowTransforms.cpp.o
[ 26%] Building CXX object CMakeFiles/judas_reference_frame_tests.dir/src/Broadphase.cpp.o
[ 27%] Linking CXX executable judas_shadow_tests
[ 27%] Built target judas_shadow_tests
[ 27%] Building CXX object CMakeFiles/judas_player_view_tests.dir/tests/PlayerViewTests.cpp.o
[ 27%] Building CXX object CMakeFiles/judas_reference_frame_tests.dir/src/Narrowphase.cpp.o
[ 27%] Building CXX object CMakeFiles/judas_player_view_tests.dir/src/PlayerView.cpp.o
[ 28%] Building CXX object CMakeFiles/judas_player_view_tests.dir/src/LightTransforms.cpp.o
[ 28%] Linking CXX executable judas_player_view_tests
[ 28%] Built target judas_player_view_tests
[ 29%] Building CXX object CMakeFiles/judas_object_manipulation_tests.dir/tests/ObjectManipulationTests.cpp.o
[ 29%] Building CXX object CMakeFiles/judas_object_manipulation_tests.dir/src/ObjectManipulation.cpp.o
[ 29%] Building CXX object CMakeFiles/judas_object_manipulation_tests.dir/src/InteractionSystem.cpp.o
[ 29%] Building CXX object CMakeFiles/judas_object_manipulation_tests.dir/src/DynamicBody.cpp.o
[ 29%] Building CXX object CMakeFiles/judas_object_manipulation_tests.dir/src/CollisionAsset.cpp.o
[ 30%] Building CXX object CMakeFiles/judas_reference_frame_tests.dir/src/PhysicsWorld.cpp.o
[ 30%] Building CXX object CMakeFiles/judas_object_manipulation_tests.dir/src/CollisionGeometry.cpp.o
[ 30%] Building CXX object CMakeFiles/judas_object_manipulation_tests.dir/third_party/quickhull/QuickHull.cpp.o
[ 30%] Building CXX object CMakeFiles/judas_object_manipulation_tests.dir/src/JointSolver.cpp.o
[ 30%] Linking CXX executable judas_reference_frame_tests
[ 30%] Built target judas_reference_frame_tests
[ 31%] Building CXX object CMakeFiles/judas_player_curved_locomotion_tests.dir/tests/PlayerCurvedLocomotionTests.cpp.o
[ 31%] Building CXX object CMakeFiles/judas_object_manipulation_tests.dir/src/PhysicsCastGeometry.cpp.o
[ 31%] Building CXX object CMakeFiles/judas_player_curved_locomotion_tests.dir/src/CharacterMotor.cpp.o
[ 31%] Building CXX object CMakeFiles/judas_object_manipulation_tests.dir/src/ImpactSolver.cpp.o
[ 31%] Building CXX object CMakeFiles/judas_player_curved_locomotion_tests.dir/src/PlayerController.cpp.o
[ 31%] Building CXX object CMakeFiles/judas_object_manipulation_tests.dir/src/RigidBody.cpp.o
[ 32%] Building CXX object CMakeFiles/judas_object_manipulation_tests.dir/src/RigidBodyGravity.cpp.o
[ 32%] Building CXX object CMakeFiles/judas_object_manipulation_tests.dir/src/Contacts.cpp.o
[ 32%] Building CXX object CMakeFiles/judas_player_curved_locomotion_tests.dir/src/PlayerView.cpp.o
[ 32%] Building CXX object CMakeFiles/judas_player_curved_locomotion_tests.dir/src/LightTransforms.cpp.o
[ 32%] Building CXX object CMakeFiles/judas_player_curved_locomotion_tests.dir/src/PilotControl.cpp.o
[ 32%] Building CXX object CMakeFiles/judas_player_curved_locomotion_tests.dir/src/PilotAttachment.cpp.o
[ 32%] Building CXX object CMakeFiles/judas_player_curved_locomotion_tests.dir/src/FlyingPrimitiveControl.cpp.o
[ 32%] Building CXX object CMakeFiles/judas_object_manipulation_tests.dir/src/ContactSolver.cpp.o
[ 32%] Building CXX object CMakeFiles/judas_player_curved_locomotion_tests.dir/src/Window.cpp.o
[ 32%] Building CXX object CMakeFiles/judas_object_manipulation_tests.dir/src/RadialTerrain.cpp.o
[ 32%] Building CXX object CMakeFiles/judas_object_manipulation_tests.dir/src/Broadphase.cpp.o
[ 32%] Building CXX object CMakeFiles/judas_object_manipulation_tests.dir/src/Narrowphase.cpp.o
[ 32%] Building CXX object CMakeFiles/judas_player_curved_locomotion_tests.dir/src/InputSystem.cpp.o
[ 32%] Building CXX object CMakeFiles/judas_player_curved_locomotion_tests.dir/src/StepClimb.cpp.o
[ 33%] Building CXX object CMakeFiles/judas_player_curved_locomotion_tests.dir/src/PhysicsWorld.cpp.o
[ 33%] Building CXX object CMakeFiles/judas_object_manipulation_tests.dir/src/FaithfulGravity.cpp.o
[ 33%] Building CXX object CMakeFiles/judas_object_manipulation_tests.dir/src/RadicalGravity.cpp.o
[ 33%] Building CXX object CMakeFiles/judas_object_manipulation_tests.dir/src/SphericalVolume.cpp.o
[ 33%] Building CXX object CMakeFiles/judas_object_manipulation_tests.dir/src/BoxVolume.cpp.o
[ 33%] Building CXX object CMakeFiles/judas_object_manipulation_tests.dir/src/GravityContextMap.cpp.o
[ 34%] Building CXX object CMakeFiles/judas_object_manipulation_tests.dir/src/PhysicsWorld.cpp.o
[ 34%] Building CXX object CMakeFiles/judas_player_curved_locomotion_tests.dir/src/CollisionAsset.cpp.o
[ 34%] Linking CXX executable judas_object_manipulation_tests
[ 34%] Built target judas_object_manipulation_tests
[ 34%] Building CXX object CMakeFiles/judas_world_coordinates_tests.dir/tests/WorldCoordinatesTests.cpp.o
[ 34%] Building CXX object CMakeFiles/judas_player_curved_locomotion_tests.dir/src/CollisionGeometry.cpp.o
[ 34%] Building CXX object CMakeFiles/judas_world_coordinates_tests.dir/src/CelestialGravity.cpp.o
[ 34%] Building CXX object CMakeFiles/judas_world_coordinates_tests.dir/src/DynamicBody.cpp.o
[ 34%] Building CXX object CMakeFiles/judas_world_coordinates_tests.dir/src/FlyingPrimitiveControl.cpp.o
[ 34%] Building CXX object CMakeFiles/judas_player_curved_locomotion_tests.dir/third_party/quickhull/QuickHull.cpp.o
[ 34%] Building CXX object CMakeFiles/judas_world_coordinates_tests.dir/src/InteractionSystem.cpp.o
[ 34%] Building CXX object CMakeFiles/judas_world_coordinates_tests.dir/src/ObjectManipulation.cpp.o
[ 34%] Building CXX object CMakeFiles/judas_world_coordinates_tests.dir/src/CharacterMotor.cpp.o
[ 34%] Building CXX object CMakeFiles/judas_player_curved_locomotion_tests.dir/src/JointSolver.cpp.o
[ 34%] Building CXX object CMakeFiles/judas_world_coordinates_tests.dir/src/PlayerController.cpp.o
[ 34%] Building CXX object CMakeFiles/judas_player_curved_locomotion_tests.dir/src/PhysicsCastGeometry.cpp.o
[ 35%] Building CXX object CMakeFiles/judas_world_coordinates_tests.dir/src/PlayerView.cpp.o
[ 35%] Building CXX object CMakeFiles/judas_player_curved_locomotion_tests.dir/src/ImpactSolver.cpp.o
[ 35%] Building CXX object CMakeFiles/judas_world_coordinates_tests.dir/src/LightTransforms.cpp.o
[ 35%] Building CXX object CMakeFiles/judas_world_coordinates_tests.dir/src/ReferenceFrame.cpp.o
[ 35%] Building CXX object CMakeFiles/judas_player_curved_locomotion_tests.dir/src/RigidBody.cpp.o
[ 35%] Building CXX object CMakeFiles/judas_world_coordinates_tests.dir/src/ShadowTransforms.cpp.o
[ 35%] Building CXX object CMakeFiles/judas_player_curved_locomotion_tests.dir/src/RigidBodyGravity.cpp.o
[ 35%] Building CXX object CMakeFiles/judas_world_coordinates_tests.dir/src/Window.cpp.o
[ 35%] Building CXX object CMakeFiles/judas_player_curved_locomotion_tests.dir/src/Contacts.cpp.o
[ 35%] Building CXX object CMakeFiles/judas_world_coordinates_tests.dir/src/InputSystem.cpp.o
[ 35%] Building CXX object CMakeFiles/judas_player_curved_locomotion_tests.dir/src/ContactSolver.cpp.o
[ 35%] Building CXX object CMakeFiles/judas_world_coordinates_tests.dir/src/StepClimb.cpp.o
[ 35%] Building CXX object CMakeFiles/judas_world_coordinates_tests.dir/src/PhysicsWorld.cpp.o
[ 36%] Building CXX object CMakeFiles/judas_player_curved_locomotion_tests.dir/src/RadialTerrain.cpp.o
[ 36%] Building CXX object CMakeFiles/judas_player_curved_locomotion_tests.dir/src/Broadphase.cpp.o
[ 36%] Building CXX object CMakeFiles/judas_player_curved_locomotion_tests.dir/src/Narrowphase.cpp.o
[ 36%] Building CXX object CMakeFiles/judas_player_curved_locomotion_tests.dir/src/RadicalGravity.cpp.o
[ 36%] Linking CXX executable judas_player_curved_locomotion_tests
[ 36%] Built target judas_player_curved_locomotion_tests
[ 36%] Building CXX object CMakeFiles/judas_compound_body_tests.dir/tests/CompoundBodyTests.cpp.o
[ 36%] Building CXX object CMakeFiles/judas_compound_body_tests.dir/src/CollisionAsset.cpp.o
[ 36%] Building CXX object CMakeFiles/judas_world_coordinates_tests.dir/src/CollisionAsset.cpp.o
[ 36%] Building CXX object CMakeFiles/judas_compound_body_tests.dir/src/CollisionGeometry.cpp.o
[ 36%] Building CXX object CMakeFiles/judas_world_coordinates_tests.dir/src/CollisionGeometry.cpp.o
[ 36%] Building CXX object CMakeFiles/judas_compound_body_tests.dir/third_party/quickhull/QuickHull.cpp.o
[ 36%] Building CXX object CMakeFiles/judas_world_coordinates_tests.dir/third_party/quickhull/QuickHull.cpp.o
[ 36%] Building CXX object CMakeFiles/judas_compound_body_tests.dir/src/JointSolver.cpp.o
[ 36%] Building CXX object CMakeFiles/judas_compound_body_tests.dir/src/PhysicsCastGeometry.cpp.o
[ 36%] Building CXX object CMakeFiles/judas_compound_body_tests.dir/src/ImpactSolver.cpp.o
[ 37%] Building CXX object CMakeFiles/judas_world_coordinates_tests.dir/src/JointSolver.cpp.o
[ 37%] Building CXX object CMakeFiles/judas_compound_body_tests.dir/src/RigidBody.cpp.o
[ 37%] Building CXX object CMakeFiles/judas_world_coordinates_tests.dir/src/PhysicsCastGeometry.cpp.o
[ 37%] Building CXX object CMakeFiles/judas_compound_body_tests.dir/src/RigidBodyGravity.cpp.o
[ 37%] Building CXX object CMakeFiles/judas_compound_body_tests.dir/src/Contacts.cpp.o
[ 37%] Building CXX object CMakeFiles/judas_world_coordinates_tests.dir/src/ImpactSolver.cpp.o
[ 37%] Building CXX object CMakeFiles/judas_world_coordinates_tests.dir/src/RigidBody.cpp.o
[ 37%] Building CXX object CMakeFiles/judas_world_coordinates_tests.dir/src/RigidBodyGravity.cpp.o
[ 37%] Building CXX object CMakeFiles/judas_world_coordinates_tests.dir/src/Contacts.cpp.o
[ 38%] Building CXX object CMakeFiles/judas_compound_body_tests.dir/src/ContactSolver.cpp.o
[ 38%] Building CXX object CMakeFiles/judas_compound_body_tests.dir/src/RadialTerrain.cpp.o
[ 38%] Building CXX object CMakeFiles/judas_compound_body_tests.dir/src/Broadphase.cpp.o
[ 38%] Building CXX object CMakeFiles/judas_compound_body_tests.dir/src/Narrowphase.cpp.o
[ 38%] Building CXX object CMakeFiles/judas_world_coordinates_tests.dir/src/ContactSolver.cpp.o
[ 38%] Building CXX object CMakeFiles/judas_world_coordinates_tests.dir/src/RadialTerrain.cpp.o
[ 38%] Building CXX object CMakeFiles/judas_world_coordinates_tests.dir/src/Broadphase.cpp.o
[ 38%] Building CXX object CMakeFiles/judas_world_coordinates_tests.dir/src/Narrowphase.cpp.o
[ 38%] Building CXX object CMakeFiles/judas_compound_body_tests.dir/src/PhysicsWorld.cpp.o
[ 38%] Building CXX object CMakeFiles/judas_world_coordinates_tests.dir/src/FaithfulGravity.cpp.o
[ 39%] Building CXX object CMakeFiles/judas_world_coordinates_tests.dir/src/RadicalGravity.cpp.o
[ 39%] Building CXX object CMakeFiles/judas_world_coordinates_tests.dir/src/SphericalVolume.cpp.o
[ 39%] Building CXX object CMakeFiles/judas_world_coordinates_tests.dir/src/BoxVolume.cpp.o
[ 39%] Building CXX object CMakeFiles/judas_world_coordinates_tests.dir/src/GravityContextMap.cpp.o
[ 39%] Linking CXX executable judas_world_coordinates_tests
[ 39%] Built target judas_world_coordinates_tests
[ 40%] Building CXX object CMakeFiles/judas_fluid_world_tests.dir/tests/FluidWorldTests.cpp.o
[ 40%] Building CXX object CMakeFiles/judas_fluid_world_tests.dir/src/FluidWorld.cpp.o
[ 40%] Building CXX object CMakeFiles/judas_fluid_world_tests.dir/src/CollisionAsset.cpp.o
[ 40%] Linking CXX executable judas_compound_body_tests
[ 40%] Built target judas_compound_body_tests
[ 40%] Building CXX object CMakeFiles/judas_fluid_rigid_coupling_tests.dir/tests/FluidRigidCouplingTests.cpp.o
[ 40%] Building CXX object CMakeFiles/judas_fluid_rigid_coupling_tests.dir/src/FluidWorld.cpp.o
[ 40%] Building CXX object CMakeFiles/judas_fluid_world_tests.dir/src/CollisionGeometry.cpp.o
[ 41%] Building CXX object CMakeFiles/judas_fluid_rigid_coupling_tests.dir/src/ObjectManipulation.cpp.o
[ 41%] Building CXX object CMakeFiles/judas_fluid_rigid_coupling_tests.dir/src/DynamicBody.cpp.o
[ 41%] Building CXX object CMakeFiles/judas_fluid_world_tests.dir/third_party/quickhull/QuickHull.cpp.o
[ 41%] Building CXX object CMakeFiles/judas_fluid_rigid_coupling_tests.dir/src/CollisionAsset.cpp.o
[ 41%] Building CXX object CMakeFiles/judas_fluid_world_tests.dir/src/JointSolver.cpp.o
[ 41%] Building CXX object CMakeFiles/judas_fluid_world_tests.dir/src/PhysicsCastGeometry.cpp.o
[ 41%] Building CXX object CMakeFiles/judas_fluid_rigid_coupling_tests.dir/src/CollisionGeometry.cpp.o
[ 41%] Building CXX object CMakeFiles/judas_fluid_world_tests.dir/src/ImpactSolver.cpp.o
[ 41%] Building CXX object CMakeFiles/judas_fluid_world_tests.dir/src/RigidBody.cpp.o
[ 41%] Building CXX object CMakeFiles/judas_fluid_world_tests.dir/src/RigidBodyGravity.cpp.o
[ 41%] Building CXX object CMakeFiles/judas_fluid_world_tests.dir/src/Contacts.cpp.o
[ 41%] Building CXX object CMakeFiles/judas_fluid_rigid_coupling_tests.dir/third_party/quickhull/QuickHull.cpp.o
[ 41%] Building CXX object CMakeFiles/judas_fluid_rigid_coupling_tests.dir/src/JointSolver.cpp.o
[ 42%] Building CXX object CMakeFiles/judas_fluid_world_tests.dir/src/ContactSolver.cpp.o
[ 42%] Building CXX object CMakeFiles/judas_fluid_rigid_coupling_tests.dir/src/PhysicsCastGeometry.cpp.o
[ 42%] Building CXX object CMakeFiles/judas_fluid_world_tests.dir/src/RadialTerrain.cpp.o
[ 42%] Building CXX object CMakeFiles/judas_fluid_world_tests.dir/src/Broadphase.cpp.o
[ 42%] Building CXX object CMakeFiles/judas_fluid_rigid_coupling_tests.dir/src/ImpactSolver.cpp.o
[ 42%] Building CXX object CMakeFiles/judas_fluid_world_tests.dir/src/Narrowphase.cpp.o
[ 42%] Building CXX object CMakeFiles/judas_fluid_rigid_coupling_tests.dir/src/RigidBody.cpp.o
[ 42%] Building CXX object CMakeFiles/judas_fluid_rigid_coupling_tests.dir/src/RigidBodyGravity.cpp.o
[ 42%] Building CXX object CMakeFiles/judas_fluid_rigid_coupling_tests.dir/src/Contacts.cpp.o
[ 42%] Building CXX object CMakeFiles/judas_fluid_world_tests.dir/src/FaithfulGravity.cpp.o
[ 42%] Building CXX object CMakeFiles/judas_fluid_world_tests.dir/src/RadicalGravity.cpp.o
[ 43%] Building CXX object CMakeFiles/judas_fluid_rigid_coupling_tests.dir/src/ContactSolver.cpp.o
[ 43%] Building CXX object CMakeFiles/judas_fluid_world_tests.dir/src/SphericalVolume.cpp.o
[ 43%] Building CXX object CMakeFiles/judas_fluid_world_tests.dir/src/BoxVolume.cpp.o
[ 43%] Building CXX object CMakeFiles/judas_fluid_world_tests.dir/src/GravityContextMap.cpp.o
[ 43%] Building CXX object CMakeFiles/judas_fluid_rigid_coupling_tests.dir/src/RadialTerrain.cpp.o
[ 43%] Building CXX object CMakeFiles/judas_fluid_world_tests.dir/src/PhysicsWorld.cpp.o
[ 43%] Building CXX object CMakeFiles/judas_fluid_rigid_coupling_tests.dir/src/Broadphase.cpp.o
[ 43%] Building CXX object CMakeFiles/judas_fluid_rigid_coupling_tests.dir/src/Narrowphase.cpp.o
[ 43%] Building CXX object CMakeFiles/judas_fluid_rigid_coupling_tests.dir/src/PhysicsWorld.cpp.o
[ 43%] Linking CXX executable judas_fluid_world_tests
[ 43%] Built target judas_fluid_world_tests
[ 43%] Building CXX object CMakeFiles/judas_fluid_surface_tests.dir/tests/FluidSurfaceTests.cpp.o
[ 43%] Building CXX object CMakeFiles/judas_fluid_surface_tests.dir/src/FluidSurface.cpp.o
[ 43%] Linking CXX executable judas_fluid_surface_tests
[ 43%] Built target judas_fluid_surface_tests
[ 43%] Building CXX object CMakeFiles/judas_terrain_physics_tests.dir/tests/TerrainPhysicsTests.cpp.o
[ 43%] Building CXX object CMakeFiles/judas_terrain_physics_tests.dir/src/TerrainDemo.cpp.o
[ 43%] Building CXX object CMakeFiles/judas_terrain_physics_tests.dir/src/CharacterMotor.cpp.o
[ 43%] Linking CXX executable judas_fluid_rigid_coupling_tests
[ 43%] Built target judas_fluid_rigid_coupling_tests
[ 43%] Building CXX object CMakeFiles/judas_terrain_fluid_tests.dir/tests/TerrainFluidTests.cpp.o
[ 43%] Building CXX object CMakeFiles/judas_terrain_physics_tests.dir/src/PlayerController.cpp.o
[ 43%] Building CXX object CMakeFiles/judas_terrain_physics_tests.dir/src/PlayerView.cpp.o
[ 43%] Building CXX object CMakeFiles/judas_terrain_physics_tests.dir/src/LightTransforms.cpp.o
[ 43%] Building CXX object CMakeFiles/judas_terrain_fluid_tests.dir/src/TerrainDemo.cpp.o
[ 43%] Building CXX object CMakeFiles/judas_terrain_physics_tests.dir/src/StepClimb.cpp.o
[ 43%] Building CXX object CMakeFiles/judas_terrain_fluid_tests.dir/src/FluidWorld.cpp.o
[ 44%] Building CXX object CMakeFiles/judas_terrain_physics_tests.dir/src/Window.cpp.o
[ 44%] Building CXX object CMakeFiles/judas_terrain_physics_tests.dir/src/InputSystem.cpp.o
[ 44%] Building CXX object CMakeFiles/judas_terrain_fluid_tests.dir/src/CollisionAsset.cpp.o
[ 44%] Building CXX object CMakeFiles/judas_terrain_physics_tests.dir/src/CollisionAsset.cpp.o
[ 44%] Building CXX object CMakeFiles/judas_terrain_fluid_tests.dir/src/CollisionGeometry.cpp.o
[ 44%] Building CXX object CMakeFiles/judas_terrain_physics_tests.dir/src/CollisionGeometry.cpp.o
[ 44%] Building CXX object CMakeFiles/judas_terrain_fluid_tests.dir/third_party/quickhull/QuickHull.cpp.o
[ 44%] Building CXX object CMakeFiles/judas_terrain_physics_tests.dir/third_party/quickhull/QuickHull.cpp.o
[ 44%] Building CXX object CMakeFiles/judas_terrain_fluid_tests.dir/src/JointSolver.cpp.o
[ 44%] Building CXX object CMakeFiles/judas_terrain_physics_tests.dir/src/JointSolver.cpp.o
[ 44%] Building CXX object CMakeFiles/judas_terrain_fluid_tests.dir/src/PhysicsCastGeometry.cpp.o
[ 44%] Building CXX object CMakeFiles/judas_terrain_physics_tests.dir/src/PhysicsCastGeometry.cpp.o
[ 45%] Building CXX object CMakeFiles/judas_terrain_fluid_tests.dir/src/ImpactSolver.cpp.o
[ 45%] Building CXX object CMakeFiles/judas_terrain_physics_tests.dir/src/ImpactSolver.cpp.o
[ 45%] Building CXX object CMakeFiles/judas_terrain_fluid_tests.dir/src/RigidBody.cpp.o
[ 45%] Building CXX object CMakeFiles/judas_terrain_fluid_tests.dir/src/RigidBodyGravity.cpp.o
[ 45%] Building CXX object CMakeFiles/judas_terrain_physics_tests.dir/src/RigidBody.cpp.o
[ 45%] Building CXX object CMakeFiles/judas_terrain_fluid_tests.dir/src/Contacts.cpp.o
[ 45%] Building CXX object CMakeFiles/judas_terrain_physics_tests.dir/src/RigidBodyGravity.cpp.o
[ 45%] Building CXX object CMakeFiles/judas_terrain_physics_tests.dir/src/Contacts.cpp.o
[ 45%] Building CXX object CMakeFiles/judas_terrain_fluid_tests.dir/src/ContactSolver.cpp.o
[ 46%] Building CXX object CMakeFiles/judas_terrain_physics_tests.dir/src/ContactSolver.cpp.o
[ 46%] Building CXX object CMakeFiles/judas_terrain_fluid_tests.dir/src/RadialTerrain.cpp.o
[ 46%] Building CXX object CMakeFiles/judas_terrain_physics_tests.dir/src/RadialTerrain.cpp.o
[ 46%] Building CXX object CMakeFiles/judas_terrain_fluid_tests.dir/src/Broadphase.cpp.o
[ 46%] Building CXX object CMakeFiles/judas_terrain_physics_tests.dir/src/Broadphase.cpp.o
[ 46%] Building CXX object CMakeFiles/judas_terrain_physics_tests.dir/src/Narrowphase.cpp.o
[ 46%] Building CXX object CMakeFiles/judas_terrain_fluid_tests.dir/src/Narrowphase.cpp.o
[ 46%] Building CXX object CMakeFiles/judas_terrain_physics_tests.dir/src/PhysicsWorld.cpp.o
[ 46%] Building CXX object CMakeFiles/judas_terrain_fluid_tests.dir/src/FaithfulGravity.cpp.o
[ 46%] Building CXX object CMakeFiles/judas_terrain_fluid_tests.dir/src/RadicalGravity.cpp.o
[ 46%] Building CXX object CMakeFiles/judas_terrain_fluid_tests.dir/src/SphericalVolume.cpp.o
[ 47%] Building CXX object CMakeFiles/judas_terrain_fluid_tests.dir/src/BoxVolume.cpp.o
[ 47%] Building CXX object CMakeFiles/judas_terrain_fluid_tests.dir/src/GravityContextMap.cpp.o
[ 47%] Building CXX object CMakeFiles/judas_terrain_fluid_tests.dir/src/PhysicsWorld.cpp.o
[ 47%] Building CXX object CMakeFiles/judas_terrain_physics_tests.dir/src/RadicalGravity.cpp.o
[ 47%] Linking CXX executable judas_terrain_physics_tests
[ 47%] Built target judas_terrain_physics_tests
[ 47%] Building CXX object CMakeFiles/judas_atmosphere_tests.dir/tests/AtmosphereTests.cpp.o
[ 47%] Building CXX object CMakeFiles/judas_atmosphere_tests.dir/src/AtmosphereField.cpp.o
[ 47%] Linking CXX executable judas_terrain_fluid_tests
[ 47%] Built target judas_terrain_fluid_tests
[ 47%] Building CXX object CMakeFiles/judas_atmosphere_tests.dir/src/ReferenceFrame.cpp.o
[ 47%] Building CXX object CMakeFiles/judas_atmosphere_tests.dir/src/TerrainDemo.cpp.o
[ 47%] Building CXX object CMakeFiles/judas_atmosphere_tests.dir/src/RadialTerrain.cpp.o
[ 48%] Building CXX object CMakeFiles/judas_atmospheric_flight_tests.dir/tests/AtmosphericFlightTests.cpp.o
[ 48%] Linking CXX executable judas_atmosphere_tests
[ 48%] Built target judas_atmosphere_tests
[ 48%] Building CXX object CMakeFiles/judas_atmospheric_flight_tests.dir/src/AtmosphereField.cpp.o
[ 48%] Building CXX object CMakeFiles/judas_atmospheric_flight_tests.dir/src/AerodynamicDrag.cpp.o
[ 48%] Building CXX object CMakeFiles/judas_atmospheric_flight_tests.dir/src/ReferenceFrame.cpp.o
[ 48%] Building CXX object CMakeFiles/judas_atmospheric_flight_tests.dir/src/CelestialGravity.cpp.o
[ 48%] Building CXX object CMakeFiles/judas_atmospheric_flight_tests.dir/src/DynamicBody.cpp.o
[ 48%] Building CXX object CMakeFiles/judas_atmospheric_flight_tests.dir/src/FlyingPrimitiveControl.cpp.o
[ 48%] Building CXX object CMakeFiles/judas_combustion_tests.dir/tests/CombustionTests.cpp.o
[ 48%] Building CXX object CMakeFiles/judas_atmospheric_flight_tests.dir/src/Window.cpp.o
[ 48%] Building CXX object CMakeFiles/judas_combustion_tests.dir/src/CombustionWorld.cpp.o
[ 48%] Building CXX object CMakeFiles/judas_atmospheric_flight_tests.dir/src/InputSystem.cpp.o
[ 48%] Building CXX object CMakeFiles/judas_combustion_tests.dir/src/FirePresentation.cpp.o
[ 49%] Building CXX object CMakeFiles/judas_combustion_tests.dir/src/AtmosphereField.cpp.o
[ 49%] Building CXX object CMakeFiles/judas_combustion_tests.dir/src/TerrainDemo.cpp.o
[ 49%] Building CXX object CMakeFiles/judas_combustion_tests.dir/src/ReferenceFrame.cpp.o
[ 49%] Building CXX object CMakeFiles/judas_atmospheric_flight_tests.dir/src/CollisionAsset.cpp.o
[ 49%] Building CXX object CMakeFiles/judas_combustion_tests.dir/src/CelestialGravity.cpp.o
[ 49%] Building CXX object CMakeFiles/judas_combustion_tests.dir/src/RadicalGravity.cpp.o
[ 49%] Building CXX object CMakeFiles/judas_combustion_tests.dir/src/FlyingPrimitiveControl.cpp.o
[ 49%] Building CXX object CMakeFiles/judas_combustion_tests.dir/src/Window.cpp.o
[ 49%] Building CXX object CMakeFiles/judas_combustion_tests.dir/src/InputSystem.cpp.o
[ 49%] Building CXX object CMakeFiles/judas_atmospheric_flight_tests.dir/src/CollisionGeometry.cpp.o
[ 49%] Building CXX object CMakeFiles/judas_combustion_tests.dir/src/CollisionAsset.cpp.o
[ 50%] Building CXX object CMakeFiles/judas_atmospheric_flight_tests.dir/third_party/quickhull/QuickHull.cpp.o
[ 50%] Building CXX object CMakeFiles/judas_atmospheric_flight_tests.dir/src/JointSolver.cpp.o
[ 50%] Building CXX object CMakeFiles/judas_atmospheric_flight_tests.dir/src/PhysicsCastGeometry.cpp.o
[ 50%] Building CXX object CMakeFiles/judas_combustion_tests.dir/src/CollisionGeometry.cpp.o
[ 50%] Building CXX object CMakeFiles/judas_atmospheric_flight_tests.dir/src/ImpactSolver.cpp.o
[ 50%] Building CXX object CMakeFiles/judas_atmospheric_flight_tests.dir/src/RigidBody.cpp.o
[ 50%] Building CXX object CMakeFiles/judas_atmospheric_flight_tests.dir/src/RigidBodyGravity.cpp.o
[ 50%] Building CXX object CMakeFiles/judas_atmospheric_flight_tests.dir/src/Contacts.cpp.o
[ 50%] Building CXX object CMakeFiles/judas_combustion_tests.dir/third_party/quickhull/QuickHull.cpp.o
[ 51%] Building CXX object CMakeFiles/judas_combustion_tests.dir/src/JointSolver.cpp.o
[ 51%] Building CXX object CMakeFiles/judas_atmospheric_flight_tests.dir/src/ContactSolver.cpp.o
[ 51%] Building CXX object CMakeFiles/judas_combustion_tests.dir/src/PhysicsCastGeometry.cpp.o
[ 51%] Building CXX object CMakeFiles/judas_atmospheric_flight_tests.dir/src/RadialTerrain.cpp.o
[ 51%] Building CXX object CMakeFiles/judas_combustion_tests.dir/src/ImpactSolver.cpp.o
[ 51%] Building CXX object CMakeFiles/judas_atmospheric_flight_tests.dir/src/Broadphase.cpp.o
[ 51%] Building CXX object CMakeFiles/judas_atmospheric_flight_tests.dir/src/Narrowphase.cpp.o
[ 51%] Building CXX object CMakeFiles/judas_combustion_tests.dir/src/RigidBody.cpp.o
[ 51%] Building CXX object CMakeFiles/judas_combustion_tests.dir/src/RigidBodyGravity.cpp.o
[ 51%] Building CXX object CMakeFiles/judas_combustion_tests.dir/src/Contacts.cpp.o
[ 51%] Building CXX object CMakeFiles/judas_combustion_tests.dir/src/ContactSolver.cpp.o
[ 52%] Building CXX object CMakeFiles/judas_atmospheric_flight_tests.dir/src/PhysicsWorld.cpp.o
[ 52%] Building CXX object CMakeFiles/judas_combustion_tests.dir/src/RadialTerrain.cpp.o
[ 52%] Building CXX object CMakeFiles/judas_combustion_tests.dir/src/Broadphase.cpp.o
[ 52%] Building CXX object CMakeFiles/judas_combustion_tests.dir/src/Narrowphase.cpp.o
[ 52%] Building CXX object CMakeFiles/judas_combustion_tests.dir/src/PhysicsWorld.cpp.o
[ 52%] Linking CXX executable judas_atmospheric_flight_tests
[ 52%] Built target judas_atmospheric_flight_tests
[ 52%] Building C object CMakeFiles/judas_materials.dir/third_party/mikktspace/mikktspace.c.o
[ 52%] Linking CXX static library libjudas_materials.a
[ 52%] Built target judas_materials
[ 52%] Building CXX object CMakeFiles/judas_engine.dir/src/WorldFracture.cpp.o
[ 52%] Building CXX object CMakeFiles/judas_engine.dir/src/Fracture.cpp.o
[ 53%] Linking CXX executable judas_combustion_tests
[ 53%] Built target judas_combustion_tests
[ 53%] Building CXX object CMakeFiles/judas_engine.dir/src/DeformableAsset.cpp.o
[ 53%] Building CXX object CMakeFiles/judas_engine.dir/src/Deformable.cpp.o
[ 53%] Building CXX object CMakeFiles/judas_engine.dir/src/WorldDeformables.cpp.o
[ 53%] Building CXX object CMakeFiles/judas_engine.dir/src/TextLayout.cpp.o
[ 53%] Building CXX object CMakeFiles/judas_engine.dir/src/Localization.cpp.o
[ 53%] Building CXX object CMakeFiles/judas_engine.dir/src/Material.cpp.o
[ 54%] Building CXX object CMakeFiles/judas_engine.dir/src/Environment.cpp.o
[ 54%] Building CXX object CMakeFiles/judas_engine.dir/src/Tangents.cpp.o
[ 54%] Building CXX object CMakeFiles/judas_engine.dir/src/LiquidGeometry.cpp.o
[ 54%] Building CXX object CMakeFiles/judas_engine.dir/src/LiquidTypes.cpp.o
[ 54%] Building CXX object CMakeFiles/judas_engine.dir/src/LiquidSystem.cpp.o
[ 54%] Building CXX object CMakeFiles/judas_engine.dir/src/LiquidSurface.cpp.o
[ 54%] Building CXX object CMakeFiles/judas_engine.dir/src/NavigationSystem.cpp.o
[ 54%] Building CXX object CMakeFiles/judas_engine.dir/src/NavigationTypes.cpp.o
[ 54%] Building CXX object CMakeFiles/judas_engine.dir/src/NavigationAsset.cpp.o
[ 54%] Building CXX object CMakeFiles/judas_engine.dir/src/WorldAnimation.cpp.o
[ 54%] Building CXX object CMakeFiles/judas_engine.dir/src/PoseComposition.cpp.o
[ 55%] Building CXX object CMakeFiles/judas_engine.dir/src/WorldRagdoll.cpp.o
[ 55%] Building CXX object CMakeFiles/judas_engine.dir/src/GltfLoader.cpp.o
[ 55%] Building CXX object CMakeFiles/judas_engine.dir/src/WorldCharacter.cpp.o
[ 55%] Building CXX object CMakeFiles/judas_engine.dir/src/WorldStreaming.cpp.o
[ 55%] Building CXX object CMakeFiles/judas_engine.dir/src/WorldRegions.cpp.o
[ 55%] Building CXX object CMakeFiles/judas_engine.dir/src/WorldScripts.cpp.o
[ 55%] Building CXX object CMakeFiles/judas_engine.dir/src/RuntimeUI.cpp.o
[ 55%] Building CXX object CMakeFiles/judas_engine.dir/src/ScriptSystem.cpp.o
[ 55%] Building CXX object CMakeFiles/judas_engine.dir/src/Classification.cpp.o
[ 55%] Building CXX object CMakeFiles/judas_engine.dir/src/GamePackage.cpp.o
[ 55%] Building CXX object CMakeFiles/judas_engine.dir/src/ProjectExporter.cpp.o
[ 56%] Building CXX object CMakeFiles/judas_engine.dir/src/AudioStream.cpp.o
[ 56%] Building CXX object CMakeFiles/judas_engine.dir/src/AudioEnvironment.cpp.o
[ 56%] Building CXX object CMakeFiles/judas_engine.dir/src/AudioData.cpp.o
[ 56%] Building CXX object CMakeFiles/judas_engine.dir/src/AudioSystem.cpp.o
[ 56%] Building CXX object CMakeFiles/judas_engine.dir/src/WorldAudio.cpp.o
[ 56%] Building CXX object CMakeFiles/judas_engine.dir/src/Window.cpp.o
[ 56%] Building CXX object CMakeFiles/judas_engine.dir/src/InputSystem.cpp.o
[ 56%] Building CXX object CMakeFiles/judas_engine.dir/src/Renderer.cpp.o
[ 56%] Building CXX object CMakeFiles/judas_engine.dir/src/SkeletalAnimation.cpp.o
[ 56%] Building CXX object CMakeFiles/judas_engine.dir/src/CharacterMotor.cpp.o
[ 56%] Building CXX object CMakeFiles/judas_engine.dir/src/PlayerController.cpp.o
[ 57%] Building CXX object CMakeFiles/judas_engine.dir/src/PlayerView.cpp.o
[ 57%] Building CXX object CMakeFiles/judas_engine.dir/src/StepClimb.cpp.o
[ 57%] Building CXX object CMakeFiles/judas_engine.dir/src/DynamicBody.cpp.o
[ 57%] Building CXX object CMakeFiles/judas_engine.dir/src/FlyingPrimitiveControl.cpp.o
[ 57%] Building CXX object CMakeFiles/judas_engine.dir/src/PilotAttachment.cpp.o
[ 57%] Building CXX object CMakeFiles/judas_engine.dir/src/PilotControl.cpp.o
[ 57%] Building CXX object CMakeFiles/judas_engine.dir/src/ReferenceFrame.cpp.o
[ 57%] Building CXX object CMakeFiles/judas_engine.dir/src/CollisionAuthoring.cpp.o
[ 57%] Building CXX object CMakeFiles/judas_engine.dir/src/CollisionSource.cpp.o
[ 57%] Building CXX object CMakeFiles/judas_engine.dir/src/ModelLoader.cpp.o
[ 57%] Building CXX object CMakeFiles/judas_engine.dir/src/FontLoader.cpp.o
[ 58%] Building CXX object CMakeFiles/judas_engine.dir/src/UIWidgets.cpp.o
[ 58%] Building CXX object CMakeFiles/judas_engine.dir/src/PauseMenu.cpp.o
[ 58%] Building CXX object CMakeFiles/judas_engine.dir/src/HUD.cpp.o
[ 58%] Building CXX object CMakeFiles/judas_engine.dir/src/LightTransforms.cpp.o
[ 58%] Building CXX object CMakeFiles/judas_engine.dir/src/LightAttenuation.cpp.o
[ 58%] Building CXX object CMakeFiles/judas_engine.dir/src/ShadowTransforms.cpp.o
[ 58%] Building CXX object CMakeFiles/judas_engine.dir/src/HingeTransform.cpp.o
[ 58%] Building CXX object CMakeFiles/judas_engine.dir/src/InteractionSystem.cpp.o
[ 58%] Building CXX object CMakeFiles/judas_engine.dir/src/ObjectManipulation.cpp.o
[ 58%] Building CXX object CMakeFiles/judas_engine.dir/src/FluidWorld.cpp.o
[ 58%] Building CXX object CMakeFiles/judas_engine.dir/src/ProductionFluidCoupling.cpp.o
[ 59%] Building CXX object CMakeFiles/judas_engine.dir/src/FluidHydrostatics.cpp.o
[ 59%] Building CXX object CMakeFiles/judas_engine.dir/src/FluidSurface.cpp.o
[ 59%] Building CXX object CMakeFiles/judas_engine.dir/src/CombustionWorld.cpp.o
[ 59%] Building CXX object CMakeFiles/judas_engine.dir/src/FirePresentation.cpp.o
[ 59%] Building CXX object CMakeFiles/judas_engine.dir/src/TerrainDemo.cpp.o
[ 59%] Building CXX object CMakeFiles/judas_engine.dir/src/TerrainLibrary.cpp.o
[ 59%] Building CXX object CMakeFiles/judas_engine.dir/src/Door.cpp.o
[ 59%] Building CXX object CMakeFiles/judas_engine.dir/src/LightSwitch.cpp.o
[ 59%] Building CXX object CMakeFiles/judas_engine.dir/src/FaithfulGravity.cpp.o
[ 59%] Building CXX object CMakeFiles/judas_engine.dir/src/RadicalGravity.cpp.o
[ 59%] Building CXX object CMakeFiles/judas_engine.dir/src/SphericalVolume.cpp.o
[ 60%] Building CXX object CMakeFiles/judas_engine.dir/src/BoxVolume.cpp.o
[ 60%] Building CXX object CMakeFiles/judas_engine.dir/src/GravityContextMap.cpp.o
[ 60%] Building CXX object CMakeFiles/judas_engine.dir/src/CelestialGravity.cpp.o
[ 60%] Building CXX object CMakeFiles/judas_engine.dir/src/AtmosphereField.cpp.o
[ 60%] Building CXX object CMakeFiles/judas_engine.dir/src/AerodynamicDrag.cpp.o
[ 60%] Building CXX object CMakeFiles/judas_engine.dir/src/VisualParticles.cpp.o
[ 60%] Building CXX object CMakeFiles/judas_engine.dir/src/Prefab.cpp.o
[ 60%] Building CXX object CMakeFiles/judas_engine.dir/src/Scene.cpp.o
[ 60%] Building CXX object CMakeFiles/judas_engine.dir/src/Ragdoll.cpp.o
[ 60%] Building CXX object CMakeFiles/judas_engine.dir/src/SceneSerialization.cpp.o
[ 60%] Building CXX object CMakeFiles/judas_engine.dir/src/SceneFingerprint.cpp.o
[ 61%] Building CXX object CMakeFiles/judas_engine.dir/src/Project.cpp.o
[ 61%] Building CXX object CMakeFiles/judas_engine.dir/src/AssetDatabase.cpp.o
[ 61%] Building CXX object CMakeFiles/judas_engine.dir/src/JobSystem.cpp.o
[ 61%] Building CXX object CMakeFiles/judas_engine.dir/src/AsyncFile.cpp.o
[ 61%] Building CXX object CMakeFiles/judas_engine.dir/src/ResourceManager.cpp.o
[ 61%] Building CXX object CMakeFiles/judas_engine.dir/src/EnginePaths.cpp.o
[ 61%] Building CXX object CMakeFiles/judas_engine.dir/src/DebugDraw.cpp.o
[ 61%] Building CXX object CMakeFiles/judas_engine.dir/src/WorldDebugView.cpp.o
[ 61%] Building CXX object CMakeFiles/judas_engine.dir/src/SceneSession.cpp.o
[ 61%] Building CXX object CMakeFiles/judas_engine.dir/src/RuntimeWorld.cpp.o
[ 61%] Building CXX object CMakeFiles/judas_engine.dir/src/GameSession.cpp.o
[ 62%] Building CXX object CMakeFiles/judas_engine.dir/src/Simulation.cpp.o
[ 62%] Building CXX object CMakeFiles/judas_engine.dir/src/WorldPresentation.cpp.o
[ 62%] Building CXX object CMakeFiles/judas_engine.dir/src/GameplayHud.cpp.o
[ 62%] Building CXX object CMakeFiles/judas_engine.dir/src/EngineHost.cpp.o
[ 62%] Building CXX object CMakeFiles/judas_engine.dir/src/InteractivePlay.cpp.o
[ 62%] Building CXX object CMakeFiles/judas_engine.dir/src/ScreenshotWriter.cpp.o
[ 62%] Building CXX object CMakeFiles/judas_engine.dir/src/FidelityPolicy.cpp.o
[ 62%] Building CXX object CMakeFiles/judas_engine.dir/src/CoarseSimulation.cpp.o
[ 62%] Building CXX object CMakeFiles/judas_engine.dir/src/WorldState.cpp.o
[ 62%] Building CXX object CMakeFiles/judas_engine.dir/src/SaveStorage.cpp.o
[ 62%] Building CXX object CMakeFiles/judas_engine.dir/src/SaveService.cpp.o
[ 63%] Building CXX object CMakeFiles/judas_engine.dir/src/MotorPersistence.cpp.o
[ 63%] Building CXX object CMakeFiles/judas_engine.dir/src/LiquidPersistence.cpp.o
[ 63%] Building CXX object CMakeFiles/judas_engine.dir/src/WorldPersistence.cpp.o
[ 63%] Building CXX object CMakeFiles/judas_engine.dir/src/CollisionAsset.cpp.o
[ 63%] Building CXX object CMakeFiles/judas_engine.dir/src/CollisionGeometry.cpp.o
[ 63%] Building CXX object CMakeFiles/judas_engine.dir/third_party/quickhull/QuickHull.cpp.o
[ 63%] Building CXX object CMakeFiles/judas_engine.dir/src/JointSolver.cpp.o
[ 63%] Building CXX object CMakeFiles/judas_engine.dir/src/PhysicsCastGeometry.cpp.o
[ 63%] Building CXX object CMakeFiles/judas_engine.dir/src/ImpactSolver.cpp.o
[ 63%] Building CXX object CMakeFiles/judas_engine.dir/src/RigidBody.cpp.o
[ 63%] Building CXX object CMakeFiles/judas_engine.dir/src/RigidBodyGravity.cpp.o
[ 64%] Building CXX object CMakeFiles/judas_engine.dir/src/Contacts.cpp.o
[ 64%] Building CXX object CMakeFiles/judas_engine.dir/src/ContactSolver.cpp.o
[ 64%] Building CXX object CMakeFiles/judas_engine.dir/src/RadialTerrain.cpp.o
[ 64%] Building CXX object CMakeFiles/judas_engine.dir/src/Broadphase.cpp.o
[ 64%] Building CXX object CMakeFiles/judas_engine.dir/src/Narrowphase.cpp.o
[ 64%] Building CXX object CMakeFiles/judas_engine.dir/src/PhysicsWorld.cpp.o
[ 64%] Linking CXX static library libjudas_engine.a
[ 64%] Built target judas_engine
[ 64%] Building CXX object CMakeFiles/judas.dir/src/main.cpp.o
[ 64%] Building CXX object CMakeFiles/judas_navigation_baker.dir/src/NavigationBake.cpp.o
[ 64%] Building CXX object CMakeFiles/judas.dir/src/Application.cpp.o
[ 64%] Building CXX object CMakeFiles/judas_navigation_baker.dir/third_party/recastnavigation/Recast/Source/Recast.cpp.o
[ 64%] Building CXX object CMakeFiles/judas_navigation_baker.dir/third_party/recastnavigation/Recast/Source/RecastAlloc.cpp.o
[ 64%] Building CXX object CMakeFiles/judas_navigation_baker.dir/third_party/recastnavigation/Recast/Source/RecastArea.cpp.o
[ 64%] Building CXX object CMakeFiles/judas_navigation_baker.dir/third_party/recastnavigation/Recast/Source/RecastAssert.cpp.o
[ 64%] Building CXX object CMakeFiles/judas_navigation_baker.dir/third_party/recastnavigation/Recast/Source/RecastContour.cpp.o
[ 65%] Building CXX object CMakeFiles/judas_navigation_baker.dir/third_party/recastnavigation/Recast/Source/RecastFilter.cpp.o
[ 65%] Building CXX object CMakeFiles/judas_navigation_baker.dir/third_party/recastnavigation/Recast/Source/RecastLayers.cpp.o
[ 65%] Building CXX object CMakeFiles/judas_navigation_baker.dir/third_party/recastnavigation/Recast/Source/RecastMesh.cpp.o
[ 65%] Building CXX object CMakeFiles/judas.dir/src/RuntimeOptions.cpp.o
[ 65%] Building CXX object CMakeFiles/judas_navigation_baker.dir/third_party/recastnavigation/Recast/Source/RecastMeshDetail.cpp.o
[ 65%] Building CXX object CMakeFiles/judas_navigation_baker.dir/third_party/recastnavigation/Recast/Source/RecastRasterization.cpp.o
[ 65%] Building CXX object CMakeFiles/judas.dir/src/RuntimeDiagnostics.cpp.o
[ 65%] Building CXX object CMakeFiles/judas_navigation_baker.dir/third_party/recastnavigation/Recast/Source/RecastRegion.cpp.o
[ 65%] Building CXX object CMakeFiles/judas.dir/src/TestHarness.cpp.o
[ 65%] Linking CXX static library libjudas_navigation_baker.a
[ 65%] Built target judas_navigation_baker
[ 65%] Building CXX object CMakeFiles/judas_scene_author.dir/tools/SceneAuthor.cpp.o
[ 65%] Linking CXX executable judas
[ 65%] Built target judas
[ 65%] Building CXX object CMakeFiles/judas_resource_stress.dir/tools/ResourceStress.cpp.o
[ 65%] Linking CXX executable judas_scene_author
[ 65%] Built target judas_scene_author
[ 65%] Building CXX object CMakeFiles/judas_scene_tests.dir/tests/SceneTests.cpp.o
[ 65%] Linking CXX executable judas_resource_stress
[ 65%] Linking CXX executable judas_scene_tests
[ 65%] Built target judas_scene_tests
[ 65%] Building CXX object CMakeFiles/judas_lifecycle_tests.dir/tests/LifecycleTests.cpp.o
[ 65%] Built target judas_resource_stress
[ 66%] Building CXX object CMakeFiles/judas_project_tests.dir/tests/ProjectTests.cpp.o
[ 66%] Building CXX object CMakeFiles/judas_project_tests.dir/src/editor/GizmoMath.cpp.o
[ 66%] Linking CXX executable judas_lifecycle_tests
[ 66%] Built target judas_lifecycle_tests
[ 66%] Building CXX object CMakeFiles/judas_project_tests.dir/src/editor/EditorHistory.cpp.o
[ 66%] Building CXX object CMakeFiles/judas_job_tests.dir/tests/JobTests.cpp.o
[ 66%] Linking CXX executable judas_project_tests
[ 66%] Linking CXX executable judas_job_tests
[ 66%] Built target judas_project_tests
[ 66%] Building CXX object CMakeFiles/judas_asset_tests.dir/tests/AssetTests.cpp.o
[ 66%] Built target judas_job_tests
[ 66%] Building CXX object CMakeFiles/judas_ui_tests.dir/tests/UITests.cpp.o
[ 66%] Linking CXX executable judas_asset_tests
[ 66%] Building CXX object CMakeFiles/judas_ui_tests.dir/src/UIWidgets.cpp.o
[ 66%] Built target judas_asset_tests
[ 66%] Building CXX object CMakeFiles/judas_lighting_tests.dir/tests/LightingTests.cpp.o
[ 66%] Building CXX object CMakeFiles/judas_lighting_tests.dir/src/LightTransforms.cpp.o
[ 66%] Building CXX object CMakeFiles/judas_ui_tests.dir/src/PauseMenu.cpp.o
[ 67%] Building CXX object CMakeFiles/judas_lighting_tests.dir/src/LightAttenuation.cpp.o
[ 67%] Building CXX object CMakeFiles/judas_lighting_tests.dir/src/PauseMenu.cpp.o
[ 67%] Building CXX object CMakeFiles/judas_ui_tests.dir/src/HUD.cpp.o
[ 67%] Building CXX object CMakeFiles/judas_lighting_tests.dir/src/UIWidgets.cpp.o
[ 67%] Building CXX object CMakeFiles/judas_ui_tests.dir/src/Renderer.cpp.o
[ 67%] Building CXX object CMakeFiles/judas_lighting_tests.dir/src/HUD.cpp.o
[ 67%] Building CXX object CMakeFiles/judas_lighting_tests.dir/src/Renderer.cpp.o
[ 67%] Building CXX object CMakeFiles/judas_ui_tests.dir/src/SkeletalAnimation.cpp.o
[ 67%] Building CXX object CMakeFiles/judas_ui_tests.dir/src/FontLoader.cpp.o
[ 67%] Building CXX object CMakeFiles/judas_lighting_tests.dir/src/SkeletalAnimation.cpp.o
[ 67%] Building CXX object CMakeFiles/judas_lighting_tests.dir/src/FontLoader.cpp.o
[ 67%] Linking CXX executable judas_ui_tests
[ 67%] Built target judas_ui_tests
[ 68%] Building CXX object CMakeFiles/judas_interactable_tests.dir/tests/InteractableTests.cpp.o
[ 68%] Linking CXX executable judas_lighting_tests
[ 68%] Building CXX object CMakeFiles/judas_interactable_tests.dir/src/HingeTransform.cpp.o
[ 68%] Building CXX object CMakeFiles/judas_interactable_tests.dir/src/InteractionSystem.cpp.o
[ 68%] Built target judas_lighting_tests
[ 69%] Building CXX object CMakeFiles/judas_scene_fingerprint_tests.dir/tests/SceneFingerprintTests.cpp.o
[ 69%] Building CXX object CMakeFiles/judas_interactable_tests.dir/src/Door.cpp.o
[ 69%] Building CXX object CMakeFiles/judas_interactable_tests.dir/src/LightSwitch.cpp.o
[ 69%] Building CXX object CMakeFiles/judas_interactable_tests.dir/src/PauseMenu.cpp.o
[ 69%] Building CXX object CMakeFiles/judas_interactable_tests.dir/src/UIWidgets.cpp.o
[ 69%] Building CXX object CMakeFiles/judas_interactable_tests.dir/src/HUD.cpp.o
[ 69%] Building CXX object CMakeFiles/judas_interactable_tests.dir/src/Renderer.cpp.o
[ 69%] Linking CXX executable judas_scene_fingerprint_tests
[ 69%] Built target judas_scene_fingerprint_tests
[ 69%] Building CXX object CMakeFiles/judas_interactable_tests.dir/src/SkeletalAnimation.cpp.o
[ 69%] Building CXX object CMakeFiles/judas_interactable_tests.dir/src/FontLoader.cpp.o
[ 70%] Building CXX object CMakeFiles/judas_interactable_tests.dir/src/CollisionAsset.cpp.o
[ 70%] Building CXX object CMakeFiles/judas_interactable_tests.dir/src/CollisionGeometry.cpp.o
[ 70%] Building CXX object CMakeFiles/judas_interactable_tests.dir/third_party/quickhull/QuickHull.cpp.o
[ 70%] Building CXX object CMakeFiles/judas_interactable_tests.dir/src/JointSolver.cpp.o
[ 70%] Building CXX object CMakeFiles/judas_world_state_tests.dir/tests/WorldStateTests.cpp.o
[ 70%] Building CXX object CMakeFiles/judas_interactable_tests.dir/src/PhysicsCastGeometry.cpp.o
[ 70%] Building CXX object CMakeFiles/judas_interactable_tests.dir/src/ImpactSolver.cpp.o
[ 70%] Building CXX object CMakeFiles/judas_interactable_tests.dir/src/RigidBody.cpp.o
[ 70%] Building CXX object CMakeFiles/judas_interactable_tests.dir/src/RigidBodyGravity.cpp.o
[ 70%] Building CXX object CMakeFiles/judas_interactable_tests.dir/src/Contacts.cpp.o
[ 70%] Linking CXX executable judas_world_state_tests
[ 70%] Built target judas_world_state_tests
[ 70%] Building CXX object CMakeFiles/judas_async_application_tests.dir/tests/AsyncApplicationTests.cpp.o
[ 70%] Building CXX object CMakeFiles/judas_interactable_tests.dir/src/ContactSolver.cpp.o
[ 70%] Building CXX object CMakeFiles/judas_interactable_tests.dir/src/RadialTerrain.cpp.o
[ 71%] Building CXX object CMakeFiles/judas_interactable_tests.dir/src/Broadphase.cpp.o
[ 71%] Building CXX object CMakeFiles/judas_interactable_tests.dir/src/Narrowphase.cpp.o
[ 72%] Building CXX object CMakeFiles/judas_async_application_tests.dir/src/Application.cpp.o
[ 72%] Building CXX object CMakeFiles/judas_interactable_tests.dir/src/PhysicsWorld.cpp.o
[ 72%] Building CXX object CMakeFiles/judas_async_application_tests.dir/src/RuntimeOptions.cpp.o
[ 72%] Building CXX object CMakeFiles/judas_async_application_tests.dir/src/RuntimeDiagnostics.cpp.o
[ 72%] Building CXX object CMakeFiles/judas_async_application_tests.dir/src/TestHarness.cpp.o
[ 72%] Linking CXX executable judas_async_application_tests
[ 72%] Built target judas_async_application_tests
[ 72%] Building CXX object CMakeFiles/judas_uniform_gravity_scene_tests.dir/tests/UniformGravitySceneTests.cpp.o
[ 72%] Linking CXX executable judas_interactable_tests
[ 72%] Built target judas_interactable_tests
[ 72%] Building CXX object CMakeFiles/judas_contact_geometry_tests.dir/tests/ContactGeometryProbe.cpp.o
[ 72%] Linking CXX executable judas_contact_geometry_tests
[ 72%] Built target judas_contact_geometry_tests
[ 72%] Building CXX object CMakeFiles/judas_contact_lifecycle_tests.dir/tests/ContactLifecycleTests.cpp.o
[ 72%] Linking CXX executable judas_uniform_gravity_scene_tests
[ 72%] Built target judas_uniform_gravity_scene_tests
[ 72%] Building CXX object CMakeFiles/judas_contact_cache_tests.dir/tests/ContactCacheTests.cpp.o
[ 73%] Linking CXX executable judas_contact_lifecycle_tests
[ 73%] Built target judas_contact_lifecycle_tests
[ 73%] Building CXX object CMakeFiles/judas_contact_storage_tests.dir/tests/ContactStorageTests.cpp.o
[ 73%] Linking CXX executable judas_contact_cache_tests
[ 73%] Built target judas_contact_cache_tests
[ 73%] Building CXX object CMakeFiles/judas_timing_defect_probe.dir/tests/TimingDefectProbe.cpp.o
[ 73%] Linking CXX executable judas_contact_storage_tests
[ 73%] Built target judas_contact_storage_tests
[ 73%] Building CXX object CMakeFiles/judas_rigid_motion_tests.dir/tests/RigidMotionTests.cpp.o
[ 73%] Linking CXX executable judas_timing_defect_probe
[ 73%] Built target judas_timing_defect_probe
[ 73%] Building CXX object CMakeFiles/judas_poisson_policy_witness.dir/tests/PoissonPolicyWitness.cpp.o
[ 73%] Linking CXX executable judas_rigid_motion_tests
[ 73%] Built target judas_rigid_motion_tests
[ 73%] Building CXX object CMakeFiles/judas_impact_solver_tests.dir/tests/ImpactSolverTests.cpp.o
[ 73%] Linking CXX executable judas_poisson_policy_witness
[ 73%] Linking CXX executable judas_impact_solver_tests
[ 73%] Built target judas_poisson_policy_witness
[ 73%] Building CXX object CMakeFiles/judas_impact_timing_tests.dir/tests/ImpactTimingTests.cpp.o
[ 73%] Built target judas_impact_solver_tests
[ 73%] Building CXX object CMakeFiles/judas_project_application_tests.dir/tests/ProjectApplicationTests.cpp.o
[ 73%] Linking CXX executable judas_impact_timing_tests
[ 73%] Built target judas_impact_timing_tests
[ 73%] Building CXX object CMakeFiles/judas_project_application_tests.dir/src/Application.cpp.o
[ 73%] Building CXX object CMakeFiles/judas_project_application_tests.dir/src/RuntimeOptions.cpp.o
[ 73%] Building CXX object CMakeFiles/judas_project_application_tests.dir/src/RuntimeDiagnostics.cpp.o
