[  6%] Built target judas_glad
[  6%] Building CXX object CMakeFiles/judas_engine.dir/src/Contacts.cpp.o
[  6%] Building CXX object CMakeFiles/judas_engine.dir/src/Narrowphase.cpp.o
[ 12%] Building CXX object CMakeFiles/judas_engine.dir/src/PhysicsWorld.cpp.o
[ 12%] Building CXX object CMakeFiles/judas_engine.dir/src/ContactSolver.cpp.o
[ 18%] Linking CXX static library libjudas_engine.a
[100%] Built target judas_engine
[100%] Building CXX object CMakeFiles/judas_contact_lifecycle_tests.dir/tests/ContactLifecycleTests.cpp.o
[100%] Linking CXX executable judas_contact_lifecycle_tests
[100%] Built target judas_contact_lifecycle_tests
[  5%] Built target judas_glad
[ 94%] Built target judas_engine
[100%] Building CXX object CMakeFiles/judas_contact_geometry_tests.dir/tests/ContactGeometryProbe.cpp.o
[100%] Linking CXX executable judas_contact_geometry_tests
[100%] Built target judas_contact_geometry_tests
[  0%] Building CXX object CMakeFiles/judas_broadphase_tests.dir/src/Narrowphase.cpp.o
[ 50%] Building CXX object CMakeFiles/judas_broadphase_tests.dir/src/Contacts.cpp.o
[ 50%] Building CXX object CMakeFiles/judas_broadphase_tests.dir/src/ContactSolver.cpp.o
[100%] Building CXX object CMakeFiles/judas_broadphase_tests.dir/src/PhysicsWorld.cpp.o
[100%] Building CXX object CMakeFiles/judas_broadphase_tests.dir/tests/BroadphaseTests.cpp.o
[100%] Linking CXX executable judas_broadphase_tests
[100%] Built target judas_broadphase_tests
