configure: exit=0, 4.323s
build: exit=0, 1298.553s
async_application: exit=0, 2.269s
judas_scene_tests: exit=0, 0.064s
judas_lifecycle_tests: exit=0, 1.818s
judas_project_tests: exit=0, 0.215s
judas_job_tests: exit=0, 0.064s
judas_physics_tests: exit=0, 0.004s
judas_rigid_contact_tests: exit=-6, 0.966s
judas_broadphase_tests: exit=0, 25.266s
judas_collision_tests: exit=0, 0.032s
judas_celestial_gravity_tests: exit=0, 0.064s
judas_asset_tests: exit=0, 0.016s
judas_step_climb_tests: exit=0, 0.008s
judas_pilot_attachment_tests: exit=0, 0.002s
judas_pilot_dismount_tests: exit=0, 0.008s
judas_spacecraft_control_tests: exit=0, 0.032s
judas_spacecraft_flight_tests: exit=0, 0.032s
judas_reference_frame_tests: exit=0, 0.008s
judas_ui_tests: exit=0, 0.008s
judas_lighting_tests: exit=0, 0.016s
judas_shadow_tests: exit=0, 0.002s
judas_interactable_tests: exit=0, 0.016s
judas_player_view_tests: exit=0, 0.002s
judas_object_manipulation_tests: exit=0, 0.016s
judas_player_curved_locomotion_tests: exit=0, 0.114s
judas_world_coordinates_tests: exit=0, 0.064s
judas_compound_body_tests: exit=0, 0.115s
judas_fluid_world_tests: exit=0, 0.615s
judas_fluid_rigid_coupling_tests: exit=0, 13.194s
judas_fluid_surface_tests: exit=0, 0.004s
judas_terrain_physics_tests: exit=0, 0.816s
judas_terrain_fluid_tests: exit=0, 29.425s
judas_atmosphere_tests: exit=0, 0.016s
judas_atmospheric_flight_tests: exit=0, 0.032s
judas_combustion_tests: exit=0, 0.114s
judas_scene_fingerprint_tests: exit=0, 0.064s
judas_world_state_tests: exit=0, 0.064s
judas_uniform_gravity_scene_tests: exit=0, 0.265s
judas_contact_geometry_tests: exit=0, 0.065s
judas_contact_lifecycle_tests: exit=0, 0.064s
judas_contact_cache_tests: exit=0, 0.032s
judas_contact_storage_tests: exit=0, 0.114s
judas_rigid_motion_tests: exit=0, 0.016s
judas_impact_solver_tests: exit=0, 0.004s
judas_impact_timing_tests: exit=0, 0.032s
judas_project_application_tests: exit=0, 0.265s
judas_lifecycle_integration_tests: exit=0, 0.065s
judas_asset_integrity_tests: exit=0, 0.032s
judas_coarse_celestial_tests: exit=0, 0.064s
judas_orbital_integrity_tests: exit=0, 0.115s
judas_spacecraft_frame_integration_tests: exit=0, 0.064s
judas_thermal_accounting_tests: exit=0, 0.016s
judas_combustion_integration_tests: exit=0, 0.114s
judas_player_swimming_tests: exit=0, 0.032s
judas_fluid_metadata_tests: exit=0, 0.032s
judas_fluid_hydrostatics_tests: exit=0, 0.215s
judas_production_fluid_tests: exit=0, 66.262s
judas_fluid_container_integration_tests: exit=0, 3.774s
judas_player_fluid_integration_tests: exit=0, 105.158s
judas_fluid_cavity_impact_tests: exit=0, 0.064s
judas_fluid_smoothing_budget_tests: exit=0, 0.008s
judas_fluid_boundary_contact_tests: exit=0, 0.008s
judas_particle_contact_batch_tests: exit=0, 0.016s
judas_render_camera_tests: exit=0, 0.265s
judas_audio_tests: exit=0, 0.315s
judas_input_tests: exit=0, 0.465s
judas_prefab_tests: exit=0, 0.215s
judas_prefab_application_tests: exit=0, 0.315s
judas_visual_particle_tests: exit=0, 0.315s
judas_particle_application_tests: exit=0, 0.415s
judas_export_tests: exit=0, 0.165s
judas_package_application_tests: exit=0, 0.816s
judas_classification_tests: exit=0, 0.315s
judas_script_tests: exit=0, 2.319s
judas_script_application_tests: exit=0, 1.116s
judas_runtime_ui_tests: exit=0, 0.465s
judas_runtime_ui_application_tests: exit=0, 0.966s
judas_touch_event_tests: exit=0, 0.215s
judas_touch_application_tests: exit=0, 0.565s
judas_scene_transition_tests: exit=0, 0.666s
judas_physics_cast_tests: exit=0, 0.165s
judas_physics_cast_application_tests: exit=0, 0.466s
judas_joint_tests: exit=0, 0.064s
judas_joint_authoring_tests: exit=0, 0.064s
judas_joint_application_tests: exit=0, 0.415s
judas_skeletal_animation_tests: exit=0, 0.515s
judas_animation_application_tests: exit=0, 0.465s
judas_pose_composition_tests: exit=0, 0.215s
judas_pose_composition_application_tests: exit=0, 0.366s
judas_ragdoll_tests: exit=0, 0.365s
judas_ragdoll_application_tests: exit=0, 0.315s
judas_fluid_demo_integration_tests: exit=0, 24.931s
judas_character_motor_tests: exit=0, 0.617s
judas_character_motor_application_tests: exit=1, 0.916s
judas_boundary_migration_tests: exit=0, 0.515s
judas_shooter_game_tests: exit=0, 2.771s
judas_shooter_application_tests: exit=0, 1.317s
judas_script_presentation_tests: exit=0, 0.666s
judas_navigation_tests: exit=0, 0.515s
judas_navigation_game_tests: exit=0, 1.567s
judas_liquid_tests: exit=0, 0.565s
judas_liquid_application_tests: exit=0, 2.779s
judas_liquid_surface_tests: exit=0, 0.916s
judas_liquid_surface_application_tests: exit=0, 6.028s
judas_liquid_surface_refill_tests: exit=0, 10.288s
judas_liquid_surface_loop_tests: exit=0, 0.816s
judas_profiler_tests: exit=0, 0.065s
judas_profiler_script_tests: exit=0, 0.415s
judas_profiler_application_tests: exit=0, 14.154s
judas_material_tests: exit=0, 0.215s
judas_material_application_tests: exit=0, 0.565s
judas_text_localization_tests: exit=0, 0.215s
judas_text_render_tests: exit=0, 0.867s
judas_localization_application_tests: exit=1, 2.219s
judas_streaming_tests: exit=0, 0.365s
judas_streaming_application_tests: exit=1, 6.478s
judas_streaming_performance_tests: exit=0, 120.216s
judas_streaming_revisit_tests: exit=0, 123.772s
judas_audio_acoustics_tests: exit=0, 0.616s
judas_audio_world_tests: exit=0, 1.419s
judas_audio_application_tests: exit=1, 1.217s
judas_save_storage_tests: exit=0, 0.265s
judas_world_persistence_tests: exit=0, 0.115s
judas_save_application_tests: exit=1, 5.676s
judas_save_streaming_tests: exit=1, 1.768s
judas_save_performance_tests: exit=0, 3.221s
judas_deformable_tests: exit=0, 0.415s
judas_deformable_performance_tests: exit=0, 0.816s
judas_deformable_application_tests: exit=1, 2.870s
judas_fracture_tests: exit=0, 0.064s
judas_fracture_application_tests: exit=0, 2.224s
judas_fracture_performance_tests: exit=0, 0.716s
judas_collision_geometry_tests: exit=0, 0.816s
judas_collision_application_tests: exit=1, 1.718s
judas_developer_integration_tests: exit=0, 1.617s
judas_developer_application_tests: exit=0, 8.336s
judas_developer_authoring_tests: exit=0, 0.114s
editor_async: exit=0, 0.515s
runtime_blocking_reference: exit=0, 0.217s
m31_resource_stress: exit=0, 8.534s
{
  "overall_pass": false,
  "checks": {
    "integration_all_12_cases": true,
    "editor_play_stop_async": true,
    "blocking_reference_three_steps": true,
    "tested_sources_unchanged_during_run": true,
    "protected_paths_unchanged": true
  },
  "seconds": 1954.9923251569999
}
