libEGL warning: Not allowed to force software rendering when API explicitly selects a hardware device.
Renderer fragment texture units: 32 (material path uses 12)
World state: /home/conner/Documents/GitHub/Project-Judas/projects/streamed_range/Saves/bootstrap.judasstate (none saved; F6 saves, F7 deletes)
Project: Streamed Spring Range (/home/conner/Documents/GitHub/Project-Judas/projects/streamed_range/streamed_range.judasproj)
Scene: Streamed Spring Range (/home/conner/Documents/GitHub/Project-Judas/projects/streamed_range/Scenes/bootstrap.judas)
World origin (m): 0.000, 0.000, 0.000
Localization: missing localization key range.score
Localization: missing localization key range.progress
Localization: missing localization key range.start
Localization: missing localization key range.language
Localization: missing localization key range.title
Localization: missing localization key range.controls
Localization: missing localization key stream.wait
PASS normal project manifest service
PASS real pending reads leave root gameplay/render running
PASS root JS and localized UI execute during delayed load
PASS fixed simulation progresses during worker gate
FAIL application phase deadline
FAIL application phase deadline
PASS normal standalone application exits
M59 application 7 checks 2 failures
