{
  "script_sha256": "c335209ec1177a1076757d811ea42599237f2f04340bb44b367a1d537dc29079",
  "exit_code": "Protected source/evidence has local changes; refusing validation: M src/WorldState.cpp",
  "output_adapters": [],
  "scope": "unchanged assertions and production paths; only gravity evidence output redirected",
  "results": "docs/evidence/m59/final/production/results.json",
  "overall_pass": false,
  "reviewed_shared_source_exceptions": [
    "src/RuntimeWorld.cpp",
    "src/RuntimeWorld.h",
    "src/SceneFingerprint.cpp",
    "src/SceneFingerprint.h"
  ],
  "fixture_output_adapters": [],
  "production_suite_count": null,
  "integration_assertions": null
}
Traceback (most recent call last):
  File "/home/conner/Documents/GitHub/Project-Judas/scripts/m59_validation.py", line 34, in <module>
    if __name__=='__main__':main()
                            ~~~~^^
  File "/home/conner/Documents/GitHub/Project-Judas/scripts/m59_validation.py", line 33, in main
    (OUT/'RESULTS.json').write_text(json.dumps(result,indent=2)+'\n');print(json.dumps(result,indent=2));assert result['overall_pass']
                                                                                                                ~~~~~~^^^^^^^^^^^^^^^^
AssertionError
