[  5%] Built target judas_icu_build
[  5%] Built target judas_glad
[  5%] Built target judas_quickjs
[  5%] Built target judas_profiler
[ 26%] Built target judas_navigation_backend
[ 36%] Built target freetype
[ 42%] Built target judas_audio_backend
[ 42%] Built target judas_materials
[ 42%] Built target harfbuzz
[100%] Built target judas_engine
[100%] Building CXX object CMakeFiles/judas_streaming_tests.dir/tests/WorldStreamingTests.cpp.o
/home/conner/Documents/GitHub/Project-Judas/tests/WorldStreamingTests.cpp: In function ‘int main()’:
/home/conner/Documents/GitHub/Project-Judas/tests/WorldStreamingTests.cpp:84:197: error: no match for ‘operator==’ (operand types are ‘const BodyHandle’ and ‘BodyHandle’)
   84 |  auto floorA=coupled.RuntimeBody(groups.Resolve("a",1)),bodyAcross=coupled.RuntimeBody(bodyB);bool crossContact=false;for(auto& event:coupled.Physics().LastStepTouchEvents())crossContact|=(event.a==floorA&&event.b==bodyAcross)||(event.b==floorA&&event.a==bodyAcross);check(crossContact,"actual contacts from additive geometry reach the shared authoritative solver");
      |                                                                                                                                                                                              ~~~~~~~^~~~~~~~
      |                                                                                                                                                                                                    |  |
      |                                                                                                                                                                                                    |  BodyHandle
      |                                                                                                                                                                                                    const BodyHandle
/home/conner/Documents/GitHub/Project-Judas/tests/WorldStreamingTests.cpp:84:214: error: no match for ‘operator==’ (operand types are ‘const BodyHandle’ and ‘BodyHandle’)
   84 |  auto floorA=coupled.RuntimeBody(groups.Resolve("a",1)),bodyAcross=coupled.RuntimeBody(bodyB);bool crossContact=false;for(auto& event:coupled.Physics().LastStepTouchEvents())crossContact|=(event.a==floorA&&event.b==bodyAcross)||(event.b==floorA&&event.a==bodyAcross);check(crossContact,"actual contacts from additive geometry reach the shared authoritative solver");
      |                                                                                                                                                                                                               ~~~~~~~^~~~~~~~~~~~
      |                                                                                                                                                                                                                     |  |
      |                                                                                                                                                                                                                     |  BodyHandle
      |                                                                                                                                                                                                                     const BodyHandle
/home/conner/Documents/GitHub/Project-Judas/tests/WorldStreamingTests.cpp:84:237: error: no match for ‘operator==’ (operand types are ‘const BodyHandle’ and ‘BodyHandle’)
   84 |  auto floorA=coupled.RuntimeBody(groups.Resolve("a",1)),bodyAcross=coupled.RuntimeBody(bodyB);bool crossContact=false;for(auto& event:coupled.Physics().LastStepTouchEvents())crossContact|=(event.a==floorA&&event.b==bodyAcross)||(event.b==floorA&&event.a==bodyAcross);check(crossContact,"actual contacts from additive geometry reach the shared authoritative solver");
      |                                                                                                                                                                                                                                      ~~~~~~~^~~~~~~~
      |                                                                                                                                                                                                                                            |  |
      |                                                                                                                                                                                                                                            |  BodyHandle
      |                                                                                                                                                                                                                                            const BodyHandle
/home/conner/Documents/GitHub/Project-Judas/tests/WorldStreamingTests.cpp:84:254: error: no match for ‘operator==’ (operand types are ‘const BodyHandle’ and ‘BodyHandle’)
   84 |  auto floorA=coupled.RuntimeBody(groups.Resolve("a",1)),bodyAcross=coupled.RuntimeBody(bodyB);bool crossContact=false;for(auto& event:coupled.Physics().LastStepTouchEvents())crossContact|=(event.a==floorA&&event.b==bodyAcross)||(event.b==floorA&&event.a==bodyAcross);check(crossContact,"actual contacts from additive geometry reach the shared authoritative solver");
      |                                                                                                                                                                                                                                                       ~~~~~~~^~~~~~~~~~~~
      |                                                                                                                                                                                                                                                             |  |
      |                                                                                                                                                                                                                                                             |  BodyHandle
      |                                                                                                                                                                                                                                                             const BodyHandle
gmake[3]: *** [CMakeFiles/judas_streaming_tests.dir/build.make:79: CMakeFiles/judas_streaming_tests.dir/tests/WorldStreamingTests.cpp.o] Error 1
gmake[2]: *** [CMakeFiles/Makefile2:5841: CMakeFiles/judas_streaming_tests.dir/all] Error 2
gmake[1]: *** [CMakeFiles/Makefile2:5848: CMakeFiles/judas_streaming_tests.dir/rule] Error 2
gmake: *** [Makefile:1957: judas_streaming_tests] Error 2
