[  5%] Built target judas_icu_build
[  5%] Built target judas_glad
[  5%] Built target judas_profiler
[  5%] Built target judas_quickjs
[ 15%] Built target judas_navigation_backend
[ 36%] Built target freetype
[ 42%] Built target judas_audio_backend
[ 42%] Built target harfbuzz
[ 42%] Built target judas_materials
[ 42%] Building CXX object CMakeFiles/judas_engine.dir/src/WorldStreaming.cpp.o
[ 42%] Building CXX object CMakeFiles/judas_engine.dir/src/SceneSession.cpp.o
[ 42%] Linking CXX static library libjudas_engine.a
[100%] Built target judas_engine
[100%] Building CXX object CMakeFiles/judas_streaming_tests.dir/tests/WorldStreamingTests.cpp.o
[100%] Linking CXX executable judas_streaming_tests
[100%] Built target judas_streaming_tests
[  5%] Built target judas_icu_build
[  5%] Built target judas_quickjs
[  5%] Built target judas_profiler
[ 15%] Built target judas_navigation_backend
[ 15%] Built target judas_glad
[ 35%] Built target freetype
[ 40%] Built target judas_materials
[ 40%] Built target judas_audio_backend
[ 40%] Built target harfbuzz
[ 95%] Built target judas_engine
[100%] Building CXX object CMakeFiles/judas_streaming_application_tests.dir/tests/StreamingApplicationTests.cpp.o
[100%] Linking CXX executable judas_streaming_application_tests
[100%] Built target judas_streaming_application_tests
[  0%] Built target judas_glad
[  0%] Built target judas_quickjs
[  5%] Built target judas_icu_build
[ 15%] Built target judas_navigation_backend
[ 15%] Built target judas_profiler
[ 35%] Built target freetype
[ 40%] Built target judas_audio_backend
[ 40%] Built target judas_materials
[ 40%] Built target harfbuzz
[ 95%] Built target judas_engine
[ 95%] Linking CXX executable judas
[100%] Built target judas
[  5%] Built target judas_icu_build
[  5%] Built target judas_glad
[  5%] Built target judas_quickjs
[  5%] Built target judas_profiler
[ 15%] Built target judas_navigation_backend
[ 36%] Built target freetype
[ 42%] Built target judas_audio_backend
[ 42%] Built target judas_materials
[ 42%] Built target harfbuzz
[100%] Built target judas_engine
[100%] Linking CXX executable judas_export
[100%] Built target judas_export
[  4%] Built target judas_icu_build
[  4%] Built target judas_glad
[ 13%] Built target judas_navigation_backend
[ 13%] Built target judas_quickjs
[ 13%] Built target judas_profiler
[ 30%] Built target freetype
[ 30%] Built target judas_materials
[ 34%] Built target judas_audio_backend
[ 39%] Built target harfbuzz
[ 39%] Built target judas_imgui
[ 86%] Built target judas_engine
[ 95%] Built target judas_navigation_baker
[ 95%] Linking CXX executable judas_editor
[100%] Built target judas_editor
[ 10%] Built target judas_navigation_backend
[ 15%] Built target judas_icu_build
[ 15%] Built target judas_glad
[ 15%] Built target judas_quickjs
[ 15%] Built target judas_profiler
[ 35%] Built target freetype
[ 40%] Built target judas_audio_backend
[ 40%] Built target judas_materials
[ 40%] Built target harfbuzz
[ 95%] Built target judas_engine
[ 95%] Linking CXX executable judas_scene_transition_tests
[100%] Built target judas_scene_transition_tests
[  5%] Built target judas_icu_build
[  5%] Built target judas_quickjs
[  5%] Built target judas_glad
[  5%] Built target judas_profiler
[ 15%] Built target judas_navigation_backend
[ 35%] Built target freetype
[ 35%] Built target judas_materials
[ 40%] Built target judas_audio_backend
[ 40%] Built target harfbuzz
[ 95%] Built target judas_engine
[100%] Linking CXX executable judasjs_examples_tests
[100%] Built target judasjs_examples_tests
