[  0%] Built target judas_glad
[ 10%] Built target judas_profiler
[ 10%] Built target judas_quickjs
[ 15%] Built target judas_icu_build
[ 15%] Built target judas_navigation_backend
[ 36%] Built target freetype
[ 42%] Built target judas_materials
[ 42%] Built target judas_audio_backend
[ 42%] Built target harfbuzz
[100%] Built target judas_engine
[100%] Building CXX object CMakeFiles/judas_streaming_tests.dir/tests/WorldStreamingTests.cpp.o
[100%] Linking CXX executable judas_streaming_tests
[100%] Built target judas_streaming_tests
[  5%] Built target judas_glad
[  5%] Built target judas_quickjs
[  5%] Built target judas_icu_build
[ 15%] Built target judas_navigation_backend
[ 15%] Built target judas_profiler
[ 35%] Built target freetype
[ 40%] Built target judas_audio_backend
[ 40%] Built target judas_materials
[ 40%] Built target harfbuzz
[ 95%] Built target judas_engine
[ 95%] Linking CXX executable judas_shooter_application_tests
[100%] Built target judas_shooter_application_tests
[  0%] Built target judas_glad
[ 10%] Built target judas_navigation_backend
[ 10%] Built target judas_quickjs
[ 15%] Built target judas_icu_build
[ 15%] Built target judas_profiler
[ 36%] Built target freetype
[ 42%] Built target judas_audio_backend
[ 42%] Built target harfbuzz
[ 42%] Built target judas_materials
[100%] Built target judas_engine
[100%] Linking CXX executable judas_ragdoll_tests
[100%] Built target judas_ragdoll_tests
