libEGL warning: Not allowed to force software rendering when API explicitly selects a hardware device.
Renderer fragment texture units: 32 (material path uses 12)
World state: /home/conner/Documents/GitHub/Project-Judas/projects/shooter_game/Saves/range.judasstate (none saved; F6 saves, F7 deletes)
Project: Spring Range (/home/conner/Documents/GitHub/Project-Judas/projects/shooter_game/shooter_game.judasproj)
Scene: Spring Range (/home/conner/Documents/GitHub/Project-Judas/projects/shooter_game/Scenes/range.judas)
World origin (m): 0.000, 0.000, 0.000
Localization: missing localization key range.score
Localization: missing localization key range.progress
Localization: missing localization key range.start
Localization: missing localization key range.language
Localization: missing localization key range.title
Localization: missing localization key range.controls
Localization: missing localization key range.score
Localization: missing localization key range.progress
Localization: missing localization key range.start
Localization: missing localization key range.language
libEGL warning: Not allowed to force software rendering when API explicitly selects a hardware device.
Renderer fragment texture units: 32 (material path uses 12)
World state: disk saves disabled for additive compositions
Project: Streamed Spring Range (/home/conner/Documents/GitHub/Project-Judas/projects/streamed_range/streamed_range.judasproj)
Scene: Streamed Spring Range (/home/conner/Documents/GitHub/Project-Judas/projects/streamed_range/Scenes/bootstrap.judas)
World origin (m): 0.000, 0.000, 0.000
Localization: missing localization key range.score
Localization: missing localization key range.progress
Localization: missing localization key range.start
Localization: missing localization key range.language
Localization: missing localization key range.title
Localization: missing localization key range.controls
M59_PERF original frame interval median=32.395399 p95=44.580996 max=64.182886 ms
M59_PERF original integration median=0.000000 p95=0.000000 max=0.000000 ms
M59_PERF original fixed median=1.993747 p95=2.957335 max=7.142477 ms
REGION all-resident gallery-0 state=active preparation=18.695060 load=95.469426 integration=7.690468 largest_unit=6.841074 bytes=313531 retained=14314
REGION all-resident gallery-1 state=active preparation=12.475300 load=1009.872796 integration=7.244403 largest_unit=6.528280 bytes=299224 retained=0
REGION all-resident gallery-2 state=active preparation=10.852738 load=1040.898905 integration=6.570333 largest_unit=5.663560 bytes=299224 retained=0
REGION all-resident gallery-3 state=active preparation=10.273181 load=1121.159305 integration=6.003793 largest_unit=5.310140 bytes=299224 retained=0
REGION all-resident gallery-4 state=active preparation=10.956421 load=1132.830321 integration=5.434725 largest_unit=4.543350 bytes=299224 retained=0
REGION all-resident gallery-5 state=active preparation=7.586596 load=1193.039215 integration=4.702812 largest_unit=3.562754 bytes=299224 retained=0
REGION all-resident liquid state=active preparation=1.718283 load=87.485503 integration=1.416328 largest_unit=0.898160 bytes=52890 retained=0
REGION all-resident oblique state=unloaded preparation=0.000000 load=0.000000 integration=0.000000 largest_unit=0.000000 bytes=0 retained=0
libEGL warning: Not allowed to force software rendering when API explicitly selects a hardware device.
Renderer fragment texture units: 32 (material path uses 12)
World state: disk saves disabled for additive compositions
Project: Streamed Spring Range (/home/conner/Documents/GitHub/Project-Judas/projects/streamed_range/streamed_range.judasproj)
Scene: Streamed Spring Range (/home/conner/Documents/GitHub/Project-Judas/projects/streamed_range/Scenes/bootstrap.judas)
World origin (m): 0.000, 0.000, 0.000
M59_PERF all-resident frame interval median=27.368507 p95=74.545950 max=339.122034 ms
M59_PERF all-resident integration median=1.064538 p95=2.068080 max=10.029294 ms
M59_PERF all-resident fixed median=2.138302 p95=6.177414 max=28.221253 ms
REGION streamed gallery-0 state=active preparation=21.461244 load=103.153377 integration=8.514122 largest_unit=7.439828 bytes=313531 retained=14314
REGION streamed gallery-1 state=active preparation=12.356472 load=167.307644 integration=10.222777 largest_unit=9.283572 bytes=299224 retained=0
REGION streamed gallery-2 state=unloaded preparation=0.000000 load=0.000000 integration=0.000000 largest_unit=0.000000 bytes=0 retained=0
REGION streamed gallery-3 state=unloaded preparation=0.000000 load=0.000000 integration=0.000000 largest_unit=0.000000 bytes=0 retained=0
REGION streamed gallery-4 state=unloaded preparation=0.000000 load=0.000000 integration=0.000000 largest_unit=0.000000 bytes=0 retained=0
REGION streamed gallery-5 state=unloaded preparation=0.000000 load=0.000000 integration=0.000000 largest_unit=0.000000 bytes=0 retained=0
REGION streamed liquid state=active preparation=1.801983 load=68.511593 integration=1.597657 largest_unit=0.998985 bytes=52890 retained=0
REGION streamed oblique state=unloaded preparation=0.000000 load=0.000000 integration=0.000000 largest_unit=0.000000 bytes=0 retained=0
libEGL warning: Not allowed to force software rendering when API explicitly selects a hardware device.
Renderer fragment texture units: 32 (material path uses 12)
World state: disk saves disabled for additive compositions
Project: Streamed Spring Range (/home/conner/Documents/GitHub/Project-Judas/projects/streamed_range/streamed_range.judasproj)
Scene: Streamed Spring Range (/home/conner/Documents/GitHub/Project-Judas/projects/streamed_range/Scenes/bootstrap.judas)
World origin (m): 0.000, 0.000, 0.000
M59_PERF streamed frame interval median=24.313439 p95=31.861803 max=349.967522 ms
M59_PERF streamed integration median=0.251562 p95=0.468688 max=9.580457 ms
M59_PERF streamed fixed median=0.859833 p95=1.241912 max=5.406462 ms
REGION streamed-real-time gallery-0 state=active preparation=17.161709 load=91.558443 integration=8.721983 largest_unit=7.842568 bytes=313531 retained=14314
REGION streamed-real-time gallery-1 state=active preparation=16.542883 load=69.897113 integration=6.028095 largest_unit=5.249923 bytes=299224 retained=0
REGION streamed-real-time gallery-2 state=unloaded preparation=0.000000 load=0.000000 integration=0.000000 largest_unit=0.000000 bytes=0 retained=0
REGION streamed-real-time gallery-3 state=unloaded preparation=0.000000 load=0.000000 integration=0.000000 largest_unit=0.000000 bytes=0 retained=0
REGION streamed-real-time gallery-4 state=unloaded preparation=0.000000 load=0.000000 integration=0.000000 largest_unit=0.000000 bytes=0 retained=0
REGION streamed-real-time gallery-5 state=unloaded preparation=0.000000 load=0.000000 integration=0.000000 largest_unit=0.000000 bytes=0 retained=0
REGION streamed-real-time liquid state=active preparation=1.292483 load=74.277668 integration=1.428720 largest_unit=0.774075 bytes=52890 retained=0
REGION streamed-real-time oblique state=unloaded preparation=0.000000 load=0.000000 integration=0.000000 largest_unit=0.000000 bytes=0 retained=0
M59_PERF streamed-real-time frame interval median=24.466812 p95=29.362503 max=37.106596 ms
M59_PERF streamed-real-time integration median=0.300427 p95=0.479196 max=5.488492 ms
M59_PERF streamed-real-time fixed median=0.858219 p95=1.232474 max=5.660888 ms
