[  0%] Built target judas_glad
[  5%] Built target judas_icu_build
[  5%] Built target judas_quickjs
[  5%] Built target judas_profiler
[ 15%] Built target judas_navigation_backend
[ 36%] Built target freetype
[ 42%] Built target judas_audio_backend
[ 42%] Built target harfbuzz
[ 42%] Built target judas_materials
[100%] Built target judas_engine
[100%] Building CXX object CMakeFiles/judas_streaming_tests.dir/tests/WorldStreamingTests.cpp.o
/home/conner/Documents/GitHub/Project-Judas/tests/WorldStreamingTests.cpp: In function ‘int main()’:
/home/conner/Documents/GitHub/Project-Judas/tests/WorldStreamingTests.cpp:90:72: error: no matching function for call to ‘find(std::vector<std::__cxx11::basic_string<char> >::iterator, std::vector<std::__cxx11::basic_string<char> >::iterator, AssetId&)’
   90 |  check(PrepareWorldRegion(skinRegion,p,db,skinProduct,error)&&std::find(skinProduct.requiredGeometry.begin(),skinProduct.requiredGeometry.end(),skeletalAsset.id)!=skinProduct.requiredGeometry.end(),"skeletal geometry declared as required before ragdoll publication");
      |                                                               ~~~~~~~~~^~~~~~~~~~~~~~~~~~~~~~~~~~~~~~~~~~~~~~~~~~~~~~~~~~~~~~~~~~~~~~~~~~~~~~~~~~~~~~~~~~~~~~~~~~
/home/conner/Documents/GitHub/Project-Judas/tests/WorldStreamingTests.cpp:90:72: note: there is 1 candidate
In file included from /usr/include/c++/15/bits/locale_facets.h:50,
                 from /usr/include/c++/15/locale:44,
                 from /usr/include/c++/15/bits/fs_path.h:36,
                 from /usr/include/c++/15/filesystem:54,
                 from /home/conner/Documents/GitHub/Project-Judas/tests/WorldStreamingTests.cpp:10:
/usr/include/c++/15/bits/streambuf_iterator.h:437:5: note: candidate 1: ‘template<class _CharT2> typename __gnu_cxx::__enable_if<std::__is_char<_CharT>::__value, std::istreambuf_iterator<_CharT, std::char_traits<_CharT> > >::__type std::find(istreambuf_iterator<_CharT, char_traits<_CharT> >, istreambuf_iterator<_CharT, char_traits<_CharT> >, const _CharT2&)’
  437 |     find(istreambuf_iterator<_CharT> __first,
      |     ^~~~
/usr/include/c++/15/bits/streambuf_iterator.h:437:5: note: template argument deduction/substitution failed:
/home/conner/Documents/GitHub/Project-Judas/tests/WorldStreamingTests.cpp:90:72: note:   ‘__gnu_cxx::__normal_iterator<std::__cxx11::basic_string<char>*, std::vector<std::__cxx11::basic_string<char> > >’ is not derived from ‘std::istreambuf_iterator<_CharT, std::char_traits<_CharT> >’
   90 |  check(PrepareWorldRegion(skinRegion,p,db,skinProduct,error)&&std::find(skinProduct.requiredGeometry.begin(),skinProduct.requiredGeometry.end(),skeletalAsset.id)!=skinProduct.requiredGeometry.end(),"skeletal geometry declared as required before ragdoll publication");
      |                                                               ~~~~~~~~~^~~~~~~~~~~~~~~~~~~~~~~~~~~~~~~~~~~~~~~~~~~~~~~~~~~~~~~~~~~~~~~~~~~~~~~~~~~~~~~~~~~~~~~~~~
gmake[3]: *** [CMakeFiles/judas_streaming_tests.dir/build.make:79: CMakeFiles/judas_streaming_tests.dir/tests/WorldStreamingTests.cpp.o] Error 1
gmake[2]: *** [CMakeFiles/Makefile2:5841: CMakeFiles/judas_streaming_tests.dir/all] Error 2
gmake[1]: *** [CMakeFiles/Makefile2:5848: CMakeFiles/judas_streaming_tests.dir/rule] Error 2
gmake: *** [Makefile:1957: judas_streaming_tests] Error 2
