libEGL warning: Not allowed to force software rendering when API explicitly selects a hardware device.
Renderer fragment texture units: 32 (material path uses 12)
World state: /home/conner/Documents/GitHub/Project-Judas/projects/shooter_game/Saves/range.judasstate (none saved; F6 saves, F7 deletes)
Project: Spring Range (/home/conner/Documents/GitHub/Project-Judas/projects/shooter_game/shooter_game.judasproj)
Scene: Spring Range (/home/conner/Documents/GitHub/Project-Judas/projects/shooter_game/Scenes/range.judas)
World origin (m): 0.000, 0.000, 0.000
Localization: missing localization key range.score
Localization: missing localization key range.progress
Localization: missing localization key range.start
Localization: missing localization key range.language
Localization: missing localization key range.title
Localization: missing localization key range.controls
Localization: missing localization key range.score
Localization: missing localization key range.progress
Localization: missing localization key range.start
Localization: missing localization key range.language
libEGL warning: Not allowed to force software rendering when API explicitly selects a hardware device.
Renderer fragment texture units: 32 (material path uses 12)
World state: /home/conner/Documents/GitHub/Project-Judas/projects/streamed_range/Saves/bootstrap.judasstate (none saved; F6 saves, F7 deletes)
Project: Streamed Spring Range (/home/conner/Documents/GitHub/Project-Judas/projects/streamed_range/streamed_range.judasproj)
Scene: Streamed Spring Range (/home/conner/Documents/GitHub/Project-Judas/projects/streamed_range/Scenes/bootstrap.judas)
World origin (m): 0.000, 0.000, 0.000
Localization: missing localization key range.score
Localization: missing localization key range.progress
Localization: missing localization key range.start
Localization: missing localization key range.language
Localization: missing localization key range.title
Localization: missing localization key range.controls
M59_PERF original frame interval median=32.673314 p95=56.217816 max=109.535897 ms
M59_PERF original integration median=0.000000 p95=0.000000 max=0.000000 ms
M59_PERF original fixed median=2.086119 p95=3.944736 max=15.646798 ms
REGION all-resident gallery-0 state=active preparation=16.159522 load=75.150907 integration=0.778216 largest_unit=0.278621 bytes=313534 retained=14314
REGION all-resident gallery-1 state=active preparation=11.439963 load=1343.109861 integration=0.655856 largest_unit=0.295587 bytes=299224 retained=0
REGION all-resident gallery-2 state=active preparation=10.102554 load=1360.400165 integration=0.761023 largest_unit=0.333981 bytes=299224 retained=0
REGION all-resident gallery-3 state=active preparation=11.318317 load=1419.275798 integration=0.717649 largest_unit=0.283626 bytes=299224 retained=0
REGION all-resident gallery-4 state=active preparation=10.472678 load=617.417399 integration=0.909811 largest_unit=0.351461 bytes=299224 retained=0
REGION all-resident gallery-5 state=active preparation=9.779127 load=676.305902 integration=1.103133 largest_unit=0.466948 bytes=299224 retained=0
REGION all-resident liquid state=active preparation=1.540031 load=74.068516 integration=0.821820 largest_unit=0.369814 bytes=52890 retained=0
REGION all-resident oblique state=unloaded preparation=0.000000 load=0.000000 integration=0.000000 largest_unit=0.000000 bytes=0 retained=0
libEGL warning: Not allowed to force software rendering when API explicitly selects a hardware device.
Renderer fragment texture units: 32 (material path uses 12)
World state: /home/conner/Documents/GitHub/Project-Judas/projects/streamed_range/Saves/bootstrap.judasstate (none saved; F6 saves, F7 deletes)
Project: Streamed Spring Range (/home/conner/Documents/GitHub/Project-Judas/projects/streamed_range/streamed_range.judasproj)
Scene: Streamed Spring Range (/home/conner/Documents/GitHub/Project-Judas/projects/streamed_range/Scenes/bootstrap.judas)
World origin (m): 0.000, 0.000, 0.000
M59_PERF all-resident frame interval median=24.375822 p95=31.151514 max=345.062758 ms
M59_PERF all-resident integration median=1.162666 p95=1.527420 max=5.493888 ms
M59_PERF all-resident fixed median=1.791947 p95=2.421810 max=7.279306 ms
REGION streamed gallery-0 state=active preparation=19.631120 load=79.972495 integration=1.020436 largest_unit=0.446637 bytes=313534 retained=14314
REGION streamed gallery-1 state=active preparation=13.199879 load=44.116534 integration=1.057270 largest_unit=0.489783 bytes=299224 retained=0
REGION streamed gallery-2 state=unloaded preparation=0.000000 load=0.000000 integration=0.000000 largest_unit=0.000000 bytes=0 retained=0
REGION streamed gallery-3 state=unloaded preparation=0.000000 load=0.000000 integration=0.000000 largest_unit=0.000000 bytes=0 retained=0
REGION streamed gallery-4 state=unloaded preparation=0.000000 load=0.000000 integration=0.000000 largest_unit=0.000000 bytes=0 retained=0
REGION streamed gallery-5 state=unloaded preparation=0.000000 load=0.000000 integration=0.000000 largest_unit=0.000000 bytes=0 retained=0
REGION streamed liquid state=active preparation=1.721550 load=65.237728 integration=0.623876 largest_unit=0.249859 bytes=52890 retained=0
REGION streamed oblique state=unloaded preparation=0.000000 load=0.000000 integration=0.000000 largest_unit=0.000000 bytes=0 retained=0
M59_PERF streamed frame interval median=21.913574 p95=26.880124 max=330.175459 ms
M59_PERF streamed integration median=0.223585 p95=0.388384 max=3.332803 ms
M59_PERF streamed fixed median=0.764493 p95=1.243323 max=5.735957 ms
