libEGL warning: Not allowed to force software rendering when API explicitly selects a hardware device.
Renderer fragment texture units: 32 (material path uses 12)
World state: disk saves disabled for additive compositions
Project: Streamed Spring Range (/home/conner/Documents/GitHub/Project-Judas/projects/streamed_range/streamed_range.judasproj)
Scene: Streamed Spring Range (/home/conner/Documents/GitHub/Project-Judas/projects/streamed_range/Scenes/bootstrap.judas)
World origin (m): 0.000, 0.000, 0.000
Localization: missing localization key range.score
Localization: missing localization key range.progress
Localization: missing localization key range.start
Localization: missing localization key range.language
Localization: missing localization key range.title
Localization: missing localization key range.controls
Localization: missing localization key stream.wait
PASS normal asynchronous resources
PASS normal standalone starts in playable captured view
PASS actual GL world plus UI screenshot
FAIL normal application fire scores on real target
PASS normal application camera toggle
PASS actual GL world plus UI screenshot
PASS pause shows UI before authoritative simulation
PASS actual GL world plus UI screenshot
PASS paused frames never step gameplay
PASS paused fire does not leak
PASS keyboard Resume restores game and capture
PASS queued outer-boundary reload genuinely reconstructs game
PASS no script faults in actual application
PASS normal standalone shutdown
SUMMARY 14 checks 1 failures
