PASS ordinary project
PASS source A
PASS source B with same IDs
PASS one authoritative world
PASS registered scene sources
PASS asynchronous parse/staged activation
PASS colliding source IDs remapped independently
PASS both groups inhabit same physics inventory
PASS double origin subtracted before float narrowing
PASS independent duplicate demand retained
PASS budgeted real unregistration
PASS old entity and body invalidated
PASS return reconstructs region
PASS changed pose retained with fresh identity
PASS ordinary gameplay destruction
PASS destroyed region suspends
PASS destroyed region returns
PASS destroyed source does not respawn on return
PASS transfer ordinary hierarchy to root
FAIL source region unloads after adoption
PASS adoption preserves runtime identity and motion
FAIL held real job does not stall simulation
FAIL preload completes without publishing
FAIL preload has no public colliders/entities
FAIL pause prevents activation
FAIL one-unit staged installation remains private
FAIL cancel during installation rolls back staged registrations
FAIL cancel left no orphan bodies
PASS pressure world
PASS pressure candidate active
FAIL state pressure pins instead of resets
PASS dependency cycle fails clearly
FAIL malformed source safely fails
PASS unrelated active region remains valid
PASS composed disk delta explicitly rejected
M59 35 checks 10 failures
