[ 10%] Built target judas_navigation_backend
[ 10%] Built target judas_quickjs
[ 10%] Built target judas_profiler
[ 31%] Built target freetype
[ 31%] Built target judas_glad
[ 36%] Built target judas_icu_build
[ 42%] Built target judas_audio_backend
[ 42%] Built target harfbuzz
[ 42%] Built target judas_materials
[ 42%] Building CXX object CMakeFiles/judas_engine.dir/src/WorldStreaming.cpp.o
[ 42%] Linking CXX static library libjudas_engine.a
[100%] Built target judas_engine
[100%] Linking CXX executable judas_streaming_tests
[100%] Built target judas_streaming_tests
[  0%] Built target judas_glad
[  5%] Built target judas_quickjs
[  5%] Built target judas_icu_build
[ 15%] Built target judas_navigation_backend
[ 15%] Built target judas_profiler
[ 35%] Built target freetype
[ 40%] Built target judas_audio_backend
[ 40%] Built target harfbuzz
[ 40%] Built target judas_materials
[ 95%] Built target judas_engine
[ 95%] Linking CXX executable judas_streaming_application_tests
[100%] Built target judas_streaming_application_tests
[  0%] Built target judas_glad
[  0%] Built target judas_profiler
[  5%] Built target judas_icu_build
[ 15%] Built target judas_quickjs
[ 15%] Built target judas_navigation_backend
[ 35%] Built target freetype
[ 35%] Built target judas_materials
[ 40%] Built target harfbuzz
[ 40%] Built target judas_audio_backend
[ 95%] Built target judas_engine
[ 95%] Linking CXX executable judas
[100%] Built target judas
[  0%] Built target judas_glad
[  5%] Built target judas_quickjs
[  5%] Built target judas_icu_build
[  5%] Built target judas_profiler
[ 15%] Built target judas_navigation_backend
[ 36%] Built target freetype
[ 42%] Built target judas_audio_backend
[ 42%] Built target judas_materials
[ 42%] Built target harfbuzz
[100%] Built target judas_engine
[100%] Linking CXX executable judas_export
[100%] Built target judas_export
