[  0%] Building CXX object CMakeFiles/judas_rigid_contact_tests.dir/src/PhysicsWorld.cpp.o
[ 33%] Linking CXX executable judas_rigid_contact_tests
[100%] Built target judas_rigid_contact_tests
[  0%] Built target judas_glad
[  0%] Building CXX object CMakeFiles/judas_engine.dir/src/PhysicsWorld.cpp.o
[  0%] Linking CXX static library libjudas_engine.a
[ 93%] Built target judas_engine
[ 93%] Linking CXX executable judas_contact_geometry_tests
[100%] Built target judas_contact_geometry_tests
[  0%] Built target judas_glad
[100%] Built target judas_engine
[100%] Linking CXX executable judas_contact_lifecycle_tests
[100%] Built target judas_contact_lifecycle_tests
[  0%] Building CXX object CMakeFiles/judas_broadphase_tests.dir/src/PhysicsWorld.cpp.o
[ 33%] Linking CXX executable judas_broadphase_tests
[100%] Built target judas_broadphase_tests
[  0%] Built target judas_glad
[100%] Built target judas_engine
[100%] Linking CXX executable judas_contact_cache_tests
[100%] Built target judas_contact_cache_tests
[  0%] Built target judas_glad
[ 93%] Built target judas_engine
[100%] Linking CXX executable judas_contact_storage_tests
[100%] Built target judas_contact_storage_tests
[100%] Built target judas_physics_tests
[  0%] Built target judas_glad
[100%] Built target judas_engine
[100%] Linking CXX executable judas_lifecycle_tests
[100%] Built target judas_lifecycle_tests
[  0%] Built target judas_glad
[100%] Built target judas_engine
[100%] Linking CXX executable judas_rigid_motion_tests
[100%] Built target judas_rigid_motion_tests
[  0%] Built target judas_glad
[100%] Built target judas_engine
[100%] Building CXX object CMakeFiles/judas_impact_timing_tests.dir/tests/ImpactTimingTests.cpp.o
[100%] Linking CXX executable judas_impact_timing_tests
[100%] Built target judas_impact_timing_tests
[  0%] Built target judas_glad
[100%] Built target judas_engine
[100%] Linking CXX executable judas_impact_solver_tests
[100%] Built target judas_impact_solver_tests
[  0%] Built target judas_glad
[ 93%] Built target judas_engine
[ 93%] Linking CXX executable judas_timing_defect_probe
[100%] Built target judas_timing_defect_probe
