CASE half_020 failures=0 mass=108.0000076 particles=736 y=1.239177108 vy=0.4797194004 fraction=0.5117357969 max_speed=3.55738759 particle_ms=18.073927 executed_ms=19.123292 amortized_ms=10.14821763
FAIL neutral_020 neutral drift within 0.20m over 4 seconds
CASE neutral_020 failures=1 mass=216.0000153 particles=736 y=0.5624909997 vy=-0.004902720451 fraction=1 max_speed=1.495464444 particle_ms=18.276312 executed_ms=19.657063 amortized_ms=10.579279
CASE dense_020 failures=0 mass=432.0000305 particles=736 y=0.2999999821 vy=8.72135697e-13 fraction=1 max_speed=1.825658917 particle_ms=18.674153 executed_ms=20.061194 amortized_ms=10.57064545
CASE half_025 failures=0 mass=108.0000076 particles=320 y=1.034587264 vy=0.450987637 fraction=0.5306842327 max_speed=2.504302502 particle_ms=7.212845 executed_ms=7.880965 amortized_ms=4.381043479
FAIL neutral_025 neutral drift within 0.20m over 4 seconds
CASE neutral_025 failures=1 mass=216.0000153 particles=320 y=0.6663920283 vy=-0.106573537 fraction=0.9977511168 max_speed=1.690376043 particle_ms=6.867963 executed_ms=7.731649 amortized_ms=4.310533696
CASE dense_025 failures=0 mass=432.0000305 particles=320 y=0.2974980772 vy=-1.171684194e-09 fraction=1 max_speed=1.971220732 particle_ms=6.841037 executed_ms=7.718202 amortized_ms=4.307465242
FAIL rotated_half settles rather than passing through desired immersion
CASE rotated_half failures=1 mass=108.0000076 particles=736 y=1.264056206 vy=0.7985217571 fraction=0.50979352 max_speed=3.555882692 particle_ms=19.320325 executed_ms=20.547725 amortized_ms=10.95921437
FAIL zero_gravity zero gravity no invented buoyancy
CASE zero_gravity failures=1 mass=216.0000153 particles=736 y=1.470543385 vy=0.09377361834 fraction=0.8870978355 max_speed=0.1620865613 particle_ms=13.658154 executed_ms=14.938658 amortized_ms=8.147249154
CASE common_freefall failures=0 mass=216.0000153 particles=736 y=-77.222435 vy=-39.09356308 fraction=0.9421736598 max_speed=39.09356308 particle_ms=10.405943 executed_ms=11.504225 amortized_ms=6.3539291
FAIL small_mass_125x half-density equilibrium immersion within 10 percentage points
FAIL small_mass_125x settles rather than passing through desired immersion
CASE small_mass_125x failures=2 mass=0.864000082 particles=792 y=1.341150284 vy=2.419397593 fraction=0.6723618507 max_speed=6.827008247 particle_ms=19.833677 executed_ms=20.219261 amortized_ms=10.33066921
FAIL light_80kg half-density equilibrium immersion within 10 percentage points
FAIL light_80kg settles rather than passing through desired immersion
CASE light_80kg failures=2 mass=80 particles=736 y=1.148184299 vy=1.440826058 fraction=0.6011145711 max_speed=3.675451517 particle_ms=18.689045 executed_ms=19.940333 amortized_ms=10.8409263
SUMMARY checks=7958 failures=8 steps=2640
