libEGL warning: Not allowed to force software rendering when API explicitly selects a hardware device.
M31 resource stress: generating 24 sphere meshes (160x160) and 16 1024x1024 textures under /tmp/judas_m31_stress_3919
  137.5 MB of asset files
  7 workers, scene 'Tiny game' playing (3 dynamic bodies)
  async: all 40 assets Ready after 0.72 s; per-asset latency (request->Ready) min 435 ms avg 579 ms max 720 ms; 40 uploads; resident 211.9 MB (peak 211.9 MB)
  cancel: 20 loads cancelled by dropped demand, 4 stale completions discarded, 20 ready, 0 loading
  evict: budget 53.2 MB -> resident 106.4 MB before, 85.3 MB after, 4 evictions; referenced textures survived: yes
  reload: 4 evicted meshes re-requested and Ready again after 0.16 s
  blocking: all 40 assets loaded on the main thread in 1.45 s (one per frame)

Per-phase main-thread measurements (frame = pump + play frame + swap; 60 Hz fixed step):
  baseline (no loads)          frames  120 | frame avg   4.76 ms p99  81.93 ms max  147.12 ms (pump max   0.00 ms) | >33 ms:   8 | fixed steps    33 (expected ~   34, 1 saturated) | queue max  0 avg   0.0 | worker util   0.0% | jobs done 0
  async load (40 assets)       frames   28 | frame avg  25.75 ms p99 423.35 ms max  423.35 ms (pump max  14.93 ms) | >33 ms:   1 | fixed steps    24 (expected ~   43, 1 saturated) | queue max 33 avg   8.2 | worker util  62.5% | jobs done 40
  cancel + release             frames    1 | frame avg   0.80 ms p99   0.80 ms max    0.80 ms (pump max   0.03 ms) | >33 ms:   0 | fixed steps     0 (expected ~    0, 0 saturated) | queue max  4 avg   4.0 | worker util  34.4% | jobs done 0
  evict + reload               frames   25 | frame avg   6.37 ms p99 130.42 ms max  130.42 ms (pump max   4.69 ms) | >33 ms:   1 | fixed steps     9 (expected ~   10, 1 saturated) | queue max  0 avg   0.0 | worker util  32.3% | jobs done 4
  BLOCKING load (40 assets)    frames   40 | frame avg  36.20 ms p99  66.82 ms max   66.82 ms (pump max   0.00 ms) | >33 ms:  24 | fixed steps    87 (expected ~   87, 0 saturated) | queue max  0 avg   0.0 | worker util   0.0% | jobs done 0

Claim under test: expensive resource preparation no longer forces the main thread to wait for the whole operation.
  async  : worst frame  423.35 ms,   1 frames over 33 ms, 1 saturated catch-up frames, wall 0.72 s
  blocking: worst frame   66.82 ms,  24 frames over 33 ms, 0 saturated catch-up frames, wall 1.45 s
  (the work itself is not free: worker busy time during the async phase was 3.16 s across 7 workers)

shutdown clean (resources, workers, renderer, window in that order); temporary project removed
