[  1%] Built target judas_glad
[  1%] Built target judas_audio_backend
[  2%] Built target judas_quickjs
[  2%] Built target judas_imgui
[  6%] Built target judas_broadphase_tests
[  7%] Built target judas_physics_tests
[  7%] Built target judas_rigid_contact_tests
[  9%] Built target judas_collision_tests
[ 10%] Built target judas_pilot_attachment_tests
[ 14%] Built target judas_celestial_gravity_tests
[ 14%] Built target judas_step_climb_tests
[ 15%] Built target judas_pilot_dismount_tests
[ 17%] Built target judas_spacecraft_control_tests
[ 18%] Built target judas_ui_tests
[ 20%] Built target judas_spacecraft_flight_tests
[ 22%] Built target judas_reference_frame_tests
[ 23%] Built target judas_player_view_tests
[ 23%] Built target judas_shadow_tests
[ 25%] Built target judas_lighting_tests
[ 28%] Built target judas_interactable_tests
[ 31%] Built target judas_object_manipulation_tests
[ 31%] Building CXX object CMakeFiles/judas_player_curved_locomotion_tests.dir/src/RadicalGravity.cpp.o
[ 31%] Building CXX object CMakeFiles/judas_world_coordinates_tests.dir/src/RadialTerrain.cpp.o
[ 31%] Building CXX object CMakeFiles/judas_world_coordinates_tests.dir/src/Broadphase.cpp.o
[ 31%] Building CXX object CMakeFiles/judas_compound_body_tests.dir/src/Broadphase.cpp.o
[ 31%] Linking CXX executable judas_player_curved_locomotion_tests
[ 34%] Built target judas_player_curved_locomotion_tests
[ 34%] Building CXX object CMakeFiles/judas_fluid_world_tests.dir/src/FluidWorld.cpp.o
[ 34%] Building CXX object CMakeFiles/judas_world_coordinates_tests.dir/src/Narrowphase.cpp.o
[ 34%] Building CXX object CMakeFiles/judas_compound_body_tests.dir/src/Narrowphase.cpp.o
[ 35%] Building CXX object CMakeFiles/judas_world_coordinates_tests.dir/src/FaithfulGravity.cpp.o
[ 35%] Building CXX object CMakeFiles/judas_world_coordinates_tests.dir/src/RadicalGravity.cpp.o
[ 35%] Building CXX object CMakeFiles/judas_world_coordinates_tests.dir/src/SphericalVolume.cpp.o
[ 35%] Building CXX object CMakeFiles/judas_world_coordinates_tests.dir/src/BoxVolume.cpp.o
[ 35%] Building CXX object CMakeFiles/judas_world_coordinates_tests.dir/src/GravityContextMap.cpp.o
[ 35%] Building CXX object CMakeFiles/judas_compound_body_tests.dir/src/PhysicsWorld.cpp.o
[ 35%] Building CXX object CMakeFiles/judas_fluid_world_tests.dir/src/JointSolver.cpp.o
[ 35%] Linking CXX executable judas_world_coordinates_tests
[ 35%] Building CXX object CMakeFiles/judas_fluid_world_tests.dir/src/PhysicsCastGeometry.cpp.o
[ 38%] Built target judas_world_coordinates_tests
[ 38%] Building CXX object CMakeFiles/judas_fluid_rigid_coupling_tests.dir/tests/FluidRigidCouplingTests.cpp.o
[ 38%] Building CXX object CMakeFiles/judas_fluid_world_tests.dir/src/ImpactSolver.cpp.o
[ 39%] Building CXX object CMakeFiles/judas_fluid_world_tests.dir/src/RigidBody.cpp.o
[ 39%] Building CXX object CMakeFiles/judas_fluid_world_tests.dir/src/RigidBodyGravity.cpp.o
[ 39%] Building CXX object CMakeFiles/judas_fluid_rigid_coupling_tests.dir/src/FluidWorld.cpp.o
[ 39%] Building CXX object CMakeFiles/judas_fluid_world_tests.dir/src/Contacts.cpp.o
[ 39%] Building CXX object CMakeFiles/judas_fluid_world_tests.dir/src/ContactSolver.cpp.o
[ 39%] Building CXX object CMakeFiles/judas_fluid_world_tests.dir/src/RadialTerrain.cpp.o
[ 39%] Building CXX object CMakeFiles/judas_fluid_world_tests.dir/src/Broadphase.cpp.o
[ 39%] Building CXX object CMakeFiles/judas_fluid_world_tests.dir/src/Narrowphase.cpp.o
[ 39%] Building CXX object CMakeFiles/judas_fluid_rigid_coupling_tests.dir/src/ObjectManipulation.cpp.o
[ 39%] Building CXX object CMakeFiles/judas_fluid_world_tests.dir/src/FaithfulGravity.cpp.o
[ 40%] Building CXX object CMakeFiles/judas_fluid_world_tests.dir/src/RadicalGravity.cpp.o
[ 40%] Building CXX object CMakeFiles/judas_fluid_world_tests.dir/src/SphericalVolume.cpp.o
[ 40%] Building CXX object CMakeFiles/judas_fluid_rigid_coupling_tests.dir/src/DynamicBody.cpp.o
[ 40%] Building CXX object CMakeFiles/judas_fluid_world_tests.dir/src/BoxVolume.cpp.o
[ 40%] Building CXX object CMakeFiles/judas_fluid_world_tests.dir/src/GravityContextMap.cpp.o
[ 41%] Building CXX object CMakeFiles/judas_fluid_rigid_coupling_tests.dir/src/JointSolver.cpp.o
[ 41%] Building CXX object CMakeFiles/judas_fluid_world_tests.dir/src/PhysicsWorld.cpp.o
[ 41%] Linking CXX executable judas_compound_body_tests
[ 42%] Built target judas_compound_body_tests
[ 42%] Building CXX object CMakeFiles/judas_fluid_surface_tests.dir/tests/FluidSurfaceTests.cpp.o
[ 43%] Building CXX object CMakeFiles/judas_fluid_surface_tests.dir/src/FluidSurface.cpp.o
[ 43%] Building CXX object CMakeFiles/judas_fluid_rigid_coupling_tests.dir/src/PhysicsCastGeometry.cpp.o
[ 43%] Linking CXX executable judas_fluid_surface_tests
[ 43%] Building CXX object CMakeFiles/judas_terrain_physics_tests.dir/tests/TerrainPhysicsTests.cpp.o
[ 43%] Built target judas_fluid_surface_tests
[ 43%] Building CXX object CMakeFiles/judas_terrain_fluid_tests.dir/tests/TerrainFluidTests.cpp.o
[ 43%] Building CXX object CMakeFiles/judas_fluid_rigid_coupling_tests.dir/src/ImpactSolver.cpp.o
[ 43%] Building CXX object CMakeFiles/judas_fluid_rigid_coupling_tests.dir/src/RigidBody.cpp.o
[ 43%] Building CXX object CMakeFiles/judas_fluid_rigid_coupling_tests.dir/src/RigidBodyGravity.cpp.o
[ 43%] Building CXX object CMakeFiles/judas_terrain_physics_tests.dir/src/TerrainDemo.cpp.o
[ 43%] Building CXX object CMakeFiles/judas_fluid_rigid_coupling_tests.dir/src/Contacts.cpp.o
[ 44%] Building CXX object CMakeFiles/judas_terrain_fluid_tests.dir/src/TerrainDemo.cpp.o
[ 44%] Building CXX object CMakeFiles/judas_terrain_physics_tests.dir/src/PlayerController.cpp.o
[ 44%] Building CXX object CMakeFiles/judas_terrain_fluid_tests.dir/src/FluidWorld.cpp.o
[ 44%] Building CXX object CMakeFiles/judas_terrain_physics_tests.dir/src/PlayerView.cpp.o
[ 45%] Building CXX object CMakeFiles/judas_terrain_physics_tests.dir/src/LightTransforms.cpp.o
[ 45%] Building CXX object CMakeFiles/judas_terrain_physics_tests.dir/src/StepClimb.cpp.o
[ 45%] Building CXX object CMakeFiles/judas_fluid_rigid_coupling_tests.dir/src/ContactSolver.cpp.o
[ 45%] Building CXX object CMakeFiles/judas_terrain_physics_tests.dir/src/Window.cpp.o
[ 45%] Building CXX object CMakeFiles/judas_terrain_fluid_tests.dir/src/JointSolver.cpp.o
[ 46%] Building CXX object CMakeFiles/judas_fluid_rigid_coupling_tests.dir/src/RadialTerrain.cpp.o
[ 46%] Building CXX object CMakeFiles/judas_terrain_physics_tests.dir/src/InputSystem.cpp.o
[ 46%] Building CXX object CMakeFiles/judas_terrain_fluid_tests.dir/src/PhysicsCastGeometry.cpp.o
[ 46%] Building CXX object CMakeFiles/judas_fluid_rigid_coupling_tests.dir/src/Broadphase.cpp.o
[ 46%] Linking CXX executable judas_fluid_world_tests
[ 46%] Built target judas_fluid_world_tests
[ 46%] Building CXX object CMakeFiles/judas_fluid_rigid_coupling_tests.dir/src/Narrowphase.cpp.o
[ 47%] Building CXX object CMakeFiles/judas_atmosphere_tests.dir/tests/AtmosphereTests.cpp.o
[ 47%] Building CXX object CMakeFiles/judas_terrain_fluid_tests.dir/src/ImpactSolver.cpp.o
[ 47%] Building CXX object CMakeFiles/judas_atmosphere_tests.dir/src/AtmosphereField.cpp.o
[ 47%] Building CXX object CMakeFiles/judas_terrain_fluid_tests.dir/src/RigidBody.cpp.o
[ 47%] Building CXX object CMakeFiles/judas_atmosphere_tests.dir/src/ReferenceFrame.cpp.o
[ 47%] Building CXX object CMakeFiles/judas_terrain_physics_tests.dir/src/JointSolver.cpp.o
[ 47%] Building CXX object CMakeFiles/judas_terrain_fluid_tests.dir/src/RigidBodyGravity.cpp.o
[ 47%] Building CXX object CMakeFiles/judas_atmosphere_tests.dir/src/TerrainDemo.cpp.o
[ 47%] Building CXX object CMakeFiles/judas_terrain_fluid_tests.dir/src/Contacts.cpp.o
[ 47%] Building CXX object CMakeFiles/judas_atmosphere_tests.dir/src/RadialTerrain.cpp.o
[ 47%] Building CXX object CMakeFiles/judas_terrain_physics_tests.dir/src/PhysicsCastGeometry.cpp.o
[ 47%] Linking CXX executable judas_atmosphere_tests
[ 47%] Built target judas_atmosphere_tests
[ 47%] Building CXX object CMakeFiles/judas_atmospheric_flight_tests.dir/tests/AtmosphericFlightTests.cpp.o
[ 47%] Building CXX object CMakeFiles/judas_fluid_rigid_coupling_tests.dir/src/PhysicsWorld.cpp.o
[ 47%] Building CXX object CMakeFiles/judas_terrain_physics_tests.dir/src/ImpactSolver.cpp.o
[ 48%] Building CXX object CMakeFiles/judas_terrain_physics_tests.dir/src/RigidBody.cpp.o
[ 49%] Building CXX object CMakeFiles/judas_atmospheric_flight_tests.dir/src/AtmosphereField.cpp.o
[ 49%] Building CXX object CMakeFiles/judas_terrain_physics_tests.dir/src/RigidBodyGravity.cpp.o
[ 49%] Building CXX object CMakeFiles/judas_terrain_physics_tests.dir/src/Contacts.cpp.o
[ 50%] Building CXX object CMakeFiles/judas_terrain_fluid_tests.dir/src/ContactSolver.cpp.o
[ 50%] Building CXX object CMakeFiles/judas_atmospheric_flight_tests.dir/src/AerodynamicDrag.cpp.o
[ 50%] Building CXX object CMakeFiles/judas_atmospheric_flight_tests.dir/src/ReferenceFrame.cpp.o
[ 50%] Building CXX object CMakeFiles/judas_terrain_fluid_tests.dir/src/RadialTerrain.cpp.o
[ 50%] Building CXX object CMakeFiles/judas_atmospheric_flight_tests.dir/src/CelestialGravity.cpp.o
[ 50%] Building CXX object CMakeFiles/judas_atmospheric_flight_tests.dir/src/DynamicBody.cpp.o
[ 50%] Building CXX object CMakeFiles/judas_terrain_fluid_tests.dir/src/Broadphase.cpp.o
[ 50%] Building CXX object CMakeFiles/judas_terrain_fluid_tests.dir/src/Narrowphase.cpp.o
[ 50%] Building CXX object CMakeFiles/judas_atmospheric_flight_tests.dir/src/FlyingPrimitiveControl.cpp.o
[ 50%] Building CXX object CMakeFiles/judas_terrain_physics_tests.dir/src/ContactSolver.cpp.o
[ 50%] Building CXX object CMakeFiles/judas_atmospheric_flight_tests.dir/src/Window.cpp.o
[ 50%] Building CXX object CMakeFiles/judas_terrain_physics_tests.dir/src/RadialTerrain.cpp.o
[ 50%] Building CXX object CMakeFiles/judas_terrain_physics_tests.dir/src/Broadphase.cpp.o
[ 50%] Building CXX object CMakeFiles/judas_atmospheric_flight_tests.dir/src/InputSystem.cpp.o
[ 50%] Building CXX object CMakeFiles/judas_terrain_physics_tests.dir/src/Narrowphase.cpp.o
[ 50%] Building CXX object CMakeFiles/judas_terrain_fluid_tests.dir/src/FaithfulGravity.cpp.o
[ 50%] Building CXX object CMakeFiles/judas_terrain_fluid_tests.dir/src/RadicalGravity.cpp.o
[ 50%] Building CXX object CMakeFiles/judas_terrain_fluid_tests.dir/src/SphericalVolume.cpp.o
[ 51%] Building CXX object CMakeFiles/judas_terrain_fluid_tests.dir/src/BoxVolume.cpp.o
[ 51%] Linking CXX executable judas_fluid_rigid_coupling_tests
[ 51%] Building CXX object CMakeFiles/judas_terrain_fluid_tests.dir/src/GravityContextMap.cpp.o
[ 51%] Built target judas_fluid_rigid_coupling_tests
[ 51%] Building CXX object CMakeFiles/judas_terrain_fluid_tests.dir/src/PhysicsWorld.cpp.o
[ 52%] Building CXX object CMakeFiles/judas_atmospheric_flight_tests.dir/src/JointSolver.cpp.o
[ 52%] Building CXX object CMakeFiles/judas_atmospheric_flight_tests.dir/src/PhysicsCastGeometry.cpp.o
[ 52%] Building CXX object CMakeFiles/judas_atmospheric_flight_tests.dir/src/ImpactSolver.cpp.o
[ 52%] Building CXX object CMakeFiles/judas_atmospheric_flight_tests.dir/src/RigidBody.cpp.o
[ 52%] Building CXX object CMakeFiles/judas_atmospheric_flight_tests.dir/src/RigidBodyGravity.cpp.o
[ 52%] Building CXX object CMakeFiles/judas_atmospheric_flight_tests.dir/src/Contacts.cpp.o
[ 52%] Building CXX object CMakeFiles/judas_terrain_physics_tests.dir/src/PhysicsWorld.cpp.o
[ 52%] Building CXX object CMakeFiles/judas_atmospheric_flight_tests.dir/src/ContactSolver.cpp.o
[ 53%] Building CXX object CMakeFiles/judas_terrain_physics_tests.dir/src/RadicalGravity.cpp.o
[ 54%] Building CXX object CMakeFiles/judas_atmospheric_flight_tests.dir/src/RadialTerrain.cpp.o
[ 54%] Building CXX object CMakeFiles/judas_atmospheric_flight_tests.dir/src/Broadphase.cpp.o
[ 54%] Building CXX object CMakeFiles/judas_atmospheric_flight_tests.dir/src/Narrowphase.cpp.o
[ 54%] Building CXX object CMakeFiles/judas_atmospheric_flight_tests.dir/src/PhysicsWorld.cpp.o
[ 54%] Building CXX object CMakeFiles/judas_combustion_tests.dir/tests/CombustionTests.cpp.o
[ 54%] Linking CXX executable judas_terrain_fluid_tests
[ 54%] Built target judas_terrain_fluid_tests
[ 66%] Built target judas_engine
[ 66%] Building CXX object CMakeFiles/judas_combustion_tests.dir/src/CombustionWorld.cpp.o
[ 66%] Building CXX object CMakeFiles/judas_combustion_tests.dir/src/FirePresentation.cpp.o
[ 66%] Building CXX object CMakeFiles/judas_combustion_tests.dir/src/AtmosphereField.cpp.o
[ 66%] Building CXX object CMakeFiles/judas_combustion_tests.dir/src/TerrainDemo.cpp.o
[ 66%] Linking CXX executable judas_terrain_physics_tests
[ 66%] Building CXX object CMakeFiles/judas_combustion_tests.dir/src/ReferenceFrame.cpp.o
[ 66%] Built target judas_terrain_physics_tests
[ 66%] Building CXX object CMakeFiles/judas.dir/src/main.cpp.o
[ 66%] Building CXX object CMakeFiles/judas_combustion_tests.dir/src/CelestialGravity.cpp.o
[ 67%] Building CXX object CMakeFiles/judas_combustion_tests.dir/src/RadicalGravity.cpp.o
[ 67%] Building CXX object CMakeFiles/judas.dir/src/Application.cpp.o
[ 67%] Building CXX object CMakeFiles/judas_combustion_tests.dir/src/FlyingPrimitiveControl.cpp.o
[ 67%] Building CXX object CMakeFiles/judas_combustion_tests.dir/src/Window.cpp.o
[ 67%] Building CXX object CMakeFiles/judas_combustion_tests.dir/src/InputSystem.cpp.o
[ 67%] Building CXX object CMakeFiles/judas_combustion_tests.dir/src/JointSolver.cpp.o
[ 67%] Linking CXX executable judas_atmospheric_flight_tests
[ 67%] Building CXX object CMakeFiles/judas.dir/src/RuntimeOptions.cpp.o
[ 67%] Built target judas_atmospheric_flight_tests
[ 68%] Building CXX object CMakeFiles/judas_editor.dir/src/editor/EditorMain.cpp.o
[ 68%] Building CXX object CMakeFiles/judas_combustion_tests.dir/src/PhysicsCastGeometry.cpp.o
[ 68%] Building CXX object CMakeFiles/judas_editor.dir/src/editor/EditorApplication.cpp.o
[ 68%] Building CXX object CMakeFiles/judas_editor.dir/src/editor/EditorCamera.cpp.o
[ 68%] Building CXX object CMakeFiles/judas_combustion_tests.dir/src/ImpactSolver.cpp.o
[ 68%] Building CXX object CMakeFiles/judas.dir/src/RuntimeDiagnostics.cpp.o
[ 69%] Building CXX object CMakeFiles/judas_combustion_tests.dir/src/RigidBody.cpp.o
[ 69%] Building CXX object CMakeFiles/judas_editor.dir/src/editor/EditorHistory.cpp.o
[ 69%] Building CXX object CMakeFiles/judas_combustion_tests.dir/src/RigidBodyGravity.cpp.o
[ 69%] Building CXX object CMakeFiles/judas.dir/src/TestHarness.cpp.o
[ 69%] Building CXX object CMakeFiles/judas_combustion_tests.dir/src/Contacts.cpp.o
[ 69%] Building CXX object CMakeFiles/judas_editor.dir/src/editor/EditorPanels.cpp.o
[ 69%] Linking CXX executable judas
[ 69%] Built target judas
[ 70%] Building CXX object CMakeFiles/judas_scene_author.dir/tools/SceneAuthor.cpp.o
[ 70%] Building CXX object CMakeFiles/judas_combustion_tests.dir/src/ContactSolver.cpp.o
[ 70%] Building CXX object CMakeFiles/judas_combustion_tests.dir/src/RadialTerrain.cpp.o
[ 70%] Building CXX object CMakeFiles/judas_editor.dir/src/editor/EditorWidgets.cpp.o
[ 70%] Building CXX object CMakeFiles/judas_combustion_tests.dir/src/Broadphase.cpp.o
[ 70%] Building CXX object CMakeFiles/judas_editor.dir/src/editor/ComponentEditors.cpp.o
[ 70%] Linking CXX executable judas_scene_author
[ 70%] Built target judas_scene_author
[ 70%] Building CXX object CMakeFiles/judas_combustion_tests.dir/src/Narrowphase.cpp.o
[ 70%] Building CXX object CMakeFiles/judas_combustion_tests.dir/src/PhysicsWorld.cpp.o
[ 70%] Building CXX object CMakeFiles/judas_editor.dir/src/editor/GizmoMath.cpp.o
[ 70%] Building CXX object CMakeFiles/judas_resource_stress.dir/tools/ResourceStress.cpp.o
[ 71%] Linking CXX executable judas_editor
[ 71%] Built target judas_editor
[ 71%] Building CXX object CMakeFiles/judas_scene_tests.dir/tests/SceneTests.cpp.o
[ 71%] Building CXX object CMakeFiles/judas_lifecycle_tests.dir/tests/LifecycleTests.cpp.o
[ 71%] Linking CXX executable judas_scene_tests
[ 71%] Built target judas_scene_tests
[ 72%] Building CXX object CMakeFiles/judas_project_tests.dir/tests/ProjectTests.cpp.o
[ 72%] Linking CXX executable judas_resource_stress
[ 72%] Built target judas_resource_stress
[ 72%] Building CXX object CMakeFiles/judas_job_tests.dir/tests/JobTests.cpp.o
[ 72%] Linking CXX executable judas_lifecycle_tests
[ 72%] Built target judas_lifecycle_tests
[ 72%] Building CXX object CMakeFiles/judas_project_tests.dir/src/editor/GizmoMath.cpp.o
[ 72%] Building CXX object CMakeFiles/judas_project_tests.dir/src/editor/EditorHistory.cpp.o
[ 73%] Linking CXX executable judas_combustion_tests
[ 73%] Built target judas_combustion_tests
[ 74%] Building CXX object CMakeFiles/judas_asset_tests.dir/tests/AssetTests.cpp.o
[ 75%] Linking CXX executable judas_job_tests
[ 75%] Building CXX object CMakeFiles/judas_scene_fingerprint_tests.dir/tests/SceneFingerprintTests.cpp.o
[ 75%] Built target judas_job_tests
[ 75%] Building CXX object CMakeFiles/judas_world_state_tests.dir/tests/WorldStateTests.cpp.o
[ 75%] Linking CXX executable judas_asset_tests
[ 75%] Built target judas_asset_tests
[ 75%] Building CXX object CMakeFiles/judas_async_application_tests.dir/tests/AsyncApplicationTests.cpp.o
[ 75%] Linking CXX executable judas_project_tests
[ 75%] Built target judas_project_tests
[ 76%] Building CXX object CMakeFiles/judas_uniform_gravity_scene_tests.dir/tests/UniformGravitySceneTests.cpp.o
[ 76%] Linking CXX executable judas_scene_fingerprint_tests
[ 76%] Built target judas_scene_fingerprint_tests
[ 76%] Building CXX object CMakeFiles/judas_contact_geometry_tests.dir/tests/ContactGeometryProbe.cpp.o
[ 76%] Linking CXX executable judas_contact_geometry_tests
[ 76%] Built target judas_contact_geometry_tests
[ 76%] Building CXX object CMakeFiles/judas_contact_lifecycle_tests.dir/tests/ContactLifecycleTests.cpp.o
[ 76%] Building CXX object CMakeFiles/judas_async_application_tests.dir/src/Application.cpp.o
[ 77%] Linking CXX executable judas_world_state_tests
[ 77%] Built target judas_world_state_tests
[ 77%] Building CXX object CMakeFiles/judas_contact_cache_tests.dir/tests/ContactCacheTests.cpp.o
[ 77%] Linking CXX executable judas_uniform_gravity_scene_tests
[ 77%] Built target judas_uniform_gravity_scene_tests
[ 77%] Building CXX object CMakeFiles/judas_contact_storage_tests.dir/tests/ContactStorageTests.cpp.o
[ 77%] Linking CXX executable judas_contact_storage_tests
[ 77%] Built target judas_contact_storage_tests
[ 77%] Building CXX object CMakeFiles/judas_timing_defect_probe.dir/tests/TimingDefectProbe.cpp.o
[ 78%] Linking CXX executable judas_contact_cache_tests
[ 78%] Built target judas_contact_cache_tests
[ 78%] Building CXX object CMakeFiles/judas_rigid_motion_tests.dir/tests/RigidMotionTests.cpp.o
[ 78%] Linking CXX executable judas_contact_lifecycle_tests
[ 78%] Built target judas_contact_lifecycle_tests
[ 78%] Building CXX object CMakeFiles/judas_poisson_policy_witness.dir/tests/PoissonPolicyWitness.cpp.o
[ 78%] Building CXX object CMakeFiles/judas_async_application_tests.dir/src/RuntimeOptions.cpp.o
[ 78%] Linking CXX executable judas_timing_defect_probe
[ 78%] Linking CXX executable judas_rigid_motion_tests
[ 78%] Built target judas_timing_defect_probe
[ 78%] Built target judas_rigid_motion_tests
[ 79%] Building CXX object CMakeFiles/judas_impact_solver_tests.dir/tests/ImpactSolverTests.cpp.o
[ 79%] Building CXX object CMakeFiles/judas_impact_timing_tests.dir/tests/ImpactTimingTests.cpp.o
[ 79%] Linking CXX executable judas_poisson_policy_witness
[ 79%] Built target judas_poisson_policy_witness
[ 79%] Building CXX object CMakeFiles/judas_project_application_tests.dir/tests/ProjectApplicationTests.cpp.o
[ 79%] Linking CXX executable judas_impact_solver_tests
[ 79%] Built target judas_impact_solver_tests
[ 79%] Building CXX object CMakeFiles/judas_lifecycle_integration_tests.dir/tests/LifecycleIntegrationTests.cpp.o
[ 79%] Building CXX object CMakeFiles/judas_async_application_tests.dir/src/RuntimeDiagnostics.cpp.o
[ 79%] Linking CXX executable judas_impact_timing_tests
[ 79%] Built target judas_impact_timing_tests
[ 79%] Building CXX object CMakeFiles/judas_async_application_tests.dir/src/TestHarness.cpp.o
[ 79%] Building CXX object CMakeFiles/judas_asset_integrity_tests.dir/tests/AssetIntegrityTests.cpp.o
[ 79%] Building CXX object CMakeFiles/judas_project_application_tests.dir/src/Application.cpp.o
[ 79%] Linking CXX executable judas_async_application_tests
[ 79%] Linking CXX executable judas_asset_integrity_tests
[ 79%] Built target judas_async_application_tests
[ 79%] Building CXX object CMakeFiles/judas_coarse_celestial_tests.dir/tests/CoarseCelestialTests.cpp.o
[ 79%] Built target judas_asset_integrity_tests
[ 79%] Building CXX object CMakeFiles/judas_orbital_integrity_tests.dir/tests/OrbitalIntegrityTests.cpp.o
[ 79%] Linking CXX executable judas_lifecycle_integration_tests
[ 79%] Built target judas_lifecycle_integration_tests
[ 79%] Building CXX object CMakeFiles/judas_spacecraft_frame_integration_tests.dir/tests/SpacecraftFrameIntegrationTests.cpp.o
[ 79%] Building CXX object CMakeFiles/judas_project_application_tests.dir/src/RuntimeOptions.cpp.o
[ 79%] Linking CXX executable judas_coarse_celestial_tests
[ 79%] Built target judas_coarse_celestial_tests
[ 79%] Building CXX object CMakeFiles/judas_thermal_accounting_tests.dir/tests/ThermalAccountingTests.cpp.o
[ 79%] Linking CXX executable judas_orbital_integrity_tests
[ 79%] Building CXX object CMakeFiles/judas_project_application_tests.dir/src/RuntimeDiagnostics.cpp.o
[ 79%] Built target judas_orbital_integrity_tests
[ 79%] Building CXX object CMakeFiles/judas_combustion_integration_tests.dir/tests/CombustionIntegrationTests.cpp.o
[ 79%] Linking CXX executable judas_spacecraft_frame_integration_tests
[ 79%] Built target judas_spacecraft_frame_integration_tests
[ 79%] Building CXX object CMakeFiles/judas_player_swimming_tests.dir/tests/PlayerSwimmingTests.cpp.o
[ 79%] Building CXX object CMakeFiles/judas_project_application_tests.dir/src/TestHarness.cpp.o
[ 79%] Linking CXX executable judas_thermal_accounting_tests
[ 79%] Built target judas_thermal_accounting_tests
[ 79%] Building CXX object CMakeFiles/judas_fluid_metadata_tests.dir/tests/FluidMetadataTests.cpp.o
[ 79%] Linking CXX executable judas_player_swimming_tests
[ 79%] Built target judas_player_swimming_tests
[ 79%] Linking CXX executable judas_fluid_hydrostatics_tests
[ 80%] Built target judas_fluid_hydrostatics_tests
[ 80%] Building CXX object CMakeFiles/judas_production_fluid_tests.dir/tests/ProductionFluidTests.cpp.o
[ 80%] Linking CXX executable judas_project_application_tests
[ 81%] Linking CXX executable judas_combustion_integration_tests
[ 81%] Built target judas_project_application_tests
[ 81%] Building CXX object CMakeFiles/judas_fluid_container_integration_tests.dir/tests/FluidContainerIntegrationTests.cpp.o
[ 81%] Built target judas_combustion_integration_tests
[ 82%] Building CXX object CMakeFiles/judas_player_fluid_integration_tests.dir/tests/PlayerFluidIntegrationTests.cpp.o
[ 82%] Linking CXX executable judas_fluid_metadata_tests
[ 82%] Built target judas_fluid_metadata_tests
[ 82%] Building CXX object CMakeFiles/judas_fluid_cavity_impact_tests.dir/tests/FluidCavityImpactTests.cpp.o
[ 82%] Linking CXX executable judas_fluid_cavity_impact_tests
[ 83%] Linking CXX executable judas_production_fluid_tests
[ 83%] Built target judas_fluid_cavity_impact_tests
[ 83%] Building CXX object CMakeFiles/judas_fluid_smoothing_budget_tests.dir/tests/FluidSmoothingBudgetTests.cpp.o
[ 83%] Built target judas_production_fluid_tests
[ 83%] Building CXX object CMakeFiles/judas_fluid_boundary_contact_tests.dir/tests/FluidBoundaryContactTests.cpp.o
[ 83%] Linking CXX executable judas_fluid_smoothing_budget_tests
[ 83%] Linking CXX executable judas_fluid_container_integration_tests
[ 83%] Built target judas_fluid_smoothing_budget_tests
[ 83%] Building CXX object CMakeFiles/judas_particle_contact_batch_tests.dir/tests/ParticleContactBatchTests.cpp.o
[ 83%] Linking CXX executable judas_fluid_boundary_contact_tests
[ 83%] Built target judas_fluid_container_integration_tests
[ 83%] Built target judas_fluid_boundary_contact_tests
[ 83%] Building CXX object CMakeFiles/judas_production_fluid_performance.dir/tests/ProductionFluidPerformance.cpp.o
[ 83%] Building CXX object CMakeFiles/judas_render_camera_tests.dir/tests/RenderCameraTests.cpp.o
[ 83%] Linking CXX executable judas_player_fluid_integration_tests
[ 83%] Built target judas_player_fluid_integration_tests
[ 83%] Building CXX object CMakeFiles/judas_audio_tests.dir/tests/AudioTests.cpp.o
[ 83%] Linking CXX executable judas_particle_contact_batch_tests
[ 83%] Built target judas_particle_contact_batch_tests
[ 83%] Building CXX object CMakeFiles/judas_input_tests.dir/tests/InputTests.cpp.o
[ 83%] Linking CXX executable judas_production_fluid_performance
[ 83%] Built target judas_production_fluid_performance
[ 83%] Building CXX object CMakeFiles/judas_prefab_tests.dir/tests/PrefabTests.cpp.o
[ 83%] Linking CXX executable judas_input_tests
[ 83%] Built target judas_input_tests
[ 83%] Building CXX object CMakeFiles/judas_prefab_tests.dir/src/editor/EditorHistory.cpp.o
[ 83%] Building CXX object CMakeFiles/judas_render_camera_tests.dir/src/editor/EditorHistory.cpp.o
[ 84%] Building CXX object CMakeFiles/judas_audio_tests.dir/src/editor/EditorHistory.cpp.o
[ 84%] Building CXX object CMakeFiles/judas_prefab_application_tests.dir/tests/PrefabApplicationTests.cpp.o
[ 84%] Linking CXX executable judas_prefab_tests
[ 84%] Built target judas_prefab_tests
[ 84%] Building CXX object CMakeFiles/judas_visual_particle_tests.dir/tests/VisualParticleTests.cpp.o
[ 84%] Linking CXX executable judas_render_camera_tests
[ 84%] Linking CXX executable judas_audio_tests
[ 84%] Built target judas_render_camera_tests
[ 84%] Building CXX object CMakeFiles/judas_prefab_application_tests.dir/src/Application.cpp.o
[ 84%] Built target judas_audio_tests
[ 84%] Building CXX object CMakeFiles/judas_particle_application_tests.dir/tests/ParticleApplicationTests.cpp.o
[ 84%] Building CXX object CMakeFiles/judas_prefab_application_tests.dir/src/RuntimeOptions.cpp.o
[ 84%] Building CXX object CMakeFiles/judas_prefab_application_tests.dir/src/RuntimeDiagnostics.cpp.o
[ 84%] Building CXX object CMakeFiles/judas_particle_application_tests.dir/src/Application.cpp.o
[ 85%] Building CXX object CMakeFiles/judas_prefab_application_tests.dir/src/TestHarness.cpp.o
[ 85%] Building CXX object CMakeFiles/judas_visual_particle_tests.dir/src/editor/EditorHistory.cpp.o
[ 85%] Building CXX object CMakeFiles/judas_export.dir/src/ExportMain.cpp.o
[ 85%] Linking CXX executable judas_export
[ 85%] Built target judas_export
[ 85%] Building CXX object CMakeFiles/judas_export_tests.dir/tests/ExportTests.cpp.o
[ 85%] Linking CXX executable judas_prefab_application_tests
[ 85%] Building CXX object CMakeFiles/judas_particle_application_tests.dir/src/RuntimeOptions.cpp.o
[ 85%] Built target judas_prefab_application_tests
[ 85%] Building CXX object CMakeFiles/judas_package_application_tests.dir/tests/PackageApplicationTests.cpp.o
[ 85%] Linking CXX executable judas_visual_particle_tests
[ 85%] Built target judas_visual_particle_tests
[ 85%] Building CXX object CMakeFiles/judas_classification_tests.dir/tests/ClassificationTests.cpp.o
[ 86%] Linking CXX executable judas_export_tests
[ 86%] Built target judas_export_tests
[ 86%] Building CXX object CMakeFiles/judas_script_tests.dir/tests/ScriptTests.cpp.o
[ 86%] Building CXX object CMakeFiles/judas_particle_application_tests.dir/src/RuntimeDiagnostics.cpp.o
[ 86%] Building CXX object CMakeFiles/judas_package_application_tests.dir/src/Application.cpp.o
[ 86%] Building CXX object CMakeFiles/judas_particle_application_tests.dir/src/TestHarness.cpp.o
[ 86%] Linking CXX executable judas_script_tests
[ 86%] Built target judas_script_tests
[ 86%] Building CXX object CMakeFiles/judas_script_application_tests.dir/tests/ScriptApplicationTests.cpp.o
[ 87%] Linking CXX executable judas_particle_application_tests
[ 87%] Built target judas_particle_application_tests
[ 87%] Building CXX object CMakeFiles/judas_runtime_ui_tests.dir/tests/RuntimeUITests.cpp.o
[ 88%] Building CXX object CMakeFiles/judas_classification_tests.dir/src/editor/EditorHistory.cpp.o
[ 88%] Building CXX object CMakeFiles/judas_package_application_tests.dir/src/RuntimeOptions.cpp.o
[ 88%] Building CXX object CMakeFiles/judas_script_application_tests.dir/src/Application.cpp.o
[ 88%] Building CXX object CMakeFiles/judas_package_application_tests.dir/src/RuntimeDiagnostics.cpp.o
[ 88%] Linking CXX executable judas_classification_tests
[ 88%] Built target judas_classification_tests
[ 88%] Building CXX object CMakeFiles/judas_runtime_ui_application_tests.dir/tests/RuntimeUIApplicationTests.cpp.o
[ 89%] Building CXX object CMakeFiles/judas_package_application_tests.dir/src/TestHarness.cpp.o
[ 89%] Linking CXX executable judas_runtime_ui_tests
[ 89%] Built target judas_runtime_ui_tests
[ 89%] Building CXX object CMakeFiles/judas_touch_event_tests.dir/tests/TouchEventTests.cpp.o
[ 89%] Building CXX object CMakeFiles/judas_script_application_tests.dir/src/RuntimeOptions.cpp.o
[ 90%] Building CXX object CMakeFiles/judas_runtime_ui_application_tests.dir/src/Application.cpp.o
[ 90%] Linking CXX executable judas_package_application_tests
[ 90%] Built target judas_package_application_tests
[ 90%] Building CXX object CMakeFiles/judas_runtime_ui_application_tests.dir/src/RuntimeOptions.cpp.o
[ 90%] Linking CXX executable judas_touch_event_tests
[ 90%] Built target judas_touch_event_tests
[ 90%] Building CXX object CMakeFiles/judas_runtime_ui_application_tests.dir/src/RuntimeDiagnostics.cpp.o
[ 91%] Building CXX object CMakeFiles/judas_script_application_tests.dir/src/RuntimeDiagnostics.cpp.o
[ 91%] Building CXX object CMakeFiles/judas_runtime_ui_application_tests.dir/src/TestHarness.cpp.o
[ 91%] Building CXX object CMakeFiles/judas_touch_application_tests.dir/tests/TouchApplicationTests.cpp.o
[ 91%] Building CXX object CMakeFiles/judas_script_application_tests.dir/src/TestHarness.cpp.o
[ 91%] Building CXX object CMakeFiles/judas_scene_transition_tests.dir/tests/SceneTransitionTests.cpp.o
[ 91%] Linking CXX executable judas_runtime_ui_application_tests
[ 91%] Built target judas_runtime_ui_application_tests
[ 91%] Building CXX object CMakeFiles/judas_physics_cast_tests.dir/tests/PhysicsCastTests.cpp.o
[ 91%] Linking CXX executable judas_script_application_tests
[ 91%] Built target judas_script_application_tests
[ 91%] Building CXX object CMakeFiles/judas_scene_transition_tests.dir/src/Application.cpp.o
[ 91%] Linking CXX executable judas_physics_cast_tests
[ 91%] Built target judas_physics_cast_tests
[ 92%] Building CXX object CMakeFiles/judas_scene_transition_tests.dir/src/RuntimeOptions.cpp.o
[ 92%] Building CXX object CMakeFiles/judas_scene_transition_tests.dir/src/RuntimeDiagnostics.cpp.o
[ 92%] Building CXX object CMakeFiles/judas_scene_transition_tests.dir/src/TestHarness.cpp.o
[ 93%] Building CXX object CMakeFiles/judas_touch_application_tests.dir/src/Application.cpp.o
[ 93%] Building CXX object CMakeFiles/judas_touch_application_tests.dir/src/RuntimeOptions.cpp.o
[ 93%] Building CXX object CMakeFiles/judas_touch_application_tests.dir/src/RuntimeDiagnostics.cpp.o
[ 93%] Linking CXX executable judas_scene_transition_tests
[ 93%] Built target judas_scene_transition_tests
[ 93%] Building CXX object CMakeFiles/judas_touch_application_tests.dir/src/TestHarness.cpp.o
[ 93%] Building CXX object CMakeFiles/judas_physics_cast_application_tests.dir/tests/PhysicsCastApplicationTests.cpp.o
[ 93%] Building CXX object CMakeFiles/judas_physics_cast_application_tests.dir/src/Application.cpp.o
[ 93%] Building CXX object CMakeFiles/judas_physics_cast_application_tests.dir/src/RuntimeOptions.cpp.o
[ 93%] Linking CXX executable judas_touch_application_tests
[ 93%] Built target judas_touch_application_tests
[ 93%] Building CXX object CMakeFiles/judas_joint_tests.dir/tests/JointTests.cpp.o
[ 93%] Building CXX object CMakeFiles/judas_physics_cast_application_tests.dir/src/RuntimeDiagnostics.cpp.o
[ 93%] Building CXX object CMakeFiles/judas_physics_cast_application_tests.dir/src/TestHarness.cpp.o
[ 94%] Building CXX object CMakeFiles/judas_joint_authoring_tests.dir/tests/JointAuthoringTests.cpp.o
[ 94%] Linking CXX executable judas_joint_tests
[ 94%] Built target judas_joint_tests
[ 94%] Building CXX object CMakeFiles/judas_joint_application_tests.dir/tests/JointApplicationTests.cpp.o
[ 94%] Building CXX object CMakeFiles/judas_joint_application_tests.dir/src/Application.cpp.o
[ 95%] Linking CXX executable judas_physics_cast_application_tests
[ 95%] Built target judas_physics_cast_application_tests
[ 96%] Building CXX object CMakeFiles/judas_skeletal_animation_tests.dir/tests/SkeletalAnimationTests.cpp.o
[ 96%] Linking CXX executable judas_joint_authoring_tests
[ 96%] Built target judas_joint_authoring_tests
[ 96%] Building CXX object CMakeFiles/judas_animation_application_tests.dir/tests/AnimationApplicationTests.cpp.o
[ 96%] Building CXX object CMakeFiles/judas_joint_application_tests.dir/src/RuntimeOptions.cpp.o
[ 96%] Building CXX object CMakeFiles/judas_joint_application_tests.dir/src/RuntimeDiagnostics.cpp.o
[ 96%] Building CXX object CMakeFiles/judas_joint_application_tests.dir/src/TestHarness.cpp.o
[ 97%] Building CXX object CMakeFiles/judas_animation_application_tests.dir/src/Application.cpp.o
[ 97%] Building CXX object CMakeFiles/judas_animation_application_tests.dir/src/RuntimeOptions.cpp.o
[ 97%] Linking CXX executable judas_skeletal_animation_tests
[ 97%] Built target judas_skeletal_animation_tests
[ 97%] Building CXX object CMakeFiles/judas_pose_composition_tests.dir/tests/PoseCompositionTests.cpp.o
[ 97%] Building CXX object CMakeFiles/judas_animation_application_tests.dir/src/RuntimeDiagnostics.cpp.o
[ 97%] Linking CXX executable judas_joint_application_tests
[ 97%] Built target judas_joint_application_tests
[ 97%] Building CXX object CMakeFiles/judas_animation_application_tests.dir/src/TestHarness.cpp.o
[ 97%] Building CXX object CMakeFiles/judas_pose_composition_application_tests.dir/tests/PoseCompositionApplicationTests.cpp.o
[ 97%] Linking CXX executable judas_pose_composition_tests
[ 97%] Building CXX object CMakeFiles/judas_pose_composition_application_tests.dir/src/Application.cpp.o
[ 97%] Built target judas_pose_composition_tests
[ 98%] Building CXX object CMakeFiles/judas_ragdoll_tests.dir/tests/RagdollTests.cpp.o
[ 98%] Linking CXX executable judas_animation_application_tests
[ 98%] Built target judas_animation_application_tests
[ 98%] Building CXX object CMakeFiles/judas_ragdoll_application_tests.dir/tests/RagdollApplicationTests.cpp.o
[ 98%] Building CXX object CMakeFiles/judas_pose_composition_application_tests.dir/src/RuntimeOptions.cpp.o
[ 98%] Building CXX object CMakeFiles/judas_pose_composition_application_tests.dir/src/RuntimeDiagnostics.cpp.o
[ 98%] Linking CXX executable judas_ragdoll_tests
[ 98%] Built target judas_ragdoll_tests
[ 98%] Building CXX object CMakeFiles/judas_pose_composition_application_tests.dir/src/TestHarness.cpp.o
[ 98%] Built target judas_fluid_demo_probe
[ 98%] Building CXX object CMakeFiles/judas_ragdoll_application_tests.dir/src/Application.cpp.o
[ 99%] Built target judas_fluid_demo_integration_tests
[ 99%] Building CXX object CMakeFiles/judas_ragdoll_application_tests.dir/src/RuntimeOptions.cpp.o
[ 99%] Building CXX object CMakeFiles/judas_ragdoll_application_tests.dir/src/RuntimeDiagnostics.cpp.o
[ 99%] Building CXX object CMakeFiles/judas_ragdoll_application_tests.dir/src/TestHarness.cpp.o
[100%] Linking CXX executable judas_pose_composition_application_tests
[100%] Built target judas_pose_composition_application_tests
[100%] Linking CXX executable judas_ragdoll_application_tests
[100%] Built target judas_ragdoll_application_tests
