libEGL warning: Not allowed to force software rendering when API explicitly selects a hardware device.
M31 resource stress: generating 24 sphere meshes (160x160) and 16 1024x1024 textures under /tmp/judas_m31_stress_3547
  137.5 MB of asset files
  7 workers, scene 'Tiny game' playing (3 dynamic bodies)
  async: all 40 assets Ready after 0.69 s; per-asset latency (request->Ready) min 194 ms avg 480 ms max 686 ms; 40 uploads; resident 211.9 MB (peak 211.9 MB)
  cancel: 20 loads cancelled by dropped demand, 10 stale completions discarded, 20 ready, 0 loading
  evict: budget 53.2 MB -> resident 106.4 MB before, 85.3 MB after, 4 evictions; referenced textures survived: yes
  reload: 4 evicted meshes re-requested and Ready again after 0.12 s
  blocking: all 40 assets loaded on the main thread in 1.47 s (one per frame)

Per-phase main-thread measurements (frame = pump + play frame + swap; 60 Hz fixed step):
  baseline (no loads)          frames  120 | frame avg   5.40 ms p99  26.88 ms max  241.60 ms (pump max   0.00 ms) | >33 ms:   1 | fixed steps    35 (expected ~   42, 1 saturated) | queue max  0 avg   0.0 | worker util   0.0% | jobs done 0
  async load (40 assets)       frames   30 | frame avg  21.58 ms p99 106.99 ms max  106.99 ms (pump max  31.24 ms) | >33 ms:   5 | fixed steps    40 (expected ~   41, 1 saturated) | queue max 33 avg  13.8 | worker util  67.6% | jobs done 40
  cancel + release             frames    1 | frame avg   1.36 ms p99   1.36 ms max    1.36 ms (pump max   0.06 ms) | >33 ms:   0 | fixed steps     0 (expected ~    0, 0 saturated) | queue max  4 avg   4.0 | worker util  13.7% | jobs done 0
  evict + reload               frames   15 | frame avg   7.25 ms p99  46.87 ms max   46.87 ms (pump max   4.49 ms) | >33 ms:   2 | fixed steps     7 (expected ~    7, 0 saturated) | queue max  2 avg   0.2 | worker util  42.4% | jobs done 4
  BLOCKING load (40 assets)    frames   40 | frame avg  36.28 ms p99  46.37 ms max   46.37 ms (pump max   0.00 ms) | >33 ms:  24 | fixed steps    89 (expected ~   88, 0 saturated) | queue max  0 avg   0.0 | worker util   0.0% | jobs done 0

Claim under test: expensive resource preparation no longer forces the main thread to wait for the whole operation.
  async  : worst frame  106.99 ms,   5 frames over 33 ms, 1 saturated catch-up frames, wall 0.69 s
  blocking: worst frame   46.37 ms,  24 frames over 33 ms, 0 saturated catch-up frames, wall 1.47 s
  (the work itself is not free: worker busy time during the async phase was 3.25 s across 7 workers)

shutdown clean (resources, workers, renderer, window in that order); temporary project removed
