configure: exit=0, 0.616s
build: exit=0, 229.066s
async_application: exit=0, 4.874s
judas_scene_tests: exit=0, 0.033s
judas_lifecycle_tests: exit=0, 0.365s
judas_project_tests: exit=0, 0.165s
judas_job_tests: exit=0, 0.064s
judas_physics_tests: exit=0, 0.004s
judas_rigid_contact_tests: exit=0, 2.671s
judas_broadphase_tests: exit=0, 22.818s
judas_collision_tests: exit=0, 0.032s
judas_celestial_gravity_tests: exit=0, 0.032s
judas_asset_tests: exit=0, 0.004s
judas_step_climb_tests: exit=0, 0.004s
judas_pilot_attachment_tests: exit=0, 0.002s
judas_pilot_dismount_tests: exit=0, 0.002s
judas_spacecraft_control_tests: exit=0, 0.008s
judas_spacecraft_flight_tests: exit=0, 0.016s
judas_reference_frame_tests: exit=0, 0.004s
judas_ui_tests: exit=0, 0.008s
judas_lighting_tests: exit=0, 0.008s
judas_shadow_tests: exit=0, 0.002s
judas_interactable_tests: exit=0, 0.008s
judas_player_view_tests: exit=0, 0.002s
judas_object_manipulation_tests: exit=0, 0.004s
judas_player_curved_locomotion_tests: exit=0, 0.064s
judas_world_coordinates_tests: exit=0, 0.032s
judas_compound_body_tests: exit=0, 0.064s
judas_fluid_world_tests: exit=0, 0.816s
judas_fluid_rigid_coupling_tests: exit=0, 17.499s
judas_fluid_surface_tests: exit=0, 0.008s
judas_terrain_physics_tests: exit=0, 0.815s
judas_terrain_fluid_tests: exit=0, 30.934s
judas_atmosphere_tests: exit=0, 0.016s
judas_atmospheric_flight_tests: exit=0, 0.016s
judas_combustion_tests: exit=0, 0.064s
judas_scene_fingerprint_tests: exit=0, 0.032s
judas_world_state_tests: exit=0, 0.034s
judas_uniform_gravity_scene_tests: exit=0, 0.115s
judas_contact_geometry_tests: exit=0, 0.065s
judas_contact_lifecycle_tests: exit=0, 0.016s
judas_contact_cache_tests: exit=0, 0.032s
judas_contact_storage_tests: exit=0, 0.115s
judas_rigid_motion_tests: exit=0, 0.004s
judas_impact_solver_tests: exit=0, 0.004s
judas_impact_timing_tests: exit=0, 0.016s
judas_project_application_tests: exit=0, 1.022s
judas_lifecycle_integration_tests: exit=0, 0.008s
judas_asset_integrity_tests: exit=0, 0.008s
judas_coarse_celestial_tests: exit=0, 0.008s
judas_orbital_integrity_tests: exit=0, 0.064s
judas_spacecraft_frame_integration_tests: exit=0, 0.034s
judas_thermal_accounting_tests: exit=0, 0.016s
judas_combustion_integration_tests: exit=0, 0.068s
judas_player_swimming_tests: exit=0, 0.016s
judas_fluid_metadata_tests: exit=1, 0.004s
judas_fluid_hydrostatics_tests: exit=0, 0.265s
judas_production_fluid_tests: exit=0, 81.432s
judas_fluid_container_integration_tests: exit=0, 4.677s
judas_player_fluid_integration_tests: exit=0, 128.273s
judas_fluid_cavity_impact_tests: exit=0, 0.008s
judas_fluid_smoothing_budget_tests: exit=0, 0.004s
judas_fluid_boundary_contact_tests: exit=0, 0.004s
judas_particle_contact_batch_tests: exit=0, 0.004s
judas_render_camera_tests: exit=0, 0.615s
editor_async: exit=0, 1.372s
runtime_blocking_reference: exit=0, 0.215s
m31_resource_stress: exit=0, 6.837s
{
  "overall_pass": false,
  "checks": {
    "integration_all_12_cases": true,
    "editor_play_stop_async": true,
    "blocking_reference_three_steps": true,
    "tested_sources_unchanged_during_run": true,
    "protected_paths_unchanged": true
  },
  "seconds": 536.8555122120006
}
