step,time,posX,posY,posZ,upX,upY,upZ,grounded,velX,velY,velZ,gravX,gravY,gravZ,controlled,frame,steps,paused,obj0PosX,obj0PosY,obj0PosZ,obj0VelX,obj0VelY,obj0VelZ
JS: SKATER start rails=8 autopilot=false
0,0.00000,0.000000,0.000000,0.000000,0.000000,1.000000,0.000000,0,0.000000,0.000000,0.000000,0.000000,-9.810000,0.000000,0,0,1,0,0.000000,3.263942,23.500000,0.000000,0.236499,0.000000
JS: STREAM t=0.10 street-0 - -> unloaded entities=0 prepMs=0.00 integMs=0.00 largestUnitMs=0.00 skater=(0.00,3.27,23.50) v=0.1
JS: STREAM t=0.10 street-1 - -> unloaded entities=0 prepMs=0.00 integMs=0.00 largestUnitMs=0.00 skater=(0.00,3.27,23.50) v=0.1
JS: STREAM t=0.10 street-2 - -> unloaded entities=0 prepMs=0.00 integMs=0.00 largestUnitMs=0.00 skater=(0.00,3.27,23.50) v=0.1
JS: STREAM t=0.10 street-3 - -> unloaded entities=0 prepMs=0.00 integMs=0.00 largestUnitMs=0.00 skater=(0.00,3.27,23.50) v=0.1
JS: STREAM t=0.10 street-4 - -> unloaded entities=0 prepMs=0.00 integMs=0.00 largestUnitMs=0.00 skater=(0.00,3.27,23.50) v=0.1
[TestHarness] service stream ready after 65 wait frames at frame 10
JS: STREAM t=0.20 street-0 unloaded -> active entities=11 prepMs=1.95 integMs=8.40 largestUnitMs=7.95 skater=(0.00,3.28,23.50) v=0.0
60,1.00000,0.000000,5.224422,27.935440,0.000000,0.941743,-0.336334,0,0.000000,0.000000,0.000000,0.000000,-9.810000,0.000000,0,60,1,0,0.000000,3.283649,23.500000,0.000000,0.000007,0.000000,33.499985,-4.907931,-122.033508,0.000000,0.000000,0.000000,34.499985,-4.277305,-116.033508,0.000000,0.000000,0.000000,33.499981,-3.646680,-110.033508,-0.000000,0.000000,0.000000,34.499985,-3.016054,-104.033508,0.000000,0.000000,0.000000
JS: SAVES save queued
120,2.00000,0.000000,5.224430,27.935436,0.000000,0.941742,-0.336336,0,0.000000,0.000000,0.000000,0.000000,-9.810000,0.000000,0,120,1,0,0.000000,3.283649,23.500000,0.000000,0.000007,0.000000,33.499985,-4.907931,-122.033508,0.000000,0.000000,0.000000,34.499985,-4.277305,-116.033508,0.000000,0.000000,0.000000,33.499981,-3.646680,-110.033508,0.000000,0.000000,0.000000,34.499985,-3.016054,-104.033508,0.000000,0.000000,0.000000
JS: SAVES save queued
JS: SAVES save queued
JS: SAVES save queued
JS: SAVES save queued
JS: SAVES save queued
JS: SAVES save queued
JS: SAVES save queued
JS: SAVES save queued
JS: SAVES save queued
JS: SAVES save queued
JS: SAVES save queued
JS: SAVES save queued
JS: SAVES save queued
JS: SAVES save queued
JS: SAVES save queued
JS: SAVES save queued
JS: SAVES save queued
JS: SAVES save queued
JS: SAVES save queued
JS: SAVES save queued
JS: SAVES save queued
JS: SAVES save queued
JS: SAVES save queued
JS: SAVES save queued
JS: SAVES save queued
JS: SAVES save queued
JS: SAVES save queued
JS: SAVES save queued
JS: SAVES save queued
JS: SAVES save queued
JS: SAVES save queued
JS: SAVES save queued
JS: SAVES save queued
JS: SAVES save queued
JS: SAVES save queued
JS: SAVES save queued
JS: SAVES save queued
JS: SAVES save queued
JS: SAVES save queued
JS: SAVES save queued
JS: SAVES save queued
JS: SAVES save queued
JS: SAVES save queued
JS: SAVES save queued
JS: SAVES save queued
JS: SAVES save queued
JS: SAVES save queued
JS: SAVES save queued
JS: SAVES save queued
JS: SAVES save queued
JS: SAVES save queued
JS: SAVES save queued
JS: SAVES save queued
JS: SAVES save queued
JS: SAVES save queued
JS: SAVES save queued
JS: SAVES save queued
JS: SAVES save queued
JS: SAVES save queued
JS: SAVES save queued
180,3.00000,0.000000,5.224430,27.935436,0.000000,0.941742,-0.336336,0,0.000000,0.000000,0.000000,0.000000,-9.810000,0.000000,0,180,1,0,0.000000,3.283649,23.500000,0.000000,0.000007,0.000000,33.499985,-4.907931,-122.033508,0.000000,0.000000,0.000000,34.499985,-4.277305,-116.033508,0.000000,0.000000,0.000000,33.499981,-3.646680,-110.033508,0.000000,0.000000,0.000000,34.499985,-3.016054,-104.033508,0.000000,0.000000,0.000000
JS: SAVES save queued
JS: SAVES save queued
JS: SAVES save queued
JS: SAVES save queued
JS: SAVES save queued
JS: SAVES save queued
JS: SAVES save queued
JS: SAVES save queued
JS: SAVES save queued
JS: SAVES save queued
JS: SAVES save queued
JS: SAVES save queued
JS: SAVES save queued
JS: SAVES save queued
JS: SAVES save queued
JS: SAVES save queued
JS: SAVES save queued
JS: SAVES save queued
JS: SAVES save queued
JS: SAVES save queued
JS: SAVES save queued
JS: SAVES save queued
JS: SAVES save queued
JS: SAVES save queued
JS: SAVES save queued
JS: SAVES save queued
JS: SAVES save queued
JS: SAVES save queued
JS: SAVES save queued
JS: SAVES save queued
JS: SAVES save queued
JS: SAVES save queued
JS: SAVES save queued
JS: SAVES save queued
JS: SAVES save queued
JS: SAVES save queued
JS: SAVES save queued
JS: SAVES save writing
JS: SAVES save writing
JS: SAVES save writing
JS: SAVES save writing
JS: SAVES save writing
JS: SAVES save writing
JS: SAVES save writing
JS: SAVES save writing
JS: SAVES save writing
JS: SAVES save writing
JS: SAVES save writing
JS: SAVES save writing
JS: SAVES save writing
[TestHarness] service save ready after 40 wait frames at frame 190
JS: SAVES save completed
JS: SAVES load queued
240,4.00000,0.000000,5.224430,27.935436,0.000000,0.941742,-0.336336,0,0.000000,0.000000,0.000000,0.000000,-9.810000,0.000000,0,240,1,0,0.000000,3.283649,23.500000,0.000000,0.000007,0.000000,33.499985,-4.907931,-122.033508,0.000000,0.000000,0.000000,34.499985,-4.277305,-116.033508,0.000000,0.000000,0.000000,33.499981,-3.646680,-110.033508,0.000000,0.000000,0.000000,34.499985,-3.016054,-104.033508,0.000000,0.000000,0.000000
JS: SAVES load queued
JS: SAVES load queued
JS: SAVES load queued
JS: SAVES load queued
JS: SAVES load queued
JS: SAVES load queued
JS: SAVES load queued
JS: SAVES load queued
JS: SAVES load queued
JS: SAVES load queued
JS: SAVES load queued
JS: SAVES load queued
JS: SAVES load queued
JS: SAVES load queued
JS: SAVES load queued
JS: SAVES load queued
JS: SAVES load queued
JS: SAVES load queued
JS: SAVES load queued
JS: SAVES load queued
JS: SAVES load queued
JS: SAVES load queued
JS: SAVES load queued
JS: SAVES load queued
JS: SAVES load queued
JS: SAVES load queued
JS: SAVES load queued
JS: SAVES load queued
JS: SAVES load queued
JS: SAVES load queued
JS: SAVES load queued
JS: SAVES load queued
JS: SAVES load queued
JS: SAVES load queued
JS: SAVES load queued
JS: SAVES load queued
JS: SAVES load queued
JS: SAVES load queued
JS: SAVES load queued
JS: SAVES load queued
JS: SAVES load queued
JS: SAVES load queued
JS: SAVES load queued
JS: SAVES load queued
JS: SAVES load queued
JS: SAVES load queued
JS: SAVES load queued
JS: SAVES load queued
JS: SAVES load queued
JS: SAVES load queued
JS: SAVES load queued
JS: SAVES load queued
JS: SAVES load queued
JS: SAVES load queued
JS: SAVES load queued
JS: SAVES load queued
JS: SAVES load queued
JS: SAVES load queued
JS: SAVES load queued
JS: SAVES load queued
300,5.00000,0.000000,5.224430,27.935436,0.000000,0.941742,-0.336336,0,0.000000,0.000000,0.000000,0.000000,-9.810000,0.000000,0,300,1,0,0.000000,3.283649,23.500000,0.000000,0.000007,0.000000,33.499985,-4.907931,-122.033508,0.000000,0.000000,0.000000,34.499985,-4.277305,-116.033508,0.000000,0.000000,0.000000,33.499981,-3.646680,-110.033508,0.000000,0.000000,0.000000,34.499985,-3.016054,-104.033508,0.000000,0.000000,0.000000
JS: SAVES load queued
JS: SAVES load queued
JS: SAVES load queued
JS: SAVES load queued
JS: SAVES load queued
JS: SAVES load queued
JS: SAVES load queued
JS: SAVES load queued
JS: SAVES load queued
JS: SAVES load queued
JS: SAVES load queued
JS: SAVES load queued
JS: SAVES load queued
JS: SAVES load queued
JS: SAVES load queued
JS: SAVES load queued
JS: SAVES load queued
JS: SAVES load queued
JS: SAVES load queued
JS: SAVES load queued
JS: SAVES load queued
JS: SAVES load queued
JS: SAVES load queued
JS: SAVES load queued
JS: SAVES load queued
JS: SAVES load queued
JS: SAVES load queued
JS: SAVES load queued
JS: SAVES load queued
JS: SAVES load queued
JS: SAVES load queued
JS: SAVES load queued
JS: SAVES load queued
JS: SAVES load queued
JS: SAVES load queued
JS: SAVES load queued
JS: SAVES load queued
JS: SAVES load queued
JS: SAVES load queued
JS: SAVES load queued
JS: SAVES load queued
JS: SAVES load queued
JS: SAVES load queued
JS: SAVES load queued
JS: SAVES load queued
JS: SAVES load queued
JS: SAVES load queued
JS: SAVES load queued
JS: SAVES load queued
JS: SAVES load queued
JS: SAVES load queued
JS: SAVES load queued
JS: SAVES load queued
JS: SAVES load queued
JS: SAVES load queued
JS: SAVES load queued
JS: SAVES load queued
JS: SAVES load reading
JS: SAVES load reading
JS: SAVES load reading
360,6.00000,0.000000,0.000000,0.000000,0.000000,1.000000,0.000000,0,0.000000,0.000000,0.000000,0.000000,-9.810000,0.000000,0,360,1,0,0.000000,3.283649,23.500000,0.000000,0.000007,0.000000,33.499985,-4.907931,-122.033508,0.000000,0.000000,0.000000,34.499985,-4.277305,-116.033508,0.000000,0.000000,0.000000,33.499981,-3.646680,-110.033508,0.000000,0.000000,0.000000,34.499985,-3.016054,-104.033508,0.000000,0.000000,0.000000
JS: SKATER restore score=0 time=176.8 rails=10 p=(0.00,3.28,23.50) v=(0.00,0.00,0.00)
JS: STREAM t=0.10 street-0 - -> active entities=11 prepMs=0.00 integMs=0.00 largestUnitMs=0.00 skater=(0.00,3.28,23.50) v=0.0
JS: STREAM t=0.10 street-1 - -> unloaded entities=0 prepMs=0.00 integMs=0.00 largestUnitMs=0.00 skater=(0.00,3.28,23.50) v=0.0
JS: STREAM t=0.10 street-2 - -> unloaded entities=0 prepMs=0.00 integMs=0.00 largestUnitMs=0.00 skater=(0.00,3.28,23.50) v=0.0
JS: STREAM t=0.10 street-3 - -> unloaded entities=0 prepMs=0.00 integMs=0.00 largestUnitMs=0.00 skater=(0.00,3.28,23.50) v=0.0
JS: STREAM t=0.10 street-4 - -> unloaded entities=0 prepMs=0.00 integMs=0.00 largestUnitMs=0.00 skater=(0.00,3.28,23.50) v=0.0
[TestHarness] service save ready after 0 wait frames at frame 400
420,7.00000,0.000000,5.224430,27.935436,0.000000,0.941742,-0.336336,0,0.000000,0.000000,0.000000,0.000000,-9.810000,0.000000,0,420,1,0,0.000000,3.283649,23.500000,0.000000,0.000007,0.000000,33.499985,-4.907931,-122.033508,0.000000,0.000000,0.000000,34.499985,-4.277305,-116.033508,0.000000,0.000000,0.000000,33.499981,-3.646680,-110.033508,0.000000,0.000000,0.000000,34.499985,-3.016054,-104.033508,0.000000,0.000000,0.000000
Renderer fragment texture units: 32 (material path uses 12)
asset 97c3acdb99c5ffefb002c03ecec7a8ed: Optional extension ignored: KHR_materials_specular
World state: disk saves disabled for additive compositions
Project: Judas Three Games (/tmp/judas-repair-app-l2r9qf6n/project/post_m65_consumers.judasproj)
Scene: Judas Skate Park (/tmp/judas-repair-app-l2r9qf6n/project/Scenes/skate/park.judas)
World origin (m): 0.000, 0.000, 0.000
ALSA lib confmisc.c:855:(parse_card) [error.core] cannot find card '0'
ALSA lib conf.c:5211:(_snd_config_evaluate) [error.core] function snd_func_card_id returned error: No such file or directory
ALSA lib confmisc.c:422:(snd_func_concat) [error.core] error evaluating strings
ALSA lib conf.c:5211:(_snd_config_evaluate) [error.core] function snd_func_concat returned error: No such file or directory
ALSA lib confmisc.c:1342:(snd_func_refer) [error.core] error evaluating name
ALSA lib conf.c:5211:(_snd_config_evaluate) [error.core] function snd_func_refer returned error: No such file or directory
ALSA lib conf.c:5734:(snd_config_expand) [error.core] Evaluate error: No such file or directory
ALSA lib pcm.c:2722:(snd_pcm_open_noupdate) [error.pcm] Unknown PCM dmix
ALSA lib confmisc.c:855:(parse_card) [error.core] cannot find card '0'
ALSA lib conf.c:5211:(_snd_config_evaluate) [error.core] function snd_func_card_id returned error: No such file or directory
ALSA lib confmisc.c:422:(snd_func_concat) [error.core] error evaluating strings
ALSA lib conf.c:5211:(_snd_config_evaluate) [error.core] function snd_func_concat returned error: No such file or directory
ALSA lib confmisc.c:1342:(snd_func_refer) [error.core] error evaluating name
ALSA lib conf.c:5211:(_snd_config_evaluate) [error.core] function snd_func_refer returned error: No such file or directory
ALSA lib conf.c:5734:(snd_config_expand) [error.core] Evaluate error: No such file or directory
ALSA lib pcm.c:2722:(snd_pcm_open_noupdate) [error.pcm] Unknown PCM dmix:0
ALSA lib confmisc.c:855:(parse_card) [error.core] cannot find card '0'
ALSA lib conf.c:5211:(_snd_config_evaluate) [error.core] function snd_func_card_id returned error: No such file or directory
ALSA lib confmisc.c:422:(snd_func_concat) [error.core] error evaluating strings
ALSA lib conf.c:5211:(_snd_config_evaluate) [error.core] function snd_func_concat returned error: No such file or directory
ALSA lib confmisc.c:1342:(snd_func_refer) [error.core] error evaluating name
ALSA lib conf.c:5211:(_snd_config_evaluate) [error.core] function snd_func_refer returned error: No such file or directory
ALSA lib conf.c:5734:(snd_config_expand) [error.core] Evaluate error: No such file or directory
ALSA lib pcm.c:2722:(snd_pcm_open_noupdate) [error.pcm] Unknown PCM dmix:0,0
ALSA lib confmisc.c:165:(snd_config_get_card) [error.core] Cannot get card index for 0
ALSA lib confmisc.c:165:(snd_config_get_card) [error.core] Cannot get card index for 0
ALSA lib confmisc.c:165:(snd_config_get_card) [error.core] Cannot get card index for 0
Cannot connect to server socket err = Operation not permitted
Cannot connect to server request channel
jack server is not running or cannot be started
JackShmReadWritePtr::~JackShmReadWritePtr - Init not done for -1, skipping unlock
JackShmReadWritePtr::~JackShmReadWritePtr - Init not done for -1, skipping unlock
