PASS ordinary project asynchronously publishes all seven deformable instances
PASS real animated target shares normal skeletal resource
PASS normal authored UI loaded
PASS cape resolves authored stable bone attachment
PASS cape pins consume exact resolved joint pose without another animation clock
PASS runtime scale change rejects unsupported deformable scale
PASS normal scene transition destroys old nodes and builds independent radial instances
PASS lab radial scene uses actual selected radial acceleration
PASS authored reload reconstructs fresh deformable handles
PASS destroyed skeleton target releases group instead of retaining a stale pose
PASS remaining scripts safely survive target destruction
FRAME median_ms=45.165926 p95_ms=60.008229 max_ms=81.062366
PHASE Deformable attachments 0.022615ms
PHASE Deformable edge edge contacts 0.860296ms
PHASE Deformable fixed step 14.790168ms
PHASE Deformable force prediction 0.131309ms
PHASE Deformable internal constraints 4.950637ms
PHASE Deformable plastic flow 0.060290ms
PHASE Deformable render mapping 0.337116ms
PHASE Deformable rigid contacts 5.764861ms
PHASE Deformable self pair cache 2.759343ms
PHASE Deformable surface candidates 0.148338ms
PHASE Deformable surface contacts 3.735365ms
PHASE Deformable vertex face contacts 0.078761ms
PASS normal startup and clean shutdown
SUMMARY mode=lifetime checks=12 failures=0 frames=140
libEGL warning: Not allowed to force software rendering when API explicitly selects a hardware device.
Renderer fragment texture units: 32 (material path uses 12)
World state: disk saves disabled for additive compositions
Project: Deformable Lab (/home/conner/Documents/GitHub/Project-Judas/projects/deformable_lab/deformable_lab.judasproj)
Scene: Deformable Lab / uniform (/home/conner/Documents/GitHub/Project-Judas/projects/deformable_lab/Scenes/flat.judas)
World origin (m): 0.000, 0.000, 0.000
