PASS ordinary project asynchronously publishes all seven deformable instances
PASS real animated target shares normal skeletal resource
PASS normal authored UI loaded
PASS cape resolves authored stable bone attachment
PASS cape pins consume exact resolved joint pose without another animation clock
PASS runtime scale change rejects unsupported deformable scale
PASS normal scene transition destroys old nodes and builds independent radial instances
PASS lab radial scene uses actual selected radial acceleration
PASS authored reload reconstructs fresh deformable handles
PASS destroyed skeleton target releases group instead of retaining a stale pose
PASS remaining scripts safely survive target destruction
FRAME median_ms=45.060378 p95_ms=55.286492 max_ms=75.236534
PHASE Deformable attachments 0.027398ms
PHASE Deformable edge edge contacts 0.929749ms
PHASE Deformable fixed step 15.397829ms
PHASE Deformable force prediction 0.142274ms
PHASE Deformable internal constraints 5.171780ms
PHASE Deformable plastic flow 0.075767ms
PHASE Deformable render mapping 0.346715ms
PHASE Deformable rigid contacts 5.987793ms
PHASE Deformable self pair cache 2.813962ms
PHASE Deformable surface candidates 0.154459ms
PHASE Deformable surface contacts 3.862629ms
PHASE Deformable vertex face contacts 0.078778ms
PASS normal startup and clean shutdown
SUMMARY mode=lifetime checks=12 failures=0 frames=140
libEGL warning: Not allowed to force software rendering when API explicitly selects a hardware device.
Renderer fragment texture units: 32 (material path uses 12)
World state: disk saves disabled for additive compositions
Project: Deformable Lab (/tmp/Judas_M62_safety-followup/game.judasproj)
Scene: Deformable Lab / uniform (/tmp/Judas_M62_safety-followup/Scenes/flat.judas)
World origin (m): 0.000, 0.000, 0.000
