PASS ordinary project asynchronously publishes all seven deformable instances
PASS real animated target shares normal skeletal resource
PASS normal authored UI loaded
PASS cape resolves authored stable bone attachment
PASS cape pins consume exact resolved joint pose without another animation clock
PASS runtime scale change rejects unsupported deformable scale
PASS main/secondary/shadow presentation never advances or changes physics
PASS normal M33 camera renders deformable scene independently
PASS real VM controls airflow/load and prefab spawn safely
PASS runtime prefab adds independent deformable owner
LAB contacts=1069 bodies=6 fixed_ms=14.821147 draws=86
FRAME median_ms=43.768718 p95_ms=57.684755 max_ms=1482.131251
PHASE Deformable attachments 0.025091ms
PHASE Deformable edge edge contacts 1.371201ms
PHASE Deformable fixed step 15.956787ms
PHASE Deformable force prediction 0.174315ms
PHASE Deformable internal constraints 5.663599ms
PHASE Deformable plastic flow 0.252861ms
PHASE Deformable render mapping 0.407811ms
PHASE Deformable rigid contacts 4.962289ms
PHASE Deformable self pair cache 3.145666ms
PHASE Deformable surface candidates 0.154476ms
PHASE Deformable surface contacts 4.668309ms
PHASE Deformable vertex face contacts 0.123962ms
PASS normal startup and clean shutdown
SUMMARY mode=probe checks=11 failures=0 frames=120
libEGL warning: Not allowed to force software rendering when API explicitly selects a hardware device.
Renderer fragment texture units: 32 (material path uses 12)
World state: disk saves disabled for additive compositions
Project: Deformable Lab (/tmp/Judas_M62_safety-followup/game.judasproj)
Scene: Deformable Lab / uniform (/tmp/Judas_M62_safety-followup/Scenes/flat.judas)
World origin (m): 0.000, 0.000, 0.000
