PASS ordinary project asynchronously publishes all seven deformable instances
PASS real animated target shares normal skeletal resource
PASS normal authored UI loaded
PASS cape resolves authored stable bone attachment
PASS cape pins consume exact resolved joint pose without another animation clock
PASS runtime scale change rejects unsupported deformable scale
PASS main/secondary/shadow presentation never advances or changes physics
PASS normal M33 camera renders deformable scene independently
PASS real VM controls airflow/load and prefab spawn safely
PASS runtime prefab adds independent deformable owner
LAB contacts=1069 bodies=6 fixed_ms=14.184941 draws=86
FRAME median_ms=42.208678 p95_ms=57.835820 max_ms=1597.065671
PHASE Deformable attachments 0.020130ms
PHASE Deformable edge edge contacts 1.097715ms
PHASE Deformable fixed step 14.552675ms
PHASE Deformable force prediction 0.135826ms
PHASE Deformable internal constraints 5.338691ms
PHASE Deformable plastic flow 0.249958ms
PHASE Deformable render mapping 0.389361ms
PHASE Deformable rigid contacts 4.461232ms
PHASE Deformable self pair cache 2.919682ms
PHASE Deformable surface candidates 0.130013ms
PHASE Deformable surface contacts 4.173768ms
PHASE Deformable vertex face contacts 0.133046ms
PASS normal startup and clean shutdown
SUMMARY mode=probe checks=11 failures=0 frames=120
libEGL warning: Not allowed to force software rendering when API explicitly selects a hardware device.
Renderer fragment texture units: 32 (material path uses 12)
World state: disk saves disabled for additive compositions
Project: Deformable Lab (/home/conner/Documents/GitHub/Project-Judas/projects/deformable_lab/deformable_lab.judasproj)
Scene: Deformable Lab / uniform (/home/conner/Documents/GitHub/Project-Judas/projects/deformable_lab/Scenes/flat.judas)
World origin (m): 0.000, 0.000, 0.000
