PASS ordinary project asynchronously publishes all seven deformable instances
PASS real animated target shares normal skeletal resource
PASS normal authored UI loaded
PASS cape resolves authored stable bone attachment
PASS cape pins consume exact resolved joint pose without another animation clock
PASS runtime scale change rejects unsupported deformable scale
PASS cold process reads committed M61 slot
PASS M61 required deformable participant present
PASS cold process reconstructs exact cloth motion and plastic rest state before resume
PASS cold process retains physical plastic deformation
PASS fresh deformable handle with saved attachment group
PASS resumed cloth/solid and restore-aware JS continue without explosion
FRAME median_ms=39.093285 p95_ms=57.638346 max_ms=1559.095021
PHASE Deformable attachments 0.019789ms
PHASE Deformable edge edge contacts 0.965799ms
PHASE Deformable fixed step 13.090893ms
PHASE Deformable force prediction 0.160921ms
PHASE Deformable internal constraints 5.080078ms
PHASE Deformable plastic flow 0.270745ms
PHASE Deformable render mapping 0.335955ms
PHASE Deformable rigid contacts 4.107225ms
PHASE Deformable self pair cache 2.180361ms
PHASE Deformable surface candidates 0.071511ms
PHASE Deformable surface contacts 3.274997ms
PHASE Deformable vertex face contacts 0.108045ms
PASS normal startup and clean shutdown
SUMMARY mode=read checks=13 failures=0 frames=58
libEGL warning: Not allowed to force software rendering when API explicitly selects a hardware device.
Renderer fragment texture units: 32 (material path uses 12)
World state: disk saves disabled for additive compositions
Project: Deformable Lab (/home/conner/Documents/GitHub/Project-Judas/projects/deformable_lab/deformable_lab.judasproj)
Scene: Deformable Lab / uniform (/home/conner/Documents/GitHub/Project-Judas/projects/deformable_lab/Scenes/flat.judas)
World origin (m): 0.000, 0.000, 0.000
