PASS ordinary project asynchronously publishes all seven deformable instances
PASS real animated target shares normal skeletal resource
PASS normal authored UI loaded
PASS cape resolves authored stable bone attachment
PASS cape pins consume exact resolved joint pose without another animation clock
PASS runtime scale change rejects unsupported deformable scale
PASS public JS save commits M61 slot
SAVE capture_ms=5.10260 worker_ms=9.45832 bytes=110085 root=/home/conner/Documents/GitHub/Project-Judas/.cache/m62-safety-followup/save-data/judas/games/5558c152ba4bdadd8f20c878b6146bd3a616847482b3e546d816f93338951ebe/Saves/Slots
FRAME median_ms=34.040650 p95_ms=51.882950 max_ms=62.790348
PHASE Deformable attachments 0.016753ms
PHASE Deformable edge edge contacts 0.708970ms
PHASE Deformable fixed step 13.383108ms
PHASE Deformable force prediction 0.101347ms
PHASE Deformable internal constraints 4.740730ms
PHASE Deformable plastic flow 0.262829ms
PHASE Deformable render mapping 0.235406ms
PHASE Deformable rigid contacts 5.348146ms
PHASE Deformable self pair cache 1.989536ms
PHASE Deformable surface candidates 0.086371ms
PHASE Deformable surface contacts 2.757374ms
PHASE Deformable vertex face contacts 0.041165ms
PASS normal startup and clean shutdown
SUMMARY mode=write checks=8 failures=0 frames=153
libEGL warning: Not allowed to force software rendering when API explicitly selects a hardware device.
Renderer fragment texture units: 32 (material path uses 12)
World state: disk saves disabled for additive compositions
Project: Deformable Lab (/home/conner/Documents/GitHub/Project-Judas/projects/deformable_lab/deformable_lab.judasproj)
Scene: Deformable Lab / uniform (/home/conner/Documents/GitHub/Project-Judas/projects/deformable_lab/Scenes/flat.judas)
World origin (m): 0.000, 0.000, 0.000
