{
  "trial": 70,
  "initial": {
    "x": [
      {
        "exact": "0",
        "float": 0.0
      },
      {
        "exact": "3/5",
        "float": 0.6
      },
      {
        "exact": "11/10",
        "float": 1.1
      },
      {
        "exact": "8/5",
        "float": 1.6
      }
    ],
    "v": [
      {
        "exact": "-5",
        "float": -5.0
      },
      {
        "exact": "1",
        "float": 1.0
      },
      {
        "exact": "-3",
        "float": -3.0
      },
      {
        "exact": "4",
        "float": 4.0
      }
    ],
    "m": [
      {
        "exact": "1",
        "float": 1.0
      },
      {
        "exact": "10",
        "float": 10.0
      },
      {
        "exact": "1/10",
        "float": 0.1
      },
      {
        "exact": "10",
        "float": 10.0
      }
    ],
    "r": [
      {
        "exact": "1/10",
        "float": 0.1
      },
      {
        "exact": "1/5",
        "float": 0.2
      },
      {
        "exact": "3/10",
        "float": 0.3
      },
      {
        "exact": "1/5",
        "float": 0.2
      }
    ]
  },
  "e": {
    "exact": "1",
    "float": 1.0
  },
  "h": {
    "exact": "1/5",
    "float": 0.2
  },
  "final": {
    "x": [
      {
        "exact": "-1",
        "float": -1.0
      },
      {
        "exact": "232/335",
        "float": 0.6925373134328359
      },
      {
        "exact": "267/134",
        "float": 1.992537313432836
      },
      {
        "exact": "167/67",
        "float": 2.4925373134328357
      }
    ],
    "v": [
      {
        "exact": "-5",
        "float": -5.0
      },
      {
        "exact": "31/67",
        "float": 0.4626865671641791
      },
      {
        "exact": "299/67",
        "float": 4.462686567164179
      },
      {
        "exact": "299/67",
        "float": 4.462686567164179
      }
    ],
    "m": [
      {
        "exact": "1",
        "float": 1.0
      },
      {
        "exact": "10",
        "float": 10.0
      },
      {
        "exact": "1/10",
        "float": 0.1
      },
      {
        "exact": "10",
        "float": 10.0
      }
    ],
    "r": [
      {
        "exact": "1/10",
        "float": 0.1
      },
      {
        "exact": "1/5",
        "float": 0.2
      },
      {
        "exact": "3/10",
        "float": 0.3
      },
      {
        "exact": "1/5",
        "float": 0.2
      }
    ]
  },
  "log": {
    "status": "COMPLETE",
    "consumed": {
      "exact": "1/5",
      "float": 0.2
    },
    "remaining": {
      "exact": "0",
      "float": 0.0
    },
    "events": [
      {
        "time": {
          "exact": "0",
          "float": 0.0
        },
        "rows": [
          "1:2",
          "2:3"
        ],
        "before": [
          {
            "exact": "-5",
            "float": -5.0
          },
          {
            "exact": "1",
            "float": 1.0
          },
          {
            "exact": "-3",
            "float": -3.0
          },
          {
            "exact": "4",
            "float": 4.0
          }
        ],
        "after": [
          {
            "exact": "-5",
            "float": -5.0
          },
          {
            "exact": "31/67",
            "float": 0.4626865671641791
          },
          {
            "exact": "299/67",
            "float": 4.462686567164179
          },
          {
            "exact": "299/67",
            "float": 4.462686567164179
          }
        ],
        "lambda_": [
          {
            "exact": "360/67",
            "float": 5.373134328358209
          },
          {
            "exact": "310/67",
            "float": 4.626865671641791
          }
        ],
        "energy_change": {
          "exact": "1085/67",
          "float": 16.19402985074627
        },
        "momentum_change": {
          "exact": "0",
          "float": 0.0
        }
      }
    ],
    "external": {
      "exact": "0",
      "float": 0.0
    },
    "kick": {
      "exact": "0",
      "float": 0.0
    },
    "initial_kicked_energy": {
      "exact": "1959/20",
      "float": 97.95
    }
  }
}
