{
  "status": "INCOMPLETE",
  "cases": 360,
  "completed": 357,
  "incomplete": [
    {
      "trial": 116,
      "status": "UNRESOLVED_EVENT_BUDGET",
      "remaining": {
        "exact": "887343852880224801201322172321565514957009331576767338626578592461482089326550314428236734769113501797451313811002185484478593/5940027671938142740045912428278803677425488936475338595158038324949190840317366486212987757307748062571311964646998003098896570",
        "float": 0.14938379110121178
      }
    },
    {
      "trial": 180,
      "status": "UNRESOLVED_EVENT_BUDGET",
      "remaining": {
        "exact": "171181133065508310170219999885518252390532105631510482510530099397431320057424506584731692672511746772142005487106/1099265211788387075801894626501166661639035729532342012481980733000248820995316042761582517042512326401320407725645",
        "float": 0.15572323332875684
      }
    },
    {
      "trial": 250,
      "status": "UNRESOLVED_EVENT_BUDGET",
      "remaining": {
        "exact": "1187487774307251717076870032178091157314850677674102530994988274603140685892223769172828601527823/6865796668522832456034072517722276992422866190586730867160812122551457281008987898056598387644612",
        "float": 0.17295702620373962
      }
    }
  ],
  "events": 2125,
  "assertions": 1792,
  "scope": "1D normal impacts only; activation sequencing is a deliberate research change, not an already-approved production change; no 3D/friction/performance theorem",
  "runtime_seconds": 3.2331380200000694
}
