{
  "status": "PASS",
  "cases": 6,
  "assertions": 618,
  "records": [
    {
      "speed": {
        "exact": "2",
        "float": 2.0
      },
      "h": {
        "exact": "7/5",
        "float": 1.4
      },
      "events": 1,
      "actual_at_first_hit": {
        "exact": "19/10",
        "float": 1.9
      },
      "endpoint_lerp_at_first_hit": {
        "exact": "1/2",
        "float": 0.5
      },
      "history_bound": [
        {
          "exact": "2/5",
          "float": 0.4
        },
        {
          "exact": "2",
          "float": 2.0
        }
      ],
      "endpoint_bound": [
        {
          "exact": "2/5",
          "float": 0.4
        },
        {
          "exact": "3/5",
          "float": 0.6
        }
      ],
      "final": [
        {
          "exact": "1/2",
          "float": 0.5
        }
      ]
    },
    {
      "speed": {
        "exact": "2",
        "float": 2.0
      },
      "h": {
        "exact": "16/5",
        "float": 3.2
      },
      "events": 3,
      "actual_at_first_hit": {
        "exact": "19/10",
        "float": 1.9
      },
      "endpoint_lerp_at_first_hit": {
        "exact": "1/2",
        "float": 0.5
      },
      "history_bound": [
        {
          "exact": "0",
          "float": 0.0
        },
        {
          "exact": "2",
          "float": 2.0
        }
      ],
      "endpoint_bound": [
        {
          "exact": "2/5",
          "float": 0.4
        },
        {
          "exact": "3/5",
          "float": 0.6
        }
      ],
      "final": [
        {
          "exact": "1/2",
          "float": 0.5
        }
      ]
    },
    {
      "speed": {
        "exact": "10",
        "float": 10.0
      },
      "h": {
        "exact": "7/25",
        "float": 0.28
      },
      "events": 1,
      "actual_at_first_hit": {
        "exact": "19/10",
        "float": 1.9
      },
      "endpoint_lerp_at_first_hit": {
        "exact": "1/2",
        "float": 0.5
      },
      "history_bound": [
        {
          "exact": "2/5",
          "float": 0.4
        },
        {
          "exact": "2",
          "float": 2.0
        }
      ],
      "endpoint_bound": [
        {
          "exact": "2/5",
          "float": 0.4
        },
        {
          "exact": "3/5",
          "float": 0.6
        }
      ],
      "final": [
        {
          "exact": "1/2",
          "float": 0.5
        }
      ]
    },
    {
      "speed": {
        "exact": "10",
        "float": 10.0
      },
      "h": {
        "exact": "16/25",
        "float": 0.64
      },
      "events": 3,
      "actual_at_first_hit": {
        "exact": "19/10",
        "float": 1.9
      },
      "endpoint_lerp_at_first_hit": {
        "exact": "1/2",
        "float": 0.5
      },
      "history_bound": [
        {
          "exact": "0",
          "float": 0.0
        },
        {
          "exact": "2",
          "float": 2.0
        }
      ],
      "endpoint_bound": [
        {
          "exact": "2/5",
          "float": 0.4
        },
        {
          "exact": "3/5",
          "float": 0.6
        }
      ],
      "final": [
        {
          "exact": "1/2",
          "float": 0.5
        }
      ]
    },
    {
      "speed": {
        "exact": "30",
        "float": 30.0
      },
      "h": {
        "exact": "7/75",
        "float": 0.09333333333333334
      },
      "events": 1,
      "actual_at_first_hit": {
        "exact": "19/10",
        "float": 1.9
      },
      "endpoint_lerp_at_first_hit": {
        "exact": "1/2",
        "float": 0.5
      },
      "history_bound": [
        {
          "exact": "2/5",
          "float": 0.4
        },
        {
          "exact": "2",
          "float": 2.0
        }
      ],
      "endpoint_bound": [
        {
          "exact": "2/5",
          "float": 0.4
        },
        {
          "exact": "3/5",
          "float": 0.6
        }
      ],
      "final": [
        {
          "exact": "1/2",
          "float": 0.5
        }
      ]
    },
    {
      "speed": {
        "exact": "30",
        "float": 30.0
      },
      "h": {
        "exact": "16/75",
        "float": 0.21333333333333335
      },
      "events": 3,
      "actual_at_first_hit": {
        "exact": "19/10",
        "float": 1.9
      },
      "endpoint_lerp_at_first_hit": {
        "exact": "1/2",
        "float": 0.5
      },
      "history_bound": [
        {
          "exact": "0",
          "float": 0.0
        },
        {
          "exact": "2",
          "float": 2.0
        }
      ],
      "endpoint_bound": [
        {
          "exact": "2/5",
          "float": 0.4
        },
        {
          "exact": "3/5",
          "float": 0.6
        }
      ],
      "final": [
        {
          "exact": "1/2",
          "float": 0.5
        }
      ]
    }
  ],
  "scope": "Exact 1D analytic motion-history oracle; current player/renderer/PhysicsWorld not executed",
  "runtime_seconds": 0.008119486000168763
}
