{
  "scope": "independent component research; no current Judas execution",
  "known_user_checkpoint": "422fd275c5f8b54ad4ff37d851eab24a36e8e089",
  "python": "3.13.5 (main, Jul 15 2026, 20:25:40) [GCC 14.2.0]",
  "platform": "Linux-6.18.44-x86_64-with-glibc2.41",
  "compiler": "g++ (Debian 14.2.0-19) 14.2.0",
  "programs": [
    {
      "program": "event_checks.py",
      "exit": 0,
      "seconds": 2.0632078149999415
    },
    {
      "program": "capture_checks.py",
      "exit": 0,
      "seconds": 1.3703374210001584
    },
    {
      "program": "induced_impact_checks.py",
      "exit": 0,
      "seconds": 4.0581872230000045
    },
    {
      "program": "rotation_checks.py",
      "exit": 0,
      "seconds": 1.1075867630001994
    },
    {
      "program": "motion_ledger_checks.py",
      "exit": 0,
      "seconds": 0.8660658769999827
    },
    {
      "program": "angular_event_checks.py",
      "exit": 0,
      "seconds": 0.8658819980000771
    },
    {
      "program": "diagnose_impact.py",
      "exit": 0,
      "seconds": 0.9518774030000259
    }
  ],
  "source_sha256": {
    "code/diagnose_impact.py": "d45add3521446eacdc9e9670ecc51705acbbb7157e0d5f640b4d1d7a90a2912f",
    "code/motion_ledger_checks.py": "3c4ebc5751aa097026e3cea2bb43945e0b25b559f1bc63099cd828c33afb2cc3",
    "code/event_checks.py": "787ef09acb50879dc20b00ea340e0bb09a5494b9024f33de5a25a721eeaefc37",
    "code/event_reference.py": "4768013d7adcd61d1f1346a40d05251767480302d56299730e8ef03435acdd0a",
    "code/production_energy_witness.cpp": "768f91989a7382a4005d995b4a9b75feb8c7e2edceff570e4f017e5fbb77b166",
    "code/induced_impact_checks.py": "952805f5f8b615a55352c487a73436b0c555f2262e771d2381b39eabd286e178",
    "code/source_scalar_probe.cpp": "ca82c204c617153e0070df2c27b404f1697d07931ec04cbc6a371e58b59444a2",
    "code/run_all.py": "b5990c6c6036533c25426c53a6d54a21c8714d67ca751ea957a22528e5750f17",
    "code/rotation_checks.py": "fd75f14085c0370df686a0b2c7bc2561174f8dd69ae07a4a80db37c34ad6d34d",
    "code/capture_checks.py": "ef848d20dc7fe311af226f3f23fedf06129c3c48996f369d05a849273b21376f",
    "code/angular_event_checks.py": "7ad76c3061adc9f44db9083b2b30c151d07236b7a1a0fd8eea4573c0ee1bcd77"
  }
}
