[  0%] Built target judas_glad
[  0%] Building CXX object CMakeFiles/judas_engine.dir/src/ProductionFluidCoupling.cpp.o
[  0%] Building CXX object CMakeFiles/judas_engine.dir/src/FluidHydrostatics.cpp.o
[  0%] Linking CXX static library libjudas_engine.a
[ 92%] Built target judas_engine
[ 92%] Building CXX object CMakeFiles/judas.dir/src/Application.cpp.o
[ 92%] Building CXX object CMakeFiles/judas.dir/src/RuntimeDiagnostics.cpp.o
[ 92%] Building CXX object CMakeFiles/judas.dir/src/RuntimeOptions.cpp.o
[ 92%] Building CXX object CMakeFiles/judas.dir/src/TestHarness.cpp.o
[100%] Linking CXX executable judas
[100%] Built target judas
[  0%] Built target judas_glad
[  6%] Built target judas_imgui
[ 93%] Built target judas_engine
[ 93%] Building CXX object CMakeFiles/judas_editor.dir/src/editor/EditorApplication.cpp.o
[ 93%] Building CXX object CMakeFiles/judas_editor.dir/src/editor/ComponentEditors.cpp.o
[100%] Building CXX object CMakeFiles/judas_editor.dir/src/editor/EditorHistory.cpp.o
[100%] Building CXX object CMakeFiles/judas_editor.dir/src/editor/EditorMain.cpp.o
[100%] Building CXX object CMakeFiles/judas_editor.dir/src/editor/EditorPanels.cpp.o
[100%] Building CXX object CMakeFiles/judas_editor.dir/src/editor/EditorWidgets.cpp.o
[100%] Building CXX object CMakeFiles/judas_editor.dir/src/editor/GizmoMath.cpp.o
[100%] Linking CXX executable judas_editor
[100%] Built target judas_editor
