before-compile-RigidBody.cpp: exit=0, 0.415s
before-compile-RigidBodyGravity.cpp: exit=0, 0.315s
before-compile-Contacts.cpp: exit=0, 3.371s
before-compile-ContactSolver.cpp: exit=0, 0.966s
before-compile-RadialTerrain.cpp: exit=0, 0.716s
before-compile-Broadphase.cpp: exit=0, 0.515s
before-compile-Narrowphase.cpp: exit=0, 3.822s
before-compile-PhysicsWorld.cpp: exit=0, 3.071s
before-link-broadphase: exit=0, 1.718s
before-link-mixed: exit=0, 0.816s
before-partition: exit=0, 1.918s
before-allocations: exit=0, 2.018s
after-compile-RigidBody.cpp: exit=0, 0.365s
after-compile-RigidBodyGravity.cpp: exit=0, 0.315s
after-compile-Contacts.cpp: exit=0, 3.321s
after-compile-ContactSolver.cpp: exit=0, 1.066s
after-compile-RadialTerrain.cpp: exit=0, 0.716s
after-compile-Broadphase.cpp: exit=0, 0.565s
after-compile-Narrowphase.cpp: exit=0, 3.721s
after-compile-PhysicsWorld.cpp: exit=0, 3.020s
after-link-broadphase: exit=0, 1.668s
after-link-mixed: exit=0, 0.866s
after-partition: exit=0, 1.868s
after-allocations: exit=0, 2.018s
slow-compile-RigidBody.cpp: exit=0, 0.415s
slow-compile-RigidBodyGravity.cpp: exit=0, 0.365s
slow-compile-Contacts.cpp: exit=0, 3.071s
slow-compile-ContactSolver.cpp: exit=0, 0.816s
slow-compile-RadialTerrain.cpp: exit=0, 0.717s
slow-compile-Broadphase.cpp: exit=0, 0.565s
slow-compile-Narrowphase.cpp: exit=0, 3.221s
slow-compile-PhysicsWorld.cpp: exit=0, 2.820s
slow-link-broadphase: exit=0, 1.868s
slow-link-mixed: exit=0, 0.966s
slow-partition: exit=0, 2.118s
slow-allocations: exit=0, 2.169s
{"overall_pass": true, "seconds": 59.23805385200103}
