[  0%] Built target judas_glad
[  0%] Building CXX object CMakeFiles/judas_engine.dir/src/StepClimb.cpp.o
[  0%] Building CXX object CMakeFiles/judas_engine.dir/src/PlayerController.cpp.o
[  0%] Building CXX object CMakeFiles/judas_engine.dir/src/DynamicBody.cpp.o
[  0%] Building CXX object CMakeFiles/judas_engine.dir/src/FlyingPrimitiveControl.cpp.o
[  0%] Building CXX object CMakeFiles/judas_engine.dir/src/PilotAttachment.cpp.o
[  6%] Building CXX object CMakeFiles/judas_engine.dir/src/PilotControl.cpp.o
[  6%] Building CXX object CMakeFiles/judas_engine.dir/src/ObjectManipulation.cpp.o
[ 13%] Building CXX object CMakeFiles/judas_engine.dir/src/FluidWorld.cpp.o
[ 13%] Building CXX object CMakeFiles/judas_engine.dir/src/CombustionWorld.cpp.o
[ 13%] Building CXX object CMakeFiles/judas_engine.dir/src/Door.cpp.o
[ 13%] Building CXX object CMakeFiles/judas_engine.dir/src/CelestialGravity.cpp.o
[ 20%] Building CXX object CMakeFiles/judas_engine.dir/src/AerodynamicDrag.cpp.o
[ 20%] Building CXX object CMakeFiles/judas_engine.dir/src/WorldDebugView.cpp.o
[ 20%] Building CXX object CMakeFiles/judas_engine.dir/src/RuntimeWorld.cpp.o
[ 20%] Building CXX object CMakeFiles/judas_engine.dir/src/GameSession.cpp.o
[ 26%] Building CXX object CMakeFiles/judas_engine.dir/src/Simulation.cpp.o
[ 26%] Building CXX object CMakeFiles/judas_engine.dir/src/WorldPresentation.cpp.o
[ 26%] Building CXX object CMakeFiles/judas_engine.dir/src/GameplayHud.cpp.o
[ 26%] Building CXX object CMakeFiles/judas_engine.dir/src/InteractivePlay.cpp.o
[ 26%] Building CXX object CMakeFiles/judas_engine.dir/src/CoarseSimulation.cpp.o
[ 26%] Building CXX object CMakeFiles/judas_engine.dir/src/WorldState.cpp.o
[ 26%] Building CXX object CMakeFiles/judas_engine.dir/src/ContactSolver.cpp.o
[ 26%] Building CXX object CMakeFiles/judas_engine.dir/src/Narrowphase.cpp.o
[ 26%] Building CXX object CMakeFiles/judas_engine.dir/src/PhysicsWorld.cpp.o
[ 26%] Linking CXX static library libjudas_engine.a
[ 93%] Built target judas_engine
[100%] Building CXX object CMakeFiles/judas_contact_storage_tests.dir/tests/ContactStorageTests.cpp.o
/home/conner/Documents/GitHub/Project-Judas/tests/ContactStorageTests.cpp: In function ‘void {anonymous}::World()’:
/home/conner/Documents/GitHub/Project-Judas/tests/ContactStorageTests.cpp:48:54: error: no matching function for call to ‘PhysicsWorld::CreateStaticBox(<brace-enclosed initializer list>, <brace-enclosed initializer list>)’
   48 |  PhysicsWorld w;w.Init();auto floor=w.CreateStaticBox({0,-.5f,0},{100,.5f,100});
      |                                     ~~~~~~~~~~~~~~~~~^~~~~~~~~~~~~~~~~~~~~~~~~~
/home/conner/Documents/GitHub/Project-Judas/tests/ContactStorageTests.cpp:48:54: note: there are 2 candidates
In file included from /home/conner/Documents/GitHub/Project-Judas/tests/ContactStorageTests.cpp:6:
/home/conner/Documents/GitHub/Project-Judas/src/PhysicsWorld.h:80:16: note: candidate 1: ‘BodyHandle PhysicsWorld::CreateStaticBox(const glm::vec3&, const glm::vec3&, float, float)’
   80 |     BodyHandle CreateStaticBox(const glm::vec3& position, const glm::vec3& halfExtents,
      |                ^~~~~~~~~~~~~~~
/home/conner/Documents/GitHub/Project-Judas/src/PhysicsWorld.h:80:16: note: candidate expects 4 arguments, 2 provided
/home/conner/Documents/GitHub/Project-Judas/src/PhysicsWorld.h:90:16: note: candidate 2: ‘BodyHandle PhysicsWorld::CreateStaticBox(const glm::vec3&, const glm::quat&, const glm::vec3&, float, float)’
   90 |     BodyHandle CreateStaticBox(const glm::vec3& position, const glm::quat& rotation,
      |                ^~~~~~~~~~~~~~~
/home/conner/Documents/GitHub/Project-Judas/src/PhysicsWorld.h:90:16: note: candidate expects 5 arguments, 2 provided
/home/conner/Documents/GitHub/Project-Judas/tests/ContactStorageTests.cpp:61:78: error: no matching function for call to ‘PhysicsWorld::CreateDynamicBox(<brace-enclosed initializer list>, <brace-enclosed initializer list>, int)’
   61 |  const auto stale=bodies[0];w.DestroyBody(stale);bodies[0]=w.CreateDynamicBox({0,.1f,0},{.2f,.4f,.3f},2);
      |                                                            ~~~~~~~~~~~~~~~~~~^~~~~~~~~~~~~~~~~~~~~~~~~~~
/home/conner/Documents/GitHub/Project-Judas/tests/ContactStorageTests.cpp:61:78: note: there is 1 candidate
/home/conner/Documents/GitHub/Project-Judas/src/PhysicsWorld.h:100:16: note: candidate 1: ‘BodyHandle PhysicsWorld::CreateDynamicBox(const glm::vec3&, const glm::vec3&, float, float, float)’
  100 |     BodyHandle CreateDynamicBox(const glm::vec3& position, const glm::vec3& halfExtents,
      |                ^~~~~~~~~~~~~~~~
/home/conner/Documents/GitHub/Project-Judas/src/PhysicsWorld.h:100:16: note: candidate expects 5 arguments, 3 provided
/home/conner/Documents/GitHub/Project-Judas/tests/ContactStorageTests.cpp:62:26: error: ‘class PhysicsWorld’ has no member named ‘IsBodyAlive’
   62 |  w.Step(1.f/60);Check(!w.IsBodyAlive(stale),"generation reuse cannot revive old body");
      |                          ^~~~~~~~~~~
/home/conner/Documents/GitHub/Project-Judas/tests/ContactStorageTests.cpp:64:44: error: no matching function for call to ‘PhysicsWorld::CreateStaticSphere(<brace-enclosed initializer list>, float)’
   64 |  for(int i=0;i<512;++i)w.CreateStaticSphere({float(i),100,0},.1f);
      |                        ~~~~~~~~~~~~~~~~~~~~^~~~~~~~~~~~~~~~~~~~~~
/home/conner/Documents/GitHub/Project-Judas/tests/ContactStorageTests.cpp:64:44: note: there is 1 candidate
/home/conner/Documents/GitHub/Project-Judas/src/PhysicsWorld.h:92:16: note: candidate 1: ‘BodyHandle PhysicsWorld::CreateStaticSphere(const glm::vec3&, float, float, float)’
   92 |     BodyHandle CreateStaticSphere(const glm::vec3& position, float radius, float friction,
      |                ^~~~~~~~~~~~~~~~~~
/home/conner/Documents/GitHub/Project-Judas/src/PhysicsWorld.h:92:16: note: candidate expects 4 arguments, 2 provided
gmake[3]: *** [CMakeFiles/judas_contact_storage_tests.dir/build.make:79: CMakeFiles/judas_contact_storage_tests.dir/tests/ContactStorageTests.cpp.o] Error 1
gmake[2]: *** [CMakeFiles/Makefile2:1749: CMakeFiles/judas_contact_storage_tests.dir/all] Error 2
gmake[1]: *** [CMakeFiles/Makefile2:1756: CMakeFiles/judas_contact_storage_tests.dir/rule] Error 2
gmake: *** [Makefile:735: judas_contact_storage_tests] Error 2
