[  0%] Built target judas_glad
[ 93%] Built target judas_engine
[100%] Building CXX object CMakeFiles/judas_contact_storage_tests.dir/tests/ContactStorageTests.cpp.o
[100%] Linking CXX executable judas_contact_storage_tests
[100%] Built target judas_contact_storage_tests
[  0%] Built target judas_glad
[ 93%] Built target judas_engine
[ 93%] Building CXX object CMakeFiles/judas_contact_cache_tests.dir/tests/ContactCacheTests.cpp.o
[100%] Linking CXX executable judas_contact_cache_tests
[100%] Built target judas_contact_cache_tests
[  0%] Built target judas_glad
[100%] Built target judas_engine
[100%] Building CXX object CMakeFiles/judas_contact_geometry_tests.dir/tests/ContactGeometryProbe.cpp.o
[100%] Linking CXX executable judas_contact_geometry_tests
[100%] Built target judas_contact_geometry_tests
[  0%] Built target judas_glad
[100%] Built target judas_engine
[100%] Building CXX object CMakeFiles/judas_contact_lifecycle_tests.dir/tests/ContactLifecycleTests.cpp.o
[100%] Linking CXX executable judas_contact_lifecycle_tests
[100%] Built target judas_contact_lifecycle_tests
