0-before-partition: exit=0, 3.072s
0 before partition
0-before-mixed: exit=0, 0.265s
0 before mixed
0-after-partition: exit=0, 3.120s
0 after partition
0-after-mixed: exit=0, 0.315s
0 after mixed
0-slow-partition: exit=0, 2.920s
0 slow partition
0-slow-mixed: exit=0, 0.515s
0 slow mixed
1-after-partition: exit=0, 3.120s
1 after partition
1-after-mixed: exit=0, 0.265s
1 after mixed
1-slow-partition: exit=0, 2.970s
1 slow partition
1-slow-mixed: exit=0, 0.515s
1 slow mixed
1-before-partition: exit=0, 3.171s
1 before partition
1-before-mixed: exit=0, 0.317s
1 before mixed
2-slow-partition: exit=0, 3.020s
2 slow partition
2-slow-mixed: exit=0, 0.515s
2 slow mixed
2-before-partition: exit=0, 3.120s
2 before partition
2-before-mixed: exit=0, 0.265s
2 before mixed
2-after-partition: exit=0, 3.070s
2 after partition
2-after-mixed: exit=0, 0.265s
2 after mixed
3-before-partition: exit=0, 3.070s
3 before partition
3-before-mixed: exit=0, 0.265s
3 before mixed
3-after-partition: exit=0, 3.070s
3 after partition
3-after-mixed: exit=0, 0.315s
3 after mixed
3-slow-partition: exit=0, 3.020s
3 slow partition
3-slow-mixed: exit=0, 0.515s
3 slow mixed
4-after-partition: exit=0, 3.070s
4 after partition
4-after-mixed: exit=0, 0.265s
4 after mixed
4-slow-partition: exit=0, 2.870s
4 slow partition
4-slow-mixed: exit=0, 0.515s
4 slow mixed
4-before-partition: exit=0, 3.070s
4 before partition
4-before-mixed: exit=0, 0.315s
4 before mixed
5-slow-partition: exit=0, 2.922s
5 slow partition
5-slow-mixed: exit=0, 0.515s
5 slow mixed
5-before-partition: exit=0, 3.171s
5 before partition
5-before-mixed: exit=0, 0.315s
5 before mixed
5-after-partition: exit=0, 3.171s
5 after partition
5-after-mixed: exit=0, 0.265s
5 after mixed
6-before-partition: exit=0, 3.120s
6 before partition
6-before-mixed: exit=0, 0.265s
6 before mixed
6-after-partition: exit=0, 3.120s
6 after partition
6-after-mixed: exit=0, 0.315s
6 after mixed
6-slow-partition: exit=0, 2.970s
6 slow partition
6-slow-mixed: exit=0, 0.515s
6 slow mixed
before-allocation-diagnostic: exit=0, 3.120s
before-mixed-allocation-diagnostic: exit=0, 0.265s
after-allocation-diagnostic: exit=0, 3.070s
after-mixed-allocation-diagnostic: exit=0, 0.265s
slow-allocation-diagnostic: exit=0, 2.920s
slow-mixed-allocation-diagnostic: exit=0, 0.515s
{"overall_pass": true, "seconds": 82.96976971699769}
