[  5%] Built target judas_icu_build
[  5%] Built target judas_app_icon
[ 10%] Built target judas_quickjs
[ 21%] Built target freetype
[ 26%] Built target judas_navigation_backend
[ 26%] Built target judas_glad
[ 26%] Built target judas_profiler
[ 31%] Built target judas_audio_backend
[ 36%] Built target judas_materials
[ 42%] Built target harfbuzz
[100%] Built target judas_engine
[100%] Building CXX object CMakeFiles/judas_developer_application_tests.dir/tests/DeveloperApplicationTests.cpp.o
/home/conner/Documents/GitHub/Project-Judas/tests/DeveloperApplicationTests.cpp: In lambda function:
/home/conner/Documents/GitHub/Project-Judas/tests/DeveloperApplicationTests.cpp:24:84: error: ‘class WorldStreaming’ has no member named ‘RequestStatus’
   24 |   auto* coordinator=w.SceneControl()->Streaming(w,error);auto* status=coordinator->RequestStatus(token);
      |                                                                                    ^~~~~~~~~~~~~
/home/conner/Documents/GitHub/Project-Judas/tests/DeveloperApplicationTests.cpp:25:527: error: no matching function for call to ‘WorldStreaming::Unload(const char [6], std::string&)’
   25 |   if(status&&status->state=="active"&&phase==0){auto entity=coordinator->Resolve("annex",1);auto socket=coordinator->Resolve("annex",2);auto joint=coordinator->Resolve("annex",4);check(entity&&socket&&joint,"streamed skeleton/socket/joint published atomically");check(w.RuntimeDefinition(socket)->socket->target==entity,"stream socket reference remaps");check(w.RuntimeJoint(joint).IsValid(),"streamed physical joint active");stale=w.RuntimeBody(coordinator->Resolve("annex",3));coordinator->Release(token);coordinator->Unload("annex",error);phase=1;}
      |                                                                                                                                                                                                                                                                                                                                                                                                                                                                                                                            ~~~~~~~~~~~~~~~~~~~^~~~~~~~~~~~~~~
/home/conner/Documents/GitHub/Project-Judas/tests/DeveloperApplicationTests.cpp:25:527: note: there is 1 candidate
In file included from /home/conner/Documents/GitHub/Project-Judas/tests/DeveloperApplicationTests.cpp:8:
/home/conner/Documents/GitHub/Project-Judas/src/WorldStreaming.h:61:10: note: candidate 1: ‘bool WorldStreaming::Unload(const std::string&)’
   61 |     bool Unload(const std::string&); // only succeeds after all demand has been released
      |          ^~~~~~
/home/conner/Documents/GitHub/Project-Judas/src/WorldStreaming.h:61:10: note: candidate expects 1 argument, 2 provided
/home/conner/Documents/GitHub/Project-Judas/tests/DeveloperApplicationTests.cpp:27:321: error: no matching function for call to ‘WorldStreaming::Unload(const char [6], std::string&)’
   27 |   if(phase==2&&coordinator->Resolve("annex",1)){auto entity=coordinator->Resolve("annex",1);adopted=entity;check(coordinator->Adopt(entity,"root",error),"complete socket assembly adopted through existing ownership");auto socket=coordinator->Resolve("annex",2);(void)socket;coordinator->Release(token);coordinator->Unload("annex",error);phase=3;}
      |                                                                                                                                                                                                                                                                                                              ~~~~~~~~~~~~~~~~~~~^~~~~~~~~~~~~~~
/home/conner/Documents/GitHub/Project-Judas/tests/DeveloperApplicationTests.cpp:27:321: note: there is 1 candidate
/home/conner/Documents/GitHub/Project-Judas/src/WorldStreaming.h:61:10: note: candidate 1: ‘bool WorldStreaming::Unload(const std::string&)’
   61 |     bool Unload(const std::string&); // only succeeds after all demand has been released
      |          ^~~~~~
/home/conner/Documents/GitHub/Project-Judas/src/WorldStreaming.h:61:10: note: candidate expects 1 argument, 2 provided
/home/conner/Documents/GitHub/Project-Judas/tests/DeveloperApplicationTests.cpp:30:56: error: ‘class Window’ has no member named ‘Native’
   30 |   if(frame==10){check(SDL_GetWindowTitle(h.GetWindow().Native())==std::string("Judas Developer Integration"),"runtime window uses project title");initial=w.RuntimeDefinition(10)->transform.position;h.GetWindow().Input().SetPhysical("key:W",1);}
      |                                                        ^~~~~~
/home/conner/Documents/GitHub/Project-Judas/tests/DeveloperApplicationTests.cpp:32:566: error: ‘class RuntimeWorld’ has no member named ‘CrossFadeAnimation’
   32 |   if(frame==30){SceneTransform foot,hand;check(w.JointPose(101,"LeftFoot","world",1,foot)&&w.JointPose(101,"Hand","world",1,hand),"resolved joint queries through real resource pipeline");const auto* d=w.RuntimeDefinition(101);auto k=d->animation->limbs[0];check(glm::length(foot.position-k.target)<.025f,"moving board foot target reached without transitionFraction guess");check(glm::length(w.PresentedTransform(102,{},1).position-(hand.position+hand.rotation*glm::vec3(.15,0,0)))<1e-4,"visual socket follows resolved hand");auto* a=w.RuntimeAnimation(101);check(w.CrossFadeAnimation(101,"Wave",.3,error)&&w.CrossFadeAnimation(101,"Lean",.15,error),"interrupted crossfade retains IK/socket resolver path");(void)a;
      |                                                                                                                                                                                                                                                                                                                                                                                                                                                                                                                                                                                      ^~~~~~~~~~~~~~~~~~
/home/conner/Documents/GitHub/Project-Judas/tests/DeveloperApplicationTests.cpp:32:609: error: ‘class RuntimeWorld’ has no member named ‘CrossFadeAnimation’
   32 |   if(frame==30){SceneTransform foot,hand;check(w.JointPose(101,"LeftFoot","world",1,foot)&&w.JointPose(101,"Hand","world",1,hand),"resolved joint queries through real resource pipeline");const auto* d=w.RuntimeDefinition(101);auto k=d->animation->limbs[0];check(glm::length(foot.position-k.target)<.025f,"moving board foot target reached without transitionFraction guess");check(glm::length(w.PresentedTransform(102,{},1).position-(hand.position+hand.rotation*glm::vec3(.15,0,0)))<1e-4,"visual socket follows resolved hand");auto* a=w.RuntimeAnimation(101);check(w.CrossFadeAnimation(101,"Wave",.3,error)&&w.CrossFadeAnimation(101,"Lean",.15,error),"interrupted crossfade retains IK/socket resolver path");(void)a;
      |                                                                                                                                                                                                                                                                                                                                                                                                                                                                                                                                                                                                                                 ^~~~~~~~~~~~~~~~~~
/home/conner/Documents/GitHub/Project-Judas/tests/DeveloperApplicationTests.cpp: In function ‘int main(int, char**)’:
/home/conner/Documents/GitHub/Project-Judas/tests/DeveloperApplicationTests.cpp:51:185: error: ‘RunApplicationWithControl’ was not declared in this scope; did you mean ‘ApplicationControl’?
   51 |  control.beforeShutdown=[&](EngineHost&,RuntimeWorld&,InteractivePlay&){check(PerformanceProfiler::Get().Export(out+"/profile.json",error),"normal M56 profiling export");};auto result=RunApplicationWithControl(argv[1],control);printf("SUMMARY %u checks %u failures\n",checks,failures);return result?result:failures?1:0;}
      |                                                                                                                                                                                         ^~~~~~~~~~~~~~~~~~~~~~~~~
      |                                                                                                                                                                                         ApplicationControl
gmake[3]: *** [CMakeFiles/judas_developer_application_tests.dir/build.make:79: CMakeFiles/judas_developer_application_tests.dir/tests/DeveloperApplicationTests.cpp.o] Error 1
gmake[2]: *** [CMakeFiles/Makefile2:7149: CMakeFiles/judas_developer_application_tests.dir/all] Error 2
gmake[1]: *** [CMakeFiles/Makefile2:7156: CMakeFiles/judas_developer_application_tests.dir/rule] Error 2
gmake: *** [Makefile:2308: judas_developer_application_tests] Error 2
