[  0%] Built target judas_icu_build
[  0%] Built target judas_app_icon
[ 16%] Built target freetype
[ 16%] Built target judas_quickjs
[ 16%] Built target judas_glad
[ 27%] Built target judas_navigation_backend
[ 27%] Built target judas_profiler
[ 33%] Built target judas_audio_backend
[ 38%] Built target harfbuzz
[ 38%] Built target judas_materials
[100%] Built target judas_engine
[100%] Building CXX object CMakeFiles/judas_developer_integration_tests.dir/tests/DeveloperIntegrationTests.cpp.o
[100%] Linking CXX executable judas_developer_integration_tests
[100%] Built target judas_developer_integration_tests
[  0%] Built target judas_icu_build
[  0%] Built target judas_app_icon
[ 16%] Built target freetype
[ 16%] Built target judas_quickjs
[ 27%] Built target judas_navigation_backend
[ 27%] Built target judas_glad
[ 27%] Built target judas_profiler
[ 33%] Built target judas_audio_backend
[ 38%] Built target harfbuzz
[ 38%] Built target judas_materials
[100%] Built target judas_engine
[100%] Building CXX object CMakeFiles/judas_developer_author.dir/tools/DeveloperIntegrationAuthor.cpp.o
/home/conner/Documents/GitHub/Project-Judas/tools/DeveloperIntegrationAuthor.cpp: In function ‘int main(int, char**)’:
/home/conner/Documents/GitHub/Project-Judas/tools/DeveloperIntegrationAuthor.cpp:10:112: error: ‘struct SceneSettings’ has no member named ‘ambient’
   10 |  Scene s;s.Settings().name="M65 developer integration";s.Settings().backgroundColor={.14,.23,.32};s.Settings().ambient={.4,.4,.4};
      |                                                                                                                ^~~~~~~
gmake[3]: *** [CMakeFiles/judas_developer_author.dir/build.make:79: CMakeFiles/judas_developer_author.dir/tools/DeveloperIntegrationAuthor.cpp.o] Error 1
gmake[2]: *** [CMakeFiles/Makefile2:7104: CMakeFiles/judas_developer_author.dir/all] Error 2
gmake[1]: *** [CMakeFiles/Makefile2:7111: CMakeFiles/judas_developer_author.dir/rule] Error 2
gmake: *** [Makefile:2295: judas_developer_author] Error 2
