[  5%] Built target judas_icu_build
[  5%] Built target judas_app_icon
[ 22%] Built target judas_quickjs
[ 27%] Built target freetype
[ 33%] Built target judas_navigation_backend
[ 33%] Built target judas_glad
[ 33%] Built target judas_profiler
[ 33%] Built target judas_audio_backend
[ 33%] Built target judas_materials
[ 38%] Built target harfbuzz
[100%] Built target judas_engine
[100%] Building CXX object CMakeFiles/judas_developer_authoring_tests.dir/tests/DeveloperAuthoringTests.cpp.o
[100%] Building CXX object CMakeFiles/judas_developer_authoring_tests.dir/tools/StructuredAuthor.cpp.o
/home/conner/Documents/GitHub/Project-Judas/tests/DeveloperAuthoringTests.cpp: In function ‘int main(int, char**)’:
/home/conner/Documents/GitHub/Project-Judas/tests/DeveloperAuthoringTests.cpp:16:244: error: aggregate ‘Scene scene’ has incomplete type and cannot be defined
   16 |  check(generate(R"({"kind":"scene","name":"Named","objects":[{"id":"1","name":"Floor","components":["body"],"fields":{"position":"0 -0.5 0","body.half-extents":"5 0.5 5"}}]})","main.judas"),"named scene applies actual property records");Scene scene;check(LoadSceneFromFile((out/"main.judas").string(),scene,error)&&scene.Find(1)->transform.position.y==-.5f,"scene normal loader round-trip");
      |                                                                                                                                                                                                                                                    ^~~~~
/home/conner/Documents/GitHub/Project-Judas/tests/DeveloperAuthoringTests.cpp:20:225: error: ‘class Project’ has no member named ‘FilePath’
   20 |  Project p;check(p.Load((out/"project/main.judasproj").string(),error),"ordinary project");p.Settings().excludeScenes={"Scenes/extra.judas"};check(p.Save(error),"export policy serializer");Project reload;check(reload.Load(p.FilePath(),error)&&reload.Settings().excludeScenes==p.Settings().excludeScenes,"export selection normal round-trip");
      |                                                                                                                                                                                                                                 ^~~~~~~~
gmake[3]: *** [CMakeFiles/judas_developer_authoring_tests.dir/build.make:79: CMakeFiles/judas_developer_authoring_tests.dir/tests/DeveloperAuthoringTests.cpp.o] Error 1
gmake[3]: *** Waiting for unfinished jobs....
gmake[2]: *** [CMakeFiles/Makefile2:7194: CMakeFiles/judas_developer_authoring_tests.dir/all] Error 2
gmake[1]: *** [CMakeFiles/Makefile2:7201: CMakeFiles/judas_developer_authoring_tests.dir/rule] Error 2
gmake: *** [Makefile:2321: judas_developer_authoring_tests] Error 2
