[  0%] Built target judas_icu_build
[  0%] Built target judas_app_icon
[  0%] Built target judas_quickjs
[ 16%] Built target freetype
[ 27%] Built target judas_navigation_backend
[ 27%] Built target judas_glad
[ 27%] Built target judas_profiler
[ 33%] Built target judas_audio_backend
[ 33%] Built target judas_materials
[ 38%] Built target harfbuzz
[ 38%] Building CXX object CMakeFiles/judas_engine.dir/src/WorldScripts.cpp.o
[ 38%] Building CXX object CMakeFiles/judas_engine.dir/src/ScriptSystem.cpp.o
[ 38%] Building CXX object CMakeFiles/judas_engine.dir/src/SaveService.cpp.o
[ 38%] Building CXX object CMakeFiles/judas_engine.dir/src/WorldPersistence.cpp.o
[ 38%] Building CXX object CMakeFiles/judas_engine.dir/src/PhysicsWorld.cpp.o
[ 38%] Linking CXX static library libjudas_engine.a
[100%] Built target judas_engine
[100%] Building CXX object CMakeFiles/judas_developer_integration_tests.dir/src/editor/EditorHistory.cpp.o
[100%] Linking CXX executable judas_developer_integration_tests
[100%] Built target judas_developer_integration_tests
[  0%] Built target judas_icu_build
[  0%] Built target judas_app_icon
[ 16%] Built target freetype
[ 16%] Built target judas_quickjs
[ 27%] Built target judas_navigation_backend
[ 27%] Built target judas_glad
[ 33%] Built target judas_profiler
[ 33%] Built target judas_audio_backend
[ 38%] Built target harfbuzz
[ 38%] Built target judas_materials
[100%] Built target judas_engine
[100%] Building CXX object CMakeFiles/judas_developer_author.dir/tools/DeveloperIntegrationAuthor.cpp.o
/home/conner/Documents/GitHub/Project-Judas/tools/DeveloperIntegrationAuthor.cpp: In function ‘int main(int, char**)’:
/home/conner/Documents/GitHub/Project-Judas/tools/DeveloperIntegrationAuthor.cpp:9:8: error: aggregate ‘Scene s’ has incomplete type and cannot be defined
    9 |  Scene s;s.Settings().name="M65 developer integration";s.Settings().backgroundColor={.14,.23,.32};s.Settings().ambient={.4,.4,.4};
      |        ^
/home/conner/Documents/GitHub/Project-Judas/tools/DeveloperIntegrationAuthor.cpp:10:25: error: ‘SceneObjectId’ has not been declared; did you mean ‘SceneObject’?
   10 |  auto add=[&](Scene& sc,SceneObjectId id,const char* name,glm::vec3 position){SceneObject o;o.id=id;o.name=name;o.transform.position=position;sc.InsertObject(o);return sc.Find(id);};
      |                         ^~~~~~~~~~~~~
      |                         SceneObject
/home/conner/Documents/GitHub/Project-Judas/tools/DeveloperIntegrationAuthor.cpp: In lambda function:
/home/conner/Documents/GitHub/Project-Judas/tools/DeveloperIntegrationAuthor.cpp:10:91: error: aggregate ‘SceneObject o’ has incomplete type and cannot be defined
   10 |  auto add=[&](Scene& sc,SceneObjectId id,const char* name,glm::vec3 position){SceneObject o;o.id=id;o.name=name;o.transform.position=position;sc.InsertObject(o);return sc.Find(id);};
      |                                                                                           ^
/home/conner/Documents/GitHub/Project-Judas/tools/DeveloperIntegrationAuthor.cpp:10:143: error: invalid use of incomplete type ‘class Scene’
   10 |  auto add=[&](Scene& sc,SceneObjectId id,const char* name,glm::vec3 position){SceneObject o;o.id=id;o.name=name;o.transform.position=position;sc.InsertObject(o);return sc.Find(id);};
      |                                                                                                                                               ^~
In file included from /home/conner/Documents/GitHub/Project-Judas/tools/DeveloperIntegrationAuthor.cpp:2:
/home/conner/Documents/GitHub/Project-Judas/src/SceneSerialization.h:7:7: note: forward declaration of ‘class Scene’
    7 | class Scene;
      |       ^~~~~
/home/conner/Documents/GitHub/Project-Judas/tools/DeveloperIntegrationAuthor.cpp:10:169: error: invalid use of incomplete type ‘class Scene’
   10 |  auto add=[&](Scene& sc,SceneObjectId id,const char* name,glm::vec3 position){SceneObject o;o.id=id;o.name=name;o.transform.position=position;sc.InsertObject(o);return sc.Find(id);};
      |                                                                                                                                                                         ^~
/home/conner/Documents/GitHub/Project-Judas/src/SceneSerialization.h:7:7: note: forward declaration of ‘class Scene’
    7 | class Scene;
      |       ^~~~~
/home/conner/Documents/GitHub/Project-Judas/tools/DeveloperIntegrationAuthor.cpp: In lambda function:
/home/conner/Documents/GitHub/Project-Judas/tools/DeveloperIntegrationAuthor.cpp:11:151: error: ‘SceneRenderComponent’ was not declared in this scope
   11 |  auto box=[&](int id,const char* name,glm::vec3 position,glm::vec3 half,glm::vec3 color,bool dynamic=false){auto* o=add(s,id,name,position);o->render=SceneRenderComponent{};o->render->halfExtents=half;o->render->color=color;o->body=SceneBodyComponent{};o->body->halfExtents=half;o->body->motion=dynamic?SceneBodyMotion::Dynamic:SceneBodyMotion::Static;o->body->restitution=0;return o;};
      |                                                                                                                                                       ^~~~~~~~~~~~~~~~~~~~
/home/conner/Documents/GitHub/Project-Judas/tools/DeveloperIntegrationAuthor.cpp:11:233: error: ‘SceneBodyComponent’ was not declared in this scope
   11 |  auto box=[&](int id,const char* name,glm::vec3 position,glm::vec3 half,glm::vec3 color,bool dynamic=false){auto* o=add(s,id,name,position);o->render=SceneRenderComponent{};o->render->halfExtents=half;o->render->color=color;o->body=SceneBodyComponent{};o->body->halfExtents=half;o->body->motion=dynamic?SceneBodyMotion::Dynamic:SceneBodyMotion::Static;o->body->restitution=0;return o;};
      |                                                                                                                                                                                                                                         ^~~~~~~~~~~~~~~~~~
/home/conner/Documents/GitHub/Project-Judas/tools/DeveloperIntegrationAuthor.cpp:11:304: error: ‘SceneBodyMotion’ has not been declared
   11 |  auto box=[&](int id,const char* name,glm::vec3 position,glm::vec3 half,glm::vec3 color,bool dynamic=false){auto* o=add(s,id,name,position);o->render=SceneRenderComponent{};o->render->halfExtents=half;o->render->color=color;o->body=SceneBodyComponent{};o->body->halfExtents=half;o->body->motion=dynamic?SceneBodyMotion::Dynamic:SceneBodyMotion::Static;o->body->restitution=0;return o;};
      |                                                                                                                                                                                                                                                                                                                ^~~~~~~~~~~~~~~
/home/conner/Documents/GitHub/Project-Judas/tools/DeveloperIntegrationAuthor.cpp:11:329: error: ‘SceneBodyMotion’ has not been declared
   11 |  auto box=[&](int id,const char* name,glm::vec3 position,glm::vec3 half,glm::vec3 color,bool dynamic=false){auto* o=add(s,id,name,position);o->render=SceneRenderComponent{};o->render->halfExtents=half;o->render->color=color;o->body=SceneBodyComponent{};o->body->halfExtents=half;o->body->motion=dynamic?SceneBodyMotion::Dynamic:SceneBodyMotion::Static;o->body->restitution=0;return o;};
      |                                                                                                                                                                                                                                                                                                                                         ^~~~~~~~~~~~~~~
/home/conner/Documents/GitHub/Project-Judas/tools/DeveloperIntegrationAuthor.cpp: In function ‘int main(int, char**)’:
/home/conner/Documents/GitHub/Project-Judas/tools/DeveloperIntegrationAuthor.cpp:12:51: error: ‘SceneGravityComponent’ was not declared in this scope
   12 |  auto* g=add(s,1,"Uniform gravity",{});g->gravity=SceneGravityComponent{};g->gravity->kind=SceneGravityKind::Uniform;g->gravity->regionShape=SceneRegionShape::Box;g->gravity->regionHalfExtents={60,30,60};
      |                                                   ^~~~~~~~~~~~~~~~~~~~~
/home/conner/Documents/GitHub/Project-Judas/tools/DeveloperIntegrationAuthor.cpp:12:92: error: ‘SceneGravityKind’ has not been declared
   12 |  auto* g=add(s,1,"Uniform gravity",{});g->gravity=SceneGravityComponent{};g->gravity->kind=SceneGravityKind::Uniform;g->gravity->regionShape=SceneRegionShape::Box;g->gravity->regionHalfExtents={60,30,60};
      |                                                                                            ^~~~~~~~~~~~~~~~
/home/conner/Documents/GitHub/Project-Judas/tools/DeveloperIntegrationAuthor.cpp:12:142: error: ‘SceneRegionShape’ has not been declared
   12 |  auto* g=add(s,1,"Uniform gravity",{});g->gravity=SceneGravityComponent{};g->gravity->kind=SceneGravityKind::Uniform;g->gravity->regionShape=SceneRegionShape::Box;g->gravity->regionHalfExtents={60,30,60};
      |                                                                                                                                              ^~~~~~~~~~~~~~~~
/home/conner/Documents/GitHub/Project-Judas/tools/DeveloperIntegrationAuthor.cpp:14:69: error: ‘CharacterMotorSettings’ was not declared in this scope
   14 |  auto* visitor=add(s,10,"Visitor",{0,1,10});visitor->characterMotor=CharacterMotorSettings{};visitor->scripts.push_back({1,asset("scripts/visitor.js"),true,"{}"});visitor->ui=SceneUIComponent{asset("ui/integration.judasui"),"integration",true};
      |                                                                     ^~~~~~~~~~~~~~~~~~~~~~
/home/conner/Documents/GitHub/Project-Judas/tools/DeveloperIntegrationAuthor.cpp:14:176: error: ‘SceneUIComponent’ was not declared in this scope
   14 |  auto* visitor=add(s,10,"Visitor",{0,1,10});visitor->characterMotor=CharacterMotorSettings{};visitor->scripts.push_back({1,asset("scripts/visitor.js"),true,"{}"});visitor->ui=SceneUIComponent{asset("ui/integration.judasui"),"integration",true};
      |                                                                                                                                                                                ^~~~~~~~~~~~~~~~
/home/conner/Documents/GitHub/Project-Judas/tools/DeveloperIntegrationAuthor.cpp:16:64: error: ‘ScenePlayerStartComponent’ was not declared in this scope
   16 |  auto* start=add(s,12,"View seed",{0,1,10});start->playerStart=ScenePlayerStartComponent{};
      |                                                                ^~~~~~~~~~~~~~~~~~~~~~~~~
/home/conner/Documents/GitHub/Project-Judas/tools/DeveloperIntegrationAuthor.cpp:17:81: error: ‘angleAxis’ is not a member of ‘glm’
   17 |  box(20,"Tangent ramp",{-7,.8,1},{4,.2,2},{.15,.6,.5})->transform.rotation=glm::angleAxis(glm::radians(11.f),glm::vec3(0,0,1));
      |                                                                                 ^~~~~~~~~
/home/conner/Documents/GitHub/Project-Judas/tools/DeveloperIntegrationAuthor.cpp:21:72: error: ‘SceneBodyComponent’ was not declared in this scope
   21 |  auto* sensor=add(s,28,"Real checkpoint sensor",{-4,1,2});sensor->body=SceneBodyComponent{};sensor->body->sensor=true;sensor->body->halfExtents={1,1,1};sensor->scripts.push_back({1,asset("scripts/lab_sensor.js"),true,"{}"});
      |                                                                        ^~~~~~~~~~~~~~~~~~
/home/conner/Documents/GitHub/Project-Judas/tools/DeveloperIntegrationAuthor.cpp:23:67: error: ‘SceneRenderComponent’ was not declared in this scope
   23 |  auto* rider=add(s,101,"Original IK rider",{5,0,2});rider->render=SceneRenderComponent{};rider->render->shape=SceneShape::Mesh;rider->render->meshAsset=asset("models/rider.glb");rider->render->color={.15,.6,.95};rider->animation=SceneAnimationComponent{};rider->animation->clip="Lean";
      |                                                                   ^~~~~~~~~~~~~~~~~~~~
/home/conner/Documents/GitHub/Project-Judas/tools/DeveloperIntegrationAuthor.cpp:23:111: error: ‘SceneShape’ has not been declared
   23 |  auto* rider=add(s,101,"Original IK rider",{5,0,2});rider->render=SceneRenderComponent{};rider->render->shape=SceneShape::Mesh;rider->render->meshAsset=asset("models/rider.glb");rider->render->color={.15,.6,.95};rider->animation=SceneAnimationComponent{};rider->animation->clip="Lean";
      |                                                                                                               ^~~~~~~~~~
/home/conner/Documents/GitHub/Project-Judas/tools/DeveloperIntegrationAuthor.cpp:23:230: error: ‘SceneAnimationComponent’ was not declared in this scope
   23 |  auto* rider=add(s,101,"Original IK rider",{5,0,2});rider->render=SceneRenderComponent{};rider->render->shape=SceneShape::Mesh;rider->render->meshAsset=asset("models/rider.glb");rider->render->color={.15,.6,.95};rider->animation=SceneAnimationComponent{};rider->animation->clip="Lean";
      |                                                                                                                                                                                                                                      ^~~~~~~~~~~~~~~~~~~~~~~
/home/conner/Documents/GitHub/Project-Judas/tools/DeveloperIntegrationAuthor.cpp:24:2: error: ‘AnimationLayerSettings’ was not declared in this scope
   24 |  AnimationLayerSettings arm;arm.id="arm";arm.clip="Wave";arm.weight=.6;arm.mask={"Shoulder","Elbow","Hand"};rider->animation->layers.push_back(arm);
      |  ^~~~~~~~~~~~~~~~~~~~~~
/home/conner/Documents/GitHub/Project-Judas/tools/DeveloperIntegrationAuthor.cpp:24:29: error: ‘arm’ was not declared in this scope
   24 |  AnimationLayerSettings arm;arm.id="arm";arm.clip="Wave";arm.weight=.6;arm.mask={"Shoulder","Elbow","Hand"};rider->animation->layers.push_back(arm);
      |                             ^~~
/home/conner/Documents/GitHub/Project-Judas/tools/DeveloperIntegrationAuthor.cpp:25:41: error: ‘LimbIKSettings’ was not declared in this scope
   25 |  for(const auto* side:{"Left","Right"}){LimbIKSettings k;k.id=side;k.root=std::string(side)+"Hip";k.middle=std::string(side)+"Knee";k.end=std::string(side)+"Foot";k.target={5+(k.id=="Left"?-.38f:.38f),.25,2};k.pole={5,1,3};rider->animation->limbs.push_back(k);}
      |                                         ^~~~~~~~~~~~~~
/home/conner/Documents/GitHub/Project-Judas/tools/DeveloperIntegrationAuthor.cpp:25:58: error: ‘k’ was not declared in this scope
   25 |  for(const auto* side:{"Left","Right"}){LimbIKSettings k;k.id=side;k.root=std::string(side)+"Hip";k.middle=std::string(side)+"Knee";k.end=std::string(side)+"Foot";k.target={5+(k.id=="Left"?-.38f:.38f),.25,2};k.pole={5,1,3};rider->animation->limbs.push_back(k);}
      |                                                          ^
/home/conner/Documents/GitHub/Project-Judas/tools/DeveloperIntegrationAuthor.cpp:26:164: error: ‘SceneSocketComponent’ was not declared in this scope
   26 |  auto* prop=add(s,102,"Hand socket prop",{});prop->render=SceneRenderComponent{};prop->render->halfExtents={.12,.12,.3};prop->render->color={1,.8,.1};prop->socket=SceneSocketComponent{};prop->socket->target=101;prop->socket->joint="Hand";prop->socket->offset.position={.15,0,0};
      |                                                                                                                                                                    ^~~~~~~~~~~~~~~~~~~~
/home/conner/Documents/GitHub/Project-Judas/tools/DeveloperIntegrationAuthor.cpp:27:14: error: variable ‘SceneObject doll’ has initializer but incomplete type
   27 |  SceneObject doll=*rider;doll.id=1;doll.name="Original articulated rider";doll.animation->limbs.clear();doll.animation->layers.clear();doll.animation->playOnStart=false;doll.ragdoll=RagdollDefinition{};doll.ragdoll->selfCollision=false;doll.ragdoll->playOnStart=true;
      |              ^~~~
/home/conner/Documents/GitHub/Project-Judas/tools/DeveloperIntegrationAuthor.cpp:27:183: error: ‘RagdollDefinition’ was not declared in this scope
   27 |  SceneObject doll=*rider;doll.id=1;doll.name="Original articulated rider";doll.animation->limbs.clear();doll.animation->layers.clear();doll.animation->playOnStart=false;doll.ragdoll=RagdollDefinition{};doll.ragdoll->selfCollision=false;doll.ragdoll->playOnStart=true;
      |                                                                                                                                                                                       ^~~~~~~~~~~~~~~~~
/home/conner/Documents/GitHub/Project-Judas/tools/DeveloperIntegrationAuthor.cpp:28:96: error: ‘RagdollBone’ was not declared in this scope
   28 |  for(const auto* name:{"Root","LeftHip","LeftKnee","RightHip","RightKnee","Shoulder","Elbow"}){RagdollBone b;b.joint=name;b.parent=b.joint=="Root"?"":b.joint=="LeftKnee"?"LeftHip":b.joint=="RightKnee"?"RightHip":b.joint=="Elbow"?"Shoulder":"Root";b.constraint.type=JointType::Ball;b.halfExtents=b.joint=="Root"?glm::vec3(.42,.28,.18):b.joint=="Shoulder"||b.joint=="Elbow"?glm::vec3(.22,.08,.09):glm::vec3(.1,.41,.1);b.offset=b.joint=="Root"?glm::vec3(0):b.joint=="Shoulder"||b.joint=="Elbow"?glm::vec3(.22,0,0):glm::vec3(0,-.41,0);b.mass=b.joint=="Root"?3:1;doll.ragdoll->bones.push_back(b);}
      |                                                                                                ^~~~~~~~~~~
/home/conner/Documents/GitHub/Project-Judas/tools/DeveloperIntegrationAuthor.cpp:28:110: error: ‘b’ was not declared in this scope; did you mean ‘db’?
   28 |  for(const auto* name:{"Root","LeftHip","LeftKnee","RightHip","RightKnee","Shoulder","Elbow"}){RagdollBone b;b.joint=name;b.parent=b.joint=="Root"?"":b.joint=="LeftKnee"?"LeftHip":b.joint=="RightKnee"?"RightHip":b.joint=="Elbow"?"Shoulder":"Root";b.constraint.type=JointType::Ball;b.halfExtents=b.joint=="Root"?glm::vec3(.42,.28,.18):b.joint=="Shoulder"||b.joint=="Elbow"?glm::vec3(.22,.08,.09):glm::vec3(.1,.41,.1);b.offset=b.joint=="Root"?glm::vec3(0):b.joint=="Shoulder"||b.joint=="Elbow"?glm::vec3(.22,0,0):glm::vec3(0,-.41,0);b.mass=b.joint=="Root"?3:1;doll.ragdoll->bones.push_back(b);}
      |                                                                                                              ^
      |                                                                                                              db
/home/conner/Documents/GitHub/Project-Judas/tools/DeveloperIntegrationAuthor.cpp:28:266: error: ‘JointType’ has not been declared
   28 |  for(const auto* name:{"Root","LeftHip","LeftKnee","RightHip","RightKnee","Shoulder","Elbow"}){RagdollBone b;b.joint=name;b.parent=b.joint=="Root"?"":b.joint=="LeftKnee"?"LeftHip":b.joint=="RightKnee"?"RightHip":b.joint=="Elbow"?"Shoulder":"Root";b.constraint.type=JointType::Ball;b.halfExtents=b.joint=="Root"?glm::vec3(.42,.28,.18):b.joint=="Shoulder"||b.joint=="Elbow"?glm::vec3(.22,.08,.09):glm::vec3(.1,.41,.1);b.offset=b.joint=="Root"?glm::vec3(0):b.joint=="Shoulder"||b.joint=="Elbow"?glm::vec3(.22,0,0):glm::vec3(0,-.41,0);b.mass=b.joint=="Root"?3:1;doll.ragdoll->bones.push_back(b);}
      |                                                                                                                                                                                                                                                                          ^~~~~~~~~
/home/conner/Documents/GitHub/Project-Judas/tools/DeveloperIntegrationAuthor.cpp:29:8: error: aggregate ‘Scene prefab’ has incomplete type and cannot be defined
   29 |  Scene prefab;prefab.InsertObject(doll);if(!SaveSceneToFile(prefab,p.Resolve("Assets/prefabs/rider.judasprefab"),error))throw std::runtime_error(error);
      |        ^~~~~~
/home/conner/Documents/GitHub/Project-Judas/tools/DeveloperIntegrationAuthor.cpp:35:8: error: aggregate ‘Scene annex’ has incomplete type and cannot be defined
   35 |  Scene annex;annex.Settings().name="M65 streamed rig";auto d=*rider;d.id=1;d.animation->limbs.clear();annex.InsertObject(d);auto attachment=*prop;attachment.id=2;attachment.socket->target=1;annex.InsertObject(attachment);auto body=*mat;body.id=3;body.transform.position={5,2,2};annex.InsertObject(body);auto owner=*s.Find(401);owner.id=4;owner.transform.position={5,2,2};owner.joint=SceneJointComponent{};owner.joint->bodyA=3;owner.joint->settings.anchorB={0,0,0};annex.InsertObject(owner);auto ref=*copy;ref.id=5;ref.scripts[0].properties="{\"target\":{\"entity\":\"1\"}}";annex.InsertObject(ref);
      |        ^~~~~
/home/conner/Documents/GitHub/Project-Judas/tools/DeveloperIntegrationAuthor.cpp:35:384: error: ‘SceneJointComponent’ was not declared in this scope
   35 |  Scene annex;annex.Settings().name="M65 streamed rig";auto d=*rider;d.id=1;d.animation->limbs.clear();annex.InsertObject(d);auto attachment=*prop;attachment.id=2;attachment.socket->target=1;annex.InsertObject(attachment);auto body=*mat;body.id=3;body.transform.position={5,2,2};annex.InsertObject(body);auto owner=*s.Find(401);owner.id=4;owner.transform.position={5,2,2};owner.joint=SceneJointComponent{};owner.joint->bodyA=3;owner.joint->settings.anchorB={0,0,0};annex.InsertObject(owner);auto ref=*copy;ref.id=5;ref.scripts[0].properties="{\"target\":{\"entity\":\"1\"}}";annex.InsertObject(ref);
      |                                                                                                                                                                                                                                                                                                                                                                                                ^~~~~~~~~~~~~~~~~~~
gmake[3]: *** [CMakeFiles/judas_developer_author.dir/build.make:79: CMakeFiles/judas_developer_author.dir/tools/DeveloperIntegrationAuthor.cpp.o] Error 1
gmake[2]: *** [CMakeFiles/Makefile2:7104: CMakeFiles/judas_developer_author.dir/all] Error 2
gmake[1]: *** [CMakeFiles/Makefile2:7111: CMakeFiles/judas_developer_author.dir/rule] Error 2
gmake: *** [Makefile:2295: judas_developer_author] Error 2
