[  5%] Built target judas_icu_build
[  5%] Built target judas_app_icon
[ 21%] Built target freetype
[ 21%] Built target judas_quickjs
[ 26%] Built target judas_navigation_backend
[ 26%] Built target judas_glad
[ 26%] Built target judas_profiler
[ 31%] Built target judas_audio_backend
[ 36%] Built target harfbuzz
[ 42%] Built target judas_materials
[100%] Built target judas_engine
[100%] Building CXX object CMakeFiles/judas_developer_application_tests.dir/tests/DeveloperApplicationTests.cpp.o
[100%] Linking CXX executable judas_developer_application_tests
/usr/bin/x86_64-linux-gnu-ld.bfd: CMakeFiles/judas_developer_application_tests.dir/tests/DeveloperApplicationTests.cpp.o: in function `main':
DeveloperApplicationTests.cpp:(.text.startup+0x403): undefined reference to `Application::Run(int, char**, ApplicationControl*)'
collect2: error: ld returned 1 exit status
gmake[3]: *** [CMakeFiles/judas_developer_application_tests.dir/build.make:115: judas_developer_application_tests] Error 1
gmake[2]: *** [CMakeFiles/Makefile2:7149: CMakeFiles/judas_developer_application_tests.dir/all] Error 2
gmake[1]: *** [CMakeFiles/Makefile2:7156: CMakeFiles/judas_developer_application_tests.dir/rule] Error 2
gmake: *** [Makefile:2308: judas_developer_application_tests] Error 2
