[  0%] Built target judas_icu_build
[  0%] Built target judas_app_icon
[ 15%] Built target freetype
[ 15%] Built target judas_quickjs
[ 26%] Built target judas_navigation_backend
[ 31%] Built target judas_glad
[ 31%] Built target judas_profiler
[ 36%] Built target judas_audio_backend
[ 42%] Built target harfbuzz
[ 42%] Built target judas_materials
[ 42%] Building CXX object CMakeFiles/judas_engine.dir/src/ScriptSystem.cpp.o
[ 42%] Linking CXX static library libjudas_engine.a
[100%] Built target judas_engine
[100%] Building CXX object CMakeFiles/judas_developer_integration_tests.dir/tests/DeveloperIntegrationTests.cpp.o
[100%] Linking CXX executable judas_developer_integration_tests
[100%] Built target judas_developer_integration_tests
[  0%] Built target judas_icu_build
[  0%] Built target judas_app_icon
[ 15%] Built target freetype
[ 15%] Built target judas_quickjs
[ 26%] Built target judas_navigation_backend
[ 31%] Built target judas_glad
[ 31%] Built target judas_profiler
[ 36%] Built target judas_audio_backend
[ 42%] Built target harfbuzz
[ 42%] Built target judas_materials
[100%] Built target judas_engine
[100%] Linking CXX executable judas_character_motor_tests
[100%] Built target judas_character_motor_tests
[  0%] Built target judas_icu_build
[  0%] Built target judas_app_icon
[ 15%] Built target freetype
[ 15%] Built target judas_quickjs
[ 25%] Built target judas_navigation_backend
[ 30%] Built target judas_glad
[ 30%] Built target judas_profiler
[ 35%] Built target judas_audio_backend
[ 40%] Built target harfbuzz
[ 40%] Built target judas_materials
[ 95%] Built target judas_engine
[ 95%] Linking CXX executable judas_touch_event_tests
[100%] Built target judas_touch_event_tests
[  0%] Built target judas_icu_build
[  0%] Built target judas_app_icon
[ 15%] Built target freetype
[ 15%] Built target judas_quickjs
[ 25%] Built target judas_navigation_backend
[ 30%] Built target judas_glad
[ 35%] Built target judas_profiler
[ 35%] Built target judas_audio_backend
[ 40%] Built target harfbuzz
[ 40%] Built target judas_materials
[ 95%] Built target judas_engine
[ 95%] Building CXX object CMakeFiles/judas_scene_author.dir/tools/StructuredAuthor.cpp.o
[ 95%] Building CXX object CMakeFiles/judas_scene_author.dir/tools/SceneAuthor.cpp.o
[100%] Linking CXX executable judas_scene_author
[100%] Built target judas_scene_author
[  0%] Built target judas_icu_build
[  0%] Built target judas_app_icon
[ 13%] Built target freetype
[ 13%] Built target judas_quickjs
[ 22%] Built target judas_navigation_backend
[ 27%] Built target judas_glad
[ 27%] Built target judas_profiler
[ 31%] Built target judas_audio_backend
[ 36%] Built target harfbuzz
[ 36%] Built target judas_materials
[ 40%] Built target judas_imgui
[ 90%] Built target judas_engine
[ 90%] Building CXX object CMakeFiles/judas_navigation_baker.dir/src/NavigationBake.cpp.o
[ 90%] Linking CXX static library libjudas_navigation_baker.a
[ 95%] Built target judas_navigation_baker
[ 95%] Building CXX object CMakeFiles/judas_editor.dir/src/editor/EditorCamera.cpp.o
[ 95%] Building CXX object CMakeFiles/judas_editor.dir/src/editor/ComponentEditors.cpp.o
[ 95%] Building CXX object CMakeFiles/judas_editor.dir/src/editor/EditorApplication.cpp.o
[ 95%] Building CXX object CMakeFiles/judas_editor.dir/src/editor/EditorHistory.cpp.o
/home/conner/Documents/GitHub/Project-Judas/src/editor/ComponentEditors.cpp: In function ‘void {anonymous}::JointPicker(EditorDocument&, SceneObject&, EditorPanelState&, const char*, std::string&, bool)’:
/home/conner/Documents/GitHub/Project-Judas/src/editor/ComponentEditors.cpp:241:3: warning: this ‘else’ clause does not guard... [-Wmisleading-indentation]
  241 |   else ImGui::TextDisabled("Select/load a skinned mesh first");ImGui::EndCombo();
      |   ^~~~
/home/conner/Documents/GitHub/Project-Judas/src/editor/ComponentEditors.cpp:241:64: note: ...this statement, but the latter is misleadingly indented as if it were guarded by the ‘else’
  241 |   else ImGui::TextDisabled("Select/load a skinned mesh first");ImGui::EndCombo();
      |                                                                ^~~~~
/home/conner/Documents/GitHub/Project-Judas/src/editor/EditorHistory.cpp: In member function ‘bool EditorDocument::BatchProperties(const std::map<std::__cxx11::basic_string<char>, std::__cxx11::basic_string<char> >&, std::string&)’:
/home/conner/Documents/GitHub/Project-Judas/src/editor/EditorHistory.cpp:102:2: warning: this ‘if’ clause does not guard... [-Wmisleading-indentation]
  102 |  if(!ValidateHierarchy(candidate,error))return false;BeginEdit();m_scene=std::move(candidate);CommitEdit();return true;
      |  ^~
/home/conner/Documents/GitHub/Project-Judas/src/editor/EditorHistory.cpp:102:54: note: ...this statement, but the latter is misleadingly indented as if it were guarded by the ‘if’
  102 |  if(!ValidateHierarchy(candidate,error))return false;BeginEdit();m_scene=std::move(candidate);CommitEdit();return true;
      |                                                      ^~~~~~~~~
/home/conner/Documents/GitHub/Project-Judas/src/editor/EditorHistory.cpp: In member function ‘bool EditorDocument::ReparentSelection(SceneObjectId, std::string&)’:
/home/conner/Documents/GitHub/Project-Judas/src/editor/EditorHistory.cpp:111:2: warning: this ‘if’ clause does not guard... [-Wmisleading-indentation]
  111 |  if(!ValidateHierarchy(candidate,error))return false;BeginEdit();m_scene=std::move(candidate);CommitEdit();return true;
      |  ^~
/home/conner/Documents/GitHub/Project-Judas/src/editor/EditorHistory.cpp:111:54: note: ...this statement, but the latter is misleadingly indented as if it were guarded by the ‘if’
  111 |  if(!ValidateHierarchy(candidate,error))return false;BeginEdit();m_scene=std::move(candidate);CommitEdit();return true;
      |                                                      ^~~~~~~~~
/home/conner/Documents/GitHub/Project-Judas/src/editor/EditorHistory.cpp: In member function ‘bool EditorDocument::GroupSelection(std::string&)’:
/home/conner/Documents/GitHub/Project-Judas/src/editor/EditorHistory.cpp:116:2: warning: this ‘if’ clause does not guard... [-Wmisleading-indentation]
  116 |  if(!m_undo.empty())m_undo.back()=std::move(original);Select(group);return true;
      |  ^~
/home/conner/Documents/GitHub/Project-Judas/src/editor/EditorHistory.cpp:116:55: note: ...this statement, but the latter is misleadingly indented as if it were guarded by the ‘if’
  116 |  if(!m_undo.empty())m_undo.back()=std::move(original);Select(group);return true;
      |                                                       ^~~~~~
/home/conner/Documents/GitHub/Project-Judas/src/editor/EditorHistory.cpp: In member function ‘bool EditorDocument::DuplicateSelection(std::string&)’:
/home/conner/Documents/GitHub/Project-Judas/src/editor/EditorHistory.cpp:121:60: error: ‘set’ is not a member of ‘std’
  121 |  PruneSelection();if(m_selection.empty())return false;std::set<SceneObjectId> members(m_selection.begin(),m_selection.end());bool changed=true;while(changed){changed=false;for(auto& o:m_scene.Objects())if(members.count(o.parent))changed|=members.insert(o.id).second;}
      |                                                            ^~~
/home/conner/Documents/GitHub/Project-Judas/src/editor/EditorHistory.cpp:9:1: note: ‘std::set’ is defined in header ‘<set>’; this is probably fixable by adding ‘#include <set>’
    8 | #include "Prefab.h"
  +++ |+#include <set>
    9 | 
/home/conner/Documents/GitHub/Project-Judas/src/editor/EditorHistory.cpp:121:77: error: expected primary-expression before ‘>’ token
  121 |  PruneSelection();if(m_selection.empty())return false;std::set<SceneObjectId> members(m_selection.begin(),m_selection.end());bool changed=true;while(changed){changed=false;for(auto& o:m_scene.Objects())if(members.count(o.parent))changed|=members.insert(o.id).second;}
      |                                                                             ^
/home/conner/Documents/GitHub/Project-Judas/src/editor/EditorHistory.cpp:121:79: error: ‘members’ was not declared in this scope
  121 |  PruneSelection();if(m_selection.empty())return false;std::set<SceneObjectId> members(m_selection.begin(),m_selection.end());bool changed=true;while(changed){changed=false;for(auto& o:m_scene.Objects())if(members.count(o.parent))changed|=members.insert(o.id).second;}
      |                                                                               ^~~~~~~
/home/conner/Documents/GitHub/Project-Judas/src/editor/EditorHistory.cpp:124:2: warning: this ‘if’ clause does not guard... [-Wmisleading-indentation]
  124 |  if(!ValidateHierarchy(candidate,error))return false;BeginEdit();m_scene=std::move(candidate);CommitEdit(false);std::vector<SceneObjectId> selection;for(auto id:m_selection)selection.push_back(ids.at(id));m_selection=selection;m_selected=m_selection.back();return true;
      |  ^~
/home/conner/Documents/GitHub/Project-Judas/src/editor/EditorHistory.cpp:124:54: note: ...this statement, but the latter is misleadingly indented as if it were guarded by the ‘if’
  124 |  if(!ValidateHierarchy(candidate,error))return false;BeginEdit();m_scene=std::move(candidate);CommitEdit(false);std::vector<SceneObjectId> selection;for(auto id:m_selection)selection.push_back(ids.at(id));m_selection=selection;m_selected=m_selection.back();return true;
      |                                                      ^~~~~~~~~
gmake[3]: *** [CMakeFiles/judas_editor.dir/build.make:121: CMakeFiles/judas_editor.dir/src/editor/EditorHistory.cpp.o] Error 1
gmake[3]: *** Waiting for unfinished jobs....
gmake[2]: *** [CMakeFiles/Makefile2:1040: CMakeFiles/judas_editor.dir/all] Error 2
gmake[1]: *** [CMakeFiles/Makefile2:1047: CMakeFiles/judas_editor.dir/rule] Error 2
gmake: *** [Makefile:345: judas_editor] Error 2
