WARNHarfBuzz has a Meson port and tries to migrate all the other build systems to it, please consider using it as we might remove our cmake port soon.
CMake Deprecation Warning at build/_deps/judas_freetype-src/CMakeLists.txt:113 (cmake_minimum_required):
  Compatibility with CMake < 3.10 will be removed from a future version of
  CMake.

  Update the VERSION argument <min> value.  Or, use the <min>...<max> syntax
  to tell CMake that the project requires at least <min> but has been updated
  to work with policies introduced by <max> or earlier.


-- Configuring done (1.3s)
-- Generating done (0.8s)
-- Build files have been written to: /home/conner/Documents/GitHub/Project-Judas/build
[  0%] Built target judas_icu_build
[  0%] Built target judas_app_icon
[  0%] Built target judas_quickjs
[ 21%] Built target judas_navigation_backend
[ 26%] Built target freetype
[ 31%] Built target judas_glad
[ 36%] Built target judas_audio_backend
[ 36%] Built target judas_profiler
[ 42%] Built target harfbuzz
[ 42%] Built target judas_materials
[ 42%] Building CXX object CMakeFiles/judas_engine.dir/src/GltfLoader.cpp.o
[ 42%] Building CXX object CMakeFiles/judas_engine.dir/src/ScriptSystem.cpp.o
[ 42%] Building CXX object CMakeFiles/judas_engine.dir/src/WorldScripts.cpp.o
/home/conner/Documents/GitHub/Project-Judas/src/ScriptSystem.cpp: In member function ‘void ScriptSystem::PhysicsEvent(SceneObjectId, SceneObjectId, const PhysicsWorld::TouchEvent&, bool)’:
/home/conner/Documents/GitHub/Project-Judas/src/ScriptSystem.cpp:1150:105: error: ‘h’ was not declared in this scope
 1150 |             std::string material;float friction=0,restitution=0;m->world->Physics().GetPhysicalMaterial(h,material,friction,restitution);JS_SetPropertyStr(m->ctx,e,"physicalMaterial",material.empty()?JS_NULL:JS_NewString(m->ctx,material.c_str()));
      |                                                                                                         ^
gmake[3]: *** [CMakeFiles/judas_engine.dir/build.make:443: CMakeFiles/judas_engine.dir/src/ScriptSystem.cpp.o] Error 1
gmake[3]: *** Waiting for unfinished jobs....
gmake[2]: *** [CMakeFiles/Makefile2:890: CMakeFiles/judas_engine.dir/all] Error 2
gmake[1]: *** [CMakeFiles/Makefile2:7066: CMakeFiles/judas_developer_integration_tests.dir/rule] Error 2
gmake: *** [Makefile:2282: judas_developer_integration_tests] Error 2
