[  0%] Built target judas_app_icon
[ 15%] Built target freetype
[ 15%] Built target judas_icu_build
[ 15%] Built target judas_quickjs
[ 26%] Built target judas_navigation_backend
[ 31%] Built target judas_glad
[ 31%] Built target judas_profiler
[ 36%] Built target judas_audio_backend
[ 42%] Built target harfbuzz
[ 42%] Built target judas_materials
[ 42%] Building CXX object CMakeFiles/judas_engine.dir/src/WorldFracture.cpp.o
[ 42%] Building CXX object CMakeFiles/judas_engine.dir/src/DeformableAsset.cpp.o
[ 42%] Building CXX object CMakeFiles/judas_engine.dir/src/WorldDeformables.cpp.o
[ 42%] Building CXX object CMakeFiles/judas_engine.dir/src/Localization.cpp.o
[ 42%] Building CXX object CMakeFiles/judas_engine.dir/src/LiquidTypes.cpp.o
[ 42%] Building CXX object CMakeFiles/judas_engine.dir/src/LiquidSystem.cpp.o
[ 42%] Building CXX object CMakeFiles/judas_engine.dir/src/NavigationSystem.cpp.o
[ 42%] Building CXX object CMakeFiles/judas_engine.dir/src/NavigationTypes.cpp.o
[ 42%] Building CXX object CMakeFiles/judas_engine.dir/src/NavigationAsset.cpp.o
[ 42%] Building CXX object CMakeFiles/judas_engine.dir/src/WorldAnimation.cpp.o
/home/conner/Documents/GitHub/Project-Judas/src/WorldAnimation.cpp: In member function ‘bool RuntimeWorld::JointPose(EntityId, const std::string&, const std::string&, float, SceneTransform&)’:
/home/conner/Documents/GitHub/Project-Judas/src/WorldAnimation.cpp:85:2: warning: this ‘if’ clause does not guard... [-Wmisleading-indentation]
   85 |  if(space!="model"&&space!="world")return false;auto matrix=PoseGlobalMatrices(s,a->finalPose)[n];
      |  ^~
/home/conner/Documents/GitHub/Project-Judas/src/WorldAnimation.cpp:85:49: note: ...this statement, but the latter is misleadingly indented as if it were guarded by the ‘if’
   85 |  if(space!="model"&&space!="world")return false;auto matrix=PoseGlobalMatrices(s,a->finalPose)[n];
      |                                                 ^~~~
[ 47%] Building CXX object CMakeFiles/judas_engine.dir/src/PoseComposition.cpp.o
In file included from /usr/include/glm/gtx/norm.hpp:20,
                 from /usr/include/glm/gtx/quaternion.hpp:21,
                 from /home/conner/Documents/GitHub/Project-Judas/src/PoseComposition.cpp:77:
/usr/include/glm/gtx/component_wise.hpp:22:9: error: #error "GLM: GLM_GTX_component_wise is an experimental extension and may change in the future. Use #define GLM_ENABLE_EXPERIMENTAL before including it, if you really want to use it."
   22 | #       error "GLM: GLM_GTX_component_wise is an experimental extension and may change in the future. Use #define GLM_ENABLE_EXPERIMENTAL before including it, if you really want to use it."
      |         ^~~~~
/usr/include/glm/gtx/norm.hpp:23:9: error: #error "GLM: GLM_GTX_norm is an experimental extension and may change in the future. Use #define GLM_ENABLE_EXPERIMENTAL before including it, if you really want to use it."
   23 | #       error "GLM: GLM_GTX_norm is an experimental extension and may change in the future. Use #define GLM_ENABLE_EXPERIMENTAL before including it, if you really want to use it."
      |         ^~~~~
/usr/include/glm/gtx/quaternion.hpp:24:9: error: #error "GLM: GLM_GTX_quaternion is an experimental extension and may change in the future. Use #define GLM_ENABLE_EXPERIMENTAL before including it, if you really want to use it."
   24 | #       error "GLM: GLM_GTX_quaternion is an experimental extension and may change in the future. Use #define GLM_ENABLE_EXPERIMENTAL before including it, if you really want to use it."
      |         ^~~~~
/home/conner/Documents/GitHub/Project-Judas/src/PoseComposition.cpp: In function ‘bool ValidLimbIK(const LimbIKSettings&, std::string&)’:
/home/conner/Documents/GitHub/Project-Judas/src/PoseComposition.cpp:81:2: warning: this ‘for’ clause does not guard... [-Wmisleading-indentation]
   81 |  for(auto v:{s.target,s.pole})for(int i=0;i<3;++i)if(!std::isfinite(v[i])){error="nonfinite IK target/pole";return false;}return true;
      |  ^~~
/home/conner/Documents/GitHub/Project-Judas/src/PoseComposition.cpp:81:123: note: ...this statement, but the latter is misleadingly indented as if it were guarded by the ‘for’
   81 |  for(auto v:{s.target,s.pole})for(int i=0;i<3;++i)if(!std::isfinite(v[i])){error="nonfinite IK target/pole";return false;}return true;
      |                                                                                                                           ^~~~~~
gmake[3]: *** [CMakeFiles/judas_engine.dir/build.make:331: CMakeFiles/judas_engine.dir/src/PoseComposition.cpp.o] Error 1
gmake[3]: *** Waiting for unfinished jobs....
gmake[2]: *** [CMakeFiles/Makefile2:890: CMakeFiles/judas_engine.dir/all] Error 2
gmake[1]: *** [CMakeFiles/Makefile2:7066: CMakeFiles/judas_developer_integration_tests.dir/rule] Error 2
gmake: *** [Makefile:2282: judas_developer_integration_tests] Error 2
