[  5%] Built target judas_icu_build
[  5%] Built target judas_app_icon
[ 21%] Built target freetype
[ 21%] Built target judas_quickjs
[ 26%] Built target judas_navigation_backend
[ 26%] Built target judas_glad
[ 26%] Built target judas_profiler
[ 31%] Built target judas_audio_backend
[ 36%] Built target harfbuzz
[ 42%] Built target judas_materials
[100%] Built target judas_engine
[100%] Building CXX object CMakeFiles/judas_developer_application_tests.dir/tests/DeveloperApplicationTests.cpp.o
/home/conner/Documents/GitHub/Project-Judas/tests/DeveloperApplicationTests.cpp: In lambda function:
/home/conner/Documents/GitHub/Project-Judas/tests/DeveloperApplicationTests.cpp:32:582: error: no matching function for call to ‘PoseMixer::CrossFade(std::__shared_ptr_access<const SkeletalAsset, __gnu_cxx::_S_atomic, false, false>::element_type&, AnimationPlayback&, const char [5], double, std::string&)’
   32 |   if(frame==30){SceneTransform foot,hand;check(w.JointPose(101,"LeftFoot","world",1,foot)&&w.JointPose(101,"Hand","world",1,hand),"resolved joint queries through real resource pipeline");const auto* d=w.RuntimeDefinition(101);auto k=d->animation->limbs[0];check(glm::length(foot.position-k.target)<.025f,"moving board foot target reached without transitionFraction guess");check(glm::length(w.PresentedTransform(102,{},1).position-(hand.position+hand.rotation*glm::vec3(.15,0,0)))<1e-4,"visual socket follows resolved hand");auto* a=w.RuntimeAnimation(101);check(a->mixer.CrossFade(*a->asset,a->playback,"Wave",.3,error)&&a->mixer.CrossFade(*a->asset,a->playback,"Lean",.15,error),"interrupted crossfade retains IK/socket resolver path");(void)a;
      |                                                                                                                                                                                                                                                                                                                                                                                                                                                                                                                                                                                    ~~~~~~~~~~~~~~~~~~^~~~~~~~~~~~~~~~~~~~~~~~~~~~~~~~~~~~~~~
/home/conner/Documents/GitHub/Project-Judas/tests/DeveloperApplicationTests.cpp:32:582: note: there is 1 candidate
In file included from /home/conner/Documents/GitHub/Project-Judas/src/Scene.h:9,
                 from /home/conner/Documents/GitHub/Project-Judas/src/NavigationAsset.h:3,
                 from /home/conner/Documents/GitHub/Project-Judas/src/ResourceManager.h:17,
                 from /home/conner/Documents/GitHub/Project-Judas/src/EngineHost.h:10,
                 from /home/conner/Documents/GitHub/Project-Judas/tests/DeveloperApplicationTests.cpp:2:
/home/conner/Documents/GitHub/Project-Judas/src/PoseComposition.h:25:7: note: candidate 1: ‘void PoseMixer::CrossFade(AnimationPlayback&, const std::string&, float)’
   25 |  void CrossFade(AnimationPlayback& target,const std::string& clip,float seconds);
      |       ^~~~~~~~~
/home/conner/Documents/GitHub/Project-Judas/src/PoseComposition.h:25:7: note: candidate expects 3 arguments, 5 provided
/home/conner/Documents/GitHub/Project-Judas/tests/DeveloperApplicationTests.cpp:32:641: error: no matching function for call to ‘PoseMixer::CrossFade(std::__shared_ptr_access<const SkeletalAsset, __gnu_cxx::_S_atomic, false, false>::element_type&, AnimationPlayback&, const char [5], double, std::string&)’
   32 |   if(frame==30){SceneTransform foot,hand;check(w.JointPose(101,"LeftFoot","world",1,foot)&&w.JointPose(101,"Hand","world",1,hand),"resolved joint queries through real resource pipeline");const auto* d=w.RuntimeDefinition(101);auto k=d->animation->limbs[0];check(glm::length(foot.position-k.target)<.025f,"moving board foot target reached without transitionFraction guess");check(glm::length(w.PresentedTransform(102,{},1).position-(hand.position+hand.rotation*glm::vec3(.15,0,0)))<1e-4,"visual socket follows resolved hand");auto* a=w.RuntimeAnimation(101);check(a->mixer.CrossFade(*a->asset,a->playback,"Wave",.3,error)&&a->mixer.CrossFade(*a->asset,a->playback,"Lean",.15,error),"interrupted crossfade retains IK/socket resolver path");(void)a;
      |                                                                                                                                                                                                                                                                                                                                                                                                                                                                                                                                                                                                                                               ~~~~~~~~~~~~~~~~~~^~~~~~~~~~~~~~~~~~~~~~~~~~~~~~~~~~~~~~~~
/home/conner/Documents/GitHub/Project-Judas/tests/DeveloperApplicationTests.cpp:32:641: note: there is 1 candidate
/home/conner/Documents/GitHub/Project-Judas/src/PoseComposition.h:25:7: note: candidate 1: ‘void PoseMixer::CrossFade(AnimationPlayback&, const std::string&, float)’
   25 |  void CrossFade(AnimationPlayback& target,const std::string& clip,float seconds);
      |       ^~~~~~~~~
/home/conner/Documents/GitHub/Project-Judas/src/PoseComposition.h:25:7: note: candidate expects 3 arguments, 5 provided
gmake[3]: *** [CMakeFiles/judas_developer_application_tests.dir/build.make:79: CMakeFiles/judas_developer_application_tests.dir/tests/DeveloperApplicationTests.cpp.o] Error 1
gmake[2]: *** [CMakeFiles/Makefile2:7149: CMakeFiles/judas_developer_application_tests.dir/all] Error 2
gmake[1]: *** [CMakeFiles/Makefile2:7156: CMakeFiles/judas_developer_application_tests.dir/rule] Error 2
gmake: *** [Makefile:2308: judas_developer_application_tests] Error 2
