[  0%] Built target judas_app_icon
[ 15%] Built target freetype
[ 15%] Built target judas_icu_build
[ 15%] Built target judas_quickjs
[ 26%] Built target judas_navigation_backend
[ 31%] Built target judas_glad
[ 31%] Built target judas_profiler
[ 36%] Built target judas_audio_backend
[ 42%] Built target harfbuzz
[ 42%] Built target judas_materials
[ 42%] Building CXX object CMakeFiles/judas_engine.dir/src/WorldAnimation.cpp.o
[ 47%] Building CXX object CMakeFiles/judas_engine.dir/src/PoseComposition.cpp.o
/home/conner/Documents/GitHub/Project-Judas/src/WorldAnimation.cpp: In member function ‘bool RuntimeWorld::JointPose(EntityId, const std::string&, const std::string&, float, SceneTransform&)’:
/home/conner/Documents/GitHub/Project-Judas/src/WorldAnimation.cpp:85:2: warning: this ‘if’ clause does not guard... [-Wmisleading-indentation]
   85 |  if(space!="model"&&space!="world")return false;auto matrix=PoseGlobalMatrices(s,a->finalPose)[n];
      |  ^~
/home/conner/Documents/GitHub/Project-Judas/src/WorldAnimation.cpp:85:49: note: ...this statement, but the latter is misleadingly indented as if it were guarded by the ‘if’
   85 |  if(space!="model"&&space!="world")return false;auto matrix=PoseGlobalMatrices(s,a->finalPose)[n];
      |                                                 ^~~~
[ 47%] Building CXX object CMakeFiles/judas_engine.dir/src/WorldRagdoll.cpp.o
[ 47%] Building CXX object CMakeFiles/judas_engine.dir/src/WorldCharacter.cpp.o
[ 47%] Building CXX object CMakeFiles/judas_engine.dir/src/WorldStreaming.cpp.o
[ 47%] Building CXX object CMakeFiles/judas_engine.dir/src/WorldRegions.cpp.o
[ 47%] Building CXX object CMakeFiles/judas_engine.dir/src/WorldScripts.cpp.o
[ 47%] Building CXX object CMakeFiles/judas_engine.dir/src/RuntimeUI.cpp.o
[ 47%] Building CXX object CMakeFiles/judas_engine.dir/src/ScriptSystem.cpp.o
[ 47%] Building CXX object CMakeFiles/judas_engine.dir/src/Classification.cpp.o
[ 52%] Building CXX object CMakeFiles/judas_engine.dir/src/ProjectExporter.cpp.o
[ 52%] Building CXX object CMakeFiles/judas_engine.dir/src/WorldAudio.cpp.o
[ 52%] Building CXX object CMakeFiles/judas_engine.dir/src/Window.cpp.o
[ 52%] Building CXX object CMakeFiles/judas_engine.dir/src/CharacterMotor.cpp.o
[ 52%] Building CXX object CMakeFiles/judas_engine.dir/src/CollisionAuthoring.cpp.o
[ 57%] Building CXX object CMakeFiles/judas_engine.dir/src/ProductionFluidCoupling.cpp.o
[ 57%] Building CXX object CMakeFiles/judas_engine.dir/src/Prefab.cpp.o
[ 57%] Building CXX object CMakeFiles/judas_engine.dir/src/Scene.cpp.o
[ 57%] Building CXX object CMakeFiles/judas_engine.dir/src/Ragdoll.cpp.o
[ 57%] Building CXX object CMakeFiles/judas_engine.dir/src/SceneSerialization.cpp.o
[ 63%] Building CXX object CMakeFiles/judas_engine.dir/src/SceneFingerprint.cpp.o
[ 63%] Building CXX object CMakeFiles/judas_engine.dir/src/AssetDatabase.cpp.o
[ 63%] Building CXX object CMakeFiles/judas_engine.dir/src/ResourceManager.cpp.o
[ 63%] Building CXX object CMakeFiles/judas_engine.dir/src/WorldDebugView.cpp.o
/home/conner/Documents/GitHub/Project-Judas/src/ResourceManager.cpp:646:23: error: ISO C++ forbids declaration of ‘type name’ with no type [-fpermissive]
  646 | std::shared_ptr<const PhysicalMaterialAsset> ResourceManager::RequirePhysicalMaterial(const AssetId& id,std::string& error){
      |                       ^~~~~~~~~~~~~~~~~~~~~
/home/conner/Documents/GitHub/Project-Judas/src/ResourceManager.cpp:646:44: error: template argument 1 is invalid
  646 | std::shared_ptr<const PhysicalMaterialAsset> ResourceManager::RequirePhysicalMaterial(const AssetId& id,std::string& error){
      |                                            ^
/home/conner/Documents/GitHub/Project-Judas/src/ResourceManager.cpp:646:46: error: no declaration matches ‘int ResourceManager::RequirePhysicalMaterial(const AssetId&, std::string&)’
  646 | std::shared_ptr<const PhysicalMaterialAsset> ResourceManager::RequirePhysicalMaterial(const AssetId& id,std::string& error){
      |                                              ^~~~~~~~~~~~~~~
In file included from /home/conner/Documents/GitHub/Project-Judas/src/ResourceManager.cpp:3:
/home/conner/Documents/GitHub/Project-Judas/src/ResourceManager.h:124:45: note: candidate is: ‘std::shared_ptr<const PhysicalMaterial> ResourceManager::RequirePhysicalMaterial(const AssetId&, std::string&)’
  124 |     std::shared_ptr<const PhysicalMaterial> RequirePhysicalMaterial(const AssetId&,std::string& error);
      |                                             ^~~~~~~~~~~~~~~~~~~~~~~
/home/conner/Documents/GitHub/Project-Judas/src/ResourceManager.h:95:7: note: ‘class ResourceManager’ defined here
   95 | class ResourceManager {
      |       ^~~~~~~~~~~~~~~
gmake[3]: *** [CMakeFiles/judas_engine.dir/build.make:1325: CMakeFiles/judas_engine.dir/src/ResourceManager.cpp.o] Error 1
gmake[3]: *** Waiting for unfinished jobs....
gmake[2]: *** [CMakeFiles/Makefile2:890: CMakeFiles/judas_engine.dir/all] Error 2
gmake[1]: *** [CMakeFiles/Makefile2:7066: CMakeFiles/judas_developer_integration_tests.dir/rule] Error 2
gmake: *** [Makefile:2282: judas_developer_integration_tests] Error 2
