{
  "status": "PASS_RESTRICTED_PLANAR_IMPACT_REFERENCE",
  "cases": 2400,
  "failed_cases": [],
  "source_style_energy_gain_cases": 72,
  "max_errors": {
    "energy_identity": 1.2757515589541542e-15,
    "normal_budget": 3.9175548900033303e-16,
    "reflection": 0.0,
    "friction_positive": 0.0,
    "cone_excess": 2.2737367544323206e-13
  },
  "max_intervals": 5,
  "witness": {
    "mass": 1.0,
    "inertia": 0.6666666666666666,
    "lever_arm": [
      1,
      -1
    ],
    "normal_velocity": -1.0,
    "tangent_velocity": -0.1,
    "mu": 0.8,
    "e": 1.0,
    "initial_energy": 0.505,
    "source_style_10": {
      "impulse": [
        1.2124581065178743,
        -0.6874748639107247
      ],
      "velocity": [
        0.9999329704285989,
        -5.551115123125783e-17
      ],
      "energy_change": 0.03433310792192534,
      "final_energy": 0.5393331079219253
    },
    "source_style_100": {
      "impulse": [
        1.2125000000000001,
        -0.6875000000000001
      ],
      "velocity": [
        0.9999999999999998,
        0.0
      ],
      "energy_change": 0.034375000000000266,
      "final_energy": 0.5393750000000003
    },
    "energetic_reference": {
      "impulse": [
        1.17591114755877,
        -0.665546688535262
      ],
      "velocity": [
        0.941457836094032,
        -2.7755575615628914e-17
      ],
      "normal_work": 1.1102230246251565e-16,
      "friction_work": -0.0011428571428571427,
      "compression_energy": 0.27698214285714284,
      "energy_change": -0.0011428571428573342,
      "intervals": [
        {
          "phase": "compression",
          "reason": "slip_zero",
          "dnormal": 0.028571428571428574,
          "impulse": [
            0.028571428571428574,
            0.02285714285714286
          ],
          "before": [
            -1.0,
            -0.1
          ],
          "after": [
            -0.8942857142857142,
            0.0
          ],
          "normal_work": -0.02706122448979592,
          "friction_work": -0.0011428571428571432
        },
        {
          "phase": "compression",
          "reason": "compression_end",
          "dnormal": 0.5589285714285713,
          "impulse": [
            0.5589285714285713,
            -0.3353571428571428
          ],
          "before": [
            -0.8942857142857142,
            0.0
          ],
          "after": [
            -1.1102230246251565e-16,
            -2.7755575615628914e-17
          ],
          "normal_work": -0.24992091836734692,
          "friction_work": -9.308030536812695e-18
        },
        {
          "phase": "expansion",
          "reason": "expansion_end",
          "dnormal": 0.5884111475587701,
          "impulse": [
            0.5884111475587701,
            -0.35304668853526205
          ],
          "before": [
            -1.1102230246251565e-16,
            -2.7755575615628914e-17
          ],
          "after": [
            0.941457836094032,
            -2.7755575615628914e-17
          ],
          "normal_work": 0.27698214285714295,
          "friction_work": 9.799014059487855e-18
        }
      ],
      "final_energy": 0.5038571428571427
    }
  },
  "scope": "Single planar off-centre contact, stationary boundary or equivalent SPD 2x2 mobility. Energetic restitution is a constitutive change; no general 3D tangential turn, multi-contact friction, production or event-progress claim.",
  "runtime_s": 1.7634372399999165
}
