libEGL warning: Not allowed to force software rendering when API explicitly selects a hardware device.
M31 resource stress: generating 24 sphere meshes (160x160) and 16 1024x1024 textures under /tmp/judas_m31_stress_4356
  137.5 MB of asset files
  7 workers, scene 'Tiny game' playing (3 dynamic bodies)
  async: all 40 assets Ready after 0.69 s; per-asset latency (request->Ready) min 185 ms avg 484 ms max 684 ms; 40 uploads; resident 211.9 MB (peak 211.9 MB)
  cancel: 20 loads cancelled by dropped demand, 10 stale completions discarded, 20 ready, 0 loading
  evict: budget 53.2 MB -> resident 106.4 MB before, 85.3 MB after, 4 evictions; referenced textures survived: yes
  reload: 4 evicted meshes re-requested and Ready again after 0.12 s
  blocking: all 40 assets loaded on the main thread in 1.48 s (one per frame)

Per-phase main-thread measurements (frame = pump + play frame + swap; 60 Hz fixed step):
  baseline (no loads)          frames  120 | frame avg   5.23 ms p99  36.28 ms max  243.19 ms (pump max   0.00 ms) | >33 ms:   2 | fixed steps    33 (expected ~   41, 1 saturated) | queue max  0 avg   0.0 | worker util   0.0% | jobs done 0
  async load (40 assets)       frames   29 | frame avg  23.02 ms p99  96.15 ms max   96.15 ms (pump max  45.47 ms) | >33 ms:   6 | fixed steps    41 (expected ~   41, 1 saturated) | queue max 33 avg  13.3 | worker util  69.7% | jobs done 40
  cancel + release             frames    1 | frame avg   1.58 ms p99   1.58 ms max    1.58 ms (pump max   0.13 ms) | >33 ms:   0 | fixed steps     0 (expected ~    0, 0 saturated) | queue max  3 avg   3.0 | worker util  13.4% | jobs done 0
  evict + reload               frames   16 | frame avg   7.29 ms p99  59.99 ms max   59.99 ms (pump max   5.28 ms) | >33 ms:   2 | fixed steps     8 (expected ~    7, 0 saturated) | queue max  4 avg   1.1 | worker util  45.6% | jobs done 4
  BLOCKING load (40 assets)    frames   40 | frame avg  36.61 ms p99  54.56 ms max   54.56 ms (pump max   0.00 ms) | >33 ms:  24 | fixed steps    90 (expected ~   89, 0 saturated) | queue max  0 avg   0.0 | worker util   0.0% | jobs done 0

Claim under test: expensive resource preparation no longer forces the main thread to wait for the whole operation.
  async  : worst frame   96.15 ms,   6 frames over 33 ms, 1 saturated catch-up frames, wall 0.69 s
  blocking: worst frame   54.56 ms,  24 frames over 33 ms, 0 saturated catch-up frames, wall 1.48 s
  (the work itself is not free: worker busy time during the async phase was 3.34 s across 7 workers)

shutdown clean (resources, workers, renderer, window in that order); temporary project removed
