libEGL warning: Not allowed to force software rendering when API explicitly selects a hardware device.
M31 resource stress: generating 24 sphere meshes (160x160) and 16 1024x1024 textures under /tmp/judas_m31_stress_6228
  137.5 MB of asset files
  7 workers, scene 'Tiny game' playing (3 dynamic bodies)
  async: all 40 assets Ready after 0.74 s; per-asset latency (request->Ready) min 155 ms avg 508 ms max 736 ms; 40 uploads; resident 211.9 MB (peak 211.9 MB)
  cancel: 20 loads cancelled by dropped demand, 9 stale completions discarded, 20 ready, 0 loading
  evict: budget 53.2 MB -> resident 106.4 MB before, 85.3 MB after, 4 evictions; referenced textures survived: yes
  reload: 4 evicted meshes re-requested and Ready again after 0.16 s
  blocking: all 40 assets loaded on the main thread in 1.57 s (one per frame)

Per-phase main-thread measurements (frame = pump + play frame + swap; 60 Hz fixed step):
  baseline (no loads)          frames  120 | frame avg   6.55 ms p99  50.68 ms max  249.50 ms (pump max   0.00 ms) | >33 ms:  10 | fixed steps    40 (expected ~   50, 1 saturated) | queue max  0 avg   0.0 | worker util   0.0% | jobs done 0
  async load (40 assets)       frames   38 | frame avg  17.95 ms p99 119.24 ms max  119.24 ms (pump max  31.99 ms) | >33 ms:   7 | fixed steps    46 (expected ~   44, 1 saturated) | queue max 37 avg  18.4 | worker util  72.8% | jobs done 40
  cancel + release             frames    1 | frame avg   2.04 ms p99   2.04 ms max    2.04 ms (pump max   0.08 ms) | >33 ms:   0 | fixed steps     0 (expected ~    0, 0 saturated) | queue max  3 avg   3.0 | worker util   7.9% | jobs done 0
  evict + reload               frames   22 | frame avg   6.86 ms p99  87.51 ms max   87.51 ms (pump max   6.14 ms) | >33 ms:   2 | fixed steps    10 (expected ~   10, 0 saturated) | queue max  0 avg   0.0 | worker util  32.6% | jobs done 4
  BLOCKING load (40 assets)    frames   40 | frame avg  38.66 ms p99  50.97 ms max   50.97 ms (pump max   0.00 ms) | >33 ms:  25 | fixed steps    95 (expected ~   94, 0 saturated) | queue max  0 avg   0.0 | worker util   0.0% | jobs done 0

Claim under test: expensive resource preparation no longer forces the main thread to wait for the whole operation.
  async  : worst frame  119.24 ms,   7 frames over 33 ms, 1 saturated catch-up frames, wall 0.74 s
  blocking: worst frame   50.97 ms,  25 frames over 33 ms, 0 saturated catch-up frames, wall 1.57 s
  (the work itself is not free: worker busy time during the async phase was 3.76 s across 7 workers)

shutdown clean (resources, workers, renderer, window in that order); temporary project removed
