[  0%] Built target judas_glad
[  5%] Built target judas_rigid_contact_tests
[  5%] Built target judas_imgui
[  8%] Built target judas_physics_tests
[ 11%] Built target judas_broadphase_tests
[ 11%] Built target judas_asset_tests
[ 11%] Building CXX object CMakeFiles/judas_collision_tests.dir/src/ImpactSolver.cpp.o
[ 11%] Building CXX object CMakeFiles/judas_celestial_gravity_tests.dir/src/CelestialGravity.cpp.o
[ 11%] Building CXX object CMakeFiles/judas_pilot_attachment_tests.dir/src/PilotAttachment.cpp.o
[ 11%] Building CXX object CMakeFiles/judas_step_climb_tests.dir/src/PhysicsWorld.cpp.o
[ 12%] Building CXX object CMakeFiles/judas_celestial_gravity_tests.dir/src/PhysicsWorld.cpp.o
[ 12%] Building CXX object CMakeFiles/judas_pilot_attachment_tests.dir/tests/PilotAttachmentTests.cpp.o
[ 12%] Linking CXX executable judas_collision_tests
[ 15%] Built target judas_collision_tests
[ 15%] Building CXX object CMakeFiles/judas_step_climb_tests.dir/src/StepClimb.cpp.o
[ 15%] Linking CXX executable judas_pilot_attachment_tests
[ 15%] Built target judas_pilot_attachment_tests
[ 15%] Building CXX object CMakeFiles/judas_pilot_dismount_tests.dir/src/PhysicsWorld.cpp.o
[ 15%] Building CXX object CMakeFiles/judas_step_climb_tests.dir/tests/StepClimbTests.cpp.o
[ 15%] Building CXX object CMakeFiles/judas_spacecraft_control_tests.dir/src/FlyingPrimitiveControl.cpp.o
[ 15%] Building CXX object CMakeFiles/judas_spacecraft_control_tests.dir/src/PhysicsWorld.cpp.o
[ 16%] Building CXX object CMakeFiles/judas_step_climb_tests.dir/src/ImpactSolver.cpp.o
[ 16%] Building CXX object CMakeFiles/judas_celestial_gravity_tests.dir/tests/CelestialGravityTests.cpp.o
[ 16%] Linking CXX executable judas_step_climb_tests
[ 17%] Built target judas_step_climb_tests
[ 18%] Building CXX object CMakeFiles/judas_pilot_dismount_tests.dir/src/PilotAttachment.cpp.o
[ 18%] Building CXX object CMakeFiles/judas_pilot_dismount_tests.dir/tests/PilotDismountTests.cpp.o
[ 18%] Building CXX object CMakeFiles/judas_celestial_gravity_tests.dir/src/ImpactSolver.cpp.o
[ 18%] Building CXX object CMakeFiles/judas_pilot_dismount_tests.dir/src/ImpactSolver.cpp.o
[ 18%] Building CXX object CMakeFiles/judas_spacecraft_control_tests.dir/tests/SpacecraftControlTests.cpp.o
[ 18%] Linking CXX executable judas_celestial_gravity_tests
[ 19%] Built target judas_celestial_gravity_tests
[ 19%] Building CXX object CMakeFiles/judas_spacecraft_flight_tests.dir/src/CelestialGravity.cpp.o
[ 19%] Linking CXX executable judas_pilot_dismount_tests
[ 20%] Built target judas_pilot_dismount_tests
[ 21%] Building CXX object CMakeFiles/judas_spacecraft_flight_tests.dir/src/FlyingPrimitiveControl.cpp.o
[ 22%] Building CXX object CMakeFiles/judas_spacecraft_flight_tests.dir/src/PhysicsWorld.cpp.o
[ 22%] Building CXX object CMakeFiles/judas_spacecraft_control_tests.dir/src/ImpactSolver.cpp.o
[ 22%] Building CXX object CMakeFiles/judas_spacecraft_flight_tests.dir/tests/SpacecraftFlightTests.cpp.o
[ 22%] Building CXX object CMakeFiles/judas_spacecraft_flight_tests.dir/src/ImpactSolver.cpp.o
[ 22%] Linking CXX executable judas_spacecraft_control_tests
[ 24%] Built target judas_spacecraft_control_tests
[ 24%] Building CXX object CMakeFiles/judas_reference_frame_tests.dir/src/PhysicsWorld.cpp.o
[ 24%] Building CXX object CMakeFiles/judas_reference_frame_tests.dir/src/PilotAttachment.cpp.o
[ 25%] Built target judas_ui_tests
[ 27%] Built target judas_lighting_tests
[ 28%] Built target judas_shadow_tests
[ 29%] Building CXX object CMakeFiles/judas_reference_frame_tests.dir/tests/ReferenceFrameTests.cpp.o
[ 29%] Building CXX object CMakeFiles/judas_interactable_tests.dir/src/Door.cpp.o
[ 29%] Building CXX object CMakeFiles/judas_reference_frame_tests.dir/src/ImpactSolver.cpp.o
[ 29%] Building CXX object CMakeFiles/judas_interactable_tests.dir/src/PhysicsWorld.cpp.o
[ 30%] Building CXX object CMakeFiles/judas_interactable_tests.dir/tests/InteractableTests.cpp.o
[ 31%] Building CXX object CMakeFiles/judas_interactable_tests.dir/src/ImpactSolver.cpp.o
[ 31%] Linking CXX executable judas_spacecraft_flight_tests
[ 32%] Built target judas_spacecraft_flight_tests
[ 33%] Built target judas_player_view_tests
[ 34%] Building CXX object CMakeFiles/judas_object_manipulation_tests.dir/src/DynamicBody.cpp.o
[ 34%] Building CXX object CMakeFiles/judas_player_curved_locomotion_tests.dir/src/FlyingPrimitiveControl.cpp.o
[ 34%] Building CXX object CMakeFiles/judas_object_manipulation_tests.dir/src/ObjectManipulation.cpp.o
[ 34%] Building CXX object CMakeFiles/judas_object_manipulation_tests.dir/src/PhysicsWorld.cpp.o
[ 34%] Building CXX object CMakeFiles/judas_player_curved_locomotion_tests.dir/src/PhysicsWorld.cpp.o
[ 34%] Linking CXX executable judas_reference_frame_tests
[ 36%] Built target judas_reference_frame_tests
[ 37%] Building CXX object CMakeFiles/judas_player_curved_locomotion_tests.dir/src/PilotAttachment.cpp.o
[ 37%] Building CXX object CMakeFiles/judas_player_curved_locomotion_tests.dir/src/PilotControl.cpp.o
[ 37%] Building CXX object CMakeFiles/judas_object_manipulation_tests.dir/tests/ObjectManipulationTests.cpp.o
[ 37%] Linking CXX executable judas_interactable_tests
[ 37%] Building CXX object CMakeFiles/judas_object_manipulation_tests.dir/src/ImpactSolver.cpp.o
[ 39%] Built target judas_interactable_tests
[ 39%] Building CXX object CMakeFiles/judas_world_coordinates_tests.dir/src/CelestialGravity.cpp.o
[ 39%] Building CXX object CMakeFiles/judas_world_coordinates_tests.dir/src/DynamicBody.cpp.o
[ 39%] Building CXX object CMakeFiles/judas_compound_body_tests.dir/src/PhysicsWorld.cpp.o
[ 39%] Building CXX object CMakeFiles/judas_world_coordinates_tests.dir/src/FlyingPrimitiveControl.cpp.o
[ 39%] Building CXX object CMakeFiles/judas_world_coordinates_tests.dir/src/ObjectManipulation.cpp.o
[ 39%] Building CXX object CMakeFiles/judas_world_coordinates_tests.dir/src/PhysicsWorld.cpp.o
[ 40%] Linking CXX executable judas_object_manipulation_tests
[ 42%] Built target judas_object_manipulation_tests
[ 42%] Building CXX object CMakeFiles/judas_compound_body_tests.dir/tests/CompoundBodyTests.cpp.o
[ 42%] Building CXX object CMakeFiles/judas_player_curved_locomotion_tests.dir/src/PlayerController.cpp.o
[ 42%] Building CXX object CMakeFiles/judas_compound_body_tests.dir/src/ImpactSolver.cpp.o
[ 42%] Building CXX object CMakeFiles/judas_fluid_world_tests.dir/src/FluidWorld.cpp.o
[ 42%] Building CXX object CMakeFiles/judas_player_curved_locomotion_tests.dir/src/StepClimb.cpp.o
[ 43%] Building CXX object CMakeFiles/judas_player_curved_locomotion_tests.dir/tests/PlayerCurvedLocomotionTests.cpp.o
[ 43%] Linking CXX executable judas_compound_body_tests
[ 45%] Built target judas_compound_body_tests
[ 45%] Building CXX object CMakeFiles/judas_fluid_rigid_coupling_tests.dir/src/DynamicBody.cpp.o
[ 46%] Building CXX object CMakeFiles/judas_fluid_world_tests.dir/src/PhysicsWorld.cpp.o
[ 46%] Building CXX object CMakeFiles/judas_fluid_rigid_coupling_tests.dir/src/FluidWorld.cpp.o
[ 47%] Building CXX object CMakeFiles/judas_player_curved_locomotion_tests.dir/src/ImpactSolver.cpp.o
[ 47%] Linking CXX executable judas_player_curved_locomotion_tests
[ 48%] Built target judas_player_curved_locomotion_tests
[ 48%] Building CXX object CMakeFiles/judas_world_coordinates_tests.dir/src/PlayerController.cpp.o
[ 48%] Built target judas_fluid_surface_tests
[ 49%] Building CXX object CMakeFiles/judas_fluid_rigid_coupling_tests.dir/src/ObjectManipulation.cpp.o
[ 49%] Building CXX object CMakeFiles/judas_world_coordinates_tests.dir/src/StepClimb.cpp.o
[ 50%] Building CXX object CMakeFiles/judas_fluid_rigid_coupling_tests.dir/src/PhysicsWorld.cpp.o
[ 50%] Building CXX object CMakeFiles/judas_world_coordinates_tests.dir/tests/WorldCoordinatesTests.cpp.o
[ 51%] Building CXX object CMakeFiles/judas_world_coordinates_tests.dir/src/ImpactSolver.cpp.o
[ 51%] Building CXX object CMakeFiles/judas_terrain_physics_tests.dir/src/PhysicsWorld.cpp.o
[ 51%] Linking CXX executable judas_world_coordinates_tests
[ 55%] Built target judas_world_coordinates_tests
[ 55%] Building CXX object CMakeFiles/judas_fluid_rigid_coupling_tests.dir/tests/FluidRigidCouplingTests.cpp.o
[ 56%] Building CXX object CMakeFiles/judas_fluid_world_tests.dir/tests/FluidWorldTests.cpp.o
[ 56%] Building CXX object CMakeFiles/judas_fluid_rigid_coupling_tests.dir/src/ImpactSolver.cpp.o
[ 56%] Building CXX object CMakeFiles/judas_fluid_world_tests.dir/src/ImpactSolver.cpp.o
[ 56%] Building CXX object CMakeFiles/judas_terrain_fluid_tests.dir/src/FluidWorld.cpp.o
[ 56%] Linking CXX executable judas_fluid_world_tests
[ 58%] Built target judas_fluid_world_tests
[ 59%] Built target judas_atmosphere_tests
[ 59%] Building CXX object CMakeFiles/judas_atmospheric_flight_tests.dir/src/AerodynamicDrag.cpp.o
[ 59%] Linking CXX executable judas_fluid_rigid_coupling_tests
[ 59%] Building CXX object CMakeFiles/judas_atmospheric_flight_tests.dir/src/CelestialGravity.cpp.o
[ 60%] Built target judas_fluid_rigid_coupling_tests
[ 61%] Building CXX object CMakeFiles/judas_terrain_fluid_tests.dir/src/PhysicsWorld.cpp.o
[ 62%] Building CXX object CMakeFiles/judas_terrain_fluid_tests.dir/tests/TerrainFluidTests.cpp.o
[ 62%] Building CXX object CMakeFiles/judas_atmospheric_flight_tests.dir/src/DynamicBody.cpp.o
[ 62%] Building CXX object CMakeFiles/judas_atmospheric_flight_tests.dir/src/FlyingPrimitiveControl.cpp.o
[ 62%] Building CXX object CMakeFiles/judas_combustion_tests.dir/src/CelestialGravity.cpp.o
[ 62%] Building CXX object CMakeFiles/judas_terrain_physics_tests.dir/src/PlayerController.cpp.o
[ 62%] Building CXX object CMakeFiles/judas_combustion_tests.dir/src/CombustionWorld.cpp.o
[ 62%] Building CXX object CMakeFiles/judas_atmospheric_flight_tests.dir/src/PhysicsWorld.cpp.o
[ 63%] Building CXX object CMakeFiles/judas_combustion_tests.dir/src/FlyingPrimitiveControl.cpp.o
[ 63%] Building CXX object CMakeFiles/judas_terrain_physics_tests.dir/src/StepClimb.cpp.o
[ 63%] Building CXX object CMakeFiles/judas_terrain_physics_tests.dir/tests/TerrainPhysicsTests.cpp.o
[ 64%] Building CXX object CMakeFiles/judas_combustion_tests.dir/src/PhysicsWorld.cpp.o
[ 64%] Building CXX object CMakeFiles/judas_terrain_physics_tests.dir/src/ImpactSolver.cpp.o
[ 64%] Building CXX object CMakeFiles/judas_terrain_fluid_tests.dir/src/ImpactSolver.cpp.o
[ 64%] Linking CXX executable judas_terrain_physics_tests
[ 67%] Built target judas_terrain_physics_tests
[ 81%] Built target judas_engine
[ 81%] Building CXX object CMakeFiles/judas_atmospheric_flight_tests.dir/tests/AtmosphericFlightTests.cpp.o
[ 81%] Linking CXX executable judas_terrain_fluid_tests
[ 83%] Built target judas_terrain_fluid_tests
[ 84%] Building CXX object CMakeFiles/judas_atmospheric_flight_tests.dir/src/ImpactSolver.cpp.o
[ 84%] Building CXX object CMakeFiles/judas_combustion_tests.dir/tests/CombustionTests.cpp.o
[ 84%] Building CXX object CMakeFiles/judas.dir/src/Application.cpp.o
[ 84%] Linking CXX executable judas_atmospheric_flight_tests
[ 86%] Built target judas_atmospheric_flight_tests
[ 86%] Building CXX object CMakeFiles/judas_editor.dir/src/editor/ComponentEditors.cpp.o
[ 86%] Building CXX object CMakeFiles/judas_combustion_tests.dir/src/ImpactSolver.cpp.o
[ 86%] Building CXX object CMakeFiles/judas_editor.dir/src/editor/EditorApplication.cpp.o
[ 86%] Building CXX object CMakeFiles/judas_scene_author.dir/tools/SceneAuthor.cpp.o
[ 86%] Building CXX object CMakeFiles/judas.dir/src/RuntimeDiagnostics.cpp.o
[ 86%] Linking CXX executable judas_combustion_tests
[ 88%] Built target judas_combustion_tests
[ 88%] Building CXX object CMakeFiles/judas_resource_stress.dir/tools/ResourceStress.cpp.o
[ 88%] Building CXX object CMakeFiles/judas.dir/src/TestHarness.cpp.o
[ 88%] Linking CXX executable judas_scene_author
[ 88%] Built target judas_scene_author
[ 88%] Building CXX object CMakeFiles/judas_scene_tests.dir/tests/SceneTests.cpp.o
[ 89%] Linking CXX executable judas
[ 89%] Built target judas
[ 89%] Building CXX object CMakeFiles/judas_editor.dir/src/editor/EditorMain.cpp.o
[ 90%] Building CXX object CMakeFiles/judas_editor.dir/src/editor/EditorPanels.cpp.o
[ 90%] Linking CXX executable judas_resource_stress
[ 90%] Built target judas_resource_stress
[ 90%] Built target judas_lifecycle_tests
[ 90%] Building CXX object CMakeFiles/judas_project_tests.dir/tests/ProjectTests.cpp.o
[ 90%] Linking CXX executable judas_scene_tests
[ 90%] Built target judas_scene_tests
[ 91%] Linking CXX executable judas_job_tests
[ 91%] Built target judas_job_tests
[ 92%] Linking CXX executable judas_scene_fingerprint_tests
[ 92%] Built target judas_scene_fingerprint_tests
[ 92%] Building CXX object CMakeFiles/judas_world_state_tests.dir/tests/WorldStateTests.cpp.o
[ 92%] Building CXX object CMakeFiles/judas_async_application_tests.dir/src/Application.cpp.o
[ 92%] Linking CXX executable judas_editor
[ 92%] Built target judas_editor
[ 92%] Building CXX object CMakeFiles/judas_uniform_gravity_scene_tests.dir/tests/UniformGravitySceneTests.cpp.o
[ 92%] Building CXX object CMakeFiles/judas_async_application_tests.dir/src/RuntimeDiagnostics.cpp.o
[ 92%] Linking CXX executable judas_project_tests
[ 92%] Built target judas_project_tests
[ 93%] Built target judas_contact_geometry_tests
[ 93%] Building CXX object CMakeFiles/judas_async_application_tests.dir/src/TestHarness.cpp.o
[ 94%] Building CXX object CMakeFiles/judas_async_application_tests.dir/tests/AsyncApplicationTests.cpp.o
[ 94%] Built target judas_contact_lifecycle_tests
[ 94%] Built target judas_contact_cache_tests
[ 95%] Linking CXX executable judas_world_state_tests
[ 96%] Built target judas_contact_storage_tests
[ 97%] Built target judas_timing_defect_probe
[ 97%] Built target judas_rigid_motion_tests
[ 97%] Building CXX object CMakeFiles/judas_poisson_policy_witness.dir/tests/PoissonPolicyWitness.cpp.o
[ 97%] Built target judas_world_state_tests
[ 97%] Built target judas_impact_solver_tests
[ 97%] Built target judas_impact_timing_tests
[ 98%] Linking CXX executable judas_uniform_gravity_scene_tests
[ 98%] Built target judas_uniform_gravity_scene_tests
[ 99%] Linking CXX executable judas_poisson_policy_witness
[ 99%] Built target judas_poisson_policy_witness
[100%] Linking CXX executable judas_async_application_tests
[100%] Built target judas_async_application_tests
