[96mdocs/judasjs/examples/localization.js[0m:[93m3[0m:[93m16[0m - [91merror[0m[90m TS2307: [0mCannot find module 'node:fs' or its corresponding type declarations.

[7m3[0m import fs from 'node:fs';
[7m [0m [91m               ~~~~~~~~~[0m
[96mdocs/judasjs/examples/localization.js[0m:[93m4[0m:[93m18[0m - [91merror[0m[90m TS2307: [0mCannot find module 'node:path' or its corresponding type declarations.

[7m4[0m import path from 'node:path';
[7m [0m [91m                 ~~~~~~~~~~~[0m
[96mdocs/judasjs/examples/localization.js[0m:[93m5[0m:[93m29[0m - [91merror[0m[90m TS2307: [0mCannot find module 'node:module' or its corresponding type declarations.

[7m5[0m import {createRequire} from 'node:module';
[7m [0m [91m                            ~~~~~~~~~~~~~[0m
[96mdocs/judasjs/examples/localization.js[0m:[93m6[0m:[93m41[0m - [91merror[0m[90m TS2339: [0mProperty 'url' does not exist on type 'ImportMeta'.

[7m6[0m const require=createRequire(import.meta.url);
[7m [0m [91m                                        ~~~[0m
[96mdocs/judasjs/examples/localization.js[0m:[93m7[0m:[93m12[0m - [91merror[0m[90m TS2580: [0mCannot find name 'process'. Do you need to install type definitions for node? Try `npm i --save-dev @types/node`.

[7m7[0m const args=process.argv.slice(2);
[7m [0m [91m           ~~~~~~~[0m
[96mdocs/judasjs/examples/localization.js[0m:[93m8[0m:[93m14[0m - [91merror[0m[90m TS7006: [0mParameter 'n' implicitly has an 'any' type.

[7m8[0m const option=n=>{const i=args.indexOf(n);return i<0?undefined:args[i+1];};
[7m [0m [91m             ~[0m
[96mdocs/judasjs/examples/localization.js[0m:[93m9[0m:[93m42[0m - [91merror[0m[90m TS2580: [0mCannot find name 'process'. Do you need to install type definitions for node? Try `npm i --save-dev @types/node`.

[7m9[0m const ts=require(option('--typescript')||process.env.JUDAS_TYPESCRIPT||'typescript');
[7m [0m [91m                                         ~~~~~~~[0m
[96mdocs/judasjs/examples/localization.js[0m:[93m10[0m:[93m42[0m - [91merror[0m[90m TS2304: [0mCannot find name 'URL'.

[7m10[0m const root=path.resolve(path.dirname(new URL(import.meta.url).pathname),'..');
[7m  [0m [91m                                         ~~~[0m
[96mdocs/judasjs/examples/localization.js[0m:[93m10[0m:[93m58[0m - [91merror[0m[90m TS2339: [0mProperty 'url' does not exist on type 'ImportMeta'.

[7m10[0m const root=path.resolve(path.dirname(new URL(import.meta.url).pathname),'..');
[7m  [0m [91m                                                         ~~~[0m
[96mdocs/judasjs/examples/localization.js[0m:[93m14[0m:[93m14[0m - [91merror[0m[90m TS7006: [0mParameter 'name' implicitly has an 'any' type.

[7m14[0m const parse=(name,text,kind)=>ts.createSourceFile(name,text,ts.ScriptTarget.ES2020,true,kind);
[7m  [0m [91m             ~~~~[0m
[96mdocs/judasjs/examples/localization.js[0m:[93m14[0m:[93m19[0m - [91merror[0m[90m TS7006: [0mParameter 'text' implicitly has an 'any' type.

[7m14[0m const parse=(name,text,kind)=>ts.createSourceFile(name,text,ts.ScriptTarget.ES2020,true,kind);
[7m  [0m [91m                  ~~~~[0m
[96mdocs/judasjs/examples/localization.js[0m:[93m14[0m:[93m24[0m - [91merror[0m[90m TS7006: [0mParameter 'kind' implicitly has an 'any' type.

[7m14[0m const parse=(name,text,kind)=>ts.createSourceFile(name,text,ts.ScriptTarget.ES2020,true,kind);
[7m  [0m [91m                       ~~~~[0m
[96mdocs/judasjs/examples/localization.js[0m:[93m19[0m:[93m12[0m - [91merror[0m[90m TS7006: [0mParameter 'n' implicitly has an 'any' type.

[7m19[0m const name=n=>n?.text??n?.getText();
[7m  [0m [91m           ~[0m
[96mdocs/judasjs/examples/localization.js[0m:[93m20[0m:[93m15[0m - [91merror[0m[90m TS7006: [0mParameter 'map' implicitly has an 'any' type.

[7m20[0m const insert=(map,key,kind,ops=[],loc=null)=>{
[7m  [0m [91m              ~~~[0m
[96mdocs/judasjs/examples/localization.js[0m:[93m20[0m:[93m19[0m - [91merror[0m[90m TS7006: [0mParameter 'key' implicitly has an 'any' type.

[7m20[0m const insert=(map,key,kind,ops=[],loc=null)=>{
[7m  [0m [91m                  ~~~[0m
[96mdocs/judasjs/examples/localization.js[0m:[93m20[0m:[93m23[0m - [91merror[0m[90m TS7006: [0mParameter 'kind' implicitly has an 'any' type.

[7m20[0m const insert=(map,key,kind,ops=[],loc=null)=>{
[7m  [0m [91m                      ~~~~[0m
[96mdocs/judasjs/examples/localization.js[0m:[93m20[0m:[93m28[0m - [91merror[0m[90m TS7006: [0mParameter 'ops' implicitly has an 'any[]' type.

[7m20[0m const insert=(map,key,kind,ops=[],loc=null)=>{
[7m  [0m [91m                           ~~~~~~[0m
[96mdocs/judasjs/examples/localization.js[0m:[93m21[0m:[93m68[0m - [91merror[0m[90m TS2339: [0mProperty 'getSourceFile' does not exist on type 'never'.

[7m21[0m  const v=map.get(key)||{symbol:key,kinds:[],native:[],line:loc?loc.getSourceFile().getLineAndCharacterOfPosition(loc.getStart()).line+1:0};
[7m  [0m [91m                                                                   ~~~~~~~~~~~~~[0m
[96mdocs/judasjs/examples/localization.js[0m:[93m21[0m:[93m118[0m - [91merror[0m[90m TS2339: [0mProperty 'getStart' does not exist on type 'never'.

[7m21[0m  const v=map.get(key)||{symbol:key,kinds:[],native:[],line:loc?loc.getSourceFile().getLineAndCharacterOfPosition(loc.getStart()).line+1:0};
[7m  [0m [91m                                                                                                                     ~~~~~~~~[0m
[96mdocs/judasjs/examples/localization.js[0m:[93m25[0m:[93m11[0m - [91merror[0m[90m TS7006: [0mParameter 'n' implicitly has an 'any' type.

[7m25[0m const ops=n=>[...n.getText().matchAll(/call\(['"]([^'"]+)['"]/g)].map(m=>m[1]);
[7m  [0m [91m          ~[0m
[96mdocs/judasjs/examples/localization.js[0m:[93m26[0m:[93m25[0m - [91merror[0m[90m TS7006: [0mParameter 'parent' implicitly has an 'any' type.

[7m26[0m function runtimeMembers(parent,members){for(const m of members){
[7m  [0m [91m                        ~~~~~~[0m
[96mdocs/judasjs/examples/localization.js[0m:[93m26[0m:[93m32[0m - [91merror[0m[90m TS7006: [0mParameter 'members' implicitly has an 'any' type.

[7m26[0m function runtimeMembers(parent,members){for(const m of members){
[7m  [0m [91m                               ~~~~~~~[0m
[96mdocs/judasjs/examples/localization.js[0m:[93m30[0m:[93m15[0m - [91merror[0m[90m TS7006: [0mParameter 'n' implicitly has an 'any' type.

[7m30[0m   const visit=n=>{if(ts.isBinaryExpression(n)&&n.operatorToken.kind===ts.SyntaxKind.EqualsToken&&ts.isPropertyAccessExpression(n.left)&&n.left.expression.kind===ts.SyntaxKind.ThisKeyword)insert(runtime,parent+'.'+n.left.name.text,'field',[],n);ts.forEachChild(n,visit);};visit(m);continue;
[7m  [0m [91m              ~[0m
[96mdocs/judasjs/examples/localization.js[0m:[93m35[0m:[93m53[0m - [91merror[0m[90m TS7006: [0mParameter 'm' implicitly has an 'any' type.

[7m35[0m for(const n of rt.statements){if(!n.modifiers?.some(m=>m.kind===ts.SyntaxKind.ExportKeyword))continue;
[7m  [0m [91m                                                    ~[0m
[96mdocs/judasjs/examples/localization.js[0m:[93m42[0m:[93m23[0m - [91merror[0m[90m TS7006: [0mParameter 'nodes' implicitly has an 'any' type.

[7m42[0m function declarations(nodes){for(const n of nodes){
[7m  [0m [91m                      ~~~~~[0m
[96mdocs/judasjs/examples/localization.js[0m:[93m46[0m:[93m212[0m - [91merror[0m[90m TS7006: [0mParameter 'x' implicitly has an 'any' type.

[7m46[0m  if(ts.isConstructorDeclaration(m)||ts.isMethodDeclaration(m))kind='call';else if(ts.isGetAccessor(m))kind='get';else if(ts.isSetAccessor(m))kind='set';else if(ts.isPropertyDeclaration(m))kind=m.modifiers?.some(x=>x.kind===ts.SyntaxKind.ReadonlyKeyword)?'get':'field';else throw Error('Unhandled declaration');insert(types,parent+'.'+key,kind,[],m);}}
[7m  [0m [91m                                                                                                                                                                                                                   ~[0m
[96mdocs/judasjs/examples/localization.js[0m:[93m48[0m:[93m388[0m - [91merror[0m[90m TS7006: [0mParameter 'x' implicitly has an 'any' type.

[7m48[0m  else if(ts.isVariableStatement(n))for(const d of n.declarationList.declarations){const parent=name(d.name);if(!ts.isTypeLiteralNode(d.type))throw Error('Namespace needs explicit type literal: '+parent);insert(types,parent,'namespace',[],d);for(const m of d.type.members)insert(types,parent+'.'+name(m.name),(ts.isMethodSignature(m)||ts.isTypeQueryNode(m.type))?'call':m.modifiers?.some(x=>x.kind===ts.SyntaxKind.ReadonlyKeyword)?'get':'field',[],m);}
[7m  [0m [91m                                                                                                                                                                                                                                                                                                                                                                                                   ~[0m
[96mdocs/judasjs/examples/localization.js[0m:[93m52[0m:[93m17[0m - [91merror[0m[90m TS7006: [0mParameter 'k' implicitly has an 'any' type.

[7m52[0m const abilities=k=>k.includes('field')?['get','set']:k.slice().sort();
[7m  [0m [91m                ~[0m
[96mdocs/judasjs/examples/localization.js[0m:[93m60[0m:[93m205[0m - [91merror[0m[90m TS7053: [0mElement implicitly has an 'any' type because expression of type 'any' can't be used to index type '{ localization: string; Material: string; profiler: string; LiquidVolume: string; liquid: string; NavigationAgent: string; navigation: string; Entity: string; entity: string; world: string; Character: string; ... 11 more ...; ui: string; }'.

[7m60[0m  const page=['world.appearance','world.setAppearance','Entity.material'].includes(k)?'materials.md':['world.setView','world.clearView','world.viewRay','world.fluidSample'].includes(k)?'effects-camera.md':pages[k.split('.')[0]];
[7m  [0m [91m                                                                                                                                                                                                            ~~~~~~~~~~~~~~~~~~~~~~[0m
[96mdocs/judasjs/examples/localization.js[0m:[93m66[0m:[93m71[0m - [91merror[0m[90m TS7006: [0mParameter 'n' implicitly has an 'any' type.

[7m66[0m  const rows=schema.symbols.map(s=>`| \`${s.symbol}\` | ${s.native.map(n=>'`'+n+'`').join(', ')||'JS wrapper/data'} | [declaration](../judas.d.ts) | [reference](${path.basename(s.reference)}) |`);
[7m  [0m [91m                                                                      ~[0m
[96mdocs/judasjs/examples/localization.js[0m:[93m69[0m:[93m23[0m - [91merror[0m[90m TS7006: [0mParameter 'declarations' implicitly has an 'any' type.

[7m69[0m function checkSurface(declarations){
[7m  [0m [91m                      ~~~~~~~~~~~~[0m
[96mdocs/judasjs/examples/localization.js[0m:[93m86[0m:[93m49[0m - [91merror[0m[90m TS7006: [0mParameter 'n' implicitly has an 'any' type.

[7m86[0m const callbackInterface=decl.statements.flatMap(n=>ts.isModuleDeclaration(n)?n.body.statements:[]).find(n=>ts.isInterfaceDeclaration(n)&&name(n.name)==='ScriptBehaviour');
[7m  [0m [91m                                                ~[0m
[96mdocs/judasjs/examples/localization.js[0m:[93m86[0m:[93m105[0m - [91merror[0m[90m TS7006: [0mParameter 'n' implicitly has an 'any' type.

[7m86[0m const callbackInterface=decl.statements.flatMap(n=>ts.isModuleDeclaration(n)?n.body.statements:[]).find(n=>ts.isInterfaceDeclaration(n)&&name(n.name)==='ScriptBehaviour');
[7m  [0m [91m                                                                                                        ~[0m
[96mdocs/judasjs/examples/localization.js[0m:[93m87[0m:[93m46[0m - [91merror[0m[90m TS7006: [0mParameter 'k' implicitly has an 'any' type.

[7m87[0m if(!callbackInterface||stored.callbacks.some(k=>!callbackInterface.members.some(m=>name(m.name)===k)))throw Error('Callback declaration missing');
[7m  [0m [91m                                             ~[0m
[96mdocs/judasjs/examples/localization.js[0m:[93m87[0m:[93m81[0m - [91merror[0m[90m TS7006: [0mParameter 'm' implicitly has an 'any' type.

[7m87[0m if(!callbackInterface||stored.callbacks.some(k=>!callbackInterface.members.some(m=>name(m.name)===k)))throw Error('Callback declaration missing');
[7m  [0m [91m                                                                                ~[0m
[96mdocs/judasjs/examples/localization.js[0m:[93m89[0m:[93m79[0m - [91merror[0m[90m TS7006: [0mParameter 'n' implicitly has an 'any' type.

[7m89[0m const examples=fs.readdirSync(path.join(root,'docs/judasjs/examples')).filter(n=>n.endsWith('.js')).map(n=>path.join(root,'docs/judasjs/examples',n));
[7m  [0m [91m                                                                              ~[0m
[96mdocs/judasjs/examples/localization.js[0m:[93m89[0m:[93m105[0m - [91merror[0m[90m TS7006: [0mParameter 'n' implicitly has an 'any' type.

[7m89[0m const examples=fs.readdirSync(path.join(root,'docs/judasjs/examples')).filter(n=>n.endsWith('.js')).map(n=>path.join(root,'docs/judasjs/examples',n));
[7m  [0m [91m                                                                                                        ~[0m
[96mdocs/judasjs/examples/localization.js[0m:[93m92[0m:[93m24[0m - [91merror[0m[90m TS2584: [0mCannot find name 'console'. Do you need to change your target library? Try changing the 'lib' compiler option to include 'dom'.

[7m92[0m if(diagnostics.length){console.error(ts.formatDiagnosticsWithColorAndContext(diagnostics,{getCanonicalFileName:n=>n,getCurrentDirectory:()=>root,getNewLine:()=> '\n'}));process.exit(1);}
[7m  [0m [91m                       ~~~~~~~[0m
[96mdocs/judasjs/examples/localization.js[0m:[93m92[0m:[93m112[0m - [91merror[0m[90m TS7006: [0mParameter 'n' implicitly has an 'any' type.

[7m92[0m if(diagnostics.length){console.error(ts.formatDiagnosticsWithColorAndContext(diagnostics,{getCanonicalFileName:n=>n,getCurrentDirectory:()=>root,getNewLine:()=> '\n'}));process.exit(1);}
[7m  [0m [91m                                                                                                               ~[0m
[96mdocs/judasjs/examples/localization.js[0m:[93m92[0m:[93m170[0m - [91merror[0m[90m TS2580: [0mCannot find name 'process'. Do you need to install type definitions for node? Try `npm i --save-dev @types/node`.

[7m92[0m if(diagnostics.length){console.error(ts.formatDiagnosticsWithColorAndContext(diagnostics,{getCanonicalFileName:n=>n,getCurrentDirectory:()=>root,getNewLine:()=> '\n'}));process.exit(1);}
[7m  [0m [91m                                                                                                                                                                         ~~~~~~~[0m
[96mdocs/judasjs/examples/localization.js[0m:[93m93[0m:[93m1[0m - [91merror[0m[90m TS2584: [0mCannot find name 'console'. Do you need to change your target library? Try changing the 'lib' compiler option to include 'dom'.

[7m93[0m console.log(JSON.stringify({publicSymbols:symbols.length,topLevelExports:rt.statements.filter(n=>n.modifiers?.some(m=>m.kind===ts.SyntaxKind.ExportKeyword)).length,nativeOperations:nativeOps.length,callbacks:stored.callbacks.length,typeChecker:ts.version,examples:examples.length,negativeDriftChecks:negativeChecks,runtimeEnumeration:!!runtimeFile,pass:true},null,2));
[7m  [0m [91m~~~~~~~[0m
[96mdocs/judasjs/examples/localization.js[0m:[93m93[0m:[93m95[0m - [91merror[0m[90m TS7006: [0mParameter 'n' implicitly has an 'any' type.

[7m93[0m console.log(JSON.stringify({publicSymbols:symbols.length,topLevelExports:rt.statements.filter(n=>n.modifiers?.some(m=>m.kind===ts.SyntaxKind.ExportKeyword)).length,nativeOperations:nativeOps.length,callbacks:stored.callbacks.length,typeChecker:ts.version,examples:examples.length,negativeDriftChecks:negativeChecks,runtimeEnumeration:!!runtimeFile,pass:true},null,2));
[7m  [0m [91m                                                                                              ~[0m
[96mdocs/judasjs/examples/localization.js[0m:[93m93[0m:[93m116[0m - [91merror[0m[90m TS7006: [0mParameter 'm' implicitly has an 'any' type.

[7m93[0m console.log(JSON.stringify({publicSymbols:symbols.length,topLevelExports:rt.statements.filter(n=>n.modifiers?.some(m=>m.kind===ts.SyntaxKind.ExportKeyword)).length,nativeOperations:nativeOps.length,callbacks:stored.callbacks.length,typeChecker:ts.version,examples:examples.length,negativeDriftChecks:negativeChecks,runtimeEnumeration:!!runtimeFile,pass:true},null,2));
[7m  [0m [91m                                                                                                                   ~[0m

