node:internal/modules/cjs/loader:1517
  const err = new Error(message);
              ^

Error: Cannot find module '/tmp/judas-m56-typescript/package/lib/typescript.js'
Require stack:
- /home/conner/Documents/GitHub/Project-Judas/scripts/check_judasjs_api.mjs
    at Module._resolveFilename (node:internal/modules/cjs/loader:1517:15)
    at wrapResolveFilename (node:internal/modules/cjs/loader:1071:27)
    at defaultResolveImplForCJSLoading (node:internal/modules/cjs/loader:1095:10)
    at resolveForCJSWithHooks (node:internal/modules/cjs/loader:1122:12)
    at Module._load (node:internal/modules/cjs/loader:1294:5)
    at wrapModuleLoad (node:internal/modules/cjs/loader:255:19)
    at Module.require (node:internal/modules/cjs/loader:1617:12)
    at require (node:internal/modules/helpers:153:16)
    at file:///home/conner/Documents/GitHub/Project-Judas/scripts/check_judasjs_api.mjs:9:10
    at ModuleJob.run (node:internal/modules/esm/module_job:439:25) {
  code: 'MODULE_NOT_FOUND',
  requireStack: [
    '/home/conner/Documents/GitHub/Project-Judas/scripts/check_judasjs_api.mjs'
  ]
}

Node.js v24.19.0
