[  5%] Built target judas_icu_build
[  5%] Built target judas_quickjs
[  5%] Built target judas_glad
[ 10%] Built target judas_profiler
[ 15%] Built target judas_navigation_backend
[ 36%] Built target freetype
[ 36%] Built target judas_audio_backend
[ 36%] Built target judas_materials
[ 36%] Built target harfbuzz
[ 36%] Building CXX object CMakeFiles/judas_engine.dir/src/TextLayout.cpp.o
[ 36%] Building CXX object CMakeFiles/judas_engine.dir/src/LiquidSystem.cpp.o
[ 42%] Building CXX object CMakeFiles/judas_engine.dir/src/Localization.cpp.o
[ 42%] Building CXX object CMakeFiles/judas_engine.dir/src/NavigationSystem.cpp.o
[ 42%] Building CXX object CMakeFiles/judas_engine.dir/src/WorldAnimation.cpp.o
[ 42%] Building CXX object CMakeFiles/judas_engine.dir/src/WorldRagdoll.cpp.o
[ 42%] Building CXX object CMakeFiles/judas_engine.dir/src/WorldCharacter.cpp.o
[ 42%] Building CXX object CMakeFiles/judas_engine.dir/src/WorldScripts.cpp.o
[ 42%] Building CXX object CMakeFiles/judas_engine.dir/src/RuntimeUI.cpp.o
[ 47%] Building CXX object CMakeFiles/judas_engine.dir/src/ScriptSystem.cpp.o
[ 47%] Building CXX object CMakeFiles/judas_engine.dir/src/WorldAudio.cpp.o
[ 47%] Building CXX object CMakeFiles/judas_engine.dir/src/Renderer.cpp.o
[ 47%] Building CXX object CMakeFiles/judas_engine.dir/src/UIWidgets.cpp.o
[ 47%] Building CXX object CMakeFiles/judas_engine.dir/src/PauseMenu.cpp.o
[ 47%] Building CXX object CMakeFiles/judas_engine.dir/src/HUD.cpp.o
[ 47%] Building CXX object CMakeFiles/judas_engine.dir/src/ProductionFluidCoupling.cpp.o
[ 47%] Building CXX object CMakeFiles/judas_engine.dir/src/Door.cpp.o
[ 47%] Building CXX object CMakeFiles/judas_engine.dir/src/LightSwitch.cpp.o
[ 47%] Building CXX object CMakeFiles/judas_engine.dir/src/ResourceManager.cpp.o
[ 47%] Building CXX object CMakeFiles/judas_engine.dir/src/WorldDebugView.cpp.o
[ 47%] Building CXX object CMakeFiles/judas_engine.dir/src/SceneSession.cpp.o
[ 52%] Building CXX object CMakeFiles/judas_engine.dir/src/RuntimeWorld.cpp.o
[ 52%] Building CXX object CMakeFiles/judas_engine.dir/src/GameSession.cpp.o
[ 52%] Building CXX object CMakeFiles/judas_engine.dir/src/Simulation.cpp.o
[ 52%] Building CXX object CMakeFiles/judas_engine.dir/src/WorldPresentation.cpp.o
[ 52%] Building CXX object CMakeFiles/judas_engine.dir/src/GameplayHud.cpp.o
[ 52%] Building CXX object CMakeFiles/judas_engine.dir/src/EngineHost.cpp.o
[ 52%] Building CXX object CMakeFiles/judas_engine.dir/src/InteractivePlay.cpp.o
[ 57%] Building CXX object CMakeFiles/judas_engine.dir/src/CoarseSimulation.cpp.o
[ 57%] Building CXX object CMakeFiles/judas_engine.dir/src/WorldState.cpp.o
[ 57%] Linking CXX static library libjudas_engine.a
[100%] Built target judas_engine
[100%] Building CXX object CMakeFiles/judas_text_render_tests.dir/tests/TextRenderTests.cpp.o
[100%] Linking CXX executable judas_text_render_tests
[100%] Built target judas_text_render_tests
[  5%] Built target judas_icu_build
[  5%] Built target judas_glad
[  5%] Built target judas_quickjs
[  5%] Built target judas_profiler
[ 15%] Built target judas_navigation_backend
[ 35%] Built target freetype
[ 35%] Built target judas_materials
[ 35%] Built target judas_audio_backend
[ 35%] Built target harfbuzz
[ 95%] Built target judas_engine
[ 95%] Building CXX object CMakeFiles/judasjs_examples_tests.dir/tests/JudasJSExamplesTests.cpp.o
[100%] Linking CXX executable judasjs_examples_tests
[100%] Built target judasjs_examples_tests
[  5%] Built target judas_icu_build
[  5%] Built target judas_quickjs
[  5%] Built target judas_profiler
[  5%] Built target judas_glad
[ 15%] Built target judas_navigation_backend
[ 35%] Built target freetype
[ 35%] Built target judas_materials
[ 35%] Built target judas_audio_backend
[ 35%] Built target harfbuzz
[ 95%] Built target judas_engine
[100%] Building CXX object CMakeFiles/judas_text_localization_tests.dir/tests/TextLocalizationTests.cpp.o
[100%] Linking CXX executable judas_text_localization_tests
[100%] Built target judas_text_localization_tests
[  0%] Built target judas_glad
[  0%] Built target judas_profiler
[  0%] Built target judas_quickjs
[  5%] Built target judas_icu_build
[ 15%] Built target judas_navigation_backend
[ 35%] Built target freetype
[ 35%] Built target judas_materials
[ 35%] Built target judas_audio_backend
[ 35%] Built target harfbuzz
[ 95%] Built target judas_engine
[ 95%] Building CXX object CMakeFiles/judas.dir/src/Application.cpp.o
[ 95%] Building CXX object CMakeFiles/judas.dir/src/RuntimeDiagnostics.cpp.o
[ 95%] Building CXX object CMakeFiles/judas.dir/src/TestHarness.cpp.o
[ 95%] Linking CXX executable judas
[100%] Built target judas
