[  4%] Built target judas_profiler
[  4%] Built target judas_glad
[  9%] Built target judas_icu_build
[  4%] Built target judas_quickjs
[ 19%] Built target judas_navigation_backend
[ 38%] Built target freetype
[ 38%] Built target judas_materials
[ 38%] Built target judas_audio_backend
[ 38%] Built target harfbuzz
[ 95%] Built target judas_engine
[ 95%] Building CXX object CMakeFiles/judas_localization_application_tests.dir/tests/LocalizationApplicationTests.cpp.o
[ 95%] Linking CXX executable judas_localization_application_tests
[100%] Built target judas_localization_application_tests
[  4%] Built target judas_icu_build
[  4%] Built target judas_quickjs
[  4%] Built target judas_glad
[ 13%] Built target judas_profiler
[ 18%] Built target judas_navigation_backend
[ 36%] Built target freetype
[ 36%] Built target judas_materials
[ 36%] Built target harfbuzz
[ 36%] Built target judas_audio_backend
[ 36%] Built target judas_imgui
[ 90%] Built target judas_engine
[ 95%] Built target judas_navigation_baker
[ 95%] Building CXX object CMakeFiles/judas_editor.dir/src/editor/EditorApplication.cpp.o
[ 95%] Building CXX object CMakeFiles/judas_editor.dir/src/editor/ComponentEditors.cpp.o
[ 95%] Building CXX object CMakeFiles/judas_editor.dir/src/editor/EditorMain.cpp.o
[ 95%] Building CXX object CMakeFiles/judas_editor.dir/src/editor/EditorPanels.cpp.o
[ 95%] Linking CXX executable judas_editor
[100%] Built target judas_editor
