[  0%] Built target judas_glad
[  5%] Built target judas_icu_build
[ 10%] Built target judas_profiler
[ 10%] Built target judas_quickjs
[ 20%] Built target judas_navigation_backend
[ 20%] Built target judas_audio_backend
[ 20%] Built target judas_materials
[ 40%] Built target freetype
[ 40%] Building CXX object _deps/judas_harfbuzz-build/CMakeFiles/harfbuzz.dir/src/harfbuzz.cc.o
[ 40%] Linking C static library libharfbuzz.a
[ 40%] Built target harfbuzz
[100%] Built target judas_engine
[100%] Building CXX object CMakeFiles/judas_text_localization_tests.dir/tests/TextLocalizationTests.cpp.o
[100%] Linking CXX executable judas_text_localization_tests
[100%] Built target judas_text_localization_tests
[  4%] Built target judas_glad
[  4%] Built target judas_icu_build
[  8%] Built target judas_profiler
[ 13%] Built target judas_quickjs
[ 17%] Built target judas_navigation_backend
[ 34%] Built target freetype
[ 34%] Built target judas_materials
[ 34%] Built target judas_audio_backend
[ 34%] Built target harfbuzz
[ 39%] Built target judas_imgui
[ 91%] Built target judas_engine
[ 91%] Building CXX object CMakeFiles/judas_navigation_baker.dir/third_party/recastnavigation/Recast/Source/RecastAlloc.cpp.o
[ 91%] Building CXX object CMakeFiles/judas_navigation_baker.dir/third_party/recastnavigation/Recast/Source/RecastAssert.cpp.o
[ 91%] Building CXX object CMakeFiles/judas_navigation_baker.dir/src/NavigationBake.cpp.o
[ 91%] Building CXX object CMakeFiles/judas_navigation_baker.dir/third_party/recastnavigation/Recast/Source/Recast.cpp.o
[ 91%] Building CXX object CMakeFiles/judas_navigation_baker.dir/third_party/recastnavigation/Recast/Source/RecastArea.cpp.o
[ 95%] Building CXX object CMakeFiles/judas_navigation_baker.dir/third_party/recastnavigation/Recast/Source/RecastContour.cpp.o
[ 95%] Building CXX object CMakeFiles/judas_navigation_baker.dir/third_party/recastnavigation/Recast/Source/RecastFilter.cpp.o
[ 95%] Building CXX object CMakeFiles/judas_navigation_baker.dir/third_party/recastnavigation/Recast/Source/RecastLayers.cpp.o
[ 95%] Building CXX object CMakeFiles/judas_navigation_baker.dir/third_party/recastnavigation/Recast/Source/RecastMesh.cpp.o
[ 95%] Building CXX object CMakeFiles/judas_navigation_baker.dir/third_party/recastnavigation/Recast/Source/RecastMeshDetail.cpp.o
[ 95%] Building CXX object CMakeFiles/judas_navigation_baker.dir/third_party/recastnavigation/Recast/Source/RecastRasterization.cpp.o
[ 95%] Building CXX object CMakeFiles/judas_navigation_baker.dir/third_party/recastnavigation/Recast/Source/RecastRegion.cpp.o
[ 95%] Linking CXX static library libjudas_navigation_baker.a
[ 95%] Built target judas_navigation_baker
[ 95%] Building CXX object CMakeFiles/judas_editor.dir/src/editor/ComponentEditors.cpp.o
[100%] Building CXX object CMakeFiles/judas_editor.dir/src/editor/EditorApplication.cpp.o
[100%] Building CXX object CMakeFiles/judas_editor.dir/src/editor/EditorCamera.cpp.o
[100%] Building CXX object CMakeFiles/judas_editor.dir/src/editor/EditorMain.cpp.o
[100%] Building CXX object CMakeFiles/judas_editor.dir/src/editor/EditorHistory.cpp.o
[100%] Building CXX object CMakeFiles/judas_editor.dir/src/editor/EditorPanels.cpp.o
[100%] Building CXX object CMakeFiles/judas_editor.dir/src/editor/EditorWidgets.cpp.o
[100%] Building CXX object CMakeFiles/judas_editor.dir/src/editor/GizmoMath.cpp.o
[100%] Building CXX object CMakeFiles/judas_editor.dir/src/editor/ProfilerView.cpp.o
[100%] Linking CXX executable judas_editor
[100%] Built target judas_editor
[  0%] Built target judas_glad
[  4%] Built target judas_icu_build
[ 14%] Built target judas_navigation_backend
[ 33%] Built target freetype
[ 33%] Built target judas_quickjs
[ 38%] Built target judas_profiler
[ 38%] Built target judas_audio_backend
[ 38%] Built target judas_materials
[ 38%] Built target harfbuzz
[ 95%] Built target judas_engine
[ 95%] Building CXX object CMakeFiles/judasjs_examples_tests.dir/tests/JudasJSExamplesTests.cpp.o
[100%] Linking CXX executable judasjs_examples_tests
[100%] Built target judasjs_examples_tests
