[  0%] Built target judas_quickjs
[  0%] Built target judas_profiler
[  5%] Built target judas_icu_build
[ 15%] Built target judas_navigation_backend
[ 15%] Built target judas_glad
[ 15%] Built target judas_audio_backend
[ 15%] Built target judas_materials
[ 15%] Built target harfbuzz
[ 36%] Built target freetype
[100%] Built target judas_engine
[100%] Building CXX object CMakeFiles/judas_text_render_tests.dir/tests/TextRenderTests.cpp.o
[100%] Linking CXX executable judas_text_render_tests
[100%] Built target judas_text_render_tests
[  0%] Built target judas_profiler
[  0%] Built target judas_glad
[  5%] Built target judas_icu_build
[  5%] Built target judas_quickjs
[ 15%] Built target judas_navigation_backend
[ 35%] Built target freetype
[ 35%] Built target judas_materials
[ 35%] Built target judas_audio_backend
[ 35%] Built target harfbuzz
[ 95%] Built target judas_engine
[ 95%] Building CXX object CMakeFiles/judasjs_examples_tests.dir/tests/JudasJSExamplesTests.cpp.o
[100%] Linking CXX executable judasjs_examples_tests
[100%] Built target judasjs_examples_tests
[  0%] Built target judas_profiler
[  5%] Built target judas_icu_build
[  5%] Built target judas_glad
[  5%] Built target judas_quickjs
[ 15%] Built target judas_navigation_backend
[ 35%] Built target freetype
[ 35%] Built target judas_audio_backend
[ 35%] Built target harfbuzz
[ 35%] Built target judas_materials
[ 95%] Built target judas_engine
[ 95%] Building CXX object CMakeFiles/judas.dir/src/RuntimeOptions.cpp.o
[ 95%] Building CXX object CMakeFiles/judas.dir/src/Application.cpp.o
[ 95%] Building CXX object CMakeFiles/judas.dir/src/RuntimeDiagnostics.cpp.o
[100%] Building CXX object CMakeFiles/judas.dir/src/main.cpp.o
[100%] Building CXX object CMakeFiles/judas.dir/src/TestHarness.cpp.o
[100%] Linking CXX executable judas
[100%] Built target judas
