[  0%] Built target judas_glad
[  4%] Built target judas_icu_build
[  4%] Built target judas_quickjs
[  9%] Built target judas_profiler
[ 19%] Built target judas_navigation_backend
[ 38%] Built target freetype
[ 38%] Built target judas_audio_backend
[ 38%] Built target judas_materials
[ 38%] Built target harfbuzz
[ 95%] Built target judas_engine
[100%] Building CXX object CMakeFiles/judas_localization_application_tests.dir/src/Application.cpp.o
[100%] Building CXX object CMakeFiles/judas_localization_application_tests.dir/src/TestHarness.cpp.o
[100%] Building CXX object CMakeFiles/judas_localization_application_tests.dir/tests/LocalizationApplicationTests.cpp.o
[100%] Building CXX object CMakeFiles/judas_localization_application_tests.dir/src/RuntimeDiagnostics.cpp.o
[100%] Building CXX object CMakeFiles/judas_localization_application_tests.dir/src/RuntimeOptions.cpp.o
/home/conner/Documents/GitHub/Project-Judas/tests/LocalizationApplicationTests.cpp: In lambda function:
/home/conner/Documents/GitHub/Project-Judas/tests/LocalizationApplicationTests.cpp:36:200: error: ‘class RuntimeWorld’ has no member named ‘GameplayTime’
   36 |    if(std::string(project)=="shooter_game"){if(frame==20)h.GetWindow().Input().SetPhysical("key:Escape",1);if(frame==21)h.GetWindow().Input().SetPhysical("key:Escape",0);if(frame==23){pauseElapsed=w.GameplayTime();before=w.Scripts()->Capture().front().json;w.Localization().SetLocale("ja",error);h.Resources().WaitForAll();w.Localization().Refresh();}if(frame==28)h.GetWindow().Input().SetPhysical("key:Escape",1);if(frame==29)h.GetWindow().Input().SetPhysical("key:Escape",0);}
      |                                                                                                                                                                                                        ^~~~~~~~~~~~
/home/conner/Documents/GitHub/Project-Judas/tests/LocalizationApplicationTests.cpp: In lambda function:
/home/conner/Documents/GitHub/Project-Judas/tests/LocalizationApplicationTests.cpp:41:207: error: ‘class RuntimeWorld’ has no member named ‘GameplayTime’
   41 |    if(frame==27&&std::string(project)=="shooter_game"){Check(w.UI().Paused()&&w.Localization().Locale()=="ja"&&!w.pointerCapture,"paused language change preserves modal state and released capture");Check(w.GameplayTime()==pauseElapsed,"paused localization does not advance gameplay time");std::vector<unsigned char> pixels;h.GetRenderer().CaptureFrame(h.GetWindow().Width(),h.GetWindow().Height(),pixels);WriteRgbPng((out/"range-ja-paused.png").string(),h.GetWindow().Width(),h.GetWindow().Height(),pixels);}
      |                                                                                                                                                                                                               ^~~~~~~~~~~~
gmake[3]: *** [CMakeFiles/judas_localization_application_tests.dir/build.make:79: CMakeFiles/judas_localization_application_tests.dir/tests/LocalizationApplicationTests.cpp.o] Error 1
gmake[3]: *** Waiting for unfinished jobs....
gmake[2]: *** [CMakeFiles/Makefile2:5788: CMakeFiles/judas_localization_application_tests.dir/all] Error 2
gmake[1]: *** [CMakeFiles/Makefile2:5795: CMakeFiles/judas_localization_application_tests.dir/rule] Error 2
gmake: *** [Makefile:1944: judas_localization_application_tests] Error 2
