CMake Warning (dev) at /usr/share/cmake-4.2/Modules/FetchContent.cmake:1383 (message):
  The DOWNLOAD_EXTRACT_TIMESTAMP option was not given and policy CMP0135 is
  not set.  The policy's OLD behavior will be used.  When using a URL
  download, the timestamps of extracted files should preferably be that of
  the time of extraction, otherwise code that depends on the extracted
  contents might not be rebuilt if the URL changes.  The OLD behavior
  preserves the timestamps from the archive instead, but this is usually not
  what you want.  Update your project to the NEW behavior or specify the
  DOWNLOAD_EXTRACT_TIMESTAMP option with a value of true to avoid this
  robustness issue.
Call Stack (most recent call first):
  cmake/JudasTextDependencies.cmake:9 (FetchContent_Declare)
  CMakeLists.txt:15 (include)
This warning is for project developers.  Use -Wno-dev to suppress it.

CMake Warning (dev) at /usr/share/cmake-4.2/Modules/FetchContent.cmake:1383 (message):
  The DOWNLOAD_EXTRACT_TIMESTAMP option was not given and policy CMP0135 is
  not set.  The policy's OLD behavior will be used.  When using a URL
  download, the timestamps of extracted files should preferably be that of
  the time of extraction, otherwise code that depends on the extracted
  contents might not be rebuilt if the URL changes.  The OLD behavior
  preserves the timestamps from the archive instead, but this is usually not
  what you want.  Update your project to the NEW behavior or specify the
  DOWNLOAD_EXTRACT_TIMESTAMP option with a value of true to avoid this
  robustness issue.
Call Stack (most recent call first):
  cmake/JudasTextDependencies.cmake:14 (FetchContent_Declare)
  CMakeLists.txt:15 (include)
This warning is for project developers.  Use -Wno-dev to suppress it.

CMake Deprecation Warning at build/_deps/judas_freetype-src/CMakeLists.txt:113 (cmake_minimum_required):
  Compatibility with CMake < 3.10 will be removed from a future version of
  CMake.

  Update the VERSION argument <min> value.  Or, use the <min>...<max> syntax
  to tell CMake that the project requires at least <min> but has been updated
  to work with policies introduced by <max> or earlier.


-- Found PkgConfig: /usr/bin/pkg-config (found version "2.5.1")
-- Looking for unistd.h
-- Looking for unistd.h - found
-- Looking for fcntl.h
-- Looking for fcntl.h - found
WARNHarfBuzz has a Meson port and tries to migrate all the other build systems to it, please consider using it as we might remove our cmake port soon.
-- Found Python3: /usr/bin/python3 (found version "3.14.4") found components: Interpreter
-- Looking for atexit
-- Looking for atexit - found
-- Looking for mprotect
-- Looking for mprotect - found
-- Looking for sysconf
-- Looking for sysconf - found
-- Looking for getpagesize
-- Looking for getpagesize - found
-- Looking for mmap
-- Looking for mmap - found
-- Looking for isatty
-- Looking for isatty - found
-- Looking for sys/mman.h
-- Looking for sys/mman.h - found
-- Looking for stdbool.h
-- Looking for stdbool.h - found
-- Performing Test CXX_SUPPORTS_FLAG_BSYMB_FUNCS
-- Performing Test CXX_SUPPORTS_FLAG_BSYMB_FUNCS - Success
-- Performing Test COMPILER_SUPPORTS_CXX11
-- Performing Test COMPILER_SUPPORTS_CXX11 - Success
CMake Warning (dev) at /usr/share/cmake-4.2/Modules/ExternalProject/shared_internal_commands.cmake:1261 (message):
  The DOWNLOAD_EXTRACT_TIMESTAMP option was not given and policy CMP0135 is
  not set.  The policy's OLD behavior will be used.  When using a URL
  download, the timestamps of extracted files should preferably be that of
  the time of extraction, otherwise code that depends on the extracted
  contents might not be rebuilt if the URL changes.  The OLD behavior
  preserves the timestamps from the archive instead, but this is usually not
  what you want.  Update your project to the NEW behavior or specify the
  DOWNLOAD_EXTRACT_TIMESTAMP option with a value of true to avoid this
  robustness issue.
Call Stack (most recent call first):
  /usr/share/cmake-4.2/Modules/ExternalProject.cmake:3258 (_ep_add_download_command)
  cmake/JudasTextDependencies.cmake:18 (ExternalProject_Add)
  CMakeLists.txt:15 (include)
This warning is for project developers.  Use -Wno-dev to suppress it.

-- Configuring done (5.4s)
CMake Error at CMakeLists.txt:89 (add_library):
  Cannot find source file:

    src/TextLayout.cpp


CMake Error at CMakeLists.txt:89 (add_library):
  No SOURCES given to target: judas_engine


CMake Generate step failed.  Build files cannot be regenerated correctly.
