[  0%] Creating directories for 'judas_icu_build'
[  0%] Performing download step (verify and extract) for 'judas_icu_build'
-- verifying file...
     file='/home/conner/Documents/GitHub/Project-Judas/third_party/text/icu4c-76_1-src.tgz'
-- verifying file... done
-- extracting...
     src='/home/conner/Documents/GitHub/Project-Judas/third_party/text/icu4c-76_1-src.tgz'
     dst='/home/conner/Documents/GitHub/Project-Judas/build/unicode/build/src/judas_icu_build'
-- extracting... [tar xf]
-- extracting... [analysis]
-- extracting... [rename]
-- extracting... [clean up]
-- extracting... done
[  0%] No update step for 'judas_icu_build'
[  0%] No patch step for 'judas_icu_build'
[  0%] Performing configure step for 'judas_icu_build'
-- judas_icu_build configure command succeeded.  See also /home/conner/Documents/GitHub/Project-Judas/build/unicode/build/src/judas_icu_build-stamp/judas_icu_build-configure-*.log
[100%] Performing build step for 'judas_icu_build'
-- judas_icu_build build command succeeded.  See also /home/conner/Documents/GitHub/Project-Judas/build/unicode/build/src/judas_icu_build-stamp/judas_icu_build-build-*.log
[100%] Performing install step for 'judas_icu_build'
-- judas_icu_build install command succeeded.  See also /home/conner/Documents/GitHub/Project-Judas/build/unicode/build/src/judas_icu_build-stamp/judas_icu_build-install-*.log
[100%] Completed 'judas_icu_build'
[100%] Built target judas_icu_build
[  0%] Building C object _deps/judas_freetype-build/CMakeFiles/freetype.dir/src/base/ftbase.c.o
[  0%] Building C object _deps/judas_freetype-build/CMakeFiles/freetype.dir/src/base/ftcid.c.o
[  0%] Building C object _deps/judas_freetype-build/CMakeFiles/freetype.dir/src/autofit/autofit.c.o
[  0%] Building C object _deps/judas_freetype-build/CMakeFiles/freetype.dir/src/base/ftbdf.c.o
[  0%] Building C object _deps/judas_freetype-build/CMakeFiles/freetype.dir/src/base/ftbbox.c.o
[  0%] Building C object _deps/judas_freetype-build/CMakeFiles/freetype.dir/src/base/ftbitmap.c.o
[  0%] Building C object _deps/judas_freetype-build/CMakeFiles/freetype.dir/src/base/ftfstype.c.o
[  0%] Building C object _deps/judas_freetype-build/CMakeFiles/freetype.dir/src/base/ftgasp.c.o
[  0%] Building C object _deps/judas_freetype-build/CMakeFiles/freetype.dir/src/base/ftglyph.c.o
[ 25%] Building C object _deps/judas_freetype-build/CMakeFiles/freetype.dir/src/base/ftgxval.c.o
[ 25%] Building C object _deps/judas_freetype-build/CMakeFiles/freetype.dir/src/base/ftinit.c.o
[ 25%] Building C object _deps/judas_freetype-build/CMakeFiles/freetype.dir/src/base/ftmm.c.o
[ 25%] Building C object _deps/judas_freetype-build/CMakeFiles/freetype.dir/src/base/ftotval.c.o
[ 25%] Building C object _deps/judas_freetype-build/CMakeFiles/freetype.dir/src/base/ftpfr.c.o
[ 25%] Building C object _deps/judas_freetype-build/CMakeFiles/freetype.dir/src/base/ftpatent.c.o
[ 25%] Building C object _deps/judas_freetype-build/CMakeFiles/freetype.dir/src/base/ftstroke.c.o
[ 25%] Building C object _deps/judas_freetype-build/CMakeFiles/freetype.dir/src/base/ftsynth.c.o
[ 25%] Building C object _deps/judas_freetype-build/CMakeFiles/freetype.dir/src/base/fttype1.c.o
[ 50%] Building C object _deps/judas_freetype-build/CMakeFiles/freetype.dir/src/base/ftwinfnt.c.o
[ 50%] Building C object _deps/judas_freetype-build/CMakeFiles/freetype.dir/src/bdf/bdf.c.o
[ 50%] Building C object _deps/judas_freetype-build/CMakeFiles/freetype.dir/src/bzip2/ftbzip2.c.o
[ 50%] Building C object _deps/judas_freetype-build/CMakeFiles/freetype.dir/src/cache/ftcache.c.o
[ 50%] Building C object _deps/judas_freetype-build/CMakeFiles/freetype.dir/src/cff/cff.c.o
[ 50%] Building C object _deps/judas_freetype-build/CMakeFiles/freetype.dir/src/cid/type1cid.c.o
[ 50%] Building C object _deps/judas_freetype-build/CMakeFiles/freetype.dir/src/gzip/ftgzip.c.o
[ 50%] Building C object _deps/judas_freetype-build/CMakeFiles/freetype.dir/src/lzw/ftlzw.c.o
[ 50%] Building C object _deps/judas_freetype-build/CMakeFiles/freetype.dir/src/pcf/pcf.c.o
[ 75%] Building C object _deps/judas_freetype-build/CMakeFiles/freetype.dir/src/pfr/pfr.c.o
[ 75%] Building C object _deps/judas_freetype-build/CMakeFiles/freetype.dir/src/psaux/psaux.c.o
[ 75%] Building C object _deps/judas_freetype-build/CMakeFiles/freetype.dir/src/pshinter/pshinter.c.o
[ 75%] Building C object _deps/judas_freetype-build/CMakeFiles/freetype.dir/src/psnames/psnames.c.o
[ 75%] Building C object _deps/judas_freetype-build/CMakeFiles/freetype.dir/src/raster/raster.c.o
[ 75%] Building C object _deps/judas_freetype-build/CMakeFiles/freetype.dir/src/sdf/sdf.c.o
[ 75%] Building C object _deps/judas_freetype-build/CMakeFiles/freetype.dir/src/sfnt/sfnt.c.o
[ 75%] Building C object _deps/judas_freetype-build/CMakeFiles/freetype.dir/src/smooth/smooth.c.o
[ 75%] Building C object _deps/judas_freetype-build/CMakeFiles/freetype.dir/src/svg/svg.c.o
[100%] Building C object _deps/judas_freetype-build/CMakeFiles/freetype.dir/src/truetype/truetype.c.o
[100%] Building C object _deps/judas_freetype-build/CMakeFiles/freetype.dir/src/type1/type1.c.o
[100%] Building C object _deps/judas_freetype-build/CMakeFiles/freetype.dir/src/type42/type42.c.o
[100%] Building C object _deps/judas_freetype-build/CMakeFiles/freetype.dir/src/winfonts/winfnt.c.o
[100%] Building C object _deps/judas_freetype-build/CMakeFiles/freetype.dir/builds/unix/ftsystem.c.o
[100%] Building C object _deps/judas_freetype-build/CMakeFiles/freetype.dir/src/base/ftdebug.c.o
[100%] Linking C static library libfreetype.a
[100%] Built target freetype
[100%] Built target freetype
[100%] Building CXX object _deps/judas_harfbuzz-build/CMakeFiles/harfbuzz.dir/src/harfbuzz.cc.o
[100%] Linking C static library libharfbuzz.a
[100%] Built target harfbuzz
