[  4%] Built target judas_icu_build
[  4%] Built target judas_glad
[ 14%] Built target judas_profiler
[ 14%] Built target judas_quickjs
[ 42%] Built target judas_navigation_backend
[ 42%] Built target freetype
[ 42%] Built target judas_audio_backend
[ 42%] Built target judas_materials
[ 42%] Built target harfbuzz
[ 42%] Building CXX object CMakeFiles/judas_engine.dir/src/Localization.cpp.o
[ 47%] Building CXX object CMakeFiles/judas_engine.dir/src/TextLayout.cpp.o
[ 47%] Building CXX object CMakeFiles/judas_engine.dir/src/Material.cpp.o
[ 47%] Building CXX object CMakeFiles/judas_engine.dir/src/Environment.cpp.o
[ 47%] Building CXX object CMakeFiles/judas_engine.dir/src/Tangents.cpp.o
[ 47%] Building CXX object CMakeFiles/judas_engine.dir/src/LiquidGeometry.cpp.o
/home/conner/Documents/GitHub/Project-Judas/src/Localization.cpp:7:10: fatal error: unicode/msgpattern.h: No such file or directory
    7 | #include <unicode/msgpattern.h>
      |          ^~~~~~~~~~~~~~~~~~~~~~
compilation terminated.
gmake[3]: *** [CMakeFiles/judas_engine.dir/build.make:93: CMakeFiles/judas_engine.dir/src/Localization.cpp.o] Error 1
gmake[3]: *** Waiting for unfinished jobs....
/home/conner/Documents/GitHub/Project-Judas/src/TextLayout.cpp: In function ‘std::vector<char16_t> {anonymous}::Decode(const std::string&, bool, bool&)’:
/home/conner/Documents/GitHub/Project-Judas/src/TextLayout.cpp:26:2: warning: this ‘if’ clause does not guard... [-Wmisleading-indentation]
   26 |  if(U_FAILURE(e))throw std::runtime_error("malformed UTF-8");out.resize(n);replaced=sub>0;return out;
      |  ^~
/home/conner/Documents/GitHub/Project-Judas/src/TextLayout.cpp:26:62: note: ...this statement, but the latter is misleadingly indented as if it were guarded by the ‘if’
   26 |  if(U_FAILURE(e))throw std::runtime_error("malformed UTF-8");out.resize(n);replaced=sub>0;return out;
      |                                                              ^~~
/home/conner/Documents/GitHub/Project-Judas/src/TextLayout.cpp: In function ‘bool DecodeTextFont(std::vector<unsigned char>, const std::string&, std::shared_ptr<const TextFont>&, std::string&)’:
/home/conner/Documents/GitHub/Project-Judas/src/TextLayout.cpp:39:2: warning: this ‘if’ clause does not guard... [-Wmisleading-indentation]
   39 |  if(face)FT_Done_Face(face);FT_Done_FreeType(lib);
      |  ^~
/home/conner/Documents/GitHub/Project-Judas/src/TextLayout.cpp:39:29: note: ...this statement, but the latter is misleadingly indented as if it were guarded by the ‘if’
   39 |  if(face)FT_Done_Face(face);FT_Done_FreeType(lib);
      |                             ^~~~~~~~~~~~~~~~
/home/conner/Documents/GitHub/Project-Judas/src/TextLayout.cpp: In member function ‘std::shared_ptr<const TextLayout> TextEngine::Layout(const std::string&, const std::vector<std::shared_ptr<const TextFont> >&, const TextOptions&)’:
/home/conner/Documents/GitHub/Project-Judas/src/TextLayout.cpp:89:2: warning: this ‘if’ clause does not guard... [-Wmisleading-indentation]
   89 |  if(fonts.empty())return std::make_shared<TextLayout>();if(source.size()>65536||!std::isfinite(o.pixels)||o.pixels<=0||o.pixels>512||!std::isfinite(o.width)||o.width<0)throw std::runtime_error("text layout exceeds bounds");
      |  ^~
/home/conner/Documents/GitHub/Project-Judas/src/TextLayout.cpp:89:57: note: ...this statement, but the latter is misleadingly indented as if it were guarded by the ‘if’
   89 |  if(fonts.empty())return std::make_shared<TextLayout>();if(source.size()>65536||!std::isfinite(o.pixels)||o.pixels<=0||o.pixels>512||!std::isfinite(o.width)||o.width<0)throw std::runtime_error("text layout exceeds bounds");
      |                                                         ^~
/home/conner/Documents/GitHub/Project-Judas/src/TextLayout.cpp:104:3: warning: this ‘if’ clause does not guard... [-Wmisleading-indentation]
  104 |   if(paraEnd==int(text.size()))break;paraStart=paraEnd+1;if(text[paraEnd]==13&&paraStart<int(text.size())&&text[paraStart]==10)++paraStart;
      |   ^~
/home/conner/Documents/GitHub/Project-Judas/src/TextLayout.cpp:104:38: note: ...this statement, but the latter is misleadingly indented as if it were guarded by the ‘if’
  104 |   if(paraEnd==int(text.size()))break;paraStart=paraEnd+1;if(text[paraEnd]==13&&paraStart<int(text.size())&&text[paraStart]==10)++paraStart;
      |                                      ^~~~~~~~~
gmake[2]: *** [CMakeFiles/Makefile2:769: CMakeFiles/judas_engine.dir/all] Error 2
gmake[1]: *** [CMakeFiles/Makefile2:776: CMakeFiles/judas_engine.dir/rule] Error 2
gmake: *** [Makefile:280: judas_engine] Error 2
