[  4%] Built target judas_icu_build
[  4%] Built target judas_glad
[  9%] Built target judas_quickjs
[ 14%] Built target judas_profiler
[ 23%] Built target judas_navigation_backend
[ 42%] Built target freetype
[ 42%] Built target judas_audio_backend
[ 42%] Built target judas_materials
[ 42%] Built target harfbuzz
[ 42%] Building CXX object CMakeFiles/judas_engine.dir/src/WorldAnimation.cpp.o
[ 42%] Building CXX object CMakeFiles/judas_engine.dir/src/Localization.cpp.o
[ 42%] Building CXX object CMakeFiles/judas_engine.dir/src/WorldRagdoll.cpp.o
[ 42%] Building CXX object CMakeFiles/judas_engine.dir/src/LiquidSystem.cpp.o
[ 47%] Building CXX object CMakeFiles/judas_engine.dir/src/NavigationSystem.cpp.o
[ 47%] Building CXX object CMakeFiles/judas_engine.dir/src/WorldCharacter.cpp.o
[ 47%] Building CXX object CMakeFiles/judas_engine.dir/src/WorldScripts.cpp.o
[ 52%] Building CXX object CMakeFiles/judas_engine.dir/src/RuntimeUI.cpp.o
[ 52%] Building CXX object CMakeFiles/judas_engine.dir/src/ScriptSystem.cpp.o
[ 52%] Building CXX object CMakeFiles/judas_engine.dir/src/WorldAudio.cpp.o
[ 57%] Building CXX object CMakeFiles/judas_engine.dir/src/Renderer.cpp.o
[ 57%] Building CXX object CMakeFiles/judas_engine.dir/src/UIWidgets.cpp.o
[ 57%] Building CXX object CMakeFiles/judas_engine.dir/src/PauseMenu.cpp.o
[ 57%] Building CXX object CMakeFiles/judas_engine.dir/src/HUD.cpp.o
[ 57%] Building CXX object CMakeFiles/judas_engine.dir/src/ProductionFluidCoupling.cpp.o
[ 57%] Building CXX object CMakeFiles/judas_engine.dir/src/Door.cpp.o
[ 57%] Building CXX object CMakeFiles/judas_engine.dir/src/LightSwitch.cpp.o
[ 57%] Building CXX object CMakeFiles/judas_engine.dir/src/ResourceManager.cpp.o
[ 57%] Building CXX object CMakeFiles/judas_engine.dir/src/WorldDebugView.cpp.o
[ 61%] Building CXX object CMakeFiles/judas_engine.dir/src/SceneSession.cpp.o
[ 61%] Building CXX object CMakeFiles/judas_engine.dir/src/RuntimeWorld.cpp.o
[ 61%] Building CXX object CMakeFiles/judas_engine.dir/src/GameSession.cpp.o
[ 61%] Building CXX object CMakeFiles/judas_engine.dir/src/Simulation.cpp.o
[ 61%] Building CXX object CMakeFiles/judas_engine.dir/src/WorldPresentation.cpp.o
[ 61%] Building CXX object CMakeFiles/judas_engine.dir/src/GameplayHud.cpp.o
[ 61%] Building CXX object CMakeFiles/judas_engine.dir/src/EngineHost.cpp.o
[ 61%] Building CXX object CMakeFiles/judas_engine.dir/src/InteractivePlay.cpp.o
[ 61%] Building CXX object CMakeFiles/judas_engine.dir/src/CoarseSimulation.cpp.o
[ 61%] Building CXX object CMakeFiles/judas_engine.dir/src/WorldState.cpp.o
[ 61%] Linking CXX static library libjudas_engine.a
[100%] Built target judas_engine
