[  4%] Built target judas_icu_build
[  9%] Built target judas_glad
[  9%] Built target judas_profiler
[ 19%] Built target judas_navigation_backend
[ 23%] Built target judas_quickjs
[ 42%] Built target freetype
[ 42%] Built target judas_materials
[ 42%] Built target judas_audio_backend
[ 42%] Built target harfbuzz
[ 47%] Building CXX object CMakeFiles/judas_engine.dir/src/Localization.cpp.o
[ 47%] Building CXX object CMakeFiles/judas_engine.dir/src/TextLayout.cpp.o
[ 52%] Building CXX object CMakeFiles/judas_engine.dir/src/NavigationSystem.cpp.o
[ 52%] Building CXX object CMakeFiles/judas_engine.dir/src/LiquidTypes.cpp.o
[ 52%] Building CXX object CMakeFiles/judas_engine.dir/src/LiquidSurface.cpp.o
[ 52%] Building CXX object CMakeFiles/judas_engine.dir/src/LiquidSystem.cpp.o
[ 52%] Building CXX object CMakeFiles/judas_engine.dir/src/NavigationTypes.cpp.o
[ 52%] Building CXX object CMakeFiles/judas_engine.dir/src/NavigationAsset.cpp.o
[ 52%] Building CXX object CMakeFiles/judas_engine.dir/src/WorldAnimation.cpp.o
[ 52%] Building CXX object CMakeFiles/judas_engine.dir/src/PoseComposition.cpp.o
[ 52%] Building CXX object CMakeFiles/judas_engine.dir/src/WorldRagdoll.cpp.o
[ 52%] Building CXX object CMakeFiles/judas_engine.dir/src/GltfLoader.cpp.o
[ 52%] Building CXX object CMakeFiles/judas_engine.dir/src/WorldCharacter.cpp.o
[ 52%] Building CXX object CMakeFiles/judas_engine.dir/src/WorldScripts.cpp.o
[ 57%] Building CXX object CMakeFiles/judas_engine.dir/src/RuntimeUI.cpp.o
[ 57%] Building CXX object CMakeFiles/judas_engine.dir/src/ScriptSystem.cpp.o
[ 57%] Building CXX object CMakeFiles/judas_engine.dir/src/Classification.cpp.o
[ 57%] Building CXX object CMakeFiles/judas_engine.dir/src/GamePackage.cpp.o
[ 57%] Building CXX object CMakeFiles/judas_engine.dir/src/ProjectExporter.cpp.o
[ 57%] Building CXX object CMakeFiles/judas_engine.dir/src/AudioData.cpp.o
[ 57%] Building CXX object CMakeFiles/judas_engine.dir/src/AudioSystem.cpp.o
[ 57%] Building CXX object CMakeFiles/judas_engine.dir/src/WorldAudio.cpp.o
[ 57%] Building CXX object CMakeFiles/judas_engine.dir/src/Window.cpp.o
[ 57%] Building CXX object CMakeFiles/judas_engine.dir/src/InputSystem.cpp.o
[ 61%] Building CXX object CMakeFiles/judas_engine.dir/src/Renderer.cpp.o
[ 61%] Building CXX object CMakeFiles/judas_engine.dir/src/SkeletalAnimation.cpp.o
[ 61%] Building CXX object CMakeFiles/judas_engine.dir/src/CharacterMotor.cpp.o
[ 61%] Building CXX object CMakeFiles/judas_engine.dir/src/PlayerController.cpp.o
[ 61%] Building CXX object CMakeFiles/judas_engine.dir/src/PlayerView.cpp.o
[ 61%] Building CXX object CMakeFiles/judas_engine.dir/src/StepClimb.cpp.o
[ 61%] Building CXX object CMakeFiles/judas_engine.dir/src/DynamicBody.cpp.o
[ 61%] Building CXX object CMakeFiles/judas_engine.dir/src/FlyingPrimitiveControl.cpp.o
[ 61%] Building CXX object CMakeFiles/judas_engine.dir/src/PilotAttachment.cpp.o
[ 66%] Building CXX object CMakeFiles/judas_engine.dir/src/PilotControl.cpp.o
[ 66%] Building CXX object CMakeFiles/judas_engine.dir/src/ReferenceFrame.cpp.o
[ 66%] Building CXX object CMakeFiles/judas_engine.dir/src/ModelLoader.cpp.o
[ 66%] Building CXX object CMakeFiles/judas_engine.dir/src/TextureLoader.cpp.o
[ 66%] Building CXX object CMakeFiles/judas_engine.dir/src/FontLoader.cpp.o
[ 66%] Building CXX object CMakeFiles/judas_engine.dir/src/UIWidgets.cpp.o
[ 66%] Building CXX object CMakeFiles/judas_engine.dir/src/PauseMenu.cpp.o
[ 66%] Building CXX object CMakeFiles/judas_engine.dir/src/HUD.cpp.o
[ 66%] Building CXX object CMakeFiles/judas_engine.dir/src/LightTransforms.cpp.o
[ 71%] Building CXX object CMakeFiles/judas_engine.dir/src/LightAttenuation.cpp.o
[ 71%] Building CXX object CMakeFiles/judas_engine.dir/src/ShadowTransforms.cpp.o
[ 71%] Building CXX object CMakeFiles/judas_engine.dir/src/HingeTransform.cpp.o
[ 71%] Building CXX object CMakeFiles/judas_engine.dir/src/InteractionSystem.cpp.o
[ 71%] Building CXX object CMakeFiles/judas_engine.dir/src/ObjectManipulation.cpp.o
[ 71%] Building CXX object CMakeFiles/judas_engine.dir/src/FluidWorld.cpp.o
[ 71%] Building CXX object CMakeFiles/judas_engine.dir/src/ProductionFluidCoupling.cpp.o
[ 71%] Building CXX object CMakeFiles/judas_engine.dir/src/FluidHydrostatics.cpp.o
[ 71%] Building CXX object CMakeFiles/judas_engine.dir/src/FluidSurface.cpp.o
[ 76%] Building CXX object CMakeFiles/judas_engine.dir/src/CombustionWorld.cpp.o
[ 76%] Building CXX object CMakeFiles/judas_engine.dir/src/FirePresentation.cpp.o
[ 76%] Building CXX object CMakeFiles/judas_engine.dir/src/TerrainDemo.cpp.o
[ 76%] Building CXX object CMakeFiles/judas_engine.dir/src/TerrainLibrary.cpp.o
[ 76%] Building CXX object CMakeFiles/judas_engine.dir/src/Door.cpp.o
[ 76%] Building CXX object CMakeFiles/judas_engine.dir/src/LightSwitch.cpp.o
[ 76%] Building CXX object CMakeFiles/judas_engine.dir/src/FaithfulGravity.cpp.o
[ 76%] Building CXX object CMakeFiles/judas_engine.dir/src/RadicalGravity.cpp.o
[ 76%] Building CXX object CMakeFiles/judas_engine.dir/src/SphericalVolume.cpp.o
[ 80%] Building CXX object CMakeFiles/judas_engine.dir/src/BoxVolume.cpp.o
[ 80%] Building CXX object CMakeFiles/judas_engine.dir/src/GravityContextMap.cpp.o
[ 80%] Building CXX object CMakeFiles/judas_engine.dir/src/CelestialGravity.cpp.o
[ 80%] Building CXX object CMakeFiles/judas_engine.dir/src/AtmosphereField.cpp.o
[ 80%] Building CXX object CMakeFiles/judas_engine.dir/src/AerodynamicDrag.cpp.o
[ 80%] Building CXX object CMakeFiles/judas_engine.dir/src/VisualParticles.cpp.o
[ 80%] Building CXX object CMakeFiles/judas_engine.dir/src/Prefab.cpp.o
[ 80%] Building CXX object CMakeFiles/judas_engine.dir/src/Scene.cpp.o
[ 80%] Building CXX object CMakeFiles/judas_engine.dir/src/Ragdoll.cpp.o
[ 85%] Building CXX object CMakeFiles/judas_engine.dir/src/SceneSerialization.cpp.o
[ 85%] Building CXX object CMakeFiles/judas_engine.dir/src/SceneFingerprint.cpp.o
[ 85%] Building CXX object CMakeFiles/judas_engine.dir/src/Project.cpp.o
[ 85%] Building CXX object CMakeFiles/judas_engine.dir/src/AssetDatabase.cpp.o
[ 85%] Building CXX object CMakeFiles/judas_engine.dir/src/JobSystem.cpp.o
[ 85%] Building CXX object CMakeFiles/judas_engine.dir/src/AsyncFile.cpp.o
[ 85%] Building CXX object CMakeFiles/judas_engine.dir/src/ResourceManager.cpp.o
[ 85%] Building CXX object CMakeFiles/judas_engine.dir/src/EnginePaths.cpp.o
[ 85%] Building CXX object CMakeFiles/judas_engine.dir/src/DebugDraw.cpp.o
[ 85%] Building CXX object CMakeFiles/judas_engine.dir/src/WorldDebugView.cpp.o
[ 90%] Building CXX object CMakeFiles/judas_engine.dir/src/SceneSession.cpp.o
[ 90%] Building CXX object CMakeFiles/judas_engine.dir/src/RuntimeWorld.cpp.o
[ 90%] Building CXX object CMakeFiles/judas_engine.dir/src/GameSession.cpp.o
[ 90%] Building CXX object CMakeFiles/judas_engine.dir/src/Simulation.cpp.o
[ 90%] Building CXX object CMakeFiles/judas_engine.dir/src/WorldPresentation.cpp.o
[ 90%] Building CXX object CMakeFiles/judas_engine.dir/src/GameplayHud.cpp.o
[ 90%] Building CXX object CMakeFiles/judas_engine.dir/src/EngineHost.cpp.o
[ 90%] Building CXX object CMakeFiles/judas_engine.dir/src/InteractivePlay.cpp.o
[ 90%] Building CXX object CMakeFiles/judas_engine.dir/src/ScreenshotWriter.cpp.o
[ 95%] Building CXX object CMakeFiles/judas_engine.dir/src/FidelityPolicy.cpp.o
[ 95%] Building CXX object CMakeFiles/judas_engine.dir/src/CoarseSimulation.cpp.o
[ 95%] Building CXX object CMakeFiles/judas_engine.dir/src/WorldState.cpp.o
[ 95%] Building CXX object CMakeFiles/judas_engine.dir/src/JointSolver.cpp.o
[ 95%] Building CXX object CMakeFiles/judas_engine.dir/src/PhysicsCastGeometry.cpp.o
[ 95%] Building CXX object CMakeFiles/judas_engine.dir/src/ImpactSolver.cpp.o
[ 95%] Building CXX object CMakeFiles/judas_engine.dir/src/RigidBody.cpp.o
[ 95%] Building CXX object CMakeFiles/judas_engine.dir/src/RigidBodyGravity.cpp.o
[ 95%] Building CXX object CMakeFiles/judas_engine.dir/src/Contacts.cpp.o
[100%] Building CXX object CMakeFiles/judas_engine.dir/src/ContactSolver.cpp.o
[100%] Building CXX object CMakeFiles/judas_engine.dir/src/RadialTerrain.cpp.o
[100%] Building CXX object CMakeFiles/judas_engine.dir/src/Broadphase.cpp.o
[100%] Building CXX object CMakeFiles/judas_engine.dir/src/Narrowphase.cpp.o
[100%] Building CXX object CMakeFiles/judas_engine.dir/src/PhysicsWorld.cpp.o
[100%] Linking CXX static library libjudas_engine.a
[100%] Built target judas_engine
