[  0%] Built target judas_glad
[  4%] Built target judas_icu_build
[ 14%] Built target judas_navigation_backend
[ 19%] Built target judas_quickjs
[ 23%] Built target judas_profiler
[ 42%] Built target freetype
[ 42%] Built target judas_audio_backend
[ 42%] Built target judas_materials
[ 42%] Built target harfbuzz
[ 42%] Building CXX object CMakeFiles/judas_engine.dir/src/Localization.cpp.o
[ 47%] Building CXX object CMakeFiles/judas_engine.dir/src/NavigationSystem.cpp.o
[ 47%] Building CXX object CMakeFiles/judas_engine.dir/src/LiquidSystem.cpp.o
[ 47%] Building CXX object CMakeFiles/judas_engine.dir/src/WorldRagdoll.cpp.o
[ 47%] Building CXX object CMakeFiles/judas_engine.dir/src/WorldAnimation.cpp.o
[ 47%] Building CXX object CMakeFiles/judas_engine.dir/src/WorldCharacter.cpp.o
[ 47%] Building CXX object CMakeFiles/judas_engine.dir/src/WorldScripts.cpp.o
[ 52%] Building CXX object CMakeFiles/judas_engine.dir/src/RuntimeUI.cpp.o
[ 52%] Building CXX object CMakeFiles/judas_engine.dir/src/ScriptSystem.cpp.o
[ 52%] Building CXX object CMakeFiles/judas_engine.dir/src/ProjectExporter.cpp.o
[ 52%] Building CXX object CMakeFiles/judas_engine.dir/src/WorldAudio.cpp.o
[ 52%] Building CXX object CMakeFiles/judas_engine.dir/src/ProductionFluidCoupling.cpp.o
/home/conner/Documents/GitHub/Project-Judas/src/ScriptSystem.cpp: In static member function ‘static JSValue ScriptSystem::Impl::Native(JSContext*, JSValue, int, JSValue*)’:
/home/conner/Documents/GitHub/Project-Judas/src/ScriptSystem.cpp:473:9: warning: this ‘if’ clause does not guard... [-Wmisleading-indentation]
  473 |         if(!JS_IsString(arg(1))||!JS_IsObject(arg(2)))return JS_ThrowTypeError(c,"message key and named argument object required");MessageArguments arguments;JSPropertyEnum* props=nullptr;uint32_t count=0;if(JS_GetOwnPropertyNames(c,&props,&count,arg(2),JS_GPN_STRING_MASK|JS_GPN_ENUM_ONLY))return JS_EXCEPTION;
      |         ^~
/home/conner/Documents/GitHub/Project-Judas/src/ScriptSystem.cpp:473:132: note: ...this statement, but the latter is misleadingly indented as if it were guarded by the ‘if’
  473 |         if(!JS_IsString(arg(1))||!JS_IsObject(arg(2)))return JS_ThrowTypeError(c,"message key and named argument object required");MessageArguments arguments;JSPropertyEnum* props=nullptr;uint32_t count=0;if(JS_GetOwnPropertyNames(c,&props,&count,arg(2),JS_GPN_STRING_MASK|JS_GPN_ENUM_ONLY))return JS_EXCEPTION;
      |                                                                                                                                    ^~~~~~~~~~~~~~~~
[ 52%] Building CXX object CMakeFiles/judas_engine.dir/src/Project.cpp.o
[ 52%] Building CXX object CMakeFiles/judas_engine.dir/src/AssetDatabase.cpp.o
[ 52%] Building CXX object CMakeFiles/judas_engine.dir/src/ResourceManager.cpp.o
[ 52%] Building CXX object CMakeFiles/judas_engine.dir/src/WorldDebugView.cpp.o
[ 57%] Building CXX object CMakeFiles/judas_engine.dir/src/SceneSession.cpp.o
[ 57%] Building CXX object CMakeFiles/judas_engine.dir/src/RuntimeWorld.cpp.o
[ 57%] Building CXX object CMakeFiles/judas_engine.dir/src/GameSession.cpp.o
[ 57%] Building CXX object CMakeFiles/judas_engine.dir/src/Simulation.cpp.o
[ 57%] Building CXX object CMakeFiles/judas_engine.dir/src/WorldPresentation.cpp.o
[ 57%] Building CXX object CMakeFiles/judas_engine.dir/src/GameplayHud.cpp.o
[ 57%] Building CXX object CMakeFiles/judas_engine.dir/src/EngineHost.cpp.o
[ 57%] Building CXX object CMakeFiles/judas_engine.dir/src/InteractivePlay.cpp.o
[ 57%] Building CXX object CMakeFiles/judas_engine.dir/src/CoarseSimulation.cpp.o
[ 57%] Building CXX object CMakeFiles/judas_engine.dir/src/WorldState.cpp.o
[ 57%] Linking CXX static library libjudas_engine.a
[100%] Built target judas_engine
