[  0%] Built target judas_quickjs
[  0%] Built target judas_glad
[  5%] Built target judas_icu_build
[ 20%] Built target judas_navigation_backend
[ 20%] Built target judas_profiler
[ 40%] Built target freetype
[ 40%] Built target judas_audio_backend
[ 40%] Built target harfbuzz
[ 40%] Built target judas_materials
[100%] Built target judas_engine
[100%] Building CXX object CMakeFiles/judas_text_render_tests.dir/tests/TextRenderTests.cpp.o
[100%] Linking CXX executable judas_text_render_tests
[100%] Built target judas_text_render_tests
[  0%] Built target judas_glad
[  9%] Built target judas_navigation_backend
[ 14%] Built target judas_icu_build
[ 33%] Built target freetype
[ 33%] Built target judas_quickjs
[ 38%] Built target judas_profiler
[ 38%] Built target harfbuzz
[ 38%] Built target judas_audio_backend
[ 38%] Built target judas_materials
[ 95%] Built target judas_engine
[ 95%] Building CXX object CMakeFiles/judas_localization_application_tests.dir/tests/LocalizationApplicationTests.cpp.o
[ 95%] Linking CXX executable judas_localization_application_tests
[100%] Built target judas_localization_application_tests
