[  4%] Built target judas_icu_build
[  4%] Built target judas_glad
[  9%] Built target judas_quickjs
[  9%] Built target judas_profiler
[ 19%] Built target judas_navigation_backend
[ 19%] Built target judas_materials
[ 19%] Built target judas_audio_backend
[ 19%] Built target harfbuzz
[ 38%] Built target freetype
[ 38%] Building CXX object CMakeFiles/judas_engine.dir/src/Localization.cpp.o
[ 38%] Building CXX object CMakeFiles/judas_engine.dir/src/Renderer.cpp.o
[ 38%] Building CXX object CMakeFiles/judas_engine.dir/src/EngineHost.cpp.o
[ 38%] Linking CXX static library libjudas_engine.a
[ 95%] Built target judas_engine
[100%] Building CXX object CMakeFiles/judas_text_localization_tests.dir/tests/TextLocalizationTests.cpp.o
[100%] Linking CXX executable judas_text_localization_tests
[100%] Built target judas_text_localization_tests
[  0%] Built target judas_quickjs
[  0%] Built target judas_glad
[ 10%] Built target judas_navigation_backend
[ 15%] Built target judas_icu_build
[ 20%] Built target judas_profiler
[ 40%] Built target freetype
[ 40%] Built target judas_audio_backend
[ 40%] Built target judas_materials
[ 40%] Built target harfbuzz
[100%] Built target judas_engine
[100%] Building CXX object CMakeFiles/judas_text_render_tests.dir/tests/TextRenderTests.cpp.o
[100%] Linking CXX executable judas_text_render_tests
[100%] Built target judas_text_render_tests
[  0%] Built target judas_glad
[  0%] Built target judas_quickjs
[  4%] Built target judas_icu_build
[ 14%] Built target judas_profiler
[ 19%] Built target judas_navigation_backend
[ 38%] Built target freetype
[ 38%] Built target judas_audio_backend
[ 38%] Built target harfbuzz
[ 38%] Built target judas_materials
[ 95%] Built target judas_engine
[ 95%] Linking CXX executable judas_localization_application_tests
[100%] Built target judas_localization_application_tests
