libEGL warning: Not allowed to force software rendering when API explicitly selects a hardware device.
Renderer fragment texture units: 32 (material path uses 12)
Text coverage missing for 259 clusters; primary-font .notdef shown
PASS normal GL renderer context
GL Mesa / llvmpipe (LLVM 21.1.8, 256 bits)
PASS DejaVuSans.ttf
PASS NotoSansArabic-Regular.ttf
PASS NotoSansDevanagari-Regular.ttf
PASS NotoSansJP-Regular.otf
PASS FT coverage available for submitted glyph
PASS FT coverage available for submitted glyph
PASS FT coverage available for submitted glyph
PASS FT coverage available for submitted glyph
PASS FT coverage available for submitted glyph
PASS FT coverage available for submitted glyph
PASS FT coverage available for submitted glyph
PASS FT coverage available for submitted glyph
PASS FT coverage available for submitted glyph
PASS FT coverage available for submitted glyph
PASS FT coverage available for submitted glyph
PASS FT coverage available for submitted glyph
PASS FT coverage available for submitted glyph
PASS FT coverage available for submitted glyph
PASS FT coverage available for submitted glyph
PASS FT coverage available for submitted glyph
PASS FT coverage available for submitted glyph
PASS FT coverage available for submitted glyph
PASS FT coverage available for submitted glyph
PASS FT coverage available for submitted glyph
PASS FT coverage available for submitted glyph
PASS FT coverage available for submitted glyph
PASS FT coverage available for submitted glyph
PASS FT coverage available for submitted glyph
PASS FT coverage available for submitted glyph
PASS FT coverage available for submitted glyph
PASS FT coverage available for submitted glyph
PASS FT coverage available for submitted glyph
PASS FT coverage available for submitted glyph
PASS FT coverage available for submitted glyph
PASS FT coverage available for submitted glyph
PASS FT coverage available for submitted glyph
PASS FT coverage available for submitted glyph
COVERAGE pixels=5524 mismatched=0 max=1.16
PASS actual GL glyph placement/coverage agrees with independent CPU raster positions
PASS consecutive compatible glyphs batched in hierarchy order
PASS warm glyphs do not rerasterize / UI is exposure independent
PASS real GL rectangular text clipping
PASS bounded eight-page atlas evicts under real CJK glyph pressure
PASS retained layout rerasterizes correctly after atlas eviction; no stale UVs
PASS font/project reset leaves retained CPU glyph identities safe
PASS M56 profile exports text/layout/glyph/cache/draw evidence
PERFORMANCE 100 labels median_ms=2.7894 p95_ms=7.9354 max_ms=11.4576 atlas_bytes=4194304 layout_bytes=65263 font_bytes=5752416 rasters=741 hits=11879 draws=100
PASS GL text/eviction/clip/scale has no errors
SUMMARY 47 checks 0 failures
