/usr/bin/x86_64-linux-gnu-ld.bfd: build/_deps/judas_harfbuzz-build/libharfbuzz.a(harfbuzz.cc.o): in function `_hb_ft_font_destroy(void*)':
harfbuzz.cc:(.text+0x2bb5): undefined reference to `FT_Done_Face'
/usr/bin/x86_64-linux-gnu-ld.bfd: build/_deps/judas_harfbuzz-build/libharfbuzz.a(harfbuzz.cc.o): in function `_hb_ft_get_table_tags(hb_face_t const*, unsigned int, unsigned int*, unsigned int*, void*)':
harfbuzz.cc:(.text+0x2bed): undefined reference to `FT_Sfnt_Table_Info'
/usr/bin/x86_64-linux-gnu-ld.bfd: build/_deps/judas_harfbuzz-build/libharfbuzz.a(harfbuzz.cc.o): in function `hb_ft_get_glyph_contour_point(hb_font_t*, void*, unsigned int, unsigned int, int*, int*, void*)':
harfbuzz.cc:(.text+0x2c5c): undefined reference to `FT_Load_Glyph'
/usr/bin/x86_64-linux-gnu-ld.bfd: build/_deps/judas_harfbuzz-build/libharfbuzz.a(harfbuzz.cc.o): in function `hb_ft_get_glyph_v_origin(hb_font_t*, void*, unsigned int, int*, int*, void*)':
harfbuzz.cc:(.text+0x2d40): undefined reference to `FT_Load_Glyph'
/usr/bin/x86_64-linux-gnu-ld.bfd: build/_deps/judas_harfbuzz-build/libharfbuzz.a(harfbuzz.cc.o): in function `hb_ft_draw_glyph(hb_font_t*, void*, unsigned int, hb_draw_funcs_t*, void*, void*)':
harfbuzz.cc:(.text+0x2e53): undefined reference to `FT_Load_Glyph'
/usr/bin/x86_64-linux-gnu-ld.bfd: harfbuzz.cc:(.text+0x2f46): undefined reference to `FT_Outline_EmboldenXY'
/usr/bin/x86_64-linux-gnu-ld.bfd: harfbuzz.cc:(.text+0x2feb): undefined reference to `FT_Outline_Decompose'
/usr/bin/x86_64-linux-gnu-ld.bfd: build/_deps/judas_harfbuzz-build/libharfbuzz.a(harfbuzz.cc.o): in function `hb_ft_get_glyph_name(hb_font_t*, void*, unsigned int, char*, unsigned int, void*)':
harfbuzz.cc:(.text+0x3112): undefined reference to `FT_Get_Glyph_Name'
/usr/bin/x86_64-linux-gnu-ld.bfd: build/_deps/judas_harfbuzz-build/libharfbuzz.a(harfbuzz.cc.o): in function `hb_ft_get_glyph_extents(hb_font_t*, void*, unsigned int, hb_glyph_extents_t*, void*)':
harfbuzz.cc:(.text+0x31b9): undefined reference to `FT_Load_Glyph'
/usr/bin/x86_64-linux-gnu-ld.bfd: build/_deps/judas_harfbuzz-build/libharfbuzz.a(harfbuzz.cc.o): in function `hb_ft_get_glyph_h_kerning(hb_font_t*, void*, unsigned int, unsigned int, void*)':
harfbuzz.cc:(.text+0x3461): undefined reference to `FT_Get_Kerning'
/usr/bin/x86_64-linux-gnu-ld.bfd: build/_deps/judas_harfbuzz-build/libharfbuzz.a(harfbuzz.cc.o): in function `hb_ft_get_font_h_extents(hb_font_t*, void*, hb_font_extents_t*, void*)':
harfbuzz.cc:(.text+0x3588): undefined reference to `FT_MulFix'
/usr/bin/x86_64-linux-gnu-ld.bfd: harfbuzz.cc:(.text+0x35a4): undefined reference to `FT_MulFix'
/usr/bin/x86_64-linux-gnu-ld.bfd: harfbuzz.cc:(.text+0x35c1): undefined reference to `FT_MulFix'
/usr/bin/x86_64-linux-gnu-ld.bfd: build/_deps/judas_harfbuzz-build/libharfbuzz.a(harfbuzz.cc.o): in function `hb_ft_get_variation_glyph(hb_font_t*, void*, unsigned int, unsigned int, unsigned int*, void*)':
harfbuzz.cc:(.text+0x3618): undefined reference to `FT_Face_GetCharVariantIndex'
/usr/bin/x86_64-linux-gnu-ld.bfd: build/_deps/judas_harfbuzz-build/libharfbuzz.a(harfbuzz.cc.o): in function `hb_ft_get_nominal_glyphs(hb_font_t*, void*, unsigned int, unsigned int const*, unsigned int, unsigned int*, unsigned int, void*)':
harfbuzz.cc:(.text+0x36aa): undefined reference to `FT_Get_Char_Index'
/usr/bin/x86_64-linux-gnu-ld.bfd: build/_deps/judas_harfbuzz-build/libharfbuzz.a(harfbuzz.cc.o): in function `reference_ft_library()':
harfbuzz.cc:(.text+0x3758): undefined reference to `FT_Reference_Library'
/usr/bin/x86_64-linux-gnu-ld.bfd: harfbuzz.cc:(.text+0x379a): undefined reference to `FT_New_Library'
/usr/bin/x86_64-linux-gnu-ld.bfd: harfbuzz.cc:(.text+0x37b2): undefined reference to `FT_Add_Default_Modules'
/usr/bin/x86_64-linux-gnu-ld.bfd: harfbuzz.cc:(.text+0x37bc): undefined reference to `FT_Set_Default_Properties'
/usr/bin/x86_64-linux-gnu-ld.bfd: harfbuzz.cc:(.text+0x37f2): undefined reference to `FT_Done_Library'
/usr/bin/x86_64-linux-gnu-ld.bfd: build/_deps/judas_harfbuzz-build/libharfbuzz.a(harfbuzz.cc.o): in function `hb_ft_get_glyph_from_name(hb_font_t*, void*, char const*, int, unsigned int*, void*)':
harfbuzz.cc:(.text+0x40fe): undefined reference to `FT_Get_Name_Index'
/usr/bin/x86_64-linux-gnu-ld.bfd: harfbuzz.cc:(.text+0x4157): undefined reference to `FT_Get_Name_Index'
/usr/bin/x86_64-linux-gnu-ld.bfd: harfbuzz.cc:(.text+0x4173): undefined reference to `FT_Get_Glyph_Name'
/usr/bin/x86_64-linux-gnu-ld.bfd: harfbuzz.cc:(.text+0x41ae): undefined reference to `FT_Get_Glyph_Name'
/usr/bin/x86_64-linux-gnu-ld.bfd: build/_deps/judas_harfbuzz-build/libharfbuzz.a(harfbuzz.cc.o): in function `_hb_ft_hb_font_changed(hb_font_t*, FT_FaceRec_*) [clone .isra.0]':
harfbuzz.cc:(.text+0x7b52): undefined reference to `FT_Set_Char_Size'
/usr/bin/x86_64-linux-gnu-ld.bfd: harfbuzz.cc:(.text+0x7bb6): undefined reference to `FT_Set_Transform'
/usr/bin/x86_64-linux-gnu-ld.bfd: harfbuzz.cc:(.text+0x7c25): undefined reference to `FT_Set_Char_Size'
/usr/bin/x86_64-linux-gnu-ld.bfd: build/_deps/judas_harfbuzz-build/libharfbuzz.a(harfbuzz.cc.o): in function `_hb_ft_reference_table(hb_face_t*, unsigned int, void*)':
harfbuzz.cc:(.text+0xcf87): undefined reference to `FT_Load_Sfnt_Table'
/usr/bin/x86_64-linux-gnu-ld.bfd: harfbuzz.cc:(.text+0xcfaf): undefined reference to `FT_Load_Sfnt_Table'
/usr/bin/x86_64-linux-gnu-ld.bfd: build/_deps/judas_harfbuzz-build/libharfbuzz.a(harfbuzz.cc.o): in function `_hb_ft_font_set_funcs(hb_font_t*, FT_FaceRec_*, bool)':
harfbuzz.cc:(.text+0x28375): undefined reference to `FT_Done_Face'
/usr/bin/x86_64-linux-gnu-ld.bfd: build/_deps/judas_harfbuzz-build/libharfbuzz.a(harfbuzz.cc.o): in function `hb_ft_face_create_referenced':
harfbuzz.cc:(.text+0x2a3df): undefined reference to `FT_Reference_Face'
/usr/bin/x86_64-linux-gnu-ld.bfd: harfbuzz.cc:(.text+0x2a53c): undefined reference to `FT_Done_Face'
/usr/bin/x86_64-linux-gnu-ld.bfd: harfbuzz.cc:(.text+0x2a55c): undefined reference to `FT_Done_Face'
/usr/bin/x86_64-linux-gnu-ld.bfd: build/_deps/judas_harfbuzz-build/libharfbuzz.a(harfbuzz.cc.o): in function `hb_ft_face_create_from_file_or_fail':
harfbuzz.cc:(.text+0x2a74e): undefined reference to `FT_New_Face'
/usr/bin/x86_64-linux-gnu-ld.bfd: harfbuzz.cc:(.text+0x2a762): undefined reference to `FT_Reference_Face'
/usr/bin/x86_64-linux-gnu-ld.bfd: harfbuzz.cc:(.text+0x2a8af): undefined reference to `FT_Done_Face'
/usr/bin/x86_64-linux-gnu-ld.bfd: harfbuzz.cc:(.text+0x2a90b): undefined reference to `FT_Done_Face'
/usr/bin/x86_64-linux-gnu-ld.bfd: harfbuzz.cc:(.text+0x2a926): undefined reference to `FT_Done_Face'
/usr/bin/x86_64-linux-gnu-ld.bfd: build/_deps/judas_harfbuzz-build/libharfbuzz.a(harfbuzz.cc.o): in function `hb_ft_paint_glyph_colr(hb_font_t*, void*, unsigned int, hb_paint_funcs_t*, void*, unsigned int, unsigned int, void*) [clone .isra.0]':
harfbuzz.cc:(.text+0x46057): undefined reference to `FT_Palette_Select'
/usr/bin/x86_64-linux-gnu-ld.bfd: harfbuzz.cc:(.text+0x46082): undefined reference to `FT_Get_Color_Glyph_Paint'
/usr/bin/x86_64-linux-gnu-ld.bfd: harfbuzz.cc:(.text+0x460cb): undefined reference to `FT_Get_Color_Glyph_Layer'
/usr/bin/x86_64-linux-gnu-ld.bfd: harfbuzz.cc:(.text+0x461c2): undefined reference to `FT_Get_Color_Glyph_ClipBox'
/usr/bin/x86_64-linux-gnu-ld.bfd: harfbuzz.cc:(.text+0x464b1): undefined reference to `FT_Get_Color_Glyph_Layer'
/usr/bin/x86_64-linux-gnu-ld.bfd: build/_deps/judas_harfbuzz-build/libharfbuzz.a(harfbuzz.cc.o): in function `hb_ft_paint_glyph(hb_font_t*, void*, unsigned int, hb_paint_funcs_t*, void*, unsigned int, unsigned int, void*)':
harfbuzz.cc:(.text+0x4678e): undefined reference to `FT_Load_Glyph'
/usr/bin/x86_64-linux-gnu-ld.bfd: build/_deps/judas_harfbuzz-build/libharfbuzz.a(harfbuzz.cc.o): in function `hb_ft_font_set_funcs':
harfbuzz.cc:(.text+0x4b7c0): undefined reference to `FT_New_Memory_Face'
/usr/bin/x86_64-linux-gnu-ld.bfd: harfbuzz.cc:(.text+0x4b7d6): undefined reference to `FT_Select_Charmap'
/usr/bin/x86_64-linux-gnu-ld.bfd: harfbuzz.cc:(.text+0x4b89a): undefined reference to `FT_Select_Charmap'
/usr/bin/x86_64-linux-gnu-ld.bfd: build/_deps/judas_harfbuzz-build/libharfbuzz.a(harfbuzz.cc.o): in function `hb_ft_get_nominal_glyph(hb_font_t*, void*, unsigned int, unsigned int*, void*)':
harfbuzz.cc:(.text+0x4b8e9): undefined reference to `FT_Get_Char_Index'
/usr/bin/x86_64-linux-gnu-ld.bfd: harfbuzz.cc:(.text+0x4b956): undefined reference to `FT_Get_Char_Index'
/usr/bin/x86_64-linux-gnu-ld.bfd: harfbuzz.cc:(.text+0x4ba06): undefined reference to `FT_Get_Char_Index'
/usr/bin/x86_64-linux-gnu-ld.bfd: build/_deps/judas_harfbuzz-build/libharfbuzz.a(harfbuzz.cc.o): in function `hb_ft_get_glyph_v_advance(hb_font_t*, void*, unsigned int, void*)':
harfbuzz.cc:(.text+0x51535): undefined reference to `FT_Get_Advance'
/usr/bin/x86_64-linux-gnu-ld.bfd: build/_deps/judas_harfbuzz-build/libharfbuzz.a(harfbuzz.cc.o): in function `hb_ft_get_glyph_h_advances(hb_font_t*, void*, unsigned int, unsigned int const*, unsigned int, int*, unsigned int, void*)':
harfbuzz.cc:(.text+0x51cd0): undefined reference to `FT_Get_Advance'
/usr/bin/x86_64-linux-gnu-ld.bfd: build/_deps/judas_harfbuzz-build/libharfbuzz.a(harfbuzz.cc.o): in function `hb_ft_font_create_referenced':
harfbuzz.cc:(.text+0x52bee): undefined reference to `FT_Reference_Face'
/usr/bin/x86_64-linux-gnu-ld.bfd: build/_deps/judas_harfbuzz-build/libharfbuzz.a(harfbuzz.cc.o): in function `_hb_ft_face_destroy(void*)':
harfbuzz.cc:(.text+0x2b85): undefined reference to `FT_Done_Face'
/usr/bin/x86_64-linux-gnu-ld.bfd: build/_deps/judas_harfbuzz-build/libharfbuzz.a(harfbuzz.cc.o): in function `finalize_ft_library(void*)':
harfbuzz.cc:(.text+0x36e9): undefined reference to `FT_Done_Library'
/usr/bin/x86_64-linux-gnu-ld.bfd: build/_deps/judas_harfbuzz-build/libharfbuzz.a(harfbuzz.cc.o): in function `destroy_ft_library(void*)':
harfbuzz.cc:(.text+0x36f5): undefined reference to `FT_Done_Library'
/usr/bin/x86_64-linux-gnu-ld.bfd: build/_deps/judas_harfbuzz-build/libharfbuzz.a(harfbuzz.cc.o): in function `free_static_ft_library()':
harfbuzz.cc:(.text+0x3729): undefined reference to `FT_Done_Library'
/usr/bin/x86_64-linux-gnu-ld.bfd: build/_deps/judas_harfbuzz-build/libharfbuzz.a(harfbuzz.cc.o): in function `_hb_ft_hb_font_changed(hb_font_t*, FT_FaceRec_*) [clone .isra.0]':
harfbuzz.cc:(.text+0x7b16): undefined reference to `FT_Set_Char_Size'
/usr/bin/x86_64-linux-gnu-ld.bfd: build/_deps/judas_harfbuzz-build/libharfbuzz.a(harfbuzz.cc.o): in function `_hb_ft_color_line_get_color_stops(hb_color_line_t*, void*, unsigned int, unsigned int*, hb_color_stop_t*, void*)':
harfbuzz.cc:(.text._ZL33_hb_ft_color_line_get_color_stopsP15hb_color_line_tPvjPjP15hb_color_stop_tS1_[_ZN21hb_ft_paint_context_t7recurseE16FT_Opaque_Paint_]+0x90): undefined reference to `FT_Get_Colorline_Stops'
/usr/bin/x86_64-linux-gnu-ld.bfd: harfbuzz.cc:(.text._ZL33_hb_ft_color_line_get_color_stopsP15hb_color_line_tPvjPjP15hb_color_stop_tS1_[_ZN21hb_ft_paint_context_t7recurseE16FT_Opaque_Paint_]+0x118): undefined reference to `FT_Get_Colorline_Stops'
/usr/bin/x86_64-linux-gnu-ld.bfd: build/_deps/judas_harfbuzz-build/libharfbuzz.a(harfbuzz.cc.o): in function `_hb_ft_paint(hb_ft_paint_context_t*, FT_Opaque_Paint_)':
harfbuzz.cc:(.text._ZL12_hb_ft_paintP21hb_ft_paint_context_t16FT_Opaque_Paint_[_ZN21hb_ft_paint_context_t7recurseE16FT_Opaque_Paint_]+0x35): undefined reference to `FT_Get_Paint'
/usr/bin/x86_64-linux-gnu-ld.bfd: harfbuzz.cc:(.text._ZL12_hb_ft_paintP21hb_ft_paint_context_t16FT_Opaque_Paint_[_ZN21hb_ft_paint_context_t7recurseE16FT_Opaque_Paint_]+0x27e): undefined reference to `FT_Get_Paint_Layers'
/usr/bin/x86_64-linux-gnu-ld.bfd: harfbuzz.cc:(.text._ZL12_hb_ft_paintP21hb_ft_paint_context_t16FT_Opaque_Paint_[_ZN21hb_ft_paint_context_t7recurseE16FT_Opaque_Paint_]+0x7ac): undefined reference to `FT_Get_Color_Glyph_Paint'
/usr/bin/x86_64-linux-gnu-ld.bfd: harfbuzz.cc:(.text._ZL12_hb_ft_paintP21hb_ft_paint_context_t16FT_Opaque_Paint_[_ZN21hb_ft_paint_context_t7recurseE16FT_Opaque_Paint_]+0x11ae): undefined reference to `FT_Get_Color_Glyph_ClipBox'
collect2: error: ld returned 1 exit status
