PASS real project look/fire defeats an enemy before save
PASS real gameplay awards score before save
PASS real N action spawns an independent prefab participant
PASS adoption changes ownership without changing durable identity
PASS ordinary target and joint destruction becomes tombstone
PASS representative changed region entity
PASS actual unload retains changed state and tombstones
PASS normal composed slot request
PASS save does not change travelling identity
SAVE capture_ms=12.34154 worker_ms=21.03160 bytes=66063 active=4 suspended_bytes=135220
PASS slot metadata refreshed after real commit
PASS fresh standalone streamed process exits cleanly
SUMMARY write checks=11 failures=0 frames=119
Renderer fragment texture units: 32 (material path uses 12)
World state: disk saves disabled for additive compositions
Project: Streamed Spring Range (/tmp/Judas_M61_assertions_streamed_range_packages-stream-corrected/game.judasproj)
Scene: Streamed Spring Range (/tmp/Judas_M61_assertions_streamed_range_packages-stream-corrected/Scenes/bootstrap.judas)
World origin (m): 0.000, 0.000, 0.000
Localization: missing localization key save.queued
Localization: missing localization key save.selected
Localization: missing localization key range.score
Localization: missing localization key range.progress
Localization: missing localization key range.start
Localization: missing localization key range.language
Localization: missing localization key range.title
Localization: missing localization key range.controls
Localization: missing localization key stream.wait
Localization: missing localization key save.queued
Localization: missing localization key save.selected
Localization: missing localization key save.queued
Localization: missing localization key save.selected
