[ 50%] Building CXX object CMakeFiles/judas_broadphase_tests.dir/src/ContactSolver.cpp.o
[ 50%] Building CXX object CMakeFiles/judas_broadphase_tests.dir/src/Broadphase.cpp.o
[ 50%] Building CXX object CMakeFiles/judas_broadphase_tests.dir/src/Narrowphase.cpp.o
[ 50%] Building CXX object CMakeFiles/judas_broadphase_tests.dir/src/Contacts.cpp.o
[100%] Building CXX object CMakeFiles/judas_broadphase_tests.dir/src/PhysicsWorld.cpp.o
[100%] Building CXX object CMakeFiles/judas_broadphase_tests.dir/src/RadialTerrain.cpp.o
[100%] Building CXX object CMakeFiles/judas_broadphase_tests.dir/src/RigidBody.cpp.o
[100%] Building CXX object CMakeFiles/judas_broadphase_tests.dir/src/RigidBodyGravity.cpp.o
[100%] Building CXX object CMakeFiles/judas_broadphase_tests.dir/tests/BroadphaseTests.cpp.o
[100%] Linking CXX executable judas_broadphase_tests
[100%] Built target judas_broadphase_tests
[ 50%] Building CXX object CMakeFiles/judas_rigid_contact_tests.dir/src/ContactSolver.cpp.o
[ 50%] Building CXX object CMakeFiles/judas_rigid_contact_tests.dir/src/Broadphase.cpp.o
[ 50%] Building CXX object CMakeFiles/judas_rigid_contact_tests.dir/src/Contacts.cpp.o
[ 50%] Building CXX object CMakeFiles/judas_rigid_contact_tests.dir/src/Narrowphase.cpp.o
[100%] Building CXX object CMakeFiles/judas_rigid_contact_tests.dir/src/PhysicsWorld.cpp.o
[100%] Building CXX object CMakeFiles/judas_rigid_contact_tests.dir/src/RadialTerrain.cpp.o
[100%] Building CXX object CMakeFiles/judas_rigid_contact_tests.dir/src/RigidBody.cpp.o
[100%] Building CXX object CMakeFiles/judas_rigid_contact_tests.dir/src/RigidBodyGravity.cpp.o
[100%] Building CXX object CMakeFiles/judas_rigid_contact_tests.dir/tests/RigidContactTests.cpp.o
[100%] Linking CXX executable judas_rigid_contact_tests
[100%] Built target judas_rigid_contact_tests
[  5%] Built target judas_glad
[ 11%] Building CXX object CMakeFiles/judas_engine.dir/src/Window.cpp.o
[ 11%] Building CXX object CMakeFiles/judas_engine.dir/src/Renderer.cpp.o
[ 11%] Building CXX object CMakeFiles/judas_engine.dir/src/PlayerView.cpp.o
[ 11%] Building CXX object CMakeFiles/judas_engine.dir/src/PlayerController.cpp.o
[ 11%] Building CXX object CMakeFiles/judas_engine.dir/src/StepClimb.cpp.o
[ 11%] Building CXX object CMakeFiles/judas_engine.dir/src/DynamicBody.cpp.o
[ 17%] Building CXX object CMakeFiles/judas_engine.dir/src/FlyingPrimitiveControl.cpp.o
[ 17%] Building CXX object CMakeFiles/judas_engine.dir/src/PilotAttachment.cpp.o
[ 17%] Building CXX object CMakeFiles/judas_engine.dir/src/PilotControl.cpp.o
[ 17%] Building CXX object CMakeFiles/judas_engine.dir/src/ReferenceFrame.cpp.o
[ 17%] Building CXX object CMakeFiles/judas_engine.dir/src/ModelLoader.cpp.o
[ 23%] Building CXX object CMakeFiles/judas_engine.dir/src/TextureLoader.cpp.o
[ 23%] Building CXX object CMakeFiles/judas_engine.dir/src/FontLoader.cpp.o
[ 23%] Building CXX object CMakeFiles/judas_engine.dir/src/UIWidgets.cpp.o
[ 23%] Building CXX object CMakeFiles/judas_engine.dir/src/PauseMenu.cpp.o
[ 23%] Building CXX object CMakeFiles/judas_engine.dir/src/HUD.cpp.o
[ 29%] Building CXX object CMakeFiles/judas_engine.dir/src/LightTransforms.cpp.o
[ 29%] Building CXX object CMakeFiles/judas_engine.dir/src/LightAttenuation.cpp.o
[ 29%] Building CXX object CMakeFiles/judas_engine.dir/src/ShadowTransforms.cpp.o
[ 29%] Building CXX object CMakeFiles/judas_engine.dir/src/HingeTransform.cpp.o
[ 35%] Building CXX object CMakeFiles/judas_engine.dir/src/InteractionSystem.cpp.o
[ 35%] Building CXX object CMakeFiles/judas_engine.dir/src/ObjectManipulation.cpp.o
[ 35%] Building CXX object CMakeFiles/judas_engine.dir/src/FluidWorld.cpp.o
[ 35%] Building CXX object CMakeFiles/judas_engine.dir/src/FluidSurface.cpp.o
[ 35%] Building CXX object CMakeFiles/judas_engine.dir/src/CombustionWorld.cpp.o
[ 41%] Building CXX object CMakeFiles/judas_engine.dir/src/FirePresentation.cpp.o
[ 41%] Building CXX object CMakeFiles/judas_engine.dir/src/TerrainDemo.cpp.o
[ 41%] Building CXX object CMakeFiles/judas_engine.dir/src/TerrainLibrary.cpp.o
[ 41%] Building CXX object CMakeFiles/judas_engine.dir/src/Door.cpp.o
[ 41%] Building CXX object CMakeFiles/judas_engine.dir/src/LightSwitch.cpp.o
[ 47%] Building CXX object CMakeFiles/judas_engine.dir/src/FaithfulGravity.cpp.o
[ 47%] Building CXX object CMakeFiles/judas_engine.dir/src/RadicalGravity.cpp.o
[ 47%] Building CXX object CMakeFiles/judas_engine.dir/src/SphericalVolume.cpp.o
[ 47%] Building CXX object CMakeFiles/judas_engine.dir/src/BoxVolume.cpp.o
[ 47%] Building CXX object CMakeFiles/judas_engine.dir/src/GravityContextMap.cpp.o
[ 52%] Building CXX object CMakeFiles/judas_engine.dir/src/CelestialGravity.cpp.o
[ 52%] Building CXX object CMakeFiles/judas_engine.dir/src/AtmosphereField.cpp.o
[ 52%] Building CXX object CMakeFiles/judas_engine.dir/src/AerodynamicDrag.cpp.o
[ 52%] Building CXX object CMakeFiles/judas_engine.dir/src/Scene.cpp.o
[ 58%] Building CXX object CMakeFiles/judas_engine.dir/src/SceneSerialization.cpp.o
[ 58%] Building CXX object CMakeFiles/judas_engine.dir/src/SceneFingerprint.cpp.o
[ 58%] Building CXX object CMakeFiles/judas_engine.dir/src/Project.cpp.o
[ 58%] Building CXX object CMakeFiles/judas_engine.dir/src/AssetDatabase.cpp.o
[ 58%] Building CXX object CMakeFiles/judas_engine.dir/src/JobSystem.cpp.o
[ 64%] Building CXX object CMakeFiles/judas_engine.dir/src/AsyncFile.cpp.o
[ 64%] Building CXX object CMakeFiles/judas_engine.dir/src/ResourceManager.cpp.o
[ 64%] Building CXX object CMakeFiles/judas_engine.dir/src/EnginePaths.cpp.o
[ 64%] Building CXX object CMakeFiles/judas_engine.dir/src/DebugDraw.cpp.o
[ 64%] Building CXX object CMakeFiles/judas_engine.dir/src/WorldDebugView.cpp.o
[ 70%] Building CXX object CMakeFiles/judas_engine.dir/src/RuntimeWorld.cpp.o
[ 70%] Building CXX object CMakeFiles/judas_engine.dir/src/GameSession.cpp.o
[ 70%] Building CXX object CMakeFiles/judas_engine.dir/src/Simulation.cpp.o
[ 70%] Building CXX object CMakeFiles/judas_engine.dir/src/WorldPresentation.cpp.o
[ 76%] Building CXX object CMakeFiles/judas_engine.dir/src/GameplayHud.cpp.o
[ 76%] Building CXX object CMakeFiles/judas_engine.dir/src/EngineHost.cpp.o
[ 76%] Building CXX object CMakeFiles/judas_engine.dir/src/InteractivePlay.cpp.o
[ 76%] Building CXX object CMakeFiles/judas_engine.dir/src/ScreenshotWriter.cpp.o
[ 76%] Building CXX object CMakeFiles/judas_engine.dir/src/FidelityPolicy.cpp.o
[ 82%] Building CXX object CMakeFiles/judas_engine.dir/src/CoarseSimulation.cpp.o
[ 82%] Building CXX object CMakeFiles/judas_engine.dir/src/WorldState.cpp.o
[ 82%] Building CXX object CMakeFiles/judas_engine.dir/src/RigidBody.cpp.o
[ 82%] Building CXX object CMakeFiles/judas_engine.dir/src/RigidBodyGravity.cpp.o
[ 82%] Building CXX object CMakeFiles/judas_engine.dir/src/Contacts.cpp.o
[ 88%] Building CXX object CMakeFiles/judas_engine.dir/src/ContactSolver.cpp.o
[ 88%] Building CXX object CMakeFiles/judas_engine.dir/src/RadialTerrain.cpp.o
[ 88%] Building CXX object CMakeFiles/judas_engine.dir/src/Broadphase.cpp.o
[ 88%] Building CXX object CMakeFiles/judas_engine.dir/src/Narrowphase.cpp.o
[ 88%] Building CXX object CMakeFiles/judas_engine.dir/src/PhysicsWorld.cpp.o
[ 94%] Linking CXX static library libjudas_engine.a
[ 94%] Built target judas_engine
[100%] Building CXX object CMakeFiles/judas_contact_geometry_tests.dir/tests/ContactGeometryProbe.cpp.o
[100%] Linking CXX executable judas_contact_geometry_tests
[100%] Built target judas_contact_geometry_tests
-- Configuring done (0.0s)
-- Generating done (0.1s)
-- Build files have been written to: /home/conner/Documents/GitHub/Project-Judas/build
[  0%] Built target judas_glad
[ 93%] Built target judas_engine
[ 93%] Building CXX object CMakeFiles/judas_contact_lifecycle_tests.dir/tests/ContactLifecycleTests.cpp.o
[ 93%] Linking CXX executable judas_contact_lifecycle_tests
[ 93%] Built target judas_contact_lifecycle_tests
