OBSERVATION Import normalized sibling-prefix escape accepted=1 error=
FAIL Import normalized sibling-prefix escape: request refused
FAIL Import normalized sibling-prefix escape: useful refusal error
FAIL Import normalized sibling-prefix escape: every existing file/sidecar byte preserved and no new files
FAIL Import normalized sibling-prefix escape: database identity and diagnostics unchanged
OBSERVATION Import absolute sibling-prefix escape accepted=1 error=
FAIL Import absolute sibling-prefix escape: request refused
FAIL Import absolute sibling-prefix escape: useful refusal error
FAIL Import absolute sibling-prefix escape: every existing file/sidecar byte preserved and no new files
FAIL Import absolute sibling-prefix escape: database identity and diagnostics unchanged
OBSERVATION Move normalized sibling-prefix escape accepted=1 error=
FAIL Move normalized sibling-prefix escape: request refused
FAIL Move normalized sibling-prefix escape: useful refusal error
FAIL Move normalized sibling-prefix escape: every existing file/sidecar byte preserved and no new files
FAIL Move normalized sibling-prefix escape: database identity and diagnostics unchanged
OBSERVATION Move absolute sibling-prefix escape accepted=1 error=
FAIL Move absolute sibling-prefix escape: request refused
FAIL Move absolute sibling-prefix escape: useful refusal error
FAIL Move absolute sibling-prefix escape: every existing file/sidecar byte preserved and no new files
FAIL Move absolute sibling-prefix escape: database identity and diagnostics unchanged
OBSERVATION Import over corrupt orphan sidecar accepted=1 error=
FAIL Import over corrupt orphan sidecar: request refused
FAIL Import over corrupt orphan sidecar: useful refusal error
FAIL Import over corrupt orphan sidecar: every existing file/sidecar byte preserved and no new files
FAIL Import over corrupt orphan sidecar: database identity and diagnostics unchanged
OBSERVATION Import over missing-asset identity accepted=1 error=
FAIL Import over missing-asset identity: request refused
FAIL Import over missing-asset identity: useful refusal error
FAIL Import over missing-asset identity: every existing file/sidecar byte preserved and no new files
FAIL Import over missing-asset identity: database identity and diagnostics unchanged
OBSERVATION Move over corrupt orphan sidecar accepted=1 error=
FAIL Move over corrupt orphan sidecar: request refused
FAIL Move over corrupt orphan sidecar: useful refusal error
FAIL Move over corrupt orphan sidecar: every existing file/sidecar byte preserved and no new files
FAIL Move over corrupt orphan sidecar: database identity and diagnostics unchanged
OBSERVATION Move over missing-asset identity accepted=1 error=
FAIL Move over missing-asset identity: request refused
FAIL Move over missing-asset identity: useful refusal error
FAIL Move over missing-asset identity: every existing file/sidecar byte preserved and no new files
FAIL Move over missing-asset identity: database identity and diagnostics unchanged
OBSERVATION Track existing identity with fresh forced ID accepted=1 error=
FAIL Track existing identity with fresh forced ID: request refused
FAIL Track existing identity with fresh forced ID: useful refusal error
FAIL Track existing identity with fresh forced ID: every existing file/sidecar byte preserved and no new files
FAIL Track existing identity with fresh forced ID: database identity and diagnostics unchanged
OBSERVATION Track existing corrupt sidecar accepted=1 error=
FAIL Track existing corrupt sidecar: request refused
FAIL Track existing corrupt sidecar: useful refusal error
FAIL Track existing corrupt sidecar: every existing file/sidecar byte preserved and no new files
FAIL Track existing corrupt sidecar: database identity and diagnostics unchanged
OBSERVATION Track sibling directory asset accepted=0 error=asset is not inside the assets directory: /tmp/judas_asset_integrity_1790645325251801882/track_outside/Assets_backup/external.obj
PASS Track sibling directory asset: request refused
PASS Track sibling directory asset: useful refusal error
PASS Track sibling directory asset: every existing file/sidecar byte preserved and no new files
PASS Track sibling directory asset: database identity and diagnostics unchanged
FAIL Track accepts a file component beginning with two dots inside assets
FAIL Track records exact inside file identity
PASS Import normalized path within assets
PASS Move normalized path within assets
PASS Move preserves referenced ID and resolves new path
PASS Move keeps metadata byte-for-byte
PASS Rescan resolves same ID to moved decoded asset
PASS Duplicate metadata keeps deterministic first holder
PASS Duplicate metadata reported explicitly
PASS Duplicate scan preserves every file byte
PASS temporary fixtures removed
Asset integrity: 14 cases, 55 checks, 42 failures
