libEGL warning: Not allowed to force software rendering when API explicitly selects a hardware device.
M31 resource stress: generating 24 sphere meshes (160x160) and 16 1024x1024 textures under /tmp/judas_m31_stress_4362
  137.5 MB of asset files
  7 workers, scene 'Tiny game' playing (3 dynamic bodies)
  async: all 40 assets Ready after 0.67 s; per-asset latency (request->Ready) min 163 ms avg 443 ms max 671 ms; 40 uploads; resident 211.9 MB (peak 211.9 MB)
  cancel: 20 loads cancelled by dropped demand, 10 stale completions discarded, 20 ready, 0 loading
  evict: budget 53.2 MB -> resident 106.4 MB before, 85.3 MB after, 4 evictions; referenced textures survived: yes
  reload: 4 evicted meshes re-requested and Ready again after 0.12 s
  blocking: all 40 assets loaded on the main thread in 1.56 s (one per frame)

Per-phase main-thread measurements (frame = pump + play frame + swap; 60 Hz fixed step):
  baseline (no loads)          frames  120 | frame avg   4.71 ms p99  34.68 ms max  146.95 ms (pump max   0.01 ms) | >33 ms:   2 | fixed steps    36 (expected ~   37, 1 saturated) | queue max  0 avg   0.0 | worker util   0.0% | jobs done 0
  async load (40 assets)       frames   30 | frame avg  21.16 ms p99  87.47 ms max   87.47 ms (pump max  36.66 ms) | >33 ms:   7 | fixed steps    40 (expected ~   40, 0 saturated) | queue max 40 avg  15.0 | worker util  65.3% | jobs done 40
  cancel + release             frames    1 | frame avg   1.60 ms p99   1.60 ms max    1.60 ms (pump max   0.12 ms) | >33 ms:   0 | fixed steps     0 (expected ~    0, 0 saturated) | queue max  3 avg   3.0 | worker util  11.5% | jobs done 0
  evict + reload               frames   12 | frame avg   9.72 ms p99  74.16 ms max   74.16 ms (pump max   5.87 ms) | >33 ms:   1 | fixed steps     8 (expected ~    7, 0 saturated) | queue max  4 avg   1.5 | worker util  45.9% | jobs done 4
  BLOCKING load (40 assets)    frames   40 | frame avg  38.57 ms p99  59.22 ms max   59.22 ms (pump max   0.00 ms) | >33 ms:  24 | fixed steps    95 (expected ~   94, 0 saturated) | queue max  0 avg   0.0 | worker util   0.0% | jobs done 0

Claim under test: expensive resource preparation no longer forces the main thread to wait for the whole operation.
  async  : worst frame   87.47 ms,   7 frames over 33 ms, 0 saturated catch-up frames, wall 0.67 s
  blocking: worst frame   59.22 ms,  24 frames over 33 ms, 0 saturated catch-up frames, wall 1.56 s
  (the work itself is not free: worker busy time during the async phase was 3.07 s across 7 workers)

shutdown clean (resources, workers, renderer, window in that order); temporary project removed
