[  0%] Built target judas_glad
[ 93%] Built target judas_engine
[ 93%] Building CXX object CMakeFiles/judas_timing_defect_probe.dir/tests/TimingDefectProbe.cpp.o
[100%] Linking CXX executable judas_timing_defect_probe
[100%] Built target judas_timing_defect_probe
[100%] Built target judas_rigid_contact_tests
[  0%] Built target judas_glad
[ 93%] Built target judas_engine
[100%] Built target judas_contact_geometry_tests
[  0%] Built target judas_glad
[100%] Built target judas_engine
[100%] Built target judas_contact_lifecycle_tests
[100%] Built target judas_broadphase_tests
[  0%] Built target judas_glad
[100%] Built target judas_engine
[100%] Built target judas_contact_cache_tests
[  0%] Built target judas_glad
[ 93%] Built target judas_engine
[100%] Built target judas_contact_storage_tests
[100%] Built target judas_physics_tests
[  0%] Built target judas_glad
[100%] Built target judas_engine
[100%] Built target judas_lifecycle_tests
