PRECONDITION half_020 warmup_steps=240 mean_particle_speed=0.0236777
CASE half_020 failures=0 mass=108.0000076 particles=752 y=1.20534122 vy=0.2219745219 fraction=0.5397162437 observed_fraction=0.5692616781 max_speed=1.741287947 particle_ms=19.36311 executed_ms=23.250777 amortized_ms=13.64922486
PRECONDITION neutral_020 warmup_steps=240 mean_particle_speed=0.02367769046
FAIL neutral_020 neutral drift within 0.20m over 4 seconds
CASE neutral_020 failures=1 mass=216.0000153 particles=752 y=0.2999913096 vy=2.08447426e-10 fraction=0.7751722932 observed_fraction=1 max_speed=1.059019566 particle_ms=19.555232 executed_ms=23.422858 amortized_ms=13.78794203
PRECONDITION dense_020 warmup_steps=240 mean_particle_speed=0.02367769046
CASE dense_020 failures=0 mass=432.0000305 particles=752 y=0.2999999523 vy=1.239867653e-09 fraction=0.8580157161 observed_fraction=1 max_speed=1.877638578 particle_ms=19.463969 executed_ms=23.22025 amortized_ms=14.27334317
PRECONDITION half_025 warmup_steps=240 mean_particle_speed=0.04999992984
FAIL half_025 independent measured box/surface immersion within 10 percentage points
CASE half_025 failures=1 mass=108.0000076 particles=336 y=0.8719603419 vy=0.08148767054 fraction=0.5113378763 observed_fraction=0.6259302775 max_speed=0.4678279459 particle_ms=8.025806 executed_ms=10.295998 amortized_ms=6.415517354
PRECONDITION neutral_025 warmup_steps=240 mean_particle_speed=0.04999992984
FAIL neutral_025 neutral drift within 0.20m over 4 seconds
CASE neutral_025 failures=1 mass=216.0000153 particles=336 y=0.2999999821 vy=3.829436768e-12 fraction=0.7671460509 observed_fraction=1 max_speed=1.16330874 particle_ms=8.163996 executed_ms=10.358583 amortized_ms=6.327212583
PRECONDITION dense_025 warmup_steps=240 mean_particle_speed=0.04999992984
CASE dense_025 failures=0 mass=432.0000305 particles=336 y=0.2999994457 vy=-6.166919198e-10 fraction=0.7642040253 observed_fraction=1 max_speed=1.878974557 particle_ms=8.081518 executed_ms=10.227256 amortized_ms=6.238804396
PRECONDITION rotated_half warmup_steps=240 mean_particle_speed=0.02382028615
FAIL rotated_half independent measured box/surface immersion within 10 percentage points
CASE rotated_half failures=1 mass=108.0000076 particles=752 y=1.189863682 vy=0.07298767567 fraction=0.534496665 observed_fraction=0.6352081299 max_speed=1.521149993 particle_ms=19.868721 executed_ms=23.880456 amortized_ms=13.99090653
PRECONDITION zero_gravity warmup_steps=240 mean_particle_speed=0.0754090352
FAIL zero_gravity reference pool is quiescent before body release
CASE zero_gravity failures=1 mass=216.0000153 particles=752 y=0.7047104239 vy=0.001760231797 fraction=0.6572617888 observed_fraction=1 max_speed=0.001760231913 particle_ms=12.75475 executed_ms=16.079542 amortized_ms=9.735477267
CASE common_freefall failures=0 mass=216.0000153 particles=752 y=-78.65877533 vy=-39.36595917 fraction=0.3909291029 observed_fraction=1 max_speed=39.36595917 particle_ms=9.703105 executed_ms=12.390273 amortized_ms=7.523622696
PRECONDITION small_mass_125x warmup_steps=240 mean_particle_speed=0.04518743178
CASE small_mass_125x failures=0 mass=0.864000082 particles=796 y=1.12216723 vy=0.1970328391 fraction=0.4568304718 observed_fraction=0.4267206828 max_speed=2.562750101 particle_ms=20.199639 executed_ms=21.207857 amortized_ms=11.1168915
PRECONDITION light_80kg warmup_steps=240 mean_particle_speed=0.03606707526
CASE light_80kg failures=0 mass=80 particles=752 y=1.158337712 vy=-0.1449256241 fraction=0.5106214881 observed_fraction=0.5677520752 max_speed=1.511965871 particle_ms=19.32371 executed_ms=22.853001 amortized_ms=13.40938398
SUMMARY checks=8003 failures=5 steps=5040
