[  4%] Built target judas_icu_build
[  4%] Building C object CMakeFiles/judas_quickjs.dir/third_party/quickjs/quickjs.c.o
[  4%] Building CXX object CMakeFiles/judas_app_icon.dir/src/AppIcon.cpp.o
[  4%] Building CXX object CMakeFiles/judas_navigation_backend.dir/third_party/recastnavigation/Detour/Source/DetourAlloc.cpp.o
[  4%] Building C object _deps/judas_freetype-build/CMakeFiles/freetype.dir/src/autofit/autofit.c.o
[  4%] Building CXX object CMakeFiles/judas_navigation_backend.dir/third_party/recastnavigation/Detour/Source/DetourAssert.cpp.o
[  4%] Building CXX object CMakeFiles/judas_navigation_backend.dir/third_party/recastnavigation/Detour/Source/DetourCommon.cpp.o
[  4%] Building CXX object CMakeFiles/judas_navigation_backend.dir/third_party/recastnavigation/Detour/Source/DetourNavMesh.cpp.o
[  4%] Building CXX object CMakeFiles/judas_navigation_backend.dir/third_party/recastnavigation/Detour/Source/DetourNavMeshBuilder.cpp.o
[  4%] Building CXX object CMakeFiles/judas_app_icon.dir/src/TextureLoader.cpp.o
[  4%] Building CXX object CMakeFiles/judas_navigation_backend.dir/third_party/recastnavigation/Detour/Source/DetourNavMeshQuery.cpp.o
[  4%] Building C object _deps/judas_freetype-build/CMakeFiles/freetype.dir/src/base/ftbase.c.o
[  9%] Building CXX object CMakeFiles/judas_navigation_backend.dir/third_party/recastnavigation/Detour/Source/DetourNode.cpp.o
[  9%] Building CXX object CMakeFiles/judas_navigation_backend.dir/third_party/recastnavigation/DetourCrowd/Source/DetourCrowd.cpp.o
[  9%] Building C object _deps/judas_freetype-build/CMakeFiles/freetype.dir/src/base/ftbbox.c.o
[  9%] Building CXX object CMakeFiles/judas_navigation_backend.dir/third_party/recastnavigation/DetourCrowd/Source/DetourLocalBoundary.cpp.o
[  9%] Building C object _deps/judas_freetype-build/CMakeFiles/freetype.dir/src/base/ftbdf.c.o
[  9%] Building C object _deps/judas_freetype-build/CMakeFiles/freetype.dir/src/base/ftbitmap.c.o
[  9%] Building CXX object CMakeFiles/judas_navigation_backend.dir/third_party/recastnavigation/DetourCrowd/Source/DetourObstacleAvoidance.cpp.o
[  9%] Building C object _deps/judas_freetype-build/CMakeFiles/freetype.dir/src/base/ftcid.c.o
[  9%] Building CXX object CMakeFiles/judas_navigation_backend.dir/third_party/recastnavigation/DetourCrowd/Source/DetourPathCorridor.cpp.o
[  9%] Building C object _deps/judas_freetype-build/CMakeFiles/freetype.dir/src/base/ftfstype.c.o
[  9%] Building C object _deps/judas_freetype-build/CMakeFiles/freetype.dir/src/base/ftgasp.c.o
[  9%] Building C object _deps/judas_freetype-build/CMakeFiles/freetype.dir/src/base/ftglyph.c.o
[  9%] Building C object _deps/judas_freetype-build/CMakeFiles/freetype.dir/src/base/ftgxval.c.o
[  9%] Building CXX object CMakeFiles/judas_navigation_backend.dir/third_party/recastnavigation/DetourCrowd/Source/DetourPathQueue.cpp.o
[ 14%] Building C object _deps/judas_freetype-build/CMakeFiles/freetype.dir/src/base/ftinit.c.o
[ 14%] Building C object _deps/judas_freetype-build/CMakeFiles/freetype.dir/src/base/ftmm.c.o
[ 14%] Building CXX object CMakeFiles/judas_navigation_backend.dir/third_party/recastnavigation/DetourCrowd/Source/DetourProximityGrid.cpp.o
[ 14%] Building C object _deps/judas_freetype-build/CMakeFiles/freetype.dir/src/base/ftotval.c.o
[ 14%] Building C object _deps/judas_freetype-build/CMakeFiles/freetype.dir/src/base/ftpatent.c.o
[ 14%] Building C object _deps/judas_freetype-build/CMakeFiles/freetype.dir/src/base/ftpfr.c.o
[ 14%] Building C object _deps/judas_freetype-build/CMakeFiles/freetype.dir/src/base/ftstroke.c.o
[ 14%] Building CXX object CMakeFiles/judas_navigation_backend.dir/third_party/recastnavigation/DetourTileCache/Source/DetourTileCache.cpp.o
[ 14%] Building CXX object CMakeFiles/judas_navigation_backend.dir/third_party/recastnavigation/DetourTileCache/Source/DetourTileCacheBuilder.cpp.o
[ 14%] Building C object _deps/judas_freetype-build/CMakeFiles/freetype.dir/src/base/ftsynth.c.o
[ 14%] Building C object _deps/judas_freetype-build/CMakeFiles/freetype.dir/src/base/fttype1.c.o
[ 14%] Building C object _deps/judas_freetype-build/CMakeFiles/freetype.dir/src/base/ftwinfnt.c.o
[ 14%] Linking CXX static library libjudas_app_icon.a
[ 14%] Building C object _deps/judas_freetype-build/CMakeFiles/freetype.dir/src/bdf/bdf.c.o
[ 14%] Built target judas_app_icon
[ 14%] Building C object CMakeFiles/judas_glad.dir/third_party/glad/src/gl.c.o
[ 14%] Linking C static library libjudas_glad.a
[ 14%] Built target judas_glad
[ 19%] Building CXX object CMakeFiles/judas_profiler.dir/src/PerformanceProfiler.cpp.o
[ 19%] Building C object _deps/judas_freetype-build/CMakeFiles/freetype.dir/src/bzip2/ftbzip2.c.o
[ 23%] Building C object _deps/judas_freetype-build/CMakeFiles/freetype.dir/src/cache/ftcache.c.o
[ 23%] Linking CXX static library libjudas_navigation_backend.a
[ 23%] Built target judas_navigation_backend
[ 28%] Building C object CMakeFiles/judas_audio_backend.dir/src/AudioBackend.c.o
[ 28%] Building C object _deps/judas_freetype-build/CMakeFiles/freetype.dir/src/cff/cff.c.o
[ 28%] Building C object _deps/judas_freetype-build/CMakeFiles/freetype.dir/src/cid/type1cid.c.o
[ 28%] Linking CXX static library libjudas_profiler.a
[ 28%] Built target judas_profiler
[ 33%] Building CXX object _deps/judas_harfbuzz-build/CMakeFiles/harfbuzz.dir/src/harfbuzz.cc.o
[ 33%] Building C object _deps/judas_freetype-build/CMakeFiles/freetype.dir/src/gzip/ftgzip.c.o
[ 33%] Building C object _deps/judas_freetype-build/CMakeFiles/freetype.dir/src/lzw/ftlzw.c.o
[ 33%] Building C object _deps/judas_freetype-build/CMakeFiles/freetype.dir/src/pcf/pcf.c.o
[ 33%] Building C object _deps/judas_freetype-build/CMakeFiles/freetype.dir/src/pfr/pfr.c.o
[ 33%] Building C object _deps/judas_freetype-build/CMakeFiles/freetype.dir/src/psaux/psaux.c.o
[ 33%] Building C object _deps/judas_freetype-build/CMakeFiles/freetype.dir/src/pshinter/pshinter.c.o
[ 33%] Building C object _deps/judas_freetype-build/CMakeFiles/freetype.dir/src/psnames/psnames.c.o
[ 33%] Building C object _deps/judas_freetype-build/CMakeFiles/freetype.dir/src/raster/raster.c.o
[ 38%] Building C object _deps/judas_freetype-build/CMakeFiles/freetype.dir/src/sdf/sdf.c.o
[ 38%] Building C object _deps/judas_freetype-build/CMakeFiles/freetype.dir/src/sfnt/sfnt.c.o
[ 38%] Building C object _deps/judas_freetype-build/CMakeFiles/freetype.dir/src/smooth/smooth.c.o
[ 38%] Building C object _deps/judas_freetype-build/CMakeFiles/freetype.dir/src/svg/svg.c.o
[ 38%] Building C object _deps/judas_freetype-build/CMakeFiles/freetype.dir/src/truetype/truetype.c.o
[ 38%] Building C object _deps/judas_freetype-build/CMakeFiles/freetype.dir/src/type1/type1.c.o
[ 38%] Building C object _deps/judas_freetype-build/CMakeFiles/freetype.dir/src/type42/type42.c.o
[ 38%] Building C object _deps/judas_freetype-build/CMakeFiles/freetype.dir/src/winfonts/winfnt.c.o
[ 38%] Building C object _deps/judas_freetype-build/CMakeFiles/freetype.dir/builds/unix/ftsystem.c.o
[ 38%] Building C object _deps/judas_freetype-build/CMakeFiles/freetype.dir/src/base/ftdebug.c.o
[ 38%] Linking C static library libfreetype.a
[ 38%] Built target freetype
[ 38%] Building C object CMakeFiles/judas_materials.dir/third_party/mikktspace/mikktspace.c.o
[ 38%] Linking CXX static library libjudas_materials.a
[ 38%] Built target judas_materials
[ 38%] Building C object CMakeFiles/judas_audio_backend.dir/src/ReverbBackend.c.o
[ 38%] Building C object CMakeFiles/judas_quickjs.dir/third_party/quickjs/dtoa.c.o
[ 38%] Building C object CMakeFiles/judas_quickjs.dir/third_party/quickjs/libregexp.c.o
[ 38%] Linking C static library libjudas_audio_backend.a
[ 38%] Built target judas_audio_backend
[ 38%] Building C object CMakeFiles/judas_quickjs.dir/third_party/quickjs/libunicode.c.o
[ 38%] Linking C static library libjudas_quickjs.a
[ 38%] Built target judas_quickjs
[ 38%] Linking C static library libharfbuzz.a
[ 38%] Built target harfbuzz
[ 38%] Building CXX object CMakeFiles/judas_engine.dir/src/WorldFracture.cpp.o
[ 38%] Building CXX object CMakeFiles/judas_engine.dir/src/Fracture.cpp.o
[ 38%] Building CXX object CMakeFiles/judas_engine.dir/src/DeformableAsset.cpp.o
[ 42%] Building CXX object CMakeFiles/judas_engine.dir/src/Deformable.cpp.o
/home/conner/Documents/GitHub/Project-Judas/src/WorldFracture.cpp: In member function ‘bool RuntimeWorld::PrepareRigidFracture(EntityId, std::string&)’:
/home/conner/Documents/GitHub/Project-Judas/src/WorldFracture.cpp:22:173: warning: missing initializer for member ‘CompoundBox::asset’ [-Wmissing-field-initializers]
   22 |         b.enabled=sim.settings.enabled;b.motion=SceneBodyMotion::Dynamic;b.shape=SceneShape::Compound;b.compoundBoxes={{glm::vec3(p.proxyCenter-com),glm::vec3(p.proxyHalf)}};
      |                                                                                                                                                                             ^
/home/conner/Documents/GitHub/Project-Judas/src/WorldFracture.cpp:22:173: warning: missing initializer for member ‘CompoundBox::assetId’ [-Wmissing-field-initializers]
[ 42%] Building CXX object CMakeFiles/judas_engine.dir/src/WorldDeformables.cpp.o
[ 42%] Building CXX object CMakeFiles/judas_engine.dir/src/TextLayout.cpp.o
[ 42%] Building CXX object CMakeFiles/judas_engine.dir/src/Localization.cpp.o
[ 42%] Building CXX object CMakeFiles/judas_engine.dir/src/Material.cpp.o
[ 42%] Building CXX object CMakeFiles/judas_engine.dir/src/Environment.cpp.o
[ 42%] Building CXX object CMakeFiles/judas_engine.dir/src/Tangents.cpp.o
[ 42%] Building CXX object CMakeFiles/judas_engine.dir/src/LiquidGeometry.cpp.o
[ 42%] Building CXX object CMakeFiles/judas_engine.dir/src/LiquidTypes.cpp.o
[ 42%] Building CXX object CMakeFiles/judas_engine.dir/src/LiquidSystem.cpp.o
[ 42%] Building CXX object CMakeFiles/judas_engine.dir/src/LiquidSurface.cpp.o
[ 47%] Building CXX object CMakeFiles/judas_engine.dir/src/NavigationSystem.cpp.o
[ 47%] Building CXX object CMakeFiles/judas_engine.dir/src/NavigationTypes.cpp.o
[ 47%] Building CXX object CMakeFiles/judas_engine.dir/src/NavigationAsset.cpp.o
[ 47%] Building CXX object CMakeFiles/judas_engine.dir/src/WorldAnimation.cpp.o
[ 47%] Building CXX object CMakeFiles/judas_engine.dir/src/PoseComposition.cpp.o
[ 47%] Building CXX object CMakeFiles/judas_engine.dir/src/WorldRagdoll.cpp.o
[ 47%] Building CXX object CMakeFiles/judas_engine.dir/src/GltfLoader.cpp.o
[ 47%] Building CXX object CMakeFiles/judas_engine.dir/src/WorldCharacter.cpp.o
[ 47%] Building CXX object CMakeFiles/judas_engine.dir/src/WorldStreaming.cpp.o
[ 47%] Building CXX object CMakeFiles/judas_engine.dir/src/WorldRegions.cpp.o
[ 47%] Building CXX object CMakeFiles/judas_engine.dir/src/WorldScripts.cpp.o
[ 52%] Building CXX object CMakeFiles/judas_engine.dir/src/RuntimeUI.cpp.o
[ 52%] Building CXX object CMakeFiles/judas_engine.dir/src/ScriptSystem.cpp.o
[ 52%] Building CXX object CMakeFiles/judas_engine.dir/src/Classification.cpp.o
[ 52%] Building CXX object CMakeFiles/judas_engine.dir/src/GamePackage.cpp.o
[ 52%] Building CXX object CMakeFiles/judas_engine.dir/src/ProjectExporter.cpp.o
[ 52%] Building CXX object CMakeFiles/judas_engine.dir/src/AudioStream.cpp.o
[ 52%] Building CXX object CMakeFiles/judas_engine.dir/src/AudioEnvironment.cpp.o
[ 52%] Building CXX object CMakeFiles/judas_engine.dir/src/AudioData.cpp.o
[ 52%] Building CXX object CMakeFiles/judas_engine.dir/src/AudioSystem.cpp.o
[ 52%] Building CXX object CMakeFiles/judas_engine.dir/src/WorldAudio.cpp.o
[ 52%] Building CXX object CMakeFiles/judas_engine.dir/src/Window.cpp.o
[ 57%] Building CXX object CMakeFiles/judas_engine.dir/src/InputSystem.cpp.o
[ 57%] Building CXX object CMakeFiles/judas_engine.dir/src/Renderer.cpp.o
[ 57%] Building CXX object CMakeFiles/judas_engine.dir/src/SkeletalAnimation.cpp.o
[ 57%] Building CXX object CMakeFiles/judas_engine.dir/src/CharacterMotor.cpp.o
[ 57%] Building CXX object CMakeFiles/judas_engine.dir/src/PlayerController.cpp.o
[ 57%] Building CXX object CMakeFiles/judas_engine.dir/src/PlayerView.cpp.o
[ 57%] Building CXX object CMakeFiles/judas_engine.dir/src/StepClimb.cpp.o
[ 57%] Building CXX object CMakeFiles/judas_engine.dir/src/DynamicBody.cpp.o
[ 57%] Building CXX object CMakeFiles/judas_engine.dir/src/FlyingPrimitiveControl.cpp.o
[ 57%] Building CXX object CMakeFiles/judas_engine.dir/src/PilotAttachment.cpp.o
[ 57%] Building CXX object CMakeFiles/judas_engine.dir/src/PilotControl.cpp.o
[ 61%] Building CXX object CMakeFiles/judas_engine.dir/src/ReferenceFrame.cpp.o
[ 61%] Building CXX object CMakeFiles/judas_engine.dir/src/CollisionSource.cpp.o
[ 61%] Building CXX object CMakeFiles/judas_engine.dir/src/ModelLoader.cpp.o
[ 61%] Building CXX object CMakeFiles/judas_engine.dir/src/FontLoader.cpp.o
[ 61%] Building CXX object CMakeFiles/judas_engine.dir/src/UIWidgets.cpp.o
[ 61%] Building CXX object CMakeFiles/judas_engine.dir/src/PauseMenu.cpp.o
[ 61%] Building CXX object CMakeFiles/judas_engine.dir/src/HUD.cpp.o
[ 61%] Building CXX object CMakeFiles/judas_engine.dir/src/LightTransforms.cpp.o
[ 61%] Building CXX object CMakeFiles/judas_engine.dir/src/LightAttenuation.cpp.o
[ 61%] Building CXX object CMakeFiles/judas_engine.dir/src/ShadowTransforms.cpp.o
[ 61%] Building CXX object CMakeFiles/judas_engine.dir/src/HingeTransform.cpp.o
[ 66%] Building CXX object CMakeFiles/judas_engine.dir/src/InteractionSystem.cpp.o
[ 66%] Building CXX object CMakeFiles/judas_engine.dir/src/ObjectManipulation.cpp.o
[ 66%] Building CXX object CMakeFiles/judas_engine.dir/src/FluidWorld.cpp.o
[ 66%] Building CXX object CMakeFiles/judas_engine.dir/src/ProductionFluidCoupling.cpp.o
[ 66%] Building CXX object CMakeFiles/judas_engine.dir/src/FluidHydrostatics.cpp.o
/home/conner/Documents/GitHub/Project-Judas/src/FluidHydrostatics.cpp: In function ‘void {anonymous}::AppendBox(FluidVolumeQuadrature&, const glm::vec3&, const glm::vec3&, unsigned int)’:
/home/conner/Documents/GitHub/Project-Judas/src/FluidHydrostatics.cpp:26:29: warning: missing initializer for member ‘CompoundBox::asset’ [-Wmissing-field-initializers]
   26 |     out.solidBoxes.push_back({center,h});
      |     ~~~~~~~~~~~~~~~~~~~~~~~~^~~~~~~~~~~~
/home/conner/Documents/GitHub/Project-Judas/src/FluidHydrostatics.cpp:26:29: warning: missing initializer for member ‘CompoundBox::assetId’ [-Wmissing-field-initializers]
[ 66%] Building CXX object CMakeFiles/judas_engine.dir/src/FluidSurface.cpp.o
[ 66%] Building CXX object CMakeFiles/judas_engine.dir/src/CombustionWorld.cpp.o
[ 66%] Building CXX object CMakeFiles/judas_engine.dir/src/FirePresentation.cpp.o
[ 66%] Building CXX object CMakeFiles/judas_engine.dir/src/TerrainDemo.cpp.o
[ 66%] Building CXX object CMakeFiles/judas_engine.dir/src/TerrainLibrary.cpp.o
[ 71%] Building CXX object CMakeFiles/judas_engine.dir/src/Door.cpp.o
[ 71%] Building CXX object CMakeFiles/judas_engine.dir/src/LightSwitch.cpp.o
[ 71%] Building CXX object CMakeFiles/judas_engine.dir/src/FaithfulGravity.cpp.o
[ 71%] Building CXX object CMakeFiles/judas_engine.dir/src/RadicalGravity.cpp.o
[ 71%] Building CXX object CMakeFiles/judas_engine.dir/src/SphericalVolume.cpp.o
[ 71%] Building CXX object CMakeFiles/judas_engine.dir/src/BoxVolume.cpp.o
[ 71%] Building CXX object CMakeFiles/judas_engine.dir/src/GravityContextMap.cpp.o
[ 71%] Building CXX object CMakeFiles/judas_engine.dir/src/CelestialGravity.cpp.o
[ 71%] Building CXX object CMakeFiles/judas_engine.dir/src/AtmosphereField.cpp.o
[ 71%] Building CXX object CMakeFiles/judas_engine.dir/src/AerodynamicDrag.cpp.o
[ 71%] Building CXX object CMakeFiles/judas_engine.dir/src/VisualParticles.cpp.o
[ 76%] Building CXX object CMakeFiles/judas_engine.dir/src/Prefab.cpp.o
[ 76%] Building CXX object CMakeFiles/judas_engine.dir/src/Scene.cpp.o
[ 76%] Building CXX object CMakeFiles/judas_engine.dir/src/Ragdoll.cpp.o
[ 76%] Building CXX object CMakeFiles/judas_engine.dir/src/SceneSerialization.cpp.o
[ 76%] Building CXX object CMakeFiles/judas_engine.dir/src/SceneFingerprint.cpp.o
[ 76%] Building CXX object CMakeFiles/judas_engine.dir/src/Project.cpp.o
[ 76%] Building CXX object CMakeFiles/judas_engine.dir/src/AssetDatabase.cpp.o
[ 76%] Building CXX object CMakeFiles/judas_engine.dir/src/JobSystem.cpp.o
[ 76%] Building CXX object CMakeFiles/judas_engine.dir/src/AsyncFile.cpp.o
[ 76%] Building CXX object CMakeFiles/judas_engine.dir/src/ResourceManager.cpp.o
[ 76%] Building CXX object CMakeFiles/judas_engine.dir/src/EnginePaths.cpp.o
[ 80%] Building CXX object CMakeFiles/judas_engine.dir/src/DebugDraw.cpp.o
[ 80%] Building CXX object CMakeFiles/judas_engine.dir/src/WorldDebugView.cpp.o
[ 80%] Building CXX object CMakeFiles/judas_engine.dir/src/SceneSession.cpp.o
[ 80%] Building CXX object CMakeFiles/judas_engine.dir/src/RuntimeWorld.cpp.o
[ 80%] Building CXX object CMakeFiles/judas_engine.dir/src/GameSession.cpp.o
[ 80%] Building CXX object CMakeFiles/judas_engine.dir/src/Simulation.cpp.o
[ 80%] Building CXX object CMakeFiles/judas_engine.dir/src/WorldPresentation.cpp.o
[ 80%] Building CXX object CMakeFiles/judas_engine.dir/src/GameplayHud.cpp.o
/home/conner/Documents/GitHub/Project-Judas/src/WorldPresentation.cpp: In function ‘void {anonymous}::DrawRenderable(Renderer&, ResourceManager*, const SceneRenderComponent&, const glm::vec3&, const glm::quat&, const glm::vec3&, float, TextureHandle, const std::vector<glm::mat<4, 4, float, glm::packed_highp> >*)’:
/home/conner/Documents/GitHub/Project-Judas/src/WorldPresentation.cpp:70:12: warning: enumeration value ‘ConvexHull’ not handled in switch [-Wswitch]
   70 |     switch (render.shape) {
      |            ^
/home/conner/Documents/GitHub/Project-Judas/src/WorldPresentation.cpp:70:12: warning: enumeration value ‘TriangleMesh’ not handled in switch [-Wswitch]
[ 80%] Building CXX object CMakeFiles/judas_engine.dir/src/EngineHost.cpp.o
[ 80%] Building CXX object CMakeFiles/judas_engine.dir/src/InteractivePlay.cpp.o
[ 80%] Building CXX object CMakeFiles/judas_engine.dir/src/ScreenshotWriter.cpp.o
[ 85%] Building CXX object CMakeFiles/judas_engine.dir/src/FidelityPolicy.cpp.o
[ 85%] Building CXX object CMakeFiles/judas_engine.dir/src/CoarseSimulation.cpp.o
[ 85%] Building CXX object CMakeFiles/judas_engine.dir/src/WorldState.cpp.o
[ 85%] Building CXX object CMakeFiles/judas_engine.dir/src/SaveStorage.cpp.o
[ 85%] Building CXX object CMakeFiles/judas_engine.dir/src/SaveService.cpp.o
[ 85%] Building CXX object CMakeFiles/judas_engine.dir/src/MotorPersistence.cpp.o
[ 85%] Building CXX object CMakeFiles/judas_engine.dir/src/LiquidPersistence.cpp.o
[ 85%] Building CXX object CMakeFiles/judas_engine.dir/src/WorldPersistence.cpp.o
[ 85%] Building CXX object CMakeFiles/judas_engine.dir/src/CollisionAsset.cpp.o
[ 85%] Building CXX object CMakeFiles/judas_engine.dir/src/CollisionGeometry.cpp.o
/home/conner/Documents/GitHub/Project-Judas/src/CollisionAsset.cpp: In function ‘bool CookCollision(const MeshData&, const CollisionCookSettings&, CollisionAsset&, std::string&)’:
/home/conner/Documents/GitHub/Project-Judas/src/CollisionAsset.cpp:67:3: warning: this ‘if’ clause does not guard... [-Wmisleading-indentation]
   67 |   if(dropped)a.warnings.push_back("removed "+std::to_string(dropped)+" duplicate/degenerate triangles");if(a.faces.empty())throw std::runtime_error("no usable collision triangles");
      |   ^~
/home/conner/Documents/GitHub/Project-Judas/src/CollisionAsset.cpp:67:105: note: ...this statement, but the latter is misleadingly indented as if it were guarded by the ‘if’
   67 |   if(dropped)a.warnings.push_back("removed "+std::to_string(dropped)+" duplicate/degenerate triangles");if(a.faces.empty())throw std::runtime_error("no usable collision triangles");
      |                                                                                                         ^~
/home/conner/Documents/GitHub/Project-Judas/src/CollisionAsset.cpp: In function ‘bool SaveCollisionAsset(const std::string&, const CollisionAsset&, std::string&)’:
/home/conner/Documents/GitHub/Project-Judas/src/CollisionAsset.cpp:75:2: warning: this ‘for’ clause does not guard... [-Wmisleading-indentation]
   75 |  for(auto p:a.vertices)s<<p.x<<' '<<p.y<<' '<<p.z<<'\n';for(auto& f:a.faces){for(auto v:f.vertices)s<<v<<' ';for(auto v:f.adjacent)s<<v<<' ';for(auto v:f.active)s<<v<<' ';s<<f.source<<' '<<f.normal.x<<' '<<f.normal.y<<' '<<f.normal.z<<'\n';}for(auto& n:a.nodes)s<<n.minimum.x<<' '<<n.minimum.y<<' '<<n.minimum.z<<' '<<n.maximum.x<<' '<<n.maximum.y<<' '<<n.maximum.z<<' '<<n.first<<' '<<n.count<<' '<<n.left<<' '<<n.right<<'\n';for(auto i:a.order)s<<i<<' ';s<<'\n';for(auto p:{a.minimum,a.maximum,a.centerOfMass})s<<p.x<<' '<<p.y<<' '<<p.z<<' ';s<<a.volume<<' ';for(int c=0;c<3;++c)for(int r=0;r<3;++r)s<<a.unitInertia[c][r]<<' ';s<<'\n';
      |  ^~~
/home/conner/Documents/GitHub/Project-Judas/src/CollisionAsset.cpp:75:57: note: ...this statement, but the latter is misleadingly indented as if it were guarded by the ‘for’
   75 |  for(auto p:a.vertices)s<<p.x<<' '<<p.y<<' '<<p.z<<'\n';for(auto& f:a.faces){for(auto v:f.vertices)s<<v<<' ';for(auto v:f.adjacent)s<<v<<' ';for(auto v:f.active)s<<v<<' ';s<<f.source<<' '<<f.normal.x<<' '<<f.normal.y<<' '<<f.normal.z<<'\n';}for(auto& n:a.nodes)s<<n.minimum.x<<' '<<n.minimum.y<<' '<<n.minimum.z<<' '<<n.maximum.x<<' '<<n.maximum.y<<' '<<n.maximum.z<<' '<<n.first<<' '<<n.count<<' '<<n.left<<' '<<n.right<<'\n';for(auto i:a.order)s<<i<<' ';s<<'\n';for(auto p:{a.minimum,a.maximum,a.centerOfMass})s<<p.x<<' '<<p.y<<' '<<p.z<<' ';s<<a.volume<<' ';for(int c=0;c<3;++c)for(int r=0;r<3;++r)s<<a.unitInertia[c][r]<<' ';s<<'\n';
      |                                                         ^~~
[ 85%] Building CXX object CMakeFiles/judas_engine.dir/third_party/quickhull/QuickHull.cpp.o
/home/conner/Documents/GitHub/Project-Judas/src/CollisionGeometry.cpp: In function ‘{anonymous}::V {anonymous}::nearestTriangle(V, V, V, V)’:
/home/conner/Documents/GitHub/Project-Judas/src/CollisionGeometry.cpp:17:2: warning: this ‘if’ clause does not guard... [-Wmisleading-indentation]
   17 |  if(d1<=0&&d2<=0)return a;V bp=p-b;double d3=glm::dot(ab,bp),d4=glm::dot(ac,bp);if(d3>=0&&d4<=d3)return b;
      |  ^~
/home/conner/Documents/GitHub/Project-Judas/src/CollisionGeometry.cpp:17:27: note: ...this statement, but the latter is misleadingly indented as if it were guarded by the ‘if’
   17 |  if(d1<=0&&d2<=0)return a;V bp=p-b;double d3=glm::dot(ab,bp),d4=glm::dot(ac,bp);if(d3>=0&&d4<=d3)return b;
      |                           ^
/home/conner/Documents/GitHub/Project-Judas/src/CollisionGeometry.cpp: In function ‘{anonymous}::Poly {anonymous}::triangle(const PrimitivePose&, unsigned int, V)’:
/home/conner/Documents/GitHub/Project-Judas/src/CollisionGeometry.cpp:46:2: warning: this ‘for’ clause does not guard... [-Wmisleading-indentation]
   46 |  for(auto i:f.vertices)p.points.push_back(center+r*a.vertices[i]);p.faces={{0,1,2}};p.normals={r*f.normal};p.edges={{0,1},{1,2},{0,2}};return p;
      |  ^~~
/home/conner/Documents/GitHub/Project-Judas/src/CollisionGeometry.cpp:46:67: note: ...this statement, but the latter is misleadingly indented as if it were guarded by the ‘for’
   46 |  for(auto i:f.vertices)p.points.push_back(center+r*a.vertices[i]);p.faces={{0,1,2}};p.normals={r*f.normal};p.edges={{0,1},{1,2},{0,2}};return p;
      |                                                                   ^
/home/conner/Documents/GitHub/Project-Judas/src/CollisionGeometry.cpp: In function ‘{anonymous}::Separation {anonymous}::sat(const Poly&, const Poly&)’:
/home/conner/Documents/GitHub/Project-Judas/src/CollisionGeometry.cpp:53:2: warning: this ‘for’ clause does not guard... [-Wmisleading-indentation]
   53 |  for(V n:a.normals)axis(n,true,false);for(V n:b.normals)axis(n,true,false);
      |  ^~~
/home/conner/Documents/GitHub/Project-Judas/src/CollisionGeometry.cpp:53:39: note: ...this statement, but the latter is misleadingly indented as if it were guarded by the ‘for’
   53 |  for(V n:a.normals)axis(n,true,false);for(V n:b.normals)axis(n,true,false);
      |                                       ^~~
/home/conner/Documents/GitHub/Project-Judas/src/CollisionGeometry.cpp: In function ‘GeometryDistance SegmentGeometry({anonymous}::V, {anonymous}::V, double, const PrimitivePose&, double)’:
/home/conner/Documents/GitHub/Project-Judas/src/CollisionGeometry.cpp:98:2: warning: this ‘if’ clause does not guard... [-Wmisleading-indentation]
   98 |  if(!target.shape.asset)return out;const auto& asset=*target.shape.asset;
      |  ^~
/home/conner/Documents/GitHub/Project-Judas/src/CollisionGeometry.cpp:98:36: note: ...this statement, but the latter is misleadingly indented as if it were guarded by the ‘if’
   98 |  if(!target.shape.asset)return out;const auto& asset=*target.shape.asset;
      |                                    ^~~~~
/home/conner/Documents/GitHub/Project-Judas/src/CollisionGeometry.cpp:107:2: warning: this ‘if’ clause does not guard... [-Wmisleading-indentation]
  107 |  if(out.valid&&out.gap>range)out.valid=false;return out;
      |  ^~
/home/conner/Documents/GitHub/Project-Judas/src/CollisionGeometry.cpp:107:46: note: ...this statement, but the latter is misleadingly indented as if it were guarded by the ‘if’
  107 |  if(out.valid&&out.gap>range)out.valid=false;return out;
      |                                              ^~~~~~
/home/conner/Documents/GitHub/Project-Judas/src/CollisionGeometry.cpp: In function ‘ContactManifold CookedContacts(const PrimitivePose&, const PrimitivePose&, double)’:
/home/conner/Documents/GitHub/Project-Judas/src/CollisionGeometry.cpp:136:2: warning: this ‘else’ clause does not guard... [-Wmisleading-indentation]
  136 |  else throw std::invalid_argument("unsupported cooked contact target");reduce(contacts,out);return out;
      |  ^~~~
/home/conner/Documents/GitHub/Project-Judas/src/CollisionGeometry.cpp:136:72: note: ...this statement, but the latter is misleadingly indented as if it were guarded by the ‘else’
  136 |  else throw std::invalid_argument("unsupported cooked contact target");reduce(contacts,out);return out;
      |                                                                        ^~~~~~
/home/conner/Documents/GitHub/Project-Judas/src/CollisionGeometry.cpp: In function ‘CollisionMassProperties ShapeMassProperties(const Shape&)’:
/home/conner/Documents/GitHub/Project-Judas/src/CollisionGeometry.cpp:147:3: warning: this ‘if’ clause does not guard... [-Wmisleading-indentation]
  147 |   if(!(out.volume>0))throw std::invalid_argument("compound has no mass volume");out.center/=out.volume;out.inertia-=out.volume*(glm::dot(out.center,out.center)*M(1)-glm::outerProduct(out.center,out.center));
      |   ^~
/home/conner/Documents/GitHub/Project-Judas/src/CollisionGeometry.cpp:147:81: note: ...this statement, but the latter is misleadingly indented as if it were guarded by the ‘if’
  147 |   if(!(out.volume>0))throw std::invalid_argument("compound has no mass volume");out.center/=out.volume;out.inertia-=out.volume*(glm::dot(out.center,out.center)*M(1)-glm::outerProduct(out.center,out.center));
      |                                                                                 ^~~
/home/conner/Documents/GitHub/Project-Judas/src/CollisionGeometry.cpp:149:2: warning: this ‘if’ clause does not guard... [-Wmisleading-indentation]
  149 |  if(!(out.volume>0)||!std::isfinite(out.volume)||!(glm::determinant(out.inertia)>0))throw std::invalid_argument("invalid/singular collision mass geometry");return out;
      |  ^~
/home/conner/Documents/GitHub/Project-Judas/src/CollisionGeometry.cpp:149:157: note: ...this statement, but the latter is misleadingly indented as if it were guarded by the ‘if’
  149 |  if(!(out.volume>0)||!std::isfinite(out.volume)||!(glm::determinant(out.inertia)>0))throw std::invalid_argument("invalid/singular collision mass geometry");return out;
      |                                                                                                                                                             ^~~~~~
/home/conner/Documents/GitHub/Project-Judas/third_party/quickhull/QuickHull.cpp: In instantiation of ‘quickhull::HalfEdgeMesh<FloatType, long unsigned int> quickhull::QuickHull<FloatType>::getConvexHullAsMesh(const FloatType*, size_t, bool, FloatType) [with FloatType = float; size_t = long unsigned int]’:
/home/conner/Documents/GitHub/Project-Judas/third_party/quickhull/QuickHull.cpp:511:17:   required from here
  511 |         template class QuickHull<float>;
      |                        ^~~~~~~~~~~~~~~~
/home/conner/Documents/GitHub/Project-Judas/third_party/quickhull/QuickHull.cpp:45:137: warning: unused parameter ‘CCW’ [-Wunused-parameter]
   45 |         HalfEdgeMesh<FloatType, size_t> QuickHull<FloatType>::getConvexHullAsMesh(const FloatType* vertexData, size_t vertexCount, bool CCW, FloatType epsilon) {
      |                                                                                                                                    ~~~~~^~~
/home/conner/Documents/GitHub/Project-Judas/third_party/quickhull/QuickHull.cpp: In instantiation of ‘quickhull::HalfEdgeMesh<FloatType, long unsigned int> quickhull::QuickHull<FloatType>::getConvexHullAsMesh(const FloatType*, size_t, bool, FloatType) [with FloatType = double; size_t = long unsigned int]’:
/home/conner/Documents/GitHub/Project-Judas/third_party/quickhull/QuickHull.cpp:512:17:   required from here
  512 |         template class QuickHull<double>;
      |                        ^~~~~~~~~~~~~~~~~
/home/conner/Documents/GitHub/Project-Judas/third_party/quickhull/QuickHull.cpp:45:137: warning: unused parameter ‘CCW’ [-Wunused-parameter]
   45 |         HalfEdgeMesh<FloatType, size_t> QuickHull<FloatType>::getConvexHullAsMesh(const FloatType* vertexData, size_t vertexCount, bool CCW, FloatType epsilon) {
      |                                                                                                                                    ~~~~~^~~
[ 90%] Building CXX object CMakeFiles/judas_engine.dir/src/JointSolver.cpp.o
[ 90%] Building CXX object CMakeFiles/judas_engine.dir/src/PhysicsCastGeometry.cpp.o
[ 90%] Building CXX object CMakeFiles/judas_engine.dir/src/ImpactSolver.cpp.o
[ 90%] Building CXX object CMakeFiles/judas_engine.dir/src/RigidBody.cpp.o
/home/conner/Documents/GitHub/Project-Judas/src/PhysicsCastGeometry.cpp: In function ‘PrimitiveCastHit CastAgainstPrimitive(const Shape&, const BodyTransform&, const glm::vec3&, double, const PrimitivePose&)’:
/home/conner/Documents/GitHub/Project-Judas/src/PhysicsCastGeometry.cpp:98:17: warning: this ‘if’ clause does not guard... [-Wmisleading-indentation]
   98 |                 if(nearest.hit&&t==best&&i>nearest.feature)continue;best=t;nearest={true,false,t,glm::vec3(targetCenter+targetR*(local+velocity*t)),glm::vec3(targetR*(det>0?f.normal:-f.normal)),i};
      |                 ^~
/home/conner/Documents/GitHub/Project-Judas/src/PhysicsCastGeometry.cpp:98:69: note: ...this statement, but the latter is misleadingly indented as if it were guarded by the ‘if’
   98 |                 if(nearest.hit&&t==best&&i>nearest.feature)continue;best=t;nearest={true,false,t,glm::vec3(targetCenter+targetR*(local+velocity*t)),glm::vec3(targetR*(det>0?f.normal:-f.normal)),i};
      |                                                                     ^~~~
[ 90%] Building CXX object CMakeFiles/judas_engine.dir/src/RigidBodyGravity.cpp.o
[ 90%] Building CXX object CMakeFiles/judas_engine.dir/src/Contacts.cpp.o
[ 90%] Building CXX object CMakeFiles/judas_engine.dir/src/ContactSolver.cpp.o
[ 90%] Building CXX object CMakeFiles/judas_engine.dir/src/RadialTerrain.cpp.o
[ 90%] Building CXX object CMakeFiles/judas_engine.dir/src/Broadphase.cpp.o
[ 90%] Building CXX object CMakeFiles/judas_engine.dir/src/Narrowphase.cpp.o
[ 90%] Building CXX object CMakeFiles/judas_engine.dir/src/PhysicsWorld.cpp.o
/home/conner/Documents/GitHub/Project-Judas/src/PhysicsWorld.cpp: In member function ‘ClosestBodyResult PhysicsWorld::Impl::ClosestBodyToCapsule(const std::vector<unsigned int>&, const glm::vec3&, const glm::vec3&, float, float, bool) const’:
/home/conner/Documents/GitHub/Project-Judas/src/PhysicsWorld.cpp:910:21: warning: this ‘if’ clause does not guard... [-Wmisleading-indentation]
  910 |                     if(!d.valid)continue;capsuleDistance={float(d.gap),glm::vec3(d.normal),glm::vec3(d.point)};
      |                     ^~
/home/conner/Documents/GitHub/Project-Judas/src/PhysicsWorld.cpp:910:42: note: ...this statement, but the latter is misleadingly indented as if it were guarded by the ‘if’
  910 |                     if(!d.valid)continue;capsuleDistance={float(d.gap),glm::vec3(d.normal),glm::vec3(d.point)};
      |                                          ^~~~~~~~~~~~~~~
/home/conner/Documents/GitHub/Project-Judas/src/PhysicsWorld.cpp: In member function ‘PhysicsClosestPoint PhysicsWorld::ClosestPoint(const glm::vec3&, float, const PhysicsQueryFilter&) const’:
/home/conner/Documents/GitHub/Project-Judas/src/PhysicsWorld.cpp:2143:9: warning: this ‘if’ clause does not guard... [-Wmisleading-indentation]
 2143 |         if(!m_impl->MatchesQuery(slot,filter))continue;const auto& body=m_impl->bodies[slot];
      |         ^~
/home/conner/Documents/GitHub/Project-Judas/src/PhysicsWorld.cpp:2143:56: note: ...this statement, but the latter is misleadingly indented as if it were guarded by the ‘if’
 2143 |         if(!m_impl->MatchesQuery(slot,filter))continue;const auto& body=m_impl->bodies[slot];
      |                                                        ^~~~~
[ 95%] Linking CXX static library libjudas_engine.a
[ 95%] Built target judas_engine
[ 95%] Building CXX object CMakeFiles/judas_collision_geometry_tests.dir/tests/CollisionGeometryTests.cpp.o
/home/conner/Documents/GitHub/Project-Judas/tests/CollisionGeometryTests.cpp: In function ‘int main()’:
/home/conner/Documents/GitHub/Project-Judas/tests/CollisionGeometryTests.cpp:17:167: error: no match for ‘operator==’ (operand types are ‘BodyHandle’ and ‘BodyHandle’)
   17 |  PhysicsWorld world;world.Init();auto h=world.CreateShape(hull,{{0,0,0},{1,0,0,0}},false,0,.5,0);auto hit=world.Raycast({0,0,5},{0,0,-1},10);require(hit.hit&&hit.body==h&&std::abs(hit.distance-4)<1e-5,"hull ray exact face");auto sphere=world.SphereCast({0,0,5},.5,{0,0,-1},10);require(sphere.hit&&std::abs(sphere.distance-3.5)<1e-4,"hull sphere cast");
      |                                                                                                                                                               ~~~~~~~~^~~
      |                                                                                                                                                                   |     |
      |                                                                                                                                                                   |     BodyHandle
      |                                                                                                                                                                   BodyHandle
/home/conner/Documents/GitHub/Project-Judas/tests/CollisionGeometryTests.cpp:18:560: error: no match for ‘operator==’ (operand types are ‘BodyHandle’ and ‘BodyHandle’)
   18 |  settings.convex=false;MeshData plane;for(auto p:{glm::vec3(-10,0,-10),glm::vec3(10,0,-10),glm::vec3(10,0,10),glm::vec3(-10,0,10)}){MeshVertex v;v.position=p;plane.vertices.push_back(v);}plane.indices={0,2,1,0,3,2};require(CookCollision(plane,settings,loaded,error),error.c_str());require(!loaded.faces[0].active[0],"coplanar diagonal inactive");Shape mesh=Shape::Cooked(std::make_shared<CollisionAsset>(loaded),"plane");auto floor=world.CreateShape(mesh,{{0,-3,0},{1,0,0,0}},false,0,.5,0);auto ray=world.Raycast({5,0,5},{0,-1,0},10);require(ray.hit&&ray.body==floor&&std::abs(ray.distance-3)<1e-5,"mesh ray real triangle");require(!world.Raycast({5,-4,5},{0,1,0},.5).hit,"one sided mesh backface");
      |                                                                                                                                                                                                                                                                                                                                                                                                                                                                                                                                                                        ~~~~~~~~^~~~~~~
      |                                                                                                                                                                                                                                                                                                                                                                                                                                                                                                                                                                            |     |
      |                                                                                                                                                                                                                                                                                                                                                                                                                                                                                                                                                                            |     BodyHandle
      |                                                                                                                                                                                                                                                                                                                                                                                                                                                                                                                                                                            BodyHandle
/home/conner/Documents/GitHub/Project-Judas/tests/CollisionGeometryTests.cpp:19:104: error: no matching function for call to ‘PhysicsWorld::ApplyLinearAcceleration(BodyHandle&, <brace-enclosed initializer list>)’
   19 |  auto dynamic=world.CreateShape(hull,{{5,-1.9f,0},{1,0,0,0}},true,2,.5,0);world.ApplyLinearAcceleration(dynamic,{0,-9.8,0});world.Step(1.f/60);require(world.LastStepContactCount()>0,"dynamic hull contact mesh");
      |                                                                           ~~~~~~~~~~~~~~~~~~~~~~~~~~~~~^~~~~~~~~~~~~~~~~~~~
/home/conner/Documents/GitHub/Project-Judas/tests/CollisionGeometryTests.cpp:19:104: note: there is 1 candidate
In file included from /home/conner/Documents/GitHub/Project-Judas/tests/CollisionGeometryTests.cpp:3:
/home/conner/Documents/GitHub/Project-Judas/src/PhysicsWorld.h:365:10: note: candidate 1: ‘void PhysicsWorld::ApplyLinearAcceleration(BodyHandle, const glm::vec3&, float)’
  365 |     void ApplyLinearAcceleration(BodyHandle handle, const glm::vec3& acceleration,
      |          ^~~~~~~~~~~~~~~~~~~~~~~
/home/conner/Documents/GitHub/Project-Judas/src/PhysicsWorld.h:365:10: note: candidate expects 3 arguments, 2 provided
gmake[3]: *** [CMakeFiles/judas_collision_geometry_tests.dir/build.make:79: CMakeFiles/judas_collision_geometry_tests.dir/tests/CollisionGeometryTests.cpp.o] Error 1
gmake[2]: *** [CMakeFiles/Makefile2:6924: CMakeFiles/judas_collision_geometry_tests.dir/all] Error 2
gmake[1]: *** [CMakeFiles/Makefile2:6931: CMakeFiles/judas_collision_geometry_tests.dir/rule] Error 2
gmake: *** [Makefile:2243: judas_collision_geometry_tests] Error 2
