[  0%] Built target judas_app_icon
[ 15%] Built target freetype
[ 15%] Built target judas_icu_build
[ 15%] Built target judas_quickjs
[ 26%] Built target judas_navigation_backend
[ 31%] Built target judas_glad
[ 31%] Built target judas_profiler
[ 36%] Built target judas_audio_backend
[ 42%] Built target harfbuzz
[ 42%] Built target judas_materials
[ 42%] Building CXX object CMakeFiles/judas_engine.dir/src/Narrowphase.cpp.o
[ 42%] Building CXX object CMakeFiles/judas_engine.dir/src/CollisionGeometry.cpp.o
[ 42%] Linking CXX static library libjudas_engine.a
[100%] Built target judas_engine
[100%] Building CXX object CMakeFiles/judas_collision_geometry_tests.dir/tests/CollisionGeometryTests.cpp.o
[100%] Linking CXX executable judas_collision_geometry_tests
[100%] Built target judas_collision_geometry_tests
[  0%] Built target judas_app_icon
[ 15%] Built target freetype
[ 15%] Built target judas_icu_build
[ 15%] Built target judas_quickjs
[ 25%] Built target judas_navigation_backend
[ 30%] Built target judas_glad
[ 30%] Built target judas_profiler
[ 35%] Built target judas_audio_backend
[ 40%] Built target harfbuzz
[ 40%] Built target judas_materials
[ 95%] Built target judas_engine
[ 95%] Linking CXX executable judas_collision_application_tests
[100%] Built target judas_collision_application_tests
[  0%] Built target judas_app_icon
[ 15%] Built target freetype
[ 15%] Built target judas_icu_build
[ 15%] Built target judas_quickjs
[ 26%] Built target judas_navigation_backend
[ 31%] Built target judas_glad
[ 31%] Built target judas_profiler
[ 36%] Built target judas_audio_backend
[ 42%] Built target harfbuzz
[ 42%] Built target judas_materials
[100%] Built target judas_engine
[100%] Linking CXX executable judas_impact_timing_tests
[100%] Built target judas_impact_timing_tests
[  0%] Built target judas_profiler
[  0%] Building CXX object CMakeFiles/judas_rigid_contact_tests.dir/src/CollisionGeometry.cpp.o
[  0%] Building CXX object CMakeFiles/judas_rigid_contact_tests.dir/src/Narrowphase.cpp.o
[ 50%] Linking CXX executable judas_rigid_contact_tests
[100%] Built target judas_rigid_contact_tests
[  0%] Built target judas_app_icon
[ 15%] Built target freetype
[ 15%] Built target judas_icu_build
[ 15%] Built target judas_quickjs
[ 26%] Built target judas_navigation_backend
[ 31%] Built target judas_glad
[ 31%] Built target judas_profiler
[ 36%] Built target judas_audio_backend
[ 42%] Built target harfbuzz
[ 42%] Built target judas_materials
[100%] Built target judas_engine
[100%] Linking CXX executable judas_contact_geometry_tests
[100%] Built target judas_contact_geometry_tests
[  0%] Built target judas_app_icon
[ 15%] Built target freetype
[ 15%] Built target judas_icu_build
[ 15%] Built target judas_quickjs
[ 25%] Built target judas_navigation_backend
[ 30%] Built target judas_glad
[ 30%] Built target judas_profiler
[ 35%] Built target judas_audio_backend
[ 40%] Built target harfbuzz
[ 40%] Built target judas_materials
[ 95%] Built target judas_engine
[100%] Linking CXX executable judas_contact_lifecycle_tests
[100%] Built target judas_contact_lifecycle_tests
[  0%] Built target judas_app_icon
[ 15%] Built target freetype
[ 15%] Built target judas_icu_build
[ 15%] Built target judas_quickjs
[ 26%] Built target judas_navigation_backend
[ 31%] Built target judas_glad
[ 31%] Built target judas_profiler
[ 36%] Built target judas_audio_backend
[ 42%] Built target harfbuzz
[ 42%] Built target judas_materials
[100%] Built target judas_engine
[100%] Linking CXX executable judas_physics_cast_tests
[100%] Built target judas_physics_cast_tests
[  0%] Built target judas_app_icon
[ 15%] Built target freetype
[ 15%] Built target judas_icu_build
[ 15%] Built target judas_quickjs
[ 26%] Built target judas_navigation_backend
[ 31%] Built target judas_glad
[ 31%] Built target judas_profiler
[ 36%] Built target judas_audio_backend
[ 42%] Built target harfbuzz
[ 42%] Built target judas_materials
[100%] Built target judas_engine
[100%] Linking CXX executable judas_character_motor_tests
[100%] Built target judas_character_motor_tests
[  0%] Built target judas_app_icon
[ 15%] Built target freetype
[ 15%] Built target judas_icu_build
[ 15%] Built target judas_quickjs
[ 26%] Built target judas_navigation_backend
[ 31%] Built target judas_glad
[ 31%] Built target judas_profiler
[ 36%] Built target judas_audio_backend
[ 42%] Built target harfbuzz
[ 42%] Built target judas_materials
[100%] Built target judas_engine
[100%] Linking CXX executable judas_joint_tests
[100%] Built target judas_joint_tests
[  0%] Built target judas_app_icon
[ 13%] Built target freetype
[ 13%] Built target judas_icu_build
[ 13%] Built target judas_quickjs
[ 22%] Built target judas_navigation_backend
[ 27%] Built target judas_glad
[ 27%] Built target judas_profiler
[ 31%] Built target judas_audio_backend
[ 36%] Built target harfbuzz
[ 40%] Built target judas_imgui
[ 40%] Built target judas_materials
[ 90%] Built target judas_engine
[ 95%] Built target judas_navigation_baker
[ 95%] Linking CXX executable judas_editor
[100%] Built target judas_editor
[  0%] Built target judas_app_icon
[ 15%] Built target freetype
[ 15%] Built target judas_icu_build
[ 15%] Built target judas_quickjs
[ 26%] Built target judas_navigation_backend
[ 31%] Built target judas_glad
[ 31%] Built target judas_profiler
[ 36%] Built target judas_audio_backend
[ 42%] Built target harfbuzz
[ 42%] Built target judas_materials
[100%] Built target judas_engine
[100%] Linking CXX executable judas
[100%] Built target judas
[  0%] Built target judas_app_icon
[ 15%] Built target freetype
[ 15%] Built target judas_icu_build
[ 15%] Built target judas_quickjs
[ 26%] Built target judas_navigation_backend
[ 31%] Built target judas_glad
[ 31%] Built target judas_profiler
[ 36%] Built target judas_audio_backend
[ 42%] Built target harfbuzz
[ 42%] Built target judas_materials
[100%] Built target judas_engine
[100%] Linking CXX executable judas_export
[100%] Built target judas_export
