[  0%] Built target judas_glad
[  2%] Built target judas_imgui
[  7%] Built target judas_physics_tests
[  8%] Built target judas_rigid_contact_tests
[ 10%] Built target judas_broadphase_tests
[ 11%] Built target judas_asset_tests
[ 14%] Built target judas_collision_tests
[ 16%] Built target judas_celestial_gravity_tests
[ 16%] Built target judas_pilot_attachment_tests
[ 18%] Built target judas_step_climb_tests
[ 21%] Built target judas_pilot_dismount_tests
[ 24%] Built target judas_spacecraft_control_tests
[ 27%] Built target judas_spacecraft_flight_tests
[ 30%] Built target judas_reference_frame_tests
[ 32%] Built target judas_ui_tests
[ 34%] Built target judas_lighting_tests
[ 34%] Built target judas_shadow_tests
[ 35%] Built target judas_player_view_tests
[ 39%] Built target judas_interactable_tests
[ 43%] Built target judas_object_manipulation_tests
[ 47%] Built target judas_player_curved_locomotion_tests
[ 50%] Built target judas_compound_body_tests
[ 56%] Built target judas_world_coordinates_tests
[ 59%] Built target judas_fluid_world_tests
[ 60%] Built target judas_fluid_surface_tests
[ 63%] Built target judas_fluid_rigid_coupling_tests
[ 64%] Built target judas_atmosphere_tests
[ 67%] Built target judas_terrain_physics_tests
[ 71%] Built target judas_terrain_fluid_tests
[ 75%] Built target judas_atmospheric_flight_tests
[ 79%] Built target judas_combustion_tests
[ 94%] Built target judas_engine
[ 94%] Built target judas_scene_author
[ 94%] Built target judas_resource_stress
[ 95%] Built target judas
[ 96%] Built target judas_editor
[ 98%] Built target judas_lifecycle_tests
[ 98%] Built target judas_scene_tests
[ 98%] Built target judas_job_tests
[ 98%] Built target judas_project_tests
[ 98%] Built target judas_scene_fingerprint_tests
[ 99%] Built target judas_world_state_tests
[ 99%] Built target judas_uniform_gravity_scene_tests
[100%] Built target judas_async_application_tests
