libEGL warning: Not allowed to force software rendering when API explicitly selects a hardware device.
[editor autotest] duplicate created id 11: scene CHANGED; undo restores: IDENTICAL
[editor autotest] wrote: /home/conner/Documents/GitHub/Project-Judas/docs/evidence/m41/final/editor.edit.png
[editor autotest] edit frame: 8 draw calls, 72 triangles, 232 debug lines
ALSA lib confmisc.c:855:(parse_card) [error.core] cannot find card '0'
ALSA lib conf.c:5211:(_snd_config_evaluate) [error.core] function snd_func_card_id returned error: No such file or directory
ALSA lib confmisc.c:422:(snd_func_concat) [error.core] error evaluating strings
ALSA lib conf.c:5211:(_snd_config_evaluate) [error.core] function snd_func_concat returned error: No such file or directory
ALSA lib confmisc.c:1342:(snd_func_refer) [error.core] error evaluating name
ALSA lib conf.c:5211:(_snd_config_evaluate) [error.core] function snd_func_refer returned error: No such file or directory
ALSA lib conf.c:5734:(snd_config_expand) [error.core] Evaluate error: No such file or directory
ALSA lib pcm.c:2722:(snd_pcm_open_noupdate) [error.pcm] Unknown PCM dmix
ALSA lib confmisc.c:855:(parse_card) [error.core] cannot find card '0'
ALSA lib conf.c:5211:(_snd_config_evaluate) [error.core] function snd_func_card_id returned error: No such file or directory
ALSA lib confmisc.c:422:(snd_func_concat) [error.core] error evaluating strings
ALSA lib conf.c:5211:(_snd_config_evaluate) [error.core] function snd_func_concat returned error: No such file or directory
ALSA lib confmisc.c:1342:(snd_func_refer) [error.core] error evaluating name
ALSA lib conf.c:5211:(_snd_config_evaluate) [error.core] function snd_func_refer returned error: No such file or directory
ALSA lib conf.c:5734:(snd_config_expand) [error.core] Evaluate error: No such file or directory
ALSA lib pcm.c:2722:(snd_pcm_open_noupdate) [error.pcm] Unknown PCM dmix:0
ALSA lib confmisc.c:855:(parse_card) [error.core] cannot find card '0'
ALSA lib conf.c:5211:(_snd_config_evaluate) [error.core] function snd_func_card_id returned error: No such file or directory
ALSA lib confmisc.c:422:(snd_func_concat) [error.core] error evaluating strings
ALSA lib conf.c:5211:(_snd_config_evaluate) [error.core] function snd_func_concat returned error: No such file or directory
ALSA lib confmisc.c:1342:(snd_func_refer) [error.core] error evaluating name
ALSA lib conf.c:5211:(_snd_config_evaluate) [error.core] function snd_func_refer returned error: No such file or directory
ALSA lib conf.c:5734:(snd_config_expand) [error.core] Evaluate error: No such file or directory
ALSA lib pcm.c:2722:(snd_pcm_open_noupdate) [error.pcm] Unknown PCM dmix:0,0
ALSA lib confmisc.c:165:(snd_config_get_card) [error.core] Cannot get card index for 0
ALSA lib confmisc.c:165:(snd_config_get_card) [error.core] Cannot get card index for 0
ALSA lib confmisc.c:165:(snd_config_get_card) [error.core] Cannot get card index for 0
Cannot connect to server socket err = Operation not permitted
Cannot connect to server request channel
jack server is not running or cannot be started
JackShmReadWritePtr::~JackShmReadWritePtr - Init not done for -1, skipping unlock
JackShmReadWritePtr::~JackShmReadWritePtr - Init not done for -1, skipping unlock
[editor autotest] wrote: /home/conner/Documents/GitHub/Project-Judas/docs/evidence/m41/final/editor.play.png
[editor autotest] play frame: 0 steps, step 0.000 ms, 4 bodies, 0 contacts, 13 draw calls, 144 triangles, 1 shadow passes, 0 lights, 217 debug lines, 0 particles
[editor autotest] resources: 0 meshes, 1 textures, 0 terrain meshes, hits 480, misses 2, failed 0, uploads 2, resident 108245 bytes
[editor autotest] jobs: 7 workers, 2 completed, 0 failed, 0 cancelled
[editor autotest] authored scene after play/stop is IDENTICAL
[editor autotest] save ok
