PASS normal asynchronous fracture asset publication
PASS logical family owner has no duplicate collider/mass
PASS every stiff part is an ordinary safe rigid body
PASS every stiff part is an ordinary safe rigid body
PASS every stiff part is an ordinary safe rigid body
PASS every stiff part is an ordinary safe rigid body
PASS every stiff part is an ordinary safe rigid body
PASS every stiff part is an ordinary safe rigid body
PASS every stiff part is an ordinary safe rigid body
PASS every stiff part is an ordinary safe rigid body
PASS every stiff part is an ordinary safe rigid body
PASS published cells partition material mass exactly once
PASS modest supported gravity load survives
PASS independent runtime family shares immutable cook
PASS finite rigid ownership publication prepares all cells
PASS child receives source point and angular velocity without a new impulse
PASS child receives source point and angular velocity without a new impulse
PASS child receives source point and angular velocity without a new impulse
PASS child receives source point and angular velocity without a new impulse
PASS child receives source point and angular velocity without a new impulse
PASS child receives source point and angular velocity without a new impulse
PASS child receives source point and angular velocity without a new impulse
PASS child receives source point and angular velocity without a new impulse
PASS child receives source point and angular velocity without a new impulse
MOMENTUM mass=108 com_error=1.42108689e-14 linear_error=2.57889079e-06 angular_error=2.33168389e-05
PASS lumped material mass COM linear/angular momentum preserved by rigid fit
PASS unforced complete cut retains current positions/motion and exact mass
PASS ordinary attachment on surviving material remains valid after another part is removed
PASS family disable immediately disables descendant colliders
PASS family enable resumes retained material
PASS family destruction removes bodies and attached constraints safely
PASS body slot reuse cannot alias old generation
PASS ordinary startup and clean shutdown
SUMMARY mode=mechanics checks=32 failures=0
libEGL warning: Not allowed to force software rendering when API explicitly selects a hardware device.
Renderer fragment texture units: 32 (material path uses 12)
World state: disk saves disabled for additive compositions
Project: Fracture Lab (/home/conner/Documents/GitHub/Project-Judas/projects/fracture_lab/fracture_lab.judasproj)
Scene: Fracture Lab / uniform (/home/conner/Documents/GitHub/Project-Judas/projects/fracture_lab/Scenes/flat.judas)
World origin (m): 0.000, 0.000, 0.000
