libEGL warning: Not allowed to force software rendering when API explicitly selects a hardware device.
M31 resource stress: generating 24 sphere meshes (160x160) and 16 1024x1024 textures under /tmp/judas_m31_stress_4391
  137.5 MB of asset files
  7 workers, scene 'Tiny game' playing (3 dynamic bodies)
  async: all 40 assets Ready after 0.88 s; per-asset latency (request->Ready) min 180 ms avg 537 ms max 884 ms; 40 uploads; resident 211.9 MB (peak 211.9 MB)
  cancel: 20 loads cancelled by dropped demand, 10 stale completions discarded, 20 ready, 0 loading
  evict: budget 53.2 MB -> resident 106.4 MB before, 85.3 MB after, 4 evictions; referenced textures survived: yes
  reload: 4 evicted meshes re-requested and Ready again after 0.10 s
  blocking: all 40 assets loaded on the main thread in 1.45 s (one per frame)

Per-phase main-thread measurements (frame = pump + play frame + swap; 60 Hz fixed step):
  baseline (no loads)          frames  120 | frame avg   5.03 ms p99  45.27 ms max  153.40 ms (pump max   0.00 ms) | >33 ms:   4 | fixed steps    36 (expected ~   39, 1 saturated) | queue max  0 avg   0.0 | worker util   0.0% | jobs done 0
  async load (40 assets)       frames   31 | frame avg  27.29 ms p99 158.36 ms max  158.36 ms (pump max  64.92 ms) | >33 ms:  10 | fixed steps    52 (expected ~   53, 1 saturated) | queue max 33 avg  14.4 | worker util  53.4% | jobs done 40
  cancel + release             frames    1 | frame avg   1.58 ms p99   1.58 ms max    1.58 ms (pump max   0.16 ms) | >33 ms:   0 | fixed steps     1 (expected ~    0, 0 saturated) | queue max  3 avg   3.0 | worker util   5.8% | jobs done 0
  evict + reload               frames   13 | frame avg   8.00 ms p99  66.67 ms max   66.67 ms (pump max   8.32 ms) | >33 ms:   1 | fixed steps     6 (expected ~    7, 0 saturated) | queue max  0 avg   0.0 | worker util  44.9% | jobs done 4
  BLOCKING load (40 assets)    frames   40 | frame avg  35.67 ms p99  46.43 ms max   46.43 ms (pump max   0.00 ms) | >33 ms:  24 | fixed steps    87 (expected ~   87, 0 saturated) | queue max  0 avg   0.0 | worker util   0.0% | jobs done 0

Claim under test: expensive resource preparation no longer forces the main thread to wait for the whole operation.
  async  : worst frame  158.36 ms,  10 frames over 33 ms, 1 saturated catch-up frames, wall 0.88 s
  blocking: worst frame   46.43 ms,  24 frames over 33 ms, 0 saturated catch-up frames, wall 1.45 s
  (the work itself is not free: worker busy time during the async phase was 3.30 s across 7 workers)

shutdown clean (resources, workers, renderer, window in that order); temporary project removed
