JS: SKATER start rails=8 autopilot=false
JS: STREAM t=0.10 street-0 - -> unloaded entities=0 prepMs=0.00 integMs=0.00 largestUnitMs=0.00 skater=(0.00,3.27,23.50) v=0.1
JS: STREAM t=0.10 street-1 - -> unloaded entities=0 prepMs=0.00 integMs=0.00 largestUnitMs=0.00 skater=(0.00,3.27,23.50) v=0.1
JS: STREAM t=0.10 street-2 - -> unloaded entities=0 prepMs=0.00 integMs=0.00 largestUnitMs=0.00 skater=(0.00,3.27,23.50) v=0.1
JS: STREAM t=0.10 street-3 - -> unloaded entities=0 prepMs=0.00 integMs=0.00 largestUnitMs=0.00 skater=(0.00,3.27,23.50) v=0.1
JS: STREAM t=0.10 street-4 - -> unloaded entities=0 prepMs=0.00 integMs=0.00 largestUnitMs=0.00 skater=(0.00,3.27,23.50) v=0.1
JS: STREAM t=0.20 street-0 unloaded -> preparing entities=0 prepMs=0.00 integMs=0.00 largestUnitMs=0.00 skater=(0.00,3.28,23.50) v=0.0
JS: STREAM t=0.30 street-0 preparing -> prepared entities=11 prepMs=10.46 integMs=0.00 largestUnitMs=0.00 skater=(0.00,3.28,23.50) v=0.0
JS: STREAM t=0.40 street-0 prepared -> active entities=11 prepMs=10.46 integMs=10.04 largestUnitMs=9.38 skater=(0.00,3.28,23.50) v=0.0
Renderer fragment texture units: 32 (material path uses 12)
[editor autotest] duplicate created id 1000001: scene CHANGED; undo restores: IDENTICAL
[editor autotest] wrote: /home/conner/Documents/GitHub/Project-Judas/docs/evidence/post_m65_consumers/editor-skate/editor.edit.png
[editor autotest] edit frame: 13 draw calls, 8936 triangles, 998 debug lines
asset 97c3acdb99c5ffefb002c03ecec7a8ed: Optional extension ignored: KHR_materials_specular
[editor autotest] wrote: /home/conner/Documents/GitHub/Project-Judas/docs/evidence/post_m65_consumers/editor-skate/editor.play.png
[editor autotest] play frame: 2 steps, step 0.562 ms, 70 bodies, 0 contacts, 30 draw calls, 106706 triangles, 1 shadow passes, 0 lights, 6487 debug lines, 0 particles
[editor autotest] resources: 9 meshes, 1 textures, 0 terrain meshes, hits 10621, misses 36, failed 0, uploads 25, resident 428659752 bytes
[editor autotest] jobs: 7 workers, 38 completed, 0 failed, 0 cancelled
[editor autotest] authored scene after play/stop is IDENTICAL
[editor autotest] save ok
