[  1%] Built target judas_icu_build
[  1%] Built target judas_glad
[  2%] Built target judas_quickjs
[  3%] Built target judas_app_icon
[  5%] Built target judas_navigation_backend
[  5%] Built target judas_profiler
[  5%] Built target judas_audio_backend
[  9%] Built target freetype
[ 10%] Built target judas_imgui
[ 10%] Built target harfbuzz
[ 10%] Built target judas_materials
[ 10%] Building CXX object CMakeFiles/judas_rigid_contact_tests.dir/src/JointSolver.cpp.o
[ 10%] Building CXX object CMakeFiles/judas_physics_tests.dir/src/JointSolver.cpp.o
[ 10%] Building CXX object CMakeFiles/judas_broadphase_tests.dir/src/JointSolver.cpp.o
[ 10%] Building CXX object CMakeFiles/judas_celestial_gravity_tests.dir/src/JointSolver.cpp.o
[ 10%] Building CXX object CMakeFiles/judas_collision_tests.dir/src/JointSolver.cpp.o
[ 10%] Building CXX object CMakeFiles/judas_step_climb_tests.dir/src/JointSolver.cpp.o
[ 11%] Linking CXX executable judas_broadphase_tests
[ 11%] Linking CXX executable judas_collision_tests
[ 12%] Built target judas_broadphase_tests
[ 14%] Built target judas_collision_tests
[ 14%] Built target judas_pilot_attachment_tests
[ 14%] Building CXX object CMakeFiles/judas_pilot_dismount_tests.dir/src/JointSolver.cpp.o
[ 14%] Building CXX object CMakeFiles/judas_spacecraft_control_tests.dir/src/JointSolver.cpp.o
[ 14%] Linking CXX executable judas_physics_tests
[ 14%] Linking CXX executable judas_celestial_gravity_tests
[ 14%] Linking CXX executable judas_rigid_contact_tests
[ 16%] Built target judas_physics_tests
[ 17%] Built target judas_celestial_gravity_tests
[ 18%] Building CXX object CMakeFiles/judas_spacecraft_flight_tests.dir/src/JointSolver.cpp.o
[ 18%] Linking CXX executable judas_step_climb_tests
[ 18%] Building CXX object CMakeFiles/judas_reference_frame_tests.dir/src/JointSolver.cpp.o
[ 19%] Built target judas_rigid_contact_tests
[ 19%] Built target judas_shadow_tests
[ 20%] Built target judas_player_view_tests
[ 21%] Built target judas_step_climb_tests
[ 21%] Building CXX object CMakeFiles/judas_object_manipulation_tests.dir/src/JointSolver.cpp.o
[ 21%] Building CXX object CMakeFiles/judas_player_curved_locomotion_tests.dir/src/JointSolver.cpp.o
[ 21%] Linking CXX executable judas_spacecraft_flight_tests
[ 22%] Linking CXX executable judas_object_manipulation_tests
[ 23%] Built target judas_spacecraft_flight_tests
[ 23%] Building CXX object CMakeFiles/judas_world_coordinates_tests.dir/src/JointSolver.cpp.o
[ 25%] Built target judas_object_manipulation_tests
[ 25%] Building CXX object CMakeFiles/judas_compound_body_tests.dir/src/JointSolver.cpp.o
[ 25%] Linking CXX executable judas_spacecraft_control_tests
[ 25%] Linking CXX executable judas_pilot_dismount_tests
[ 26%] Built target judas_pilot_dismount_tests
[ 28%] Built target judas_spacecraft_control_tests
[ 28%] Building CXX object CMakeFiles/judas_fluid_world_tests.dir/src/JointSolver.cpp.o
[ 28%] Linking CXX executable judas_reference_frame_tests
[ 28%] Building CXX object CMakeFiles/judas_fluid_rigid_coupling_tests.dir/src/JointSolver.cpp.o
[ 29%] Built target judas_reference_frame_tests
[ 29%] Built target judas_fluid_surface_tests
[ 29%] Linking CXX executable judas_player_curved_locomotion_tests
[ 30%] Building CXX object CMakeFiles/judas_terrain_physics_tests.dir/src/JointSolver.cpp.o
[ 33%] Built target judas_player_curved_locomotion_tests
[ 33%] Building CXX object CMakeFiles/judas_terrain_fluid_tests.dir/src/JointSolver.cpp.o
[ 33%] Linking CXX executable judas_compound_body_tests
[ 34%] Built target judas_compound_body_tests
[ 34%] Built target judas_atmosphere_tests
[ 34%] Linking CXX executable judas_fluid_world_tests
[ 34%] Building CXX object CMakeFiles/judas_atmospheric_flight_tests.dir/src/JointSolver.cpp.o
[ 34%] Linking CXX executable judas_world_coordinates_tests
[ 36%] Built target judas_fluid_world_tests
[ 36%] Building CXX object CMakeFiles/judas_combustion_tests.dir/src/JointSolver.cpp.o
[ 36%] Linking CXX executable judas_fluid_rigid_coupling_tests
[ 39%] Built target judas_world_coordinates_tests
[ 41%] Built target judas_fluid_rigid_coupling_tests
[ 53%] Built target judas_engine
[ 53%] Linking CXX executable judas_terrain_physics_tests
[ 54%] Built target judas_navigation_baker
[ 54%] Linking CXX executable judas
[ 54%] Linking CXX executable judas_scene_author
[ 55%] Built target judas_terrain_physics_tests
[ 56%] Linking CXX executable judas_resource_stress
[ 57%] Linking CXX executable judas_terrain_fluid_tests
[ 58%] Built target judas_terrain_fluid_tests
[ 58%] Linking CXX executable judas_atmospheric_flight_tests
[ 58%] Linking CXX executable judas_scene_tests
[ 60%] Built target judas_atmospheric_flight_tests
[ 60%] Linking CXX executable judas_lifecycle_tests
[ 61%] Built target judas
[ 61%] Linking CXX executable judas_project_tests
[ 61%] Built target judas_scene_author
[ 61%] Linking CXX executable judas_job_tests
[ 61%] Built target judas_scene_tests
[ 61%] Built target judas_resource_stress
[ 61%] Linking CXX executable judas_asset_tests
[ 61%] Linking CXX executable judas_ui_tests
[ 61%] Linking CXX executable judas_combustion_tests
[ 61%] Built target judas_lifecycle_tests
[ 61%] Linking CXX executable judas_lighting_tests
[ 63%] Built target judas_combustion_tests
[ 63%] Building CXX object CMakeFiles/judas_interactable_tests.dir/src/JointSolver.cpp.o
[ 63%] Built target judas_project_tests
[ 63%] Linking CXX executable judas_scene_fingerprint_tests
[ 63%] Built target judas_job_tests
[ 63%] Built target judas_asset_tests
[ 63%] Linking CXX executable judas_world_state_tests
[ 63%] Building CXX object CMakeFiles/judas_async_application_tests.dir/src/Application.cpp.o
[ 64%] Built target judas_ui_tests
[ 65%] Built target judas_lighting_tests
[ 65%] Linking CXX executable judas_uniform_gravity_scene_tests
[ 65%] Linking CXX executable judas_contact_geometry_tests
[ 65%] Built target judas_contact_geometry_tests
[ 65%] Linking CXX executable judas_contact_lifecycle_tests
[ 65%] Built target judas_scene_fingerprint_tests
[ 65%] Linking CXX executable judas_contact_cache_tests
[ 65%] Built target judas_world_state_tests
[ 65%] Linking CXX executable judas_contact_storage_tests
[ 66%] Built target judas_contact_cache_tests
[ 67%] Linking CXX executable judas_timing_defect_probe
[ 67%] Built target judas_contact_storage_tests
[ 67%] Built target judas_timing_defect_probe
[ 67%] Built target judas_uniform_gravity_scene_tests
[ 67%] Linking CXX executable judas_rigid_motion_tests
[ 67%] Linking CXX executable judas_impact_solver_tests
[ 67%] Linking CXX executable judas_poisson_policy_witness
[ 67%] Linking CXX executable judas_interactable_tests
[ 67%] Built target judas_rigid_motion_tests
[ 67%] Built target judas_impact_solver_tests
[ 67%] Built target judas_poisson_policy_witness
[ 67%] Linking CXX executable judas_impact_timing_tests
[ 67%] Linking CXX executable judas_lifecycle_integration_tests
[ 67%] Building CXX object CMakeFiles/judas_project_application_tests.dir/src/Application.cpp.o
[ 67%] Built target judas_contact_lifecycle_tests
[ 67%] Linking CXX executable judas_asset_integrity_tests
[ 67%] Built target judas_impact_timing_tests
[ 67%] Linking CXX executable judas_coarse_celestial_tests
[ 69%] Built target judas_interactable_tests
[ 69%] Linking CXX executable judas_orbital_integrity_tests
[ 69%] Built target judas_lifecycle_integration_tests
[ 69%] Linking CXX executable judas_spacecraft_frame_integration_tests
[ 69%] Built target judas_asset_integrity_tests
[ 69%] Linking CXX executable judas_thermal_accounting_tests
[ 69%] Built target judas_coarse_celestial_tests
[ 69%] Linking CXX executable judas_combustion_integration_tests
[ 69%] Built target judas_thermal_accounting_tests
[ 69%] Linking CXX executable judas_player_swimming_tests
[ 69%] Built target judas_player_swimming_tests
[ 69%] Built target judas_orbital_integrity_tests
[ 69%] Linking CXX executable judas_fluid_metadata_tests
[ 69%] Built target judas_spacecraft_frame_integration_tests
[ 69%] Linking CXX executable judas_fluid_hydrostatics_tests
[ 69%] Linking CXX executable judas_production_fluid_tests
[ 69%] Built target judas_fluid_hydrostatics_tests
[ 69%] Linking CXX executable judas_fluid_container_integration_tests
[ 69%] Built target judas_combustion_integration_tests
[ 69%] Linking CXX executable judas_player_fluid_integration_tests
[ 69%] Built target judas_production_fluid_tests
[ 69%] Linking CXX executable judas_fluid_cavity_impact_tests
[ 69%] Built target judas_fluid_metadata_tests
[ 69%] Linking CXX executable judas_fluid_smoothing_budget_tests
[ 69%] Built target judas_fluid_smoothing_budget_tests
[ 69%] Built target judas_fluid_container_integration_tests
[ 69%] Linking CXX executable judas_fluid_boundary_contact_tests
[ 69%] Linking CXX executable judas_particle_contact_batch_tests
[ 69%] Built target judas_player_fluid_integration_tests
[ 69%] Linking CXX executable judas_production_fluid_performance
[ 69%] Built target judas_particle_contact_batch_tests
[ 70%] Built target judas_fluid_boundary_contact_tests
[ 70%] Linking CXX executable judas_render_camera_tests
[ 70%] Linking CXX executable judas_audio_tests
[ 70%] Built target judas_fluid_cavity_impact_tests
[ 71%] Linking CXX executable judas_input_tests
[ 71%] Built target judas_audio_tests
[ 72%] Linking CXX executable judas_prefab_tests
[ 72%] Built target judas_production_fluid_performance
[ 72%] Building CXX object CMakeFiles/judas_prefab_application_tests.dir/src/Application.cpp.o
[ 72%] Built target judas_render_camera_tests
[ 72%] Linking CXX executable judas_visual_particle_tests
[ 73%] Linking CXX executable judas_async_application_tests
[ 73%] Built target judas_input_tests
[ 74%] Building CXX object CMakeFiles/judas_particle_application_tests.dir/src/Application.cpp.o
[ 74%] Built target judas_prefab_tests
[ 74%] Linking CXX executable judas_export
[ 75%] Built target judas_visual_particle_tests
[ 75%] Linking CXX executable judas_export_tests
[ 75%] Built target judas_async_application_tests
[ 75%] Building CXX object CMakeFiles/judas_package_application_tests.dir/src/Application.cpp.o
[ 75%] Built target judas_export
[ 75%] Linking CXX executable judas_classification_tests
[ 75%] Linking CXX executable judas_project_application_tests
[ 75%] Built target judas_export_tests
[ 75%] Linking CXX executable judas_script_tests
[ 75%] Built target judas_script_tests
[ 76%] Built target judas_classification_tests
[ 76%] Building CXX object CMakeFiles/judas_script_application_tests.dir/src/Application.cpp.o
[ 76%] Linking CXX executable judas_runtime_ui_tests
[ 77%] Built target judas_project_application_tests
[ 77%] Building CXX object CMakeFiles/judas_runtime_ui_application_tests.dir/src/Application.cpp.o
[ 77%] Built target judas_runtime_ui_tests
[ 77%] Linking CXX executable judas_touch_event_tests
[ 77%] Built target judas_touch_event_tests
[ 77%] Building CXX object CMakeFiles/judas_touch_application_tests.dir/src/Application.cpp.o
[ 77%] Linking CXX executable judas_particle_application_tests
[ 77%] Linking CXX executable judas_package_application_tests
[ 77%] Built target judas_package_application_tests
[ 77%] Building CXX object CMakeFiles/judas_scene_transition_tests.dir/src/Application.cpp.o
[ 77%] Linking CXX executable judas_prefab_application_tests
[ 77%] Built target judas_particle_application_tests
[ 77%] Linking CXX executable judas_physics_cast_tests
[ 77%] Built target judas_physics_cast_tests
[ 77%] Building CXX object CMakeFiles/judas_physics_cast_application_tests.dir/src/Application.cpp.o
[ 77%] Built target judas_prefab_application_tests
[ 77%] Built target judas_joint_tests
[ 77%] Built target judas_joint_authoring_tests
[ 78%] Built target judas_joint_application_tests
[ 78%] Linking CXX executable judas_skeletal_animation_tests
[ 78%] Linking CXX executable judas_script_application_tests
[ 79%] Built target judas_script_application_tests
[ 79%] Built target judas_skeletal_animation_tests
[ 79%] Linking CXX executable judas_pose_composition_tests
[ 79%] Building CXX object CMakeFiles/judas_animation_application_tests.dir/src/Application.cpp.o
[ 79%] Linking CXX executable judas_runtime_ui_application_tests
[ 80%] Built target judas_pose_composition_tests
[ 80%] Building CXX object CMakeFiles/judas_pose_composition_application_tests.dir/src/Application.cpp.o
[ 81%] Built target judas_runtime_ui_application_tests
[ 82%] Linking CXX executable judas_ragdoll_tests
[ 82%] Linking CXX executable judas_touch_application_tests
[ 82%] Linking CXX executable judas_physics_cast_application_tests
[ 82%] Built target judas_ragdoll_tests
[ 82%] Building CXX object CMakeFiles/judas_ragdoll_application_tests.dir/src/Application.cpp.o
[ 82%] Built target judas_touch_application_tests
[ 82%] Building CXX object CMakeFiles/judas_fluid_demo_probe.dir/src/Application.cpp.o
[ 83%] Built target judas_physics_cast_application_tests
[ 83%] Linking CXX executable judas_fluid_demo_integration_tests
[ 83%] Linking CXX executable judas_scene_transition_tests
[ 83%] Linking CXX executable judas_animation_application_tests
[ 84%] Built target judas_scene_transition_tests
[ 84%] Linking CXX executable judas_character_motor_tests
[ 84%] Built target judas_fluid_demo_integration_tests
[ 84%] Linking CXX executable judas_character_motor_application_tests
[ 84%] Built target judas_character_motor_tests
[ 85%] Built target judasjs_examples_tests
[ 85%] Linking CXX executable judas_boundary_migration_tests
[ 85%] Built target judas_animation_application_tests
[ 85%] Linking CXX executable judas_shooter_game_tests
[ 85%] Built target judas_character_motor_application_tests
[ 86%] Building CXX object CMakeFiles/judas_shooter_application_tests.dir/src/Application.cpp.o
[ 86%] Built target judas_shooter_game_tests
[ 86%] Linking CXX executable judas_script_presentation_tests
[ 86%] Built target judas_boundary_migration_tests
[ 86%] Linking CXX executable judas_navigation_bake
[ 86%] Built target judas_script_presentation_tests
[ 86%] Linking CXX executable judas_navigation_tests
[ 86%] Linking CXX executable judas_pose_composition_application_tests
[ 86%] Built target judas_navigation_bake
[ 86%] Linking CXX executable judas_navigation_game_tests
[ 86%] Built target judas_navigation_tests
[ 86%] Built target judas_pose_composition_application_tests
[ 86%] Linking CXX executable judas_liquid_tests
[ 86%] Linking CXX executable judas_liquid_bake
[ 86%] Built target judas_navigation_game_tests
[ 86%] Linking CXX executable judas_liquid_application_tests
[ 86%] Built target judas_liquid_tests
[ 86%] Linking CXX executable judas_liquid_surface_tests
[ 86%] Built target judas_liquid_bake
[ 86%] Linking CXX executable judas_ragdoll_application_tests
[ 86%] Linking CXX executable judas_liquid_surface_application_tests
[ 86%] Linking CXX executable judas_fluid_demo_probe
[ 86%] Built target judas_liquid_surface_tests
[ 86%] Linking CXX executable judas_liquid_surface_refill_tests
[ 87%] Built target judas_liquid_application_tests
[ 87%] Building CXX object CMakeFiles/judas_liquid_surface_loop_tests.dir/src/Application.cpp.o
[ 88%] Built target judas_fluid_demo_probe
[ 88%] Linking CXX executable judas_profiler_tests
[ 88%] Built target judas_ragdoll_application_tests
[ 88%] Built target judas_liquid_surface_application_tests
[ 88%] Built target judas_profiler_tests
[ 88%] Linking CXX executable judas_profiler_script_tests
[ 88%] Linking CXX executable judas_environment_bake
[ 88%] Building CXX object CMakeFiles/judas_profiler_application_tests.dir/src/Application.cpp.o
[ 88%] Built target judas_liquid_surface_refill_tests
[ 88%] Linking CXX executable judas_material_tests
[ 88%] Built target judas_profiler_script_tests
[ 88%] Built target judas_environment_bake
[ 88%] Building CXX object CMakeFiles/judas_material_application_tests.dir/src/Application.cpp.o
[ 88%] Built target judas_text_localization_tests
[ 88%] Linking CXX executable judas_text_render_tests
[ 88%] Linking CXX executable judas_shooter_application_tests
[ 88%] Built target judas_material_tests
[ 89%] Built target judas_localization_application_tests
[ 90%] Linking CXX executable judas_streaming_tests
[ 90%] Built target judas_text_render_tests
[ 90%] Linking CXX executable judas_streaming_demo_builder
[ 90%] Built target judas_shooter_application_tests
[ 91%] Building CXX object CMakeFiles/judas_streaming_application_tests.dir/src/Application.cpp.o
[ 91%] Built target judas_streaming_tests
[ 91%] Building CXX object CMakeFiles/judas_streaming_performance_tests.dir/src/Application.cpp.o
[ 91%] Built target judas_streaming_demo_builder
[ 91%] Building CXX object CMakeFiles/judas_streaming_revisit_tests.dir/src/Application.cpp.o
[ 91%] Linking CXX executable judas_liquid_surface_loop_tests
[ 92%] Built target judas_liquid_surface_loop_tests
[ 92%] Linking CXX executable judas_audio_acoustics_tests
[ 92%] Linking CXX executable judas_profiler_application_tests
[ 92%] Linking CXX executable judas_streaming_revisit_tests
[ 92%] Linking CXX executable judas_streaming_performance_tests
[ 93%] Linking CXX executable judas_material_application_tests
[ 93%] Built target judas_audio_acoustics_tests
[ 94%] Linking CXX executable judas_audio_demo
[ 95%] Built target judas_profiler_application_tests
[ 95%] Linking CXX executable judas_audio_world_tests
[ 95%] Built target judas_streaming_revisit_tests
[ 95%] Building CXX object CMakeFiles/judas_audio_application_tests.dir/src/Application.cpp.o
[ 95%] Linking CXX executable judas_streaming_application_tests
[ 96%] Built target judas_streaming_performance_tests
[ 96%] Linking CXX executable judas_save_storage_tests
[ 96%] Built target judas_audio_demo
[ 96%] Built target judas_material_application_tests
[ 96%] Built target judas_world_persistence_tests
[ 96%] Built target judas_audio_world_tests
[ 96%] Built target judas_save_application_tests
[ 97%] Built target judas_save_streaming_tests
[ 97%] Building CXX object CMakeFiles/judas_save_performance_tests.dir/src/Application.cpp.o
[ 97%] Linking CXX executable judas_editor
[ 97%] Built target judas_streaming_application_tests
[ 97%] Built target judas_save_storage_tests
[ 98%] Built target judas_editor
[ 98%] Linking CXX executable judas_audio_application_tests
[ 98%] Linking CXX executable judas_save_performance_tests
[ 99%] Built target judas_audio_application_tests
[100%] Built target judas_save_performance_tests
