libEGL warning: Not allowed to force software rendering when API explicitly selects a hardware device.
Renderer fragment texture units: 32 (material path uses 12)
M31 resource stress: generating 24 sphere meshes (160x160) and 16 1024x1024 textures under /tmp/judas_m31_stress_4013
  137.5 MB of asset files
  7 workers, scene 'Tiny game' playing (3 dynamic bodies)
  async: all 40 assets Ready after 1.18 s; per-asset latency (request->Ready) min 266 ms avg 890 ms max 1183 ms; 40 uploads; resident 268.1 MB (peak 268.1 MB)
  cancel: 20 loads cancelled by dropped demand, 10 stale completions discarded, 20 ready, 0 loading
  evict: budget 57.9 MB -> resident 115.8 MB before, 85.3 MB after, 4 evictions; referenced textures survived: yes
  reload: 4 evicted meshes re-requested and Ready again after 0.40 s
  blocking: all 40 assets loaded on the main thread in 3.53 s (one per frame)

Per-phase main-thread measurements (frame = pump + play frame + swap; 60 Hz fixed step):
  baseline (no loads)          frames  120 | frame avg   9.60 ms p99   8.32 ms max  470.11 ms (pump max   0.01 ms) | >33 ms:   1 | fixed steps    51 (expected ~   72, 1 saturated) | queue max  0 avg   0.0 | worker util   0.0% | jobs done 0
  async load (40 assets)       frames   28 | frame avg  41.63 ms p99 320.86 ms max  320.86 ms (pump max 314.55 ms) | >33 ms:  12 | fixed steps    58 (expected ~   71, 1 saturated) | queue max 33 avg  13.2 | worker util  80.1% | jobs done 40
  cancel + release             frames    1 | frame avg  23.85 ms p99  23.85 ms max   23.85 ms (pump max   0.15 ms) | >33 ms:   0 | fixed steps     1 (expected ~    2, 0 saturated) | queue max  3 avg   3.0 | worker util   1.3% | jobs done 0
  evict + reload               frames   29 | frame avg  13.52 ms p99  43.48 ms max   43.48 ms (pump max   3.97 ms) | >33 ms:   1 | fixed steps    25 (expected ~   25, 0 saturated) | queue max  2 avg   0.5 | worker util  76.3% | jobs done 9
  BLOCKING load (40 assets)    frames   40 | frame avg  87.66 ms p99 142.13 ms max  142.13 ms (pump max   0.01 ms) | >33 ms:  24 | fixed steps   208 (expected ~  212, 12 saturated) | queue max  0 avg   0.0 | worker util   0.0% | jobs done 0

Claim under test: expensive resource preparation no longer forces the main thread to wait for the whole operation.
  async  : worst frame  320.86 ms,  12 frames over 33 ms, 1 saturated catch-up frames, wall 1.18 s
  blocking: worst frame  142.13 ms,  24 frames over 33 ms, 12 saturated catch-up frames, wall 3.53 s
  (the work itself is not free: worker busy time during the async phase was 6.65 s across 7 workers)

shutdown clean (resources, workers, renderer, window in that order); temporary project removed
