libEGL warning: Not allowed to force software rendering when API explicitly selects a hardware device.
Renderer fragment texture units: 32 (material path uses 12)
M31 resource stress: generating 24 sphere meshes (160x160) and 16 1024x1024 textures under /tmp/judas_m31_stress_18301
  137.5 MB of asset files
  7 workers, scene 'Tiny game' playing (3 dynamic bodies)
  async: all 40 assets Ready after 1.14 s; per-asset latency (request->Ready) min 304 ms avg 853 ms max 1141 ms; 40 uploads; resident 268.1 MB (peak 268.1 MB)
  cancel: 20 loads cancelled by dropped demand, 10 stale completions discarded, 20 ready, 0 loading
  evict: budget 57.9 MB -> resident 115.8 MB before, 85.3 MB after, 4 evictions; referenced textures survived: yes
  reload: 4 evicted meshes re-requested and Ready again after 0.30 s
  blocking: all 40 assets loaded on the main thread in 3.36 s (one per frame)

Per-phase main-thread measurements (frame = pump + play frame + swap; 60 Hz fixed step):
  baseline (no loads)          frames  120 | frame avg   9.92 ms p99  13.80 ms max  486.60 ms (pump max   0.00 ms) | >33 ms:   1 | fixed steps    53 (expected ~   75, 1 saturated) | queue max  0 avg   0.0 | worker util   0.0% | jobs done 0
  async load (40 assets)       frames   31 | frame avg  36.11 ms p99 218.97 ms max  218.97 ms (pump max 211.37 ms) | >33 ms:  13 | fixed steps    61 (expected ~   69, 1 saturated) | queue max 33 avg  15.9 | worker util  84.1% | jobs done 40
  cancel + release             frames    1 | frame avg  18.24 ms p99  18.24 ms max   18.24 ms (pump max   0.17 ms) | >33 ms:   0 | fixed steps     0 (expected ~    1, 0 saturated) | queue max  3 avg   3.0 | worker util   1.6% | jobs done 0
  evict + reload               frames   18 | frame avg  16.18 ms p99  30.83 ms max   30.83 ms (pump max   4.25 ms) | >33 ms:   0 | fixed steps    20 (expected ~   19, 0 saturated) | queue max  0 avg   0.0 | worker util  87.7% | jobs done 7
  BLOCKING load (40 assets)    frames   40 | frame avg  83.48 ms p99 127.03 ms max  127.03 ms (pump max   0.00 ms) | >33 ms:  24 | fixed steps   201 (expected ~  201, 5 saturated) | queue max  0 avg   0.0 | worker util   0.0% | jobs done 0

Claim under test: expensive resource preparation no longer forces the main thread to wait for the whole operation.
  async  : worst frame  218.97 ms,  13 frames over 33 ms, 1 saturated catch-up frames, wall 1.14 s
  blocking: worst frame  127.03 ms,  24 frames over 33 ms, 5 saturated catch-up frames, wall 3.36 s
  (the work itself is not free: worker busy time during the async phase was 6.74 s across 7 workers)

shutdown clean (resources, workers, renderer, window in that order); temporary project removed
