[  0%] Built target judas_audio_backend
[  0%] Built target judas_glad
[  0%] Building CXX object CMakeFiles/judas_engine.dir/src/WorldAudio.cpp.o
[  0%] Building CXX object CMakeFiles/judas_engine.dir/src/Renderer.cpp.o
[  0%] Building CXX object CMakeFiles/judas_engine.dir/src/UIWidgets.cpp.o
[  6%] Building CXX object CMakeFiles/judas_engine.dir/src/PauseMenu.cpp.o
[  6%] Building CXX object CMakeFiles/judas_engine.dir/src/HUD.cpp.o
[  6%] Building CXX object CMakeFiles/judas_engine.dir/src/ProductionFluidCoupling.cpp.o
[  6%] Building CXX object CMakeFiles/judas_engine.dir/src/Door.cpp.o
[  6%] Building CXX object CMakeFiles/judas_engine.dir/src/LightSwitch.cpp.o
[  6%] Building CXX object CMakeFiles/judas_engine.dir/src/VisualParticles.cpp.o
[  6%] Building CXX object CMakeFiles/judas_engine.dir/src/Prefab.cpp.o
/home/conner/Documents/GitHub/Project-Judas/src/VisualParticles.cpp: In member function ‘void VisualParticlePool::Update(float, glm::vec3, glm::quat, glm::vec3, const GravityField&)’:
/home/conner/Documents/GitHub/Project-Judas/src/VisualParticles.cpp:27:13: warning: this ‘if’ clause does not guard... [-Wmisleading-indentation]
   27 |             if(settings.localSpace)g=(glm::inverse(q)*g)/scale;a+=g;}
      |             ^~
/home/conner/Documents/GitHub/Project-Judas/src/VisualParticles.cpp:27:64: note: ...this statement, but the latter is misleadingly indented as if it were guarded by the ‘if’
   27 |             if(settings.localSpace)g=(glm::inverse(q)*g)/scale;a+=g;}
      |                                                                ^
[  6%] Building CXX object CMakeFiles/judas_engine.dir/src/Scene.cpp.o
[ 13%] Building CXX object CMakeFiles/judas_engine.dir/src/SceneSerialization.cpp.o
[ 13%] Building CXX object CMakeFiles/judas_engine.dir/src/SceneFingerprint.cpp.o
/home/conner/Documents/GitHub/Project-Judas/src/SceneSerialization.cpp: In function ‘bool {anonymous}::ParseObject(Reader&, const std::vector<Token>&, const Block&, SceneObject&)’:
/home/conner/Documents/GitHub/Project-Judas/src/SceneSerialization.cpp:613:9: warning: this ‘if’ clause does not guard... [-Wmisleading-indentation]
  613 |         if(seed>0xffffffffu)return reader.Fail("particle seed exceeds uint32");e.seed=static_cast<std::uint32_t>(seed);
      |         ^~
/home/conner/Documents/GitHub/Project-Judas/src/SceneSerialization.cpp:613:80: note: ...this statement, but the latter is misleadingly indented as if it were guarded by the ‘if’
  613 |         if(seed>0xffffffffu)return reader.Fail("particle seed exceeds uint32");e.seed=static_cast<std::uint32_t>(seed);
      |                                                                                ^
[ 13%] Building CXX object CMakeFiles/judas_engine.dir/src/AssetDatabase.cpp.o
[ 20%] Building CXX object CMakeFiles/judas_engine.dir/src/ResourceManager.cpp.o
[ 20%] Building CXX object CMakeFiles/judas_engine.dir/src/WorldDebugView.cpp.o
[ 20%] Building CXX object CMakeFiles/judas_engine.dir/src/RuntimeWorld.cpp.o
[ 20%] Building CXX object CMakeFiles/judas_engine.dir/src/GameSession.cpp.o
[ 26%] Building CXX object CMakeFiles/judas_engine.dir/src/Simulation.cpp.o
[ 26%] Building CXX object CMakeFiles/judas_engine.dir/src/WorldPresentation.cpp.o
[ 26%] Building CXX object CMakeFiles/judas_engine.dir/src/GameplayHud.cpp.o
[ 26%] Building CXX object CMakeFiles/judas_engine.dir/src/EngineHost.cpp.o
[ 26%] Building CXX object CMakeFiles/judas_engine.dir/src/InteractivePlay.cpp.o
[ 33%] Building CXX object CMakeFiles/judas_engine.dir/src/FidelityPolicy.cpp.o
[ 33%] Building CXX object CMakeFiles/judas_engine.dir/src/CoarseSimulation.cpp.o
[ 33%] Building CXX object CMakeFiles/judas_engine.dir/src/WorldState.cpp.o
[ 40%] Linking CXX static library libjudas_engine.a
[ 93%] Built target judas_engine
[ 93%] Building CXX object CMakeFiles/judas.dir/src/Application.cpp.o
[ 93%] Building CXX object CMakeFiles/judas.dir/src/RuntimeOptions.cpp.o
[ 93%] Building CXX object CMakeFiles/judas.dir/src/RuntimeDiagnostics.cpp.o
[ 93%] Building CXX object CMakeFiles/judas.dir/src/TestHarness.cpp.o
[100%] Linking CXX executable judas
[100%] Built target judas
[  0%] Built target judas_glad
[  0%] Built target judas_audio_backend
[  6%] Built target judas_imgui
[ 93%] Built target judas_engine
[ 93%] Building CXX object CMakeFiles/judas_editor.dir/src/editor/EditorApplication.cpp.o
[ 93%] Building CXX object CMakeFiles/judas_editor.dir/src/editor/ComponentEditors.cpp.o
[ 93%] Building CXX object CMakeFiles/judas_editor.dir/src/editor/EditorHistory.cpp.o
[ 93%] Building CXX object CMakeFiles/judas_editor.dir/src/editor/EditorMain.cpp.o
/home/conner/Documents/GitHub/Project-Judas/src/editor/ComponentEditors.cpp: In lambda function:
/home/conner/Documents/GitHub/Project-Judas/src/editor/ComponentEditors.cpp:66:134: error: ‘clamp’ is not a member of ‘std’; did you mean ‘glm::clamp’?
   66 |     auto integer=[&](const char* name,int& v,int lo,int hi){int next=v;if(ImGui::DragInt(name,&next,1,lo,hi)){doc.BeginEdit();v=std::clamp(next,lo,hi);doc.CommitEdit();}};
      |                                                                                                                                      ^~~~~
In file included from /usr/include/glm/common.hpp:538,
                 from /usr/include/glm/detail/func_geometric.inl:2,
                 from /usr/include/glm/geometric.hpp:116,
                 from /usr/include/glm/detail/func_matrix.inl:1,
                 from /usr/include/glm/matrix.hpp:161,
                 from /usr/include/glm/detail/type_mat2x2.inl:1,
                 from /usr/include/glm/detail/type_mat2x2.hpp:176,
                 from /usr/include/glm/ext/matrix_double2x2.hpp:5,
                 from /usr/include/glm/mat2x2.hpp:5,
                 from /usr/include/glm/glm.hpp:120,
                 from /home/conner/Documents/GitHub/Project-Judas/src/AudioTypes.h:3,
                 from /home/conner/Documents/GitHub/Project-Judas/src/Scene.h:2,
                 from /home/conner/Documents/GitHub/Project-Judas/src/editor/EditorDocument.h:6,
                 from /home/conner/Documents/GitHub/Project-Judas/src/editor/ComponentEditors.h:5,
                 from /home/conner/Documents/GitHub/Project-Judas/src/editor/ComponentEditors.cpp:1:
/usr/include/glm/detail/func_common.inl:519:55: note: ‘glm::clamp’ declared here
  519 |         GLM_FUNC_QUALIFIER GLM_CONSTEXPR vec<L, T, Q> clamp(vec<L, T, Q> const& x, vec<L, T, Q> const& minVal, vec<L, T, Q> const& maxVal)
      |                                                       ^~~~~
gmake[3]: *** [CMakeFiles/judas_editor.dir/build.make:163: CMakeFiles/judas_editor.dir/src/editor/ComponentEditors.cpp.o] Error 1
gmake[3]: *** Waiting for unfinished jobs....
gmake[2]: *** [CMakeFiles/Makefile2:484: CMakeFiles/judas_editor.dir/all] Error 2
gmake[1]: *** [CMakeFiles/Makefile2:491: CMakeFiles/judas_editor.dir/rule] Error 2
gmake: *** [Makefile:189: judas_editor] Error 2
