configure: exit=0, 4.079s
build: exit=0, 612.725s
async_application: exit=0, 10.335s
judas_scene_tests: exit=0, 0.064s
judas_lifecycle_tests: exit=0, 0.465s
judas_project_tests: exit=0, 0.165s
judas_job_tests: exit=0, 0.065s
judas_physics_tests: exit=0, 0.004s
judas_rigid_contact_tests: exit=0, 2.820s
judas_broadphase_tests: exit=0, 23.773s
judas_collision_tests: exit=0, 0.032s
judas_celestial_gravity_tests: exit=0, 0.032s
judas_asset_tests: exit=0, 0.008s
judas_step_climb_tests: exit=0, 0.004s
judas_pilot_attachment_tests: exit=0, 0.002s
judas_pilot_dismount_tests: exit=0, 0.004s
judas_spacecraft_control_tests: exit=0, 0.016s
judas_spacecraft_flight_tests: exit=0, 0.032s
judas_reference_frame_tests: exit=0, 0.004s
judas_ui_tests: exit=0, 0.008s
judas_lighting_tests: exit=0, 0.008s
judas_shadow_tests: exit=0, 0.002s
judas_interactable_tests: exit=0, 0.008s
judas_player_view_tests: exit=0, 0.002s
judas_object_manipulation_tests: exit=0, 0.016s
judas_player_curved_locomotion_tests: exit=0, 0.114s
judas_world_coordinates_tests: exit=0, 0.032s
judas_compound_body_tests: exit=0, 0.064s
judas_fluid_world_tests: exit=0, 0.615s
judas_fluid_rigid_coupling_tests: exit=0, 13.390s
judas_fluid_surface_tests: exit=0, 0.004s
judas_terrain_physics_tests: exit=0, 0.866s
judas_terrain_fluid_tests: exit=0, 32.292s
judas_atmosphere_tests: exit=0, 0.016s
judas_atmospheric_flight_tests: exit=0, 0.033s
judas_combustion_tests: exit=0, 0.115s
judas_scene_fingerprint_tests: exit=0, 0.064s
judas_world_state_tests: exit=0, 0.032s
judas_uniform_gravity_scene_tests: exit=0, 0.265s
judas_contact_geometry_tests: exit=0, 0.066s
judas_contact_lifecycle_tests: exit=0, 0.033s
judas_contact_cache_tests: exit=0, 0.032s
judas_contact_storage_tests: exit=0, 0.114s
judas_rigid_motion_tests: exit=0, 0.016s
judas_impact_solver_tests: exit=0, 0.004s
judas_impact_timing_tests: exit=0, 0.033s
judas_project_application_tests: exit=0, 1.572s
judas_lifecycle_integration_tests: exit=0, 0.032s
judas_asset_integrity_tests: exit=0, 0.016s
judas_coarse_celestial_tests: exit=0, 0.016s
judas_orbital_integrity_tests: exit=0, 0.114s
judas_spacecraft_frame_integration_tests: exit=0, 0.032s
judas_thermal_accounting_tests: exit=0, 0.016s
judas_combustion_integration_tests: exit=0, 0.064s
judas_player_swimming_tests: exit=0, 0.032s
judas_fluid_metadata_tests: exit=0, 0.016s
judas_fluid_hydrostatics_tests: exit=0, 0.265s
judas_production_fluid_tests: exit=0, 71.266s
judas_fluid_container_integration_tests: exit=0, 4.074s
judas_player_fluid_integration_tests: exit=0, 112.479s
judas_fluid_cavity_impact_tests: exit=0, 0.016s
judas_fluid_smoothing_budget_tests: exit=0, 0.004s
judas_fluid_boundary_contact_tests: exit=0, 0.004s
judas_particle_contact_batch_tests: exit=0, 0.016s
judas_render_camera_tests: exit=0, 2.269s
judas_audio_tests: exit=0, 0.766s
judas_input_tests: exit=0, 0.415s
judas_prefab_tests: exit=0, 0.064s
judas_prefab_application_tests: exit=0, 1.471s
judas_visual_particle_tests: exit=0, 1.119s
judas_particle_application_tests: exit=0, 4.449s
judas_export_tests: exit=0, 0.115s
judas_package_application_tests: exit=0, 4.344s
judas_classification_tests: exit=0, 1.119s
judas_script_tests: exit=0, 1.968s
judas_script_application_tests: exit=0, 3.830s
judas_runtime_ui_tests: exit=0, 0.515s
judas_runtime_ui_application_tests: exit=0, 2.974s
judas_touch_event_tests: exit=0, 0.114s
judas_touch_application_tests: exit=0, 4.261s
judas_scene_transition_tests: exit=0, 1.522s
judas_physics_cast_tests: exit=0, 0.165s
judas_physics_cast_application_tests: exit=0, 1.071s
judas_joint_tests: exit=0, 0.064s
judas_joint_authoring_tests: exit=0, 0.032s
judas_joint_application_tests: exit=0, 1.069s
judas_skeletal_animation_tests: exit=0, 0.768s
judas_animation_application_tests: exit=0, 1.418s
judas_pose_composition_tests: exit=0, 0.064s
judas_pose_composition_application_tests: exit=0, 1.470s
judas_ragdoll_tests: exit=0, 0.215s
judas_ragdoll_application_tests: exit=0, 1.973s
judas_fluid_demo_integration_tests: exit=0, 26.920s
judas_character_motor_tests: exit=0, 0.566s
judas_character_motor_application_tests: exit=0, 0.866s
judas_boundary_migration_tests: exit=0, 0.565s
judas_shooter_game_tests: exit=0, 2.920s
judas_shooter_application_tests: exit=0, 8.171s
judas_script_presentation_tests: exit=0, 0.719s
judas_navigation_tests: exit=0, 0.515s
judas_navigation_game_tests: exit=0, 4.281s
judas_liquid_tests: exit=0, 0.615s
judas_liquid_application_tests: exit=0, 4.789s
judas_liquid_surface_tests: exit=0, 0.966s
judas_liquid_surface_application_tests: exit=0, 7.883s
judas_liquid_surface_refill_tests: exit=0, 10.686s
judas_liquid_surface_loop_tests: exit=0, 4.880s
judas_profiler_tests: exit=0, 0.065s
judas_profiler_script_tests: exit=0, 0.415s
judas_profiler_application_tests: exit=0, 75.030s
judas_material_tests: exit=0, 2.971s
judas_material_application_tests: exit=0, 5.175s
judas_text_localization_tests: exit=0, 0.165s
judas_text_render_tests: exit=0, 1.972s
judas_localization_application_tests: exit=0, 8.883s
judas_streaming_tests: exit=0, 0.265s
judas_streaming_application_tests: exit=0, 5.288s
judas_streaming_performance_tests: exit=0, 102.903s
editor_async: exit=0, 2.676s
runtime_blocking_reference: exit=0, 0.215s
m31_resource_stress: exit=0, 11.054s
{
  "overall_pass": true,
  "checks": {
    "integration_all_12_cases": true,
    "editor_play_stop_async": true,
    "blocking_reference_three_steps": true,
    "tested_sources_unchanged_during_run": true,
    "protected_paths_unchanged": true
  },
  "seconds": 1235.5482232159993
}
