PASS ordinary project asynchronously publishes all seven deformable instances
PASS real animated target shares normal skeletal resource
PASS normal authored UI loaded
PASS cape resolves authored stable bone attachment
PASS cape pins consume exact resolved joint pose without another animation clock
PASS runtime scale change rejects unsupported deformable scale
PASS normal scene transition destroys old nodes and builds independent radial instances
PASS lab radial scene uses actual selected radial acceleration
PASS authored reload reconstructs fresh deformable handles
PASS destroyed skeleton target releases group instead of retaining a stale pose
PASS remaining scripts safely survive target destruction
FRAME median_ms=44.851092 p95_ms=60.033080 max_ms=73.744816
PHASE Deformable attachments 0.021281ms
PHASE Deformable edge edge contacts 0.831714ms
PHASE Deformable fixed step 17.205820ms
PHASE Deformable force prediction 0.141775ms
PHASE Deformable internal constraints 4.977055ms
PHASE Deformable plastic flow 0.251293ms
PHASE Deformable render mapping 0.334227ms
PHASE Deformable rigid contacts 7.245939ms
PHASE Deformable self pair cache 3.491219ms
PHASE Deformable surface candidates 0.186308ms
PHASE Deformable surface contacts 4.452531ms
PHASE Deformable vertex face contacts 0.090485ms
PASS normal startup and clean shutdown
SUMMARY mode=lifetime checks=12 failures=0 frames=140
libEGL warning: Not allowed to force software rendering when API explicitly selects a hardware device.
Renderer fragment texture units: 32 (material path uses 12)
World state: disk saves disabled for additive compositions
Project: Deformable Lab (/tmp/Judas_M62_focused/game.judasproj)
Scene: Deformable Lab / uniform (/tmp/Judas_M62_focused/Scenes/flat.judas)
World origin (m): 0.000, 0.000, 0.000
