PASS ordinary project asynchronously publishes all seven deformable instances
PASS real animated target shares normal skeletal resource
PASS normal authored UI loaded
PASS cape resolves authored stable bone attachment
PASS cape pins consume exact resolved joint pose without another animation clock
PASS runtime scale change rejects unsupported deformable scale
PASS main/secondary/shadow presentation never advances or changes physics
PASS normal M33 camera renders deformable scene independently
PASS real VM controls airflow/load and prefab spawn safely
PASS runtime prefab adds independent deformable owner
LAB nodes/contact=1249 bodies=6 fixed_ms=14.201350 draws=86
FRAME median_ms=42.279829 p95_ms=66.069502 max_ms=1524.991032
PHASE Deformable attachments 0.021169ms
PHASE Deformable edge edge contacts 1.229658ms
PHASE Deformable fixed step 15.400159ms
PHASE Deformable force prediction 0.135154ms
PHASE Deformable internal constraints 5.582394ms
PHASE Deformable plastic flow 0.253479ms
PHASE Deformable render mapping 0.392264ms
PHASE Deformable rigid contacts 4.767046ms
PHASE Deformable self pair cache 2.991307ms
PHASE Deformable surface candidates 0.134123ms
PHASE Deformable surface contacts 4.466383ms
PHASE Deformable vertex face contacts 0.151643ms
PASS normal startup and clean shutdown
SUMMARY mode=probe checks=11 failures=0 frames=120
libEGL warning: Not allowed to force software rendering when API explicitly selects a hardware device.
Renderer fragment texture units: 32 (material path uses 12)
World state: disk saves disabled for additive compositions
Project: Deformable Lab (/tmp/Judas_M62_focused/game.judasproj)
Scene: Deformable Lab / uniform (/tmp/Judas_M62_focused/Scenes/flat.judas)
World origin (m): 0.000, 0.000, 0.000
