PASS ordinary project asynchronously publishes all seven deformable instances
PASS real animated target shares normal skeletal resource
PASS normal authored UI loaded
PASS cape resolves authored stable bone attachment
PASS cape pins consume exact resolved joint pose without another animation clock
PASS runtime scale change rejects unsupported deformable scale
PASS main/secondary/shadow presentation never advances or changes physics
PASS normal M33 camera renders deformable scene independently
PASS real VM controls airflow/load and prefab spawn safely
PASS runtime prefab adds independent deformable owner
LAB nodes/contact=1249 bodies=6 fixed_ms=14.477370 draws=86
FRAME median_ms=44.106368 p95_ms=56.115706 max_ms=1530.715057
PHASE Deformable attachments 0.025601ms
PHASE Deformable edge edge contacts 1.329836ms
PHASE Deformable fixed step 15.626062ms
PHASE Deformable force prediction 0.162240ms
PHASE Deformable internal constraints 5.615022ms
PHASE Deformable plastic flow 0.274585ms
PHASE Deformable render mapping 0.410177ms
PHASE Deformable rigid contacts 4.730461ms
PHASE Deformable self pair cache 3.091835ms
PHASE Deformable surface candidates 0.173461ms
PHASE Deformable surface contacts 4.620541ms
PHASE Deformable vertex face contacts 0.174423ms
PASS normal startup and clean shutdown
SUMMARY mode=probe checks=11 failures=0 frames=120
libEGL warning: Not allowed to force software rendering when API explicitly selects a hardware device.
Renderer fragment texture units: 32 (material path uses 12)
World state: disk saves disabled for additive compositions
Project: Deformable Lab (/home/conner/Documents/GitHub/Project-Judas/projects/deformable_lab/deformable_lab.judasproj)
Scene: Deformable Lab / uniform (/home/conner/Documents/GitHub/Project-Judas/projects/deformable_lab/Scenes/flat.judas)
World origin (m): 0.000, 0.000, 0.000
