PASS ordinary project asynchronously publishes all seven deformable instances
PASS real animated target shares normal skeletal resource
PASS normal authored UI loaded
PASS cape resolves authored stable bone attachment
PASS cape pins consume exact resolved joint pose without another animation clock
PASS runtime scale change rejects unsupported deformable scale
PASS cold process reads committed M61 slot
PASS M61 required deformable participant present
PASS cold process reconstructs exact cloth motion and plastic rest state before resume
PASS cold process retains physical plastic deformation
PASS fresh deformable handle with saved attachment group
PASS resumed cloth/solid and restore-aware JS continue without explosion
FRAME median_ms=40.702071 p95_ms=57.374949 max_ms=1501.914573
PHASE Deformable attachments 0.020666ms
PHASE Deformable edge edge contacts 1.064538ms
PHASE Deformable fixed step 13.304338ms
PHASE Deformable force prediction 0.171216ms
PHASE Deformable internal constraints 5.029807ms
PHASE Deformable plastic flow 0.257436ms
PHASE Deformable render mapping 0.347124ms
PHASE Deformable rigid contacts 4.077092ms
PHASE Deformable self pair cache 2.368981ms
PHASE Deformable surface candidates 0.089070ms
PHASE Deformable surface contacts 3.570916ms
PHASE Deformable vertex face contacts 0.115547ms
PASS normal startup and clean shutdown
SUMMARY mode=read checks=13 failures=0 frames=58
libEGL warning: Not allowed to force software rendering when API explicitly selects a hardware device.
Renderer fragment texture units: 32 (material path uses 12)
World state: disk saves disabled for additive compositions
Project: Deformable Lab (/home/conner/Documents/GitHub/Project-Judas/projects/deformable_lab/deformable_lab.judasproj)
Scene: Deformable Lab / uniform (/home/conner/Documents/GitHub/Project-Judas/projects/deformable_lab/Scenes/flat.judas)
World origin (m): 0.000, 0.000, 0.000
