PASS ordinary project asynchronously publishes all seven deformable instances
PASS real animated target shares normal skeletal resource
PASS normal authored UI loaded
PASS cape resolves authored stable bone attachment
PASS cape pins consume exact resolved joint pose without another animation clock
PASS runtime scale change rejects unsupported deformable scale
PASS public JS save commits M61 slot
SAVE capture_ms=5.18740 worker_ms=9.20640 bytes=110090 root=/home/conner/Documents/GitHub/Project-Judas/.cache/m62-focused/save-data/judas/games/5558c152ba4bdadd8f20c878b6146bd3a616847482b3e546d816f93338951ebe/Saves/Slots
FRAME median_ms=33.568073 p95_ms=51.185301 max_ms=61.614692
PHASE Deformable attachments 0.015768ms
PHASE Deformable edge edge contacts 0.785314ms
PHASE Deformable fixed step 11.803845ms
PHASE Deformable force prediction 0.103927ms
PHASE Deformable internal constraints 4.490398ms
PHASE Deformable plastic flow 0.241799ms
PHASE Deformable render mapping 0.240140ms
PHASE Deformable rigid contacts 4.234682ms
PHASE Deformable self pair cache 1.699577ms
PHASE Deformable surface candidates 0.056386ms
PHASE Deformable surface contacts 2.553945ms
PHASE Deformable vertex face contacts 0.050078ms
PASS normal startup and clean shutdown
SUMMARY mode=write checks=8 failures=0 frames=153
libEGL warning: Not allowed to force software rendering when API explicitly selects a hardware device.
Renderer fragment texture units: 32 (material path uses 12)
World state: disk saves disabled for additive compositions
Project: Deformable Lab (/home/conner/Documents/GitHub/Project-Judas/projects/deformable_lab/deformable_lab.judasproj)
Scene: Deformable Lab / uniform (/home/conner/Documents/GitHub/Project-Judas/projects/deformable_lab/Scenes/flat.judas)
World origin (m): 0.000, 0.000, 0.000
