libEGL warning: Not allowed to force software rendering when API explicitly selects a hardware device.
M31 resource stress: generating 24 sphere meshes (160x160) and 16 1024x1024 textures under /tmp/judas_m31_stress_4766
  137.5 MB of asset files
  7 workers, scene 'Tiny game' playing (3 dynamic bodies)
  async: all 40 assets Ready after 0.66 s; per-asset latency (request->Ready) min 161 ms avg 455 ms max 662 ms; 40 uploads; resident 211.9 MB (peak 211.9 MB)
  cancel: 20 loads cancelled by dropped demand, 10 stale completions discarded, 20 ready, 0 loading
  evict: budget 53.2 MB -> resident 106.4 MB before, 85.3 MB after, 4 evictions; referenced textures survived: yes
  reload: 4 evicted meshes re-requested and Ready again after 0.11 s
  blocking: all 40 assets loaded on the main thread in 1.40 s (one per frame)

Per-phase main-thread measurements (frame = pump + play frame + swap; 60 Hz fixed step):
  baseline (no loads)          frames  120 | frame avg   4.74 ms p99  34.22 ms max  151.69 ms (pump max   0.00 ms) | >33 ms:   2 | fixed steps    35 (expected ~   37, 1 saturated) | queue max  0 avg   0.0 | worker util   0.0% | jobs done 0
  async load (40 assets)       frames   30 | frame avg  20.49 ms p99  89.90 ms max   89.90 ms (pump max  43.85 ms) | >33 ms:   6 | fixed steps    40 (expected ~   40, 0 saturated) | queue max 40 avg  14.8 | worker util  66.9% | jobs done 40
  cancel + release             frames    1 | frame avg   3.06 ms p99   3.06 ms max    3.06 ms (pump max   0.15 ms) | >33 ms:   0 | fixed steps     0 (expected ~    0, 0 saturated) | queue max  3 avg   3.0 | worker util   6.9% | jobs done 0
  evict + reload               frames   13 | frame avg   7.85 ms p99  45.12 ms max   45.12 ms (pump max   5.22 ms) | >33 ms:   2 | fixed steps     6 (expected ~    7, 0 saturated) | queue max  3 avg   0.5 | worker util  51.5% | jobs done 4
  BLOCKING load (40 assets)    frames   40 | frame avg  34.56 ms p99  43.60 ms max   43.60 ms (pump max   0.00 ms) | >33 ms:  24 | fixed steps    85 (expected ~   84, 0 saturated) | queue max  0 avg   0.0 | worker util   0.0% | jobs done 0

Claim under test: expensive resource preparation no longer forces the main thread to wait for the whole operation.
  async  : worst frame   89.90 ms,   6 frames over 33 ms, 0 saturated catch-up frames, wall 0.66 s
  blocking: worst frame   43.60 ms,  24 frames over 33 ms, 0 saturated catch-up frames, wall 1.40 s
  (the work itself is not free: worker busy time during the async phase was 3.11 s across 7 workers)

shutdown clean (resources, workers, renderer, window in that order); temporary project removed
