[  1%] Built target judas_glad
[  2%] Built target judas_imgui
[  5%] Built target judas_physics_tests
[  7%] Built target judas_rigid_contact_tests
[  9%] Built target judas_broadphase_tests
[ 10%] Built target judas_asset_tests
[ 13%] Built target judas_collision_tests
[ 15%] Built target judas_celestial_gravity_tests
[ 16%] Built target judas_pilot_attachment_tests
[ 18%] Built target judas_step_climb_tests
[ 20%] Built target judas_pilot_dismount_tests
[ 22%] Built target judas_spacecraft_control_tests
[ 24%] Built target judas_reference_frame_tests
[ 27%] Built target judas_spacecraft_flight_tests
[ 28%] Built target judas_ui_tests
[ 30%] Built target judas_lighting_tests
[ 31%] Built target judas_shadow_tests
[ 32%] Built target judas_player_view_tests
[ 36%] Built target judas_interactable_tests
[ 40%] Built target judas_object_manipulation_tests
[ 44%] Built target judas_player_curved_locomotion_tests
[ 47%] Built target judas_compound_body_tests
[ 53%] Built target judas_world_coordinates_tests
[ 56%] Built target judas_fluid_world_tests
[ 57%] Built target judas_fluid_surface_tests
[ 60%] Built target judas_fluid_rigid_coupling_tests
[ 68%] Built target judas_terrain_physics_tests
[ 68%] Built target judas_terrain_fluid_tests
[ 69%] Built target judas_atmosphere_tests
[ 73%] Built target judas_atmospheric_flight_tests
[ 77%] Built target judas_combustion_tests
[ 91%] Built target judas_engine
[ 91%] Built target judas_scene_author
[ 92%] Built target judas_resource_stress
[ 93%] Built target judas
[ 95%] Built target judas_editor
[ 95%] Built target judas_scene_tests
[ 95%] Built target judas_lifecycle_tests
[ 96%] Built target judas_project_tests
[ 97%] Built target judas_job_tests
[ 98%] Built target judas_scene_fingerprint_tests
[ 99%] Built target judas_world_state_tests
[ 99%] Building CXX object CMakeFiles/judas_async_application_tests.dir/tests/AsyncApplicationTests.cpp.o
[ 99%] Linking CXX executable judas_async_application_tests
[100%] Built target judas_async_application_tests
