JS: SKATER start rails=8 autopilot=false
JS: STREAM t=0.00 street-0 - -> unloaded entities=0 prepMs=0.00 integMs=0.00 largestUnitMs=0.00 skater=(36.60,-18.43,-250.00) v=0.0
JS: STREAM t=0.00 street-1 - -> unloaded entities=0 prepMs=0.00 integMs=0.00 largestUnitMs=0.00 skater=(36.60,-18.43,-250.00) v=0.0
JS: STREAM t=0.00 street-2 - -> unloaded entities=0 prepMs=0.00 integMs=0.00 largestUnitMs=0.00 skater=(36.60,-18.43,-250.00) v=0.0
JS: STREAM t=0.00 street-3 - -> unloaded entities=0 prepMs=0.00 integMs=0.00 largestUnitMs=0.00 skater=(36.60,-18.43,-250.00) v=0.0
JS: STREAM t=0.00 street-4 - -> unloaded entities=0 prepMs=0.00 integMs=0.00 largestUnitMs=0.00 skater=(36.60,-18.43,-250.00) v=0.0
JS: STREAM t=0.00 street-0 unloaded -> prepared entities=11 prepMs=13.10 integMs=0.00 largestUnitMs=0.00 skater=(36.60,-18.45,-250.00) v=0.2
JS: STREAM t=0.00 street-1 unloaded -> prepared entities=9 prepMs=17.67 integMs=0.00 largestUnitMs=0.00 skater=(36.60,-18.45,-250.00) v=0.2
JS: STREAM t=0.00 street-2 unloaded -> preparing entities=0 prepMs=0.00 integMs=0.00 largestUnitMs=0.00 skater=(36.60,-18.45,-250.00) v=0.2
JS: STREAM t=0.00 street-3 unloaded -> preparing entities=0 prepMs=0.00 integMs=0.00 largestUnitMs=0.00 skater=(36.60,-18.45,-250.00) v=0.2
JS: STREAM t=0.00 street-0 prepared -> installing entities=11 prepMs=13.10 integMs=12.39 largestUnitMs=12.20 skater=(36.60,-18.46,-250.00) v=0.2
JS: STREAM t=0.00 street-2 preparing -> prepared entities=9 prepMs=16.21 integMs=0.00 largestUnitMs=0.00 skater=(36.60,-18.46,-250.00) v=0.2
JS: STREAM t=0.00 street-3 preparing -> prepared entities=11 prepMs=18.19 integMs=0.00 largestUnitMs=0.00 skater=(36.60,-18.46,-250.00) v=0.2
JS: STREAM t=0.00 street-0 installing -> active entities=11 prepMs=13.10 integMs=12.98 largestUnitMs=12.20 skater=(36.60,-18.48,-250.00) v=0.2
JS: STREAM t=0.00 street-1 prepared -> active entities=9 prepMs=17.67 integMs=15.01 largestUnitMs=14.27 skater=(36.60,-18.48,-250.00) v=0.2
JS: STREAM t=0.00 street-2 prepared -> installing entities=9 prepMs=16.21 integMs=12.53 largestUnitMs=11.97 skater=(36.60,-18.48,-250.00) v=0.2
JS: STREAM t=0.00 street-3 prepared -> installing entities=11 prepMs=18.19 integMs=9.96 largestUnitMs=9.77 skater=(36.60,-18.48,-250.00) v=0.2
JS: STREAM t=0.00 street-2 installing -> active entities=9 prepMs=16.21 integMs=13.13 largestUnitMs=11.97 skater=(36.60,-18.50,-250.00) v=0.2
JS: STREAM t=0.00 street-3 installing -> active entities=11 prepMs=18.19 integMs=10.53 largestUnitMs=9.77 skater=(36.60,-18.50,-250.00) v=0.2
JS: TEL t=0.10 mode=ride g=1 p=(36.60,-18.49,-250.01) v=0.84 vy=0.82 n=(0.00,0.99,-0.10) up=(0.00,1.00,-0.08) c=4 drop=0.217 E=-181.06 score=0 combo=0
JS: TEL t=0.20 mode=ride g=1 p=(36.60,-18.45,-250.03) v=0.42 vy=0.37 n=(0.00,0.99,-0.10) up=(0.00,1.00,-0.10) c=4 drop=0.261 E=-180.90 score=0 combo=0
JS: TEL t=0.30 mode=ride g=1 p=(36.60,-18.44,-250.06) v=0.35 vy=0.21 n=(0.00,0.99,-0.10) up=(0.00,0.99,-0.10) c=4 drop=0.276 E=-180.80 score=0 combo=0
JS: TEL t=0.40 mode=ride g=1 p=(36.60,-18.44,-250.09) v=0.40 vy=0.15 n=(0.00,0.99,-0.10) up=(0.00,0.99,-0.10) c=4 drop=0.281 E=-180.77 score=0 combo=0
JS: TEL t=0.50 mode=ride g=1 p=(36.60,-18.44,-250.13) v=0.48 vy=0.12 n=(0.00,0.99,-0.10) up=(0.00,0.99,-0.10) c=4 drop=0.283 E=-180.76 score=0 combo=0
JS: TEL t=0.60 mode=ride g=1 p=(36.60,-18.44,-250.18) v=0.56 vy=0.11 n=(0.00,0.99,-0.10) up=(0.00,0.99,-0.10) c=4 drop=0.283 E=-180.76 score=0 combo=0
JS: TEL t=0.70 mode=ride g=1 p=(36.60,-18.45,-250.24) v=0.65 vy=0.10 n=(0.00,0.99,-0.10) up=(0.00,0.99,-0.10) c=4 drop=0.284 E=-180.77 score=0 combo=0
JS: TEL t=0.80 mode=ride g=1 p=(36.60,-18.46,-250.31) v=0.74 vy=0.09 n=(0.00,0.99,-0.10) up=(0.00,0.99,-0.10) c=4 drop=0.284 E=-180.77 score=0 combo=0
JS: TEL t=0.90 mode=ride g=1 p=(36.60,-18.46,-250.38) v=0.83 vy=0.08 n=(0.00,0.99,-0.10) up=(0.00,0.99,-0.10) c=4 drop=0.284 E=-180.78 score=0 combo=0
JS: POS t=1.00 p=(36.60,-18.47,-250.47) score=0
JS: TEL t=1.00 mode=ride g=1 p=(36.60,-18.47,-250.47) v=0.92 vy=0.07 n=(0.00,0.99,-0.10) up=(0.00,0.99,-0.10) c=4 drop=0.284 E=-180.79 score=0 combo=0
JS: TEL t=1.10 mode=ride g=1 p=(36.60,-18.48,-250.57) v=1.01 vy=0.06 n=(0.00,0.99,-0.10) up=(0.00,0.99,-0.10) c=4 drop=0.284 E=-180.80 score=0 combo=0
JS: TEL t=1.20 mode=ride g=1 p=(36.60,-18.49,-250.67) v=1.11 vy=0.05 n=(0.00,0.99,-0.10) up=(0.00,0.99,-0.10) c=4 drop=0.284 E=-180.81 score=0 combo=0
JS: TEL t=1.30 mode=ride g=1 p=(36.60,-18.51,-250.79) v=1.20 vy=0.04 n=(0.00,0.99,-0.10) up=(0.00,0.99,-0.10) c=4 drop=0.284 E=-180.83 score=0 combo=0
JS: TEL t=1.40 mode=ride g=1 p=(36.60,-18.52,-250.91) v=1.29 vy=0.03 n=(0.00,0.99,-0.10) up=(0.00,0.99,-0.10) c=4 drop=0.284 E=-180.84 score=0 combo=0
JS: TEL t=1.50 mode=ride g=1 p=(36.60,-18.53,-251.04) v=1.38 vy=0.02 n=(0.00,0.99,-0.10) up=(0.00,0.99,-0.10) c=4 drop=0.284 E=-180.86 score=0 combo=0
JS: TEL t=1.60 mode=ride g=1 p=(36.60,-18.55,-251.18) v=1.47 vy=0.01 n=(0.00,0.99,-0.10) up=(0.00,0.99,-0.10) c=4 drop=0.284 E=-180.87 score=0 combo=0
JS: TEL t=1.70 mode=ride g=1 p=(36.60,-18.56,-251.34) v=1.56 vy=-0.00 n=(0.00,0.99,-0.10) up=(0.00,0.99,-0.10) c=4 drop=0.284 E=-180.89 score=0 combo=0
JS: TEL t=1.80 mode=ride g=1 p=(36.60,-18.58,-251.50) v=1.65 vy=-0.01 n=(0.00,0.99,-0.10) up=(0.00,0.99,-0.10) c=4 drop=0.284 E=-180.91 score=0 combo=0
JS: TEL t=1.90 mode=ride g=1 p=(36.60,-18.60,-251.66) v=1.74 vy=-0.02 n=(0.00,0.99,-0.10) up=(0.00,0.99,-0.10) c=4 drop=0.284 E=-180.93 score=0 combo=0
JS: POS t=2.00 p=(36.60,-18.62,-251.84) score=0
JS: TEL t=2.00 mode=ride g=1 p=(36.60,-18.62,-251.84) v=1.83 vy=-0.03 n=(0.00,0.99,-0.10) up=(0.00,0.99,-0.10) c=4 drop=0.284 E=-180.95 score=0 combo=0
JS: TEL t=2.10 mode=ride g=1 p=(36.60,-18.64,-252.03) v=1.93 vy=-0.04 n=(0.00,0.99,-0.10) up=(0.00,0.99,-0.10) c=4 drop=0.284 E=-180.97 score=0 combo=0
JS: TEL t=2.20 mode=ride g=1 p=(36.60,-18.66,-252.23) v=2.02 vy=-0.05 n=(0.00,0.99,-0.10) up=(0.00,0.99,-0.10) c=4 drop=0.284 E=-180.99 score=0 combo=0
JS: TEL t=2.30 mode=ride g=1 p=(36.60,-18.68,-252.43) v=2.11 vy=-0.06 n=(0.00,0.99,-0.10) up=(0.00,0.99,-0.10) c=4 drop=0.284 E=-181.02 score=0 combo=0
JS: TEL t=2.40 mode=ride g=1 p=(36.60,-18.70,-252.65) v=2.20 vy=-0.07 n=(0.00,0.99,-0.10) up=(0.00,0.99,-0.10) c=4 drop=0.284 E=-181.04 score=0 combo=0
JS: TEL t=2.50 mode=ride g=1 p=(36.60,-18.72,-252.87) v=2.29 vy=-0.08 n=(0.00,0.99,-0.10) up=(0.00,0.99,-0.10) c=4 drop=0.284 E=-181.07 score=0 combo=0
JS: TEL t=2.60 mode=ride g=1 p=(36.60,-18.75,-253.10) v=2.38 vy=-0.09 n=(0.00,0.99,-0.10) up=(0.00,0.99,-0.10) c=4 drop=0.284 E=-181.10 score=0 combo=0
JS: TEL t=2.70 mode=ride g=1 p=(36.60,-18.77,-253.34) v=2.47 vy=-0.10 n=(0.00,0.99,-0.10) up=(0.00,0.99,-0.10) c=4 drop=0.284 E=-181.13 score=0 combo=0
JS: TEL t=2.80 mode=ride g=1 p=(36.60,-18.80,-253.59) v=2.56 vy=-0.11 n=(0.00,0.99,-0.10) up=(0.00,0.99,-0.10) c=4 drop=0.284 E=-181.16 score=0 combo=0
JS: TEL t=2.90 mode=ride g=1 p=(36.60,-18.83,-253.85) v=2.65 vy=-0.11 n=(0.00,0.99,-0.10) up=(0.00,0.99,-0.10) c=4 drop=0.284 E=-181.19 score=0 combo=0
JS: POS t=3.00 p=(36.60,-18.86,-254.12) score=0
JS: TEL t=3.00 mode=ride g=1 p=(36.60,-18.86,-254.12) v=2.74 vy=-0.12 n=(0.00,0.99,-0.10) up=(0.00,0.99,-0.10) c=4 drop=0.284 E=-181.23 score=0 combo=0
JS: REVIEW backtrack {"x":0,"y":3.28,"z":23}
JS: TEL t=3.10 mode=ride g=1 p=(0.00,3.28,23.00) v=0.20 vy=0.20 n=(0.00,1.00,0.00) up=(0.00,1.00,-0.04) c=4 drop=0.280 E=32.20 score=0 combo=0
JS: STREAM t=3.20 street-1 active -> unloaded entities=9 prepMs=17.67 integMs=16.14 largestUnitMs=14.27 skater=(0.00,3.28,23.00) v=0.0
JS: STREAM t=3.20 street-2 active -> unloaded entities=9 prepMs=16.21 integMs=14.10 largestUnitMs=11.97 skater=(0.00,3.28,23.00) v=0.0
JS: STREAM t=3.20 street-3 active -> unloading entities=11 prepMs=18.19 integMs=11.14 largestUnitMs=9.77 skater=(0.00,3.28,23.00) v=0.0
JS: TEL t=3.20 mode=ride g=1 p=(0.00,3.28,23.00) v=0.18 vy=0.18 n=(0.00,1.00,0.00) up=(0.00,1.00,-0.01) c=4 drop=0.282 E=32.22 score=0 combo=0
JS: STREAM t=3.30 street-3 unloading -> unloaded entities=11 prepMs=18.19 integMs=11.57 largestUnitMs=9.77 skater=(0.00,3.28,23.00) v=0.0
JS: TEL t=3.30 mode=ride g=1 p=(0.00,3.28,23.00) v=0.17 vy=0.17 n=(0.00,1.00,0.00) up=(0.00,1.00,-0.00) c=4 drop=0.283 E=32.22 score=0 combo=0
JS: TEL t=3.40 mode=ride g=1 p=(0.00,3.28,23.00) v=0.16 vy=0.16 n=(0.00,1.00,0.00) up=(0.00,1.00,-0.00) c=4 drop=0.284 E=32.22 score=0 combo=0
JS: TEL t=3.50 mode=ride g=1 p=(0.00,3.28,23.00) v=0.16 vy=0.16 n=(0.00,1.00,0.00) up=(0.00,1.00,-0.00) c=4 drop=0.284 E=32.23 score=0 combo=0
JS: TEL t=3.60 mode=ride g=1 p=(0.00,3.28,23.00) v=0.16 vy=0.16 n=(0.00,1.00,0.00) up=(0.00,1.00,-0.00) c=4 drop=0.284 E=32.23 score=0 combo=0
JS: TEL t=3.70 mode=ride g=1 p=(0.00,3.28,23.00) v=0.16 vy=0.16 n=(0.00,1.00,0.00) up=(0.00,1.00,-0.00) c=4 drop=0.284 E=32.23 score=0 combo=0
JS: TEL t=3.80 mode=ride g=1 p=(0.00,3.28,23.00) v=0.16 vy=0.16 n=(0.00,1.00,0.00) up=(0.00,1.00,-0.00) c=4 drop=0.284 E=32.23 score=0 combo=0
JS: TEL t=3.90 mode=ride g=1 p=(0.00,3.28,23.00) v=0.16 vy=0.16 n=(0.00,1.00,0.00) up=(0.00,1.00,-0.00) c=4 drop=0.284 E=32.23 score=0 combo=0
JS: POS t=4.00 p=(0.00,3.28,23.00) score=0
JS: TEL t=4.00 mode=ride g=1 p=(0.00,3.28,23.00) v=0.16 vy=0.16 n=(0.00,1.00,0.00) up=(0.00,1.00,-0.00) c=4 drop=0.284 E=32.23 score=0 combo=0
JS: TEL t=4.10 mode=ride g=1 p=(0.00,3.28,23.00) v=0.16 vy=0.16 n=(0.00,1.00,0.00) up=(0.00,1.00,-0.00) c=4 drop=0.284 E=32.23 score=0 combo=0
JS: TEL t=4.20 mode=ride g=1 p=(0.00,3.28,23.00) v=0.16 vy=0.16 n=(0.00,1.00,0.00) up=(0.00,1.00,-0.00) c=4 drop=0.284 E=32.23 score=0 combo=0
JS: TEL t=4.30 mode=ride g=1 p=(0.00,3.28,23.00) v=0.16 vy=0.16 n=(0.00,1.00,0.00) up=(0.00,1.00,-0.00) c=4 drop=0.284 E=32.23 score=0 combo=0
JS: TEL t=4.40 mode=ride g=1 p=(0.00,3.28,23.00) v=0.16 vy=0.16 n=(0.00,1.00,0.00) up=(0.00,1.00,-0.00) c=4 drop=0.284 E=32.23 score=0 combo=0
JS: TEL t=4.50 mode=ride g=1 p=(0.00,3.28,23.00) v=0.16 vy=0.16 n=(0.00,1.00,0.00) up=(0.00,1.00,-0.00) c=4 drop=0.284 E=32.23 score=0 combo=0
JS: TEL t=4.60 mode=ride g=1 p=(0.00,3.28,23.00) v=0.16 vy=0.16 n=(0.00,1.00,0.00) up=(0.00,1.00,-0.00) c=4 drop=0.284 E=32.23 score=0 combo=0
JS: TEL t=4.70 mode=ride g=1 p=(0.00,3.28,23.00) v=0.16 vy=0.16 n=(0.00,1.00,0.00) up=(0.00,1.00,-0.00) c=4 drop=0.284 E=32.23 score=0 combo=0
JS: TEL t=4.80 mode=ride g=1 p=(0.00,3.28,23.00) v=0.16 vy=0.16 n=(0.00,1.00,0.00) up=(0.00,1.00,-0.00) c=4 drop=0.284 E=32.23 score=0 combo=0
JS: TEL t=4.90 mode=ride g=1 p=(0.00,3.28,23.00) v=0.16 vy=0.16 n=(0.00,1.00,0.00) up=(0.00,1.00,-0.00) c=4 drop=0.284 E=32.23 score=0 combo=0
JS: POS t=5.00 p=(0.00,3.28,23.00) score=0
JS: TEL t=5.00 mode=ride g=1 p=(0.00,3.28,23.00) v=0.16 vy=0.16 n=(0.00,1.00,0.00) up=(0.00,1.00,-0.00) c=4 drop=0.284 E=32.23 score=0 combo=0
JS: TEL t=5.10 mode=ride g=1 p=(0.00,3.28,23.00) v=0.16 vy=0.16 n=(0.00,1.00,0.00) up=(0.00,1.00,-0.00) c=4 drop=0.284 E=32.23 score=0 combo=0
JS: TEL t=5.20 mode=ride g=1 p=(0.00,3.28,23.00) v=0.16 vy=0.16 n=(0.00,1.00,0.00) up=(0.00,1.00,-0.00) c=4 drop=0.284 E=32.23 score=0 combo=0
JS: TEL t=5.30 mode=ride g=1 p=(0.00,3.28,23.00) v=0.16 vy=0.16 n=(0.00,1.00,0.00) up=(0.00,1.00,-0.00) c=4 drop=0.284 E=32.23 score=0 combo=0
JS: TEL t=5.40 mode=ride g=1 p=(0.00,3.28,23.00) v=0.16 vy=0.16 n=(0.00,1.00,0.00) up=(0.00,1.00,-0.00) c=4 drop=0.284 E=32.23 score=0 combo=0
JS: TEL t=5.50 mode=ride g=1 p=(0.00,3.28,23.00) v=0.16 vy=0.16 n=(0.00,1.00,0.00) up=(0.00,1.00,-0.00) c=4 drop=0.284 E=32.23 score=0 combo=0
JS: TEL t=5.60 mode=ride g=1 p=(0.00,3.28,23.00) v=0.16 vy=0.16 n=(0.00,1.00,0.00) up=(0.00,1.00,-0.00) c=4 drop=0.284 E=32.23 score=0 combo=0
JS: TEL t=5.70 mode=ride g=1 p=(0.00,3.28,23.00) v=0.16 vy=0.16 n=(0.00,1.00,0.00) up=(0.00,1.00,-0.00) c=4 drop=0.284 E=32.23 score=0 combo=0
JS: TEL t=5.80 mode=ride g=1 p=(0.00,3.28,23.00) v=0.16 vy=0.16 n=(0.00,1.00,0.00) up=(0.00,1.00,-0.00) c=4 drop=0.284 E=32.23 score=0 combo=0
JS: TEL t=5.90 mode=ride g=1 p=(0.00,3.28,23.00) v=0.16 vy=0.16 n=(0.00,1.00,0.00) up=(0.00,1.00,-0.00) c=4 drop=0.284 E=32.23 score=0 combo=0
JS: POS t=6.00 p=(0.00,3.28,23.00) score=0
JS: TEL t=6.00 mode=ride g=1 p=(0.00,3.28,23.00) v=0.16 vy=0.16 n=(0.00,1.00,0.00) up=(0.00,1.00,-0.00) c=4 drop=0.284 E=32.23 score=0 combo=0
JS: TEL t=6.10 mode=ride g=1 p=(0.00,3.28,23.00) v=0.16 vy=0.16 n=(0.00,1.00,0.00) up=(0.00,1.00,-0.00) c=4 drop=0.284 E=32.23 score=0 combo=0
JS: TEL t=6.20 mode=ride g=1 p=(0.00,3.28,23.00) v=0.16 vy=0.16 n=(0.00,1.00,0.00) up=(0.00,1.00,-0.00) c=4 drop=0.284 E=32.23 score=0 combo=0
JS: TEL t=6.30 mode=ride g=1 p=(0.00,3.28,23.00) v=0.16 vy=0.16 n=(0.00,1.00,0.00) up=(0.00,1.00,-0.00) c=4 drop=0.284 E=32.23 score=0 combo=0
JS: TEL t=6.40 mode=ride g=1 p=(0.00,3.28,23.00) v=0.16 vy=0.16 n=(0.00,1.00,0.00) up=(0.00,1.00,-0.00) c=4 drop=0.284 E=32.23 score=0 combo=0
JS: TEL t=6.50 mode=ride g=1 p=(0.00,3.28,23.00) v=0.16 vy=0.16 n=(0.00,1.00,0.00) up=(0.00,1.00,-0.00) c=4 drop=0.284 E=32.23 score=0 combo=0
JS: TEL t=6.60 mode=ride g=1 p=(0.00,3.28,23.00) v=0.16 vy=0.16 n=(0.00,1.00,0.00) up=(0.00,1.00,-0.00) c=4 drop=0.284 E=32.23 score=0 combo=0
JS: TEL t=6.70 mode=ride g=1 p=(0.00,3.28,23.00) v=0.16 vy=0.16 n=(0.00,1.00,0.00) up=(0.00,1.00,-0.00) c=4 drop=0.284 E=32.23 score=0 combo=0
JS: TEL t=6.80 mode=ride g=1 p=(0.00,3.28,23.00) v=0.16 vy=0.16 n=(0.00,1.00,0.00) up=(0.00,1.00,-0.00) c=4 drop=0.284 E=32.23 score=0 combo=0
JS: TEL t=6.90 mode=ride g=1 p=(0.00,3.28,23.00) v=0.16 vy=0.16 n=(0.00,1.00,0.00) up=(0.00,1.00,-0.00) c=4 drop=0.284 E=32.23 score=0 combo=0
JS: POS t=7.00 p=(0.00,3.28,23.00) score=0
JS: TEL t=7.00 mode=ride g=1 p=(0.00,3.28,23.00) v=0.16 vy=0.16 n=(0.00,1.00,0.00) up=(0.00,1.00,-0.00) c=4 drop=0.284 E=32.23 score=0 combo=0
JS: REVIEW backtrack {"x":36.6,"y":-18.43,"z":-250}
JS: TEL t=7.10 mode=ride g=0 p=(36.60,-18.47,-250.00) v=0.82 vy=-0.82 n=(0.00,1.00,0.00) up=(0.00,1.00,-0.00) c=0 drop=0.300 E=-180.87 score=0 combo=0
JS: STREAM t=7.20 street-1 unloaded -> active entities=9 prepMs=10.68 integMs=31.44 largestUnitMs=14.27 skater=(36.60,-18.61,-250.00) v=1.8
JS: STREAM t=7.20 street-2 unloaded -> installing entities=9 prepMs=6.91 integMs=20.49 largestUnitMs=11.97 skater=(36.60,-18.61,-250.00) v=1.8
JS: STREAM t=7.20 street-3 unloaded -> installing entities=11 prepMs=8.77 integMs=18.83 largestUnitMs=9.77 skater=(36.60,-18.61,-250.00) v=1.8
JS: TEL t=7.20 mode=ride g=0 p=(36.60,-18.61,-250.00) v=1.80 vy=-1.80 n=(0.00,1.00,0.00) up=(0.00,1.00,-0.00) c=0 drop=0.300 E=-180.95 score=0 combo=0
JS: STREAM t=7.30 street-2 installing -> active entities=9 prepMs=6.91 integMs=24.20 largestUnitMs=11.97 skater=(36.60,-18.55,-250.03) v=1.5
JS: STREAM t=7.30 street-3 installing -> active entities=11 prepMs=8.77 integMs=22.36 largestUnitMs=9.77 skater=(36.60,-18.55,-250.03) v=1.5
JS: TEL t=7.30 mode=ride g=1 p=(36.60,-18.55,-250.03) v=1.41 vy=1.35 n=(0.00,0.99,-0.10) up=(0.00,1.00,-0.07) c=4 drop=0.162 E=-180.97 score=0 combo=0
JS: TEL t=7.40 mode=ride g=1 p=(36.60,-18.47,-250.07) v=0.68 vy=0.53 n=(0.00,0.99,-0.10) up=(0.00,1.00,-0.10) c=4 drop=0.243 E=-180.98 score=0 combo=0
JS: TEL t=7.50 mode=ride g=1 p=(36.60,-18.45,-250.12) v=0.56 vy=0.25 n=(0.00,0.99,-0.10) up=(0.00,0.99,-0.10) c=4 drop=0.270 E=-180.84 score=0 combo=0
JS: TEL t=7.60 mode=ride g=1 p=(36.60,-18.45,-250.17) v=0.60 vy=0.15 n=(0.00,0.99,-0.10) up=(0.00,0.99,-0.10) c=4 drop=0.279 E=-180.78 score=0 combo=0
JS: TEL t=7.70 mode=ride g=1 p=(36.60,-18.45,-250.23) v=0.68 vy=0.11 n=(0.00,0.99,-0.10) up=(0.00,0.99,-0.10) c=4 drop=0.282 E=-180.76 score=0 combo=0
JS: TEL t=7.80 mode=ride g=1 p=(36.60,-18.46,-250.30) v=0.76 vy=0.09 n=(0.00,0.99,-0.10) up=(0.00,0.99,-0.10) c=4 drop=0.283 E=-180.76 score=0 combo=0
JS: TEL t=7.90 mode=ride g=1 p=(36.60,-18.46,-250.38) v=0.85 vy=0.08 n=(0.00,0.99,-0.10) up=(0.00,0.99,-0.10) c=4 drop=0.284 E=-180.77 score=0 combo=0
JS: POS t=8.00 p=(36.60,-18.47,-250.47) score=0
JS: TEL t=8.00 mode=ride g=1 p=(36.60,-18.47,-250.47) v=0.94 vy=0.07 n=(0.00,0.99,-0.10) up=(0.00,0.99,-0.10) c=4 drop=0.284 E=-180.77 score=0 combo=0
JS: TEL t=8.10 mode=ride g=1 p=(36.60,-18.48,-250.57) v=1.03 vy=0.06 n=(0.00,0.99,-0.10) up=(0.00,0.99,-0.10) c=4 drop=0.284 E=-180.78 score=0 combo=0
JS: TEL t=8.20 mode=ride g=1 p=(36.60,-18.49,-250.68) v=1.13 vy=0.05 n=(0.00,0.99,-0.10) up=(0.00,0.99,-0.10) c=4 drop=0.284 E=-180.80 score=0 combo=0
JS: TEL t=8.30 mode=ride g=1 p=(36.60,-18.51,-250.79) v=1.22 vy=0.04 n=(0.00,0.99,-0.10) up=(0.00,0.99,-0.10) c=4 drop=0.284 E=-180.81 score=0 combo=0
JS: TEL t=8.40 mode=ride g=1 p=(36.60,-18.52,-250.92) v=1.31 vy=0.03 n=(0.00,0.99,-0.10) up=(0.00,0.99,-0.10) c=4 drop=0.284 E=-180.82 score=0 combo=0
JS: TEL t=8.50 mode=ride g=1 p=(36.60,-18.53,-251.05) v=1.40 vy=0.02 n=(0.00,0.99,-0.10) up=(0.00,0.99,-0.10) c=4 drop=0.284 E=-180.84 score=0 combo=0
JS: TEL t=8.60 mode=ride g=1 p=(36.60,-18.55,-251.20) v=1.49 vy=0.01 n=(0.00,0.99,-0.10) up=(0.00,0.99,-0.10) c=4 drop=0.284 E=-180.86 score=0 combo=0
JS: TEL t=8.70 mode=ride g=1 p=(36.60,-18.57,-251.35) v=1.58 vy=-0.00 n=(0.00,0.99,-0.10) up=(0.00,0.99,-0.10) c=4 drop=0.284 E=-180.87 score=0 combo=0
JS: TEL t=8.80 mode=ride g=1 p=(36.60,-18.58,-251.51) v=1.67 vy=-0.01 n=(0.00,0.99,-0.10) up=(0.00,0.99,-0.10) c=4 drop=0.284 E=-180.89 score=0 combo=0
JS: TEL t=8.90 mode=ride g=1 p=(36.60,-18.60,-251.68) v=1.76 vy=-0.02 n=(0.00,0.99,-0.10) up=(0.00,0.99,-0.10) c=4 drop=0.284 E=-180.91 score=0 combo=0
JS: POS t=9.00 p=(36.60,-18.62,-251.86) score=0
JS: TEL t=9.00 mode=ride g=1 p=(36.60,-18.62,-251.86) v=1.85 vy=-0.03 n=(0.00,0.99,-0.10) up=(0.00,0.99,-0.10) c=4 drop=0.284 E=-180.93 score=0 combo=0
JS: TEL t=9.10 mode=ride g=1 p=(36.60,-18.64,-252.05) v=1.95 vy=-0.04 n=(0.00,0.99,-0.10) up=(0.00,0.99,-0.10) c=4 drop=0.284 E=-180.96 score=0 combo=0
JS: TEL t=9.20 mode=ride g=1 p=(36.60,-18.66,-252.25) v=2.04 vy=-0.05 n=(0.00,0.99,-0.10) up=(0.00,0.99,-0.10) c=4 drop=0.284 E=-180.98 score=0 combo=0
JS: TEL t=9.30 mode=ride g=1 p=(36.60,-18.68,-252.46) v=2.13 vy=-0.06 n=(0.00,0.99,-0.10) up=(0.00,0.99,-0.10) c=4 drop=0.284 E=-181.00 score=0 combo=0
JS: TEL t=9.40 mode=ride g=1 p=(36.60,-18.70,-252.67) v=2.22 vy=-0.07 n=(0.00,0.99,-0.10) up=(0.00,0.99,-0.10) c=4 drop=0.284 E=-181.03 score=0 combo=0
JS: TEL t=9.50 mode=ride g=1 p=(36.60,-18.73,-252.90) v=2.31 vy=-0.08 n=(0.00,0.99,-0.10) up=(0.00,0.99,-0.10) c=4 drop=0.284 E=-181.06 score=0 combo=0
JS: TEL t=9.60 mode=ride g=1 p=(36.60,-18.75,-253.13) v=2.40 vy=-0.09 n=(0.00,0.99,-0.10) up=(0.00,0.99,-0.10) c=4 drop=0.284 E=-181.09 score=0 combo=0
JS: TEL t=9.70 mode=ride g=1 p=(36.60,-18.78,-253.38) v=2.49 vy=-0.10 n=(0.00,0.99,-0.10) up=(0.00,0.99,-0.10) c=4 drop=0.284 E=-181.12 score=0 combo=0
JS: TEL t=9.80 mode=ride g=1 p=(36.60,-18.80,-253.63) v=2.58 vy=-0.11 n=(0.00,0.99,-0.10) up=(0.00,0.99,-0.10) c=4 drop=0.284 E=-181.15 score=0 combo=0
JS: TEL t=9.90 mode=ride g=1 p=(36.60,-18.83,-253.89) v=2.67 vy=-0.12 n=(0.00,0.99,-0.10) up=(0.00,0.99,-0.10) c=4 drop=0.284 E=-181.18 score=0 combo=0
JS: POS t=10.00 p=(36.60,-18.86,-254.16) score=0
JS: TEL t=10.00 mode=ride g=1 p=(36.60,-18.86,-254.16) v=2.76 vy=-0.13 n=(0.00,0.99,-0.10) up=(0.00,0.99,-0.10) c=4 drop=0.284 E=-181.22 score=0 combo=0
JS: TEL t=10.10 mode=ride g=1 p=(36.60,-18.89,-254.44) v=2.85 vy=-0.14 n=(0.00,0.99,-0.10) up=(0.00,0.99,-0.10) c=4 drop=0.284 E=-181.25 score=0 combo=0
JS: TEL t=10.20 mode=ride g=1 p=(36.60,-18.92,-254.73) v=2.94 vy=-0.14 n=(0.00,0.99,-0.10) up=(0.00,0.99,-0.10) c=4 drop=0.284 E=-181.29 score=0 combo=0
JS: TEL t=10.30 mode=ride g=1 p=(36.60,-18.95,-255.03) v=3.03 vy=-0.15 n=(0.00,0.99,-0.10) up=(0.00,0.99,-0.10) c=4 drop=0.284 E=-181.33 score=0 combo=0
JS: TEL t=10.40 mode=ride g=1 p=(36.60,-18.98,-255.33) v=3.12 vy=-0.16 n=(0.00,0.99,-0.10) up=(0.00,0.99,-0.10) c=4 drop=0.284 E=-181.37 score=0 combo=0
JS: TEL t=10.50 mode=ride g=1 p=(36.60,-19.02,-255.65) v=3.21 vy=-0.17 n=(0.00,0.99,-0.10) up=(0.00,0.99,-0.10) c=4 drop=0.284 E=-181.42 score=0 combo=0
JS: TEL t=10.60 mode=ride g=1 p=(36.60,-19.05,-255.97) v=3.29 vy=-0.18 n=(0.00,0.99,-0.10) up=(0.00,0.99,-0.10) c=4 drop=0.284 E=-181.46 score=0 combo=0
JS: TEL t=10.70 mode=ride g=1 p=(36.60,-19.09,-256.30) v=3.38 vy=-0.19 n=(0.00,0.99,-0.10) up=(0.00,0.99,-0.10) c=4 drop=0.284 E=-181.51 score=0 combo=0
JS: TEL t=10.80 mode=ride g=1 p=(36.60,-19.12,-256.64) v=3.47 vy=-0.20 n=(0.00,0.99,-0.10) up=(0.00,0.99,-0.10) c=4 drop=0.284 E=-181.56 score=0 combo=0
JS: TEL t=10.90 mode=ride g=1 p=(36.60,-19.16,-256.99) v=3.56 vy=-0.21 n=(0.00,0.99,-0.10) up=(0.00,0.99,-0.10) c=4 drop=0.284 E=-181.61 score=0 combo=0
JS: POS t=11.00 p=(36.60,-19.20,-257.35) score=0
JS: TEL t=11.00 mode=ride g=1 p=(36.60,-19.20,-257.35) v=3.65 vy=-0.22 n=(0.00,0.99,-0.10) up=(0.00,0.99,-0.10) c=4 drop=0.284 E=-181.66 score=0 combo=0
JS: TEL t=11.10 mode=ride g=1 p=(36.60,-19.23,-257.72) v=3.73 vy=-0.23 n=(0.00,0.99,-0.10) up=(0.00,0.99,-0.10) c=4 drop=0.284 E=-181.72 score=0 combo=0
JS: TEL t=11.20 mode=ride g=1 p=(36.60,-19.27,-258.10) v=3.82 vy=-0.24 n=(0.00,0.99,-0.10) up=(0.00,0.99,-0.10) c=4 drop=0.284 E=-181.78 score=0 combo=0
JS: TEL t=11.30 mode=ride g=1 p=(36.60,-19.31,-258.48) v=3.91 vy=-0.25 n=(0.00,0.99,-0.10) up=(0.00,0.99,-0.10) c=4 drop=0.284 E=-181.84 score=0 combo=0
JS: TEL t=11.40 mode=ride g=1 p=(36.60,-19.36,-258.88) v=4.00 vy=-0.26 n=(0.00,0.99,-0.10) up=(0.00,0.99,-0.10) c=4 drop=0.284 E=-181.90 score=0 combo=0
JS: TEL t=11.50 mode=ride g=1 p=(36.60,-19.40,-259.28) v=4.08 vy=-0.26 n=(0.00,0.99,-0.10) up=(0.00,0.99,-0.10) c=4 drop=0.284 E=-181.96 score=0 combo=0
JS: TEL t=11.60 mode=ride g=1 p=(36.60,-19.44,-259.69) v=4.17 vy=-0.27 n=(0.00,0.99,-0.10) up=(0.00,0.99,-0.10) c=4 drop=0.284 E=-182.03 score=0 combo=0
JS: TEL t=11.70 mode=ride g=1 p=(36.60,-19.49,-260.11) v=4.26 vy=-0.28 n=(0.00,0.99,-0.10) up=(0.00,0.99,-0.10) c=4 drop=0.284 E=-182.10 score=0 combo=0
JS: TEL t=11.80 mode=ride g=1 p=(36.60,-19.53,-260.54) v=4.34 vy=-0.29 n=(0.00,0.99,-0.10) up=(0.00,0.99,-0.10) c=4 drop=0.284 E=-182.17 score=0 combo=0
JS: TEL t=11.90 mode=ride g=1 p=(36.60,-19.58,-260.97) v=4.43 vy=-0.30 n=(0.00,0.99,-0.10) up=(0.00,0.99,-0.10) c=4 drop=0.284 E=-182.25 score=0 combo=0
JS: POS t=12.00 p=(36.60,-19.62,-261.42) score=0
JS: TEL t=12.00 mode=ride g=1 p=(36.60,-19.62,-261.42) v=4.51 vy=-0.31 n=(0.00,0.99,-0.10) up=(0.00,0.99,-0.10) c=4 drop=0.284 E=-182.32 score=0 combo=0
JS: TEL t=12.10 mode=ride g=1 p=(36.60,-19.67,-261.87) v=4.60 vy=-0.32 n=(0.00,0.99,-0.10) up=(0.00,0.99,-0.10) c=4 drop=0.284 E=-182.40 score=0 combo=0
JS: TEL t=12.20 mode=ride g=1 p=(36.60,-19.72,-262.34) v=4.68 vy=-0.33 n=(0.00,0.99,-0.10) up=(0.00,0.99,-0.10) c=4 drop=0.284 E=-182.49 score=0 combo=0
JS: TEL t=12.30 mode=ride g=1 p=(36.60,-19.77,-262.81) v=4.77 vy=-0.34 n=(0.00,0.99,-0.10) up=(0.00,0.99,-0.10) c=4 drop=0.284 E=-182.57 score=0 combo=0
JS: TEL t=12.40 mode=ride g=1 p=(36.60,-19.82,-263.28) v=4.85 vy=-0.35 n=(0.00,0.99,-0.10) up=(0.00,0.99,-0.10) c=4 drop=0.284 E=-182.66 score=0 combo=0
JS: TEL t=12.50 mode=ride g=1 p=(36.60,-19.87,-263.77) v=4.94 vy=-0.35 n=(0.00,0.99,-0.10) up=(0.00,0.99,-0.10) c=4 drop=0.284 E=-182.75 score=0 combo=0
JS: TEL t=12.60 mode=ride g=1 p=(36.60,-19.92,-264.27) v=5.02 vy=-0.36 n=(0.00,0.99,-0.10) up=(0.00,0.99,-0.10) c=4 drop=0.284 E=-182.84 score=0 combo=0
JS: TEL t=12.70 mode=ride g=1 p=(36.60,-19.98,-264.77) v=5.10 vy=-0.37 n=(0.00,0.99,-0.10) up=(0.00,0.99,-0.10) c=4 drop=0.284 E=-182.94 score=0 combo=0
JS: TEL t=12.80 mode=ride g=1 p=(36.60,-20.03,-265.28) v=5.19 vy=-0.38 n=(0.00,0.99,-0.10) up=(0.00,0.99,-0.10) c=4 drop=0.284 E=-183.04 score=0 combo=0
JS: TEL t=12.90 mode=ride g=1 p=(36.60,-20.08,-265.81) v=5.27 vy=-0.39 n=(0.00,0.99,-0.10) up=(0.00,0.99,-0.10) c=4 drop=0.284 E=-183.15 score=0 combo=0
JS: POS t=13.00 p=(36.60,-20.14,-266.33) score=0
JS: TEL t=13.00 mode=ride g=1 p=(36.60,-20.14,-266.33) v=5.35 vy=-0.40 n=(0.00,0.99,-0.10) up=(0.00,0.99,-0.10) c=4 drop=0.284 E=-183.25 score=0 combo=0
Consumer observation frames=840 scriptErrors=0
Renderer fragment texture units: 32 (material path uses 12)
World state: disk saves disabled for additive compositions
Project: Judas Three Games (/tmp/judas-post-m65-4enz52ob/project/post_m65_consumers.judasproj)
Scene: Judas Skate Park (/tmp/judas-post-m65-4enz52ob/project/Scenes/skate/park.judas)
World origin (m): 0.000, 0.000, 0.000
asset 97c3acdb99c5ffefb002c03ecec7a8ed: Optional extension ignored: KHR_materials_specular
