PASS ordinary M55 project and logical input map
libEGL warning: Not allowed to force software rendering when API explicitly selects a hardware device.
PASS normal EngineHost/GL resources
PASS registered surface scene loads normally
PASS ordinary resource/world/session build
PASS baked resources and ordinary JS callbacks resolve without faults
PASS swimming-sized conserved spatial partition, no bulk particles
PASS ordinary prefab bucket starts dry
PASS JS drain changes owner and local allocation together
PASS JS refill restores quantity while preserving surface state
PASS normal query reports actual local occupied depth and separate gravity up
PASS generic momentum impulse disturbs existing water without creating volume
PASS waves persist and owner/parcel ledger stays conserved
FAIL physical opening acquires real moving-surface water with paired ownership
PASS removed cup retains real conserved water
PASS pouring moves retained water through conserved parcels
PASS JS liquid response drives normal CharacterMotor under selected gravity
M55 lab fixed median 4.7161 p95 5.4086 max 5.9764 ms
M55 lab offscreen render 640x360 median 43.6243 p95 44.8342 max 105.7347 ms
M55 lab cells 384 faces 728 parcels 2 bodies 41 draws 49 solve 2.81682 ms iterations 3 residual 1.28936123767e-08 partition 1.42108547152e-13
PASS complete ledger closes within M54 floating-point tolerance
PASS continued interaction has no retained solve/script failures
PASS reload reconstructs surface state and rejects old handles
PASS Stop clears surfaces, containers and parcels
M55 application 20 checks 1 failures
