PASS M54 physical cavity bake
PASS physical surface partition bake
PASS expected cell and shared-face connectivity
PASS calm equal-coordinate water remains at rest and conserves volume
PASS uneven floor bake retains geometric storage
PASS uneven lake at rest has no artificial pressure-driven motion
PASS partly dry sloping shoreline remains well-balanced
PASS shoreline fixture genuinely contains wet and dry cells
PASS wet/dry disturbance stays nonnegative and conservative
PASS wet/dry disturbance does not grow uncontrolled energy
PASS spatial disturbance is localized
PASS disturbance solves within bounded pressure/continuity budget
PASS shared-face propagation preserves nonnegative conserved volume
PASS disturbance energy is bounded and damped
energy initial 157.211142725 peak 157.211142725 final 156.961968141
PASS invalid timestep cannot mutate state
PASS deep pool fixed surface resolution bake
PASS deep-water implicit stepping is bounded and conservative
depth 10 cells 128 faces 232 average step 0.268146 ms iterations 4.87
PASS deep pool fixed surface resolution bake
PASS deep-water implicit stepping is bounded and conservative
depth 100 cells 128 faces 232 average step 0.269391 ms iterations 7.08
M55 core 19 checks 0 failures
