PASS ordinary M55 project and logical input map
PASS normal EngineHost/GL resources
PASS registered surface scene loads normally
PASS ordinary resource/world/session build
PASS baked resources and ordinary JS callbacks resolve without faults
PASS swimming-sized conserved spatial partition, no bulk particles
PASS ordinary prefab bucket starts dry
PASS JS drain changes owner and local allocation together
PASS JS refill restores quantity while preserving surface state
PASS normal query reports actual local occupied depth and separate gravity up
PASS generic momentum impulse disturbs existing water without creating volume
PASS waves persist and owner/parcel ledger stays conserved
M55 radial scoop step 0 volume 0.000671030055
M55 radial scoop step 10 volume 0.00754360297
M55 radial scoop step 20 volume 0.0144012189
M55 radial scoop step 30 volume 0.0212753297
M55 radial acquired 25.088000000 L ledger 1.42108547152e-14
PASS physical opening acquires real moving-surface water with paired ownership
PASS removed cup retains real conserved water
PASS pouring moves retained water through conserved parcels
PASS JS liquid response drives normal CharacterMotor under selected gravity
M55 radial fixed median 15.1354 p95 17.6210 max 18.3783 ms
M55 radial offscreen render 640x360 median 16.9309 p95 17.4919 max 19.4222 ms
M55 radial cells 192 faces 356 parcels 0 bodies 11 draws 32 solve 0.79139 ms iterations 4 residual 5.1977388293e-09 partition 1.42108547152e-14
M55 radial post-interaction last liquid 11.26596 containers 1.29499 storage 6.67780 solve 0.79360 loading 2.49957 ms; storage tets 28727 base 24862
M55 body 4108 position 1.006 21.648 -0.038 speed 0.013 angular 0.717
M55 radial 100 sample queries 1.196798 ms
M55 radial optical paths 1.728367 ms
M55 radial mesh 42453 vertices 2.097021 ms
PASS complete ledger closes within M54 floating-point tolerance
PASS continued interaction has no retained solve/script failures
PASS reload reconstructs surface state and rejects old handles
PASS Stop clears surfaces, containers and parcels
M55 application 20 checks 0 failures
