Project: Dynamic Liquid Surface Lab (/home/conner/Documents/GitHub/Project-Judas/projects/liquid_surface_demo/liquid_surface_demo.judasproj)
Scene: Dynamic Surface / Flat Pool (projects/liquid_surface_demo/Scenes/lab.judas)
World origin (m): 1000000000000.000, -2000000000000.000, 3000000000000.000
STORAGE 64 cells changed 48 tets 7431 clip 0.1633 curve 12.1093 total 27.2584
STORAGE 64 cells changed 22 tets 538 clip 0.0219 curve 0.4361 total 2.6743
STORAGE 64 cells changed 28 tets 658 clip 0.0213 curve 0.4709 total 3.1919
STORAGE 384 cells changed 384 tets 17900 clip 1.6375 curve 16.9746 total 61.5795
STORAGE 384 cells changed 6 tets 636 clip 0.6164 curve 0.5525 total 2.1736
STORAGE 384 cells changed 6 tets 636 clip 0.5788 curve 0.5253 total 2.0985
STORAGE 384 cells changed 6 tets 636 clip 0.4828 curve 0.5343 total 1.9963
STORAGE 64 cells changed 4 tets 596 clip 0.5985 curve 0.4919 total 1.4052
STORAGE 384 cells changed 6 tets 636 clip 0.5266 curve 0.5373 total 1.8718
STORAGE 64 cells changed 4 tets 596 clip 0.8411 curve 0.5592 total 1.7816
STORAGE 384 cells changed 6 tets 648 clip 0.5802 curve 0.5515 total 1.8716
STORAGE 64 cells changed 4 tets 596 clip 0.4739 curve 0.4740 total 1.1466
STORAGE 384 cells changed 6 tets 648 clip 0.4611 curve 0.4944 total 1.6492
STORAGE 64 cells changed 4 tets 672 clip 0.6876 curve 0.5993 total 1.5443
STORAGE 384 cells changed 6 tets 648 clip 0.4524 curve 0.5355 total 1.7564
STORAGE 64 cells changed 4 tets 729 clip 0.5475 curve 0.6077 total 1.3409
STORAGE 384 cells changed 6 tets 689 clip 0.7561 curve 0.6512 total 2.1188
STORAGE 64 cells changed 4 tets 729 clip 0.7598 curve 0.8200 total 1.8550
STORAGE 384 cells changed 6 tets 708 clip 0.8288 curve 0.6753 total 2.5088
STORAGE 64 cells changed 4 tets 804 clip 0.6395 curve 0.6756 total 1.5786
STORAGE 384 cells changed 6 tets 708 clip 0.6926 curve 0.6721 total 2.3150
STORAGE 64 cells changed 4 tets 830 clip 0.7599 curve 0.8557 total 1.9549
STORAGE 384 cells changed 6 tets 708 clip 0.5969 curve 0.6108 total 2.0824
STORAGE 64 cells changed 4 tets 869 clip 0.7059 curve 0.8300 total 1.8005
STORAGE 384 cells changed 6 tets 708 clip 0.5336 curve 0.5790 total 2.1527
STORAGE 64 cells changed 4 tets 852 clip 0.7912 curve 0.8222 total 1.8907
STORAGE 384 cells changed 6 tets 688 clip 0.5122 curve 0.5772 total 1.9848
STORAGE 64 cells changed 4 tets 1178 clip 0.8965 curve 0.9869 total 2.1736
STORAGE 384 cells changed 6 tets 688 clip 0.6199 curve 0.5594 total 2.0310
STORAGE 64 cells changed 4 tets 1118 clip 0.8859 curve 0.9470 total 2.1070
STORAGE 384 cells changed 6 tets 996 clip 0.7621 curve 0.8230 total 2.5291
STORAGE 64 cells changed 4 tets 1176 clip 1.1168 curve 0.9793 total 2.3875
STORAGE 384 cells changed 6 tets 848 clip 0.5534 curve 0.6376 total 1.9611
STORAGE 64 cells changed 4 tets 1284 clip 1.1040 curve 1.0977 total 2.5331
STORAGE 384 cells changed 6 tets 848 clip 0.6728 curve 0.7108 total 2.2290
STORAGE 64 cells changed 4 tets 1502 clip 1.3924 curve 1.4034 total 3.0931
STORAGE 384 cells changed 6 tets 803 clip 0.5934 curve 0.8369 total 2.2222
STORAGE 64 cells changed 4 tets 1573 clip 1.3339 curve 1.3725 total 2.9697
STORAGE 384 cells changed 6 tets 803 clip 0.5702 curve 0.9285 total 2.5342
STORAGE 64 cells changed 4 tets 1699 clip 1.4317 curve 1.8576 total 3.5554
STORAGE 384 cells changed 6 tets 803 clip 0.5047 curve 0.8821 total 2.2045
STORAGE 64 cells changed 4 tets 1569 clip 1.5172 curve 1.6324 total 3.4096
STORAGE 384 cells changed 6 tets 813 clip 0.7034 curve 0.8984 total 2.4722
STORAGE 64 cells changed 4 tets 1633 clip 1.5519 curve 1.6014 total 3.4098
STORAGE 384 cells changed 6 tets 820 clip 0.6350 curve 0.8652 total 2.3157
STORAGE 64 cells changed 4 tets 1703 clip 1.6923 curve 1.7547 total 3.7567
STORAGE 384 cells changed 6 tets 820 clip 0.6982 curve 1.0765 total 2.6505
STORAGE 64 cells changed 4 tets 1772 clip 1.6536 curve 1.9668 total 3.9195
STORAGE 384 cells changed 6 tets 820 clip 0.6583 curve 0.9480 total 2.4746
STORAGE 64 cells changed 4 tets 1855 clip 1.6009 curve 1.8928 total 3.7587
STORAGE 384 cells changed 6 tets 820 clip 0.7527 curve 0.9928 total 2.5895
STORAGE 64 cells changed 4 tets 1835 clip 1.6056 curve 1.8616 total 3.7203
STORAGE 384 cells changed 6 tets 820 clip 0.7346 curve 0.9738 total 2.5140
STORAGE 64 cells changed 4 tets 1811 clip 1.5165 curve 1.7811 total 3.5474
STORAGE 384 cells changed 6 tets 820 clip 0.7118 curve 0.8717 total 2.4241
STORAGE 64 cells changed 4 tets 1811 clip 1.5393 curve 1.8231 total 3.6111
STORAGE 384 cells changed 6 tets 832 clip 0.9930 curve 1.1499 total 3.3120
STORAGE 64 cells changed 4 tets 1835 clip 1.5023 curve 1.7648 total 3.5741
STORAGE 384 cells changed 6 tets 873 clip 0.8280 curve 1.1802 total 3.0629
STORAGE 64 cells changed 4 tets 1843 clip 1.7085 curve 1.8192 total 3.7913
STORAGE 384 cells changed 6 tets 910 clip 0.6459 curve 0.9806 total 2.4598
STORAGE 64 cells changed 4 tets 1853 clip 1.7626 curve 1.9740 total 4.0013
STORAGE 384 cells changed 6 tets 914 clip 0.6485 curve 0.9752 total 2.5756
STORAGE 64 cells changed 4 tets 1776 clip 1.4718 curve 1.8928 total 3.6554
STORAGE 384 cells changed 6 tets 914 clip 0.6680 curve 1.0913 total 2.7664
STORAGE 64 cells changed 4 tets 1772 clip 1.5616 curve 1.8014 total 3.6919
STORAGE 384 cells changed 6 tets 914 clip 0.6678 curve 1.1175 total 2.7928
STORAGE 64 cells changed 4 tets 1779 clip 2.0416 curve 1.9685 total 4.3662
STORAGE 384 cells changed 6 tets 914 clip 0.9255 curve 1.0931 total 2.8323
STORAGE 64 cells changed 4 tets 1719 clip 2.1143 curve 1.9288 total 4.3340
STORAGE 384 cells changed 6 tets 914 clip 0.6661 curve 1.0861 total 2.5862
STORAGE 64 cells changed 4 tets 1703 clip 1.5794 curve 1.7044 total 3.5475
STORAGE 384 cells changed 6 tets 914 clip 0.6563 curve 1.0144 total 2.4993
STORAGE 64 cells changed 4 tets 1675 clip 1.5947 curve 1.8576 total 3.7667
STORAGE 384 cells changed 6 tets 914 clip 0.6446 curve 0.9340 total 2.3780
STORAGE 64 cells changed 4 tets 1648 clip 1.9223 curve 1.5870 total 3.7670
STORAGE 384 cells changed 6 tets 910 clip 0.6383 curve 0.9597 total 2.6390
STORAGE 64 cells changed 4 tets 1594 clip 1.7006 curve 1.5499 total 3.5222
STORAGE 384 cells changed 6 tets 902 clip 0.9047 curve 1.2050 total 3.2396
STORAGE 64 cells changed 4 tets 1645 clip 1.5065 curve 1.6235 total 3.4235
STORAGE 384 cells changed 6 tets 832 clip 0.5709 curve 0.9123 total 2.3051
STORAGE 64 cells changed 4 tets 1605 clip 1.4649 curve 1.6172 total 3.3426
STORAGE 384 cells changed 6 tets 832 clip 0.6171 curve 0.9614 total 2.6753
STORAGE 64 cells changed 4 tets 1633 clip 1.9890 curve 1.7662 total 4.0313
STORAGE 384 cells changed 6 tets 820 clip 0.6171 curve 0.8524 total 2.4034
STORAGE 64 cells changed 4 tets 1569 clip 1.5271 curve 1.6214 total 3.4508
STORAGE 384 cells changed 6 tets 820 clip 0.6022 curve 0.9337 total 2.8076
STORAGE 64 cells changed 4 tets 1628 clip 1.9965 curve 1.7811 total 4.0663
STORAGE 384 cells changed 6 tets 820 clip 0.8048 curve 0.8817 total 2.4970
STORAGE 64 cells changed 4 tets 1652 clip 1.7414 curve 1.7440 total 3.7819
STORAGE 384 cells changed 6 tets 820 clip 0.6212 curve 0.9341 total 2.7777
STORAGE 64 cells changed 4 tets 1663 clip 1.7876 curve 1.7562 total 3.8784
STORAGE 384 cells changed 6 tets 820 clip 0.6022 curve 0.9700 total 2.4287
STORAGE 64 cells changed 4 tets 1687 clip 1.6460 curve 1.8260 total 3.7438
STORAGE 384 cells changed 6 tets 855 clip 0.8524 curve 1.0831 total 2.8813
STORAGE 64 cells changed 4 tets 1665 clip 1.8315 curve 1.7431 total 3.9057
STORAGE 384 cells changed 6 tets 821 clip 0.6161 curve 0.8743 total 2.3845
STORAGE 64 cells changed 4 tets 1665 clip 1.5273 curve 1.6817 total 3.6335
STORAGE 384 cells changed 6 tets 821 clip 0.6552 curve 1.0501 total 2.9115
STORAGE 64 cells changed 4 tets 1699 clip 1.5993 curve 1.7610 total 3.6309
STORAGE 384 cells changed 6 tets 821 clip 0.5844 curve 0.8913 total 2.3853
STORAGE 64 cells changed 4 tets 1688 clip 1.3900 curve 1.9384 total 3.6000
STORAGE 384 cells changed 6 tets 803 clip 0.4933 curve 0.8272 total 2.1679
STORAGE 64 cells changed 4 tets 1688 clip 1.4066 curve 1.7747 total 3.5004
STORAGE 384 cells changed 6 tets 803 clip 0.7652 curve 1.0828 total 3.0655
STORAGE 64 cells changed 4 tets 1688 clip 1.7984 curve 1.9400 total 4.0568
STORAGE 384 cells changed 6 tets 803 clip 0.5450 curve 0.9101 total 2.2913
STORAGE 64 cells changed 4 tets 1688 clip 1.3635 curve 1.6528 total 3.2527
STORAGE 384 cells changed 6 tets 803 clip 0.5490 curve 0.8690 total 2.3584
STORAGE 64 cells changed 4 tets 1699 clip 1.4911 curve 1.6319 total 3.3797
STORAGE 384 cells changed 6 tets 803 clip 0.5691 curve 0.9377 total 2.3900
STORAGE 64 cells changed 4 tets 1699 clip 1.5454 curve 1.6440 total 3.4379
STORAGE 384 cells changed 6 tets 803 clip 0.6052 curve 0.8519 total 2.3082
STORAGE 64 cells changed 4 tets 1665 clip 1.4087 curve 1.6502 total 3.3816
STORAGE 384 cells changed 6 tets 803 clip 0.5343 curve 0.8503 total 2.2101
STORAGE 64 cells changed 4 tets 1665 clip 1.8770 curve 1.9038 total 4.0687
STORAGE 384 cells changed 6 tets 803 clip 0.4875 curve 0.8379 total 2.1072
STORAGE 64 cells changed 4 tets 1687 clip 1.6394 curve 2.0295 total 4.0531
STORAGE 384 cells changed 6 tets 803 clip 0.5342 curve 0.8631 total 2.3346
STORAGE 64 cells changed 4 tets 1687 clip 1.5322 curve 1.7450 total 3.5337
STORAGE 384 cells changed 6 tets 803 clip 0.6861 curve 0.9389 total 2.4768
STORAGE 64 cells changed 4 tets 1659 clip 1.6625 curve 1.6118 total 3.5942
STORAGE 384 cells changed 6 tets 803 clip 0.6369 curve 0.8301 total 2.4661
STORAGE 64 cells changed 4 tets 1663 clip 2.8941 curve 2.4862 total 5.9771
STORAGE 384 cells changed 6 tets 803 clip 0.9951 curve 1.2033 total 3.3676
STORAGE 64 cells changed 4 tets 1652 clip 3.3864 curve 2.4490 total 6.3453
STORAGE 384 cells changed 6 tets 830 clip 1.1991 curve 1.4003 total 4.3969
STORAGE 64 cells changed 4 tets 1644 clip 3.4676 curve 2.5282 total 6.6150
STORAGE 384 cells changed 6 tets 830 clip 1.1413 curve 1.2277 total 3.7169
STORAGE 64 cells changed 4 tets 1565 clip 1.5170 curve 1.6247 total 3.4627
STORAGE 384 cells changed 6 tets 830 clip 0.5413 curve 0.8924 total 2.8196
STORAGE 64 cells changed 4 tets 1553 clip 2.1008 curve 1.8357 total 4.3113
STORAGE 384 cells changed 6 tets 830 clip 0.5328 curve 0.8531 total 2.2052
STORAGE 64 cells changed 4 tets 1633 clip 2.2574 curve 1.9641 total 4.4981
STORAGE 384 cells changed 6 tets 830 clip 0.5419 curve 0.8729 total 2.3495
STORAGE 64 cells changed 4 tets 1633 clip 1.4832 curve 1.4944 total 3.2335
STORAGE 384 cells changed 6 tets 803 clip 0.5430 curve 0.8762 total 2.4232
STORAGE 64 cells changed 4 tets 1605 clip 1.5724 curve 1.6085 total 3.4355
STORAGE 384 cells changed 6 tets 803 clip 0.5165 curve 0.8926 total 2.2301
STORAGE 64 cells changed 4 tets 1605 clip 1.6285 curve 1.5121 total 3.4025
STORAGE 384 cells changed 6 tets 803 clip 0.5255 curve 0.8393 total 2.3027
STORAGE 64 cells changed 4 tets 1645 clip 1.4470 curve 1.5585 total 3.3158
STORAGE 384 cells changed 6 tets 803 clip 0.5487 curve 0.8626 total 2.4604
STORAGE 64 cells changed 4 tets 1645 clip 1.5118 curve 1.6939 total 3.4754
STORAGE 384 cells changed 6 tets 803 clip 0.5181 curve 0.8487 total 2.2177
STORAGE 64 cells changed 4 tets 1645 clip 1.5671 curve 1.5829 total 3.4124
STORAGE 384 cells changed 6 tets 803 clip 0.5714 curve 0.8791 total 2.4468
STORAGE 64 cells changed 4 tets 1645 clip 1.4187 curve 1.7978 total 3.5944
STORAGE 384 cells changed 6 tets 803 clip 0.5934 curve 0.8989 total 2.3346
STORAGE 64 cells changed 4 tets 1645 clip 1.4645 curve 1.7628 total 3.5364
STORAGE 384 cells changed 6 tets 803 clip 0.5228 curve 0.7984 total 2.1241
STORAGE 64 cells changed 4 tets 1645 clip 1.7902 curve 1.5787 total 3.6421
STORAGE 384 cells changed 6 tets 803 clip 0.5583 curve 0.8406 total 2.2192
STORAGE 64 cells changed 4 tets 1645 clip 1.4670 curve 1.7434 total 3.4968
STORAGE 384 cells changed 6 tets 803 clip 0.5704 curve 0.9203 total 2.5253
STORAGE 64 cells changed 4 tets 1645 clip 1.5785 curve 1.6732 total 3.5244
STORAGE 384 cells changed 6 tets 803 clip 0.7020 curve 1.0619 total 3.1459
STORAGE 64 cells changed 4 tets 1645 clip 1.7175 curve 1.9935 total 3.9891
STORAGE 384 cells changed 6 tets 803 clip 0.5636 curve 0.8516 total 2.3085
STORAGE 64 cells changed 4 tets 1605 clip 1.3992 curve 1.5390 total 3.2246
STORAGE 384 cells changed 6 tets 803 clip 0.6203 curve 0.8723 total 2.6260
STORAGE 64 cells changed 4 tets 1605 clip 1.5049 curve 1.6522 total 3.4254
STORAGE 384 cells changed 6 tets 803 clip 0.4990 curve 0.7977 total 2.1175
STORAGE 64 cells changed 4 tets 1605 clip 1.9178 curve 1.8424 total 4.1097
STORAGE 384 cells changed 6 tets 803 clip 0.5257 curve 0.8221 total 2.3430
STORAGE 64 cells changed 4 tets 1633 clip 1.5015 curve 1.7741 total 3.5654
STORAGE 384 cells changed 6 tets 803 clip 0.5623 curve 0.9181 total 2.3667
STORAGE 64 cells changed 4 tets 1633 clip 1.6011 curve 1.5587 total 3.4048
STORAGE 384 cells changed 6 tets 803 clip 0.5103 curve 0.8297 total 2.3514
STORAGE 64 cells changed 4 tets 1633 clip 1.4744 curve 1.6847 total 3.4056
STORAGE 384 cells changed 6 tets 803 clip 0.5547 curve 0.9557 total 2.3466
STORAGE 64 cells changed 4 tets 1553 clip 1.4449 curve 1.7664 total 3.4928
STORAGE 384 cells changed 6 tets 803 clip 0.4814 curve 0.7747 total 2.2937
STORAGE 64 cells changed 4 tets 1565 clip 1.4977 curve 1.6411 total 3.3836
STORAGE 384 cells changed 6 tets 803 clip 0.4781 curve 0.7636 total 2.2450
STORAGE 64 cells changed 4 tets 1565 clip 1.6128 curve 1.4911 total 3.3729
STORAGE 384 cells changed 6 tets 803 clip 0.5076 curve 0.8215 total 2.3619
STORAGE 64 cells changed 4 tets 1629 clip 1.7831 curve 1.7706 total 3.9028
STORAGE 384 cells changed 6 tets 803 clip 0.5135 curve 0.7873 total 2.1397
STORAGE 64 cells changed 4 tets 1628 clip 1.5533 curve 1.6568 total 3.4527
STORAGE 384 cells changed 6 tets 803 clip 0.4824 curve 0.7811 total 2.0767
STORAGE 64 cells changed 4 tets 1644 clip 1.4831 curve 1.7922 total 3.5707
STORAGE 384 cells changed 6 tets 821 clip 0.5637 curve 0.9203 total 2.4551
STORAGE 64 cells changed 4 tets 1644 clip 1.9270 curve 2.1285 total 4.4583
STORAGE 384 cells changed 6 tets 821 clip 0.5746 curve 0.8544 total 2.2118
STORAGE 64 cells changed 4 tets 1652 clip 1.6358 curve 1.7419 total 3.6329
STORAGE 384 cells changed 6 tets 821 clip 0.5508 curve 0.8940 total 2.3904
STORAGE 64 cells changed 4 tets 1652 clip 1.6073 curve 1.9202 total 3.8394
STORAGE 384 cells changed 6 tets 821 clip 0.5713 curve 0.9041 total 2.3964
STORAGE 64 cells changed 4 tets 1652 clip 1.7079 curve 1.7037 total 3.6746
STORAGE 384 cells changed 6 tets 821 clip 0.5359 curve 0.7907 total 2.1335
STORAGE 64 cells changed 4 tets 1652 clip 1.5261 curve 1.7761 total 3.5460
STORAGE 384 cells changed 6 tets 821 clip 0.5398 curve 0.7991 total 2.1241
STORAGE 64 cells changed 4 tets 1644 clip 1.6042 curve 1.5517 total 3.3988
STORAGE 384 cells changed 6 tets 821 clip 0.5399 curve 0.7883 total 2.1069
STORAGE 64 cells changed 4 tets 1644 clip 1.6020 curve 1.7669 total 3.6517
STORAGE 384 cells changed 6 tets 821 clip 0.5667 curve 0.8814 total 2.2788
STORAGE 64 cells changed 4 tets 1628 clip 1.5256 curve 1.7137 total 3.5813
STORAGE 384 cells changed 6 tets 821 clip 0.5391 curve 0.8056 total 2.1265
STORAGE 64 cells changed 4 tets 1629 clip 1.7100 curve 1.8226 total 3.7943
STORAGE 384 cells changed 6 tets 803 clip 0.4817 curve 0.7693 total 2.0531
STORAGE 64 cells changed 4 tets 1565 clip 1.6398 curve 1.7546 total 3.7719
STORAGE 384 cells changed 6 tets 803 clip 0.5391 curve 0.9090 total 2.2813
STORAGE 64 cells changed 4 tets 1565 clip 1.4891 curve 1.5559 total 3.3485
STORAGE 384 cells changed 6 tets 803 clip 0.5316 curve 0.8944 total 2.2530
STORAGE 64 cells changed 4 tets 1569 clip 1.8391 curve 1.7057 total 3.8420
STORAGE 384 cells changed 6 tets 803 clip 0.7242 curve 1.1042 total 2.9111
STORAGE 64 cells changed 4 tets 1633 clip 1.5401 curve 1.6449 total 3.4887
STORAGE 384 cells changed 6 tets 803 clip 0.5430 curve 0.8575 total 2.2103
STORAGE 64 cells changed 4 tets 1633 clip 2.3442 curve 2.4201 total 5.3217
STORAGE 384 cells changed 6 tets 803 clip 0.9197 curve 1.0900 total 3.4040
STORAGE 64 cells changed 4 tets 1633 clip 1.7067 curve 1.8393 total 3.9393
STORAGE 384 cells changed 6 tets 803 clip 0.5966 curve 0.9551 total 2.6233
STORAGE 64 cells changed 4 tets 1633 clip 2.2743 curve 2.4115 total 4.9819
STORAGE 384 cells changed 6 tets 803 clip 0.8218 curve 1.2211 total 3.1897
STORAGE 64 cells changed 4 tets 1605 clip 1.6014 curve 1.6968 total 3.6664
STORAGE 384 cells changed 6 tets 803 clip 0.6500 curve 1.0194 total 2.5894
STORAGE 64 cells changed 4 tets 1605 clip 1.4920 curve 1.6609 total 3.4176
STORAGE 384 cells changed 6 tets 803 clip 0.5094 curve 0.8183 total 2.1435
STORAGE 64 cells changed 4 tets 1605 clip 1.6852 curve 1.6705 total 3.6235
STORAGE 384 cells changed 6 tets 803 clip 0.5064 curve 0.8346 total 2.3149
STORAGE 64 cells changed 4 tets 1605 clip 1.6836 curve 1.5736 total 3.5152
STORAGE 384 cells changed 6 tets 803 clip 0.5314 curve 0.9579 total 2.4432
STORAGE 64 cells changed 4 tets 1605 clip 1.6593 curve 1.6953 total 3.6148
STORAGE 384 cells changed 6 tets 803 clip 0.5469 curve 0.8740 total 2.4766
STORAGE 64 cells changed 4 tets 1605 clip 1.7619 curve 1.7034 total 3.7332
STORAGE 384 cells changed 6 tets 803 clip 0.5598 curve 0.9378 total 2.5155
STORAGE 64 cells changed 4 tets 1605 clip 1.4419 curve 1.6442 total 3.3398
STORAGE 384 cells changed 6 tets 803 clip 0.5536 curve 0.8754 total 2.3271
STORAGE 64 cells changed 4 tets 1605 clip 1.6569 curve 1.7835 total 3.7692
STORAGE 384 cells changed 6 tets 803 clip 0.7734 curve 0.9799 total 2.6175
STORAGE 64 cells changed 4 tets 1605 clip 1.5057 curve 1.7016 total 3.6038
STORAGE 384 cells changed 6 tets 803 clip 0.5308 curve 0.8561 total 2.3248
STORAGE 64 cells changed 4 tets 1605 clip 1.5446 curve 1.7346 total 3.5308
STORAGE 384 cells changed 6 tets 803 clip 0.5071 curve 0.7899 total 2.1980
STORAGE 64 cells changed 4 tets 1605 clip 1.6533 curve 1.9327 total 3.8419
STORAGE 384 cells changed 6 tets 803 clip 0.6188 curve 0.9713 total 2.5321
STORAGE 64 cells changed 4 tets 1605 clip 1.5634 curve 1.6548 total 3.5233
STORAGE 384 cells changed 6 tets 803 clip 0.5635 curve 0.8973 total 2.4039
STORAGE 64 cells changed 4 tets 1633 clip 1.4842 curve 1.6439 total 3.3762
STORAGE 384 cells changed 6 tets 803 clip 0.6910 curve 0.9130 total 2.6118
STORAGE 64 cells changed 4 tets 1633 clip 2.1567 curve 2.0857 total 4.5165
STORAGE 384 cells changed 6 tets 803 clip 0.5802 curve 0.9385 total 2.4369
STORAGE 64 cells changed 4 tets 1633 clip 2.4689 curve 2.4881 total 5.4061
STORAGE 384 cells changed 6 tets 803 clip 1.0218 curve 1.2742 total 3.6567
STORAGE 64 cells changed 4 tets 1633 clip 2.6360 curve 2.6619 total 5.7246
STORAGE 384 cells changed 6 tets 803 clip 0.9510 curve 1.3174 total 3.7306
STORAGE 64 cells changed 4 tets 1633 clip 2.6421 curve 2.3408 total 5.3924
STORAGE 384 cells changed 6 tets 803 clip 1.0361 curve 1.3516 total 3.8034
STORAGE 64 cells changed 4 tets 1569 clip 2.6101 curve 2.4226 total 5.4351
STORAGE 384 cells changed 6 tets 803 clip 0.9576 curve 1.2858 total 3.7349
STORAGE 64 cells changed 4 tets 1565 clip 1.4930 curve 1.5426 total 3.3871
STORAGE 384 cells changed 6 tets 803 clip 0.7279 curve 1.0032 total 2.6161
STORAGE 64 cells changed 4 tets 1629 clip 1.4772 curve 1.6307 total 3.4155
STORAGE 384 cells changed 6 tets 803 clip 0.6469 curve 0.8642 total 2.4677
STORAGE 64 cells changed 4 tets 1629 clip 1.4717 curve 1.7782 total 3.6534
STORAGE 384 cells changed 6 tets 803 clip 0.5922 curve 0.8407 total 2.2798
STORAGE 64 cells changed 4 tets 1644 clip 2.3798 curve 2.0222 total 4.7218
STORAGE 384 cells changed 6 tets 803 clip 0.6120 curve 0.9145 total 2.4471
STORAGE 64 cells changed 4 tets 1644 clip 1.6065 curve 1.6234 total 3.5031
STORAGE 384 cells changed 6 tets 803 clip 0.5989 curve 0.8531 total 2.3959
STORAGE 64 cells changed 4 tets 1644 clip 1.7538 curve 1.6356 total 3.7323
STORAGE 384 cells changed 6 tets 803 clip 0.9827 curve 1.2856 total 3.7499
STORAGE 64 cells changed 4 tets 1652 clip 1.5316 curve 1.6588 total 3.4463
STORAGE 384 cells changed 6 tets 803 clip 0.5765 curve 0.8357 total 2.3966
STORAGE 64 cells changed 4 tets 1652 clip 1.7568 curve 1.8156 total 3.8805
STORAGE 384 cells changed 6 tets 803 clip 0.6211 curve 0.9426 total 2.5829
STORAGE 64 cells changed 4 tets 1652 clip 1.7345 curve 1.7217 total 3.7989
STORAGE 384 cells changed 6 tets 803 clip 0.6682 curve 0.9359 total 2.7261
STORAGE 64 cells changed 4 tets 1652 clip 2.7048 curve 2.6243 total 5.7418
STORAGE 384 cells changed 6 tets 803 clip 1.0061 curve 1.3400 total 3.7162
STORAGE 64 cells changed 4 tets 1652 clip 1.5541 curve 1.7566 total 3.6144
STORAGE 384 cells changed 6 tets 803 clip 0.7137 curve 0.9523 total 2.6624
STORAGE 64 cells changed 4 tets 1652 clip 1.5909 curve 1.8737 total 3.7455
STORAGE 384 cells changed 6 tets 803 clip 0.6081 curve 0.8694 total 2.3794
STORAGE 64 cells changed 4 tets 1652 clip 1.9500 curve 1.8852 total 4.1095
STORAGE 384 cells changed 6 tets 803 clip 0.5810 curve 0.8210 total 2.3762
STORAGE 64 cells changed 4 tets 1652 clip 1.6750 curve 1.7977 total 3.8371
STORAGE 384 cells changed 6 tets 803 clip 0.7961 curve 1.1845 total 2.9678
STORAGE 64 cells changed 4 tets 1644 clip 1.6332 curve 1.6677 total 3.7174
STORAGE 384 cells changed 6 tets 803 clip 0.9820 curve 1.2953 total 3.9540
STORAGE 64 cells changed 4 tets 1644 clip 1.6540 curve 1.6752 total 3.7633
STORAGE 384 cells changed 6 tets 803 clip 0.5760 curve 0.8930 total 2.3899
STORAGE 64 cells changed 4 tets 1644 clip 1.6204 curve 2.0264 total 3.9331
STORAGE 384 cells changed 6 tets 803 clip 0.5943 curve 0.8613 total 2.3613
STORAGE 64 cells changed 4 tets 1629 clip 2.0291 curve 2.0043 total 4.4160
STORAGE 384 cells changed 6 tets 803 clip 0.6601 curve 0.8493 total 2.5157
STORAGE 64 cells changed 4 tets 1629 clip 2.1859 curve 2.0047 total 4.5103
STORAGE 384 cells changed 6 tets 803 clip 0.6050 curve 0.9113 total 2.5072
STORAGE 64 cells changed 4 tets 1565 clip 1.5137 curve 1.5152 total 3.3469
STORAGE 384 cells changed 6 tets 803 clip 0.7869 curve 0.9147 total 2.6322
STORAGE 64 cells changed 4 tets 1569 clip 2.1402 curve 2.4309 total 4.9978
STORAGE 384 cells changed 6 tets 803 clip 0.9119 curve 1.3089 total 3.7964
STORAGE 64 cells changed 4 tets 1553 clip 2.4787 curve 2.3326 total 5.2356
STORAGE 384 cells changed 6 tets 803 clip 1.0676 curve 1.3218 total 3.4276
STORAGE 64 cells changed 4 tets 1633 clip 1.4924 curve 1.7079 total 3.4684
STORAGE 384 cells changed 6 tets 819 clip 0.5528 curve 0.8917 total 2.4462
STORAGE 64 cells changed 4 tets 1633 clip 2.3449 curve 2.1080 total 4.7935
STORAGE 384 cells changed 6 tets 819 clip 0.5729 curve 0.8447 total 2.4114
STORAGE 64 cells changed 4 tets 1633 clip 1.5228 curve 1.6701 total 3.5521
STORAGE 384 cells changed 6 tets 819 clip 0.7177 curve 0.9688 total 2.9866
STORAGE 64 cells changed 4 tets 1633 clip 1.7377 curve 1.6874 total 3.7387
STORAGE 384 cells changed 6 tets 819 clip 0.7189 curve 0.9825 total 2.9348
STORAGE 64 cells changed 4 tets 1633 clip 1.5660 curve 1.8002 total 3.6479
STORAGE 384 cells changed 6 tets 819 clip 0.6197 curve 0.9229 total 2.5595
STORAGE 64 cells changed 4 tets 1605 clip 2.1034 curve 1.9095 total 4.3472
STORAGE 384 cells changed 6 tets 819 clip 0.6327 curve 0.8859 total 2.5997
STORAGE 64 cells changed 4 tets 1605 clip 1.9939 curve 1.8512 total 4.2470
STORAGE 384 cells changed 6 tets 819 clip 0.7944 curve 1.0148 total 2.9195
STORAGE 64 cells changed 4 tets 1605 clip 1.6691 curve 1.6945 total 3.6678
STORAGE 384 cells changed 6 tets 819 clip 0.8527 curve 0.9951 total 3.0606
STORAGE 64 cells changed 4 tets 1605 clip 1.8914 curve 1.8061 total 4.0620
STORAGE 384 cells changed 6 tets 819 clip 0.6529 curve 1.0836 total 2.8714
STORAGE 64 cells changed 4 tets 1605 clip 2.0524 curve 2.0540 total 4.3993
STORAGE 384 cells changed 6 tets 883 clip 0.7175 curve 1.2955 total 3.2004
STORAGE 64 cells changed 4 tets 1605 clip 1.9327 curve 1.7813 total 4.1051
STORAGE 384 cells changed 6 tets 883 clip 0.6587 curve 1.0341 total 2.9323
STORAGE 64 cells changed 4 tets 1605 clip 1.7315 curve 1.8515 total 3.9514
STORAGE 384 cells changed 6 tets 883 clip 0.8249 curve 1.1766 total 3.4312
STORAGE 64 cells changed 4 tets 1605 clip 2.1647 curve 2.1531 total 4.6841
STORAGE 384 cells changed 6 tets 883 clip 0.9348 curve 1.1408 total 3.1585
STORAGE 64 cells changed 4 tets 1605 clip 1.8553 curve 1.9072 total 4.1006
STORAGE 384 cells changed 6 tets 883 clip 0.6293 curve 1.0662 total 2.7511
STORAGE 64 cells changed 4 tets 1605 clip 1.9182 curve 1.9222 total 4.3294
STORAGE 384 cells changed 6 tets 883 clip 0.7638 curve 1.1361 total 3.3541
STORAGE 64 cells changed 4 tets 1605 clip 1.6138 curve 1.6125 total 3.5608
STORAGE 384 cells changed 6 tets 883 clip 0.8611 curve 1.2340 total 3.2267
STORAGE 64 cells changed 4 tets 1605 clip 1.9966 curve 1.9021 total 4.1950
STORAGE 384 cells changed 6 tets 883 clip 0.8706 curve 1.2982 total 3.1030
STORAGE 64 cells changed 4 tets 1605 clip 2.2657 curve 1.8709 total 4.3990
STORAGE 384 cells changed 6 tets 887 clip 0.5490 curve 0.9576 total 2.7313
STORAGE 64 cells changed 4 tets 1633 clip 1.3959 curve 1.5994 total 3.2645
STORAGE 384 cells changed 6 tets 887 clip 0.7252 curve 1.0939 total 2.8515
STORAGE 64 cells changed 4 tets 1633 clip 1.8250 curve 1.8070 total 3.9195
STORAGE 384 cells changed 6 tets 887 clip 0.6401 curve 1.1220 total 2.7264
STORAGE 64 cells changed 4 tets 1633 clip 1.5121 curve 1.8701 total 3.6890
STORAGE 384 cells changed 6 tets 887 clip 0.6534 curve 1.0210 total 2.6895
STORAGE 64 cells changed 4 tets 1633 clip 1.4556 curve 1.7068 total 3.5330
STORAGE 384 cells changed 6 tets 887 clip 0.7691 curve 1.2270 total 3.0871
STORAGE 64 cells changed 4 tets 1633 clip 2.3801 curve 2.2434 total 4.9398
STORAGE 384 cells changed 6 tets 887 clip 0.6094 curve 1.0051 total 2.4918
STORAGE 64 cells changed 4 tets 1633 clip 1.9329 curve 1.8321 total 4.0697
STORAGE 384 cells changed 6 tets 887 clip 0.8963 curve 1.2793 total 3.2472
STORAGE 64 cells changed 4 tets 1633 clip 1.5391 curve 1.5931 total 3.4922
STORAGE 384 cells changed 6 tets 887 clip 0.7303 curve 1.2060 total 3.2135
STORAGE 64 cells changed 4 tets 1553 clip 1.4038 curve 1.4499 total 3.1103
STORAGE 384 cells changed 6 tets 887 clip 1.1222 curve 1.5567 total 3.6691
STORAGE 64 cells changed 4 tets 1569 clip 1.4967 curve 1.7161 total 3.5430
STORAGE 384 cells changed 6 tets 887 clip 0.9289 curve 1.2051 total 3.2877
STORAGE 64 cells changed 4 tets 1565 clip 1.6671 curve 1.7638 total 3.7011
STORAGE 384 cells changed 6 tets 887 clip 0.8584 curve 1.3197 total 3.2543
STORAGE 64 cells changed 4 tets 1565 clip 1.5761 curve 1.6710 total 3.5274
STORAGE 384 cells changed 6 tets 887 clip 0.5888 curve 0.9876 total 2.4572
STORAGE 64 cells changed 4 tets 1565 clip 1.6270 curve 1.5702 total 3.4644
STORAGE 384 cells changed 6 tets 887 clip 0.6231 curve 0.9979 total 2.4386
STORAGE 64 cells changed 4 tets 1565 clip 1.5312 curve 1.6596 total 3.4411
STORAGE 384 cells changed 6 tets 887 clip 0.5711 curve 0.9323 total 2.3464
STORAGE 64 cells changed 4 tets 1629 clip 1.5742 curve 1.6231 total 3.4591
STORAGE 384 cells changed 6 tets 887 clip 0.5418 curve 0.9598 total 2.3759
STORAGE 64 cells changed 4 tets 1629 clip 1.4366 curve 1.6745 total 3.3835
STORAGE 384 cells changed 6 tets 887 clip 0.5669 curve 0.9629 total 2.3485
STORAGE 64 cells changed 4 tets 1629 clip 1.5058 curve 1.6860 total 3.4632
STORAGE 384 cells changed 6 tets 887 clip 0.5397 curve 0.9645 total 2.3485
STORAGE 64 cells changed 4 tets 1629 clip 1.4291 curve 1.5627 total 3.2315
STORAGE 384 cells changed 6 tets 887 clip 0.5730 curve 0.9467 total 2.3755
STORAGE 64 cells changed 4 tets 1629 clip 1.4156 curve 1.5419 total 3.2006
STORAGE 384 cells changed 6 tets 887 clip 0.5610 curve 0.9926 total 2.3962
STORAGE 64 cells changed 4 tets 1629 clip 1.4432 curve 1.5328 total 3.2168
STORAGE 384 cells changed 6 tets 887 clip 0.5568 curve 1.0359 total 2.4016
STORAGE 64 cells changed 4 tets 1629 clip 1.3505 curve 1.4923 total 3.0814
STORAGE 384 cells changed 6 tets 887 clip 0.6543 curve 1.0117 total 2.9193
STORAGE 64 cells changed 4 tets 1629 clip 1.4079 curve 1.5209 total 3.1922
STORAGE 384 cells changed 6 tets 887 clip 0.6563 curve 1.1799 total 3.0513
STORAGE 64 cells changed 4 tets 1629 clip 1.4241 curve 1.4818 total 3.1787
STORAGE 384 cells changed 6 tets 887 clip 0.7285 curve 1.2764 total 3.1055
STORAGE 64 cells changed 4 tets 1629 clip 1.3899 curve 1.6812 total 3.3662
STORAGE 384 cells changed 6 tets 891 clip 0.8042 curve 1.0931 total 3.0105
STORAGE 64 cells changed 4 tets 1629 clip 1.6394 curve 1.6775 total 3.6373
STORAGE 384 cells changed 6 tets 891 clip 0.6462 curve 1.1249 total 2.9072
STORAGE 64 cells changed 4 tets 1629 clip 1.7928 curve 1.8763 total 4.1644
STORAGE 384 cells changed 6 tets 891 clip 0.6381 curve 1.1215 total 2.6849
STORAGE 64 cells changed 4 tets 1565 clip 1.6794 curve 1.7596 total 3.8862
STORAGE 384 cells changed 6 tets 891 clip 0.6543 curve 1.1219 total 2.6990
STORAGE 64 cells changed 4 tets 1565 clip 1.5388 curve 1.8242 total 3.6275
STORAGE 384 cells changed 6 tets 891 clip 0.6018 curve 0.9532 total 2.4520
STORAGE 64 cells changed 4 tets 1565 clip 2.1259 curve 2.1717 total 4.6966
STORAGE 384 cells changed 6 tets 891 clip 0.5883 curve 1.0102 total 2.5602
STORAGE 64 cells changed 4 tets 1565 clip 1.6418 curve 1.6557 total 3.5904
STORAGE 384 cells changed 6 tets 843 clip 0.5762 curve 0.9135 total 2.3559
STORAGE 64 cells changed 4 tets 1565 clip 1.7197 curve 1.6314 total 3.6665
STORAGE 384 cells changed 6 tets 843 clip 0.5881 curve 1.0091 total 2.5143
STORAGE 64 cells changed 4 tets 1569 clip 1.7093 curve 1.7432 total 3.7278
STORAGE 384 cells changed 6 tets 843 clip 0.5778 curve 0.9251 total 2.3297
STORAGE 64 cells changed 4 tets 1569 clip 1.6882 curve 1.9200 total 3.9103
STORAGE 384 cells changed 6 tets 843 clip 0.5766 curve 0.9592 total 2.3831
STORAGE 64 cells changed 4 tets 1569 clip 1.5408 curve 1.6240 total 3.4770
STORAGE 384 cells changed 6 tets 843 clip 0.5751 curve 0.9574 total 2.4165
STORAGE 64 cells changed 4 tets 1553 clip 1.5204 curve 1.6505 total 3.4349
STORAGE 384 cells changed 6 tets 843 clip 0.5295 curve 0.9755 total 2.5657
STORAGE 64 cells changed 4 tets 1553 clip 1.5765 curve 1.5117 total 3.3521
STORAGE 384 cells changed 6 tets 843 clip 0.6033 curve 0.9747 total 2.4450
STORAGE 64 cells changed 4 tets 1633 clip 1.4629 curve 1.5567 total 3.2825
STORAGE 384 cells changed 6 tets 843 clip 0.6225 curve 0.9472 total 2.5151
STORAGE 64 cells changed 4 tets 1633 clip 1.8245 curve 1.7022 total 3.8015
STORAGE 384 cells changed 6 tets 843 clip 0.5484 curve 0.9261 total 2.3347
STORAGE 64 cells changed 4 tets 1633 clip 1.8510 curve 1.7378 total 3.9944
STORAGE 384 cells changed 6 tets 877 clip 0.5868 curve 0.9831 total 2.4604
STORAGE 64 cells changed 4 tets 1633 clip 1.5385 curve 1.6005 total 3.3971
STORAGE 384 cells changed 6 tets 877 clip 0.6667 curve 0.9910 total 2.5948
STORAGE 64 cells changed 4 tets 1633 clip 1.4203 curve 1.5543 total 3.2168
STORAGE 384 cells changed 6 tets 877 clip 0.5578 curve 0.9946 total 2.6669
STORAGE 64 cells changed 4 tets 1633 clip 1.4022 curve 1.5795 total 3.2266
STORAGE 384 cells changed 6 tets 877 clip 0.6682 curve 1.2140 total 3.0688
STORAGE 64 cells changed 4 tets 1633 clip 1.6084 curve 1.6084 total 3.4971
STORAGE 384 cells changed 6 tets 877 clip 0.6079 curve 1.1028 total 2.8772
STORAGE 64 cells changed 4 tets 1633 clip 1.4947 curve 1.6577 total 3.4498
STORAGE 384 cells changed 6 tets 877 clip 0.7038 curve 1.0796 total 2.8783
STORAGE 64 cells changed 4 tets 1633 clip 1.5183 curve 1.6010 total 3.5184
STORAGE 384 cells changed 6 tets 877 clip 0.6344 curve 0.9918 total 2.7743
STORAGE 64 cells changed 4 tets 1633 clip 1.5953 curve 1.8422 total 3.7986
STORAGE 384 cells changed 6 tets 877 clip 0.8705 curve 1.0010 total 2.9710
STORAGE 64 cells changed 4 tets 1633 clip 1.8262 curve 1.8588 total 3.9905
STORAGE 384 cells changed 6 tets 877 clip 0.6463 curve 1.0600 total 2.6278
STORAGE 64 cells changed 4 tets 1633 clip 1.6577 curve 1.6495 total 3.5668
STORAGE 384 cells changed 6 tets 877 clip 0.5730 curve 1.0510 total 2.5191
STORAGE 64 cells changed 4 tets 1633 clip 1.4530 curve 1.7342 total 3.4900
STORAGE 384 cells changed 6 tets 877 clip 0.6134 curve 1.0412 total 2.6432
STORAGE 64 cells changed 4 tets 1633 clip 1.4637 curve 1.5670 total 3.4357
STORAGE 384 cells changed 6 tets 877 clip 0.7711 curve 1.0453 total 3.0834
STORAGE 64 cells changed 4 tets 1633 clip 1.7943 curve 1.9465 total 4.3392
STORAGE 384 cells changed 6 tets 877 clip 0.8969 curve 1.2335 total 3.1936
STORAGE 64 cells changed 4 tets 1633 clip 1.5567 curve 1.7504 total 3.6053
STORAGE 384 cells changed 6 tets 877 clip 0.6345 curve 1.0393 total 2.6861
STORAGE 64 cells changed 4 tets 1633 clip 1.7832 curve 1.7380 total 3.8142
STORAGE 384 cells changed 6 tets 877 clip 0.5623 curve 0.9408 total 2.4326
STORAGE 64 cells changed 4 tets 1633 clip 1.4400 curve 1.8487 total 3.5572
STORAGE 384 cells changed 6 tets 877 clip 0.5788 curve 0.9796 total 2.6384
STORAGE 64 cells changed 4 tets 1633 clip 1.5321 curve 1.6488 total 3.5295
STORAGE 384 cells changed 6 tets 877 clip 0.9604 curve 1.2260 total 4.0056
STORAGE 64 cells changed 4 tets 1633 clip 1.5588 curve 1.7632 total 3.6928
STORAGE 384 cells changed 6 tets 877 clip 0.8450 curve 1.1699 total 3.1688
STORAGE 64 cells changed 4 tets 1633 clip 1.5813 curve 1.6262 total 3.5707
STORAGE 384 cells changed 6 tets 877 clip 0.6915 curve 1.0160 total 2.7127
STORAGE 64 cells changed 4 tets 1633 clip 2.0251 curve 1.6786 total 4.0327
STORAGE 384 cells changed 6 tets 877 clip 0.5920 curve 0.9300 total 2.4699
STORAGE 64 cells changed 4 tets 1633 clip 1.5931 curve 1.5509 total 3.4384
STORAGE 384 cells changed 6 tets 877 clip 0.6206 curve 1.0566 total 3.0364
STORAGE 64 cells changed 4 tets 1633 clip 1.5488 curve 1.6706 total 3.8647
STORAGE 384 cells changed 6 tets 877 clip 0.8850 curve 1.2331 total 3.3674
STORAGE 64 cells changed 4 tets 1633 clip 2.8091 curve 2.1691 total 5.4284
STORAGE 384 cells changed 6 tets 877 clip 0.7037 curve 1.0142 total 2.7644
STORAGE 64 cells changed 4 tets 1633 clip 1.5172 curve 1.6660 total 3.4880
STORAGE 384 cells changed 6 tets 877 clip 0.5929 curve 0.9915 total 2.5938
STORAGE 64 cells changed 4 tets 1633 clip 1.4988 curve 1.6131 total 3.4156
STORAGE 384 cells changed 6 tets 877 clip 0.6969 curve 1.1632 total 3.4023
STORAGE 64 cells changed 4 tets 1633 clip 1.5123 curve 1.6579 total 3.4728
STORAGE 384 cells changed 6 tets 877 clip 0.6091 curve 1.0332 total 2.6760
STORAGE 64 cells changed 4 tets 1633 clip 1.5117 curve 1.6728 total 3.4946
STORAGE 384 cells changed 6 tets 877 clip 0.6651 curve 1.0865 total 2.8993
STORAGE 64 cells changed 4 tets 1633 clip 1.6754 curve 1.6438 total 3.6237
STORAGE 384 cells changed 6 tets 877 clip 0.6784 curve 1.2238 total 3.1644
STORAGE 64 cells changed 4 tets 1633 clip 1.4836 curve 1.7114 total 3.5094
STORAGE 384 cells changed 6 tets 877 clip 0.7209 curve 1.0446 total 2.8220
STORAGE 64 cells changed 4 tets 1553 clip 1.6941 curve 1.6517 total 3.6445
STORAGE 384 cells changed 6 tets 843 clip 0.6172 curve 1.0429 total 2.5147
STORAGE 64 cells changed 4 tets 1553 clip 1.6851 curve 1.8474 total 3.9554
STORAGE 384 cells changed 6 tets 843 clip 0.5959 curve 0.9811 total 2.4877
STORAGE 64 cells changed 4 tets 1553 clip 1.7034 curve 1.5956 total 3.5708
STORAGE 384 cells changed 6 tets 843 clip 0.5351 curve 0.9052 total 2.2995
STORAGE 64 cells changed 4 tets 1553 clip 2.4963 curve 2.3194 total 5.2503
STORAGE 384 cells changed 6 tets 843 clip 0.9628 curve 1.4307 total 4.0348
STORAGE 64 cells changed 4 tets 1569 clip 1.5304 curve 1.6453 total 3.5334
STORAGE 384 cells changed 6 tets 843 clip 0.6224 curve 1.0130 total 2.7034
STORAGE 64 cells changed 4 tets 1569 clip 1.7298 curve 1.7248 total 3.7903
STORAGE 384 cells changed 6 tets 843 clip 0.5676 curve 0.9331 total 2.4073
STORAGE 64 cells changed 4 tets 1569 clip 1.3925 curve 1.4622 total 3.2084
STORAGE 384 cells changed 6 tets 891 clip 0.8486 curve 1.1719 total 3.1047
STORAGE 64 cells changed 4 tets 1569 clip 1.6513 curve 1.7461 total 3.7188
STORAGE 384 cells changed 6 tets 891 clip 0.7247 curve 1.1301 total 2.8267
STORAGE 64 cells changed 4 tets 1569 clip 1.4784 curve 1.7648 total 3.5086
STORAGE 384 cells changed 6 tets 891 clip 0.6389 curve 0.9672 total 2.4908
STORAGE 64 cells changed 4 tets 1569 clip 1.5303 curve 1.7047 total 3.5126
STORAGE 384 cells changed 6 tets 891 clip 0.6151 curve 0.9929 total 2.4530
STORAGE 64 cells changed 4 tets 1569 clip 1.5551 curve 1.5993 total 3.4851
STORAGE 384 cells changed 6 tets 891 clip 0.6717 curve 1.0191 total 2.6373
STORAGE 64 cells changed 4 tets 1569 clip 1.5693 curve 1.8733 total 3.7957
STORAGE 384 cells changed 6 tets 891 clip 0.6372 curve 1.0700 total 2.6363
STORAGE 64 cells changed 4 tets 1569 clip 1.9309 curve 1.6263 total 3.9085
STORAGE 384 cells changed 6 tets 891 clip 0.6269 curve 1.0686 total 2.5863
STORAGE 64 cells changed 4 tets 1569 clip 1.6537 curve 1.8006 total 3.7738
STORAGE 384 cells changed 6 tets 891 clip 0.9093 curve 1.0749 total 3.0691
STORAGE 64 cells changed 4 tets 1569 clip 1.6737 curve 1.7218 total 3.6947
STORAGE 384 cells changed 6 tets 887 clip 0.5870 curve 1.1169 total 2.5728
STORAGE 64 cells changed 4 tets 1569 clip 1.7595 curve 1.6160 total 3.6988
STORAGE 384 cells changed 6 tets 887 clip 0.6709 curve 1.0072 total 2.6619
M55 loop frame samples 61 median 62.36543 p95 84.86851 max 92.33727 ms
M55 loop fixed samples 227 median 11.12405 p95 14.23480 max 20.21087 ms
M55 loop render samples 61 median 18.14547 p95 20.85282 max 23.86062 ms
M55 loop surface samples 61 median 0.00020 p95 0.00030 max 0.00068 ms
M55 loop liquid samples 227 median 10.68881 p95 13.85005 max 19.37245 ms
M55 loop containers samples 227 median 0.26127 p95 0.44275 max 0.55436 ms
M55 loop solid storage samples 227 median 6.54398 p95 8.49386 max 11.17640 ms
M55 loop loading samples 227 median 2.86757 p95 4.32050 max 5.66671 ms
M55 loop catchup 61 capped 0 frames 76 failures 0
