Project: Dynamic Liquid Surface Lab (/home/conner/Documents/GitHub/Project-Judas/projects/liquid_surface_demo/liquid_surface_demo.judasproj)
Scene: Dynamic Surface / Radial Lake (projects/liquid_surface_demo/Scenes/radial.judas)
World origin (m): 1000000000000.000, -2000000000000.000, 3000000000000.000
STORAGE 192 changed 16 tets 9774 clip 1.047 curve 20.324 total 34.313
STORAGE 192 changed 4 tets 1292 clip 0.545 curve 1.735 total 3.763
STORAGE 192 changed 4 tets 1308 clip 0.549 curve 1.740 total 3.714
STORAGE 192 changed 4 tets 1400 clip 0.580 curve 2.003 total 3.976
STORAGE 192 changed 4 tets 1408 clip 0.725 curve 2.339 total 4.277
STORAGE 192 changed 4 tets 1412 clip 0.557 curve 2.104 total 3.891
STORAGE 192 changed 4 tets 1724 clip 0.810 curve 2.428 total 4.391
STORAGE 192 changed 4 tets 2151 clip 1.527 curve 3.501 total 6.294
STORAGE 192 changed 4 tets 2135 clip 1.843 curve 3.192 total 6.619
STORAGE 192 changed 4 tets 2135 clip 1.526 curve 3.307 total 6.027
STORAGE 192 changed 4 tets 2219 clip 1.873 curve 3.256 total 6.537
STORAGE 192 changed 4 tets 2042 clip 1.234 curve 2.822 total 5.535
STORAGE 192 changed 4 tets 1998 clip 1.205 curve 2.894 total 5.410
STORAGE 192 changed 4 tets 1982 clip 1.111 curve 2.619 total 5.269
STORAGE 192 changed 4 tets 1861 clip 1.179 curve 2.641 total 5.330
STORAGE 192 changed 4 tets 2056 clip 1.333 curve 2.890 total 5.541
STORAGE 192 changed 4 tets 2085 clip 1.681 curve 3.157 total 6.199
STORAGE 192 changed 4 tets 2491 clip 1.330 curve 3.708 total 6.331
STORAGE 192 changed 4 tets 2467 clip 1.727 curve 3.844 total 6.890
STORAGE 192 changed 4 tets 2347 clip 1.363 curve 3.254 total 6.754
STORAGE 192 changed 4 tets 2407 clip 1.537 curve 3.574 total 6.822
STORAGE 192 changed 4 tets 2419 clip 1.587 curve 3.422 total 6.497
STORAGE 192 changed 4 tets 2419 clip 1.579 curve 3.529 total 6.492
STORAGE 192 changed 4 tets 2431 clip 1.434 curve 3.541 total 6.511
STORAGE 192 changed 4 tets 2471 clip 2.971 curve 5.125 total 10.752
STORAGE 192 changed 4 tets 2471 clip 1.688 curve 4.046 total 7.152
STORAGE 192 changed 4 tets 2471 clip 1.449 curve 3.543 total 6.273
STORAGE 192 changed 4 tets 2439 clip 1.412 curve 3.463 total 6.203
STORAGE 192 changed 4 tets 2439 clip 1.460 curve 3.575 total 6.676
STORAGE 192 changed 4 tets 2435 clip 2.425 curve 4.508 total 8.330
STORAGE 192 changed 4 tets 2435 clip 1.345 curve 3.561 total 6.267
STORAGE 192 changed 4 tets 2435 clip 1.416 curve 3.704 total 6.603
STORAGE 192 changed 4 tets 2395 clip 1.420 curve 3.393 total 6.101
STORAGE 192 changed 4 tets 2531 clip 1.525 curve 3.690 total 6.676
STORAGE 192 changed 4 tets 2531 clip 1.612 curve 4.027 total 8.002
STORAGE 192 changed 4 tets 2470 clip 1.376 curve 3.572 total 6.483
STORAGE 192 changed 4 tets 2351 clip 1.311 curve 3.541 total 6.407
STORAGE 192 changed 4 tets 2171 clip 1.610 curve 3.293 total 6.242
STORAGE 192 changed 4 tets 2119 clip 1.233 curve 3.208 total 5.795
STORAGE 192 changed 4 tets 1921 clip 1.231 curve 2.893 total 5.651
STORAGE 192 changed 4 tets 1905 clip 1.155 curve 2.660 total 5.133
STORAGE 192 changed 4 tets 1936 clip 1.219 curve 3.189 total 6.089
STORAGE 192 changed 4 tets 1928 clip 1.149 curve 2.725 total 5.430
STORAGE 192 changed 4 tets 1928 clip 2.584 curve 4.392 total 8.760
STORAGE 192 changed 4 tets 1928 clip 1.495 curve 2.802 total 5.692
STORAGE 192 changed 4 tets 2000 clip 1.294 curve 3.186 total 5.926
STORAGE 192 changed 4 tets 2023 clip 1.258 curve 2.863 total 5.439
STORAGE 192 changed 4 tets 2012 clip 1.406 curve 2.954 total 5.736
STORAGE 192 changed 4 tets 2012 clip 1.186 curve 2.954 total 5.728
STORAGE 192 changed 4 tets 2012 clip 1.112 curve 2.873 total 5.816
STORAGE 192 changed 4 tets 2043 clip 1.270 curve 3.165 total 5.861
STORAGE 192 changed 4 tets 2043 clip 1.348 curve 2.913 total 5.697
STORAGE 192 changed 4 tets 2085 clip 1.228 curve 3.164 total 5.806
STORAGE 192 changed 4 tets 2043 clip 1.143 curve 2.824 total 5.584
STORAGE 192 changed 4 tets 2012 clip 1.822 curve 4.088 total 7.358
STORAGE 192 changed 4 tets 2012 clip 1.192 curve 2.896 total 5.450
STORAGE 192 changed 4 tets 2012 clip 1.385 curve 3.276 total 6.189
STORAGE 192 changed 4 tets 2012 clip 1.696 curve 4.411 total 8.652
STORAGE 192 changed 4 tets 2012 clip 1.407 curve 3.077 total 6.282
STORAGE 192 changed 4 tets 2012 clip 1.197 curve 2.829 total 5.455
STORAGE 192 changed 4 tets 2012 clip 1.558 curve 3.893 total 8.201
STORAGE 192 changed 4 tets 1985 clip 1.067 curve 2.674 total 5.393
STORAGE 192 changed 4 tets 1993 clip 1.251 curve 2.872 total 5.699
STORAGE 192 changed 4 tets 1932 clip 1.271 curve 2.575 total 5.296
STORAGE 192 changed 4 tets 1924 clip 1.296 curve 2.927 total 5.705
STORAGE 192 changed 4 tets 1928 clip 1.273 curve 3.106 total 6.287
STORAGE 192 changed 4 tets 1928 clip 1.143 curve 2.679 total 5.499
STORAGE 192 changed 4 tets 1928 clip 1.208 curve 2.879 total 5.756
STORAGE 192 changed 4 tets 1968 clip 1.188 curve 2.809 total 5.408
STORAGE 192 changed 4 tets 1968 clip 1.093 curve 2.721 total 5.233
STORAGE 192 changed 4 tets 1941 clip 1.376 curve 2.766 total 5.551
STORAGE 192 changed 4 tets 1941 clip 1.141 curve 2.747 total 5.456
STORAGE 192 changed 4 tets 2123 clip 1.325 curve 3.052 total 5.745
STORAGE 192 changed 4 tets 2131 clip 1.238 curve 3.004 total 5.580
STORAGE 192 changed 4 tets 2103 clip 1.335 curve 2.925 total 5.775
STORAGE 192 changed 4 tets 2155 clip 1.404 curve 3.117 total 6.029
STORAGE 192 changed 4 tets 2155 clip 1.635 curve 3.824 total 7.072
STORAGE 192 changed 4 tets 2155 clip 1.206 curve 3.033 total 5.751
STORAGE 192 changed 4 tets 2143 clip 1.282 curve 3.387 total 6.430
STORAGE 192 changed 4 tets 2143 clip 1.202 curve 2.925 total 5.712
STORAGE 192 changed 4 tets 2143 clip 1.272 curve 3.112 total 6.035
STORAGE 192 changed 4 tets 2155 clip 1.275 curve 3.003 total 5.758
STORAGE 192 changed 4 tets 2143 clip 1.447 curve 3.028 total 6.242
STORAGE 192 changed 4 tets 2143 clip 1.221 curve 3.146 total 6.180
STORAGE 192 changed 4 tets 2103 clip 1.360 curve 3.002 total 5.777
STORAGE 192 changed 4 tets 2115 clip 1.558 curve 3.069 total 6.692
STORAGE 192 changed 4 tets 2119 clip 1.459 curve 3.096 total 6.306
STORAGE 192 changed 4 tets 2119 clip 1.668 curve 3.540 total 6.709
STORAGE 192 changed 4 tets 2071 clip 1.386 curve 3.127 total 6.010
STORAGE 192 changed 4 tets 2071 clip 1.222 curve 2.977 total 5.569
STORAGE 192 changed 4 tets 2071 clip 1.335 curve 3.002 total 5.844
STORAGE 192 changed 4 tets 2063 clip 1.279 curve 3.481 total 6.601
STORAGE 192 changed 4 tets 2063 clip 1.209 curve 3.091 total 5.709
STORAGE 192 changed 4 tets 2090 clip 1.306 curve 2.997 total 5.674
STORAGE 192 changed 4 tets 2090 clip 1.237 curve 3.288 total 6.055
STORAGE 192 changed 4 tets 2050 clip 1.350 curve 2.886 total 5.968
STORAGE 192 changed 4 tets 1928 clip 1.491 curve 2.970 total 6.457
STORAGE 192 changed 4 tets 1928 clip 1.233 curve 2.653 total 5.717
STORAGE 192 changed 4 tets 1928 clip 1.281 curve 2.715 total 5.907
STORAGE 192 changed 4 tets 1928 clip 1.253 curve 2.599 total 5.794
STORAGE 192 changed 4 tets 1928 clip 1.094 curve 2.732 total 5.307
STORAGE 192 changed 4 tets 1928 clip 1.125 curve 2.722 total 5.563
STORAGE 192 changed 4 tets 1928 clip 1.177 curve 2.739 total 5.436
STORAGE 192 changed 4 tets 1928 clip 1.231 curve 2.616 total 5.528
STORAGE 192 changed 4 tets 1928 clip 1.605 curve 3.587 total 6.863
STORAGE 192 changed 4 tets 1936 clip 1.080 curve 2.583 total 5.303
STORAGE 192 changed 4 tets 1932 clip 1.078 curve 2.656 total 5.326
STORAGE 192 changed 4 tets 1936 clip 1.437 curve 2.804 total 6.423
STORAGE 192 changed 4 tets 1936 clip 1.146 curve 2.718 total 5.785
STORAGE 192 changed 4 tets 1936 clip 1.105 curve 2.679 total 5.359
STORAGE 192 changed 4 tets 1936 clip 1.344 curve 2.882 total 5.814
STORAGE 192 changed 4 tets 1936 clip 1.233 curve 2.708 total 5.288
STORAGE 192 changed 4 tets 1936 clip 1.150 curve 2.761 total 5.409
STORAGE 192 changed 4 tets 1987 clip 1.285 curve 3.215 total 5.973
STORAGE 192 changed 4 tets 2015 clip 1.207 curve 3.012 total 5.991
STORAGE 192 changed 4 tets 2023 clip 1.161 curve 2.865 total 5.417
STORAGE 192 changed 4 tets 2023 clip 2.506 curve 4.325 total 9.297
STORAGE 192 changed 4 tets 2066 clip 1.777 curve 3.447 total 6.719
STORAGE 192 changed 4 tets 2078 clip 1.182 curve 2.899 total 5.614
STORAGE 192 changed 4 tets 2082 clip 1.273 curve 2.812 total 5.897
STORAGE 192 changed 4 tets 2097 clip 1.427 curve 2.856 total 6.032
STORAGE 192 changed 4 tets 2117 clip 1.868 curve 3.553 total 7.322
STORAGE 192 changed 4 tets 2125 clip 2.438 curve 4.506 total 9.662
STORAGE 192 changed 4 tets 2125 clip 1.272 curve 2.872 total 6.017
STORAGE 192 changed 4 tets 2181 clip 1.206 curve 2.896 total 5.717
STORAGE 192 changed 4 tets 2177 clip 1.502 curve 3.494 total 6.546
STORAGE 192 changed 4 tets 2137 clip 1.613 curve 3.456 total 6.697
STORAGE 192 changed 4 tets 2126 clip 1.571 curve 3.476 total 6.491
STORAGE 192 changed 4 tets 2177 clip 1.339 curve 3.004 total 5.837
STORAGE 192 changed 4 tets 2188 clip 1.482 curve 3.157 total 6.992
STORAGE 192 changed 4 tets 2188 clip 1.312 curve 3.026 total 6.501
STORAGE 192 changed 4 tets 2179 clip 1.373 curve 2.952 total 5.731
STORAGE 192 changed 4 tets 2179 clip 1.439 curve 3.459 total 6.432
STORAGE 192 changed 4 tets 2155 clip 1.501 curve 2.974 total 5.972
STORAGE 192 changed 4 tets 2129 clip 1.247 curve 3.360 total 6.364
STORAGE 192 changed 4 tets 2129 clip 1.241 curve 3.431 total 6.115
STORAGE 192 changed 4 tets 2329 clip 1.352 curve 3.370 total 6.286
STORAGE 192 changed 4 tets 2332 clip 1.420 curve 3.237 total 6.358
STORAGE 192 changed 4 tets 2350 clip 1.396 curve 3.117 total 6.697
STORAGE 192 changed 4 tets 2366 clip 1.896 curve 3.993 total 7.804
STORAGE 192 changed 4 tets 2416 clip 1.762 curve 3.801 total 7.676
STORAGE 192 changed 4 tets 2398 clip 1.559 curve 3.611 total 6.734
STORAGE 192 changed 4 tets 2353 clip 1.419 curve 3.232 total 6.451
STORAGE 192 changed 4 tets 2425 clip 1.502 curve 3.893 total 7.050
STORAGE 192 changed 4 tets 2425 clip 1.747 curve 3.711 total 7.135
STORAGE 192 changed 4 tets 2425 clip 1.677 curve 3.679 total 7.062
STORAGE 192 changed 4 tets 2437 clip 1.808 curve 3.390 total 6.843
STORAGE 192 changed 4 tets 2378 clip 2.734 curve 4.264 total 8.927
STORAGE 192 changed 4 tets 2402 clip 1.581 curve 3.556 total 7.567
STORAGE 192 changed 4 tets 2422 clip 1.646 curve 3.348 total 7.152
STORAGE 192 changed 4 tets 2458 clip 1.635 curve 3.572 total 7.000
STORAGE 192 changed 4 tets 2414 clip 1.638 curve 3.872 total 7.159
STORAGE 192 changed 4 tets 2414 clip 1.741 curve 3.366 total 6.810
STORAGE 192 changed 4 tets 2447 clip 2.028 curve 3.982 total 7.651
STORAGE 192 changed 4 tets 2447 clip 1.842 curve 3.461 total 6.895
STORAGE 192 changed 4 tets 2470 clip 1.844 curve 3.635 total 7.226
STORAGE 192 changed 4 tets 2510 clip 1.882 curve 3.502 total 7.881
STORAGE 192 changed 4 tets 2551 clip 1.888 curve 3.716 total 7.407
STORAGE 192 changed 4 tets 2551 clip 1.815 curve 4.180 total 7.649
STORAGE 192 changed 4 tets 2551 clip 2.239 curve 3.907 total 8.176
STORAGE 192 changed 4 tets 2555 clip 1.817 curve 3.792 total 7.252
STORAGE 192 changed 4 tets 2579 clip 1.736 curve 3.855 total 7.346
STORAGE 192 changed 4 tets 2596 clip 1.973 curve 4.023 total 7.857
STORAGE 192 changed 4 tets 2616 clip 2.036 curve 3.868 total 7.589
STORAGE 192 changed 4 tets 2667 clip 1.901 curve 4.314 total 8.258
STORAGE 192 changed 4 tets 2673 clip 2.269 curve 4.594 total 9.366
M55 loop frame samples 61 median 45.58987 p95 58.26551 max 70.32754 ms
M55 loop fixed samples 165 median 10.42345 p95 12.99172 max 19.95292 ms
M55 loop render samples 61 median 15.07235 p95 17.89635 max 22.06849 ms
M55 loop surface samples 61 median 0.00021 p95 0.00034 max 0.00039 ms
M55 loop liquid samples 165 median 10.17844 p95 12.72600 max 19.59070 ms
M55 loop containers samples 165 median 0.13375 p95 0.25404 max 0.29773 ms
M55 loop solid storage samples 165 median 6.20054 p95 8.22216 max 10.83823 ms
M55 loop loading samples 165 median 2.52003 p95 3.70975 max 5.91840 ms
M55 loop catchup 60 capped 0 frames 76 failures 0
