Project: Dynamic Liquid Surface Lab (/home/conner/Documents/GitHub/Project-Judas/projects/liquid_surface_demo/liquid_surface_demo.judasproj)
Scene: Dynamic Surface / Radial Lake (projects/liquid_surface_demo/Scenes/radial.judas)
World origin (m): 1000000000000.000, -2000000000000.000, 3000000000000.000
STORAGE 192 changed 192 tets 36649 clip 1.334 curve 53.253 total 91.717
STORAGE 192 changed 4 tets 1424 clip 0.666 curve 2.200 total 4.347
STORAGE 192 changed 4 tets 1432 clip 0.943 curve 2.556 total 4.780
STORAGE 192 changed 4 tets 1436 clip 0.647 curve 2.098 total 4.169
STORAGE 192 changed 4 tets 1748 clip 1.479 curve 3.530 total 7.657
STORAGE 192 changed 4 tets 2175 clip 2.608 curve 4.770 total 9.928
STORAGE 192 changed 4 tets 2159 clip 1.451 curve 3.354 total 6.898
STORAGE 192 changed 4 tets 2159 clip 1.392 curve 3.227 total 5.924
STORAGE 192 changed 4 tets 2243 clip 1.859 curve 3.503 total 6.775
STORAGE 192 changed 4 tets 2066 clip 1.333 curve 3.267 total 6.090
STORAGE 192 changed 4 tets 2022 clip 1.384 curve 2.926 total 6.052
STORAGE 192 changed 4 tets 2006 clip 1.189 curve 2.561 total 5.281
STORAGE 192 changed 4 tets 1885 clip 1.086 curve 2.479 total 4.990
STORAGE 192 changed 4 tets 2080 clip 1.548 curve 3.835 total 7.490
STORAGE 192 changed 4 tets 2109 clip 1.622 curve 3.576 total 6.749
STORAGE 192 changed 4 tets 2515 clip 1.557 curve 4.110 total 7.037
STORAGE 192 changed 4 tets 2491 clip 1.619 curve 3.710 total 6.651
STORAGE 192 changed 4 tets 2371 clip 1.390 curve 3.667 total 6.405
STORAGE 192 changed 4 tets 2431 clip 1.876 curve 4.046 total 7.277
STORAGE 192 changed 4 tets 2443 clip 1.523 curve 3.779 total 6.744
STORAGE 192 changed 4 tets 2443 clip 1.371 curve 3.595 total 6.543
STORAGE 192 changed 4 tets 2455 clip 1.577 curve 3.664 total 6.813
STORAGE 192 changed 4 tets 2495 clip 1.301 curve 3.618 total 6.362
STORAGE 192 changed 4 tets 2495 clip 1.408 curve 3.787 total 7.081
STORAGE 192 changed 4 tets 2487 clip 1.469 curve 3.984 total 6.984
STORAGE 192 changed 4 tets 2475 clip 1.548 curve 4.782 total 7.929
STORAGE 192 changed 4 tets 2459 clip 2.059 curve 3.960 total 7.520
STORAGE 192 changed 4 tets 2459 clip 1.502 curve 3.920 total 6.975
STORAGE 192 changed 4 tets 2459 clip 1.344 curve 3.459 total 6.665
STORAGE 192 changed 4 tets 2419 clip 1.449 curve 3.358 total 6.335
STORAGE 192 changed 4 tets 2419 clip 1.278 curve 3.702 total 6.419
STORAGE 192 changed 4 tets 2495 clip 1.366 curve 3.669 total 6.899
STORAGE 192 changed 4 tets 2539 clip 3.061 curve 5.558 total 11.695
STORAGE 192 changed 4 tets 2437 clip 1.593 curve 3.514 total 8.355
STORAGE 192 changed 4 tets 2382 clip 1.629 curve 4.050 total 7.238
STORAGE 192 changed 4 tets 2207 clip 1.543 curve 3.612 total 6.601
STORAGE 192 changed 4 tets 2099 clip 1.606 curve 3.035 total 6.325
STORAGE 192 changed 4 tets 1965 clip 1.435 curve 3.065 total 5.993
STORAGE 192 changed 4 tets 1945 clip 1.492 curve 2.744 total 5.740
STORAGE 192 changed 4 tets 1956 clip 1.456 curve 3.061 total 6.524
STORAGE 192 changed 4 tets 1952 clip 1.318 curve 2.777 total 5.667
STORAGE 192 changed 4 tets 1952 clip 1.259 curve 2.890 total 5.762
STORAGE 192 changed 4 tets 1948 clip 1.193 curve 2.628 total 5.858
STORAGE 192 changed 4 tets 2028 clip 1.203 curve 3.036 total 6.379
STORAGE 192 changed 4 tets 2036 clip 1.385 curve 3.359 total 7.806
STORAGE 192 changed 4 tets 2036 clip 1.435 curve 3.039 total 5.939
STORAGE 192 changed 4 tets 2036 clip 1.498 curve 3.341 total 6.435
STORAGE 192 changed 4 tets 2067 clip 1.815 curve 3.490 total 7.036
STORAGE 192 changed 4 tets 2128 clip 1.308 curve 3.317 total 6.845
STORAGE 192 changed 4 tets 2128 clip 1.502 curve 3.507 total 6.619
STORAGE 192 changed 4 tets 2109 clip 1.466 curve 2.896 total 5.889
STORAGE 192 changed 4 tets 2109 clip 1.245 curve 2.892 total 5.644
STORAGE 192 changed 4 tets 2109 clip 1.714 curve 3.377 total 7.408
STORAGE 192 changed 4 tets 2067 clip 1.596 curve 3.532 total 6.705
STORAGE 192 changed 4 tets 2036 clip 1.226 curve 3.024 total 5.735
STORAGE 192 changed 4 tets 2036 clip 1.693 curve 3.350 total 6.575
STORAGE 192 changed 4 tets 2036 clip 1.248 curve 3.408 total 6.198
STORAGE 192 changed 4 tets 2036 clip 1.171 curve 3.423 total 6.157
STORAGE 192 changed 4 tets 2036 clip 1.300 curve 3.571 total 6.724
STORAGE 192 changed 4 tets 2036 clip 1.303 curve 3.010 total 6.500
STORAGE 192 changed 4 tets 2017 clip 1.499 curve 3.193 total 6.676
STORAGE 192 changed 4 tets 1956 clip 1.470 curve 2.910 total 6.369
STORAGE 192 changed 4 tets 1948 clip 1.309 curve 2.689 total 5.551
STORAGE 192 changed 4 tets 1952 clip 1.206 curve 2.626 total 5.349
STORAGE 192 changed 4 tets 1952 clip 1.126 curve 2.607 total 5.362
STORAGE 192 changed 4 tets 1952 clip 1.212 curve 2.663 total 5.416
STORAGE 192 changed 4 tets 1952 clip 1.232 curve 2.688 total 5.529
STORAGE 192 changed 4 tets 1952 clip 1.442 curve 2.550 total 5.542
STORAGE 192 changed 4 tets 1965 clip 1.351 curve 2.809 total 6.802
STORAGE 192 changed 4 tets 1965 clip 1.163 curve 3.150 total 5.863
STORAGE 192 changed 4 tets 2095 clip 1.276 curve 3.201 total 6.115
STORAGE 192 changed 4 tets 2143 clip 1.239 curve 3.524 total 6.380
STORAGE 192 changed 4 tets 2139 clip 1.189 curve 3.190 total 6.258
STORAGE 192 changed 4 tets 2127 clip 1.155 curve 2.846 total 5.737
STORAGE 192 changed 4 tets 2167 clip 1.406 curve 3.243 total 6.516
STORAGE 192 changed 4 tets 2167 clip 1.249 curve 3.272 total 6.076
STORAGE 192 changed 4 tets 2167 clip 1.507 curve 3.140 total 6.444
STORAGE 192 changed 4 tets 2179 clip 1.291 curve 3.009 total 6.122
STORAGE 192 changed 4 tets 2167 clip 1.488 curve 3.232 total 6.226
STORAGE 192 changed 4 tets 2167 clip 1.354 curve 3.275 total 6.205
STORAGE 192 changed 4 tets 2167 clip 1.419 curve 2.984 total 6.163
STORAGE 192 changed 4 tets 2179 clip 1.252 curve 3.386 total 6.192
STORAGE 192 changed 4 tets 2127 clip 1.498 curve 3.227 total 6.594
STORAGE 192 changed 4 tets 2151 clip 1.469 curve 3.428 total 6.365
STORAGE 192 changed 4 tets 2143 clip 1.232 curve 3.175 total 6.045
STORAGE 192 changed 4 tets 2091 clip 1.280 curve 2.816 total 5.905
STORAGE 192 changed 4 tets 2091 clip 1.465 curve 3.023 total 6.146
STORAGE 192 changed 4 tets 2095 clip 1.331 curve 2.797 total 5.763
STORAGE 192 changed 4 tets 2095 clip 1.135 curve 2.975 total 6.035
STORAGE 192 changed 4 tets 2095 clip 1.483 curve 3.193 total 6.374
STORAGE 192 changed 4 tets 2047 clip 1.490 curve 3.083 total 6.375
STORAGE 192 changed 4 tets 2074 clip 1.346 curve 2.940 total 5.996
STORAGE 192 changed 4 tets 2074 clip 1.416 curve 3.122 total 6.041
STORAGE 192 changed 4 tets 2074 clip 1.431 curve 2.845 total 5.739
STORAGE 192 changed 4 tets 2074 clip 1.404 curve 3.013 total 5.958
STORAGE 192 changed 4 tets 1952 clip 1.224 curve 2.976 total 6.022
STORAGE 192 changed 4 tets 1956 clip 1.281 curve 2.809 total 5.696
STORAGE 192 changed 4 tets 1956 clip 1.090 curve 2.694 total 5.528
STORAGE 192 changed 4 tets 1956 clip 1.136 curve 2.813 total 5.773
STORAGE 192 changed 4 tets 1956 clip 1.137 curve 2.554 total 5.386
STORAGE 192 changed 4 tets 1956 clip 1.251 curve 2.903 total 5.893
STORAGE 192 changed 4 tets 1956 clip 1.334 curve 2.663 total 5.872
STORAGE 192 changed 4 tets 1956 clip 1.366 curve 2.719 total 6.506
STORAGE 192 changed 4 tets 1964 clip 1.147 curve 2.885 total 5.749
STORAGE 192 changed 4 tets 1960 clip 1.281 curve 2.910 total 5.985
STORAGE 192 changed 4 tets 1960 clip 1.285 curve 2.551 total 5.536
STORAGE 192 changed 4 tets 1960 clip 1.147 curve 2.746 total 5.509
STORAGE 192 changed 4 tets 1956 clip 1.310 curve 2.981 total 6.163
STORAGE 192 changed 4 tets 1960 clip 1.192 curve 2.862 total 5.973
STORAGE 192 changed 4 tets 1960 clip 1.126 curve 2.694 total 5.366
STORAGE 192 changed 4 tets 1960 clip 1.309 curve 2.814 total 6.192
STORAGE 192 changed 4 tets 1976 clip 1.136 curve 2.811 total 5.681
STORAGE 192 changed 4 tets 1976 clip 1.491 curve 3.206 total 6.400
STORAGE 192 changed 4 tets 1999 clip 1.163 curve 2.767 total 5.546
STORAGE 192 changed 4 tets 1999 clip 1.165 curve 2.999 total 6.210
STORAGE 192 changed 4 tets 2039 clip 1.146 curve 2.999 total 5.907
STORAGE 192 changed 4 tets 2047 clip 1.280 curve 2.870 total 5.927
STORAGE 192 changed 4 tets 2094 clip 1.618 curve 3.357 total 6.926
STORAGE 192 changed 4 tets 2106 clip 1.276 curve 3.108 total 6.477
STORAGE 192 changed 4 tets 2141 clip 1.254 curve 2.827 total 5.845
STORAGE 192 changed 4 tets 2149 clip 1.334 curve 3.056 total 6.562
STORAGE 192 changed 4 tets 2153 clip 1.207 curve 3.242 total 6.221
STORAGE 192 changed 4 tets 2153 clip 1.602 curve 3.104 total 6.309
STORAGE 192 changed 4 tets 2153 clip 1.307 curve 3.075 total 5.974
STORAGE 192 changed 4 tets 2205 clip 1.409 curve 3.078 total 6.150
STORAGE 192 changed 4 tets 2201 clip 1.380 curve 3.251 total 6.542
STORAGE 192 changed 4 tets 2161 clip 1.234 curve 3.345 total 6.855
STORAGE 192 changed 4 tets 2150 clip 1.173 curve 3.014 total 6.118
STORAGE 192 changed 4 tets 2193 clip 1.282 curve 3.122 total 6.509
STORAGE 192 changed 4 tets 2201 clip 1.421 curve 3.142 total 6.495
STORAGE 192 changed 4 tets 2181 clip 1.326 curve 3.445 total 6.544
STORAGE 192 changed 4 tets 2181 clip 1.459 curve 3.418 total 6.796
STORAGE 192 changed 4 tets 2169 clip 1.263 curve 3.165 total 6.032
STORAGE 192 changed 4 tets 2193 clip 1.380 curve 3.055 total 6.022
STORAGE 192 changed 4 tets 2221 clip 1.338 curve 3.491 total 6.723
STORAGE 192 changed 4 tets 2189 clip 1.311 curve 3.148 total 6.555
STORAGE 192 changed 4 tets 2251 clip 1.566 curve 3.124 total 7.107
STORAGE 192 changed 4 tets 2183 clip 1.290 curve 3.017 total 5.991
STORAGE 192 changed 4 tets 2427 clip 1.510 curve 3.573 total 6.847
STORAGE 192 changed 4 tets 2414 clip 1.542 curve 3.428 total 7.071
STORAGE 192 changed 4 tets 2316 clip 1.605 curve 3.208 total 7.179
STORAGE 192 changed 4 tets 2343 clip 1.540 curve 3.491 total 7.019
STORAGE 192 changed 4 tets 2357 clip 1.702 curve 3.528 total 7.318
STORAGE 192 changed 4 tets 2357 clip 1.397 curve 3.681 total 6.911
STORAGE 192 changed 4 tets 2273 clip 1.855 curve 3.640 total 7.272
STORAGE 192 changed 4 tets 2273 clip 1.669 curve 3.216 total 6.614
STORAGE 192 changed 4 tets 2297 clip 1.543 curve 3.272 total 6.657
STORAGE 192 changed 4 tets 2297 clip 1.548 curve 3.216 total 6.610
STORAGE 192 changed 4 tets 2297 clip 1.533 curve 3.539 total 7.173
STORAGE 192 changed 4 tets 2370 clip 1.718 curve 3.541 total 7.238
STORAGE 192 changed 4 tets 2435 clip 1.697 curve 3.481 total 6.995
STORAGE 192 changed 4 tets 2455 clip 1.638 curve 3.328 total 6.881
STORAGE 192 changed 4 tets 2468 clip 1.618 curve 3.501 total 6.853
STORAGE 192 changed 4 tets 2509 clip 1.793 curve 3.737 total 7.733
STORAGE 192 changed 4 tets 2513 clip 2.188 curve 3.676 total 8.535
STORAGE 192 changed 4 tets 2513 clip 1.946 curve 3.976 total 7.834
STORAGE 192 changed 4 tets 2697 clip 1.719 curve 4.158 total 8.030
STORAGE 192 changed 4 tets 2697 clip 1.965 curve 4.377 total 8.547
STORAGE 192 changed 4 tets 2696 clip 1.854 curve 3.935 total 7.836
STORAGE 192 changed 4 tets 2696 clip 2.068 curve 4.264 total 8.374
STORAGE 192 changed 4 tets 2688 clip 1.853 curve 3.964 total 8.180
STORAGE 192 changed 4 tets 2699 clip 1.936 curve 4.002 total 8.353
STORAGE 192 changed 4 tets 2707 clip 2.054 curve 4.318 total 9.105
STORAGE 192 changed 4 tets 2715 clip 1.963 curve 4.114 total 8.352
STORAGE 192 changed 4 tets 2774 clip 2.168 curve 4.266 total 8.356
STORAGE 192 changed 4 tets 2799 clip 2.104 curve 4.373 total 8.558
STORAGE 192 changed 4 tets 2820 clip 2.027 curve 4.636 total 9.161
STORAGE 192 changed 4 tets 2805 clip 2.189 curve 4.307 total 8.542
STORAGE 192 changed 4 tets 2849 clip 2.291 curve 4.596 total 9.299
STORAGE 192 changed 4 tets 2883 clip 2.132 curve 4.266 total 8.588
STORAGE 192 changed 4 tets 2987 clip 2.397 curve 4.710 total 9.045
STORAGE 192 changed 4 tets 3051 clip 2.124 curve 4.633 total 8.912
STORAGE 192 changed 4 tets 2900 clip 2.059 curve 4.463 total 8.487
STORAGE 192 changed 4 tets 2900 clip 1.928 curve 4.524 total 8.326
STORAGE 192 changed 4 tets 2989 clip 2.118 curve 4.729 total 9.022
STORAGE 192 changed 4 tets 3014 clip 2.034 curve 4.678 total 8.781
STORAGE 192 changed 4 tets 3002 clip 1.930 curve 4.637 total 8.856
STORAGE 192 changed 4 tets 2994 clip 2.015 curve 4.306 total 8.264
STORAGE 192 changed 4 tets 2950 clip 1.820 curve 4.626 total 8.671
STORAGE 192 changed 5 tets 3080 clip 1.784 curve 4.434 total 8.604
STORAGE 192 changed 5 tets 3088 clip 1.934 curve 4.431 total 8.312
STORAGE 192 changed 5 tets 3076 clip 2.035 curve 4.373 total 8.551
STORAGE 192 changed 5 tets 3080 clip 2.248 curve 4.720 total 9.371
STORAGE 192 changed 5 tets 3008 clip 1.936 curve 4.316 total 8.179
STORAGE 192 changed 5 tets 2885 clip 1.683 curve 4.061 total 7.956
STORAGE 192 changed 5 tets 2849 clip 1.713 curve 4.102 total 7.903
STORAGE 192 changed 5 tets 2861 clip 1.785 curve 4.137 total 8.109
STORAGE 192 changed 5 tets 2861 clip 1.803 curve 4.009 total 7.846
STORAGE 192 changed 5 tets 2814 clip 1.959 curve 4.009 total 7.984
STORAGE 192 changed 6 tets 2987 clip 2.132 curve 4.454 total 9.164
STORAGE 192 changed 6 tets 2967 clip 1.831 curve 4.475 total 8.723
STORAGE 192 changed 6 tets 2921 clip 1.837 curve 4.244 total 7.962
STORAGE 192 changed 6 tets 2917 clip 1.847 curve 4.701 total 8.871
STORAGE 192 changed 6 tets 2933 clip 1.641 curve 4.222 total 7.944
STORAGE 192 changed 6 tets 2921 clip 2.087 curve 4.602 total 8.659
STORAGE 192 changed 6 tets 2925 clip 1.783 curve 4.046 total 7.980
STORAGE 192 changed 6 tets 2945 clip 1.919 curve 4.573 total 8.887
STORAGE 192 changed 6 tets 2959 clip 1.713 curve 4.195 total 7.905
M55 loop frame samples 61 median 49.22681 p95 82.46661 max 142.88538 ms
M55 loop fixed samples 198 median 10.99351 p95 14.25395 max 96.09144 ms
M55 loop render samples 61 median 15.86301 p95 18.00822 max 29.93822 ms
M55 loop surface samples 61 median 0.00019 p95 0.00027 max 0.00034 ms
M55 loop liquid samples 198 median 10.73011 p95 13.92946 max 95.95152 ms
M55 loop containers samples 198 median 0.13319 p95 0.24799 max 2.82287 ms
M55 loop solid storage samples 198 median 6.59694 p95 8.93342 max 91.75088 ms
M55 loop loading samples 198 median 2.61764 p95 3.50961 max 4.83322 ms
M55 loop catchup 60 capped 0 frames 76 failures 0
