PASS ordinary M55 project and logical input map
libEGL warning: Not allowed to force software rendering when API explicitly selects a hardware device.
PASS normal EngineHost/GL resources
PASS registered surface scene loads normally
PASS ordinary resource/world/session build
PASS baked resources and ordinary JS callbacks resolve without faults
PASS swimming-sized conserved spatial partition, no bulk particles
PASS ordinary prefab bucket starts dry
PASS JS drain changes owner and local allocation together
PASS JS refill restores quantity while preserving surface state
PASS normal query reports actual local occupied depth and separate gravity up
PASS generic momentum impulse disturbs existing water without creating volume
PASS waves persist and owner/parcel ledger stays conserved
M55 lab scoop step 0 volume 0.000873317593
M55 lab scoop step 10 volume 0.00979099085
M55 lab scoop step 20 volume 0.018682286
M55 lab scoop step 30 volume 0.025088
M55 lab acquired 25.088000000 L ledger -2.84217094304e-14
PASS physical opening acquires real moving-surface water with paired ownership
PASS removed cup retains real conserved water
PASS pouring moves retained water through conserved parcels
PASS JS liquid response drives normal CharacterMotor under selected gravity
M55 lab fixed median 4.9565 p95 5.8789 max 6.6753 ms
M55 lab offscreen render 640x360 median 48.8584 p95 50.1985 max 79.5755 ms
M55 lab cells 384 faces 728 parcels 2 bodies 41 draws 49 solve 3.41407 ms iterations 3 residual 1.77622340778e-08 partition 1.13686837722e-13
PASS complete ledger closes within M54 floating-point tolerance
PASS continued interaction has no retained solve/script failures
PASS reload reconstructs surface state and rejects old handles
PASS Stop clears surfaces, containers and parcels
PASS registered surface scene loads normally
PASS ordinary resource/world/session build
PASS baked resources and ordinary JS callbacks resolve without faults
PASS swimming-sized conserved spatial partition, no bulk particles
PASS ordinary prefab bucket starts dry
PASS JS drain changes owner and local allocation together
PASS JS refill restores quantity while preserving surface state
PASS normal query reports actual local occupied depth and separate gravity up
PASS generic momentum impulse disturbs existing water without creating volume
PASS waves persist and owner/parcel ledger stays conserved
M55 radial scoop step 0 volume 0.000671151854
M55 radial scoop step 10 volume 0.00754367475
M55 radial scoop step 20 volume 0.0143841607
M55 radial scoop step 30 volume 0.0212092438
M55 radial acquired 25.088000000 L ledger -1.42108547152e-14
PASS physical opening acquires real moving-surface water with paired ownership
PASS removed cup retains real conserved water
PASS pouring moves retained water through conserved parcels
PASS JS liquid response drives normal CharacterMotor under selected gravity
M55 radial fixed median 5171.4717 p95 15153.9578 max 15546.0407 ms
M55 radial offscreen render 640x360 median 252.5076 p95 261.4393 max 263.1496 ms
M55 radial cells 192 faces 356 parcels 0 bodies 11 draws 19 solve 16.40733 ms iterations 3 residual 3.65201630607e-08 partition -1.42108547152e-14
PASS complete ledger closes within M54 floating-point tolerance
PASS continued interaction has no retained solve/script failures
PASS reload reconstructs surface state and rejects old handles
PASS Stop clears surfaces, containers and parcels
M55 application 38 checks 0 failures
