libEGL warning: Not allowed to force software rendering when API explicitly selects a hardware device.
PASS ordinary M55 project and logical input map
PASS normal EngineHost/GL resources
PASS registered surface scene loads normally
PASS ordinary resource/world/session build
PASS baked resources and ordinary JS callbacks resolve without faults
PASS swimming-sized conserved spatial partition, no bulk particles
PASS ordinary prefab bucket starts dry
PASS JS drain changes owner and local allocation together
PASS JS refill restores quantity while preserving surface state
PASS normal query reports actual local occupied depth and separate gravity up
PASS generic momentum impulse disturbs existing water without creating volume
PASS waves persist and owner/parcel ledger stays conserved
M55 radial scoop step 0 volume 0.000671199961
M55 radial scoop step 10 volume 0.00754551617
M55 radial scoop step 20 volume 0.0144072695
M55 radial scoop step 30 volume 0.0212849641
M55 radial acquired 25.088000000 L ledger -4.26325641456e-14
PASS physical opening acquires real moving-surface water with paired ownership
PASS removed cup retains real conserved water
PASS pouring moves retained water through conserved parcels
PASS JS liquid response drives normal CharacterMotor under selected gravity
M55 radial fixed median 30.7209 p95 35.6216 max 38.9669 ms
M55 radial offscreen render 640x360 median 31.4680 p95 33.6205 max 50.8437 ms
M55 radial cells 192 faces 356 parcels 0 bodies 11 draws 32 solve 1.49977 ms iterations 4 residual 2.39196260639e-09 partition 4.26325641456e-14
M55 radial 100 sample queries 0.357817 ms
M55 radial optical paths 17.319471 ms
M55 radial mesh 35673 vertices 5.400434 ms
PASS complete ledger closes within M54 floating-point tolerance
PASS continued interaction has no retained solve/script failures
PASS reload reconstructs surface state and rejects old handles
PASS Stop clears surfaces, containers and parcels
M55 application 20 checks 0 failures
