PASS M54 physical cavity bake
PASS physical surface partition bake
PASS expected cell and shared-face connectivity
PASS cached cubic storage/inversion agrees with independent geometric clipping
PASS coarse cells cannot silently join vertically disconnected pockets
PASS calm equal-coordinate water remains at rest and conserves volume
PASS uneven floor bake retains geometric storage
PASS uneven lake at rest has no artificial pressure-driven motion
PASS partly dry sloping shoreline remains well-balanced
PASS shoreline fixture genuinely contains wet and dry cells
PASS wet/dry disturbance stays nonnegative and conservative
PASS wet/dry disturbance does not grow uncontrolled energy
PASS spatial disturbance is localized
PASS disturbance solves within bounded pressure/continuity budget
PASS shared-face propagation preserves nonnegative conserved volume
PASS disturbance energy is bounded and damped
energy initial 157.211142725 peak 157.211142725 final 156.961968141
PASS surface geometry bake serializes through normal basin asset
PASS baked surface cells/faces round trip
PASS dynamic owners use normal world-generation liquid handles
PASS 1000 to 200 litre drain changes partition and owner together
PASS 1000 litre refill preserves moving flow state
PASS surface cells are not counted again in system ledger
PASS surface suspension retains allocation
PASS dynamic owner removal uses normal safe lifetime
PASS real submerged solid removes space, never liquid
PASS body displacement redistributes through pressure/continuity
PASS overlapping solid union is not subtracted twice
PASS body exit restores space without adding water
body fixture including 180 steps 72.938556 ms
PASS genuine radial storage/conical cells/geodesic face metrics bake
PASS radial lake transport conserves volume under actual radial coordinate
PASS radial flow velocities are tangent in each cell frame
PASS bounded solve failure restores the entire partition and discharge
propagation far amplitude 0.0148788062 reflection 1 half-dt maximum level difference 0.00222918844 m
PASS disturbance propagates to far wall and reverses flow on reflection
PASS half timestep has a consistent damped surface state
PASS per-camera water entry/exit intervals follow physical boundaries
PASS presentation query uses the same previous/current surface state as rendering
FAIL arbitrarily rotated uniform geometry/gravity bakes without world-up assumptions
PASS invalid timestep cannot mutate state
PASS deep pool fixed surface resolution bake
PASS deep-water implicit stepping is bounded and conservative
depth 10 disturbance energy 0.8 final 0.219938678
depth 10 cells 128 faces 232 average step 0.320452 ms iterations 4.87
PASS deep pool fixed surface resolution bake
PASS deep-water implicit stepping is bounded and conservative
depth 100 disturbance energy 0.08 final 0.0210502911
depth 100 cells 128 faces 232 average step 0.311468 ms iterations 7.08
M55 core 42 checks 1 failures
