PASS ordinary M55 project and logical input map
libEGL warning: Not allowed to force software rendering when API explicitly selects a hardware device.
PASS normal EngineHost/GL resources
PASS registered surface scene loads normally
PASS ordinary resource/world/session build
storage cell 0 tets 109 curve 16905 seconds 4.8061
storage cell 1 tets 552 curve 14198 seconds 17.0149
storage cell 2 tets 180 curve 15647 seconds 5.5472
storage cell 3 tets 180 curve 12967 seconds 4.8072
storage cell 4 tets 180 curve 13075 seconds 5.2877
storage cell 5 tets 180 curve 13679 seconds 5.9035
storage cell 6 tets 692 curve 14770 seconds 22.3959
storage cell 7 tets 187 curve 15633 seconds 8.6301
storage cell 8 tets 130 curve 14053 seconds 4.2395
storage cell 9 tets 556 curve 3147 seconds 4.9374
storage cell 10 tets 121 curve 44 seconds 0.0165
storage cell 11 tets 121 curve 44 seconds 0.0163
storage cell 12 tets 121 curve 48 seconds 0.0182
storage cell 13 tets 155 curve 55 seconds 0.0273
storage cell 14 tets 943 curve 3304 seconds 10.8180
storage cell 15 tets 191 curve 14609 seconds 5.2757
storage cell 16 tets 130 curve 15726 seconds 4.8256
storage cell 17 tets 157 curve 3235 seconds 1.0406
storage cell 22 tets 183 curve 2763 seconds 0.9603
storage cell 23 tets 180 curve 14124 seconds 5.0464
storage cell 24 tets 130 curve 15689 seconds 5.5676
storage cell 25 tets 157 curve 2823 seconds 0.9929
storage cell 30 tets 165 curve 2985 seconds 1.0540
storage cell 31 tets 180 curve 15462 seconds 5.4111
storage cell 32 tets 130 curve 13858 seconds 4.5210
storage cell 33 tets 157 curve 3537 seconds 1.1564
storage cell 38 tets 165 curve 2528 seconds 0.8828
storage cell 39 tets 180 curve 14120 seconds 5.1672
storage cell 40 tets 105 curve 14203 seconds 4.8710
storage cell 41 tets 237 curve 3244 seconds 1.2857
storage cell 46 tets 238 curve 2995 seconds 1.3660
storage cell 47 tets 162 curve 14083 seconds 5.5237
storage cell 48 tets 56 curve 15114 seconds 3.9084
storage cell 49 tets 1079 curve 3116 seconds 11.5547
storage cell 50 tets 200 curve 54 seconds 0.0440
storage cell 51 tets 159 curve 47 seconds 0.0271
storage cell 52 tets 159 curve 48 seconds 0.0278
storage cell 53 tets 159 curve 48 seconds 0.0343
storage cell 54 tets 758 curve 2989 seconds 6.6451
storage cell 55 tets 106 curve 14613 seconds 4.1945
storage cell 56 tets 72 curve 16653 seconds 9.4974
storage cell 57 tets 556 curve 14772 seconds 37.5798
storage cell 58 tets 130 curve 14265 seconds 4.8647
storage cell 59 tets 130 curve 13799 seconds 4.2220
storage cell 60 tets 130 curve 15523 seconds 4.7349
storage cell 61 tets 130 curve 14073 seconds 4.2379
storage cell 62 tets 583 curve 14650 seconds 16.2535
storage cell 63 tets 106 curve 14465 seconds 4.6829
storage cell 0 tets 37 curve 14 seconds 0.0011
storage cell 1 tets 44 curve 18 seconds 0.0014
storage cell 2 tets 44 curve 18 seconds 0.0013
storage cell 3 tets 44 curve 18 seconds 0.0013
storage cell 4 tets 44 curve 18 seconds 0.0014
storage cell 5 tets 44 curve 18 seconds 0.0021
storage cell 6 tets 42 curve 14 seconds 0.0011
storage cell 7 tets 50 curve 25 seconds 0.0031
storage cell 15 tets 42 curve 14 seconds 0.0010
storage cell 23 tets 44 curve 18 seconds 0.0018
storage cell 31 tets 44 curve 18 seconds 0.0014
storage cell 39 tets 44 curve 18 seconds 0.0014
storage cell 47 tets 44 curve 18 seconds 0.0013
storage cell 55 tets 44 curve 18 seconds 0.0013
storage cell 56 tets 41 curve 17 seconds 0.0018
storage cell 57 tets 42 curve 14 seconds 0.0010
storage cell 58 tets 44 curve 18 seconds 0.0015
storage cell 59 tets 44 curve 18 seconds 0.0013
storage cell 60 tets 44 curve 18 seconds 0.0012
storage cell 61 tets 44 curve 18 seconds 0.0013
storage cell 62 tets 44 curve 18 seconds 0.0012
storage cell 63 tets 46 curve 19 seconds 0.0018
storage cell 0 tets 46 curve 19 seconds 0.0024
storage cell 1 tets 44 curve 18 seconds 0.0015
storage cell 2 tets 44 curve 18 seconds 0.0018
storage cell 3 tets 44 curve 18 seconds 0.0014
storage cell 4 tets 44 curve 18 seconds 0.0014
storage cell 5 tets 44 curve 18 seconds 0.0013
storage cell 6 tets 42 curve 14 seconds 0.0012
storage cell 7 tets 50 curve 25 seconds 0.0031
storage cell 8 tets 44 curve 18 seconds 0.0014
storage cell 15 tets 42 curve 14 seconds 0.0010
storage cell 16 tets 44 curve 18 seconds 0.0023
storage cell 23 tets 44 curve 18 seconds 0.0015
storage cell 24 tets 44 curve 18 seconds 0.0018
storage cell 31 tets 44 curve 18 seconds 0.0014
storage cell 32 tets 44 curve 18 seconds 0.0015
storage cell 39 tets 44 curve 18 seconds 0.0013
storage cell 40 tets 44 curve 18 seconds 0.0013
storage cell 47 tets 44 curve 18 seconds 0.0012
storage cell 48 tets 42 curve 14 seconds 0.0010
storage cell 55 tets 44 curve 18 seconds 0.0016
storage cell 56 tets 50 curve 25 seconds 0.0035
storage cell 57 tets 42 curve 14 seconds 0.0011
storage cell 58 tets 44 curve 18 seconds 0.0012
storage cell 59 tets 44 curve 18 seconds 0.0019
storage cell 60 tets 44 curve 18 seconds 0.0013
storage cell 61 tets 44 curve 18 seconds 0.0015
storage cell 62 tets 44 curve 18 seconds 0.0014
storage cell 63 tets 46 curve 19 seconds 0.0019
storage cell 0 tets 54 curve 6265 seconds 0.8998
storage cell 1 tets 58 curve 5498 seconds 0.9172
storage cell 2 tets 58 curve 5370 seconds 0.8280
storage cell 3 tets 58 curve 6010 seconds 0.8870
storage cell 4 tets 58 curve 5018 seconds 0.8874
storage cell 5 tets 58 curve 4986 seconds 0.6462
storage cell 6 tets 58 curve 4730 seconds 0.5551
storage cell 7 tets 58 curve 4346 seconds 0.4840
storage cell 8 tets 58 curve 4762 seconds 0.5250
storage cell 9 tets 58 curve 4220 seconds 0.4481
storage cell 10 tets 2653 curve 6065 seconds 7.6654
storage cell 11 tets 1273 curve 4748 seconds 1.4541
