BEAM initial revision=1 peak=807.944
PASS normal asynchronous fracture asset publication
PASS logical family owner has no duplicate collider/mass
PASS every stiff part is an ordinary safe rigid body
PASS every stiff part is an ordinary safe rigid body
PASS every stiff part is an ordinary safe rigid body
PASS every stiff part is an ordinary safe rigid body
PASS every stiff part is an ordinary safe rigid body
PASS every stiff part is an ordinary safe rigid body
PASS every stiff part is an ordinary safe rigid body
PASS every stiff part is an ordinary safe rigid body
PASS every stiff part is an ordinary safe rigid body
PASS published cells partition material mass exactly once
PASS modest supported gravity load survives
PASS real impulse causes physically detected failure without explicit release
PASS physical failure cause distinct from tool release
PASS remaining material persists
BOND 0 broken=0 tension=5094.98 shear=1781.15
BOND 1 broken=1 tension=27683.9 shear=4598.41
BOND 2 broken=0 tension=5117.3 shear=2151.35
BOND 3 broken=1 tension=19692.6 shear=10869.4
BOND 4 broken=1 tension=22136.6 shear=3777.33
BOND 5 broken=0 tension=11426.6 shear=6012.28
BOND 6 broken=0 tension=6787.53 shear=753.803
BOND 7 broken=1 tension=21005.8 shear=4580.1
BOND 8 broken=0 tension=8145.74 shear=1842.46
BOND 9 broken=0 tension=3924.68 shear=596.607
BOND 10 broken=1 tension=13690.9 shear=155.733
BOND 11 broken=0 tension=7783.58 shear=757.069
PREBREAK plastic=0.861419 revision=1 peak=810.247
PASS modest load yields material without breaking it
BEAM plastic=1.16551 revision=3 peak=1626.91
PASS yielding soft specimen breaks from current plastic state
PASS source-part mapping reacquires current descendants
PASS explicit piece cleanup leaves durable tombstone
PASS ordinary surviving rubble remains simulated
PASS main/secondary/shadow passes do not rerun fracture
LAB bodies=43 fixed_ms=2.924104 draws=70
PASS ordinary startup and clean shutdown
SUMMARY mode=radial checks=23 failures=0
libEGL warning: Not allowed to force software rendering when API explicitly selects a hardware device.
Renderer fragment texture units: 32 (material path uses 12)
World state: disk saves disabled for additive compositions
Project: Fracture Lab (/home/conner/Documents/GitHub/Project-Judas/projects/fracture_lab/fracture_lab.judasproj)
Scene: Fracture Lab / radial (/home/conner/Documents/GitHub/Project-Judas/projects/fracture_lab/Scenes/radial.judas)
World origin (m): 0.000, 0.000, 0.000
