[  1%] Built target judas_glad
[  2%] Built target judas_imgui
[  3%] Building CXX object CMakeFiles/judas_rigid_contact_tests.dir/src/ContactSolver.cpp.o
[  3%] Building CXX object CMakeFiles/judas_physics_tests.dir/src/ContactSolver.cpp.o
[  4%] Building CXX object CMakeFiles/judas_broadphase_tests.dir/src/Contacts.cpp.o
[  4%] Building CXX object CMakeFiles/judas_collision_tests.dir/src/ContactSolver.cpp.o
[  4%] Building CXX object CMakeFiles/judas_physics_tests.dir/src/Contacts.cpp.o
[  4%] Building CXX object CMakeFiles/judas_collision_tests.dir/src/Contacts.cpp.o
[  4%] Building CXX object CMakeFiles/judas_rigid_contact_tests.dir/src/Contacts.cpp.o
[  4%] Linking CXX executable judas_broadphase_tests
[  5%] Built target judas_broadphase_tests
[  5%] Building CXX object CMakeFiles/judas_celestial_gravity_tests.dir/src/CelestialGravity.cpp.o
[  5%] Building CXX object CMakeFiles/judas_celestial_gravity_tests.dir/src/ContactSolver.cpp.o
[  5%] Building CXX object CMakeFiles/judas_collision_tests.dir/src/Narrowphase.cpp.o
[  6%] Building CXX object CMakeFiles/judas_physics_tests.dir/src/Narrowphase.cpp.o
[  6%] Building CXX object CMakeFiles/judas_rigid_contact_tests.dir/src/Narrowphase.cpp.o
[  6%] Building CXX object CMakeFiles/judas_celestial_gravity_tests.dir/src/Contacts.cpp.o
[  6%] Linking CXX executable judas_physics_tests
[  6%] Building CXX object CMakeFiles/judas_collision_tests.dir/tests/CollisionTests.cpp.o
[  8%] Built target judas_physics_tests
[  9%] Built target judas_asset_tests
[ 10%] Building CXX object CMakeFiles/judas_rigid_contact_tests.dir/src/PhysicsWorld.cpp.o
[ 10%] Building CXX object CMakeFiles/judas_step_climb_tests.dir/src/ContactSolver.cpp.o
[ 10%] Linking CXX executable judas_collision_tests
[ 10%] Building CXX object CMakeFiles/judas_step_climb_tests.dir/src/Contacts.cpp.o
[ 13%] Built target judas_collision_tests
[ 14%] Building CXX object CMakeFiles/judas_celestial_gravity_tests.dir/src/Narrowphase.cpp.o
[ 14%] Building CXX object CMakeFiles/judas_pilot_attachment_tests.dir/src/PilotAttachment.cpp.o
[ 14%] Building CXX object CMakeFiles/judas_pilot_attachment_tests.dir/tests/PilotAttachmentTests.cpp.o
[ 15%] Linking CXX executable judas_pilot_attachment_tests
[ 15%] Built target judas_pilot_attachment_tests
[ 15%] Building CXX object CMakeFiles/judas_pilot_dismount_tests.dir/src/ContactSolver.cpp.o
[ 16%] Building CXX object CMakeFiles/judas_pilot_dismount_tests.dir/src/Contacts.cpp.o
[ 16%] Linking CXX executable judas_rigid_contact_tests
[ 16%] Built target judas_rigid_contact_tests
[ 16%] Building CXX object CMakeFiles/judas_spacecraft_control_tests.dir/src/ContactSolver.cpp.o
[ 16%] Building CXX object CMakeFiles/judas_spacecraft_control_tests.dir/src/Contacts.cpp.o
[ 16%] Building CXX object CMakeFiles/judas_step_climb_tests.dir/src/Narrowphase.cpp.o
[ 16%] Building CXX object CMakeFiles/judas_celestial_gravity_tests.dir/src/PhysicsWorld.cpp.o
[ 16%] Building CXX object CMakeFiles/judas_pilot_dismount_tests.dir/src/Narrowphase.cpp.o
[ 16%] Building CXX object CMakeFiles/judas_celestial_gravity_tests.dir/tests/CelestialGravityTests.cpp.o
[ 16%] Building CXX object CMakeFiles/judas_spacecraft_control_tests.dir/src/FlyingPrimitiveControl.cpp.o
[ 16%] Building CXX object CMakeFiles/judas_step_climb_tests.dir/src/PhysicsWorld.cpp.o
[ 16%] Linking CXX executable judas_celestial_gravity_tests
[ 17%] Built target judas_celestial_gravity_tests
[ 17%] Building CXX object CMakeFiles/judas_step_climb_tests.dir/src/StepClimb.cpp.o
[ 18%] Building CXX object CMakeFiles/judas_spacecraft_flight_tests.dir/src/CelestialGravity.cpp.o
[ 18%] Building CXX object CMakeFiles/judas_spacecraft_control_tests.dir/src/Narrowphase.cpp.o
[ 19%] Building CXX object CMakeFiles/judas_spacecraft_flight_tests.dir/src/ContactSolver.cpp.o
[ 20%] Building CXX object CMakeFiles/judas_pilot_dismount_tests.dir/src/PhysicsWorld.cpp.o
[ 20%] Building CXX object CMakeFiles/judas_spacecraft_flight_tests.dir/src/Contacts.cpp.o
[ 20%] Building CXX object CMakeFiles/judas_step_climb_tests.dir/tests/StepClimbTests.cpp.o
[ 20%] Linking CXX executable judas_step_climb_tests
[ 22%] Built target judas_step_climb_tests
[ 23%] Building CXX object CMakeFiles/judas_spacecraft_flight_tests.dir/src/FlyingPrimitiveControl.cpp.o
[ 23%] Building CXX object CMakeFiles/judas_spacecraft_flight_tests.dir/src/Narrowphase.cpp.o
[ 23%] Building CXX object CMakeFiles/judas_spacecraft_control_tests.dir/src/PhysicsWorld.cpp.o
[ 23%] Building CXX object CMakeFiles/judas_pilot_dismount_tests.dir/src/PilotAttachment.cpp.o
[ 23%] Building CXX object CMakeFiles/judas_pilot_dismount_tests.dir/tests/PilotDismountTests.cpp.o
[ 23%] Linking CXX executable judas_pilot_dismount_tests
[ 23%] Built target judas_pilot_dismount_tests
[ 23%] Building CXX object CMakeFiles/judas_reference_frame_tests.dir/src/ContactSolver.cpp.o
[ 23%] Building CXX object CMakeFiles/judas_spacecraft_flight_tests.dir/src/PhysicsWorld.cpp.o
[ 23%] Building CXX object CMakeFiles/judas_reference_frame_tests.dir/src/Contacts.cpp.o
[ 23%] Building CXX object CMakeFiles/judas_spacecraft_control_tests.dir/tests/SpacecraftControlTests.cpp.o
[ 23%] Building CXX object CMakeFiles/judas_reference_frame_tests.dir/src/Narrowphase.cpp.o
[ 23%] Building CXX object CMakeFiles/judas_spacecraft_flight_tests.dir/tests/SpacecraftFlightTests.cpp.o
[ 23%] Linking CXX executable judas_spacecraft_control_tests
[ 25%] Built target judas_spacecraft_control_tests
[ 25%] Building CXX object CMakeFiles/judas_reference_frame_tests.dir/src/PhysicsWorld.cpp.o
[ 25%] Building CXX object CMakeFiles/judas_reference_frame_tests.dir/src/PilotAttachment.cpp.o
[ 25%] Linking CXX executable judas_spacecraft_flight_tests
[ 25%] Built target judas_spacecraft_flight_tests
[ 25%] Building CXX object CMakeFiles/judas_reference_frame_tests.dir/tests/ReferenceFrameTests.cpp.o
[ 27%] Built target judas_ui_tests
[ 29%] Built target judas_lighting_tests
[ 30%] Built target judas_shadow_tests
[ 30%] Building CXX object CMakeFiles/judas_interactable_tests.dir/src/ContactSolver.cpp.o
[ 31%] Built target judas_player_view_tests
[ 31%] Building CXX object CMakeFiles/judas_object_manipulation_tests.dir/src/ContactSolver.cpp.o
[ 31%] Building CXX object CMakeFiles/judas_interactable_tests.dir/src/Contacts.cpp.o
[ 31%] Building CXX object CMakeFiles/judas_interactable_tests.dir/src/Door.cpp.o
[ 31%] Linking CXX executable judas_reference_frame_tests
[ 33%] Built target judas_reference_frame_tests
[ 33%] Building CXX object CMakeFiles/judas_interactable_tests.dir/src/Narrowphase.cpp.o
[ 34%] Building CXX object CMakeFiles/judas_object_manipulation_tests.dir/src/Contacts.cpp.o
[ 34%] Building CXX object CMakeFiles/judas_interactable_tests.dir/src/PhysicsWorld.cpp.o
[ 35%] Building CXX object CMakeFiles/judas_interactable_tests.dir/tests/InteractableTests.cpp.o
[ 35%] Building CXX object CMakeFiles/judas_object_manipulation_tests.dir/src/DynamicBody.cpp.o
[ 35%] Building CXX object CMakeFiles/judas_object_manipulation_tests.dir/src/Narrowphase.cpp.o
[ 36%] Building CXX object CMakeFiles/judas_object_manipulation_tests.dir/src/ObjectManipulation.cpp.o
[ 36%] Linking CXX executable judas_interactable_tests
[ 36%] Building CXX object CMakeFiles/judas_object_manipulation_tests.dir/src/PhysicsWorld.cpp.o
[ 39%] Built target judas_interactable_tests
[ 39%] Building CXX object CMakeFiles/judas_player_curved_locomotion_tests.dir/src/ContactSolver.cpp.o
[ 39%] Building CXX object CMakeFiles/judas_object_manipulation_tests.dir/tests/ObjectManipulationTests.cpp.o
[ 40%] Building CXX object CMakeFiles/judas_player_curved_locomotion_tests.dir/src/Contacts.cpp.o
[ 40%] Building CXX object CMakeFiles/judas_world_coordinates_tests.dir/src/CelestialGravity.cpp.o
[ 40%] Building CXX object CMakeFiles/judas_world_coordinates_tests.dir/src/ContactSolver.cpp.o
[ 40%] Building CXX object CMakeFiles/judas_world_coordinates_tests.dir/src/Contacts.cpp.o
[ 40%] Building CXX object CMakeFiles/judas_player_curved_locomotion_tests.dir/src/FlyingPrimitiveControl.cpp.o
[ 40%] Linking CXX executable judas_object_manipulation_tests
[ 42%] Built target judas_object_manipulation_tests
[ 43%] Building CXX object CMakeFiles/judas_player_curved_locomotion_tests.dir/src/Narrowphase.cpp.o
[ 43%] Building CXX object CMakeFiles/judas_player_curved_locomotion_tests.dir/src/PhysicsWorld.cpp.o
[ 43%] Building CXX object CMakeFiles/judas_player_curved_locomotion_tests.dir/src/PilotAttachment.cpp.o
[ 43%] Building CXX object CMakeFiles/judas_player_curved_locomotion_tests.dir/src/PilotControl.cpp.o
[ 43%] Building CXX object CMakeFiles/judas_player_curved_locomotion_tests.dir/src/PlayerController.cpp.o
[ 43%] Building CXX object CMakeFiles/judas_world_coordinates_tests.dir/src/DynamicBody.cpp.o
[ 43%] Building CXX object CMakeFiles/judas_world_coordinates_tests.dir/src/FlyingPrimitiveControl.cpp.o
[ 43%] Building CXX object CMakeFiles/judas_world_coordinates_tests.dir/src/Narrowphase.cpp.o
[ 43%] Building CXX object CMakeFiles/judas_compound_body_tests.dir/src/ContactSolver.cpp.o
[ 43%] Building CXX object CMakeFiles/judas_player_curved_locomotion_tests.dir/src/StepClimb.cpp.o
[ 43%] Building CXX object CMakeFiles/judas_player_curved_locomotion_tests.dir/tests/PlayerCurvedLocomotionTests.cpp.o
[ 44%] Building CXX object CMakeFiles/judas_world_coordinates_tests.dir/src/ObjectManipulation.cpp.o
[ 44%] Building CXX object CMakeFiles/judas_compound_body_tests.dir/src/Contacts.cpp.o
[ 44%] Building CXX object CMakeFiles/judas_compound_body_tests.dir/src/Narrowphase.cpp.o
[ 44%] Linking CXX executable judas_player_curved_locomotion_tests
[ 46%] Built target judas_player_curved_locomotion_tests
[ 46%] Building CXX object CMakeFiles/judas_compound_body_tests.dir/src/PhysicsWorld.cpp.o
[ 46%] Building CXX object CMakeFiles/judas_world_coordinates_tests.dir/src/PhysicsWorld.cpp.o
[ 46%] Building CXX object CMakeFiles/judas_compound_body_tests.dir/tests/CompoundBodyTests.cpp.o
[ 46%] Building CXX object CMakeFiles/judas_fluid_world_tests.dir/src/ContactSolver.cpp.o
[ 46%] Building CXX object CMakeFiles/judas_fluid_world_tests.dir/src/Contacts.cpp.o
[ 46%] Linking CXX executable judas_compound_body_tests
[ 48%] Built target judas_compound_body_tests
[ 48%] Building CXX object CMakeFiles/judas_fluid_rigid_coupling_tests.dir/src/ContactSolver.cpp.o
[ 49%] Building CXX object CMakeFiles/judas_fluid_world_tests.dir/src/FluidWorld.cpp.o
[ 49%] Building CXX object CMakeFiles/judas_world_coordinates_tests.dir/src/PlayerController.cpp.o
[ 49%] Building CXX object CMakeFiles/judas_fluid_rigid_coupling_tests.dir/src/Contacts.cpp.o
[ 49%] Building CXX object CMakeFiles/judas_fluid_world_tests.dir/src/Narrowphase.cpp.o
[ 49%] Building CXX object CMakeFiles/judas_world_coordinates_tests.dir/src/StepClimb.cpp.o
[ 50%] Building CXX object CMakeFiles/judas_world_coordinates_tests.dir/tests/WorldCoordinatesTests.cpp.o
[ 50%] Building CXX object CMakeFiles/judas_fluid_world_tests.dir/src/PhysicsWorld.cpp.o
[ 50%] Linking CXX executable judas_world_coordinates_tests
[ 51%] Building CXX object CMakeFiles/judas_fluid_rigid_coupling_tests.dir/src/DynamicBody.cpp.o
[ 55%] Built target judas_world_coordinates_tests
[ 56%] Built target judas_fluid_surface_tests
[ 56%] Building CXX object CMakeFiles/judas_terrain_physics_tests.dir/src/ContactSolver.cpp.o
[ 56%] Building CXX object CMakeFiles/judas_fluid_rigid_coupling_tests.dir/src/FluidWorld.cpp.o
[ 56%] Building CXX object CMakeFiles/judas_terrain_fluid_tests.dir/src/ContactSolver.cpp.o
[ 56%] Building CXX object CMakeFiles/judas_terrain_physics_tests.dir/src/Contacts.cpp.o
[ 56%] Building CXX object CMakeFiles/judas_fluid_world_tests.dir/tests/FluidWorldTests.cpp.o
[ 57%] Building CXX object CMakeFiles/judas_terrain_fluid_tests.dir/src/Contacts.cpp.o
[ 57%] Linking CXX executable judas_fluid_world_tests
[ 59%] Built target judas_fluid_world_tests
[ 60%] Built target judas_atmosphere_tests
[ 60%] Building CXX object CMakeFiles/judas_fluid_rigid_coupling_tests.dir/src/Narrowphase.cpp.o
[ 60%] Building CXX object CMakeFiles/judas_atmospheric_flight_tests.dir/src/AerodynamicDrag.cpp.o
[ 60%] Building CXX object CMakeFiles/judas_atmospheric_flight_tests.dir/src/CelestialGravity.cpp.o
[ 61%] Building CXX object CMakeFiles/judas_atmospheric_flight_tests.dir/src/ContactSolver.cpp.o
[ 61%] Building CXX object CMakeFiles/judas_atmospheric_flight_tests.dir/src/Contacts.cpp.o
[ 61%] Building CXX object CMakeFiles/judas_terrain_physics_tests.dir/src/Narrowphase.cpp.o
[ 61%] Building CXX object CMakeFiles/judas_terrain_fluid_tests.dir/src/FluidWorld.cpp.o
[ 61%] Building CXX object CMakeFiles/judas_fluid_rigid_coupling_tests.dir/src/ObjectManipulation.cpp.o
[ 61%] Building CXX object CMakeFiles/judas_fluid_rigid_coupling_tests.dir/src/PhysicsWorld.cpp.o
[ 61%] Building CXX object CMakeFiles/judas_terrain_fluid_tests.dir/src/Narrowphase.cpp.o
[ 61%] Building CXX object CMakeFiles/judas_atmospheric_flight_tests.dir/src/DynamicBody.cpp.o
[ 61%] Building CXX object CMakeFiles/judas_terrain_physics_tests.dir/src/PhysicsWorld.cpp.o
[ 62%] Building CXX object CMakeFiles/judas_atmospheric_flight_tests.dir/src/FlyingPrimitiveControl.cpp.o
[ 62%] Building CXX object CMakeFiles/judas_atmospheric_flight_tests.dir/src/Narrowphase.cpp.o
[ 62%] Building CXX object CMakeFiles/judas_fluid_rigid_coupling_tests.dir/tests/FluidRigidCouplingTests.cpp.o
[ 62%] Building CXX object CMakeFiles/judas_terrain_physics_tests.dir/src/PlayerController.cpp.o
[ 63%] Building CXX object CMakeFiles/judas_terrain_fluid_tests.dir/src/PhysicsWorld.cpp.o
[ 63%] Linking CXX executable judas_fluid_rigid_coupling_tests
[ 64%] Built target judas_fluid_rigid_coupling_tests
[ 65%] Building CXX object CMakeFiles/judas_combustion_tests.dir/src/CelestialGravity.cpp.o
[ 65%] Building CXX object CMakeFiles/judas_terrain_physics_tests.dir/src/StepClimb.cpp.o
[ 66%] Building CXX object CMakeFiles/judas_combustion_tests.dir/src/CombustionWorld.cpp.o
[ 66%] Building CXX object CMakeFiles/judas_terrain_physics_tests.dir/tests/TerrainPhysicsTests.cpp.o
[ 66%] Building CXX object CMakeFiles/judas_combustion_tests.dir/src/ContactSolver.cpp.o
[ 67%] Building CXX object CMakeFiles/judas_atmospheric_flight_tests.dir/src/PhysicsWorld.cpp.o
[ 67%] Building CXX object CMakeFiles/judas_combustion_tests.dir/src/Contacts.cpp.o
[ 67%] Linking CXX executable judas_terrain_physics_tests
[ 67%] Building CXX object CMakeFiles/judas_terrain_fluid_tests.dir/tests/TerrainFluidTests.cpp.o
[ 70%] Built target judas_terrain_physics_tests
[ 70%] Building CXX object CMakeFiles/judas_engine.dir/src/Contacts.cpp.o
[ 70%] Building CXX object CMakeFiles/judas_atmospheric_flight_tests.dir/tests/AtmosphericFlightTests.cpp.o
[ 70%] Linking CXX executable judas_terrain_fluid_tests
[ 72%] Built target judas_terrain_fluid_tests
[ 72%] Building CXX object CMakeFiles/judas_combustion_tests.dir/src/FlyingPrimitiveControl.cpp.o
[ 72%] Building CXX object CMakeFiles/judas_combustion_tests.dir/src/Narrowphase.cpp.o
[ 72%] Building CXX object CMakeFiles/judas_combustion_tests.dir/src/PhysicsWorld.cpp.o
[ 72%] Linking CXX executable judas_atmospheric_flight_tests
[ 73%] Built target judas_atmospheric_flight_tests
[ 73%] Building CXX object CMakeFiles/judas_combustion_tests.dir/tests/CombustionTests.cpp.o
[ 74%] Linking CXX static library libjudas_engine.a
[ 88%] Built target judas_engine
[ 88%] Building CXX object CMakeFiles/judas.dir/src/Application.cpp.o
[ 89%] Building CXX object CMakeFiles/judas_editor.dir/src/editor/ComponentEditors.cpp.o
[ 89%] Building CXX object CMakeFiles/judas.dir/src/RuntimeDiagnostics.cpp.o
[ 90%] Building CXX object CMakeFiles/judas.dir/src/TestHarness.cpp.o
[ 91%] Building CXX object CMakeFiles/judas_editor.dir/src/editor/EditorApplication.cpp.o
[ 91%] Building CXX object CMakeFiles/judas_editor.dir/src/editor/EditorMain.cpp.o
[ 91%] Linking CXX executable judas_combustion_tests
[ 93%] Built target judas_combustion_tests
[ 93%] Building CXX object CMakeFiles/judas_scene_author.dir/tools/SceneAuthor.cpp.o
[ 93%] Building CXX object CMakeFiles/judas_editor.dir/src/editor/EditorPanels.cpp.o
[ 93%] Linking CXX executable judas
[ 93%] Built target judas
[ 93%] Building CXX object CMakeFiles/judas_resource_stress.dir/tools/ResourceStress.cpp.o
[ 93%] Building CXX object CMakeFiles/judas_scene_tests.dir/tests/SceneTests.cpp.o
[ 93%] Linking CXX executable judas_scene_author
[ 93%] Built target judas_scene_author
[ 93%] Building CXX object CMakeFiles/judas_lifecycle_tests.dir/tests/LifecycleTests.cpp.o
[ 93%] Linking CXX executable judas_scene_tests
[ 94%] Linking CXX executable judas_resource_stress
[ 94%] Built target judas_scene_tests
[ 94%] Building CXX object CMakeFiles/judas_project_tests.dir/tests/ProjectTests.cpp.o
[ 94%] Built target judas_resource_stress
[ 94%] Linking CXX executable judas_job_tests
[ 95%] Built target judas_job_tests
[ 96%] Linking CXX executable judas_scene_fingerprint_tests
[ 96%] Built target judas_scene_fingerprint_tests
[ 96%] Building CXX object CMakeFiles/judas_world_state_tests.dir/tests/WorldStateTests.cpp.o
[ 96%] Linking CXX executable judas_lifecycle_tests
[ 96%] Built target judas_lifecycle_tests
[ 96%] Building CXX object CMakeFiles/judas_async_application_tests.dir/src/Application.cpp.o
[ 96%] Linking CXX executable judas_editor
[ 96%] Built target judas_editor
[ 96%] Building CXX object CMakeFiles/judas_uniform_gravity_scene_tests.dir/tests/UniformGravitySceneTests.cpp.o
[ 96%] Building CXX object CMakeFiles/judas_async_application_tests.dir/src/RuntimeDiagnostics.cpp.o
[ 97%] Linking CXX executable judas_project_tests
[ 97%] Built target judas_project_tests
[ 98%] Building CXX object CMakeFiles/judas_async_application_tests.dir/src/TestHarness.cpp.o
[ 98%] Building CXX object CMakeFiles/judas_async_application_tests.dir/tests/AsyncApplicationTests.cpp.o
[ 99%] Linking CXX executable judas_world_state_tests
[ 99%] Built target judas_world_state_tests
[ 99%] Linking CXX executable judas_contact_geometry_tests
[100%] Built target judas_contact_geometry_tests
[100%] Linking CXX executable judas_contact_lifecycle_tests
[100%] Built target judas_contact_lifecycle_tests
[100%] Linking CXX executable judas_uniform_gravity_scene_tests
[100%] Built target judas_uniform_gravity_scene_tests
[100%] Linking CXX executable judas_async_application_tests
[100%] Built target judas_async_application_tests
