JS: SKATER start rails=8 autopilot=false
JS: STREAM t=0.00 street-0 - -> preparing entities=0 prepMs=0.00 integMs=0.00 largestUnitMs=0.00 skater=(36.60,-18.43,-250.00) v=0.0
JS: STREAM t=0.00 street-1 - -> preparing entities=0 prepMs=0.00 integMs=0.00 largestUnitMs=0.00 skater=(36.60,-18.43,-250.00) v=0.0
JS: STREAM t=0.00 street-2 - -> blocked entities=0 prepMs=0.00 integMs=0.00 largestUnitMs=0.00 skater=(36.60,-18.43,-250.00) v=0.0
JS: STREAM t=0.00 street-3 - -> blocked entities=0 prepMs=0.00 integMs=0.00 largestUnitMs=0.00 skater=(36.60,-18.43,-250.00) v=0.0
JS: STREAM t=0.00 street-4 - -> unloaded entities=0 prepMs=0.00 integMs=0.00 largestUnitMs=0.00 skater=(36.60,-18.43,-250.00) v=0.0
JS: STREAM t=0.00 street-0 preparing -> prepared entities=11 prepMs=2.91 integMs=0.00 largestUnitMs=0.00 skater=(36.60,-18.45,-250.00) v=0.2
JS: STREAM t=0.00 street-1 preparing -> prepared entities=9 prepMs=2.97 integMs=0.00 largestUnitMs=0.00 skater=(36.60,-18.45,-250.00) v=0.2
JS: STREAM t=0.00 street-2 blocked -> prepared entities=9 prepMs=2.66 integMs=0.00 largestUnitMs=0.00 skater=(36.60,-18.45,-250.00) v=0.2
JS: STREAM t=0.00 street-3 blocked -> prepared entities=11 prepMs=2.66 integMs=0.00 largestUnitMs=0.00 skater=(36.60,-18.45,-250.00) v=0.2
JS: STREAM t=0.00 street-0 prepared -> active entities=11 prepMs=2.91 integMs=0.46 largestUnitMs=0.09 skater=(36.60,-18.46,-250.00) v=0.2
JS: STREAM t=0.00 street-1 prepared -> active entities=9 prepMs=2.97 integMs=0.28 largestUnitMs=0.04 skater=(36.60,-18.46,-250.00) v=0.2
JS: STREAM t=0.00 street-3 prepared -> installing entities=11 prepMs=2.66 integMs=0.00 largestUnitMs=0.00 skater=(36.60,-18.46,-250.00) v=0.2
JS: STREAM t=0.00 street-2 prepared -> active entities=9 prepMs=2.66 integMs=0.29 largestUnitMs=0.04 skater=(36.60,-18.48,-250.00) v=0.2
JS: STREAM t=0.00 street-3 installing -> active entities=11 prepMs=2.66 integMs=0.37 largestUnitMs=0.06 skater=(36.60,-18.48,-250.00) v=0.2
JS: RESIDENT [{"id":"street-0","state":"active","pins":[]},{"id":"street-1","state":"active","pins":[]},{"id":"street-2","state":"active","pins":[]},{"id":"street-3","state":"active","pins":[]},{"id":"street-4","state":"unloaded","pins":[]}]
JS: RESIDENT [{"id":"street-0","state":"active","pins":[]},{"id":"street-1","state":"active","pins":[]},{"id":"street-2","state":"active","pins":[]},{"id":"street-3","state":"active","pins":[]},{"id":"street-4","state":"unloaded","pins":[]}]
JS: RESIDENT [{"id":"street-0","state":"active","pins":[]},{"id":"street-1","state":"active","pins":[]},{"id":"street-2","state":"active","pins":[]},{"id":"street-3","state":"active","pins":[]},{"id":"street-4","state":"unloaded","pins":[]}]
JS: RESIDENT [{"id":"street-0","state":"active","pins":[]},{"id":"street-1","state":"active","pins":[]},{"id":"street-2","state":"active","pins":[]},{"id":"street-3","state":"active","pins":[]},{"id":"street-4","state":"unloaded","pins":[]}]
JS: RESIDENT [{"id":"street-0","state":"active","pins":[]},{"id":"street-1","state":"active","pins":[]},{"id":"street-2","state":"active","pins":[]},{"id":"street-3","state":"active","pins":[]},{"id":"street-4","state":"unloaded","pins":[]}]
JS: RESIDENT [{"id":"street-0","state":"active","pins":[]},{"id":"street-1","state":"active","pins":[]},{"id":"street-2","state":"active","pins":[]},{"id":"street-3","state":"active","pins":[]},{"id":"street-4","state":"unloaded","pins":[]}]
Renderer fragment texture units: 32 (material path uses 12)
World state: disk saves disabled for additive compositions
Project: Judas Three Games (/tmp/judas-repair-app-d7x855m0/project/post_m65_consumers.judasproj)
Scene: Judas Skate Park (/tmp/judas-repair-app-d7x855m0/project/Scenes/skate/park.judas)
World origin (m): 0.000, 0.000, 0.000
asset 97c3acdb99c5ffefb002c03ecec7a8ed: Optional extension ignored: KHR_materials_specular
