[  0%] Built target judas_audio_backend
[  0%] Built target judas_glad
[  7%] Built target judas_quickjs
[  7%] Building CXX object CMakeFiles/judas_engine.dir/src/ProjectExporter.cpp.o
[  7%] Building CXX object CMakeFiles/judas_engine.dir/src/ScriptSystem.cpp.o
[  7%] Building CXX object CMakeFiles/judas_engine.dir/src/WorldScripts.cpp.o
[  7%] Building CXX object CMakeFiles/judas_engine.dir/src/WorldAudio.cpp.o
[  7%] Building CXX object CMakeFiles/judas_engine.dir/src/PlayerController.cpp.o
[  7%] Building CXX object CMakeFiles/judas_engine.dir/src/StepClimb.cpp.o
[  7%] Building CXX object CMakeFiles/judas_engine.dir/src/DynamicBody.cpp.o
[  7%] Building CXX object CMakeFiles/judas_engine.dir/src/FlyingPrimitiveControl.cpp.o
[  7%] Building CXX object CMakeFiles/judas_engine.dir/src/PilotAttachment.cpp.o
[  7%] Building CXX object CMakeFiles/judas_engine.dir/src/PilotControl.cpp.o
[  7%] Building CXX object CMakeFiles/judas_engine.dir/src/ObjectManipulation.cpp.o
[  7%] Building CXX object CMakeFiles/judas_engine.dir/src/FluidWorld.cpp.o
[ 15%] Building CXX object CMakeFiles/judas_engine.dir/src/ProductionFluidCoupling.cpp.o
[ 15%] Building CXX object CMakeFiles/judas_engine.dir/src/FluidHydrostatics.cpp.o
[ 15%] Building CXX object CMakeFiles/judas_engine.dir/src/CombustionWorld.cpp.o
[ 23%] Building CXX object CMakeFiles/judas_engine.dir/src/Door.cpp.o
[ 23%] Building CXX object CMakeFiles/judas_engine.dir/src/CelestialGravity.cpp.o
[ 23%] Building CXX object CMakeFiles/judas_engine.dir/src/AerodynamicDrag.cpp.o
[ 23%] Building CXX object CMakeFiles/judas_engine.dir/src/SceneFingerprint.cpp.o
[ 23%] Building CXX object CMakeFiles/judas_engine.dir/src/WorldDebugView.cpp.o
[ 23%] Building CXX object CMakeFiles/judas_engine.dir/src/SceneSession.cpp.o
[ 23%] Building CXX object CMakeFiles/judas_engine.dir/src/RuntimeWorld.cpp.o
[ 23%] Building CXX object CMakeFiles/judas_engine.dir/src/GameSession.cpp.o
[ 23%] Building CXX object CMakeFiles/judas_engine.dir/src/Simulation.cpp.o
[ 30%] Building CXX object CMakeFiles/judas_engine.dir/src/WorldPresentation.cpp.o
[ 30%] Building CXX object CMakeFiles/judas_engine.dir/src/GameplayHud.cpp.o
[ 30%] Building CXX object CMakeFiles/judas_engine.dir/src/InteractivePlay.cpp.o
[ 38%] Building CXX object CMakeFiles/judas_engine.dir/src/CoarseSimulation.cpp.o
[ 38%] Building CXX object CMakeFiles/judas_engine.dir/src/WorldState.cpp.o
[ 38%] Building CXX object CMakeFiles/judas_engine.dir/src/PhysicsCastGeometry.cpp.o
[ 38%] Building CXX object CMakeFiles/judas_engine.dir/src/PhysicsWorld.cpp.o
[ 38%] Linking CXX static library libjudas_engine.a
[100%] Built target judas_engine
[100%] Building CXX object CMakeFiles/judas_physics_cast_tests.dir/tests/PhysicsCastTests.cpp.o
/home/conner/Documents/GitHub/Project-Judas/tests/PhysicsCastTests.cpp: In function ‘int main()’:
/home/conner/Documents/GitHub/Project-Judas/tests/PhysicsCastTests.cpp:13:72: error: ‘class PhysicsWorld’ has no member named ‘GetBodyTransform’; did you mean ‘GetTransform’?
   13 |  auto box=world.CreateStaticBox({4,0,0},{1,1,1},0,0);auto before=world.GetBodyTransform(box);
      |                                                                        ^~~~~~~~~~~~~~~~
      |                                                                        GetTransform
/home/conner/Documents/GitHub/Project-Judas/tests/PhysicsCastTests.cpp:34:19: error: ‘class PhysicsWorld’ has no member named ‘GetBodyTransform’; did you mean ‘GetTransform’?
   34 |  auto after=world.GetBodyTransform(box);Check(before.position==after.position&&before.rotation==after.rotation&&world.GetLinearVelocity(box)==glm::vec3(0),"queries leave pose and velocity unchanged");
      |                   ^~~~~~~~~~~~~~~~
      |                   GetTransform
gmake[3]: *** [CMakeFiles/judas_physics_cast_tests.dir/build.make:79: CMakeFiles/judas_physics_cast_tests.dir/tests/PhysicsCastTests.cpp.o] Error 1
gmake[2]: *** [CMakeFiles/Makefile2:3487: CMakeFiles/judas_physics_cast_tests.dir/all] Error 2
gmake[1]: *** [CMakeFiles/Makefile2:3494: CMakeFiles/judas_physics_cast_tests.dir/rule] Error 2
gmake: *** [Makefile:1320: judas_physics_cast_tests] Error 2
