[  6%] Built target judas_audio_backend
[  6%] Built target judas_glad
[ 13%] Built target judas_quickjs
[ 13%] Building CXX object CMakeFiles/judas_engine.dir/src/WorldScripts.cpp.o
[ 13%] Linking CXX static library libjudas_engine.a
[100%] Built target judas_engine
[100%] Linking CXX executable judas_lifecycle_tests
[100%] Built target judas_lifecycle_tests
[  6%] Built target judas_glad
[  6%] Built target judas_audio_backend
[ 12%] Built target judas_quickjs
[ 93%] Built target judas_engine
[ 93%] Linking CXX executable judas_touch_event_tests
[100%] Built target judas_touch_event_tests
[ 13%] Built target judas_quickjs
[ 13%] Built target judas_audio_backend
[ 13%] Built target judas_glad
[100%] Built target judas_engine
[100%] Linking CXX executable judas_touch_application_tests
[100%] Built target judas_touch_application_tests
[ 11%] Built target judas_glad
[ 11%] Built target judas_quickjs
[ 11%] Built target judas_audio_backend
[ 16%] Built target judas_imgui
[ 88%] Built target judas_engine
[ 94%] Linking CXX executable judas_editor
[100%] Built target judas_editor
[  6%] Built target judas_glad
[  6%] Built target judas_audio_backend
[ 13%] Built target judas_quickjs
[100%] Built target judas_engine
[100%] Linking CXX executable judas
[100%] Built target judas
