[  2%] Built target judas_glad
[  2%] Built target judas_audio_backend
[  2%] Building CXX object CMakeFiles/judas_profiler.dir/src/PerformanceProfiler.cpp.o
[  2%] Built target judas_quickjs
[  4%] Built target judas_navigation_backend
[  4%] Built target judas_imgui
[  4%] Linking CXX static library libjudas_profiler.a
[  4%] Built target judas_profiler
[  4%] Building CXX object CMakeFiles/judas_engine.dir/src/LiquidGeometry.cpp.o
[  4%] Linking CXX executable judas_rigid_contact_tests
[  5%] Linking CXX executable judas_physics_tests
[  5%] Linking CXX executable judas_collision_tests
[  5%] Linking CXX executable judas_broadphase_tests
[  5%] Linking CXX executable judas_celestial_gravity_tests
[  6%] Built target judas_physics_tests
[  8%] Built target judas_broadphase_tests
[  9%] Built target judas_celestial_gravity_tests
[ 10%] Built target judas_rigid_contact_tests
[ 12%] Built target judas_collision_tests
[ 12%] Building CXX object CMakeFiles/judas_engine.dir/src/LiquidTypes.cpp.o
[ 12%] Building CXX object CMakeFiles/judas_pilot_attachment_tests.dir/tests/PilotAttachmentTests.cpp.o
[ 12%] Building CXX object CMakeFiles/judas_spacecraft_control_tests.dir/tests/SpacecraftControlTests.cpp.o
[ 12%] Linking CXX executable judas_step_climb_tests
[ 12%] Building CXX object CMakeFiles/judas_pilot_dismount_tests.dir/tests/PilotDismountTests.cpp.o
[ 13%] Built target judas_step_climb_tests
[ 13%] Building CXX object CMakeFiles/judas_spacecraft_control_tests.dir/src/FlyingPrimitiveControl.cpp.o
[ 13%] Building CXX object CMakeFiles/judas_pilot_dismount_tests.dir/src/PilotAttachment.cpp.o
[ 13%] Building CXX object CMakeFiles/judas_pilot_attachment_tests.dir/src/PilotAttachment.cpp.o
[ 13%] Building CXX object CMakeFiles/judas_pilot_dismount_tests.dir/src/JointSolver.cpp.o
[ 13%] Linking CXX executable judas_pilot_attachment_tests
[ 13%] Built target judas_pilot_attachment_tests
[ 13%] Building CXX object CMakeFiles/judas_engine.dir/src/LiquidSystem.cpp.o
[ 13%] Building CXX object CMakeFiles/judas_pilot_dismount_tests.dir/src/PhysicsCastGeometry.cpp.o
[ 13%] Building CXX object CMakeFiles/judas_spacecraft_control_tests.dir/src/Window.cpp.o
[ 14%] Building CXX object CMakeFiles/judas_spacecraft_flight_tests.dir/tests/SpacecraftFlightTests.cpp.o
[ 14%] Building CXX object CMakeFiles/judas_pilot_dismount_tests.dir/src/ImpactSolver.cpp.o
[ 14%] Building CXX object CMakeFiles/judas_spacecraft_flight_tests.dir/src/FlyingPrimitiveControl.cpp.o
[ 14%] Building CXX object CMakeFiles/judas_spacecraft_control_tests.dir/src/InputSystem.cpp.o
[ 15%] Building CXX object CMakeFiles/judas_pilot_dismount_tests.dir/src/RigidBody.cpp.o
[ 15%] Building CXX object CMakeFiles/judas_reference_frame_tests.dir/tests/ReferenceFrameTests.cpp.o
[ 15%] Building CXX object CMakeFiles/judas_spacecraft_control_tests.dir/src/JointSolver.cpp.o
[ 15%] Building CXX object CMakeFiles/judas_pilot_dismount_tests.dir/src/RigidBodyGravity.cpp.o
[ 15%] Building CXX object CMakeFiles/judas_spacecraft_flight_tests.dir/src/Window.cpp.o
[ 15%] Building CXX object CMakeFiles/judas_pilot_dismount_tests.dir/src/Contacts.cpp.o
[ 16%] Building CXX object CMakeFiles/judas_reference_frame_tests.dir/src/ReferenceFrame.cpp.o
[ 16%] Building CXX object CMakeFiles/judas_reference_frame_tests.dir/src/PilotAttachment.cpp.o
[ 16%] Building CXX object CMakeFiles/judas_pilot_dismount_tests.dir/src/ContactSolver.cpp.o
[ 16%] Building CXX object CMakeFiles/judas_reference_frame_tests.dir/src/JointSolver.cpp.o
[ 16%] Building CXX object CMakeFiles/judas_spacecraft_flight_tests.dir/src/InputSystem.cpp.o
[ 16%] Building CXX object CMakeFiles/judas_spacecraft_control_tests.dir/src/PhysicsCastGeometry.cpp.o
[ 16%] Building CXX object CMakeFiles/judas_spacecraft_control_tests.dir/src/ImpactSolver.cpp.o
[ 16%] Building CXX object CMakeFiles/judas_reference_frame_tests.dir/src/PhysicsCastGeometry.cpp.o
[ 16%] Building CXX object CMakeFiles/judas_ui_tests.dir/tests/UITests.cpp.o
[ 16%] Building CXX object CMakeFiles/judas_spacecraft_control_tests.dir/src/RigidBody.cpp.o
[ 17%] Building CXX object CMakeFiles/judas_spacecraft_control_tests.dir/src/RigidBodyGravity.cpp.o
[ 17%] Building CXX object CMakeFiles/judas_reference_frame_tests.dir/src/ImpactSolver.cpp.o
[ 17%] Building CXX object CMakeFiles/judas_ui_tests.dir/src/UIWidgets.cpp.o
[ 17%] Building CXX object CMakeFiles/judas_spacecraft_control_tests.dir/src/Contacts.cpp.o
[ 17%] Building CXX object CMakeFiles/judas_engine.dir/src/LiquidSurface.cpp.o
[ 17%] Building CXX object CMakeFiles/judas_pilot_dismount_tests.dir/src/RadialTerrain.cpp.o
[ 17%] Building CXX object CMakeFiles/judas_spacecraft_flight_tests.dir/src/JointSolver.cpp.o
[ 17%] Building CXX object CMakeFiles/judas_pilot_dismount_tests.dir/src/Broadphase.cpp.o
[ 17%] Building CXX object CMakeFiles/judas_reference_frame_tests.dir/src/RigidBody.cpp.o
[ 17%] Building CXX object CMakeFiles/judas_ui_tests.dir/src/PauseMenu.cpp.o
[ 17%] Building CXX object CMakeFiles/judas_reference_frame_tests.dir/src/RigidBodyGravity.cpp.o
[ 17%] Building CXX object CMakeFiles/judas_spacecraft_flight_tests.dir/src/PhysicsCastGeometry.cpp.o
[ 17%] Building CXX object CMakeFiles/judas_pilot_dismount_tests.dir/src/Narrowphase.cpp.o
[ 17%] Building CXX object CMakeFiles/judas_reference_frame_tests.dir/src/Contacts.cpp.o
[ 17%] Building CXX object CMakeFiles/judas_ui_tests.dir/src/HUD.cpp.o
[ 17%] Building CXX object CMakeFiles/judas_spacecraft_flight_tests.dir/src/ImpactSolver.cpp.o
[ 17%] Building CXX object CMakeFiles/judas_ui_tests.dir/src/Renderer.cpp.o
[ 17%] Building CXX object CMakeFiles/judas_spacecraft_flight_tests.dir/src/RigidBody.cpp.o
[ 17%] Building CXX object CMakeFiles/judas_spacecraft_flight_tests.dir/src/RigidBodyGravity.cpp.o
[ 17%] Building CXX object CMakeFiles/judas_spacecraft_control_tests.dir/src/ContactSolver.cpp.o
[ 18%] Building CXX object CMakeFiles/judas_spacecraft_flight_tests.dir/src/Contacts.cpp.o
[ 18%] Building CXX object CMakeFiles/judas_spacecraft_control_tests.dir/src/RadialTerrain.cpp.o
[ 18%] Building CXX object CMakeFiles/judas_reference_frame_tests.dir/src/ContactSolver.cpp.o
[ 18%] Building CXX object CMakeFiles/judas_spacecraft_control_tests.dir/src/Broadphase.cpp.o
[ 18%] Building CXX object CMakeFiles/judas_pilot_dismount_tests.dir/src/PhysicsWorld.cpp.o
[ 18%] Building CXX object CMakeFiles/judas_spacecraft_control_tests.dir/src/Narrowphase.cpp.o
[ 19%] Building CXX object CMakeFiles/judas_engine.dir/src/NavigationSystem.cpp.o
[ 20%] Building CXX object CMakeFiles/judas_reference_frame_tests.dir/src/RadialTerrain.cpp.o
[ 20%] Building CXX object CMakeFiles/judas_ui_tests.dir/src/SkeletalAnimation.cpp.o
[ 20%] Building CXX object CMakeFiles/judas_reference_frame_tests.dir/src/Broadphase.cpp.o
[ 21%] Building CXX object CMakeFiles/judas_ui_tests.dir/src/FontLoader.cpp.o
[ 21%] Building CXX object CMakeFiles/judas_spacecraft_flight_tests.dir/src/ContactSolver.cpp.o
[ 21%] Building CXX object CMakeFiles/judas_reference_frame_tests.dir/src/Narrowphase.cpp.o
[ 21%] Building CXX object CMakeFiles/judas_spacecraft_flight_tests.dir/src/RadialTerrain.cpp.o
[ 21%] Building CXX object CMakeFiles/judas_spacecraft_flight_tests.dir/src/Broadphase.cpp.o
[ 21%] Linking CXX executable judas_ui_tests
[ 21%] Built target judas_ui_tests
[ 21%] Building CXX object CMakeFiles/judas_lighting_tests.dir/tests/LightingTests.cpp.o
[ 21%] Building CXX object CMakeFiles/judas_spacecraft_flight_tests.dir/src/Narrowphase.cpp.o
[ 21%] Building CXX object CMakeFiles/judas_spacecraft_control_tests.dir/src/PhysicsWorld.cpp.o
[ 21%] Building CXX object CMakeFiles/judas_lighting_tests.dir/src/LightTransforms.cpp.o
[ 21%] Building CXX object CMakeFiles/judas_lighting_tests.dir/src/LightAttenuation.cpp.o
[ 21%] Building CXX object CMakeFiles/judas_lighting_tests.dir/src/PauseMenu.cpp.o
[ 21%] Building CXX object CMakeFiles/judas_engine.dir/src/NavigationTypes.cpp.o
[ 21%] Building CXX object CMakeFiles/judas_lighting_tests.dir/src/UIWidgets.cpp.o
[ 21%] Building CXX object CMakeFiles/judas_reference_frame_tests.dir/src/PhysicsWorld.cpp.o
[ 21%] Building CXX object CMakeFiles/judas_lighting_tests.dir/src/HUD.cpp.o
[ 22%] Building CXX object CMakeFiles/judas_lighting_tests.dir/src/Renderer.cpp.o
[ 23%] Linking CXX executable judas_pilot_dismount_tests
[ 23%] Built target judas_pilot_dismount_tests
[ 23%] Building CXX object CMakeFiles/judas_engine.dir/src/NavigationAsset.cpp.o
[ 23%] Building CXX object CMakeFiles/judas_spacecraft_flight_tests.dir/src/PhysicsWorld.cpp.o
[ 23%] Building CXX object CMakeFiles/judas_spacecraft_flight_tests.dir/src/CelestialGravity.cpp.o
[ 23%] Building CXX object CMakeFiles/judas_shadow_tests.dir/tests/ShadowTests.cpp.o
[ 23%] Building CXX object CMakeFiles/judas_shadow_tests.dir/src/ShadowTransforms.cpp.o
[ 23%] Linking CXX executable judas_shadow_tests
[ 23%] Built target judas_shadow_tests
[ 23%] Building CXX object CMakeFiles/judas_lighting_tests.dir/src/SkeletalAnimation.cpp.o
[ 23%] Building CXX object CMakeFiles/judas_lighting_tests.dir/src/FontLoader.cpp.o
[ 23%] Building CXX object CMakeFiles/judas_interactable_tests.dir/tests/InteractableTests.cpp.o
[ 23%] Building CXX object CMakeFiles/judas_interactable_tests.dir/src/HingeTransform.cpp.o
[ 24%] Building CXX object CMakeFiles/judas_interactable_tests.dir/src/InteractionSystem.cpp.o
[ 24%] Linking CXX executable judas_lighting_tests
[ 24%] Built target judas_lighting_tests
[ 24%] Building CXX object CMakeFiles/judas_player_view_tests.dir/tests/PlayerViewTests.cpp.o
[ 24%] Linking CXX executable judas_spacecraft_control_tests
[ 24%] Built target judas_spacecraft_control_tests
[ 24%] Building CXX object CMakeFiles/judas_interactable_tests.dir/src/Door.cpp.o
[ 24%] Building CXX object CMakeFiles/judas_object_manipulation_tests.dir/tests/ObjectManipulationTests.cpp.o
[ 24%] Building CXX object CMakeFiles/judas_player_view_tests.dir/src/PlayerView.cpp.o
[ 24%] Building CXX object CMakeFiles/judas_player_view_tests.dir/src/LightTransforms.cpp.o
[ 24%] Building CXX object CMakeFiles/judas_object_manipulation_tests.dir/src/ObjectManipulation.cpp.o
[ 24%] Linking CXX executable judas_player_view_tests
[ 24%] Built target judas_player_view_tests
[ 24%] Building CXX object CMakeFiles/judas_engine.dir/src/WorldAnimation.cpp.o
[ 24%] Building CXX object CMakeFiles/judas_interactable_tests.dir/src/LightSwitch.cpp.o
[ 25%] Building CXX object CMakeFiles/judas_object_manipulation_tests.dir/src/InteractionSystem.cpp.o
[ 25%] Building CXX object CMakeFiles/judas_object_manipulation_tests.dir/src/DynamicBody.cpp.o
[ 25%] Building CXX object CMakeFiles/judas_interactable_tests.dir/src/PauseMenu.cpp.o
[ 25%] Building CXX object CMakeFiles/judas_object_manipulation_tests.dir/src/JointSolver.cpp.o
[ 25%] Building CXX object CMakeFiles/judas_engine.dir/src/PoseComposition.cpp.o
[ 25%] Linking CXX executable judas_reference_frame_tests
[ 25%] Built target judas_reference_frame_tests
[ 25%] Building CXX object CMakeFiles/judas_interactable_tests.dir/src/UIWidgets.cpp.o
[ 25%] Building CXX object CMakeFiles/judas_engine.dir/src/WorldRagdoll.cpp.o
[ 25%] Building CXX object CMakeFiles/judas_object_manipulation_tests.dir/src/PhysicsCastGeometry.cpp.o
[ 25%] Building CXX object CMakeFiles/judas_interactable_tests.dir/src/HUD.cpp.o
[ 25%] Building CXX object CMakeFiles/judas_engine.dir/src/GltfLoader.cpp.o
[ 25%] Building CXX object CMakeFiles/judas_interactable_tests.dir/src/Renderer.cpp.o
[ 25%] Building CXX object CMakeFiles/judas_object_manipulation_tests.dir/src/ImpactSolver.cpp.o
[ 25%] Building CXX object CMakeFiles/judas_interactable_tests.dir/src/SkeletalAnimation.cpp.o
[ 25%] Linking CXX executable judas_spacecraft_flight_tests
[ 25%] Built target judas_spacecraft_flight_tests
[ 25%] Building CXX object CMakeFiles/judas_player_curved_locomotion_tests.dir/tests/PlayerCurvedLocomotionTests.cpp.o
[ 25%] Building CXX object CMakeFiles/judas_object_manipulation_tests.dir/src/RigidBody.cpp.o
[ 25%] Building CXX object CMakeFiles/judas_object_manipulation_tests.dir/src/RigidBodyGravity.cpp.o
[ 25%] Building CXX object CMakeFiles/judas_engine.dir/src/WorldCharacter.cpp.o
[ 25%] Building CXX object CMakeFiles/judas_object_manipulation_tests.dir/src/Contacts.cpp.o
[ 25%] Building CXX object CMakeFiles/judas_interactable_tests.dir/src/FontLoader.cpp.o
[ 25%] Building CXX object CMakeFiles/judas_player_curved_locomotion_tests.dir/src/CharacterMotor.cpp.o
[ 26%] Building CXX object CMakeFiles/judas_interactable_tests.dir/src/JointSolver.cpp.o
[ 26%] Building CXX object CMakeFiles/judas_player_curved_locomotion_tests.dir/src/PlayerController.cpp.o
[ 26%] Building CXX object CMakeFiles/judas_world_coordinates_tests.dir/tests/WorldCoordinatesTests.cpp.o
[ 26%] Building CXX object CMakeFiles/judas_interactable_tests.dir/src/PhysicsCastGeometry.cpp.o
[ 26%] Building CXX object CMakeFiles/judas_world_coordinates_tests.dir/src/CelestialGravity.cpp.o
[ 27%] Building CXX object CMakeFiles/judas_engine.dir/src/WorldScripts.cpp.o
[ 27%] Building CXX object CMakeFiles/judas_player_curved_locomotion_tests.dir/src/PlayerView.cpp.o
[ 27%] Building CXX object CMakeFiles/judas_compound_body_tests.dir/tests/CompoundBodyTests.cpp.o
[ 28%] Building CXX object CMakeFiles/judas_object_manipulation_tests.dir/src/ContactSolver.cpp.o
[ 28%] Building CXX object CMakeFiles/judas_player_curved_locomotion_tests.dir/src/LightTransforms.cpp.o
[ 28%] Building CXX object CMakeFiles/judas_interactable_tests.dir/src/ImpactSolver.cpp.o
[ 29%] Building CXX object CMakeFiles/judas_compound_body_tests.dir/src/JointSolver.cpp.o
[ 29%] Building CXX object CMakeFiles/judas_player_curved_locomotion_tests.dir/src/PilotControl.cpp.o
[ 30%] Building CXX object CMakeFiles/judas_world_coordinates_tests.dir/src/DynamicBody.cpp.o
[ 30%] Building CXX object CMakeFiles/judas_object_manipulation_tests.dir/src/RadialTerrain.cpp.o
[ 30%] Building CXX object CMakeFiles/judas_interactable_tests.dir/src/RigidBody.cpp.o
[ 30%] Building CXX object CMakeFiles/judas_player_curved_locomotion_tests.dir/src/PilotAttachment.cpp.o
[ 30%] Building CXX object CMakeFiles/judas_world_coordinates_tests.dir/src/FlyingPrimitiveControl.cpp.o
[ 30%] Building CXX object CMakeFiles/judas_interactable_tests.dir/src/RigidBodyGravity.cpp.o
[ 30%] Building CXX object CMakeFiles/judas_compound_body_tests.dir/src/PhysicsCastGeometry.cpp.o
[ 31%] Building CXX object CMakeFiles/judas_player_curved_locomotion_tests.dir/src/FlyingPrimitiveControl.cpp.o
[ 31%] Building CXX object CMakeFiles/judas_interactable_tests.dir/src/Contacts.cpp.o
[ 31%] Building CXX object CMakeFiles/judas_object_manipulation_tests.dir/src/Broadphase.cpp.o
[ 31%] Building CXX object CMakeFiles/judas_object_manipulation_tests.dir/src/Narrowphase.cpp.o
[ 31%] Building CXX object CMakeFiles/judas_engine.dir/src/RuntimeUI.cpp.o
[ 31%] Building CXX object CMakeFiles/judas_world_coordinates_tests.dir/src/InteractionSystem.cpp.o
[ 31%] Building CXX object CMakeFiles/judas_compound_body_tests.dir/src/ImpactSolver.cpp.o
[ 31%] Building CXX object CMakeFiles/judas_world_coordinates_tests.dir/src/ObjectManipulation.cpp.o
[ 31%] Building CXX object CMakeFiles/judas_player_curved_locomotion_tests.dir/src/Window.cpp.o
[ 31%] Building CXX object CMakeFiles/judas_compound_body_tests.dir/src/RigidBody.cpp.o
[ 31%] Building CXX object CMakeFiles/judas_world_coordinates_tests.dir/src/CharacterMotor.cpp.o
[ 31%] Building CXX object CMakeFiles/judas_compound_body_tests.dir/src/RigidBodyGravity.cpp.o
[ 31%] Building CXX object CMakeFiles/judas_compound_body_tests.dir/src/Contacts.cpp.o
[ 31%] Building CXX object CMakeFiles/judas_world_coordinates_tests.dir/src/PlayerController.cpp.o
[ 31%] Building CXX object CMakeFiles/judas_player_curved_locomotion_tests.dir/src/InputSystem.cpp.o
[ 31%] Building CXX object CMakeFiles/judas_interactable_tests.dir/src/ContactSolver.cpp.o
[ 31%] Building CXX object CMakeFiles/judas_engine.dir/src/ScriptSystem.cpp.o
[ 31%] Building CXX object CMakeFiles/judas_world_coordinates_tests.dir/src/PlayerView.cpp.o
[ 31%] Building CXX object CMakeFiles/judas_world_coordinates_tests.dir/src/LightTransforms.cpp.o
[ 32%] Building CXX object CMakeFiles/judas_world_coordinates_tests.dir/src/ReferenceFrame.cpp.o
[ 32%] Building CXX object CMakeFiles/judas_interactable_tests.dir/src/RadialTerrain.cpp.o
[ 32%] Building CXX object CMakeFiles/judas_player_curved_locomotion_tests.dir/src/StepClimb.cpp.o
[ 32%] Building CXX object CMakeFiles/judas_object_manipulation_tests.dir/src/FaithfulGravity.cpp.o
[ 32%] Building CXX object CMakeFiles/judas_world_coordinates_tests.dir/src/ShadowTransforms.cpp.o
[ 32%] Building CXX object CMakeFiles/judas_object_manipulation_tests.dir/src/RadicalGravity.cpp.o
[ 32%] Building CXX object CMakeFiles/judas_world_coordinates_tests.dir/src/Window.cpp.o
[ 32%] Building CXX object CMakeFiles/judas_player_curved_locomotion_tests.dir/src/PhysicsWorld.cpp.o
[ 33%] Building CXX object CMakeFiles/judas_interactable_tests.dir/src/Broadphase.cpp.o
[ 33%] Building CXX object CMakeFiles/judas_object_manipulation_tests.dir/src/SphericalVolume.cpp.o
[ 33%] Building CXX object CMakeFiles/judas_compound_body_tests.dir/src/ContactSolver.cpp.o
[ 33%] Building CXX object CMakeFiles/judas_object_manipulation_tests.dir/src/BoxVolume.cpp.o
[ 33%] Building CXX object CMakeFiles/judas_interactable_tests.dir/src/Narrowphase.cpp.o
[ 33%] Building CXX object CMakeFiles/judas_object_manipulation_tests.dir/src/GravityContextMap.cpp.o
[ 33%] Building CXX object CMakeFiles/judas_compound_body_tests.dir/src/RadialTerrain.cpp.o
[ 34%] Building CXX object CMakeFiles/judas_object_manipulation_tests.dir/src/PhysicsWorld.cpp.o
[ 34%] Building CXX object CMakeFiles/judas_world_coordinates_tests.dir/src/InputSystem.cpp.o
[ 35%] Building CXX object CMakeFiles/judas_compound_body_tests.dir/src/Broadphase.cpp.o
[ 35%] Building CXX object CMakeFiles/judas_compound_body_tests.dir/src/Narrowphase.cpp.o
[ 35%] Building CXX object CMakeFiles/judas_world_coordinates_tests.dir/src/StepClimb.cpp.o
[ 35%] Building CXX object CMakeFiles/judas_world_coordinates_tests.dir/src/PhysicsWorld.cpp.o
[ 35%] Building CXX object CMakeFiles/judas_interactable_tests.dir/src/PhysicsWorld.cpp.o
[ 35%] Building CXX object CMakeFiles/judas_compound_body_tests.dir/src/PhysicsWorld.cpp.o
[ 35%] Building CXX object CMakeFiles/judas_engine.dir/src/Classification.cpp.o
[ 35%] Building CXX object CMakeFiles/judas_engine.dir/src/GamePackage.cpp.o
[ 35%] Building CXX object CMakeFiles/judas_engine.dir/src/ProjectExporter.cpp.o
[ 35%] Building CXX object CMakeFiles/judas_player_curved_locomotion_tests.dir/src/JointSolver.cpp.o
[ 35%] Linking CXX executable judas_object_manipulation_tests
[ 35%] Built target judas_object_manipulation_tests
[ 35%] Building CXX object CMakeFiles/judas_player_curved_locomotion_tests.dir/src/PhysicsCastGeometry.cpp.o
[ 35%] Building CXX object CMakeFiles/judas_world_coordinates_tests.dir/src/JointSolver.cpp.o
[ 35%] Building CXX object CMakeFiles/judas_player_curved_locomotion_tests.dir/src/ImpactSolver.cpp.o
[ 35%] Building CXX object CMakeFiles/judas_fluid_world_tests.dir/tests/FluidWorldTests.cpp.o
[ 35%] Building CXX object CMakeFiles/judas_player_curved_locomotion_tests.dir/src/RigidBody.cpp.o
[ 35%] Building CXX object CMakeFiles/judas_world_coordinates_tests.dir/src/PhysicsCastGeometry.cpp.o
[ 36%] Building CXX object CMakeFiles/judas_player_curved_locomotion_tests.dir/src/RigidBodyGravity.cpp.o
[ 36%] Building CXX object CMakeFiles/judas_fluid_world_tests.dir/src/FluidWorld.cpp.o
[ 36%] Building CXX object CMakeFiles/judas_engine.dir/src/AudioData.cpp.o
[ 36%] Building CXX object CMakeFiles/judas_player_curved_locomotion_tests.dir/src/Contacts.cpp.o
[ 36%] Linking CXX executable judas_interactable_tests
[ 36%] Built target judas_interactable_tests
[ 36%] Building CXX object CMakeFiles/judas_world_coordinates_tests.dir/src/ImpactSolver.cpp.o
[ 36%] Building CXX object CMakeFiles/judas_player_curved_locomotion_tests.dir/src/ContactSolver.cpp.o
[ 36%] Building CXX object CMakeFiles/judas_engine.dir/src/AudioSystem.cpp.o
[ 37%] Building CXX object CMakeFiles/judas_world_coordinates_tests.dir/src/RigidBody.cpp.o
[ 37%] Building CXX object CMakeFiles/judas_engine.dir/src/WorldAudio.cpp.o
[ 37%] Building CXX object CMakeFiles/judas_world_coordinates_tests.dir/src/RigidBodyGravity.cpp.o
[ 37%] Building CXX object CMakeFiles/judas_world_coordinates_tests.dir/src/Contacts.cpp.o
[ 37%] Building CXX object CMakeFiles/judas_world_coordinates_tests.dir/src/ContactSolver.cpp.o
[ 37%] Linking CXX executable judas_compound_body_tests
[ 38%] Building CXX object CMakeFiles/judas_engine.dir/src/Window.cpp.o
[ 38%] Built target judas_compound_body_tests
[ 38%] Building CXX object CMakeFiles/judas_world_coordinates_tests.dir/src/RadialTerrain.cpp.o
[ 38%] Building CXX object CMakeFiles/judas_player_curved_locomotion_tests.dir/src/RadialTerrain.cpp.o
[ 38%] Building CXX object CMakeFiles/judas_fluid_world_tests.dir/src/JointSolver.cpp.o
[ 39%] Building CXX object CMakeFiles/judas_fluid_world_tests.dir/src/PhysicsCastGeometry.cpp.o
[ 39%] Building CXX object CMakeFiles/judas_fluid_rigid_coupling_tests.dir/tests/FluidRigidCouplingTests.cpp.o
[ 39%] Building CXX object CMakeFiles/judas_player_curved_locomotion_tests.dir/src/Broadphase.cpp.o
[ 39%] Building CXX object CMakeFiles/judas_player_curved_locomotion_tests.dir/src/Narrowphase.cpp.o
[ 39%] Building CXX object CMakeFiles/judas_engine.dir/src/InputSystem.cpp.o
[ 39%] Building CXX object CMakeFiles/judas_fluid_world_tests.dir/src/ImpactSolver.cpp.o
[ 39%] Building CXX object CMakeFiles/judas_fluid_world_tests.dir/src/RigidBody.cpp.o
[ 39%] Building CXX object CMakeFiles/judas_fluid_surface_tests.dir/tests/FluidSurfaceTests.cpp.o
[ 39%] Building CXX object CMakeFiles/judas_world_coordinates_tests.dir/src/Broadphase.cpp.o
[ 39%] Building CXX object CMakeFiles/judas_fluid_rigid_coupling_tests.dir/src/FluidWorld.cpp.o
[ 39%] Building CXX object CMakeFiles/judas_fluid_surface_tests.dir/src/FluidSurface.cpp.o
[ 39%] Building CXX object CMakeFiles/judas_fluid_world_tests.dir/src/RigidBodyGravity.cpp.o
[ 39%] Building CXX object CMakeFiles/judas_world_coordinates_tests.dir/src/Narrowphase.cpp.o
[ 39%] Building CXX object CMakeFiles/judas_fluid_world_tests.dir/src/Contacts.cpp.o
[ 39%] Linking CXX executable judas_fluid_surface_tests
[ 39%] Built target judas_fluid_surface_tests
[ 39%] Building CXX object CMakeFiles/judas_fluid_world_tests.dir/src/ContactSolver.cpp.o
[ 39%] Building CXX object CMakeFiles/judas_engine.dir/src/Renderer.cpp.o
[ 39%] Building CXX object CMakeFiles/judas_player_curved_locomotion_tests.dir/src/RadicalGravity.cpp.o
[ 39%] Building CXX object CMakeFiles/judas_fluid_rigid_coupling_tests.dir/src/ObjectManipulation.cpp.o
[ 39%] Building CXX object CMakeFiles/judas_world_coordinates_tests.dir/src/FaithfulGravity.cpp.o
[ 39%] Building CXX object CMakeFiles/judas_fluid_rigid_coupling_tests.dir/src/DynamicBody.cpp.o
[ 39%] Building CXX object CMakeFiles/judas_fluid_rigid_coupling_tests.dir/src/JointSolver.cpp.o
[ 39%] Linking CXX executable judas_player_curved_locomotion_tests
[ 39%] Built target judas_player_curved_locomotion_tests
[ 39%] Building CXX object CMakeFiles/judas_engine.dir/src/SkeletalAnimation.cpp.o
[ 39%] Building CXX object CMakeFiles/judas_terrain_physics_tests.dir/tests/TerrainPhysicsTests.cpp.o
[ 40%] Building CXX object CMakeFiles/judas_world_coordinates_tests.dir/src/RadicalGravity.cpp.o
[ 40%] Building CXX object CMakeFiles/judas_fluid_rigid_coupling_tests.dir/src/PhysicsCastGeometry.cpp.o
[ 40%] Building CXX object CMakeFiles/judas_fluid_world_tests.dir/src/RadialTerrain.cpp.o
[ 40%] Building CXX object CMakeFiles/judas_fluid_world_tests.dir/src/Broadphase.cpp.o
[ 40%] Building CXX object CMakeFiles/judas_world_coordinates_tests.dir/src/SphericalVolume.cpp.o
[ 40%] Building CXX object CMakeFiles/judas_world_coordinates_tests.dir/src/BoxVolume.cpp.o
[ 40%] Building CXX object CMakeFiles/judas_engine.dir/src/CharacterMotor.cpp.o
[ 40%] Building CXX object CMakeFiles/judas_world_coordinates_tests.dir/src/GravityContextMap.cpp.o
[ 41%] Building CXX object CMakeFiles/judas_fluid_world_tests.dir/src/Narrowphase.cpp.o
[ 41%] Building CXX object CMakeFiles/judas_terrain_fluid_tests.dir/tests/TerrainFluidTests.cpp.o
[ 41%] Building CXX object CMakeFiles/judas_fluid_rigid_coupling_tests.dir/src/ImpactSolver.cpp.o
[ 41%] Linking CXX executable judas_world_coordinates_tests
[ 41%] Built target judas_world_coordinates_tests
[ 42%] Building CXX object CMakeFiles/judas_fluid_rigid_coupling_tests.dir/src/RigidBody.cpp.o
[ 42%] Building CXX object CMakeFiles/judas_terrain_physics_tests.dir/src/TerrainDemo.cpp.o
[ 42%] Building CXX object CMakeFiles/judas_engine.dir/src/PlayerController.cpp.o
[ 42%] Building CXX object CMakeFiles/judas_engine.dir/src/PlayerView.cpp.o
[ 42%] Building CXX object CMakeFiles/judas_fluid_rigid_coupling_tests.dir/src/RigidBodyGravity.cpp.o
[ 42%] Building CXX object CMakeFiles/judas_terrain_physics_tests.dir/src/CharacterMotor.cpp.o
[ 42%] Building CXX object CMakeFiles/judas_fluid_rigid_coupling_tests.dir/src/Contacts.cpp.o
[ 42%] Building CXX object CMakeFiles/judas_fluid_rigid_coupling_tests.dir/src/ContactSolver.cpp.o
[ 42%] Building CXX object CMakeFiles/judas_terrain_physics_tests.dir/src/PlayerController.cpp.o
[ 42%] Building CXX object CMakeFiles/judas_terrain_physics_tests.dir/src/PlayerView.cpp.o
[ 43%] Building CXX object CMakeFiles/judas_terrain_fluid_tests.dir/src/TerrainDemo.cpp.o
[ 43%] Building CXX object CMakeFiles/judas_engine.dir/src/StepClimb.cpp.o
[ 44%] Building CXX object CMakeFiles/judas_engine.dir/src/DynamicBody.cpp.o
[ 44%] Building CXX object CMakeFiles/judas_terrain_fluid_tests.dir/src/FluidWorld.cpp.o
[ 44%] Building CXX object CMakeFiles/judas_terrain_fluid_tests.dir/src/JointSolver.cpp.o
[ 44%] Building CXX object CMakeFiles/judas_engine.dir/src/FlyingPrimitiveControl.cpp.o
[ 44%] Building CXX object CMakeFiles/judas_terrain_physics_tests.dir/src/LightTransforms.cpp.o
[ 45%] Building CXX object CMakeFiles/judas_terrain_physics_tests.dir/src/StepClimb.cpp.o
[ 45%] Building CXX object CMakeFiles/judas_terrain_physics_tests.dir/src/Window.cpp.o
[ 45%] Building CXX object CMakeFiles/judas_fluid_world_tests.dir/src/FaithfulGravity.cpp.o
[ 45%] Building CXX object CMakeFiles/judas_fluid_rigid_coupling_tests.dir/src/RadialTerrain.cpp.o
[ 45%] Building CXX object CMakeFiles/judas_terrain_physics_tests.dir/src/InputSystem.cpp.o
[ 45%] Building CXX object CMakeFiles/judas_fluid_world_tests.dir/src/RadicalGravity.cpp.o
[ 45%] Building CXX object CMakeFiles/judas_engine.dir/src/PilotAttachment.cpp.o
[ 45%] Building CXX object CMakeFiles/judas_fluid_rigid_coupling_tests.dir/src/Broadphase.cpp.o
[ 45%] Building CXX object CMakeFiles/judas_fluid_world_tests.dir/src/SphericalVolume.cpp.o
[ 45%] Building CXX object CMakeFiles/judas_fluid_world_tests.dir/src/BoxVolume.cpp.o
[ 45%] Building CXX object CMakeFiles/judas_engine.dir/src/PilotControl.cpp.o
[ 45%] Building CXX object CMakeFiles/judas_fluid_rigid_coupling_tests.dir/src/Narrowphase.cpp.o
[ 45%] Building CXX object CMakeFiles/judas_fluid_world_tests.dir/src/GravityContextMap.cpp.o
[ 45%] Building CXX object CMakeFiles/judas_engine.dir/src/ReferenceFrame.cpp.o
[ 45%] Building CXX object CMakeFiles/judas_terrain_physics_tests.dir/src/JointSolver.cpp.o
[ 45%] Building CXX object CMakeFiles/judas_fluid_world_tests.dir/src/PhysicsWorld.cpp.o
[ 45%] Building CXX object CMakeFiles/judas_engine.dir/src/ModelLoader.cpp.o
[ 45%] Building CXX object CMakeFiles/judas_terrain_fluid_tests.dir/src/PhysicsCastGeometry.cpp.o
[ 45%] Building CXX object CMakeFiles/judas_engine.dir/src/TextureLoader.cpp.o
[ 45%] Building CXX object CMakeFiles/judas_terrain_physics_tests.dir/src/PhysicsCastGeometry.cpp.o
[ 45%] Building CXX object CMakeFiles/judas_terrain_fluid_tests.dir/src/ImpactSolver.cpp.o
[ 45%] Building CXX object CMakeFiles/judas_terrain_physics_tests.dir/src/ImpactSolver.cpp.o
[ 45%] Building CXX object CMakeFiles/judas_terrain_fluid_tests.dir/src/RigidBody.cpp.o
[ 45%] Building CXX object CMakeFiles/judas_terrain_fluid_tests.dir/src/RigidBodyGravity.cpp.o
[ 45%] Building CXX object CMakeFiles/judas_terrain_fluid_tests.dir/src/Contacts.cpp.o
[ 45%] Building CXX object CMakeFiles/judas_terrain_physics_tests.dir/src/RigidBody.cpp.o
[ 45%] Building CXX object CMakeFiles/judas_terrain_physics_tests.dir/src/RigidBodyGravity.cpp.o
[ 45%] Building CXX object CMakeFiles/judas_terrain_physics_tests.dir/src/Contacts.cpp.o
[ 45%] Building CXX object CMakeFiles/judas_fluid_rigid_coupling_tests.dir/src/PhysicsWorld.cpp.o
[ 46%] Building CXX object CMakeFiles/judas_terrain_fluid_tests.dir/src/ContactSolver.cpp.o
[ 46%] Building CXX object CMakeFiles/judas_atmosphere_tests.dir/tests/AtmosphereTests.cpp.o
[ 46%] Building CXX object CMakeFiles/judas_terrain_fluid_tests.dir/src/RadialTerrain.cpp.o
[ 46%] Building CXX object CMakeFiles/judas_atmosphere_tests.dir/src/AtmosphereField.cpp.o
[ 47%] Building CXX object CMakeFiles/judas_terrain_physics_tests.dir/src/ContactSolver.cpp.o
[ 47%] Building CXX object CMakeFiles/judas_terrain_fluid_tests.dir/src/Broadphase.cpp.o
[ 47%] Building CXX object CMakeFiles/judas_atmosphere_tests.dir/src/ReferenceFrame.cpp.o
[ 48%] Building CXX object CMakeFiles/judas_atmosphere_tests.dir/src/TerrainDemo.cpp.o
[ 48%] Building CXX object CMakeFiles/judas_terrain_fluid_tests.dir/src/Narrowphase.cpp.o
[ 48%] Building CXX object CMakeFiles/judas_terrain_physics_tests.dir/src/RadialTerrain.cpp.o
[ 48%] Building CXX object CMakeFiles/judas_atmosphere_tests.dir/src/RadialTerrain.cpp.o
[ 48%] Linking CXX executable judas_fluid_world_tests
[ 48%] Built target judas_fluid_world_tests
[ 48%] Building CXX object CMakeFiles/judas_engine.dir/src/FontLoader.cpp.o
[ 48%] Building CXX object CMakeFiles/judas_terrain_physics_tests.dir/src/Broadphase.cpp.o
[ 48%] Linking CXX executable judas_atmosphere_tests
[ 48%] Built target judas_atmosphere_tests
[ 48%] Building CXX object CMakeFiles/judas_engine.dir/src/UIWidgets.cpp.o
[ 48%] Building CXX object CMakeFiles/judas_terrain_physics_tests.dir/src/Narrowphase.cpp.o
[ 48%] Building CXX object CMakeFiles/judas_terrain_fluid_tests.dir/src/FaithfulGravity.cpp.o
[ 48%] Building CXX object CMakeFiles/judas_terrain_physics_tests.dir/src/PhysicsWorld.cpp.o
[ 48%] Building CXX object CMakeFiles/judas_atmospheric_flight_tests.dir/tests/AtmosphericFlightTests.cpp.o
[ 48%] Building CXX object CMakeFiles/judas_terrain_fluid_tests.dir/src/RadicalGravity.cpp.o
[ 48%] Building CXX object CMakeFiles/judas_atmospheric_flight_tests.dir/src/AtmosphereField.cpp.o
[ 48%] Building CXX object CMakeFiles/judas_terrain_fluid_tests.dir/src/SphericalVolume.cpp.o
[ 49%] Linking CXX executable judas_fluid_rigid_coupling_tests
[ 49%] Built target judas_fluid_rigid_coupling_tests
[ 49%] Building CXX object CMakeFiles/judas_terrain_physics_tests.dir/src/RadicalGravity.cpp.o
[ 49%] Building CXX object CMakeFiles/judas_terrain_fluid_tests.dir/src/BoxVolume.cpp.o
[ 50%] Building CXX object CMakeFiles/judas_engine.dir/src/PauseMenu.cpp.o
[ 50%] Building CXX object CMakeFiles/judas_atmospheric_flight_tests.dir/src/AerodynamicDrag.cpp.o
[ 50%] Building CXX object CMakeFiles/judas_terrain_fluid_tests.dir/src/GravityContextMap.cpp.o
[ 50%] Building CXX object CMakeFiles/judas_combustion_tests.dir/tests/CombustionTests.cpp.o
[ 51%] Building CXX object CMakeFiles/judas_terrain_fluid_tests.dir/src/PhysicsWorld.cpp.o
[ 51%] Building CXX object CMakeFiles/judas_atmospheric_flight_tests.dir/src/ReferenceFrame.cpp.o
[ 51%] Building CXX object CMakeFiles/judas_engine.dir/src/HUD.cpp.o
[ 51%] Building CXX object CMakeFiles/judas_atmospheric_flight_tests.dir/src/CelestialGravity.cpp.o
[ 51%] Building CXX object CMakeFiles/judas_combustion_tests.dir/src/CombustionWorld.cpp.o
[ 52%] Building CXX object CMakeFiles/judas_atmospheric_flight_tests.dir/src/DynamicBody.cpp.o
[ 52%] Building CXX object CMakeFiles/judas_engine.dir/src/LightTransforms.cpp.o
[ 52%] Building CXX object CMakeFiles/judas_engine.dir/src/LightAttenuation.cpp.o
[ 52%] Building CXX object CMakeFiles/judas_engine.dir/src/ShadowTransforms.cpp.o
[ 52%] Building CXX object CMakeFiles/judas_atmospheric_flight_tests.dir/src/FlyingPrimitiveControl.cpp.o
[ 52%] Building CXX object CMakeFiles/judas_combustion_tests.dir/src/FirePresentation.cpp.o
[ 52%] Building CXX object CMakeFiles/judas_atmospheric_flight_tests.dir/src/Window.cpp.o
[ 52%] Building CXX object CMakeFiles/judas_engine.dir/src/HingeTransform.cpp.o
[ 52%] Building CXX object CMakeFiles/judas_combustion_tests.dir/src/AtmosphereField.cpp.o
[ 52%] Building CXX object CMakeFiles/judas_engine.dir/src/InteractionSystem.cpp.o
[ 52%] Building CXX object CMakeFiles/judas_engine.dir/src/ObjectManipulation.cpp.o
[ 52%] Building CXX object CMakeFiles/judas_combustion_tests.dir/src/TerrainDemo.cpp.o
[ 52%] Building CXX object CMakeFiles/judas_atmospheric_flight_tests.dir/src/InputSystem.cpp.o
[ 53%] Building CXX object CMakeFiles/judas_engine.dir/src/FluidWorld.cpp.o
[ 53%] Building CXX object CMakeFiles/judas_combustion_tests.dir/src/ReferenceFrame.cpp.o
[ 53%] Building CXX object CMakeFiles/judas_engine.dir/src/ProductionFluidCoupling.cpp.o
[ 53%] Building CXX object CMakeFiles/judas_combustion_tests.dir/src/CelestialGravity.cpp.o
[ 54%] Building CXX object CMakeFiles/judas_combustion_tests.dir/src/RadicalGravity.cpp.o
[ 54%] Building CXX object CMakeFiles/judas_combustion_tests.dir/src/FlyingPrimitiveControl.cpp.o
[ 54%] Building CXX object CMakeFiles/judas_atmospheric_flight_tests.dir/src/JointSolver.cpp.o
[ 54%] Linking CXX executable judas_terrain_physics_tests
[ 54%] Built target judas_terrain_physics_tests
[ 54%] Building CXX object CMakeFiles/judas_engine.dir/src/FluidHydrostatics.cpp.o
[ 54%] Building CXX object CMakeFiles/judas_combustion_tests.dir/src/Window.cpp.o
[ 54%] Building CXX object CMakeFiles/judas_atmospheric_flight_tests.dir/src/PhysicsCastGeometry.cpp.o
[ 54%] Building CXX object CMakeFiles/judas_engine.dir/src/FluidSurface.cpp.o
[ 54%] Building CXX object CMakeFiles/judas_atmospheric_flight_tests.dir/src/ImpactSolver.cpp.o
[ 54%] Building CXX object CMakeFiles/judas_combustion_tests.dir/src/InputSystem.cpp.o
[ 54%] Building CXX object CMakeFiles/judas_combustion_tests.dir/src/JointSolver.cpp.o
[ 54%] Building CXX object CMakeFiles/judas_engine.dir/src/CombustionWorld.cpp.o
[ 54%] Building CXX object CMakeFiles/judas_engine.dir/src/FirePresentation.cpp.o
[ 54%] Building CXX object CMakeFiles/judas_atmospheric_flight_tests.dir/src/RigidBody.cpp.o
[ 54%] Building CXX object CMakeFiles/judas_atmospheric_flight_tests.dir/src/RigidBodyGravity.cpp.o
[ 54%] Building CXX object CMakeFiles/judas_engine.dir/src/TerrainDemo.cpp.o
[ 55%] Building CXX object CMakeFiles/judas_atmospheric_flight_tests.dir/src/Contacts.cpp.o
[ 55%] Building CXX object CMakeFiles/judas_combustion_tests.dir/src/PhysicsCastGeometry.cpp.o
[ 55%] Building CXX object CMakeFiles/judas_engine.dir/src/TerrainLibrary.cpp.o
[ 56%] Building CXX object CMakeFiles/judas_engine.dir/src/Door.cpp.o
[ 56%] Building CXX object CMakeFiles/judas_engine.dir/src/LightSwitch.cpp.o
[ 56%] Linking CXX executable judas_terrain_fluid_tests
[ 56%] Building CXX object CMakeFiles/judas_engine.dir/src/FaithfulGravity.cpp.o
[ 56%] Built target judas_terrain_fluid_tests
[ 56%] Building CXX object CMakeFiles/judas_atmospheric_flight_tests.dir/src/ContactSolver.cpp.o
[ 56%] Building CXX object CMakeFiles/judas_engine.dir/src/RadicalGravity.cpp.o
[ 56%] Building CXX object CMakeFiles/judas_combustion_tests.dir/src/ImpactSolver.cpp.o
[ 56%] Building CXX object CMakeFiles/judas_combustion_tests.dir/src/RigidBody.cpp.o
[ 56%] Building CXX object CMakeFiles/judas_atmospheric_flight_tests.dir/src/RadialTerrain.cpp.o
[ 56%] Building CXX object CMakeFiles/judas_engine.dir/src/SphericalVolume.cpp.o
[ 56%] Building CXX object CMakeFiles/judas_atmospheric_flight_tests.dir/src/Broadphase.cpp.o
[ 56%] Building CXX object CMakeFiles/judas_engine.dir/src/BoxVolume.cpp.o
[ 57%] Building CXX object CMakeFiles/judas_combustion_tests.dir/src/RigidBodyGravity.cpp.o
[ 57%] Building CXX object CMakeFiles/judas_engine.dir/src/GravityContextMap.cpp.o
[ 57%] Building CXX object CMakeFiles/judas_engine.dir/src/CelestialGravity.cpp.o
[ 57%] Building CXX object CMakeFiles/judas_combustion_tests.dir/src/Contacts.cpp.o
[ 57%] Building CXX object CMakeFiles/judas_atmospheric_flight_tests.dir/src/Narrowphase.cpp.o
[ 57%] Building CXX object CMakeFiles/judas_engine.dir/src/AtmosphereField.cpp.o
[ 57%] Building CXX object CMakeFiles/judas_atmospheric_flight_tests.dir/src/PhysicsWorld.cpp.o
[ 57%] Building CXX object CMakeFiles/judas_combustion_tests.dir/src/ContactSolver.cpp.o
[ 58%] Building CXX object CMakeFiles/judas_engine.dir/src/AerodynamicDrag.cpp.o
[ 58%] Building CXX object CMakeFiles/judas_engine.dir/src/VisualParticles.cpp.o
[ 58%] Building CXX object CMakeFiles/judas_engine.dir/src/Prefab.cpp.o
[ 58%] Building CXX object CMakeFiles/judas_combustion_tests.dir/src/RadialTerrain.cpp.o
[ 58%] Building CXX object CMakeFiles/judas_engine.dir/src/Scene.cpp.o
[ 58%] Building CXX object CMakeFiles/judas_combustion_tests.dir/src/Broadphase.cpp.o
[ 58%] Building CXX object CMakeFiles/judas_engine.dir/src/Ragdoll.cpp.o
[ 58%] Building CXX object CMakeFiles/judas_combustion_tests.dir/src/Narrowphase.cpp.o
[ 58%] Building CXX object CMakeFiles/judas_engine.dir/src/SceneSerialization.cpp.o
[ 58%] Building CXX object CMakeFiles/judas_combustion_tests.dir/src/PhysicsWorld.cpp.o
[ 58%] Building CXX object CMakeFiles/judas_engine.dir/src/SceneFingerprint.cpp.o
[ 58%] Building CXX object CMakeFiles/judas_engine.dir/src/Project.cpp.o
[ 59%] Building CXX object CMakeFiles/judas_engine.dir/src/AssetDatabase.cpp.o
[ 59%] Linking CXX executable judas_atmospheric_flight_tests
[ 59%] Built target judas_atmospheric_flight_tests
[ 59%] Building CXX object CMakeFiles/judas_engine.dir/src/JobSystem.cpp.o
[ 59%] Building CXX object CMakeFiles/judas_engine.dir/src/AsyncFile.cpp.o
[ 59%] Building CXX object CMakeFiles/judas_engine.dir/src/ResourceManager.cpp.o
[ 59%] Building CXX object CMakeFiles/judas_engine.dir/src/EnginePaths.cpp.o
[ 59%] Building CXX object CMakeFiles/judas_engine.dir/src/DebugDraw.cpp.o
[ 59%] Building CXX object CMakeFiles/judas_engine.dir/src/WorldDebugView.cpp.o
[ 59%] Building CXX object CMakeFiles/judas_engine.dir/src/SceneSession.cpp.o
[ 59%] Building CXX object CMakeFiles/judas_engine.dir/src/RuntimeWorld.cpp.o
[ 60%] Building CXX object CMakeFiles/judas_engine.dir/src/GameSession.cpp.o
[ 60%] Building CXX object CMakeFiles/judas_engine.dir/src/Simulation.cpp.o
[ 60%] Linking CXX executable judas_combustion_tests
[ 60%] Built target judas_combustion_tests
[ 60%] Building CXX object CMakeFiles/judas_engine.dir/src/WorldPresentation.cpp.o
[ 60%] Building CXX object CMakeFiles/judas_engine.dir/src/GameplayHud.cpp.o
[ 60%] Building CXX object CMakeFiles/judas_engine.dir/src/EngineHost.cpp.o
[ 60%] Building CXX object CMakeFiles/judas_engine.dir/src/InteractivePlay.cpp.o
[ 60%] Building CXX object CMakeFiles/judas_engine.dir/src/ScreenshotWriter.cpp.o
[ 60%] Building CXX object CMakeFiles/judas_engine.dir/src/FidelityPolicy.cpp.o
[ 61%] Building CXX object CMakeFiles/judas_engine.dir/src/CoarseSimulation.cpp.o
[ 61%] Building CXX object CMakeFiles/judas_engine.dir/src/WorldState.cpp.o
[ 61%] Building CXX object CMakeFiles/judas_engine.dir/src/JointSolver.cpp.o
[ 61%] Building CXX object CMakeFiles/judas_engine.dir/src/PhysicsCastGeometry.cpp.o
[ 61%] Building CXX object CMakeFiles/judas_engine.dir/src/ImpactSolver.cpp.o
[ 61%] Building CXX object CMakeFiles/judas_engine.dir/src/RigidBody.cpp.o
[ 61%] Building CXX object CMakeFiles/judas_engine.dir/src/RigidBodyGravity.cpp.o
[ 61%] Building CXX object CMakeFiles/judas_engine.dir/src/Contacts.cpp.o
[ 61%] Building CXX object CMakeFiles/judas_engine.dir/src/ContactSolver.cpp.o
[ 62%] Building CXX object CMakeFiles/judas_engine.dir/src/RadialTerrain.cpp.o
[ 62%] Building CXX object CMakeFiles/judas_engine.dir/src/Broadphase.cpp.o
[ 62%] Building CXX object CMakeFiles/judas_engine.dir/src/Narrowphase.cpp.o
[ 62%] Building CXX object CMakeFiles/judas_engine.dir/src/PhysicsWorld.cpp.o
[ 62%] Linking CXX static library libjudas_engine.a
[ 62%] Built target judas_engine
[ 63%] Building CXX object CMakeFiles/judas_resource_stress.dir/tools/ResourceStress.cpp.o
[ 63%] Building CXX object CMakeFiles/judas_lifecycle_tests.dir/tests/LifecycleTests.cpp.o
[ 64%] Building CXX object CMakeFiles/judas_scene_author.dir/tools/SceneAuthor.cpp.o
[ 64%] Building CXX object CMakeFiles/judas.dir/src/main.cpp.o
[ 64%] Building CXX object CMakeFiles/judas_navigation_baker.dir/src/NavigationBake.cpp.o
[ 64%] Building CXX object CMakeFiles/judas_scene_tests.dir/tests/SceneTests.cpp.o
[ 64%] Building CXX object CMakeFiles/judas.dir/src/Application.cpp.o
[ 64%] Building CXX object CMakeFiles/judas_navigation_baker.dir/third_party/recastnavigation/Recast/Source/Recast.cpp.o
[ 65%] Building CXX object CMakeFiles/judas_navigation_baker.dir/third_party/recastnavigation/Recast/Source/RecastAlloc.cpp.o
[ 65%] Building CXX object CMakeFiles/judas_navigation_baker.dir/third_party/recastnavigation/Recast/Source/RecastArea.cpp.o
[ 65%] Building CXX object CMakeFiles/judas_navigation_baker.dir/third_party/recastnavigation/Recast/Source/RecastAssert.cpp.o
[ 65%] Building CXX object CMakeFiles/judas_navigation_baker.dir/third_party/recastnavigation/Recast/Source/RecastContour.cpp.o
[ 65%] Linking CXX executable judas_scene_tests
[ 65%] Built target judas_scene_tests
[ 65%] Building CXX object CMakeFiles/judas_navigation_baker.dir/third_party/recastnavigation/Recast/Source/RecastFilter.cpp.o
[ 65%] Building CXX object CMakeFiles/judas.dir/src/RuntimeOptions.cpp.o
[ 65%] Building CXX object CMakeFiles/judas_navigation_baker.dir/third_party/recastnavigation/Recast/Source/RecastLayers.cpp.o
[ 65%] Linking CXX executable judas_scene_author
[ 65%] Built target judas_scene_author
[ 65%] Building CXX object CMakeFiles/judas_navigation_baker.dir/third_party/recastnavigation/Recast/Source/RecastMesh.cpp.o
[ 65%] Building CXX object CMakeFiles/judas_navigation_baker.dir/third_party/recastnavigation/Recast/Source/RecastMeshDetail.cpp.o
[ 65%] Building CXX object CMakeFiles/judas_project_tests.dir/tests/ProjectTests.cpp.o
[ 65%] Linking CXX executable judas_lifecycle_tests
[ 65%] Built target judas_lifecycle_tests
[ 65%] Building CXX object CMakeFiles/judas_job_tests.dir/tests/JobTests.cpp.o
[ 65%] Linking CXX executable judas_resource_stress
[ 65%] Building CXX object CMakeFiles/judas_asset_tests.dir/tests/AssetTests.cpp.o
[ 65%] Built target judas_resource_stress
[ 65%] Building CXX object CMakeFiles/judas.dir/src/RuntimeDiagnostics.cpp.o
[ 65%] Building CXX object CMakeFiles/judas.dir/src/TestHarness.cpp.o
[ 66%] Building CXX object CMakeFiles/judas_navigation_baker.dir/third_party/recastnavigation/Recast/Source/RecastRasterization.cpp.o
[ 66%] Building CXX object CMakeFiles/judas_navigation_baker.dir/third_party/recastnavigation/Recast/Source/RecastRegion.cpp.o
[ 66%] Linking CXX executable judas_asset_tests
[ 66%] Built target judas_asset_tests
[ 67%] Building CXX object CMakeFiles/judas_project_tests.dir/src/editor/GizmoMath.cpp.o
[ 67%] Building CXX object CMakeFiles/judas_project_tests.dir/src/editor/EditorHistory.cpp.o
[ 67%] Building CXX object CMakeFiles/judas_scene_fingerprint_tests.dir/tests/SceneFingerprintTests.cpp.o
[ 67%] Linking CXX static library libjudas_navigation_baker.a
[ 67%] Built target judas_navigation_baker
[ 67%] Building CXX object CMakeFiles/judas_world_state_tests.dir/tests/WorldStateTests.cpp.o
[ 67%] Linking CXX executable judas_job_tests
[ 67%] Built target judas_job_tests
[ 68%] Building CXX object CMakeFiles/judas_async_application_tests.dir/tests/AsyncApplicationTests.cpp.o
[ 68%] Linking CXX executable judas
[ 68%] Built target judas
[ 68%] Building CXX object CMakeFiles/judas_async_application_tests.dir/src/Application.cpp.o
[ 68%] Building CXX object CMakeFiles/judas_async_application_tests.dir/src/RuntimeOptions.cpp.o
[ 68%] Linking CXX executable judas_project_tests
[ 68%] Built target judas_project_tests
[ 68%] Building CXX object CMakeFiles/judas_async_application_tests.dir/src/RuntimeDiagnostics.cpp.o
[ 68%] Building CXX object CMakeFiles/judas_async_application_tests.dir/src/TestHarness.cpp.o
[ 68%] Building CXX object CMakeFiles/judas_uniform_gravity_scene_tests.dir/tests/UniformGravitySceneTests.cpp.o
[ 68%] Linking CXX executable judas_scene_fingerprint_tests
[ 68%] Built target judas_scene_fingerprint_tests
[ 68%] Building CXX object CMakeFiles/judas_contact_geometry_tests.dir/tests/ContactGeometryProbe.cpp.o
[ 68%] Building CXX object CMakeFiles/judas_contact_lifecycle_tests.dir/tests/ContactLifecycleTests.cpp.o
[ 68%] Building CXX object CMakeFiles/judas_contact_cache_tests.dir/tests/ContactCacheTests.cpp.o
[ 68%] Linking CXX executable judas_contact_geometry_tests
[ 68%] Linking CXX executable judas_async_application_tests
[ 68%] Built target judas_contact_geometry_tests
[ 68%] Building CXX object CMakeFiles/judas_contact_storage_tests.dir/tests/ContactStorageTests.cpp.o
[ 68%] Built target judas_async_application_tests
[ 68%] Building CXX object CMakeFiles/judas_timing_defect_probe.dir/tests/TimingDefectProbe.cpp.o
[ 68%] Linking CXX executable judas_world_state_tests
[ 68%] Linking CXX executable judas_contact_storage_tests
[ 68%] Linking CXX executable judas_timing_defect_probe
[ 68%] Built target judas_contact_storage_tests
[ 68%] Building CXX object CMakeFiles/judas_rigid_motion_tests.dir/tests/RigidMotionTests.cpp.o
[ 68%] Built target judas_timing_defect_probe
[ 68%] Built target judas_world_state_tests
[ 68%] Building CXX object CMakeFiles/judas_poisson_policy_witness.dir/tests/PoissonPolicyWitness.cpp.o
[ 69%] Building CXX object CMakeFiles/judas_impact_solver_tests.dir/tests/ImpactSolverTests.cpp.o
[ 69%] Linking CXX executable judas_contact_cache_tests
[ 69%] Built target judas_contact_cache_tests
[ 69%] Building CXX object CMakeFiles/judas_impact_timing_tests.dir/tests/ImpactTimingTests.cpp.o
[ 70%] Linking CXX executable judas_contact_lifecycle_tests
[ 70%] Built target judas_contact_lifecycle_tests
[ 70%] Linking CXX executable judas_rigid_motion_tests
[ 70%] Building CXX object CMakeFiles/judas_project_application_tests.dir/tests/ProjectApplicationTests.cpp.o
[ 70%] Built target judas_rigid_motion_tests
[ 70%] Building CXX object CMakeFiles/judas_lifecycle_integration_tests.dir/tests/LifecycleIntegrationTests.cpp.o
[ 70%] Linking CXX executable judas_impact_solver_tests
[ 70%] Built target judas_impact_solver_tests
[ 70%] Building CXX object CMakeFiles/judas_asset_integrity_tests.dir/tests/AssetIntegrityTests.cpp.o
[ 70%] Linking CXX executable judas_uniform_gravity_scene_tests
[ 71%] Linking CXX executable judas_poisson_policy_witness
[ 71%] Built target judas_poisson_policy_witness
[ 71%] Building CXX object CMakeFiles/judas_coarse_celestial_tests.dir/tests/CoarseCelestialTests.cpp.o
[ 71%] Built target judas_uniform_gravity_scene_tests
[ 71%] Building CXX object CMakeFiles/judas_orbital_integrity_tests.dir/tests/OrbitalIntegrityTests.cpp.o
[ 71%] Linking CXX executable judas_impact_timing_tests
[ 71%] Built target judas_impact_timing_tests
[ 71%] Building CXX object CMakeFiles/judas_project_application_tests.dir/src/Application.cpp.o
[ 71%] Linking CXX executable judas_asset_integrity_tests
[ 71%] Built target judas_asset_integrity_tests
[ 71%] Building CXX object CMakeFiles/judas_project_application_tests.dir/src/RuntimeOptions.cpp.o
[ 71%] Building CXX object CMakeFiles/judas_project_application_tests.dir/src/RuntimeDiagnostics.cpp.o
[ 71%] Linking CXX executable judas_coarse_celestial_tests
[ 71%] Built target judas_coarse_celestial_tests
[ 71%] Building CXX object CMakeFiles/judas_project_application_tests.dir/src/TestHarness.cpp.o
[ 72%] Linking CXX executable judas_lifecycle_integration_tests
[ 72%] Linking CXX executable judas_orbital_integrity_tests
[ 72%] Built target judas_lifecycle_integration_tests
[ 73%] Building CXX object CMakeFiles/judas_spacecraft_frame_integration_tests.dir/tests/SpacecraftFrameIntegrationTests.cpp.o
[ 73%] Built target judas_orbital_integrity_tests
[ 73%] Building CXX object CMakeFiles/judas_thermal_accounting_tests.dir/tests/ThermalAccountingTests.cpp.o
[ 74%] Building CXX object CMakeFiles/judas_combustion_integration_tests.dir/tests/CombustionIntegrationTests.cpp.o
[ 74%] Building CXX object CMakeFiles/judas_player_swimming_tests.dir/tests/PlayerSwimmingTests.cpp.o
[ 75%] Building CXX object CMakeFiles/judas_fluid_metadata_tests.dir/tests/FluidMetadataTests.cpp.o
[ 75%] Linking CXX executable judas_player_swimming_tests
[ 76%] Linking CXX executable judas_project_application_tests
[ 76%] Linking CXX executable judas_thermal_accounting_tests
[ 76%] Built target judas_player_swimming_tests
[ 76%] Building CXX object CMakeFiles/judas_fluid_hydrostatics_tests.dir/tests/FluidHydrostaticsTests.cpp.o
[ 76%] Built target judas_thermal_accounting_tests
[ 76%] Building CXX object CMakeFiles/judas_production_fluid_tests.dir/tests/ProductionFluidTests.cpp.o
[ 76%] Built target judas_project_application_tests
[ 76%] Building CXX object CMakeFiles/judas_fluid_container_integration_tests.dir/tests/FluidContainerIntegrationTests.cpp.o
[ 76%] Linking CXX executable judas_combustion_integration_tests
[ 76%] Linking CXX executable judas_fluid_hydrostatics_tests
[ 76%] Built target judas_fluid_hydrostatics_tests
[ 77%] Building CXX object CMakeFiles/judas_player_fluid_integration_tests.dir/tests/PlayerFluidIntegrationTests.cpp.o
[ 77%] Linking CXX executable judas_spacecraft_frame_integration_tests
[ 77%] Built target judas_combustion_integration_tests
[ 77%] Building CXX object CMakeFiles/judas_fluid_cavity_impact_tests.dir/tests/FluidCavityImpactTests.cpp.o
[ 77%] Linking CXX executable judas_fluid_metadata_tests
[ 77%] Built target judas_spacecraft_frame_integration_tests
[ 77%] Building CXX object CMakeFiles/judas_fluid_smoothing_budget_tests.dir/tests/FluidSmoothingBudgetTests.cpp.o
[ 77%] Built target judas_fluid_metadata_tests
[ 77%] Building CXX object CMakeFiles/judas_fluid_boundary_contact_tests.dir/tests/FluidBoundaryContactTests.cpp.o
[ 77%] Linking CXX executable judas_fluid_smoothing_budget_tests
[ 77%] Built target judas_fluid_smoothing_budget_tests
[ 77%] Building CXX object CMakeFiles/judas_particle_contact_batch_tests.dir/tests/ParticleContactBatchTests.cpp.o
[ 77%] Linking CXX executable judas_fluid_boundary_contact_tests
[ 77%] Built target judas_fluid_boundary_contact_tests
[ 77%] Building CXX object CMakeFiles/judas_production_fluid_performance.dir/tests/ProductionFluidPerformance.cpp.o
[ 78%] Linking CXX executable judas_particle_contact_batch_tests
[ 78%] Built target judas_particle_contact_batch_tests
[ 78%] Building CXX object CMakeFiles/judas_render_camera_tests.dir/tests/RenderCameraTests.cpp.o
[ 78%] Linking CXX executable judas_production_fluid_tests
[ 78%] Linking CXX executable judas_fluid_container_integration_tests
[ 78%] Built target judas_production_fluid_tests
[ 78%] Building CXX object CMakeFiles/judas_audio_tests.dir/tests/AudioTests.cpp.o
[ 78%] Linking CXX executable judas_fluid_cavity_impact_tests
[ 78%] Built target judas_fluid_container_integration_tests
[ 78%] Building CXX object CMakeFiles/judas_input_tests.dir/tests/InputTests.cpp.o
[ 78%] Built target judas_fluid_cavity_impact_tests
[ 78%] Building CXX object CMakeFiles/judas_render_camera_tests.dir/src/editor/EditorHistory.cpp.o
[ 78%] Linking CXX executable judas_production_fluid_performance
[ 78%] Built target judas_production_fluid_performance
[ 78%] Building CXX object CMakeFiles/judas_prefab_tests.dir/tests/PrefabTests.cpp.o
[ 78%] Linking CXX executable judas_player_fluid_integration_tests
[ 78%] Built target judas_player_fluid_integration_tests
[ 78%] Building CXX object CMakeFiles/judas_prefab_tests.dir/src/editor/EditorHistory.cpp.o
[ 78%] Building CXX object CMakeFiles/judas_audio_tests.dir/src/editor/EditorHistory.cpp.o
[ 78%] Linking CXX executable judas_input_tests
[ 78%] Built target judas_input_tests
[ 78%] Building CXX object CMakeFiles/judas_prefab_application_tests.dir/tests/PrefabApplicationTests.cpp.o
[ 78%] Building CXX object CMakeFiles/judas_visual_particle_tests.dir/tests/VisualParticleTests.cpp.o
[ 78%] Linking CXX executable judas_render_camera_tests
[ 78%] Building CXX object CMakeFiles/judas_prefab_application_tests.dir/src/Application.cpp.o
[ 78%] Built target judas_render_camera_tests
[ 78%] Building CXX object CMakeFiles/judas_particle_application_tests.dir/tests/ParticleApplicationTests.cpp.o
[ 78%] Building CXX object CMakeFiles/judas_visual_particle_tests.dir/src/editor/EditorHistory.cpp.o
[ 79%] Linking CXX executable judas_prefab_tests
[ 79%] Linking CXX executable judas_audio_tests
[ 79%] Built target judas_prefab_tests
[ 79%] Building CXX object CMakeFiles/judas_particle_application_tests.dir/src/Application.cpp.o
[ 79%] Built target judas_audio_tests
[ 79%] Building CXX object CMakeFiles/judas_prefab_application_tests.dir/src/RuntimeOptions.cpp.o
[ 79%] Building CXX object CMakeFiles/judas_particle_application_tests.dir/src/RuntimeOptions.cpp.o
[ 79%] Building CXX object CMakeFiles/judas_export.dir/src/ExportMain.cpp.o
[ 79%] Building CXX object CMakeFiles/judas_prefab_application_tests.dir/src/RuntimeDiagnostics.cpp.o
[ 79%] Building CXX object CMakeFiles/judas_export_tests.dir/tests/ExportTests.cpp.o
[ 79%] Building CXX object CMakeFiles/judas_package_application_tests.dir/tests/PackageApplicationTests.cpp.o
[ 79%] Linking CXX executable judas_export
[ 79%] Built target judas_export
[ 79%] Building CXX object CMakeFiles/judas_prefab_application_tests.dir/src/TestHarness.cpp.o
[ 79%] Building CXX object CMakeFiles/judas_particle_application_tests.dir/src/RuntimeDiagnostics.cpp.o
[ 79%] Building CXX object CMakeFiles/judas_package_application_tests.dir/src/Application.cpp.o
[ 79%] Linking CXX executable judas_visual_particle_tests
[ 79%] Built target judas_visual_particle_tests
[ 79%] Building CXX object CMakeFiles/judas_particle_application_tests.dir/src/TestHarness.cpp.o
[ 80%] Linking CXX executable judas_export_tests
[ 80%] Built target judas_export_tests
[ 80%] Building CXX object CMakeFiles/judas_classification_tests.dir/tests/ClassificationTests.cpp.o
[ 80%] Building CXX object CMakeFiles/judas_package_application_tests.dir/src/RuntimeOptions.cpp.o
[ 80%] Linking CXX executable judas_prefab_application_tests
[ 80%] Built target judas_prefab_application_tests
[ 80%] Building CXX object CMakeFiles/judas_package_application_tests.dir/src/RuntimeDiagnostics.cpp.o
[ 80%] Building CXX object CMakeFiles/judas_script_tests.dir/tests/ScriptTests.cpp.o
[ 80%] Building CXX object CMakeFiles/judas_classification_tests.dir/src/editor/EditorHistory.cpp.o
[ 80%] Linking CXX executable judas_particle_application_tests
[ 80%] Built target judas_particle_application_tests
[ 80%] Building CXX object CMakeFiles/judas_script_application_tests.dir/tests/ScriptApplicationTests.cpp.o
[ 80%] Building CXX object CMakeFiles/judas_runtime_ui_tests.dir/tests/RuntimeUITests.cpp.o
[ 81%] Building CXX object CMakeFiles/judas_package_application_tests.dir/src/TestHarness.cpp.o
[ 81%] Building CXX object CMakeFiles/judas_script_application_tests.dir/src/Application.cpp.o
[ 81%] Linking CXX executable judas_script_tests
[ 81%] Built target judas_script_tests
[ 81%] Building CXX object CMakeFiles/judas_script_application_tests.dir/src/RuntimeOptions.cpp.o
[ 81%] Linking CXX executable judas_classification_tests
[ 81%] Linking CXX executable judas_package_application_tests
[ 81%] Built target judas_classification_tests
[ 82%] Building CXX object CMakeFiles/judas_runtime_ui_application_tests.dir/tests/RuntimeUIApplicationTests.cpp.o
[ 82%] Built target judas_package_application_tests
[ 82%] Building CXX object CMakeFiles/judas_runtime_ui_application_tests.dir/src/Application.cpp.o
[ 83%] Building CXX object CMakeFiles/judas_touch_event_tests.dir/tests/TouchEventTests.cpp.o
[ 83%] Linking CXX executable judas_runtime_ui_tests
[ 83%] Built target judas_runtime_ui_tests
[ 83%] Building CXX object CMakeFiles/judas_runtime_ui_application_tests.dir/src/RuntimeOptions.cpp.o
[ 83%] Building CXX object CMakeFiles/judas_script_application_tests.dir/src/RuntimeDiagnostics.cpp.o
[ 83%] Building CXX object CMakeFiles/judas_script_application_tests.dir/src/TestHarness.cpp.o
[ 83%] Linking CXX executable judas_touch_event_tests
[ 83%] Building CXX object CMakeFiles/judas_touch_application_tests.dir/tests/TouchApplicationTests.cpp.o
[ 83%] Built target judas_touch_event_tests
[ 83%] Building CXX object CMakeFiles/judas_touch_application_tests.dir/src/Application.cpp.o
[ 83%] Building CXX object CMakeFiles/judas_runtime_ui_application_tests.dir/src/RuntimeDiagnostics.cpp.o
[ 83%] Building CXX object CMakeFiles/judas_scene_transition_tests.dir/tests/SceneTransitionTests.cpp.o
[ 83%] Building CXX object CMakeFiles/judas_runtime_ui_application_tests.dir/src/TestHarness.cpp.o
[ 83%] Building CXX object CMakeFiles/judas_touch_application_tests.dir/src/RuntimeOptions.cpp.o
[ 84%] Linking CXX executable judas_script_application_tests
[ 84%] Built target judas_script_application_tests
[ 84%] Building CXX object CMakeFiles/judas_scene_transition_tests.dir/src/Application.cpp.o
[ 84%] Linking CXX executable judas_runtime_ui_application_tests
[ 84%] Building CXX object CMakeFiles/judas_touch_application_tests.dir/src/RuntimeDiagnostics.cpp.o
[ 84%] Building CXX object CMakeFiles/judas_physics_cast_tests.dir/tests/PhysicsCastTests.cpp.o
[ 84%] Built target judas_runtime_ui_application_tests
[ 84%] Building CXX object CMakeFiles/judas_physics_cast_application_tests.dir/tests/PhysicsCastApplicationTests.cpp.o
[ 84%] Building CXX object CMakeFiles/judas_joint_tests.dir/tests/JointTests.cpp.o
[ 84%] Linking CXX executable judas_joint_tests
[ 84%] Built target judas_joint_tests
[ 85%] Linking CXX executable judas_physics_cast_tests
[ 85%] Building CXX object CMakeFiles/judas_touch_application_tests.dir/src/TestHarness.cpp.o
[ 85%] Built target judas_physics_cast_tests
[ 85%] Building CXX object CMakeFiles/judas_physics_cast_application_tests.dir/src/Application.cpp.o
[ 85%] Building CXX object CMakeFiles/judas_joint_authoring_tests.dir/tests/JointAuthoringTests.cpp.o
[ 85%] Building CXX object CMakeFiles/judas_scene_transition_tests.dir/src/RuntimeOptions.cpp.o
[ 86%] Building CXX object CMakeFiles/judas_scene_transition_tests.dir/src/RuntimeDiagnostics.cpp.o
[ 86%] Building CXX object CMakeFiles/judas_physics_cast_application_tests.dir/src/RuntimeOptions.cpp.o
[ 86%] Building CXX object CMakeFiles/judas_joint_application_tests.dir/tests/JointApplicationTests.cpp.o
[ 86%] Linking CXX executable judas_touch_application_tests
[ 86%] Built target judas_touch_application_tests
[ 86%] Building CXX object CMakeFiles/judas_physics_cast_application_tests.dir/src/RuntimeDiagnostics.cpp.o
[ 86%] Linking CXX executable judas_joint_authoring_tests
[ 86%] Building CXX object CMakeFiles/judas_scene_transition_tests.dir/src/TestHarness.cpp.o
[ 86%] Built target judas_joint_authoring_tests
[ 86%] Building CXX object CMakeFiles/judas_physics_cast_application_tests.dir/src/TestHarness.cpp.o
[ 86%] Building CXX object CMakeFiles/judas_joint_application_tests.dir/src/Application.cpp.o
[ 86%] Building CXX object CMakeFiles/judas_skeletal_animation_tests.dir/tests/SkeletalAnimationTests.cpp.o
[ 86%] Building CXX object CMakeFiles/judas_joint_application_tests.dir/src/RuntimeOptions.cpp.o
[ 86%] Building CXX object CMakeFiles/judas_animation_application_tests.dir/tests/AnimationApplicationTests.cpp.o
[ 86%] Linking CXX executable judas_physics_cast_application_tests
[ 86%] Built target judas_physics_cast_application_tests
[ 87%] Building CXX object CMakeFiles/judas_joint_application_tests.dir/src/RuntimeDiagnostics.cpp.o
[ 87%] Linking CXX executable judas_scene_transition_tests
[ 87%] Building CXX object CMakeFiles/judas_animation_application_tests.dir/src/Application.cpp.o
[ 87%] Built target judas_scene_transition_tests
[ 87%] Building CXX object CMakeFiles/judas_joint_application_tests.dir/src/TestHarness.cpp.o
[ 88%] Building CXX object CMakeFiles/judas_animation_application_tests.dir/src/RuntimeOptions.cpp.o
[ 88%] Building CXX object CMakeFiles/judas_pose_composition_tests.dir/tests/PoseCompositionTests.cpp.o
[ 89%] Linking CXX executable judas_skeletal_animation_tests
[ 89%] Built target judas_skeletal_animation_tests
[ 89%] Building CXX object CMakeFiles/judas_pose_composition_application_tests.dir/tests/PoseCompositionApplicationTests.cpp.o
[ 89%] Building CXX object CMakeFiles/judas_ragdoll_tests.dir/tests/RagdollTests.cpp.o
[ 89%] Building CXX object CMakeFiles/judas_ragdoll_application_tests.dir/tests/RagdollApplicationTests.cpp.o
[ 89%] Linking CXX executable judas_joint_application_tests
[ 89%] Built target judas_joint_application_tests
[ 89%] Building CXX object CMakeFiles/judas_pose_composition_application_tests.dir/src/Application.cpp.o
[ 89%] Building CXX object CMakeFiles/judas_animation_application_tests.dir/src/RuntimeDiagnostics.cpp.o
[ 90%] Linking CXX executable judas_pose_composition_tests
[ 90%] Built target judas_pose_composition_tests
[ 90%] Building CXX object CMakeFiles/judas_animation_application_tests.dir/src/TestHarness.cpp.o
[ 91%] Building CXX object CMakeFiles/judas_ragdoll_application_tests.dir/src/Application.cpp.o
[ 92%] Building CXX object CMakeFiles/judas_fluid_demo_probe.dir/tools/FluidDemoProbe.cpp.o
[ 92%] Building CXX object CMakeFiles/judas_fluid_demo_integration_tests.dir/tests/FluidDemoIntegrationTests.cpp.o
[ 92%] Linking CXX executable judas_ragdoll_tests
[ 92%] Built target judas_ragdoll_tests
[ 92%] Building CXX object CMakeFiles/judas_pose_composition_application_tests.dir/src/RuntimeOptions.cpp.o
[ 92%] Building CXX object CMakeFiles/judas_pose_composition_application_tests.dir/src/RuntimeDiagnostics.cpp.o
[ 92%] Linking CXX executable judas_animation_application_tests
[ 92%] Built target judas_animation_application_tests
[ 92%] Building CXX object CMakeFiles/judas_pose_composition_application_tests.dir/src/TestHarness.cpp.o
[ 92%] Building CXX object CMakeFiles/judas_fluid_demo_probe.dir/src/Application.cpp.o
[ 92%] Building CXX object CMakeFiles/judas_ragdoll_application_tests.dir/src/RuntimeOptions.cpp.o
[ 92%] Building CXX object CMakeFiles/judas_character_motor_tests.dir/tests/CharacterMotorTests.cpp.o
[ 92%] Building CXX object CMakeFiles/judas_fluid_demo_probe.dir/src/RuntimeOptions.cpp.o
[ 92%] Linking CXX executable judas_fluid_demo_integration_tests
[ 92%] Built target judas_fluid_demo_integration_tests
[ 92%] Building CXX object CMakeFiles/judas_ragdoll_application_tests.dir/src/RuntimeDiagnostics.cpp.o
[ 92%] Building CXX object CMakeFiles/judas_ragdoll_application_tests.dir/src/TestHarness.cpp.o
[ 92%] Linking CXX executable judas_pose_composition_application_tests
[ 92%] Building CXX object CMakeFiles/judas_fluid_demo_probe.dir/src/RuntimeDiagnostics.cpp.o
[ 92%] Built target judas_pose_composition_application_tests
[ 92%] Building CXX object CMakeFiles/judas_character_motor_application_tests.dir/tests/CharacterMotorApplicationTests.cpp.o
[ 92%] Building CXX object CMakeFiles/judas_fluid_demo_probe.dir/src/TestHarness.cpp.o
[ 92%] Linking CXX executable judas_character_motor_tests
[ 92%] Built target judas_character_motor_tests
[ 92%] Building CXX object CMakeFiles/judasjs_examples_tests.dir/tests/JudasJSExamplesTests.cpp.o
[ 92%] Building CXX object CMakeFiles/judas_boundary_migration_tests.dir/tests/BoundaryMigrationTests.cpp.o
[ 92%] Building CXX object CMakeFiles/judas_shooter_game_tests.dir/tests/ShooterGameTests.cpp.o
[ 92%] Linking CXX executable judas_ragdoll_application_tests
[ 92%] Built target judas_ragdoll_application_tests
[ 92%] Building CXX object CMakeFiles/judas_shooter_application_tests.dir/tests/ShooterApplicationTests.cpp.o
[ 92%] Linking CXX executable judas_fluid_demo_probe
[ 92%] Built target judas_fluid_demo_probe
[ 93%] Building CXX object CMakeFiles/judas_shooter_application_tests.dir/src/Application.cpp.o
[ 94%] Linking CXX executable judas_character_motor_application_tests
[ 94%] Built target judas_character_motor_application_tests
[ 94%] Building CXX object CMakeFiles/judas_shooter_application_tests.dir/src/RuntimeOptions.cpp.o
[ 94%] Linking CXX executable judas_boundary_migration_tests
[ 94%] Built target judas_boundary_migration_tests
[ 94%] Building CXX object CMakeFiles/judas_shooter_application_tests.dir/src/RuntimeDiagnostics.cpp.o
[ 95%] Linking CXX executable judasjs_examples_tests
[ 95%] Linking CXX executable judas_shooter_game_tests
[ 95%] Built target judas_shooter_game_tests
[ 95%] Building CXX object CMakeFiles/judas_shooter_application_tests.dir/src/TestHarness.cpp.o
[ 95%] Built target judasjs_examples_tests
[ 95%] Building CXX object CMakeFiles/judas_script_presentation_tests.dir/tests/ScriptPresentationTests.cpp.o
[ 95%] Building CXX object CMakeFiles/judas_navigation_bake.dir/tools/NavigationBake.cpp.o
[ 95%] Building CXX object CMakeFiles/judas_navigation_tests.dir/tests/NavigationTests.cpp.o
[ 95%] Building CXX object CMakeFiles/judas_navigation_game_tests.dir/tests/NavigationGameTests.cpp.o
[ 95%] Building CXX object CMakeFiles/judas_liquid_tests.dir/tests/LiquidTests.cpp.o
[ 95%] Linking CXX executable judas_navigation_bake
[ 95%] Built target judas_navigation_bake
[ 95%] Building CXX object CMakeFiles/judas_liquid_bake.dir/tools/LiquidBake.cpp.o
[ 95%] Linking CXX executable judas_shooter_application_tests
[ 95%] Built target judas_shooter_application_tests
[ 95%] Building CXX object CMakeFiles/judas_liquid_application_tests.dir/tests/LiquidApplicationTests.cpp.o
[ 95%] Linking CXX executable judas_liquid_bake
[ 95%] Built target judas_liquid_bake
[ 95%] Building CXX object CMakeFiles/judas_liquid_surface_tests.dir/tests/LiquidSurfaceTests.cpp.o
[ 95%] Linking CXX executable judas_script_presentation_tests
[ 95%] Linking CXX executable judas_liquid_tests
[ 95%] Built target judas_script_presentation_tests
[ 96%] Building CXX object CMakeFiles/judas_liquid_surface_application_tests.dir/tests/LiquidSurfaceApplicationTests.cpp.o
[ 96%] Built target judas_liquid_tests
[ 96%] Building CXX object CMakeFiles/judas_liquid_surface_refill_tests.dir/tests/LiquidSurfaceRefillTests.cpp.o
[ 96%] Linking CXX executable judas_navigation_game_tests
[ 96%] Built target judas_navigation_game_tests
[ 96%] Building CXX object CMakeFiles/judas_liquid_surface_loop_tests.dir/tests/LiquidSurfaceLoopTests.cpp.o
[ 96%] Linking CXX executable judas_liquid_application_tests
[ 96%] Built target judas_liquid_application_tests
[ 96%] Building CXX object CMakeFiles/judas_liquid_surface_loop_tests.dir/src/Application.cpp.o
[ 96%] Linking CXX executable judas_navigation_tests
[ 96%] Built target judas_navigation_tests
[ 96%] Building CXX object CMakeFiles/judas_liquid_surface_loop_tests.dir/src/RuntimeOptions.cpp.o
[ 97%] Linking CXX executable judas_liquid_surface_refill_tests
[ 97%] Building CXX object CMakeFiles/judas_profiler_tests.dir/tests/PerformanceProfilerTests.cpp.o
[ 97%] Built target judas_liquid_surface_refill_tests
[ 97%] Building CXX object CMakeFiles/judas_profiler_script_tests.dir/tests/ProfilerScriptTests.cpp.o
[ 97%] Linking CXX executable judas_liquid_surface_application_tests
[ 97%] Built target judas_liquid_surface_application_tests
[ 97%] Building CXX object CMakeFiles/judas_liquid_surface_loop_tests.dir/src/RuntimeDiagnostics.cpp.o
[ 97%] Linking CXX executable judas_liquid_surface_tests
[ 97%] Built target judas_liquid_surface_tests
[ 97%] Building CXX object CMakeFiles/judas_profiler_application_tests.dir/tests/ProfilerApplicationTests.cpp.o
[ 98%] Linking CXX executable judas_profiler_tests
[ 98%] Built target judas_profiler_tests
[ 99%] Building CXX object CMakeFiles/judas_profiler_application_tests.dir/src/editor/ProfilerView.cpp.o
[ 99%] Building CXX object CMakeFiles/judas_liquid_surface_loop_tests.dir/src/TestHarness.cpp.o
[ 99%] Building CXX object CMakeFiles/judas_editor.dir/src/editor/EditorMain.cpp.o
[ 99%] Building CXX object CMakeFiles/judas_editor.dir/src/editor/EditorApplication.cpp.o
[ 99%] Building CXX object CMakeFiles/judas_editor.dir/src/editor/EditorCamera.cpp.o
[ 99%] Linking CXX executable judas_profiler_script_tests
[ 99%] Built target judas_profiler_script_tests
[ 99%] Building CXX object CMakeFiles/judas_profiler_application_tests.dir/src/Application.cpp.o
[ 99%] Building CXX object CMakeFiles/judas_editor.dir/src/editor/EditorHistory.cpp.o
[ 99%] Building CXX object CMakeFiles/judas_profiler_application_tests.dir/src/RuntimeOptions.cpp.o
[ 99%] Linking CXX executable judas_liquid_surface_loop_tests
[ 99%] Built target judas_liquid_surface_loop_tests
[ 99%] Building CXX object CMakeFiles/judas_editor.dir/src/editor/EditorPanels.cpp.o
[100%] Building CXX object CMakeFiles/judas_editor.dir/src/editor/ProfilerView.cpp.o
[100%] Building CXX object CMakeFiles/judas_profiler_application_tests.dir/src/RuntimeDiagnostics.cpp.o
[100%] Building CXX object CMakeFiles/judas_editor.dir/src/editor/EditorWidgets.cpp.o
[100%] Building CXX object CMakeFiles/judas_editor.dir/src/editor/ComponentEditors.cpp.o
[100%] Building CXX object CMakeFiles/judas_editor.dir/src/editor/GizmoMath.cpp.o
[100%] Building CXX object CMakeFiles/judas_profiler_application_tests.dir/src/TestHarness.cpp.o
[100%] Linking CXX executable judas_profiler_application_tests
[100%] Built target judas_profiler_application_tests
[100%] Linking CXX executable judas_editor
[100%] Built target judas_editor
