libEGL warning: Not allowed to force software rendering when API explicitly selects a hardware device.
M31 resource stress: generating 24 sphere meshes (160x160) and 16 1024x1024 textures under /tmp/judas_m31_stress_6159
  137.5 MB of asset files
  7 workers, scene 'Tiny game' playing (3 dynamic bodies)
  async: all 40 assets Ready after 0.91 s; per-asset latency (request->Ready) min 168 ms avg 588 ms max 907 ms; 40 uploads; resident 211.9 MB (peak 211.9 MB)
  cancel: 20 loads cancelled by dropped demand, 10 stale completions discarded, 20 ready, 0 loading
  evict: budget 53.2 MB -> resident 106.4 MB before, 85.3 MB after, 4 evictions; referenced textures survived: yes
  reload: 4 evicted meshes re-requested and Ready again after 0.23 s
  blocking: all 40 assets loaded on the main thread in 2.18 s (one per frame)

Per-phase main-thread measurements (frame = pump + play frame + swap; 60 Hz fixed step):
  baseline (no loads)          frames  120 | frame avg  12.30 ms p99  20.38 ms max  390.24 ms (pump max   0.00 ms) | >33 ms:   1 | fixed steps    76 (expected ~   92, 1 saturated) | queue max  0 avg   0.0 | worker util   0.0% | jobs done 0
  async load (40 assets)       frames   27 | frame avg  32.89 ms p99  59.00 ms max   59.00 ms (pump max  33.14 ms) | >33 ms:  11 | fixed steps    55 (expected ~   55, 0 saturated) | queue max 33 avg  13.4 | worker util  72.5% | jobs done 40
  cancel + release             frames    1 | frame avg  36.74 ms p99  36.74 ms max   36.74 ms (pump max   0.08 ms) | >33 ms:   1 | fixed steps     0 (expected ~    2, 0 saturated) | queue max  3 avg   3.0 | worker util   0.1% | jobs done 0
  evict + reload               frames   10 | frame avg  24.27 ms p99  35.29 ms max   35.29 ms (pump max  12.37 ms) | >33 ms:   2 | fixed steps    17 (expected ~   15, 0 saturated) | queue max  3 avg   0.9 | worker util  89.8% | jobs done 11
  BLOCKING load (40 assets)    frames   40 | frame avg  53.82 ms p99  86.53 ms max   86.53 ms (pump max   0.00 ms) | >33 ms:  40 | fixed steps   131 (expected ~  131, 0 saturated) | queue max  0 avg   0.0 | worker util   0.0% | jobs done 0

Claim under test: expensive resource preparation no longer forces the main thread to wait for the whole operation.
  async  : worst frame   59.00 ms,  11 frames over 33 ms, 0 saturated catch-up frames, wall 0.91 s
  blocking: worst frame   86.53 ms,  40 frames over 33 ms, 0 saturated catch-up frames, wall 2.18 s
  (the work itself is not free: worker busy time during the async phase was 4.62 s across 7 workers)

shutdown clean (resources, workers, renderer, window in that order); temporary project removed
