libEGL warning: Not allowed to force software rendering when API explicitly selects a hardware device.
Project: M43 scene transitions (/home/conner/Documents/GitHub/Project-Judas/build/m43-focused-verified/project/scene_demo.judasproj)
Scene: M43 Scene A — E send courier / P spawn / R reload (/home/conner/Documents/GitHub/Project-Judas/build/m43-focused-verified/project/Scenes/a.judas)
World origin (m): 0.000, 0.000, 0.000
Scene transition failed: /home/conner/Documents/GitHub/Project-Judas/build/m43-focused-verified/project/Scenes/b.judas: scene line 1: expected 'JudasScene <version>' on the first line
PASS initial registered scene A
PASS absolute/unregistered request rejected without queuing
PASS nonfinite session data rejected
PASS bounded JSON session state accepted
PASS ordinary runtime prefab triggers real sensor
PASS M42 callback finished before A to B; session survives
FAIL old runtime spawned hierarchy destroyed
PASS fresh scripts and scene UI start without faults
PASS multiple valid requests accepted deterministically
PASS B to A; first request wins
PASS reload queued
FAIL reload removes spawned entities
PASS reload restores authored transform
PASS reload retains session but not trigger history
PASS missing scene fails safely
PASS all JS lifecycle callbacks valid
PASS registered malformed scene request deferred
PASS malformed candidate consumed without changing current scene
FAIL failed transition retains live systems and session
PASS ordinary Application transitions and shutdown
PASS no runtime world retained by project/session state
SUMMARY 21 checks 3 failures
