libEGL warning: Not allowed to force software rendering when API explicitly selects a hardware device.
[editor autotest] liquid bake 20: PASS: Baked 3392.000000 L capacity / 1025 samples. Save scene.
[editor autotest] liquid bake 21: PASS: Baked 1728.000000 L capacity / 2 samples. Save scene.
[editor autotest] liquid bake 22: PASS: Baked 1728.000000 L capacity / 2 samples. Save scene.
[editor autotest] liquid bake 30: PASS: Baked 1728.000000 L capacity / 2 samples. Save scene.
[editor autotest] liquid bake 31: PASS: Baked 1728.000000 L capacity / 2 samples. Save scene.
[editor autotest] liquid bake 32: PASS: Baked 1728.000000 L capacity / 2 samples. Save scene.
[editor autotest] liquid bake 4000: PASS: Baked 307200.000000 L capacity / 2050 samples. Save scene.
[editor autotest] liquid bake 4001: PASS: Baked 307200.000000 L capacity / 2050 samples. Save scene.
[editor autotest] duplicate created id 5000: scene CHANGED; undo restores: IDENTICAL
[editor autotest] wrote: /home/conner/Documents/GitHub/Project-Judas/docs/evidence/m55/final/editor.edit.png
[editor autotest] edit frame: 47 draw calls, 540 triangles, 854 debug lines
Mouse capture failed: No relative mode implementation available
Mouse capture failed: No relative mode implementation available
[editor autotest] wrote: /home/conner/Documents/GitHub/Project-Judas/docs/evidence/m55/final/editor.play.png
[editor autotest] play frame: 3 steps, step 4.293 ms, 41 bodies, 4 contacts, 93 draw calls, 10152 triangles, 1 shadow passes, 0 lights, 960 debug lines, 0 particles
[editor autotest] resources: 0 meshes, 0 textures, 0 terrain meshes, hits 106, misses 12, failed 0, uploads 0, resident 89072 bytes
[editor autotest] jobs: 7 workers, 12 completed, 0 failed, 0 cancelled
[editor autotest] authored scene after play/stop is IDENTICAL
[editor autotest] save ok
