configure: exit=0, 1.166s
build: exit=0, 478.337s
async_application: exit=0, 7.695s
judas_scene_tests: exit=0, 0.033s
judas_lifecycle_tests: exit=0, 0.465s
judas_project_tests: exit=0, 0.164s
judas_job_tests: exit=0, 0.065s
judas_physics_tests: exit=0, 0.004s
judas_rigid_contact_tests: exit=0, 2.719s
judas_broadphase_tests: exit=0, 22.812s
judas_collision_tests: exit=0, 0.032s
judas_celestial_gravity_tests: exit=0, 0.033s
judas_asset_tests: exit=0, 0.004s
judas_step_climb_tests: exit=0, 0.004s
judas_pilot_attachment_tests: exit=0, 0.002s
judas_pilot_dismount_tests: exit=0, 0.002s
judas_spacecraft_control_tests: exit=0, 0.008s
judas_spacecraft_flight_tests: exit=0, 0.016s
judas_reference_frame_tests: exit=0, 0.004s
judas_ui_tests: exit=0, 0.008s
judas_lighting_tests: exit=0, 0.008s
judas_shadow_tests: exit=0, 0.002s
judas_interactable_tests: exit=0, 0.008s
judas_player_view_tests: exit=0, 0.002s
judas_object_manipulation_tests: exit=0, 0.004s
judas_player_curved_locomotion_tests: exit=0, 0.064s
judas_world_coordinates_tests: exit=0, 0.032s
judas_compound_body_tests: exit=0, 0.064s
judas_fluid_world_tests: exit=0, 0.565s
judas_fluid_rigid_coupling_tests: exit=0, 12.838s
judas_fluid_surface_tests: exit=0, 0.004s
judas_terrain_physics_tests: exit=0, 0.816s
judas_terrain_fluid_tests: exit=0, 29.925s
judas_atmosphere_tests: exit=0, 0.016s
judas_atmospheric_flight_tests: exit=0, 0.016s
judas_combustion_tests: exit=0, 0.064s
judas_scene_fingerprint_tests: exit=0, 0.032s
judas_world_state_tests: exit=0, 0.032s
judas_uniform_gravity_scene_tests: exit=0, 0.216s
judas_contact_geometry_tests: exit=0, 0.065s
judas_contact_lifecycle_tests: exit=0, 0.033s
judas_contact_cache_tests: exit=0, 0.033s
judas_contact_storage_tests: exit=0, 0.114s
judas_rigid_motion_tests: exit=0, 0.004s
judas_impact_solver_tests: exit=0, 0.004s
judas_impact_timing_tests: exit=0, 0.016s
judas_project_application_tests: exit=0, 1.173s
judas_lifecycle_integration_tests: exit=0, 0.017s
judas_asset_integrity_tests: exit=0, 0.016s
judas_coarse_celestial_tests: exit=0, 0.008s
judas_orbital_integrity_tests: exit=0, 0.114s
judas_spacecraft_frame_integration_tests: exit=0, 0.033s
judas_thermal_accounting_tests: exit=0, 0.016s
judas_combustion_integration_tests: exit=0, 0.064s
judas_player_swimming_tests: exit=0, 0.016s
judas_fluid_metadata_tests: exit=0, 0.016s
judas_fluid_hydrostatics_tests: exit=0, 0.265s
judas_production_fluid_tests: exit=0, 66.658s
judas_fluid_container_integration_tests: exit=0, 3.673s
judas_player_fluid_integration_tests: exit=0, 106.075s
judas_fluid_cavity_impact_tests: exit=0, 0.008s
judas_fluid_smoothing_budget_tests: exit=0, 0.004s
judas_fluid_boundary_contact_tests: exit=0, 0.006s
judas_particle_contact_batch_tests: exit=0, 0.004s
judas_render_camera_tests: exit=0, 1.067s
judas_audio_tests: exit=0, 0.517s
judas_input_tests: exit=0, 0.365s
judas_prefab_tests: exit=0, 0.032s
judas_prefab_application_tests: exit=0, 1.070s
judas_visual_particle_tests: exit=0, 0.669s
judas_particle_application_tests: exit=0, 3.131s
judas_export_tests: exit=0, 0.064s
judas_package_application_tests: exit=0, 2.681s
judas_classification_tests: exit=0, 0.666s
judas_script_tests: exit=0, 1.767s
judas_script_application_tests: exit=0, 2.521s
judas_runtime_ui_tests: exit=0, 0.365s
judas_runtime_ui_application_tests: exit=0, 1.874s
judas_touch_event_tests: exit=0, 0.114s
judas_touch_application_tests: exit=0, 3.442s
judas_scene_transition_tests: exit=0, 0.871s
judas_physics_cast_tests: exit=0, 0.114s
judas_physics_cast_application_tests: exit=0, 0.819s
judas_joint_tests: exit=0, 0.032s
judas_joint_authoring_tests: exit=0, 0.016s
judas_joint_application_tests: exit=0, 0.819s
judas_skeletal_animation_tests: exit=0, 0.515s
judas_animation_application_tests: exit=0, 0.969s
judas_pose_composition_tests: exit=0, 0.064s
judas_pose_composition_application_tests: exit=0, 1.017s
judas_ragdoll_tests: exit=0, 0.265s
judas_ragdoll_application_tests: exit=0, 1.629s
judas_fluid_demo_integration_tests: exit=0, 29.569s
judas_character_motor_tests: exit=0, 0.617s
judas_character_motor_application_tests: exit=0, 1.117s
judas_boundary_migration_tests: exit=0, 0.516s
judas_shooter_game_tests: exit=0, 2.419s
judas_shooter_application_tests: exit=0, 4.299s
judas_script_presentation_tests: exit=0, 0.566s
judas_navigation_tests: exit=0, 0.466s
judas_navigation_game_tests: exit=0, 2.078s
judas_liquid_tests: exit=0, 0.566s
judas_liquid_application_tests: exit=0, 3.979s
judas_liquid_surface_tests: exit=0, 1.117s
judas_liquid_surface_application_tests: exit=0, 8.431s
judas_liquid_surface_loop_tests: exit=0, 4.387s
editor_async: exit=0, 2.125s
runtime_blocking_reference: exit=0, 0.265s
m31_resource_stress: exit=0, 7.896s
{
  "overall_pass": true,
  "checks": {
    "integration_all_12_cases": true,
    "editor_play_stop_async": true,
    "blocking_reference_three_steps": true,
    "tested_sources_unchanged_during_run": true,
    "protected_paths_unchanged": true
  },
  "seconds": 836.3819591260035
}
