JS: AUTO wait
JS: AUTO walk to ship
JS: {"t":1,"stage":0,"mode":"foot","ship":[0,61.2,0],"sv":0,"landed":true,"hull":100,"pilot":[7.4,60.7,3],"suit":100,"raiders":0,"kills":0,"auto":"walk to ship","bolts":{"fired":0,"hits":0,"raiderHits":0,"last":""},"aim":"","ids":""}
JS: AUTO board
JS: stage 1 t=1.4
JS: AUTO climb
JS: {"t":2,"stage":1,"mode":"ship","ship":[0,64.9,0],"sv":12,"landed":false,"hull":100,"pilot":null,"suit":100,"raiders":3,"kills":0,"auto":"climb","bolts":{"fired":0,"hits":0,"raiderHits":0,"last":""},"aim":"","ids":"4611686018427387904,4611686018427387911,4611686018427387918"}
JS: AUTO fly to belt
JS: {"t":3,"stage":1,"mode":"ship","ship":[0,87,0],"sv":28.6,"landed":false,"hull":100,"pilot":null,"suit":100,"raiders":3,"kills":0,"auto":"fly to belt","bolts":{"fired":0,"hits":0,"raiderHits":0,"last":""},"aim":"","ids":"4611686018427387904,4611686018427387911,4611686018427387918"}
JS: {"t":4,"stage":1,"mode":"ship","ship":[3.1,98.8,-3.4],"sv":12.6,"landed":false,"hull":100,"pilot":null,"suit":100,"raiders":3,"kills":0,"auto":"fly to belt","bolts":{"fired":0,"hits":0,"raiderHits":0,"last":""},"aim":"","ids":"4611686018427387904,4611686018427387911,4611686018427387918"}
JS: {"t":5,"stage":1,"mode":"ship","ship":[7.8,98.8,-9.2],"sv":3.9,"landed":false,"hull":100,"pilot":null,"suit":100,"raiders":3,"kills":0,"auto":"fly to belt","bolts":{"fired":0,"hits":0,"raiderHits":0,"last":""},"aim":"","ids":"4611686018427387904,4611686018427387911,4611686018427387918"}
JS: {"t":6,"stage":1,"mode":"ship","ship":[17.9,92.1,-21.1],"sv":31.6,"landed":false,"hull":100,"pilot":null,"suit":100,"raiders":3,"kills":0,"auto":"fly to belt","bolts":{"fired":0,"hits":0,"raiderHits":0,"last":""},"aim":"","ids":"4611686018427387904,4611686018427387911,4611686018427387918"}
JS: {"t":7,"stage":1,"mode":"ship","ship":[46.9,72.6,-52.2],"sv":61.6,"landed":false,"hull":100,"pilot":null,"suit":100,"raiders":3,"kills":0,"auto":"fly to belt","bolts":{"fired":0,"hits":0,"raiderHits":0,"last":""},"aim":"","ids":"4611686018427387904,4611686018427387911,4611686018427387918"}
JS: AUTO fight wave 1
JS: {"t":8,"stage":1,"mode":"ship","ship":[93.6,42,-97.5],"sv":67.9,"landed":false,"hull":100,"pilot":null,"suit":100,"raiders":3,"kills":0,"auto":"fight wave 1","bolts":{"fired":0,"hits":0,"raiderHits":0,"last":""},"aim":"1.74@96","ids":"4611686018427387904,4611686018427387911,4611686018427387918"}
JS: {"t":9,"stage":1,"mode":"ship","ship":[123.5,25,-109.3],"sv":14.5,"landed":false,"hull":100,"pilot":null,"suit":100,"raiders":3,"kills":0,"auto":"fight wave 1","bolts":{"fired":0,"hits":0,"raiderHits":0,"last":""},"aim":"0.05@111","ids":"4611686018427387904,4611686018427387911,4611686018427387918"}
JS: {"t":10,"stage":1,"mode":"ship","ship":[130.2,21.1,-112.3],"sv":4.7,"landed":false,"hull":100,"pilot":null,"suit":100,"raiders":3,"kills":0,"auto":"fight wave 1","bolts":{"fired":9,"hits":1,"raiderHits":1,"last":"4611686018427387918:box"},"aim":"0.01@93","ids":"4611686018427387904,4611686018427387911,4611686018427387918"}
JS: kill 1
JS: {"t":11,"stage":1,"mode":"ship","ship":[131.5,20.4,-112.9],"sv":1.4,"landed":false,"hull":100,"pilot":null,"suit":100,"raiders":2,"kills":1,"auto":"fight wave 1","bolts":{"fired":16,"hits":5,"raiderHits":4,"last":"4611686018427387933:box"},"aim":"0.03@78","ids":"4611686018427387904,4611686018427387911"}
JS: kill 2
JS: {"t":12,"stage":1,"mode":"ship","ship":[128.9,23,-110.6],"sv":7.3,"landed":false,"hull":100,"pilot":null,"suit":100,"raiders":1,"kills":2,"auto":"fight wave 1","bolts":{"fired":24,"hits":9,"raiderHits":8,"last":"4611686018427387904:box"},"aim":"0.91@61","ids":"4611686018427387911"}
JS: DMG 4 bolt hull=100
JS: {"t":13,"stage":1,"mode":"ship","ship":[122.4,26.6,-107.3],"sv":8.4,"landed":false,"hull":96,"pilot":null,"suit":100,"raiders":1,"kills":2,"auto":"fight wave 1","bolts":{"fired":27,"hits":10,"raiderHits":9,"last":"4611686018427387911:box"},"aim":"0.01@47","ids":"4611686018427387911"}
JS: kill 3
JS: stage 2 t=13.7
JS: AUTO fly to ruby
JS: {"t":14,"stage":2,"mode":"ship","ship":[114.8,24,-106.3],"sv":5.2,"landed":false,"hull":96,"pilot":null,"suit":100,"raiders":0,"kills":3,"auto":"fly to ruby","bolts":{"fired":33,"hits":13,"raiderHits":12,"last":"4611686018427387911:box"},"aim":"0.01@45","ids":""}
JS: {"t":15,"stage":2,"mode":"ship","ship":[114.2,24.4,-108.9],"sv":12.9,"landed":false,"hull":96,"pilot":null,"suit":100,"raiders":0,"kills":3,"auto":"fly to ruby","bolts":{"fired":33,"hits":13,"raiderHits":12,"last":"4611686018427387911:box"},"aim":"0.01@45","ids":""}
JS: {"t":16,"stage":2,"mode":"ship","ship":[130.1,36.1,-129.1],"sv":42.9,"landed":false,"hull":96,"pilot":null,"suit":100,"raiders":0,"kills":3,"auto":"fly to ruby","bolts":{"fired":33,"hits":13,"raiderHits":12,"last":"4611686018427387911:box"},"aim":"0.01@45","ids":""}
JS: {"t":17,"stage":2,"mode":"ship","ship":[163.4,60.3,-170.1],"sv":72.9,"landed":false,"hull":98,"pilot":null,"suit":100,"raiders":0,"kills":3,"auto":"fly to ruby","bolts":{"fired":33,"hits":13,"raiderHits":12,"last":"4611686018427387911:box"},"aim":"0.01@45","ids":""}
JS: AUTO land ruby
JS: {"t":18,"stage":2,"mode":"ship","ship":[208,93.7,-225],"sv":72.8,"landed":false,"hull":100,"pilot":null,"suit":100,"raiders":0,"kills":3,"auto":"land ruby","bolts":{"fired":33,"hits":13,"raiderHits":12,"last":"4611686018427387911:box"},"aim":"0.01@45","ids":""}
JS: {"t":19,"stage":2,"mode":"ship","ship":[246.9,115.2,-272.1],"sv":57.1,"landed":false,"hull":100,"pilot":null,"suit":100,"raiders":0,"kills":3,"auto":"land ruby","bolts":{"fired":33,"hits":13,"raiderHits":12,"last":"4611686018427387911:box"},"aim":"0.01@45","ids":""}
JS: {"t":20,"stage":2,"mode":"ship","ship":[275.8,131.6,-307.9],"sv":40.8,"landed":false,"hull":100,"pilot":null,"suit":100,"raiders":0,"kills":3,"auto":"land ruby","bolts":{"fired":33,"hits":13,"raiderHits":12,"last":"4611686018427387911:box"},"aim":"0.01@45","ids":""}
JS: {"t":21,"stage":2,"mode":"ship","ship":[295,143.2,-331.6],"sv":24.8,"landed":false,"hull":100,"pilot":null,"suit":100,"raiders":0,"kills":3,"auto":"land ruby","bolts":{"fired":33,"hits":13,"raiderHits":12,"last":"4611686018427387911:box"},"aim":"0.01@45","ids":""}
JS: {"t":22,"stage":2,"mode":"ship","ship":[304.7,148.8,-343.9],"sv":8.8,"landed":false,"hull":100,"pilot":null,"suit":100,"raiders":0,"kills":3,"auto":"land ruby","bolts":{"fired":33,"hits":13,"raiderHits":12,"last":"4611686018427387911:box"},"aim":"0.01@45","ids":""}
JS: {"t":23,"stage":2,"mode":"ship","ship":[305.2,148,-344.9],"sv":7.4,"landed":false,"hull":100,"pilot":null,"suit":100,"raiders":0,"kills":3,"auto":"land ruby","bolts":{"fired":33,"hits":13,"raiderHits":12,"last":"4611686018427387911:box"},"aim":"0.01@45","ids":""}
JS: {"t":24,"stage":2,"mode":"ship","ship":[297,141,-335.3],"sv":17.9,"landed":false,"hull":100,"pilot":null,"suit":100,"raiders":0,"kills":3,"auto":"land ruby","bolts":{"fired":33,"hits":13,"raiderHits":12,"last":"4611686018427387911:box"},"aim":"0.01@45","ids":""}
JS: {"t":25,"stage":2,"mode":"ship","ship":[287,132.6,-323.2],"sv":17.9,"landed":false,"hull":100,"pilot":null,"suit":100,"raiders":0,"kills":3,"auto":"land ruby","bolts":{"fired":33,"hits":13,"raiderHits":12,"last":"4611686018427387911:box"},"aim":"0.01@45","ids":""}
JS: {"t":26,"stage":2,"mode":"ship","ship":[277,124.1,-311.1],"sv":17.9,"landed":false,"hull":100,"pilot":null,"suit":100,"raiders":0,"kills":3,"auto":"land ruby","bolts":{"fired":33,"hits":13,"raiderHits":12,"last":"4611686018427387911:box"},"aim":"0.01@45","ids":""}
JS: {"t":27,"stage":2,"mode":"ship","ship":[267.1,115.7,-299],"sv":17.9,"landed":false,"hull":100,"pilot":null,"suit":100,"raiders":0,"kills":3,"auto":"land ruby","bolts":{"fired":33,"hits":13,"raiderHits":12,"last":"4611686018427387911:box"},"aim":"0.01@45","ids":""}
JS: {"t":28,"stage":2,"mode":"ship","ship":[257.3,107.2,-286.8],"sv":17.9,"landed":false,"hull":100,"pilot":null,"suit":100,"raiders":0,"kills":3,"auto":"land ruby","bolts":{"fired":33,"hits":13,"raiderHits":12,"last":"4611686018427387911:box"},"aim":"0.01@45","ids":""}
JS: {"t":29,"stage":2,"mode":"ship","ship":[247.8,98.8,-274.6],"sv":17.7,"landed":false,"hull":100,"pilot":null,"suit":100,"raiders":0,"kills":3,"auto":"land ruby","bolts":{"fired":33,"hits":13,"raiderHits":12,"last":"4611686018427387911:box"},"aim":"0.01@45","ids":""}
JS: {"t":30,"stage":2,"mode":"ship","ship":[238.4,90.4,-262.3],"sv":17.7,"landed":false,"hull":100,"pilot":null,"suit":100,"raiders":0,"kills":3,"auto":"land ruby","bolts":{"fired":33,"hits":13,"raiderHits":12,"last":"4611686018427387911:box"},"aim":"0.01@45","ids":""}
JS: {"t":31,"stage":2,"mode":"ship","ship":[229.5,82.3,-250.4],"sv":13.7,"landed":false,"hull":100,"pilot":null,"suit":100,"raiders":0,"kills":3,"auto":"land ruby","bolts":{"fired":33,"hits":13,"raiderHits":12,"last":"4611686018427387911:box"},"aim":"0.01@45","ids":""}
JS: {"t":32,"stage":2,"mode":"ship","ship":[224.6,77.8,-243.9],"sv":6,"landed":false,"hull":100,"pilot":null,"suit":100,"raiders":0,"kills":3,"auto":"land ruby","bolts":{"fired":33,"hits":13,"raiderHits":12,"last":"4611686018427387911:box"},"aim":"0.01@45","ids":""}
JS: {"t":33,"stage":2,"mode":"ship","ship":[226.3,71.5,-245.1],"sv":15.6,"landed":false,"hull":100,"pilot":null,"suit":100,"raiders":0,"kills":3,"auto":"land ruby","bolts":{"fired":33,"hits":13,"raiderHits":12,"last":"4611686018427387911:box"},"aim":"0.01@45","ids":""}
JS: DMG 15 collision 306 v=15.1 hull=100
JS: {"t":34,"stage":2,"mode":"ship","ship":[226.6,69,-245],"sv":1.3,"landed":false,"hull":85,"pilot":null,"suit":100,"raiders":0,"kills":3,"auto":"land ruby","bolts":{"fired":33,"hits":13,"raiderHits":12,"last":"4611686018427387911:box"},"aim":"0.01@45","ids":""}
JS: {"t":35,"stage":2,"mode":"ship","ship":[226.6,68.1,-244.9],"sv":0.5,"landed":false,"hull":85,"pilot":null,"suit":100,"raiders":0,"kills":3,"auto":"land ruby","bolts":{"fired":33,"hits":13,"raiderHits":12,"last":"4611686018427387911:box"},"aim":"0.01@45","ids":""}
JS: {"t":36,"stage":2,"mode":"ship","ship":[226.6,67.8,-244.8],"sv":0.2,"landed":false,"hull":85,"pilot":null,"suit":100,"raiders":0,"kills":3,"auto":"land ruby","bolts":{"fired":33,"hits":13,"raiderHits":12,"last":"4611686018427387911:box"},"aim":"0.01@45","ids":""}
JS: {"t":37,"stage":2,"mode":"ship","ship":[226.5,67.7,-244.7],"sv":0.1,"landed":false,"hull":85,"pilot":null,"suit":100,"raiders":0,"kills":3,"auto":"land ruby","bolts":{"fired":33,"hits":13,"raiderHits":12,"last":"4611686018427387911:box"},"aim":"0.01@45","ids":""}
JS: {"t":38,"stage":2,"mode":"ship","ship":[226.5,67.6,-244.7],"sv":0,"landed":false,"hull":90,"pilot":null,"suit":100,"raiders":0,"kills":3,"auto":"land ruby","bolts":{"fired":33,"hits":13,"raiderHits":12,"last":"4611686018427387911:box"},"aim":"0.01@45","ids":""}
JS: {"t":39,"stage":2,"mode":"ship","ship":[226.5,67.6,-244.6],"sv":0,"landed":false,"hull":96,"pilot":null,"suit":100,"raiders":0,"kills":3,"auto":"land ruby","bolts":{"fired":33,"hits":13,"raiderHits":12,"last":"4611686018427387911:box"},"aim":"0.01@45","ids":""}
JS: {"t":40,"stage":2,"mode":"ship","ship":[226.5,67.6,-244.6],"sv":0,"landed":false,"hull":100,"pilot":null,"suit":100,"raiders":0,"kills":3,"auto":"land ruby","bolts":{"fired":33,"hits":13,"raiderHits":12,"last":"4611686018427387911:box"},"aim":"0.01@45","ids":""}
JS: {"t":41,"stage":2,"mode":"ship","ship":[226.5,67.6,-244.6],"sv":0,"landed":false,"hull":100,"pilot":null,"suit":100,"raiders":0,"kills":3,"auto":"land ruby","bolts":{"fired":33,"hits":13,"raiderHits":12,"last":"4611686018427387911:box"},"aim":"0.01@45","ids":""}
JS: {"t":42,"stage":2,"mode":"ship","ship":[226.5,67.6,-244.6],"sv":0,"landed":false,"hull":100,"pilot":null,"suit":100,"raiders":0,"kills":3,"auto":"land ruby","bolts":{"fired":33,"hits":13,"raiderHits":12,"last":"4611686018427387911:box"},"aim":"0.01@45","ids":""}
JS: {"t":43,"stage":2,"mode":"ship","ship":[226.5,67.6,-244.6],"sv":0,"landed":false,"hull":100,"pilot":null,"suit":100,"raiders":0,"kills":3,"auto":"land ruby","bolts":{"fired":33,"hits":13,"raiderHits":12,"last":"4611686018427387911:box"},"aim":"0.01@45","ids":""}
JS: {"t":44,"stage":2,"mode":"ship","ship":[226.5,67.6,-244.6],"sv":0,"landed":false,"hull":100,"pilot":null,"suit":100,"raiders":0,"kills":3,"auto":"land ruby","bolts":{"fired":33,"hits":13,"raiderHits":12,"last":"4611686018427387911:box"},"aim":"0.01@45","ids":""}
JS: {"t":45,"stage":2,"mode":"ship","ship":[226.5,67.6,-244.6],"sv":0,"landed":false,"hull":100,"pilot":null,"suit":100,"raiders":0,"kills":3,"auto":"land ruby","bolts":{"fired":33,"hits":13,"raiderHits":12,"last":"4611686018427387911:box"},"aim":"0.01@45","ids":""}
JS: {"t":46,"stage":2,"mode":"ship","ship":[226.5,67.6,-244.6],"sv":0,"landed":false,"hull":100,"pilot":null,"suit":100,"raiders":0,"kills":3,"auto":"land ruby","bolts":{"fired":33,"hits":13,"raiderHits":12,"last":"4611686018427387911:box"},"aim":"0.01@45","ids":""}
JS: {"t":47,"stage":2,"mode":"ship","ship":[226.5,67.6,-244.6],"sv":0,"landed":false,"hull":100,"pilot":null,"suit":100,"raiders":0,"kills":3,"auto":"land ruby","bolts":{"fired":33,"hits":13,"raiderHits":12,"last":"4611686018427387911:box"},"aim":"0.01@45","ids":""}
JS: {"t":48,"stage":2,"mode":"ship","ship":[226.5,67.6,-244.6],"sv":0,"landed":false,"hull":100,"pilot":null,"suit":100,"raiders":0,"kills":3,"auto":"land ruby","bolts":{"fired":33,"hits":13,"raiderHits":12,"last":"4611686018427387911:box"},"aim":"0.01@45","ids":""}
JS: {"t":49,"stage":2,"mode":"ship","ship":[226.5,67.6,-244.6],"sv":0,"landed":false,"hull":100,"pilot":null,"suit":100,"raiders":0,"kills":3,"auto":"land ruby","bolts":{"fired":33,"hits":13,"raiderHits":12,"last":"4611686018427387911:box"},"aim":"0.01@45","ids":""}
JS: {"t":50,"stage":2,"mode":"ship","ship":[226.5,67.6,-244.6],"sv":0,"landed":false,"hull":100,"pilot":null,"suit":100,"raiders":0,"kills":3,"auto":"land ruby","bolts":{"fired":33,"hits":13,"raiderHits":12,"last":"4611686018427387911:box"},"aim":"0.01@45","ids":""}
JS: {"t":51,"stage":2,"mode":"ship","ship":[226.5,67.6,-244.6],"sv":0,"landed":false,"hull":100,"pilot":null,"suit":100,"raiders":0,"kills":3,"auto":"land ruby","bolts":{"fired":33,"hits":13,"raiderHits":12,"last":"4611686018427387911:box"},"aim":"0.01@45","ids":""}
JS: {"t":52,"stage":2,"mode":"ship","ship":[226.5,67.6,-244.6],"sv":0,"landed":false,"hull":100,"pilot":null,"suit":100,"raiders":0,"kills":3,"auto":"land ruby","bolts":{"fired":33,"hits":13,"raiderHits":12,"last":"4611686018427387911:box"},"aim":"0.01@45","ids":""}
JS: {"t":53,"stage":2,"mode":"ship","ship":[226.5,67.6,-244.6],"sv":0,"landed":false,"hull":100,"pilot":null,"suit":100,"raiders":0,"kills":3,"auto":"land ruby","bolts":{"fired":33,"hits":13,"raiderHits":12,"last":"4611686018427387911:box"},"aim":"0.01@45","ids":""}
JS: {"t":54,"stage":2,"mode":"ship","ship":[226.5,67.6,-244.6],"sv":0,"landed":false,"hull":100,"pilot":null,"suit":100,"raiders":0,"kills":3,"auto":"land ruby","bolts":{"fired":33,"hits":13,"raiderHits":12,"last":"4611686018427387911:box"},"aim":"0.01@45","ids":""}
JS: {"t":55,"stage":2,"mode":"ship","ship":[226.5,67.6,-244.6],"sv":0,"landed":false,"hull":100,"pilot":null,"suit":100,"raiders":0,"kills":3,"auto":"land ruby","bolts":{"fired":33,"hits":13,"raiderHits":12,"last":"4611686018427387911:box"},"aim":"0.01@45","ids":""}
JS: {"t":56,"stage":2,"mode":"ship","ship":[226.5,67.6,-244.6],"sv":0,"landed":false,"hull":100,"pilot":null,"suit":100,"raiders":0,"kills":3,"auto":"land ruby","bolts":{"fired":33,"hits":13,"raiderHits":12,"last":"4611686018427387911:box"},"aim":"0.01@45","ids":""}
JS: {"t":57,"stage":2,"mode":"ship","ship":[226.5,67.6,-244.6],"sv":0,"landed":false,"hull":100,"pilot":null,"suit":100,"raiders":0,"kills":3,"auto":"land ruby","bolts":{"fired":33,"hits":13,"raiderHits":12,"last":"4611686018427387911:box"},"aim":"0.01@45","ids":""}
JS: AUTO timeout land ruby
JS: AUTO settle
JS: {"t":58,"stage":2,"mode":"ship","ship":[226.5,67.6,-244.6],"sv":0,"landed":false,"hull":100,"pilot":null,"suit":100,"raiders":0,"kills":3,"auto":"settle","bolts":{"fired":33,"hits":13,"raiderHits":12,"last":"4611686018427387911:box"},"aim":"0.01@45","ids":""}
JS: AUTO exit
JS: AUTO walk to core
JS: {"t":59,"stage":2,"mode":"ship","ship":[230,71.6,-245.8],"sv":24.5,"landed":false,"hull":100,"pilot":null,"suit":100,"raiders":0,"kills":3,"auto":"walk to core","bolts":{"fired":33,"hits":13,"raiderHits":12,"last":"4611686018427387911:box"},"aim":"0.01@45","ids":""}
JS: {"t":60,"stage":2,"mode":"ship","ship":[267.3,105.2,-261.3],"sv":78.7,"landed":false,"hull":100,"pilot":null,"suit":100,"raiders":0,"kills":3,"auto":"walk to core","bolts":{"fired":33,"hits":13,"raiderHits":12,"last":"4611686018427387911:box"},"aim":"0.01@45","ids":""}
JS: {"t":61,"stage":2,"mode":"ship","ship":[352.5,141.6,-309.7],"sv":129,"landed":false,"hull":100,"pilot":null,"suit":100,"raiders":0,"kills":3,"auto":"walk to core","bolts":{"fired":33,"hits":13,"raiderHits":12,"last":"4611686018427387911:box"},"aim":"0.01@45","ids":""}
JS: {"t":62,"stage":2,"mode":"ship","ship":[462.7,174.5,-376.3],"sv":126.3,"landed":false,"hull":100,"pilot":null,"suit":100,"raiders":0,"kills":3,"auto":"walk to core","bolts":{"fired":33,"hits":13,"raiderHits":12,"last":"4611686018427387911:box"},"aim":"0.01@45","ids":""}
JS: {"t":63,"stage":2,"mode":"ship","ship":[552.6,194.4,-425.6],"sv":72,"landed":false,"hull":100,"pilot":null,"suit":100,"raiders":0,"kills":3,"auto":"walk to core","bolts":{"fired":33,"hits":13,"raiderHits":12,"last":"4611686018427387911:box"},"aim":"0.01@45","ids":""}
JS: {"t":64,"stage":2,"mode":"ship","ship":[576.9,189.3,-425.3],"sv":39.6,"landed":false,"hull":100,"pilot":null,"suit":100,"raiders":0,"kills":3,"auto":"walk to core","bolts":{"fired":33,"hits":13,"raiderHits":12,"last":"4611686018427387911:box"},"aim":"0.01@45","ids":""}
JS: {"t":65,"stage":2,"mode":"ship","ship":[522.7,159.8,-370.2],"sv":115.6,"landed":false,"hull":100,"pilot":null,"suit":100,"raiders":0,"kills":3,"auto":"walk to core","bolts":{"fired":33,"hits":13,"raiderHits":12,"last":"4611686018427387911:box"},"aim":"0.01@45","ids":""}
JS: {"t":66,"stage":2,"mode":"ship","ship":[437.8,123.7,-295.4],"sv":107.3,"landed":false,"hull":100,"pilot":null,"suit":100,"raiders":0,"kills":3,"auto":"walk to core","bolts":{"fired":33,"hits":13,"raiderHits":12,"last":"4611686018427387911:box"},"aim":"0.01@45","ids":""}
JS: {"t":67,"stage":2,"mode":"ship","ship":[385.5,99.5,-240.7],"sv":53,"landed":false,"hull":100,"pilot":null,"suit":100,"raiders":0,"kills":3,"auto":"walk to core","bolts":{"fired":33,"hits":13,"raiderHits":12,"last":"4611686018427387911:box"},"aim":"0.01@45","ids":""}
JS: {"t":68,"stage":2,"mode":"ship","ship":[380.1,89.5,-214.5],"sv":21.7,"landed":false,"hull":100,"pilot":null,"suit":100,"raiders":0,"kills":3,"auto":"walk to core","bolts":{"fired":33,"hits":13,"raiderHits":12,"last":"4611686018427387911:box"},"aim":"0.01@45","ids":""}
JS: {"t":69,"stage":2,"mode":"ship","ship":[421.6,92.9,-217],"sv":67.4,"landed":false,"hull":100,"pilot":null,"suit":100,"raiders":0,"kills":3,"auto":"walk to core","bolts":{"fired":33,"hits":13,"raiderHits":12,"last":"4611686018427387911:box"},"aim":"0.01@45","ids":""}
JS: {"t":70,"stage":2,"mode":"ship","ship":[508.7,109.3,-248],"sv":113.9,"landed":false,"hull":100,"pilot":null,"suit":100,"raiders":0,"kills":3,"auto":"walk to core","bolts":{"fired":33,"hits":13,"raiderHits":12,"last":"4611686018427387911:box"},"aim":"0.01@45","ids":""}
JS: {"t":71,"stage":2,"mode":"ship","ship":[602.9,130.6,-295.3],"sv":88,"landed":false,"hull":100,"pilot":null,"suit":100,"raiders":0,"kills":3,"auto":"walk to core","bolts":{"fired":33,"hits":13,"raiderHits":12,"last":"4611686018427387911:box"},"aim":"0.01@45","ids":""}
JS: {"t":72,"stage":2,"mode":"ship","ship":[632.5,142.7,-332.3],"sv":30.1,"landed":false,"hull":100,"pilot":null,"suit":100,"raiders":0,"kills":3,"auto":"walk to core","bolts":{"fired":33,"hits":13,"raiderHits":12,"last":"4611686018427387911:box"},"aim":"0.01@45","ids":""}
JS: {"t":73,"stage":2,"mode":"ship","ship":[570.7,139.3,-342.6],"sv":99.4,"landed":false,"hull":100,"pilot":null,"suit":100,"raiders":0,"kills":3,"auto":"walk to core","bolts":{"fired":33,"hits":13,"raiderHits":12,"last":"4611686018427387911:box"},"aim":"0.01@45","ids":""}
JS: {"t":74,"stage":2,"mode":"ship","ship":[455.9,126.9,-334.3],"sv":118,"landed":false,"hull":100,"pilot":null,"suit":100,"raiders":0,"kills":3,"auto":"walk to core","bolts":{"fired":33,"hits":13,"raiderHits":12,"last":"4611686018427387911:box"},"aim":"0.01@45","ids":""}
JS: {"t":75,"stage":2,"mode":"ship","ship":[357.6,120.9,-336.9],"sv":77.7,"landed":false,"hull":100,"pilot":null,"suit":100,"raiders":0,"kills":3,"auto":"walk to core","bolts":{"fired":33,"hits":13,"raiderHits":12,"last":"4611686018427387911:box"},"aim":"0.01@45","ids":""}
JS: {"t":76,"stage":2,"mode":"ship","ship":[305.4,128.7,-367.7],"sv":55.4,"landed":false,"hull":100,"pilot":null,"suit":100,"raiders":0,"kills":3,"auto":"walk to core","bolts":{"fired":33,"hits":13,"raiderHits":12,"last":"4611686018427387911:box"},"aim":"0.01@45","ids":""}
JS: {"t":77,"stage":2,"mode":"ship","ship":[300.1,149.9,-427.2],"sv":80.6,"landed":false,"hull":100,"pilot":null,"suit":100,"raiders":0,"kills":3,"auto":"walk to core","bolts":{"fired":33,"hits":13,"raiderHits":12,"last":"4611686018427387911:box"},"aim":"0.01@45","ids":""}
JS: {"t":78,"stage":2,"mode":"ship","ship":[335.5,179.8,-504.5],"sv":89.8,"landed":false,"hull":100,"pilot":null,"suit":100,"raiders":0,"kills":3,"auto":"walk to core","bolts":{"fired":33,"hits":13,"raiderHits":12,"last":"4611686018427387911:box"},"aim":"0.01@45","ids":""}
JS: {"t":79,"stage":2,"mode":"ship","ship":[383.1,198.1,-550.5],"sv":46.3,"landed":false,"hull":100,"pilot":null,"suit":100,"raiders":0,"kills":3,"auto":"walk to core","bolts":{"fired":33,"hits":13,"raiderHits":12,"last":"4611686018427387911:box"},"aim":"0.01@45","ids":""}
JS: {"t":80,"stage":2,"mode":"ship","ship":[415.7,189.7,-526.3],"sv":67.8,"landed":false,"hull":100,"pilot":null,"suit":100,"raiders":0,"kills":3,"auto":"walk to core","bolts":{"fired":33,"hits":13,"raiderHits":12,"last":"4611686018427387911:box"},"aim":"0.01@45","ids":""}
JS: {"t":81,"stage":2,"mode":"ship","ship":[427.2,157.1,-438.7],"sv":113.3,"landed":false,"hull":100,"pilot":null,"suit":100,"raiders":0,"kills":3,"auto":"walk to core","bolts":{"fired":33,"hits":13,"raiderHits":12,"last":"4611686018427387911:box"},"aim":"0.01@45","ids":""}
JS: {"t":82,"stage":2,"mode":"ship","ship":[438.4,117.5,-330.2],"sv":112.8,"landed":false,"hull":100,"pilot":null,"suit":100,"raiders":0,"kills":3,"auto":"walk to core","bolts":{"fired":33,"hits":13,"raiderHits":12,"last":"4611686018427387911:box"},"aim":"0.01@45","ids":""}
JS: {"t":83,"stage":2,"mode":"ship","ship":[479.4,86.2,-238.1],"sv":103,"landed":false,"hull":100,"pilot":null,"suit":100,"raiders":0,"kills":3,"auto":"walk to core","bolts":{"fired":33,"hits":13,"raiderHits":12,"last":"4611686018427387911:box"},"aim":"0.01@45","ids":""}
JS: {"t":84,"stage":2,"mode":"ship","ship":[551.7,66,-170.9],"sv":95.9,"landed":false,"hull":100,"pilot":null,"suit":100,"raiders":0,"kills":3,"auto":"walk to core","bolts":{"fired":33,"hits":13,"raiderHits":12,"last":"4611686018427387911:box"},"aim":"0.01@45","ids":""}
JS: {"t":85,"stage":2,"mode":"ship","ship":[614.6,53.8,-128.3],"sv":51.4,"landed":false,"hull":100,"pilot":null,"suit":100,"raiders":0,"kills":3,"auto":"walk to core","bolts":{"fired":33,"hits":13,"raiderHits":12,"last":"4611686018427387911:box"},"aim":"0.01@45","ids":""}
JS: {"t":86,"stage":2,"mode":"ship","ship":[623.5,48.8,-115.3],"sv":24.1,"landed":false,"hull":100,"pilot":null,"suit":100,"raiders":0,"kills":3,"auto":"walk to core","bolts":{"fired":33,"hits":13,"raiderHits":12,"last":"4611686018427387911:box"},"aim":"0.01@45","ids":""}
JS: {"t":87,"stage":2,"mode":"ship","ship":[572,51.9,-134.5],"sv":79.5,"landed":false,"hull":100,"pilot":null,"suit":100,"raiders":0,"kills":3,"auto":"walk to core","bolts":{"fired":33,"hits":13,"raiderHits":12,"last":"4611686018427387911:box"},"aim":"0.01@45","ids":""}
JS: {"t":88,"stage":2,"mode":"ship","ship":[498.3,64.3,-182.4],"sv":92.1,"landed":false,"hull":100,"pilot":null,"suit":100,"raiders":0,"kills":3,"auto":"walk to core","bolts":{"fired":33,"hits":13,"raiderHits":12,"last":"4611686018427387911:box"},"aim":"0.01@45","ids":""}
JS: {"t":89,"stage":2,"mode":"ship","ship":[452.9,88.6,-257.6],"sv":97.2,"landed":false,"hull":100,"pilot":null,"suit":100,"raiders":0,"kills":3,"auto":"walk to core","bolts":{"fired":33,"hits":13,"raiderHits":12,"last":"4611686018427387911:box"},"aim":"0.01@45","ids":""}
JS: {"t":90,"stage":2,"mode":"ship","ship":[450.8,125.4,-359.7],"sv":119,"landed":false,"hull":100,"pilot":null,"suit":100,"raiders":0,"kills":3,"auto":"walk to core","bolts":{"fired":33,"hits":13,"raiderHits":12,"last":"4611686018427387911:box"},"aim":"0.01@45","ids":""}
JS: {"t":91,"stage":2,"mode":"ship","ship":[463.5,164.6,-466.3],"sv":99.9,"landed":false,"hull":100,"pilot":null,"suit":100,"raiders":0,"kills":3,"auto":"walk to core","bolts":{"fired":33,"hits":13,"raiderHits":12,"last":"4611686018427387911:box"},"aim":"0.01@45","ids":""}
JS: {"t":92,"stage":2,"mode":"ship","ship":[451.7,186.7,-530.6],"sv":44.2,"landed":false,"hull":100,"pilot":null,"suit":100,"raiders":0,"kills":3,"auto":"walk to core","bolts":{"fired":33,"hits":13,"raiderHits":12,"last":"4611686018427387911:box"},"aim":"0.01@45","ids":""}
JS: {"t":93,"stage":2,"mode":"ship","ship":[403,180.3,-522.6],"sv":77.6,"landed":false,"hull":100,"pilot":null,"suit":100,"raiders":0,"kills":3,"auto":"walk to core","bolts":{"fired":33,"hits":13,"raiderHits":12,"last":"4611686018427387911:box"},"aim":"0.01@45","ids":""}
JS: {"t":94,"stage":2,"mode":"ship","ship":[339.5,152.7,-458.4],"sv":100.6,"landed":false,"hull":100,"pilot":null,"suit":100,"raiders":0,"kills":3,"auto":"walk to core","bolts":{"fired":33,"hits":13,"raiderHits":12,"last":"4611686018427387911:box"},"aim":"0.01@45","ids":""}
JS: {"t":95,"stage":2,"mode":"ship","ship":[300.7,125.4,-389.9],"sv":61.9,"landed":false,"hull":100,"pilot":null,"suit":100,"raiders":0,"kills":3,"auto":"walk to core","bolts":{"fired":33,"hits":13,"raiderHits":12,"last":"4611686018427387911:box"},"aim":"0.01@45","ids":""}
JS: {"t":96,"stage":2,"mode":"ship","ship":[307.8,110.9,-348.9],"sv":41.2,"landed":false,"hull":100,"pilot":null,"suit":100,"raiders":0,"kills":3,"auto":"walk to core","bolts":{"fired":33,"hits":13,"raiderHits":12,"last":"4611686018427387911:box"},"aim":"0.01@45","ids":""}
JS: {"t":97,"stage":2,"mode":"ship","ship":[361.9,109.7,-336.6],"sv":77.3,"landed":false,"hull":100,"pilot":null,"suit":100,"raiders":0,"kills":3,"auto":"walk to core","bolts":{"fired":33,"hits":13,"raiderHits":12,"last":"4611686018427387911:box"},"aim":"0.01@45","ids":""}
JS: {"t":98,"stage":2,"mode":"ship","ship":[461.5,121.3,-352.2],"sv":119.6,"landed":false,"hull":100,"pilot":null,"suit":100,"raiders":0,"kills":3,"auto":"walk to core","bolts":{"fired":33,"hits":13,"raiderHits":12,"last":"4611686018427387911:box"},"aim":"0.01@45","ids":""}
JS: AUTO timeout walk to core
JS: AUTO wait core
JS: {"t":99,"stage":2,"mode":"ship","ship":[554.3,133.4,-370.4],"sv":31.4,"landed":false,"hull":100,"pilot":null,"suit":100,"raiders":0,"kills":3,"auto":"wait core","bolts":{"fired":33,"hits":13,"raiderHits":12,"last":"4611686018427387911:box"},"aim":"0.01@45","ids":""}
JS: AUTO walk to ship
JS: {"t":100,"stage":2,"mode":"ship","ship":[537.9,125.3,-351.4],"sv":58.2,"landed":false,"hull":100,"pilot":null,"suit":100,"raiders":0,"kills":3,"auto":"walk to ship","bolts":{"fired":33,"hits":13,"raiderHits":12,"last":"4611686018427387911:box"},"aim":"0.01@45","ids":""}
JS: {"t":101,"stage":2,"mode":"ship","ship":[483.6,106.2,-308.5],"sv":75.5,"landed":false,"hull":100,"pilot":null,"suit":100,"raiders":0,"kills":3,"auto":"walk to ship","bolts":{"fired":33,"hits":13,"raiderHits":12,"last":"4611686018427387911:box"},"aim":"0.01@45","ids":""}
JS: {"t":102,"stage":2,"mode":"ship","ship":[442.9,88.7,-267.1],"sv":40.9,"landed":false,"hull":100,"pilot":null,"suit":100,"raiders":0,"kills":3,"auto":"walk to ship","bolts":{"fired":33,"hits":13,"raiderHits":12,"last":"4611686018427387911:box"},"aim":"0.01@45","ids":""}
JS: {"t":103,"stage":2,"mode":"ship","ship":[447.5,80.5,-243.9],"sv":31.6,"landed":false,"hull":100,"pilot":null,"suit":100,"raiders":0,"kills":3,"auto":"walk to ship","bolts":{"fired":33,"hits":13,"raiderHits":12,"last":"4611686018427387911:box"},"aim":"0.01@45","ids":""}
JS: {"t":104,"stage":2,"mode":"ship","ship":[498.8,81.8,-239],"sv":69.3,"landed":false,"hull":100,"pilot":null,"suit":100,"raiders":0,"kills":3,"auto":"walk to ship","bolts":{"fired":33,"hits":13,"raiderHits":12,"last":"4611686018427387911:box"},"aim":"0.01@45","ids":""}
JS: {"t":105,"stage":2,"mode":"ship","ship":[569.3,87.3,-242.7],"sv":62.8,"landed":false,"hull":100,"pilot":null,"suit":100,"raiders":0,"kills":3,"auto":"walk to ship","bolts":{"fired":33,"hits":13,"raiderHits":12,"last":"4611686018427387911:box"},"aim":"0.01@45","ids":""}
JS: {"t":106,"stage":2,"mode":"ship","ship":[607.3,88.6,-240.4],"sv":12.6,"landed":false,"hull":100,"pilot":null,"suit":100,"raiders":0,"kills":3,"auto":"walk to ship","bolts":{"fired":33,"hits":13,"raiderHits":12,"last":"4611686018427387911:box"},"aim":"0.01@45","ids":""}
JS: {"t":107,"stage":2,"mode":"ship","ship":[584.8,82,-226.3],"sv":54.5,"landed":false,"hull":100,"pilot":null,"suit":100,"raiders":0,"kills":3,"auto":"walk to ship","bolts":{"fired":33,"hits":13,"raiderHits":12,"last":"4611686018427387911:box"},"aim":"0.01@45","ids":""}
JS: {"t":108,"stage":2,"mode":"ship","ship":[520.1,70.7,-206.2],"sv":73.1,"landed":false,"hull":100,"pilot":null,"suit":100,"raiders":0,"kills":3,"auto":"walk to ship","bolts":{"fired":33,"hits":13,"raiderHits":12,"last":"4611686018427387911:box"},"aim":"0.01@45","ids":""}
JS: {"t":109,"stage":2,"mode":"ship","ship":[464.3,62.4,-192.8],"sv":36.6,"landed":false,"hull":100,"pilot":null,"suit":100,"raiders":0,"kills":3,"auto":"walk to ship","bolts":{"fired":33,"hits":13,"raiderHits":12,"last":"4611686018427387911:box"},"aim":"0.01@45","ids":""}
JS: {"t":110,"stage":2,"mode":"ship","ship":[452.3,62.4,-195],"sv":15.9,"landed":false,"hull":100,"pilot":null,"suit":100,"raiders":0,"kills":3,"auto":"walk to ship","bolts":{"fired":33,"hits":13,"raiderHits":12,"last":"4611686018427387911:box"},"aim":"0.01@45","ids":""}
Consumer observation frames=6600 scriptErrors=0
Renderer fragment texture units: 32 (material path uses 12)
World state: disk saves disabled for additive compositions
Project: Judas Three Games (/tmp/judas-post-m65-6u2_hdyv/project/post_m65_consumers.judasproj)
Scene: Void Courier (/tmp/judas-post-m65-6u2_hdyv/project/Scenes/void/system.judas)
World origin (m): 0.000, 0.000, 0.000
