libEGL warning: Not allowed to force software rendering when API explicitly selects a hardware device.
Renderer fragment texture units: 32 (material path uses 12)
M31 resource stress: generating 24 sphere meshes (160x160) and 16 1024x1024 textures under /tmp/judas_m31_stress_16782
  137.5 MB of asset files
  7 workers, scene 'Tiny game' playing (3 dynamic bodies)
  async: all 40 assets Ready after 1.24 s; per-asset latency (request->Ready) min 281 ms avg 922 ms max 1238 ms; 40 uploads; resident 268.1 MB (peak 268.1 MB)
  cancel: 20 loads cancelled by dropped demand, 10 stale completions discarded, 20 ready, 0 loading
  evict: budget 57.9 MB -> resident 115.8 MB before, 85.3 MB after, 4 evictions; referenced textures survived: yes
  reload: 4 evicted meshes re-requested and Ready again after 0.47 s
  blocking: all 40 assets loaded on the main thread in 3.78 s (one per frame)

Per-phase main-thread measurements (frame = pump + play frame + swap; 60 Hz fixed step):
  baseline (no loads)          frames  120 | frame avg  10.31 ms p99  15.18 ms max  497.40 ms (pump max   0.00 ms) | >33 ms:   1 | fixed steps    55 (expected ~   78, 1 saturated) | queue max  0 avg   0.0 | worker util   0.0% | jobs done 0
  async load (40 assets)       frames   31 | frame avg  38.80 ms p99 255.49 ms max  255.49 ms (pump max 245.71 ms) | >33 ms:  10 | fixed steps    66 (expected ~   74, 1 saturated) | queue max 33 avg  16.2 | worker util  84.3% | jobs done 40
  cancel + release             frames    1 | frame avg  30.19 ms p99  30.19 ms max   30.19 ms (pump max   0.12 ms) | >33 ms:   0 | fixed steps     0 (expected ~    2, 0 saturated) | queue max  3 avg   3.0 | worker util   1.1% | jobs done 0
  evict + reload               frames   28 | frame avg  16.46 ms p99  29.81 ms max   29.81 ms (pump max   6.88 ms) | >33 ms:   0 | fixed steps    30 (expected ~   29, 0 saturated) | queue max  3 avg   1.0 | worker util  82.3% | jobs done 10
  BLOCKING load (40 assets)    frames   40 | frame avg  94.11 ms p99 147.60 ms max  147.60 ms (pump max   0.00 ms) | >33 ms:  27 | fixed steps   220 (expected ~  227, 22 saturated) | queue max  0 avg   0.0 | worker util   0.0% | jobs done 0

Claim under test: expensive resource preparation no longer forces the main thread to wait for the whole operation.
  async  : worst frame  255.49 ms,  10 frames over 33 ms, 1 saturated catch-up frames, wall 1.24 s
  blocking: worst frame  147.60 ms,  27 frames over 33 ms, 22 saturated catch-up frames, wall 3.78 s
  (the work itself is not free: worker busy time during the async phase was 7.31 s across 7 workers)

shutdown clean (resources, workers, renderer, window in that order); temporary project removed
