[  5%] Built target judas_icu_build
[ 10%] Built target judas_quickjs
[ 20%] Built target judas_navigation_backend
[ 40%] Built target freetype
[ 40%] Built target judas_glad
[ 40%] Built target judas_profiler
[ 45%] Built target judas_audio_backend
[ 45%] Built target harfbuzz
[ 45%] Built target judas_materials
[ 50%] Building CXX object CMakeFiles/judas_engine.dir/src/WorldStreaming.cpp.o
[ 50%] Linking CXX static library libjudas_engine.a
[100%] Built target judas_engine
[100%] Building CXX object CMakeFiles/judas_streaming_tests.dir/tests/WorldStreamingTests.cpp.o
[100%] Linking CXX executable judas_streaming_tests
[100%] Built target judas_streaming_tests
[  9%] Built target judas_quickjs
[  9%] Built target judas_icu_build
[ 19%] Built target judas_navigation_backend
[ 38%] Built target freetype
[ 38%] Built target judas_profiler
[ 38%] Built target judas_glad
[ 42%] Built target judas_audio_backend
[ 42%] Built target judas_materials
[ 42%] Built target harfbuzz
[ 95%] Built target judas_engine
[100%] Linking CXX executable judas_streaming_application_tests
[100%] Built target judas_streaming_application_tests
[  4%] Built target judas_icu_build
[  9%] Built target judas_quickjs
[ 19%] Built target judas_navigation_backend
[ 38%] Built target freetype
[ 42%] Built target judas_glad
[ 42%] Built target judas_audio_backend
[ 42%] Built target judas_profiler
[ 42%] Built target harfbuzz
[ 42%] Built target judas_materials
[ 95%] Built target judas_engine
[ 95%] Linking CXX executable judas_streaming_revisit_tests
[100%] Built target judas_streaming_revisit_tests
[  4%] Built target judas_icu_build
[  9%] Built target judas_quickjs
[ 19%] Built target judas_navigation_backend
[ 38%] Built target freetype
[ 42%] Built target judas_glad
[ 42%] Built target judas_audio_backend
[ 42%] Built target judas_profiler
[ 42%] Built target harfbuzz
[ 42%] Built target judas_materials
[ 95%] Built target judas_engine
[ 95%] Linking CXX executable judas
[100%] Built target judas
[  9%] Built target judas_quickjs
[  9%] Built target judas_icu_build
[ 19%] Built target judas_navigation_backend
[ 38%] Built target freetype
[ 38%] Built target judas_glad
[ 38%] Built target judas_profiler
[ 42%] Built target judas_audio_backend
[ 42%] Built target harfbuzz
[ 42%] Built target judas_materials
[ 95%] Built target judas_engine
[100%] Linking CXX executable judas_export
[100%] Built target judas_export
