[  4%] Built target judas_icu_build
[  9%] Built target judas_quickjs
[ 19%] Built target judas_navigation_backend
[ 38%] Built target freetype
[ 42%] Built target judas_profiler
[ 42%] Built target judas_glad
[ 42%] Built target judas_audio_backend
[ 42%] Built target harfbuzz
[ 42%] Built target judas_materials
[ 47%] Building CXX object CMakeFiles/judas_engine.dir/src/WorldStreaming.cpp.o
[ 47%] Linking CXX static library libjudas_engine.a
[ 95%] Built target judas_engine
[100%] Building CXX object CMakeFiles/judas_streaming_revisit_tests.dir/tests/StreamingRevisitTests.cpp.o
/home/conner/Documents/GitHub/Project-Judas/tests/StreamingRevisitTests.cpp: In lambda function:
/home/conner/Documents/GitHub/Project-Judas/tests/StreamingRevisitTests.cpp:24:45: error: inconsistent deduction for ‘auto’: ‘JointHandle’ and then ‘std::_Rb_tree_iterator<std::pair<const long unsigned int, std::tuple<JointHandle, BodyHandle, BodyHandle> > >’
   24 |   for(auto& o:w.ScriptObjects())if(o.joint){auto joint=w.RuntimeJoint(o.id),old=jointHistory.find(o.id);auto a=w.RuntimeBody(o.joint->bodyA),b=w.RuntimeBody(o.joint->bodyB);if(old!=jointHistory.end()&&std::get<0>(old->second).id!=joint.id)std::printf("JOINT_REBIND frame=%u owner=%s entity=%llu joint=%llu->%llu bodyA=%u->%u bodyB=%u->%u\n",frames,stream->Owner(o.id).c_str(),(unsigned long long)o.id,(unsigned long long)std::get<0>(old->second).id,(unsigned long long)joint.id,std::get<1>(old->second).id,a.id,std::get<2>(old->second).id,b.id);jointHistory[o.id]={joint,a,b};}
      |                                             ^~~~
gmake[3]: *** [CMakeFiles/judas_streaming_revisit_tests.dir/build.make:79: CMakeFiles/judas_streaming_revisit_tests.dir/tests/StreamingRevisitTests.cpp.o] Error 1
gmake[2]: *** [CMakeFiles/Makefile2:6009: CMakeFiles/judas_streaming_revisit_tests.dir/all] Error 2
gmake[1]: *** [CMakeFiles/Makefile2:6016: CMakeFiles/judas_streaming_revisit_tests.dir/rule] Error 2
gmake: *** [Makefile:2009: judas_streaming_revisit_tests] Error 2
