libEGL warning: Not allowed to force software rendering when API explicitly selects a hardware device.
Renderer fragment texture units: 32 (material path uses 12)
World state: disk saves disabled for additive compositions
Project: Streamed Spring Range (/home/conner/Documents/GitHub/Project-Judas/projects/streamed_range/streamed_range.judasproj)
Scene: Streamed Spring Range (/home/conner/Documents/GitHub/Project-Judas/projects/streamed_range/Scenes/bootstrap.judas)
World origin (m): 0.000, 0.000, 0.000
Localization: missing localization key range.score
Localization: missing localization key range.progress
Localization: missing localization key range.start
Localization: missing localization key range.language
Localization: missing localization key range.title
Localization: missing localization key range.controls
Localization: missing localization key stream.wait
script asset=d3494a425f07c5773e72e0714385354e entity=4611686018427387905 slot=1 fixedUpdate: ReferenceError: stale joint handle
    at __judas (native)
    at call (judas:2:51)
    at get state (judas:146:21)
    at fixedUpdate (Assets/scripts/target.js:7:2)

script asset=d3494a425f07c5773e72e0714385354e entity=4611686018427387908 slot=1 fixedUpdate: ReferenceError: stale joint handle
    at __judas (native)
    at call (judas:2:51)
    at get state (judas:146:21)
    at fixedUpdate (Assets/scripts/target.js:7:2)

script asset=d3494a425f07c5773e72e0714385354e entity=4611686018427387940 slot=1 fixedUpdate: ReferenceError: stale joint handle
    at __judas (native)
    at call (judas:2:51)
    at get state (judas:146:21)
    at fixedUpdate (Assets/scripts/target.js:7:2)

script asset=d3494a425f07c5773e72e0714385354e entity=4611686018427387943 slot=1 fixedUpdate: ReferenceError: stale joint handle
    at __judas (native)
    at call (judas:2:51)
    at get state (judas:146:21)
    at fixedUpdate (Assets/scripts/target.js:7:2)

script asset=d3494a425f07c5773e72e0714385354e entity=4611686018427387953 slot=1 fixedUpdate: ReferenceError: stale joint handle
    at __judas (native)
    at call (judas:2:51)
    at get state (judas:146:21)
    at fixedUpdate (Assets/scripts/target.js:7:2)

script asset=d3494a425f07c5773e72e0714385354e entity=4611686018427387956 slot=1 fixedUpdate: ReferenceError: stale joint handle
    at __judas (native)
    at call (judas:2:51)
    at get state (judas:146:21)
    at fixedUpdate (Assets/scripts/target.js:7:2)

script asset=d3494a425f07c5773e72e0714385354e entity=4611686018427387966 slot=1 fixedUpdate: ReferenceError: stale joint handle
    at __judas (native)
    at call (judas:2:51)
    at get state (judas:146:21)
    at fixedUpdate (Assets/scripts/target.js:7:2)

script asset=d3494a425f07c5773e72e0714385354e entity=4611686018427387969 slot=1 fixedUpdate: ReferenceError: stale joint handle
    at __judas (native)
    at call (judas:2:51)
    at get state (judas:146:21)
    at fixedUpdate (Assets/scripts/target.js:7:2)

script asset=d3494a425f07c5773e72e0714385354e entity=4611686018427387979 slot=1 fixedUpdate: ReferenceError: stale joint handle
    at __judas (native)
    at call (judas:2:51)
    at get state (judas:146:21)
    at fixedUpdate (Assets/scripts/target.js:7:2)

script asset=d3494a425f07c5773e72e0714385354e entity=4611686018427387982 slot=1 fixedUpdate: ReferenceError: stale joint handle
    at __judas (native)
    at call (judas:2:51)
    at get state (judas:146:21)
    at fixedUpdate (Assets/scripts/target.js:7:2)

script asset=d3494a425f07c5773e72e0714385354e entity=4611686018427387992 slot=1 fixedUpdate: ReferenceError: stale joint handle
    at __judas (native)
    at call (judas:2:51)
    at get state (judas:146:21)
    at fixedUpdate (Assets/scripts/target.js:7:2)

script asset=d3494a425f07c5773e72e0714385354e entity=4611686018427387995 slot=1 fixedUpdate: ReferenceError: stale joint handle
    at __judas (native)
    at call (judas:2:51)
    at get state (judas:146:21)
    at fixedUpdate (Assets/scripts/target.js:7:2)

script asset=d3494a425f07c5773e72e0714385354e entity=4611686018427388005 slot=1 fixedUpdate: ReferenceError: stale joint handle
    at __judas (native)
    at call (judas:2:51)
    at get state (judas:146:21)
    at fixedUpdate (Assets/scripts/target.js:7:2)

script asset=d3494a425f07c5773e72e0714385354e entity=4611686018427388008 slot=1 fixedUpdate: ReferenceError: stale joint handle
    at __judas (native)
    at call (judas:2:51)
    at get state (judas:146:21)
    at fixedUpdate (Assets/scripts/target.js:7:2)

script asset=d3494a425f07c5773e72e0714385354e entity=4611686018427388018 slot=1 fixedUpdate: ReferenceError: stale joint handle
    at __judas (native)
    at call (judas:2:51)
    at get state (judas:146:21)
    at fixedUpdate (Assets/scripts/target.js:7:2)

script asset=d3494a425f07c5773e72e0714385354e entity=4611686018427388021 slot=1 fixedUpdate: ReferenceError: stale joint handle
    at __judas (native)
    at call (judas:2:51)
    at get state (judas:146:21)
    at fixedUpdate (Assets/scripts/target.js:7:2)

script asset=d3494a425f07c5773e72e0714385354e entity=4611686018427388031 slot=1 fixedUpdate: ReferenceError: stale joint handle
    at __judas (native)
    at call (judas:2:51)
    at get state (judas:146:21)
    at fixedUpdate (Assets/scripts/target.js:7:2)

script asset=d3494a425f07c5773e72e0714385354e entity=4611686018427388034 slot=1 fixedUpdate: ReferenceError: stale joint handle
    at __judas (native)
    at call (judas:2:51)
    at get state (judas:146:21)
    at fixedUpdate (Assets/scripts/target.js:7:2)

PASS actual JS motor reaches final gallery
LEG 1 frame=464 retained=113023 integration=2.313356
PASS actual JS motor returns through unloaded galleries to bootstrap
LEG 2 frame=930 retained=507507 integration=6.375815
PASS actual JS motor reaches final gallery
LEG 3 frame=1940 retained=507507 integration=9.752742
PASS actual JS motor returns through unloaded galleries to bootstrap
LEG 4 frame=2406 retained=508235 integration=9.406495
PASS two complete forward/backward traversals
FAIL target and player callbacks remain valid across suspension/revisit
FAULT entity=4611686018427387905 ReferenceError: stale joint handle
    at __judas (native)
    at call (judas:2:51)
    at get state (judas:146:21)
    at fixedUpdate (Assets/scripts/target.js:7:2)

FAULT entity=4611686018427387908 ReferenceError: stale joint handle
    at __judas (native)
    at call (judas:2:51)
    at get state (judas:146:21)
    at fixedUpdate (Assets/scripts/target.js:7:2)

FAULT entity=4611686018427387940 ReferenceError: stale joint handle
    at __judas (native)
    at call (judas:2:51)
    at get state (judas:146:21)
    at fixedUpdate (Assets/scripts/target.js:7:2)

FAULT entity=4611686018427387943 ReferenceError: stale joint handle
    at __judas (native)
    at call (judas:2:51)
    at get state (judas:146:21)
    at fixedUpdate (Assets/scripts/target.js:7:2)

FAULT entity=4611686018427387953 ReferenceError: stale joint handle
    at __judas (native)
    at call (judas:2:51)
    at get state (judas:146:21)
    at fixedUpdate (Assets/scripts/target.js:7:2)

FAULT entity=4611686018427387956 ReferenceError: stale joint handle
    at __judas (native)
    at call (judas:2:51)
    at get state (judas:146:21)
    at fixedUpdate (Assets/scripts/target.js:7:2)

FAULT entity=4611686018427387966 ReferenceError: stale joint handle
    at __judas (native)
    at call (judas:2:51)
    at get state (judas:146:21)
    at fixedUpdate (Assets/scripts/target.js:7:2)

FAULT entity=4611686018427387969 ReferenceError: stale joint handle
    at __judas (native)
    at call (judas:2:51)
    at get state (judas:146:21)
    at fixedUpdate (Assets/scripts/target.js:7:2)

FAULT entity=4611686018427387979 ReferenceError: stale joint handle
    at __judas (native)
    at call (judas:2:51)
    at get state (judas:146:21)
    at fixedUpdate (Assets/scripts/target.js:7:2)

FAULT entity=4611686018427387982 ReferenceError: stale joint handle
    at __judas (native)
    at call (judas:2:51)
    at get state (judas:146:21)
    at fixedUpdate (Assets/scripts/target.js:7:2)

FAULT entity=4611686018427387992 ReferenceError: stale joint handle
    at __judas (native)
    at call (judas:2:51)
    at get state (judas:146:21)
    at fixedUpdate (Assets/scripts/target.js:7:2)

FAULT entity=4611686018427387995 ReferenceError: stale joint handle
    at __judas (native)
    at call (judas:2:51)
    at get state (judas:146:21)
    at fixedUpdate (Assets/scripts/target.js:7:2)

FAULT entity=4611686018427388005 ReferenceError: stale joint handle
    at __judas (native)
    at call (judas:2:51)
    at get state (judas:146:21)
    at fixedUpdate (Assets/scripts/target.js:7:2)

FAULT entity=4611686018427388008 ReferenceError: stale joint handle
    at __judas (native)
    at call (judas:2:51)
    at get state (judas:146:21)
    at fixedUpdate (Assets/scripts/target.js:7:2)

FAULT entity=4611686018427388018 ReferenceError: stale joint handle
    at __judas (native)
    at call (judas:2:51)
    at get state (judas:146:21)
    at fixedUpdate (Assets/scripts/target.js:7:2)

FAULT entity=4611686018427388021 ReferenceError: stale joint handle
    at __judas (native)
    at call (judas:2:51)
    at get state (judas:146:21)
    at fixedUpdate (Assets/scripts/target.js:7:2)

FAULT entity=4611686018427388031 ReferenceError: stale joint handle
    at __judas (native)
    at call (judas:2:51)
    at get state (judas:146:21)
    at fixedUpdate (Assets/scripts/target.js:7:2)

FAULT entity=4611686018427388034 ReferenceError: stale joint handle
    at __judas (native)
    at call (judas:2:51)
    at get state (judas:146:21)
    at fixedUpdate (Assets/scripts/target.js:7:2)

M59_REVISIT frames=2406 leg=4 peak_retained=508235 peak_integration_ms=25.460860
PASS ordinary application shutdown
SUMMARY 7 checks 1 failures
