libEGL warning: Not allowed to force software rendering when API explicitly selects a hardware device.
Renderer fragment texture units: 32 (material path uses 12)
World state: disk saves disabled for additive compositions
Project: Streamed Spring Range (/home/conner/Documents/GitHub/Project-Judas/projects/streamed_range/streamed_range.judasproj)
Scene: Streamed Spring Range (/home/conner/Documents/GitHub/Project-Judas/projects/streamed_range/Scenes/bootstrap.judas)
World origin (m): 0.000, 0.000, 0.000
Localization: missing localization key range.score
Localization: missing localization key range.progress
Localization: missing localization key range.start
Localization: missing localization key range.language
Localization: missing localization key range.title
Localization: missing localization key range.controls
Localization: missing localization key stream.wait
script asset=d3494a425f07c5773e72e0714385354e entity=4611686018427387905 slot=1 fixedUpdate: ReferenceError: stale joint handle
    at __judas (native)
    at call (judas:2:51)
    at get state (judas:146:21)
    at fixedUpdate (Assets/scripts/target.js:7:2)

script asset=d3494a425f07c5773e72e0714385354e entity=4611686018427387908 slot=1 fixedUpdate: ReferenceError: stale joint handle
    at __judas (native)
    at call (judas:2:51)
    at get state (judas:146:21)
    at fixedUpdate (Assets/scripts/target.js:7:2)

script asset=d3494a425f07c5773e72e0714385354e entity=4611686018427387940 slot=1 fixedUpdate: ReferenceError: stale joint handle
    at __judas (native)
    at call (judas:2:51)
    at get state (judas:146:21)
    at fixedUpdate (Assets/scripts/target.js:7:2)

script asset=d3494a425f07c5773e72e0714385354e entity=4611686018427387943 slot=1 fixedUpdate: ReferenceError: stale joint handle
    at __judas (native)
    at call (judas:2:51)
    at get state (judas:146:21)
    at fixedUpdate (Assets/scripts/target.js:7:2)

script asset=d3494a425f07c5773e72e0714385354e entity=4611686018427387953 slot=1 fixedUpdate: ReferenceError: stale joint handle
    at __judas (native)
    at call (judas:2:51)
    at get state (judas:146:21)
    at fixedUpdate (Assets/scripts/target.js:7:2)

script asset=d3494a425f07c5773e72e0714385354e entity=4611686018427387956 slot=1 fixedUpdate: ReferenceError: stale joint handle
    at __judas (native)
    at call (judas:2:51)
    at get state (judas:146:21)
    at fixedUpdate (Assets/scripts/target.js:7:2)

script asset=d3494a425f07c5773e72e0714385354e entity=4611686018427387966 slot=1 fixedUpdate: ReferenceError: stale joint handle
    at __judas (native)
    at call (judas:2:51)
    at get state (judas:146:21)
    at fixedUpdate (Assets/scripts/target.js:7:2)

script asset=d3494a425f07c5773e72e0714385354e entity=4611686018427387969 slot=1 fixedUpdate: ReferenceError: stale joint handle
    at __judas (native)
    at call (judas:2:51)
    at get state (judas:146:21)
    at fixedUpdate (Assets/scripts/target.js:7:2)

script asset=d3494a425f07c5773e72e0714385354e entity=4611686018427387979 slot=1 fixedUpdate: ReferenceError: stale joint handle
    at __judas (native)
    at call (judas:2:51)
    at get state (judas:146:21)
    at fixedUpdate (Assets/scripts/target.js:7:2)

script asset=d3494a425f07c5773e72e0714385354e entity=4611686018427387982 slot=1 fixedUpdate: ReferenceError: stale joint handle
    at __judas (native)
    at call (judas:2:51)
    at get state (judas:146:21)
    at fixedUpdate (Assets/scripts/target.js:7:2)

script asset=d3494a425f07c5773e72e0714385354e entity=4611686018427387992 slot=1 fixedUpdate: ReferenceError: stale joint handle
    at __judas (native)
    at call (judas:2:51)
    at get state (judas:146:21)
    at fixedUpdate (Assets/scripts/target.js:7:2)

script asset=d3494a425f07c5773e72e0714385354e entity=4611686018427387995 slot=1 fixedUpdate: ReferenceError: stale joint handle
    at __judas (native)
    at call (judas:2:51)
    at get state (judas:146:21)
    at fixedUpdate (Assets/scripts/target.js:7:2)

JOINT_REBIND frame=354 owner=gallery-0 entity=4611686018427387906 joint=1->11 bodyA=2->2 bodyB=4294967295->4294967295
JOINT_REBIND frame=354 owner=gallery-0 entity=4611686018427387909 joint=2->12 bodyA=4->4 bodyB=4294967295->4294967295
JOINT_REBIND frame=354 owner=gallery-2 entity=4611686018427387941 joint=5->13 bodyA=24->24 bodyB=4294967295->4294967295
JOINT_REBIND frame=354 owner=gallery-2 entity=4611686018427387944 joint=6->14 bodyA=26->26 bodyB=4294967295->4294967295
JOINT_REBIND frame=354 owner=gallery-3 entity=4611686018427387954 joint=7->15 bodyA=32->32 bodyB=4294967295->4294967295
JOINT_REBIND frame=354 owner=gallery-3 entity=4611686018427387957 joint=8->16 bodyA=34->34 bodyB=4294967295->4294967295
JOINT_REBIND frame=354 owner=gallery-4 entity=4611686018427387967 joint=9->17 bodyA=40->40 bodyB=4294967295->4294967295
JOINT_REBIND frame=354 owner=gallery-4 entity=4611686018427387970 joint=10->18 bodyA=42->42 bodyB=4294967295->4294967295
JOINT_REBIND frame=355 owner=gallery-0 entity=4611686018427387906 joint=11->19 bodyA=2->2 bodyB=4294967295->4294967295
JOINT_REBIND frame=355 owner=gallery-0 entity=4611686018427387909 joint=12->20 bodyA=4->4 bodyB=4294967295->4294967295
JOINT_REBIND frame=355 owner=gallery-2 entity=4611686018427387941 joint=13->21 bodyA=24->24 bodyB=4294967295->4294967295
JOINT_REBIND frame=355 owner=gallery-2 entity=4611686018427387944 joint=14->22 bodyA=26->26 bodyB=4294967295->4294967295
JOINT_REBIND frame=355 owner=gallery-3 entity=4611686018427387954 joint=15->23 bodyA=32->32 bodyB=4294967295->4294967295
JOINT_REBIND frame=355 owner=gallery-3 entity=4611686018427387957 joint=16->24 bodyA=34->34 bodyB=4294967295->4294967295
JOINT_REBIND frame=355 owner=gallery-4 entity=4611686018427387967 joint=17->25 bodyA=40->40 bodyB=4294967295->4294967295
JOINT_REBIND frame=355 owner=gallery-4 entity=4611686018427387970 joint=18->26 bodyA=42->42 bodyB=4294967295->4294967295
PASS actual JS motor reaches final gallery
LEG 1 frame=464 retained=113023 integration=0.999464
JOINT_REBIND frame=492 owner=gallery-0 entity=4611686018427387906 joint=19->29 bodyA=2->2 bodyB=4294967295->4294967295
JOINT_REBIND frame=492 owner=gallery-0 entity=4611686018427387909 joint=20->30 bodyA=4->4 bodyB=4294967295->4294967295
JOINT_REBIND frame=492 owner=gallery-3 entity=4611686018427387954 joint=23->31 bodyA=32->32 bodyB=4294967295->4294967295
JOINT_REBIND frame=492 owner=gallery-3 entity=4611686018427387957 joint=24->32 bodyA=34->34 bodyB=4294967295->4294967295
JOINT_REBIND frame=492 owner=gallery-4 entity=4611686018427387967 joint=25->33 bodyA=40->40 bodyB=4294967295->4294967295
JOINT_REBIND frame=492 owner=gallery-4 entity=4611686018427387970 joint=26->34 bodyA=42->42 bodyB=4294967295->4294967295
JOINT_REBIND frame=492 owner=gallery-5 entity=4611686018427387980 joint=27->35 bodyA=1048592->1048592 bodyB=4294967295->4294967295
JOINT_REBIND frame=492 owner=gallery-5 entity=4611686018427387983 joint=28->36 bodyA=1048594->1048594 bodyB=4294967295->4294967295
JOINT_REBIND frame=493 owner=gallery-0 entity=4611686018427387906 joint=29->37 bodyA=2->2 bodyB=4294967295->4294967295
JOINT_REBIND frame=493 owner=gallery-0 entity=4611686018427387909 joint=30->38 bodyA=4->4 bodyB=4294967295->4294967295
JOINT_REBIND frame=493 owner=gallery-3 entity=4611686018427387954 joint=31->39 bodyA=32->32 bodyB=4294967295->4294967295
JOINT_REBIND frame=493 owner=gallery-3 entity=4611686018427387957 joint=32->40 bodyA=34->34 bodyB=4294967295->4294967295
JOINT_REBIND frame=493 owner=gallery-4 entity=4611686018427387967 joint=33->41 bodyA=40->40 bodyB=4294967295->4294967295
JOINT_REBIND frame=493 owner=gallery-4 entity=4611686018427387970 joint=34->42 bodyA=42->42 bodyB=4294967295->4294967295
JOINT_REBIND frame=493 owner=gallery-5 entity=4611686018427387980 joint=35->43 bodyA=1048592->1048592 bodyB=4294967295->4294967295
JOINT_REBIND frame=493 owner=gallery-5 entity=4611686018427387983 joint=36->44 bodyA=1048594->1048594 bodyB=4294967295->4294967295
JOINT_REBIND frame=617 owner=gallery-0 entity=4611686018427387906 joint=37->47 bodyA=2->2 bodyB=4294967295->429script asset=d3494a425f07c5773e72e0714385354e entity=4611686018427388005 slot=1 fixedUpdate: ReferenceError: stale joint handle
    at __judas (native)
    at call (judas:2:51)
    at get state (judas:146:21)
    at fixedUpdate (Assets/scripts/target.js:7:2)

script asset=d3494a425f07c5773e72e0714385354e entity=4611686018427388008 slot=1 fixedUpdate: ReferenceError: stale joint handle
    at __judas (native)
    at call (judas:2:51)
    at get state (judas:146:21)
    at fixedUpdate (Assets/scripts/target.js:7:2)

4967295
JOINT_REBIND frame=617 owner=gallery-0 entity=4611686018427387909 joint=38->48 bodyA=4->4 bodyB=4294967295->4294967295
JOINT_REBIND frame=617 owner=gallery-3 entity=4611686018427387954 joint=39->49 bodyA=32->32 bodyB=4294967295->4294967295
JOINT_REBIND frame=617 owner=gallery-3 entity=4611686018427387957 joint=40->50 bodyA=34->34 bodyB=4294967295->4294967295
JOINT_REBIND frame=617 owner=gallery-4 entity=4611686018427387967 joint=41->51 bodyA=40->40 bodyB=4294967295->4294967295
JOINT_REBIND frame=617 owner=gallery-4 entity=4611686018427387970 joint=42->52 bodyA=42->42 bodyB=4294967295->4294967295
JOINT_REBIND frame=617 owner=gallery-2 entity=4611686018427387993 joint=45->53 bodyA=1048600->1048600 bodyB=4294967295->4294967295
JOINT_REBIND frame=617 owner=gallery-2 entity=4611686018427387996 joint=46->54 bodyA=1048602->1048602 bodyB=4294967295->4294967295
JOINT_REBIND frame=618 owner=gallery-0 entity=4611686018427387906 joint=47->55 bodyA=2->2 bodyB=4294967295->4294967295
JOINT_REBIND frame=618 owner=gallery-0 entity=4611686018427387909 joint=48->56 bodyA=4->4 bodyB=4294967295->4294967295
JOINT_REBIND frame=618 owner=gallery-3 entity=4611686018427387954 joint=49->57 bodyA=32->32 bodyB=4294967295->4294967295
JOINT_REBIND frame=618 owner=gallery-3 entity=4611686018427387957 joint=50->58 bodyA=34->34 bodyB=4294967295->4294967295
JOINT_REBIND frame=618 owner=gallery-4 entity=4611686018427387967 joint=51->59 bodyA=40->40 bodyB=4294967295->4294967295
JOINT_REBIND frame=618 owner=gallery-4 entity=4611686018427387970 joint=52->60 bodyA=42->42 bodyB=4294967295->4294967295
JOINT_REBIND frame=618 owner=gallery-2 entity=4611686018427387993 joint=53->61 bodyA=1048600->1048600 bodyB=4294967295->4294967295
JOINT_REBIND frame=618 owner=gallery-2 entity=4611686018427387996 joint=54->62 bodyA=1048602->1048602 bodyB=4294967295->4294967295
JOINT_REBIND frame=689 owner=gallery-0 entity=4611686018427387906 joint=55->65 bodyA=2->2 bodyB=4294967295->4294967295
JOINT_REBIND frame=689 owner=gallery-0 entity=4611686018427387909 joint=56->66 bodyA=4->4 bodyB=4294967295->4294967295
JOINT_REBIND frame=689 owner=gallery-3 entity=4611686018427387954 joint=57->67 bodyA=32->32 bodyB=4294967295->4294967295
JOINT_REBIND frame=689 owner=gallery-3 entity=4611686018427387957 joint=58->68 bodyA=34->34 bodyB=4294967295->4294967295
JOINT_REBIND frame=689 owner=gallery-2 entity=4611686018427387993 joint=61->69 bodyA=1048600->1048600 bodyB=4294967295->4294967295
JOINT_REBIND frame=689 owner=gallery-2 entity=4611686018427387996 joint=62->70 bodyA=1048602->1048602 bodyB=4294967295->4294967295
JOINT_REBIND frame=689 owner=gallery-1 entity=4611686018427388006 joint=63->71 bodyA=2097168->2097168 bodyB=4294967295->4294967295
JOINT_REBIND frame=689 owner=gallery-1 entity=4611686018427388009 joint=64->72 bodyA=2097170->2097170 bodyB=4294967295->4294967295
JOINT_REBIND frame=690 owner=gallery-0 entity=4611686018427387906 joint=65->73 bodyA=2->2 bodyB=4294967295->4294967295
JOINT_REBIND frame=690 owner=gallery-0 entity=4611686018427387909 joint=66->74 bodyA=4->4 bodyB=4294967295->4294967295
JOINT_REBIND frame=690 owner=gallery-3 entity=4611686018427387954 joint=67->75 bodyA=32->32 bodyB=4294967295->4294967295
JOINT_REBIND frame=690 owner=gallery-3 entity=4611686018427387957 joint=68->76 bodyA=34->34 bodyB=4294967295->4294967295
JOINT_REBIND frame=690 owner=gallery-2 entity=4611686018427387993 joint=69->77 bodyA=1048600->1048600 bodyB=4294967295->4294967295
JOINT_REBIND frame=690 owner=gallery-2 entity=4611686018427387996 joint=70->78 bodyA=1048602->1048602 bodyB=4294967295->4294967295
JOINT_REBIND frame=690 owner=gallery-1 entity=4611686018427388006 joint=71->79 bodyA=2097168->2097168 bodyB=4294967295->4294967295
JOINT_REBIND frame=690 owner=gallery-1 entity=4611686018427388009 joint=72->80 bodyA=2097170->2097170 bodyB=4294967295->4294967295
JOINT_REBIND frame=761 owner=gallery-0 entity=4611686018427387906 joint=73->81 bodyA=2->2 bodyB=4294967295->4294967295
JOINT_REBIND frame=761 owner=gallery-0 entity=4611686018427387909 joint=74->82 bodyA=4->4 bodyB=4294967295->4294script asset=d3494a425f07c5773e72e0714385354e entity=4611686018427388018 slot=1 fixedUpdate: ReferenceError: stale joint handle
    at __judas (native)
    at call (judas:2:51)
    at get state (judas:146:21)
    at fixedUpdate (Assets/scripts/target.js:7:2)

script asset=d3494a425f07c5773e72e0714385354e entity=4611686018427388021 slot=1 fixedUpdate: ReferenceError: stale joint handle
    at __judas (native)
    at call (judas:2:51)
    at get state (judas:146:21)
    at fixedUpdate (Assets/scripts/target.js:7:2)

script asset=d3494a425f07c5773e72e0714385354e entity=4611686018427388031 slot=1 fixedUpdate: ReferenceError: stale joint handle
    at __judas (native)
    at call (judas:2:51)
    at get state (judas:146:21)
    at fixedUpdate (Assets/scripts/target.js:7:2)

script asset=d3494a425f07c5773e72e0714385354e entity=4611686018427388034 slot=1 fixedUpdate: ReferenceError: stale joint handle
    at __judas (native)
    at call (judas:2:51)
    at get state (judas:146:21)
    at fixedUpdate (Assets/scripts/target.js:7:2)

script asset=d3494a425f07c5773e72e0714385354e entity=4611686018427388044 slot=1 fixedUpdate: ReferenceError: stale joint handle
    at __judas (native)
    at call (judas:2:51)
    at get state (judas:146:21)
    at fixedUpdate (Assets/scripts/target.js:7:2)

script asset=d3494a425f07c5773e72e0714385354e entity=4611686018427388047 slot=1 fixedUpdate: ReferenceError: stale joint handle
    at __judas (native)
    at call (judas:2:51)
    at get state (judas:146:21)
    at fixedUpdate (Assets/scripts/target.js:7:2)

967295
JOINT_REBIND frame=761 owner=gallery-2 entity=4611686018427387993 joint=77->83 bodyA=1048600->1048600 bodyB=4294967295->4294967295
JOINT_REBIND frame=761 owner=gallery-2 entity=4611686018427387996 joint=78->84 bodyA=1048602->1048602 bodyB=4294967295->4294967295
JOINT_REBIND frame=761 owner=gallery-1 entity=4611686018427388006 joint=79->85 bodyA=2097168->2097168 bodyB=4294967295->4294967295
JOINT_REBIND frame=761 owner=gallery-1 entity=4611686018427388009 joint=80->86 bodyA=2097170->2097170 bodyB=4294967295->4294967295
JOINT_REBIND frame=762 owner=gallery-0 entity=4611686018427387906 joint=81->87 bodyA=2->2 bodyB=4294967295->4294967295
JOINT_REBIND frame=762 owner=gallery-0 entity=4611686018427387909 joint=82->88 bodyA=4->4 bodyB=4294967295->4294967295
JOINT_REBIND frame=762 owner=gallery-2 entity=4611686018427387993 joint=83->89 bodyA=1048600->1048600 bodyB=4294967295->4294967295
JOINT_REBIND frame=762 owner=gallery-2 entity=4611686018427387996 joint=84->90 bodyA=1048602->1048602 bodyB=4294967295->4294967295
JOINT_REBIND frame=762 owner=gallery-1 entity=4611686018427388006 joint=85->91 bodyA=2097168->2097168 bodyB=4294967295->4294967295
JOINT_REBIND frame=762 owner=gallery-1 entity=4611686018427388009 joint=86->92 bodyA=2097170->2097170 bodyB=4294967295->4294967295
JOINT_REBIND frame=872 owner=gallery-0 entity=4611686018427387906 joint=87->93 bodyA=2->2 bodyB=4294967295->4294967295
JOINT_REBIND frame=872 owner=gallery-0 entity=4611686018427387909 joint=88->94 bodyA=4->4 bodyB=4294967295->4294967295
JOINT_REBIND frame=872 owner=gallery-1 entity=4611686018427388006 joint=91->95 bodyA=2097168->2097168 bodyB=4294967295->4294967295
JOINT_REBIND frame=872 owner=gallery-1 entity=4611686018427388009 joint=92->96 bodyA=2097170->2097170 bodyB=4294967295->4294967295
JOINT_REBIND frame=873 owner=gallery-0 entity=4611686018427387906 joint=93->97 bodyA=2->2 bodyB=4294967295->4294967295
JOINT_REBIND frame=873 owner=gallery-0 entity=4611686018427387909 joint=94->98 bodyA=4->4 bodyB=4294967295->4294967295
JOINT_REBIND frame=873 owner=gallery-1 entity=4611686018427388006 joint=95->99 bodyA=2097168->2097168 bodyB=4294967295->4294967295
JOINT_REBIND frame=873 owner=gallery-1 entity=4611686018427388009 joint=96->100 bodyA=2097170->2097170 bodyB=4294967295->4294967295
PASS actual JS motor returns through unloaded galleries to bootstrap
LEG 2 frame=930 retained=507507 integration=0.396616
JOINT_REBIND frame=1262 owner=gallery-0 entity=4611686018427387906 joint=97->107 bodyA=2->2 bodyB=4294967295->4294967295
JOINT_REBIND frame=1262 owner=gallery-0 entity=4611686018427387909 joint=98->108 bodyA=4->4 bodyB=4294967295->4294967295
JOINT_REBIND frame=1262 owner=gallery-2 entity=4611686018427388019 joint=101->109 bodyA=2097176->2097176 bodyB=4294967295->4294967295
JOINT_REBIND frame=1262 owner=gallery-2 entity=4611686018427388022 joint=102->110 bodyA=2097178->2097178 bodyB=4294967295->4294967295
JOINT_REBIND frame=1262 owner=gallery-3 entity=4611686018427388032 joint=103->111 bodyA=1048608->1048608 bodyB=4294967295->4294967295
JOINT_REBIND frame=1262 owner=gallery-3 entity=4611686018427388035 joint=104->112 bodyA=1048610->1048610 bodyB=4294967295->4294967295
JOINT_REBIND frame=1262 owner=gallery-4 entity=4611686018427388045 joint=105->113 bodyA=1048616->1048616 bodyB=4294967295->4294967295
JOINT_REBIND frame=1262 owner=gallery-4 entity=4611686018427388048 joint=106->114 bodyA=1048618->1048618 bodyB=4294967295->4294967295
JOINT_REBIND frame=1263 owner=gallery-0 entity=4611686018427387906 joint=107->115 bodyA=2->2 bodyB=4294967295->4294967295
JOINT_REBIND frame=1263 owner=gallery-0 entity=4611686018427387909 joint=108->116 bodyA=4->4 bodyB=4294967295->4294967295
JOINT_REBIND frame=1263 owner=gallery-2 entity=4611686018427388019 joint=109->117 bodyA=2097176->2097176 bodyB=4294967295->4294967295
JOINT_REBIND frame=1263 owner=gallery-2 entity=4611686018427388022 joint=110->118 bodyA=2097178->2097178 bodyB=4294967295->4294967295
JOINT_REBIND frame=1263 owner=gallery-3 entity=4611686018427388032 joint=111->119 bodyA=1048608->1048608 bodyB=4294967295-script asset=d3494a425f07c5773e72e0714385354e entity=4611686018427388057 slot=1 fixedUpdate: ReferenceError: stale joint handle
    at __judas (native)
    at call (judas:2:51)
    at get state (judas:146:21)
    at fixedUpdate (Assets/scripts/target.js:7:2)

script asset=d3494a425f07c5773e72e0714385354e entity=4611686018427388060 slot=1 fixedUpdate: ReferenceError: stale joint handle
    at __judas (native)
    at call (judas:2:51)
    at get state (judas:146:21)
    at fixedUpdate (Assets/scripts/target.js:7:2)

script asset=d3494a425f07c5773e72e0714385354e entity=4611686018427388070 slot=1 fixedUpdate: ReferenceError: stale joint handle
    at __judas (native)
    at call (judas:2:51)
    at get state (judas:146:21)
    at fixedUpdate (Assets/scripts/target.js:7:2)

script asset=d3494a425f07c5773e72e0714385354e entity=4611686018427388073 slot=1 fixedUpdate: ReferenceError: stale joint handle
    at __judas (native)
    at call (judas:2:51)
    at get state (judas:146:21)
    at fixedUpdate (Assets/scripts/target.js:7:2)

>4294967295
JOINT_REBIND frame=1263 owner=gallery-3 entity=4611686018427388035 joint=112->120 bodyA=1048610->1048610 bodyB=4294967295->4294967295
JOINT_REBIND frame=1263 owner=gallery-4 entity=4611686018427388045 joint=113->121 bodyA=1048616->1048616 bodyB=4294967295->4294967295
JOINT_REBIND frame=1263 owner=gallery-4 entity=4611686018427388048 joint=114->122 bodyA=1048618->1048618 bodyB=4294967295->4294967295
PASS actual JS motor reaches final gallery
LEG 3 frame=1396 retained=507542 integration=0.958720
JOINT_REBIND frame=1399 owner=gallery-0 entity=4611686018427387906 joint=115->125 bodyA=2->2 bodyB=4294967295->4294967295
JOINT_REBIND frame=1399 owner=gallery-0 entity=4611686018427387909 joint=116->126 bodyA=4->4 bodyB=4294967295->4294967295
JOINT_REBIND frame=1399 owner=gallery-3 entity=4611686018427388032 joint=119->127 bodyA=1048608->1048608 bodyB=4294967295->4294967295
JOINT_REBIND frame=1399 owner=gallery-3 entity=4611686018427388035 joint=120->128 bodyA=1048610->1048610 bodyB=4294967295->4294967295
JOINT_REBIND frame=1399 owner=gallery-4 entity=4611686018427388045 joint=121->129 bodyA=1048616->1048616 bodyB=4294967295->4294967295
JOINT_REBIND frame=1399 owner=gallery-4 entity=4611686018427388048 joint=122->130 bodyA=1048618->1048618 bodyB=4294967295->4294967295
JOINT_REBIND frame=1399 owner=gallery-5 entity=4611686018427388058 joint=123->131 bodyA=3145744->3145744 bodyB=4294967295->4294967295
JOINT_REBIND frame=1399 owner=gallery-5 entity=4611686018427388061 joint=124->132 bodyA=3145746->3145746 bodyB=4294967295->4294967295
JOINT_REBIND frame=1400 owner=gallery-0 entity=4611686018427387906 joint=125->133 bodyA=2->2 bodyB=4294967295->4294967295
JOINT_REBIND frame=1400 owner=gallery-0 entity=4611686018427387909 joint=126->134 bodyA=4->4 bodyB=4294967295->4294967295
JOINT_REBIND frame=1400 owner=gallery-3 entity=4611686018427388032 joint=127->135 bodyA=1048608->1048608 bodyB=4294967295->4294967295
JOINT_REBIND frame=1400 owner=gallery-3 entity=4611686018427388035 joint=128->136 bodyA=1048610->1048610 bodyB=4294967295->4294967295
JOINT_REBIND frame=1400 owner=gallery-4 entity=4611686018427388045 joint=129->137 bodyA=1048616->1048616 bodyB=4294967295->4294967295
JOINT_REBIND frame=1400 owner=gallery-4 entity=4611686018427388048 joint=130->138 bodyA=1048618->1048618 bodyB=4294967295->4294967295
JOINT_REBIND frame=1400 owner=gallery-5 entity=4611686018427388058 joint=131->139 bodyA=3145744->3145744 bodyB=4294967295->4294967295
JOINT_REBIND frame=1400 owner=gallery-5 entity=4611686018427388061 joint=132->140 bodyA=3145746->3145746 bodyB=4294967295->4294967295
JOINT_REBIND frame=1549 owner=gallery-0 entity=4611686018427387906 joint=133->143 bodyA=2->2 bodyB=4294967295->4294967295
JOINT_REBIND frame=1549 owner=gallery-0 entity=4611686018427387909 joint=134->144 bodyA=4->4 bodyB=4294967295->4294967295
JOINT_REBIND frame=1549 owner=gallery-3 entity=4611686018427388032 joint=135->145 bodyA=1048608->1048608 bodyB=4294967295->4294967295
JOINT_REBIND frame=1549 owner=gallery-3 entity=4611686018427388035 joint=136->146 bodyA=1048610->1048610 bodyB=4294967295->4294967295
JOINT_REBIND frame=1549 owner=gallery-4 entity=4611686018427388045 joint=137->147 bodyA=1048616->1048616 bodyB=4294967295->4294967295
JOINT_REBIND frame=1549 owner=gallery-4 entity=4611686018427388048 joint=138->148 bodyA=1048618->1048618 bodyB=4294967295->4294967295
JOINT_REBIND frame=1549 owner=gallery-2 entity=4611686018427388071 joint=141->149 bodyA=3145752->3145752 bodyB=4294967295->4294967295
JOINT_REBIND frame=1549 owner=gallery-2 entity=4611686018427388074 joint=142->150 bodyA=3145754->3145754 bodyB=4294967295->4294967295
JOINT_REBIND frame=1550 owner=gallery-0 entity=4611686018427387906 joint=143->151 bodyA=2->2 bodyB=4294967295->4294967295
JOINT_REBIND frame=1550 owner=gallery-0 entity=4611686018427387909 joint=144->152 bodyA=4->4 bodyB=4294967295->4294967295
JOINT_REBIND frame=1550 owner=gallery-3 entity=4611686018427388032 joint=145->153 bodyA=1048608->1048608 bodyB=4294967295->4294967295
JOINT_REBIND frame=1550 owner=gallery-3 entity=4611686018427388script asset=d3494a425f07c5773e72e0714385354e entity=4611686018427388083 slot=1 fixedUpdate: ReferenceError: stale joint handle
    at __judas (native)
    at call (judas:2:51)
    at get state (judas:146:21)
    at fixedUpdate (Assets/scripts/target.js:7:2)

script asset=d3494a425f07c5773e72e0714385354e entity=4611686018427388086 slot=1 fixedUpdate: ReferenceError: stale joint handle
    at __judas (native)
    at call (judas:2:51)
    at get state (judas:146:21)
    at fixedUpdate (Assets/scripts/target.js:7:2)

035 joint=146->154 bodyA=1048610->1048610 bodyB=4294967295->4294967295
JOINT_REBIND frame=1550 owner=gallery-4 entity=4611686018427388045 joint=147->155 bodyA=1048616->1048616 bodyB=4294967295->4294967295
JOINT_REBIND frame=1550 owner=gallery-4 entity=4611686018427388048 joint=148->156 bodyA=1048618->1048618 bodyB=4294967295->4294967295
JOINT_REBIND frame=1550 owner=gallery-2 entity=4611686018427388071 joint=149->157 bodyA=3145752->3145752 bodyB=4294967295->4294967295
JOINT_REBIND frame=1550 owner=gallery-2 entity=4611686018427388074 joint=150->158 bodyA=3145754->3145754 bodyB=4294967295->4294967295
JOINT_REBIND frame=1621 owner=gallery-0 entity=4611686018427387906 joint=151->161 bodyA=2->2 bodyB=4294967295->4294967295
JOINT_REBIND frame=1621 owner=gallery-0 entity=4611686018427387909 joint=152->162 bodyA=4->4 bodyB=4294967295->4294967295
JOINT_REBIND frame=1621 owner=gallery-3 entity=4611686018427388032 joint=153->163 bodyA=1048608->1048608 bodyB=4294967295->4294967295
JOINT_REBIND frame=1621 owner=gallery-3 entity=4611686018427388035 joint=154->164 bodyA=1048610->1048610 bodyB=4294967295->4294967295
JOINT_REBIND frame=1621 owner=gallery-2 entity=4611686018427388071 joint=157->165 bodyA=3145752->3145752 bodyB=4294967295->4294967295
JOINT_REBIND frame=1621 owner=gallery-2 entity=4611686018427388074 joint=158->166 bodyA=3145754->3145754 bodyB=4294967295->4294967295
JOINT_REBIND frame=1621 owner=gallery-1 entity=4611686018427388084 joint=159->167 bodyA=4194320->4194320 bodyB=4294967295->4294967295
JOINT_REBIND frame=1621 owner=gallery-1 entity=4611686018427388087 joint=160->168 bodyA=4194322->4194322 bodyB=4294967295->4294967295
JOINT_REBIND frame=1622 owner=gallery-0 entity=4611686018427387906 joint=161->169 bodyA=2->2 bodyB=4294967295->4294967295
JOINT_REBIND frame=1622 owner=gallery-0 entity=4611686018427387909 joint=162->170 bodyA=4->4 bodyB=4294967295->4294967295
JOINT_REBIND frame=1622 owner=gallery-3 entity=4611686018427388032 joint=163->171 bodyA=1048608->1048608 bodyB=4294967295->4294967295
JOINT_REBIND frame=1622 owner=gallery-3 entity=4611686018427388035 joint=164->172 bodyA=1048610->1048610 bodyB=4294967295->4294967295
JOINT_REBIND frame=1622 owner=gallery-2 entity=4611686018427388071 joint=165->173 bodyA=3145752->3145752 bodyB=4294967295->4294967295
JOINT_REBIND frame=1622 owner=gallery-2 entity=4611686018427388074 joint=166->174 bodyA=3145754->3145754 bodyB=4294967295->4294967295
JOINT_REBIND frame=1622 owner=gallery-1 entity=4611686018427388084 joint=167->175 bodyA=4194320->4194320 bodyB=4294967295->4294967295
JOINT_REBIND frame=1622 owner=gallery-1 entity=4611686018427388087 joint=168->176 bodyA=4194322->4194322 bodyB=4294967295->4294967295
JOINT_REBIND frame=1693 owner=gallery-0 entity=4611686018427387906 joint=169->177 bodyA=2->2 bodyB=4294967295->4294967295
JOINT_REBIND frame=1693 owner=gallery-0 entity=4611686018427387909 joint=170->178 bodyA=4->4 bodyB=4294967295->4294967295
JOINT_REBIND frame=1693 owner=gallery-2 entity=4611686018427388071 joint=173->179 bodyA=3145752->3145752 bodyB=4294967295->4294967295
JOINT_REBIND frame=1693 owner=gallery-2 entity=4611686018427388074 joint=174->180 bodyA=3145754->3145754 bodyB=4294967295->4294967295
JOINT_REBIND frame=1693 owner=gallery-1 entity=4611686018427388084 joint=175->181 bodyA=4194320->4194320 bodyB=4294967295->4294967295
JOINT_REBIND frame=1693 owner=gallery-1 entity=4611686018427388087 joint=176->182 bodyA=4194322->4194322 bodyB=4294967295->4294967295
JOINT_REBIND frame=1694 owner=gallery-0 entity=4611686018427387906 joint=177->183 bodyA=2->2 bodyB=4294967295->4294967295
JOINT_REBIND frame=1694 owner=gallery-0 entity=4611686018427387909 joint=178->184 bodyA=4->4 bodyB=4294967295->4294967295
JOINT_REBIND frame=1694 owner=gallery-2 entity=4611686018427388071 joint=179->185 bodyA=3145752->3145752 bodyB=4294967295->4294967295
JOINT_REBIND frame=1694 owner=gallery-2 entity=4611686018427388074 joint=180->186 bodyA=3145754->3145754 bodyB=4294967295->4294967295
JOINT_REBIND frame=1694 owner=gallery-1 entity=4611686018427388084 joint=181->187 bodyA=4194320->4194320 bodyB=4294967295->4294967295
JOINT_REBIND frame=1694 owner=gallery-1 entity=4611686018427388087 joint=182->188 bodyA=4194322->4194322 bodyB=4294967295->4294967295
JOINT_REBIND frame=1811 owner=gallery-0 entity=4611686018427387906 joint=183->189 bodyA=2->2 bodyB=4294967295->4294967295
JOINT_REBIND frame=1811 owner=gallery-0 entity=4611686018427387909 joint=184->190 bodyA=4->4 bodyB=4294967295->4294967295
JOINT_REBIND frame=1811 owner=gallery-1 entity=4611686018427388084 joint=187->191 bodyA=4194320->4194320 bodyB=4294967295->4294967295
JOINT_REBIND frame=1811 owner=gallery-1 entity=4611686018427388087 joint=188->192 bodyA=4194322->4194322 bodyB=4294967295->4294967295
JOINT_REBIND frame=1812 owner=gallery-0 entity=4611686018427387906 joint=189->193 bodyA=2->2 bodyB=4294967295->4294967295
JOINT_REBIND frame=1812 owner=gallery-0 entity=4611686018427387909 joint=190->194 bodyA=4->4 bodyB=4294967295->4294967295
JOINT_REBIND frame=1812 owner=gallery-1 entity=4611686018427388084 joint=191->195 bodyA=4194320->4194320 bodyB=4294967295->4294967295
JOINT_REBIND frame=1812 owner=gallery-1 entity=4611686018427388087 joint=192->196 bodyA=4194322->4194322 bodyB=4294967295->4294967295
PASS actual JS motor returns through unloaded galleries to bootstrap
LEG 4 frame=1862 retained=507955 integration=0.427996
PASS two complete forward/backward traversals
FAIL target and player callbacks remain valid across suspension/revisit
FAULT entity=4611686018427387905 ReferenceError: stale joint handle
    at __judas (native)
    at call (judas:2:51)
    at get state (judas:146:21)
    at fixedUpdate (Assets/scripts/target.js:7:2)

FAULT entity=4611686018427387908 ReferenceError: stale joint handle
    at __judas (native)
    at call (judas:2:51)
    at get state (judas:146:21)
    at fixedUpdate (Assets/scripts/target.js:7:2)

FAULT entity=4611686018427387940 ReferenceError: stale joint handle
    at __judas (native)
    at call (judas:2:51)
    at get state (judas:146:21)
    at fixedUpdate (Assets/scripts/target.js:7:2)

FAULT entity=4611686018427387943 ReferenceError: stale joint handle
    at __judas (native)
    at call (judas:2:51)
    at get state (judas:146:21)
    at fixedUpdate (Assets/scripts/target.js:7:2)

FAULT entity=4611686018427387953 ReferenceError: stale joint handle
    at __judas (native)
    at call (judas:2:51)
    at get state (judas:146:21)
    at fixedUpdate (Assets/scripts/target.js:7:2)

FAULT entity=4611686018427387956 ReferenceError: stale joint handle
    at __judas (native)
    at call (judas:2:51)
    at get state (judas:146:21)
    at fixedUpdate (Assets/scripts/target.js:7:2)

FAULT entity=4611686018427387966 ReferenceError: stale joint handle
    at __judas (native)
    at call (judas:2:51)
    at get state (judas:146:21)
    at fixedUpdate (Assets/scripts/target.js:7:2)

FAULT entity=4611686018427387969 ReferenceError: stale joint handle
    at __judas (native)
    at call (judas:2:51)
    at get state (judas:146:21)
    at fixedUpdate (Assets/scripts/target.js:7:2)

FAULT entity=4611686018427387979 ReferenceError: stale joint handle
    at __judas (native)
    at call (judas:2:51)
    at get state (judas:146:21)
    at fixedUpdate (Assets/scripts/target.js:7:2)

FAULT entity=4611686018427387982 ReferenceError: stale joint handle
    at __judas (native)
    at call (judas:2:51)
    at get state (judas:146:21)
    at fixedUpdate (Assets/scripts/target.js:7:2)

FAULT entity=4611686018427387992 ReferenceError: stale joint handle
    at __judas (native)
    at call (judas:2:51)
    at get state (judas:146:21)
    at fixedUpdate (Assets/scripts/target.js:7:2)

FAULT entity=4611686018427387995 ReferenceError: stale joint handle
    at __judas (native)
    at call (judas:2:51)
    at get state (judas:146:21)
    at fixedUpdate (Assets/scripts/target.js:7:2)

FAULT entity=4611686018427388005 ReferenceError: stale joint handle
    at __judas (native)
    at call (judas:2:51)
    at get state (judas:146:21)
    at fixedUpdate (Assets/scripts/target.js:7:2)

FAULT entity=4611686018427388008 ReferenceError: stale joint handle
    at __judas (native)
    at call (judas:2:51)
    at get state (judas:146:21)
    at fixedUpdate (Assets/scripts/target.js:7:2)

FAULT entity=4611686018427388018 ReferenceError: stale joint handle
    at __judas (native)
    at call (judas:2:51)
    at get state (judas:146:21)
    at fixedUpdate (Assets/scripts/target.js:7:2)

FAULT entity=4611686018427388021 ReferenceError: stale joint handle
    at __judas (native)
    at call (judas:2:51)
    at get state (judas:146:21)
    at fixedUpdate (Assets/scripts/target.js:7:2)

FAULT entity=4611686018427388031 ReferenceError: stale joint handle
    at __judas (native)
    at call (judas:2:51)
    at get state (judas:146:21)
    at fixedUpdate (Assets/scripts/target.js:7:2)

FAULT entity=4611686018427388034 ReferenceError: stale joint handle
    at __judas (native)
    at call (judas:2:51)
    at get state (judas:146:21)
    at fixedUpdate (Assets/scripts/target.js:7:2)

FAULT entity=4611686018427388044 ReferenceError: stale joint handle
    at __judas (native)
    at call (judas:2:51)
    at get state (judas:146:21)
    at fixedUpdate (Assets/scripts/target.js:7:2)

FAULT entity=4611686018427388047 ReferenceError: stale joint handle
    at __judas (native)
    at call (judas:2:51)
    at get state (judas:146:21)
    at fixedUpdate (Assets/scripts/target.js:7:2)

FAULT entity=4611686018427388057 ReferenceError: stale joint handle
    at __judas (native)
    at call (judas:2:51)
    at get state (judas:146:21)
    at fixedUpdate (Assets/scripts/target.js:7:2)

FAULT entity=4611686018427388060 ReferenceError: stale joint handle
    at __judas (native)
    at call (judas:2:51)
    at get state (judas:146:21)
    at fixedUpdate (Assets/scripts/target.js:7:2)

FAULT entity=4611686018427388070 ReferenceError: stale joint handle
    at __judas (native)
    at call (judas:2:51)
    at get state (judas:146:21)
    at fixedUpdate (Assets/scripts/target.js:7:2)

FAULT entity=4611686018427388073 ReferenceError: stale joint handle
    at __judas (native)
    at call (judas:2:51)
    at get state (judas:146:21)
    at fixedUpdate (Assets/scripts/target.js:7:2)

FAULT entity=4611686018427388083 ReferenceError: stale joint handle
    at __judas (native)
    at call (judas:2:51)
    at get state (judas:146:21)
    at fixedUpdate (Assets/scripts/target.js:7:2)

FAULT entity=4611686018427388086 ReferenceError: stale joint handle
    at __judas (native)
    at call (judas:2:51)
    at get state (judas:146:21)
    at fixedUpdate (Assets/scripts/target.js:7:2)

M59_REVISIT frames=1862 leg=4 peak_retained=507958 peak_integration_ms=19.885378
PASS ordinary application shutdown
SUMMARY 7 checks 1 failures
