libEGL warning: Not allowed to force software rendering when API explicitly selects a hardware device.
Renderer fragment texture units: 32 (material path uses 12)
World state: disk saves disabled for additive compositions
Project: Streamed Spring Range (/home/conner/Documents/GitHub/Project-Judas/projects/streamed_range/streamed_range.judasproj)
Scene: Streamed Spring Range (/home/conner/Documents/GitHub/Project-Judas/projects/streamed_range/Scenes/bootstrap.judas)
World origin (m): 0.000, 0.000, 0.000
Localization: missing localization key range.score
Localization: missing localization key range.progress
Localization: missing localization key range.start
Localization: missing localization key range.language
Localization: missing localization key range.title
Localization: missing localization key range.controls
Localization: missing localization key stream.wait
PASS actual JS motor reaches final gallery
LEG 1 frame=464 retained=112985 integration=1.095901
PASS actual JS motor returns through unloaded galleries to bootstrap
LEG 2 frame=930 retained=507763 integration=0.342259
PASS actual JS motor reaches final gallery
LEG 3 frame=1396 retained=507830 integration=1.090344
PASS actual JS motor returns through unloaded galleries to bootstrap
LEG 4 frame=1862 retained=508036 integration=0.355528
PASS two complete forward/backward traversals
PASS target and player callbacks remain valid across suspension/revisit
M59_REVISIT frames=1862 leg=4 peak_retained=508037 peak_integration_ms=11.535451
PASS ordinary application shutdown
SUMMARY 7 checks 0 failures
