Renderer fragment texture units: 32 (material path uses 12)
World state: disk saves disabled for additive compositions
Project: Streamed Spring Range (/home/conner/Documents/GitHub/Project-Judas/projects/streamed_range/streamed_range.judasproj)
Scene: Streamed Spring Range (/home/conner/Documents/GitHub/Project-Judas/projects/streamed_range/Scenes/bootstrap.judas)
World origin (m): 0.000, 0.000, 0.000
Localization: missing localization key range.score
Localization: missing localization key range.progress
Localization: missing localization key range.start
Localization: missing localization key range.language
Localization: missing localization key range.title
Localization: missing localization key range.controls
Localization: missing localization key stream.wait
script asset=d3494a425f07c5773e72e0714385354e entity=4611686018427387905 slot=1 fixedUpdate: ReferenceError: stale joint handle
    at __judas (native)
    at call (judas:2:51)
    at get state (judas:146:21)
    at fixedUpdate (Assets/scripts/target.js:7:2)

script asset=d3494a425f07c5773e72e0714385354e entity=4611686018427387908 slot=1 fixedUpdate: ReferenceError: stale joint handle
    at __judas (native)
    at call (judas:2:51)
    at get state (judas:146:21)
    at fixedUpdate (Assets/scripts/target.js:7:2)

