libEGL warning: Not allowed to force software rendering when API explicitly selects a hardware device.
Renderer fragment texture units: 32 (material path uses 12)
World state: disk saves disabled for additive compositions
Project: Streamed Spring Range (/home/conner/Documents/GitHub/Project-Judas/projects/streamed_range/streamed_range.judasproj)
Scene: Streamed Spring Range (/home/conner/Documents/GitHub/Project-Judas/projects/streamed_range/Scenes/bootstrap.judas)
World origin (m): 0.000, 0.000, 0.000
Localization: missing localization key range.score
Localization: missing localization key range.progress
Localization: missing localization key range.start
Localization: missing localization key range.language
Localization: missing localization key range.title
Localization: missing localization key range.controls
Localization: missing localization key stream.wait
TRACE_JOINT owner=4611686018427387906 old=1 beforeA=4294967295 afterA=2 beforeB=4294967295 afterB=4294967295
TRACE_JOINT owner=4611686018427387909 old=2 beforeA=4294967295 afterA=4 beforeB=4294967295 afterB=4294967295
TRACE_JOINT owner=4611686018427387941 old=5 beforeA=4294967295 afterA=24 beforeB=4294967295 afterB=4294967295
TRACE_JOINT owner=4611686018427387944 old=6 beforeA=4294967295 afterA=26 beforeB=4294967295 afterB=4294967295
TRACE_JOINT owner=4611686018427387954 old=7 beforeA=4294967295 afterA=32 beforeB=4294967295 afterB=4294967295
TRACE_JOINT owner=4611686018427387957 old=8 beforeA=4294967295 afterA=34 beforeB=4294967295 afterB=4294967295
TRACE_JOINT owner=4611686018427387967 old=9 beforeA=4294967295 afterA=40 beforeB=4294967295 afterB=4294967295
TRACE_JOINT owner=4611686018427387970 old=10 beforeA=4294967295 afterA=42 beforeB=4294967295 afterB=4294967295
script asset=d3494a425f07c5773e72e0714385354e entity=4611686018427387905 slot=1 fixedUpdate: ReferenceError: stale joint handle
    at __judas (native)
    at call (judas:2:51)
    at get state (judas:146:21)
    at fixedUpdate (Assets/scripts/target.js:7:2)

script asset=d3494a425f07c5773e72e0714385354e entity=4611686018427387908 slot=1 fixedUpdate: ReferenceError: stale joint handle
    at __judas (native)
    at call (judas:2:51)
    at get state (judas:146:21)
    at fixedUpdate (Assets/scripts/target.js:7:2)

script asset=d3494a425f07c5773e72e0714385354e entity=4611686018427387940 slot=1 fixedUpdate: ReferenceError: stale joint handle
    at __judas (native)
    at call (judas:2:51)
    at get state (judas:146:21)
    at fixedUpdate (Assets/scripts/target.js:7:2)

script asset=d3494a425f07c5773e72e0714385354e entity=4611686018427387943 slot=1 fixedUpdate: ReferenceError: stale joint handle
    at __judas (native)
    at call (judas:2:51)
    at get state (judas:146:21)
    at fixedUpdate (Assets/scripts/target.js:7:2)

script asset=d3494a425f07c5773e72e0714385354e entity=4611686018427387953 slot=1 fixedUpdate: ReferenceError: stale joint handle
    at __judas (native)
    at call (judas:2:51)
    at get state (judas:146:21)
    at fixedUpdate (Assets/scripts/target.js:7:2)

script asset=d3494a425f07c5773e72e0714385354e entity=4611686018427387956 slot=1 fixedUpdate: ReferenceError: stale joint handle
    at __judas (native)
    at call (judas:2:51)
    at get state (judas:146:21)
    at fixedUpdate (Assets/scripts/target.js:7:2)

script asset=d3494a425f07c5773e72e0714385354e entity=4611686018427387966 slot=1 fixedUpdate: ReferenceError: stale joint handle
    at __judas (native)
    at call (judas:2:51)
    at get state (judas:146:21)
    at fixedUpdate (Assets/scripts/target.js:7:2)

script asset=d3494a425f07c5773e72e0714385354e entity=4611686018427387969 slot=1 fixedUpdate: ReferenceError: stale joint handle
    at __judas (native)
    at call (judas:2:51)
    at get state (judas:146:21)
    at fixedUpdate (Assets/scripts/target.js:7:2)

TRACE_JOINT owner=4611686018427387906 old=11 beforeA=4294967295 afterA=2 beforeB=4294967295 afterB=4294967295
TRACE_JOINT owner=4611686018427387909 old=12 beforeA=4294967295 afterA=4 beforeB=4294967295 afterB=4294967295
TRACE_JOINT owner=4611686018427387941 old=13 beforeA=4294967295 afterA=24 beforeB=4294967295 afterB=4294967295
TRACE_JOINT owner=4611686018427387944 old=14 beforeA=4294967295 afterA=26 beforeB=4294967295 afterB=4294967295
TRACE_JOINT owner=4611686018427387954 old=15 beforeA=4294967295 afterA=32 beforeB=4294967295 afterB=4294967295
TRACE_JOINT owner=4611686018427387957 old=16 beforeA=4294967295 afterA=34 beforeB=4294967295 afterB=4294967295
TRACE_JOINT owner=4611686018427387967 old=17 beforeA=4294967295 afterA=40 beforeB=4294967295 afterB=4294967295
TRACE_JOINT owner=4611686018427387970 old=18 beforeA=4294967295 afterA=42 beforeB=4294967295 afterB=4294967295
TRACE_JOINT owner=4611686018427387906 old=19 beforeA=4294967295 afterA=2 beforeB=4294967295 afterB=4294967295
TRACE_JOINT owner=4611686018427387909 old=20 beforeA=4294967295 afterA=4 beforeB=4294967295 afterB=4294967295
TRACE_JOINT owner=4611686018427387954 old=23 beforeA=4294967295 afterA=32 beforeB=4294967295 afterB=4294967295
TRACE_JOINT owner=4611686018427387957 old=24 beforeA=4294967295 afterA=34 beforeB=4294967295 afterB=4294967295
TRACE_JOINT owner=4611686018427387967 old=25 beforeA=4294967295 afterA=40 beforeB=4294967295 afterB=4294967295
TRACE_JOINT owner=4611686018427387970 old=26 beforeA=4294967295 afterA=42 beforeB=4294967295 afterB=4294967295
TRACE_JOINT owner=4611686018427387980 old=27 beforeA=4294967295 afterA=1048592 beforeB=4294967295 afterB=4294967295
TRACE_JOINT owner=4611686018427387983 old=28 beforeA=4294967295 afterA=1048594 beforeB=4294967295 afterB=4294967295
script asset=d3494a425f07c5773e72e0714385354e entity=4611686018427387979 slot=1 fixedUpdate: ReferenceError: stale joint handle
    at __judas (native)
    at call (judas:2:51)
    at get state (judas:146:21)
    at fixedUpdate (Assets/scripts/target.js:7:2)

script asset=d3494a425f07c5773e72e0714385354e entity=4611686018427387982 slot=1 fixedUpdate: ReferenceError: stale joint handle
    at __judas (native)
    at call (judas:2:51)
    at get state (judas:146:21)
    at fixedUpdate (Assets/scripts/target.js:7:2)

TRACE_JOINT owner=4611686018427387906 old=29 beforeA=4294967295 afterA=2 beforeB=4294967295 afterB=4294967295
TRACE_JOINT owner=4611686018427387909 old=30 beforeA=4294967295 afterA=4 beforeB=4294967295 afterB=4294967295
TRACE_JOINT owner=4611686018427387954 old=31 beforeA=4294967295 afterA=32 beforeB=4294967295 afterB=4294967295
TRACE_JOINT owner=4611686018427387957 old=32 beforeA=4294967295 afterA=34 beforeB=4294967295 afterB=4294967295
TRACE_JOINT owner=4611686018427387967 old=33 beforeA=4294967295 afterA=40 beforeB=4294967295 afterB=4294967295
TRACE_JOINT owner=4611686018427387970 old=34 beforeA=4294967295 afterA=42 beforeB=4294967295 afterB=4294967295
TRACE_JOINT owner=4611686018427387980 old=35 beforeA=4294967295 afterA=1048592 beforeB=4294967295 afterB=4294967295
TRACE_JOINT owner=4611686018427387983 old=36 beforeA=4294967295 afterA=1048594 beforeB=4294967295 afterB=4294967295
TRACE_JOINT owner=4611686018427387906 old=37 beforeA=4294967295 afterA=2 beforeB=4294967295 afterB=4294967295
TRACE_JOINT owner=4611686018427387909 old=38 beforeA=4294967295 afterA=4 beforeB=4294967295 afterB=4294967295
TRACE_JOINT owner=4611686018427387954 old=39 beforeA=4294967295 afterA=32 beforeB=4294967295 afterB=4294967295
TRACE_JOINT owner=4611686018427387957 old=40 beforeA=4294967295 afterA=34 beforeB=4294967295 afterB=4294967295
TRACE_JOINT owner=4611686018427387967 old=41 beforeA=4294967295 afterA=40 beforeB=4294967295 afterB=4294967295
TRACE_JOINT owner=4611686018427387970 old=42 beforeA=4294967295 afterA=42 beforeB=4294967295 afterB=4294967295
TRACE_JOINT owner=4611686018427387993 old=45 beforeA=4294967295 afterA=1048600 beforeB=4294967295 afterB=4294967295
TRACE_JOINT owner=4611686018427387996 old=46 beforeA=4294967295 afterA=1048602 beforeB=4294967295 afterB=4294967295
script asset=d3494a425f07c5773e72e0714385354e entity=4611686018427387992 slot=1 fixedUpdate: ReferenceError: stale joint handle
    at __judas (native)
    at call (judas:2:51)
    at get state (judas:146:21)
    at fixedUpdate (Assets/scripts/target.js:7:2)

script asset=d3494a425f07c5773e72e0714385354e entity=4611686018427387995 slot=1 fixedUpdate: ReferenceError: stale joint handle
    at __judas (native)
    at call (judas:2:51)
    at get state (judas:146:21)
    at fixedUpdate (Assets/scripts/target.js:7:2)

TRACE_JOINT owner=4611686018427387906 old=47 beforeA=4294967295 afterA=2 beforeB=4294967295 afterB=4294967295
TRACE_JOINT owner=4611686018427387909 old=48 beforeA=4294967295 afterA=4 beforeB=4294967295 afterB=4294967295
TRACE_JOINT owner=4611686018427387954 old=49 beforeA=4294967295 afterA=32 beforeB=4294967295 afterB=4294967295
TRACE_JOINT owner=4611686018427387957 old=50 beforeA=4294967295 afterA=34 beforeB=4294967295 afterB=4294967295
TRACE_JOINT owner=4611686018427387967 old=51 beforeA=4294967295 afterA=40 beforeB=4294967295 afterB=4294967295
TRACE_JOINT owner=4611686018427387970 old=52 beforeA=4294967295 afterA=42 beforeB=4294967295 afterB=4294967295
TRACE_JOINT owner=4611686018427387993 old=53 beforeA=4294967295 afterA=1048600 beforeB=4294967295 afterB=4294967295
TRACE_JOINT owner=4611686018427387996 old=54 beforeA=4294967295 afterA=1048602 beforeB=4294967295 afterB=4294967295
TRACE_JOINT owner=4611686018427387906 old=55 beforeA=4294967295 afterA=2 beforeB=4294967295 afterB=4294967295
TRACE_JOINT owner=4611686018427387909 old=56 beforeA=4294967295 afterA=4 beforeB=4294967295 afterB=4294967295
TRACE_JOINT owner=4611686018427387954 old=57 beforeA=4294967295 afterA=32 beforeB=4294967295 afterB=4294967295
TRACE_JOINT owner=4611686018427387957 old=58 beforeA=4294967295 afterA=34 beforeB=4294967295 afterB=4294967295
TRACE_JOINT owner=4611686018427387993 old=61 beforeA=4294967295 afterA=1048600 beforeB=4294967295 afterB=4294967295
TRACE_JOINT owner=4611686018427387996 old=62 beforeA=4294967295 afterA=1048602 beforeB=4294967295 afterB=4294967295
TRACE_JOINT owner=4611686018427388006 old=63 beforeA=4294967295 afterA=2097168 beforeB=4294967295 afterB=4294967295
TRACE_JOINT owner=4611686018427388009 old=64 beforeA=4294967295 afterA=2097170 beforeB=4294967295 afterB=4294967295
script asset=d3494a425f07c5773e72e0714385354e entity=4611686018427388005 slot=1 fixedUpdate: ReferenceError: stale joint handle
    at __judas (native)
    at call (judas:2:51)
    at get state (judas:146:21)
    at fixedUpdate (Assets/scripts/target.js:7:2)

script asset=d3494a425f07c5773e72e0714385354e entity=4611686018427388008 slot=1 fixedUpdate: ReferenceError: stale joint handle
    at __judas (native)
    at call (judas:2:51)
    at get state (judas:146:21)
    at fixedUpdate (Assets/scripts/target.js:7:2)

TRACE_JOINT owner=4611686018427387906 old=65 beforeA=4294967295 afterA=2 beforeB=4294967295 afterB=4294967295
TRACE_JOINT owner=4611686018427387909 old=66 beforeA=4294967295 afterA=4 beforeB=4294967295 afterB=4294967295
TRACE_JOINT owner=4611686018427387954 old=67 beforeA=4294967295 afterA=32 beforeB=4294967295 afterB=4294967295
TRACE_JOINT owner=4611686018427387957 old=68 beforeA=4294967295 afterA=34 beforeB=4294967295 afterB=4294967295
TRACE_JOINT owner=4611686018427387993 old=69 beforeA=4294967295 afterA=1048600 beforeB=4294967295 afterB=4294967295
TRACE_JOINT owner=4611686018427387996 old=70 beforeA=4294967295 afterA=1048602 beforeB=4294967295 afterB=4294967295
TRACE_JOINT owner=4611686018427388006 old=71 beforeA=4294967295 afterA=2097168 beforeB=4294967295 afterB=4294967295
TRACE_JOINT owner=4611686018427388009 old=72 beforeA=4294967295 afterA=2097170 beforeB=4294967295 afterB=4294967295
TRACE_JOINT owner=4611686018427387906 old=73 beforeA=4294967295 afterA=2 beforeB=4294967295 afterB=4294967295
TRACE_JOINT owner=4611686018427387909 old=74 beforeA=4294967295 afterA=4 beforeB=4294967295 afterB=4294967295
TRACE_JOINT owner=4611686018427387993 old=77 beforeA=4294967295 afterA=1048600 beforeB=4294967295 afterB=4294967295
TRACE_JOINT owner=4611686018427387996 old=78 beforeA=4294967295 afterA=1048602 beforeB=4294967295 afterB=4294967295
TRACE_JOINT owner=4611686018427388006 old=79 beforeA=4294967295 afterA=2097168 beforeB=4294967295 afterB=4294967295
TRACE_JOINT owner=4611686018427388009 old=80 beforeA=4294967295 afterA=2097170 beforeB=4294967295 afterB=4294967295
TRACE_JOINT owner=4611686018427387906 old=81 beforeA=4294967295 afterA=2 beforeB=4294967295 afterB=4294967295
TRACE_JOINT owner=4611686018427387909 old=82 beforeA=4294967295 afterA=4 beforeB=4294967295 afterB=4294967295
TRACE_JOINT owner=4611686018427387993 old=83 beforeA=4294967295 afterA=1048600 beforeB=4294967295 afterB=4294967295
TRACE_JOINT owner=4611686018427387996 old=84 beforeA=4294967295 afterA=1048602 beforeB=4294967295 afterB=4294967295
TRACE_JOINT owner=4611686018427388006 old=85 beforeA=4294967295 afterA=2097168 beforeB=4294967295 afterB=4294967295
TRACE_JOINT owner=4611686018427388009 old=86 beforeA=4294967295 afterA=2097170 beforeB=4294967295 afterB=4294967295
TRACE_JOINT owner=4611686018427387906 old=87 beforeA=4294967295 afterA=2 beforeB=4294967295 afterB=4294967295
TRACE_JOINT owner=4611686018427387909 old=88 beforeA=4294967295 afterA=4 beforeB=4294967295 afterB=4294967295
TRACE_JOINT owner=4611686018427388006 old=91 beforeA=4294967295 afterA=2097168 beforeB=4294967295 afterB=4294967295
TRACE_JOINT owner=4611686018427388009 old=92 beforeA=4294967295 afterA=2097170 beforeB=4294967295 afterB=4294967295
TRACE_JOINT owner=4611686018427387906 old=93 beforeA=4294967295 afterA=2 beforeB=4294967295 afterB=4294967295
TRACE_JOINT owner=4611686018427387909 old=94 beforeA=4294967295 afterA=4 beforeB=4294967295 afterB=4294967295
TRACE_JOINT owner=4611686018427388006 old=95 beforeA=4294967295 afterA=2097168 beforeB=4294967295 afterB=4294967295
TRACE_JOINT owner=4611686018427388009 old=96 beforeA=4294967295 afterA=2097170 beforeB=4294967295 afterB=4294967295
TRACE_JOINT owner=4611686018427387906 old=97 beforeA=4294967295 afterA=2 beforeB=4294967295 afterB=4294967295
TRACE_JOINT owner=4611686018427387909 old=98 beforeA=4294967295 afterA=4 beforeB=4294967295 afterB=4294967295
TRACE_JOINT owner=4611686018427388019 old=101 beforeA=4294967295 afterA=2097176 beforeB=4294967295 afterB=4294967295
TRACE_JOINT owner=4611686018427388022 old=102 beforeA=4294967295 afterA=2097178 beforeB=4294967295 afterB=4294967295
TRACE_JOINT owner=4611686018427388032 old=103 beforeA=4294967295 afterA=1048608 beforeB=4294967295 afterB=4294967295
TRACE_JOINT owner=4611686018427388035 old=104 beforeA=4294967295 afterA=1048610 beforeB=4294967295 afterB=4294967295
TRACE_JOINT owner=4611686018427388045 old=105 beforeA=4294967295 afterA=1048616 beforeB=4294967295 afterB=4294967295
TRACE_JOINT owner=4611686018427388048 old=106 beforeA=4294967295 afterA=1048618 beforeB=4294967295 afterB=4294967295
script asset=d3494a425f07c5773e72e0714385354e entity=4611686018427388018 slot=1 fixedUpdate: ReferenceError: stale joint handle
    at __judas (native)
    at call (judas:2:51)
    at get state (judas:146:21)
    at fixedUpdate (Assets/scripts/target.js:7:2)

script asset=d3494a425f07c5773e72e0714385354e entity=4611686018427388021 slot=1 fixedUpdate: ReferenceError: stale joint handle
    at __judas (native)
    at call (judas:2:51)
    at get state (judas:146:21)
    at fixedUpdate (Assets/scripts/target.js:7:2)

script asset=d3494a425f07c5773e72e0714385354e entity=4611686018427388031 slot=1 fixedUpdate: ReferenceError: stale joint handle
    at __judas (native)
    at call (judas:2:51)
    at get state (judas:146:21)
    at fixedUpdate (Assets/scripts/target.js:7:2)

script asset=d3494a425f07c5773e72e0714385354e entity=4611686018427388034 slot=1 fixedUpdate: ReferenceError: stale joint handle
    at __judas (native)
    at call (judas:2:51)
    at get state (judas:146:21)
    at fixedUpdate (Assets/scripts/target.js:7:2)

script asset=d3494a425f07c5773e72e0714385354e entity=4611686018427388044 slot=1 fixedUpdate: ReferenceError: stale joint handle
    at __judas (native)
    at call (judas:2:51)
    at get state (judas:146:21)
    at fixedUpdate (Assets/scripts/target.js:7:2)

script asset=d3494a425f07c5773e72e0714385354e entity=4611686018427388047 slot=1 fixedUpdate: ReferenceError: stale joint handle
    at __judas (native)
    at call (judas:2:51)
    at get state (judas:146:21)
    at fixedUpdate (Assets/scripts/target.js:7:2)

TRACE_JOINT owner=4611686018427387906 old=107 beforeA=4294967295 afterA=2 beforeB=4294967295 afterB=4294967295
TRACE_JOINT owner=4611686018427387909 old=108 beforeA=4294967295 afterA=4 beforeB=4294967295 afterB=4294967295
TRACE_JOINT owner=4611686018427388019 old=109 beforeA=4294967295 afterA=2097176 beforeB=4294967295 afterB=4294967295
TRACE_JOINT owner=4611686018427388022 old=110 beforeA=4294967295 afterA=2097178 beforeB=4294967295 afterB=4294967295
TRACE_JOINT owner=4611686018427388032 old=111 beforeA=4294967295 afterA=1048608 beforeB=4294967295 afterB=4294967295
TRACE_JOINT owner=4611686018427388035 old=112 beforeA=4294967295 afterA=1048610 beforeB=4294967295 afterB=4294967295
TRACE_JOINT owner=4611686018427388045 old=113 beforeA=4294967295 afterA=1048616 beforeB=4294967295 afterB=4294967295
TRACE_JOINT owner=4611686018427388048 old=114 beforeA=4294967295 afterA=1048618 beforeB=4294967295 afterB=4294967295
TRACE_JOINT owner=4611686018427387906 old=115 beforeA=4294967295 afterA=2 beforeB=4294967295 afterB=4294967295
TRACE_JOINT owner=4611686018427387909 old=116 beforeA=4294967295 afterA=4 beforeB=4294967295 afterB=4294967295
TRACE_JOINT owner=4611686018427388032 old=119 beforeA=4294967295 afterA=1048608 beforeB=4294967295 afterB=4294967295
TRACE_JOINT owner=4611686018427388035 old=120 beforeA=4294967295 afterA=1048610 beforeB=4294967295 afterB=4294967295
TRACE_JOINT owner=4611686018427388045 old=121 beforeA=4294967295 afterA=1048616 beforeB=4294967295 afterB=4294967295
TRACE_JOINT owner=4611686018427388048 old=122 beforeA=4294967295 afterA=1048618 beforeB=4294967295 afterB=4294967295
TRACE_JOINT owner=4611686018427388058 old=123 beforeA=4294967295 afterA=3145744 beforeB=4294967295 afterB=4294967295
TRACE_JOINT owner=4611686018427388061 old=124 beforeA=4294967295 afterA=3145746 beforeB=4294967295 afterB=4294967295
script asset=d3494a425f07c5773e72e0714385354e entity=4611686018427388057 slot=1 fixedUpdate: ReferenceError: stale joint handle
    at __judas (native)
    at call (judas:2:51)
    at get state (judas:146:21)
    at fixedUpdate (Assets/scripts/target.js:7:2)

script asset=d3494a425f07c5773e72e0714385354e entity=4611686018427388060 slot=1 fixedUpdate: ReferenceError: stale joint handle
    at __judas (native)
    at call (judas:2:51)
    at get state (judas:146:21)
    at fixedUpdate (Assets/scripts/target.js:7:2)

TRACE_JOINT owner=4611686018427387906 old=125 beforeA=4294967295 afterA=2 beforeB=4294967295 afterB=4294967295
TRACE_JOINT owner=4611686018427387909 old=126 beforeA=4294967295 afterA=4 beforeB=4294967295 afterB=4294967295
TRACE_JOINT owner=4611686018427388032 old=127 beforeA=4294967295 afterA=1048608 beforeB=4294967295 afterB=4294967295
TRACE_JOINT owner=4611686018427388035 old=128 beforeA=4294967295 afterA=1048610 beforeB=4294967295 afterB=4294967295
TRACE_JOINT owner=4611686018427388045 old=129 beforeA=4294967295 afterA=1048616 beforeB=4294967295 afterB=4294967295
TRACE_JOINT owner=4611686018427388048 old=130 beforeA=4294967295 afterA=1048618 beforeB=4294967295 afterB=4294967295
TRACE_JOINT owner=4611686018427388058 old=131 beforeA=4294967295 afterA=3145744 beforeB=4294967295 afterB=4294967295
TRACE_JOINT owner=4611686018427388061 old=132 beforeA=4294967295 afterA=3145746 beforeB=4294967295 afterB=4294967295
TRACE_JOINT owner=4611686018427387906 old=133 beforeA=4294967295 afterA=2 beforeB=4294967295 afterB=4294967295
TRACE_JOINT owner=4611686018427387909 old=134 beforeA=4294967295 afterA=4 beforeB=4294967295 afterB=4294967295
TRACE_JOINT owner=4611686018427388032 old=135 beforeA=4294967295 afterA=1048608 beforeB=4294967295 afterB=4294967295
TRACE_JOINT owner=4611686018427388035 old=136 beforeA=4294967295 afterA=1048610 beforeB=4294967295 afterB=4294967295
TRACE_JOINT owner=4611686018427388045 old=137 beforeA=4294967295 afterA=1048616 beforeB=4294967295 afterB=4294967295
TRACE_JOINT owner=4611686018427388048 old=138 beforeA=4294967295 afterA=1048618 beforeB=4294967295 afterB=4294967295
TRACE_JOINT owner=4611686018427388071 old=141 beforeA=4294967295 afterA=3145752 beforeB=4294967295 afterB=4294967295
TRACE_JOINT owner=4611686018427388074 old=142 beforeA=4294967295 afterA=3145754 beforeB=4294967295 afterB=4294967295
script asset=d3494a425f07c5773e72e0714385354e entity=4611686018427388070 slot=1 fixedUpdate: ReferenceError: stale joint handle
    at __judas (native)
    at call (judas:2:51)
    at get state (judas:146:21)
    at fixedUpdate (Assets/scripts/target.js:7:2)

script asset=d3494a425f07c5773e72e0714385354e entity=4611686018427388073 slot=1 fixedUpdate: ReferenceError: stale joint handle
    at __judas (native)
    at call (judas:2:51)
    at get state (judas:146:21)
    at fixedUpdate (Assets/scripts/target.js:7:2)

TRACE_JOINT owner=4611686018427387906 old=143 beforeA=4294967295 afterA=2 beforeB=4294967295 afterB=4294967295
TRACE_JOINT owner=4611686018427387909 old=144 beforeA=4294967295 afterA=4 beforeB=4294967295 afterB=4294967295
TRACE_JOINT owner=4611686018427388032 old=145 beforeA=4294967295 afterA=1048608 beforeB=4294967295 afterB=4294967295
TRACE_JOINT owner=4611686018427388035 old=146 beforeA=4294967295 afterA=1048610 beforeB=4294967295 afterB=4294967295
TRACE_JOINT owner=4611686018427388045 old=147 beforeA=4294967295 afterA=1048616 beforeB=4294967295 afterB=4294967295
TRACE_JOINT owner=4611686018427388048 old=148 beforeA=4294967295 afterA=1048618 beforeB=4294967295 afterB=4294967295
TRACE_JOINT owner=4611686018427388071 old=149 beforeA=4294967295 afterA=3145752 beforeB=4294967295 afterB=4294967295
TRACE_JOINT owner=4611686018427388074 old=150 beforeA=4294967295 afterA=3145754 beforeB=4294967295 afterB=4294967295
TRACE_JOINT owner=4611686018427387906 old=151 beforeA=4294967295 afterA=2 beforeB=4294967295 afterB=4294967295
TRACE_JOINT owner=4611686018427387909 old=152 beforeA=4294967295 afterA=4 beforeB=4294967295 afterB=4294967295
TRACE_JOINT owner=4611686018427388032 old=153 beforeA=4294967295 afterA=1048608 beforeB=4294967295 afterB=4294967295
TRACE_JOINT owner=4611686018427388035 old=154 beforeA=4294967295 afterA=1048610 beforeB=4294967295 afterB=4294967295
TRACE_JOINT owner=4611686018427388071 old=157 beforeA=4294967295 afterA=3145752 beforeB=4294967295 afterB=4294967295
TRACE_JOINT owner=4611686018427388074 old=158 beforeA=4294967295 afterA=3145754 beforeB=4294967295 afterB=4294967295
TRACE_JOINT owner=4611686018427388084 old=159 beforeA=4294967295 afterA=4194320 beforeB=4294967295 afterB=4294967295
TRACE_JOINT owner=4611686018427388087 old=160 beforeA=4294967295 afterA=4194322 beforeB=4294967295 afterB=4294967295
script asset=d3494a425f07c5773e72e0714385354e entity=4611686018427388083 slot=1 fixedUpdate: ReferenceError: stale joint handle
    at __judas (native)
    at call (judas:2:51)
    at get state (judas:146:21)
    at fixedUpdate (Assets/scripts/target.js:7:2)

script asset=d3494a425f07c5773e72e0714385354e entity=4611686018427388086 slot=1 fixedUpdate: ReferenceError: stale joint handle
    at __judas (native)
    at call (judas:2:51)
    at get state (judas:146:21)
    at fixedUpdate (Assets/scripts/target.js:7:2)

TRACE_JOINT owner=4611686018427387906 old=161 beforeA=4294967295 afterA=2 beforeB=4294967295 afterB=4294967295
TRACE_JOINT owner=4611686018427387909 old=162 beforeA=4294967295 afterA=4 beforeB=4294967295 afterB=4294967295
TRACE_JOINT owner=4611686018427388032 old=163 beforeA=4294967295 afterA=1048608 beforeB=4294967295 afterB=4294967295
TRACE_JOINT owner=4611686018427388035 old=164 beforeA=4294967295 afterA=1048610 beforeB=4294967295 afterB=4294967295
TRACE_JOINT owner=4611686018427388071 old=165 beforeA=4294967295 afterA=3145752 beforeB=4294967295 afterB=4294967295
TRACE_JOINT owner=4611686018427388074 old=166 beforeA=4294967295 afterA=3145754 beforeB=4294967295 afterB=4294967295
TRACE_JOINT owner=4611686018427388084 old=167 beforeA=4294967295 afterA=4194320 beforeB=4294967295 afterB=4294967295
TRACE_JOINT owner=4611686018427388087 old=168 beforeA=4294967295 afterA=4194322 beforeB=4294967295 afterB=4294967295
TRACE_JOINT owner=4611686018427387906 old=169 beforeA=4294967295 afterA=2 beforeB=4294967295 afterB=4294967295
TRACE_JOINT owner=4611686018427387909 old=170 beforeA=4294967295 afterA=4 beforeB=4294967295 afterB=4294967295
TRACE_JOINT owner=4611686018427388071 old=173 beforeA=4294967295 afterA=3145752 beforeB=4294967295 afterB=4294967295
TRACE_JOINT owner=4611686018427388074 old=174 beforeA=4294967295 afterA=3145754 beforeB=4294967295 afterB=4294967295
TRACE_JOINT owner=4611686018427388084 old=175 beforeA=4294967295 afterA=4194320 beforeB=4294967295 afterB=4294967295
TRACE_JOINT owner=4611686018427388087 old=176 beforeA=4294967295 afterA=4194322 beforeB=4294967295 afterB=4294967295
TRACE_JOINT owner=4611686018427387906 old=177 beforeA=4294967295 afterA=2 beforeB=4294967295 afterB=4294967295
TRACE_JOINT owner=4611686018427387909 old=178 beforeA=4294967295 afterA=4 beforeB=4294967295 afterB=4294967295
TRACE_JOINT owner=4611686018427388071 old=179 beforeA=4294967295 afterA=3145752 beforeB=4294967295 afterB=4294967295
TRACE_JOINT owner=4611686018427388074 old=180 beforeA=4294967295 afterA=3145754 beforeB=4294967295 afterB=4294967295
TRACE_JOINT owner=4611686018427388084 old=181 beforeA=4294967295 afterA=4194320 beforeB=4294967295 afterB=4294967295
TRACE_JOINT owner=4611686018427388087 old=182 beforeA=4294967295 afterA=4194322 beforeB=4294967295 afterB=4294967295
TRACE_JOINT owner=4611686018427387906 old=183 beforeA=4294967295 afterA=2 beforeB=4294967295 afterB=4294967295
TRACE_JOINT owner=4611686018427387909 old=184 beforeA=4294967295 afterA=4 beforeB=4294967295 afterB=4294967295
TRACE_JOINT owner=4611686018427388084 old=187 beforeA=4294967295 afterA=4194320 beforeB=4294967295 afterB=4294967295
TRACE_JOINT owner=4611686018427388087 old=188 beforeA=4294967295 afterA=4194322 beforeB=4294967295 afterB=4294967295
TRACE_JOINT owner=4611686018427387906 old=189 beforeA=4294967295 afterA=2 beforeB=4294967295 afterB=4294967295
TRACE_JOINT owner=4611686018427387909 old=190 beforeA=4294967295 afterA=4 beforeB=4294967295 afterB=4294967295
TRACE_JOINT owner=4611686018427388084 old=191 beforeA=4294967295 afterA=4194320 beforeB=4294967295 afterB=4294967295
TRACE_JOINT owner=4611686018427388087 old=192 beforeA=4294967295 afterA=4194322 beforeB=4294967295 afterB=4294967295
PASS actual JS motor reaches final gallery
LEG 1 frame=464 retained=113023 integration=1.536391
PASS actual JS motor returns through unloaded galleries to bootstrap
LEG 2 frame=930 retained=507507 integration=0.333376
PASS actual JS motor reaches final gallery
LEG 3 frame=1396 retained=507542 integration=1.766972
PASS actual JS motor returns through unloaded galleries to bootstrap
LEG 4 frame=1862 retained=507956 integration=0.576593
PASS two complete forward/backward traversals
FAIL target and player callbacks remain valid across suspension/revisit
FAULT entity=4611686018427387905 ReferenceError: stale joint handle
    at __judas (native)
    at call (judas:2:51)
    at get state (judas:146:21)
    at fixedUpdate (Assets/scripts/target.js:7:2)

FAULT entity=4611686018427387908 ReferenceError: stale joint handle
    at __judas (native)
    at call (judas:2:51)
    at get state (judas:146:21)
    at fixedUpdate (Assets/scripts/target.js:7:2)

FAULT entity=4611686018427387940 ReferenceError: stale joint handle
    at __judas (native)
    at call (judas:2:51)
    at get state (judas:146:21)
    at fixedUpdate (Assets/scripts/target.js:7:2)

FAULT entity=4611686018427387943 ReferenceError: stale joint handle
    at __judas (native)
    at call (judas:2:51)
    at get state (judas:146:21)
    at fixedUpdate (Assets/scripts/target.js:7:2)

FAULT entity=4611686018427387953 ReferenceError: stale joint handle
    at __judas (native)
    at call (judas:2:51)
    at get state (judas:146:21)
    at fixedUpdate (Assets/scripts/target.js:7:2)

FAULT entity=4611686018427387956 ReferenceError: stale joint handle
    at __judas (native)
    at call (judas:2:51)
    at get state (judas:146:21)
    at fixedUpdate (Assets/scripts/target.js:7:2)

FAULT entity=4611686018427387966 ReferenceError: stale joint handle
    at __judas (native)
    at call (judas:2:51)
    at get state (judas:146:21)
    at fixedUpdate (Assets/scripts/target.js:7:2)

FAULT entity=4611686018427387969 ReferenceError: stale joint handle
    at __judas (native)
    at call (judas:2:51)
    at get state (judas:146:21)
    at fixedUpdate (Assets/scripts/target.js:7:2)

FAULT entity=4611686018427387979 ReferenceError: stale joint handle
    at __judas (native)
    at call (judas:2:51)
    at get state (judas:146:21)
    at fixedUpdate (Assets/scripts/target.js:7:2)

FAULT entity=4611686018427387982 ReferenceError: stale joint handle
    at __judas (native)
    at call (judas:2:51)
    at get state (judas:146:21)
    at fixedUpdate (Assets/scripts/target.js:7:2)

FAULT entity=4611686018427387992 ReferenceError: stale joint handle
    at __judas (native)
    at call (judas:2:51)
    at get state (judas:146:21)
    at fixedUpdate (Assets/scripts/target.js:7:2)

FAULT entity=4611686018427387995 ReferenceError: stale joint handle
    at __judas (native)
    at call (judas:2:51)
    at get state (judas:146:21)
    at fixedUpdate (Assets/scripts/target.js:7:2)

FAULT entity=4611686018427388005 ReferenceError: stale joint handle
    at __judas (native)
    at call (judas:2:51)
    at get state (judas:146:21)
    at fixedUpdate (Assets/scripts/target.js:7:2)

FAULT entity=4611686018427388008 ReferenceError: stale joint handle
    at __judas (native)
    at call (judas:2:51)
    at get state (judas:146:21)
    at fixedUpdate (Assets/scripts/target.js:7:2)

FAULT entity=4611686018427388018 ReferenceError: stale joint handle
    at __judas (native)
    at call (judas:2:51)
    at get state (judas:146:21)
    at fixedUpdate (Assets/scripts/target.js:7:2)

FAULT entity=4611686018427388021 ReferenceError: stale joint handle
    at __judas (native)
    at call (judas:2:51)
    at get state (judas:146:21)
    at fixedUpdate (Assets/scripts/target.js:7:2)

FAULT entity=4611686018427388031 ReferenceError: stale joint handle
    at __judas (native)
    at call (judas:2:51)
    at get state (judas:146:21)
    at fixedUpdate (Assets/scripts/target.js:7:2)

FAULT entity=4611686018427388034 ReferenceError: stale joint handle
    at __judas (native)
    at call (judas:2:51)
    at get state (judas:146:21)
    at fixedUpdate (Assets/scripts/target.js:7:2)

FAULT entity=4611686018427388044 ReferenceError: stale joint handle
    at __judas (native)
    at call (judas:2:51)
    at get state (judas:146:21)
    at fixedUpdate (Assets/scripts/target.js:7:2)

FAULT entity=4611686018427388047 ReferenceError: stale joint handle
    at __judas (native)
    at call (judas:2:51)
    at get state (judas:146:21)
    at fixedUpdate (Assets/scripts/target.js:7:2)

FAULT entity=4611686018427388057 ReferenceError: stale joint handle
    at __judas (native)
    at call (judas:2:51)
    at get state (judas:146:21)
    at fixedUpdate (Assets/scripts/target.js:7:2)

FAULT entity=4611686018427388060 ReferenceError: stale joint handle
    at __judas (native)
    at call (judas:2:51)
    at get state (judas:146:21)
    at fixedUpdate (Assets/scripts/target.js:7:2)

FAULT entity=4611686018427388070 ReferenceError: stale joint handle
    at __judas (native)
    at call (judas:2:51)
    at get state (judas:146:21)
    at fixedUpdate (Assets/scripts/target.js:7:2)

FAULT entity=4611686018427388073 ReferenceError: stale joint handle
    at __judas (native)
    at call (judas:2:51)
    at get state (judas:146:21)
    at fixedUpdate (Assets/scripts/target.js:7:2)

FAULT entity=4611686018427388083 ReferenceError: stale joint handle
    at __judas (native)
    at call (judas:2:51)
    at get state (judas:146:21)
    at fixedUpdate (Assets/scripts/target.js:7:2)

FAULT entity=4611686018427388086 ReferenceError: stale joint handle
    at __judas (native)
    at call (judas:2:51)
    at get state (judas:146:21)
    at fixedUpdate (Assets/scripts/target.js:7:2)

M59_REVISIT frames=1862 leg=4 peak_retained=507958 peak_integration_ms=11.635314
PASS ordinary application shutdown
SUMMARY 7 checks 1 failures
