classic_near: exit=0, 4.174s
classic_far: exit=0, 4.072s
terrain_near: exit=0, 5.976s
terrain_far: exit=0, 5.976s
{"overall_pass": true, "checks": {"all_production_and_async": true, "ftft1": true, "near_far": true, "source_unchanged_during_run": true, "protected_unchanged_during_run": true}, "seconds": 565.8252311}
{
  "checkpoint": "1b3a134bdb3d7876d8ed8261571311ca7880e386",
  "initial_head_main_origin_verified": true,
  "initial_clean_tree_verified_before_evidence_creation": true,
  "build_directory_initially_absent": true,
  "prior_build_preserved": ".cache/final-gate-prior-build-1b3a134",
  "command_adapter": "Add -DCMAKE_BUILD_TYPE=Release to existing configure command only",
  "human_visual_validation": "NOT RUN; existing automated offscreen GL checks",
  "commands": [
    [
      "cmake",
      "-S",
      ".",
      "-B",
      "build",
      "-DCMAKE_BUILD_TYPE=Release"
    ],
    [
      "./build/judas_production_fluid_performance",
      "--output",
      "/home/conner/Documents/GitHub/Project-Judas/docs/evidence/stabilization/final-gate/performance"
    ]
  ],
  "validation_exit_code": 0,
  "performance_exit_code": 0,
  "elapsed_seconds": 569.737627716,
  "overall_pass": true,
  "runner_sha256": "ffbc8c957cb6f6af09b3007ce2959b1299843be4e876957fa916c8616a55ce38"
}
