PRECONDITION half_020 warmup_steps=240 mean_particle_speed=0.0230295
FAIL half_020 settles rather than passing through desired immersion
CASE half_020 failures=1 mass=108.0000076 particles=752 y=1.154762506 vy=-0.741679132 fraction=0.5225211382 observed_fraction=0.4176930745 max_speed=2.101854324 particle_ms=20.408309 executed_ms=24.094335 amortized_ms=14.27916337
PRECONDITION neutral_020 warmup_steps=240 mean_particle_speed=0.02302952678
CASE neutral_020 failures=0 mass=216.0000153 particles=752 y=0.6798343658 vy=-0.007785081863 fraction=0.9992040396 observed_fraction=1 max_speed=0.0151436599 particle_ms=20.716942 executed_ms=24.700999 amortized_ms=14.57212915
PRECONDITION dense_020 warmup_steps=240 mean_particle_speed=0.02302952678
CASE dense_020 failures=0 mass=432.0000305 particles=752 y=0.2999759614 vy=-2.523692366e-10 fraction=0.8578588367 observed_fraction=0.9802083333 max_speed=35.70735931 particle_ms=15.941638 executed_ms=17.736008 amortized_ms=10.45815462
PRECONDITION half_025 warmup_steps=240 mean_particle_speed=0.08302631956
FAIL half_025 reference pool is quiescent before body release
CASE half_025 failures=1 mass=108.0000076 particles=336 y=0.8792460561 vy=0.1044710428 fraction=0.4979944527 observed_fraction=0.5904393514 max_speed=0.8179434538 particle_ms=8.814654 executed_ms=11.150953 amortized_ms=6.842246508
PRECONDITION neutral_025 warmup_steps=240 mean_particle_speed=0.08302631956
FAIL neutral_025 reference pool is quiescent before body release
FAIL neutral_025 neutral drift within 0.20m over 4 seconds
CASE neutral_025 failures=2 mass=216.0000153 particles=336 y=0.3000000119 vy=-7.912255573e-11 fraction=0.9849672914 observed_fraction=1 max_speed=0.5034381747 particle_ms=9.0162 executed_ms=11.212865 amortized_ms=6.790121942
PRECONDITION dense_025 warmup_steps=240 mean_particle_speed=0.08302631956
FAIL dense_025 reference pool is quiescent before body release
CASE dense_025 failures=1 mass=432.0000305 particles=336 y=0.2980416119 vy=2.786967879e-10 fraction=0.9609589577 observed_fraction=1 max_speed=1.52097702 particle_ms=8.221193 executed_ms=10.459636 amortized_ms=6.531102125
PRECONDITION rotated_half warmup_steps=240 mean_particle_speed=0.02804762021
FAIL rotated_half settles rather than passing through desired immersion
CASE rotated_half failures=1 mass=108.0000076 particles=752 y=1.10947156 vy=-0.5216388702 fraction=0.5058588982 observed_fraction=0.4490570068 max_speed=2.096219301 particle_ms=21.707462 executed_ms=25.740538 amortized_ms=15.03155674
PRECONDITION zero_gravity warmup_steps=240 mean_particle_speed=0.07507191735
FAIL zero_gravity reference pool is quiescent before body release
CASE zero_gravity failures=1 mass=216.0000153 particles=752 y=0.704434514 vy=0.00167882652 fraction=0.688318789 observed_fraction=1 max_speed=0.001678827102 particle_ms=14.067438 executed_ms=17.635943 amortized_ms=10.64535554
CASE common_freefall failures=0 mass=216.0000153 particles=752 y=-78.65870667 vy=-39.3710022 fraction=0.6010412574 observed_fraction=1 max_speed=39.3710022 particle_ms=10.66467 executed_ms=13.644477 amortized_ms=8.064498471
PRECONDITION small_mass_125x warmup_steps=240 mean_particle_speed=0.04238783342
FAIL small_mass_125x settles rather than passing through desired immersion
CASE small_mass_125x failures=1 mass=0.864000082 particles=796 y=1.054105163 vy=-1.399950981 fraction=0.5140315294 observed_fraction=0.5434936523 max_speed=3.342086077 particle_ms=21.579589 executed_ms=22.526519 amortized_ms=11.89399143
PRECONDITION light_80kg warmup_steps=240 mean_particle_speed=0.0327193264
CASE light_80kg failures=0 mass=80 particles=752 y=1.057541609 vy=0.3826911449 fraction=0.5093070865 observed_fraction=0.470900472 max_speed=2.09901619 particle_ms=20.803093 executed_ms=24.913648 amortized_ms=14.1766727
SUMMARY checks=8003 failures=8 steps=5040
