[  5%] Built target judas_glad
[  5%] Built target judas_audio_backend
[ 11%] Built target judas_quickjs
[ 23%] Built target judas_navigation_backend
[ 23%] Building CXX object CMakeFiles/judas_engine.dir/src/LiquidSurface.cpp.o
[ 29%] Linking CXX static library libjudas_engine.a
[100%] Built target judas_engine
[100%] Linking CXX executable judas_liquid_surface_tests
[100%] Built target judas_liquid_surface_tests
[  5%] Built target judas_audio_backend
[ 11%] Built target judas_quickjs
[ 11%] Built target judas_glad
[ 23%] Built target judas_navigation_backend
[100%] Built target judas_engine
[100%] Linking CXX executable judas_liquid_surface_application_tests
[100%] Built target judas_liquid_surface_application_tests
[  0%] Built target judas_glad
[  5%] Built target judas_quickjs
[ 16%] Built target judas_navigation_backend
[ 22%] Built target judas_audio_backend
[ 94%] Built target judas_engine
[ 94%] Linking CXX executable judas_liquid_surface_loop_tests
[100%] Built target judas_liquid_surface_loop_tests
[  0%] Built target judas_glad
[  5%] Built target judas_audio_backend
[ 11%] Built target judas_quickjs
[ 22%] Built target judas_navigation_backend
[ 94%] Built target judas_engine
[ 94%] Linking CXX executable judas_liquid_tests
[100%] Built target judas_liquid_tests
[  0%] Built target judas_glad
[  5%] Built target judas_audio_backend
[ 11%] Built target judas_quickjs
[ 23%] Built target judas_navigation_backend
[100%] Built target judas_engine
[100%] Linking CXX executable judas
[100%] Built target judas
[  0%] Built target judas_glad
[ 15%] Built target judas_quickjs
[ 15%] Built target judas_navigation_backend
[ 20%] Built target judas_audio_backend
[ 25%] Built target judas_imgui
[ 90%] Built target judas_engine
[ 95%] Built target judas_navigation_baker
[ 95%] Linking CXX executable judas_editor
[100%] Built target judas_editor
[  0%] Built target judas_glad
[ 11%] Built target judas_audio_backend
[ 11%] Built target judas_quickjs
[ 23%] Built target judas_navigation_backend
[100%] Built target judas_engine
[100%] Linking CXX executable judas_export
[100%] Built target judas_export
[  5%] Built target judas_quickjs
[  5%] Built target judas_glad
[ 11%] Built target judas_audio_backend
[ 22%] Built target judas_navigation_backend
[ 94%] Built target judas_engine
[100%] Linking CXX executable judasjs_examples_tests
[100%] Built target judasjs_examples_tests
