PASS ordinary M55 project and logical input map
PASS normal EngineHost/GL resources
PASS registered surface scene loads normally
PASS ordinary resource/world/session build
PASS baked resources and ordinary JS callbacks resolve without faults
PASS swimming-sized conserved spatial partition, no bulk particles
PASS ordinary prefab bucket starts dry
PASS JS drain changes owner and local allocation together
PASS JS refill restores quantity while preserving surface state
PASS normal query reports actual local occupied depth and separate gravity up
PASS generic momentum impulse disturbs existing water without creating volume
PASS waves persist and owner/parcel ledger stays conserved
M55 lab scoop step 0 volume 0.000873317636
M55 lab scoop step 10 volume 0.00977569168
M55 lab scoop step 20 volume 0.0186871876
M55 lab scoop step 30 volume 0.025088
M55 lab acquired 25.088000000 L ledger -8.52651282912e-14
PASS physical opening acquires real moving-surface water with paired ownership
PASS removed cup retains real conserved water
PASS pouring moves retained water through conserved parcels
PASS JS liquid response drives normal CharacterMotor under selected gravity
M55 lab fixed median 5.0872 p95 5.9161 max 6.4014 ms
M55 lab offscreen render 640x360 median 17.0420 p95 17.5550 max 17.8085 ms
M55 lab cells 384 faces 728 parcels 2 bodies 41 draws 99 solve 0.54713 ms iterations 3 residual 1.4767700528e-08 partition 1.42108547152e-13
M55 lab post-interaction last liquid 5.58664 containers 0.39799 storage 2.55531 solve 0.89507 loading 1.73827 ms; storage tets 6028 base 2717
M55 body 201 position -3.000 2.944 -3.000 speed 0.017 angular 0.000
M55 body 4030 position 1.078 2.182 -12.008 speed 0.006 angular 0.164
M55 lab 100 sample queries 0.039506 ms
M55 lab optical paths 0.951874 ms
M55 lab mesh 17439 vertices 0.662465 ms
PASS complete ledger closes within M54 floating-point tolerance
PASS continued interaction has no retained solve/script failures
PASS reload reconstructs surface state and rejects old handles
PASS Stop clears surfaces, containers and parcels
M55 application 20 checks 0 failures
