[  0%] Built target judas_glad
[  0%] Building CXX object CMakeFiles/judas_engine.dir/src/ProductionFluidCoupling.cpp.o
[  7%] Building CXX object CMakeFiles/judas_engine.dir/src/WorldDebugView.cpp.o
[ 15%] Building CXX object CMakeFiles/judas_engine.dir/src/FluidWorld.cpp.o
[ 15%] Building CXX object CMakeFiles/judas_engine.dir/src/FluidHydrostatics.cpp.o
[ 15%] Building CXX object CMakeFiles/judas_engine.dir/src/RuntimeWorld.cpp.o
[ 15%] Building CXX object CMakeFiles/judas_engine.dir/src/GameSession.cpp.o
[ 15%] Building CXX object CMakeFiles/judas_engine.dir/src/Simulation.cpp.o
[ 15%] Building CXX object CMakeFiles/judas_engine.dir/src/WorldPresentation.cpp.o
[ 23%] Building CXX object CMakeFiles/judas_engine.dir/src/GameplayHud.cpp.o
[ 23%] Building CXX object CMakeFiles/judas_engine.dir/src/InteractivePlay.cpp.o
[ 23%] Building CXX object CMakeFiles/judas_engine.dir/src/CoarseSimulation.cpp.o
[ 30%] Building CXX object CMakeFiles/judas_engine.dir/src/WorldState.cpp.o
[ 30%] Linking CXX static library libjudas_engine.a
[100%] Built target judas_engine
[100%] Building CXX object CMakeFiles/judas_fluid_hydrostatics_tests.dir/tests/FluidHydrostaticsTests.cpp.o
[100%] Linking CXX executable judas_fluid_hydrostatics_tests
[100%] Built target judas_fluid_hydrostatics_tests
[  0%] Built target judas_glad
[100%] Built target judas_engine
[100%] Building CXX object CMakeFiles/judas_production_fluid_tests.dir/tests/ProductionFluidTests.cpp.o
[100%] Linking CXX executable judas_production_fluid_tests
[100%] Built target judas_production_fluid_tests
[  0%] Built target judas_glad
[100%] Built target judas_engine
[100%] Building CXX object CMakeFiles/judas_player_fluid_integration_tests.dir/tests/PlayerFluidIntegrationTests.cpp.o
[100%] Linking CXX executable judas_player_fluid_integration_tests
[100%] Built target judas_player_fluid_integration_tests
[  0%] Built target judas_glad
[ 92%] Built target judas_engine
[ 92%] Building CXX object CMakeFiles/judas_fluid_container_integration_tests.dir/tests/FluidContainerIntegrationTests.cpp.o
[100%] Linking CXX executable judas_fluid_container_integration_tests
[100%] Built target judas_fluid_container_integration_tests
[  0%] Built target judas_glad
[100%] Built target judas_engine
[100%] Building CXX object CMakeFiles/judas_production_fluid_performance.dir/tests/ProductionFluidPerformance.cpp.o
[100%] Linking CXX executable judas_production_fluid_performance
[100%] Built target judas_production_fluid_performance
