JS: stage 1 t=1.0
JS: {"t":1,"stage":1,"mode":"ship","ship":[0,61.2,0],"sv":0,"landed":true,"hull":100,"pilot":null,"suit":100,"raiders":0,"kills":0,"bolts":{"fired":0,"hits":0,"raiderHits":0,"last":""},"ids":""}
JS: {"t":2,"stage":1,"mode":"ship","ship":[0,61.2,0],"sv":0,"landed":true,"hull":100,"pilot":null,"suit":100,"raiders":3,"kills":0,"bolts":{"fired":0,"hits":0,"raiderHits":0,"last":""},"ids":"4611686018427387904,4611686018427387911,4611686018427387918"}
JS: {"t":3,"stage":1,"mode":"ship","ship":[0,61.2,0],"sv":0,"landed":true,"hull":100,"pilot":null,"suit":100,"raiders":3,"kills":0,"bolts":{"fired":0,"hits":0,"raiderHits":0,"last":""},"ids":"4611686018427387904,4611686018427387911,4611686018427387918"}
JS: DMG 4 bolt hull=100
JS: {"t":4,"stage":1,"mode":"ship","ship":[-0.1,71.5,0.1],"sv":20.2,"landed":false,"hull":96,"pilot":null,"suit":100,"raiders":3,"kills":0,"bolts":{"fired":0,"hits":0,"raiderHits":0,"last":""},"ids":"4611686018427387904,4611686018427387911,4611686018427387918"}
JS: {"t":5,"stage":1,"mode":"ship","ship":[-0.2,90.1,0.3],"sv":9.1,"landed":false,"hull":96,"pilot":null,"suit":100,"raiders":3,"kills":0,"bolts":{"fired":1,"hits":0,"raiderHits":0,"last":""},"ids":"4611686018427387904,4611686018427387911,4611686018427387918"}
JS: {"t":6,"stage":1,"mode":"ship","ship":[-0.2,94.6,0.4],"sv":1.8,"landed":false,"hull":96,"pilot":null,"suit":100,"raiders":3,"kills":0,"bolts":{"fired":9,"hits":0,"raiderHits":0,"last":""},"ids":"4611686018427387904,4611686018427387911,4611686018427387918"}
JS: DMG 4 bolt hull=96
JS: {"t":7,"stage":1,"mode":"ship","ship":[-0.2,95.4,0.4],"sv":0.6,"landed":false,"hull":92,"pilot":null,"suit":100,"raiders":3,"kills":0,"bolts":{"fired":18,"hits":0,"raiderHits":0,"last":""},"ids":"4611686018427387904,4611686018427387911,4611686018427387918"}
JS: DMG 4 bolt hull=92
JS: {"t":8,"stage":1,"mode":"ship","ship":[-0.5,95.7,0.4],"sv":0.5,"landed":false,"hull":88,"pilot":null,"suit":100,"raiders":3,"kills":0,"bolts":{"fired":19,"hits":0,"raiderHits":0,"last":""},"ids":"4611686018427387904,4611686018427387911,4611686018427387918"}
JS: DMG 4 bolt hull=88
JS: {"t":9,"stage":1,"mode":"ship","ship":[-0.9,95.9,0.3],"sv":0.3,"landed":false,"hull":84,"pilot":null,"suit":100,"raiders":3,"kills":0,"bolts":{"fired":19,"hits":0,"raiderHits":0,"last":""},"ids":"4611686018427387904,4611686018427387911,4611686018427387918"}
JS: DMG 4 bolt hull=84
JS: DMG 4 bolt hull=80
JS: {"t":10,"stage":1,"mode":"ship","ship":[-1.2,96,0],"sv":0.5,"landed":false,"hull":76,"pilot":null,"suit":100,"raiders":3,"kills":0,"bolts":{"fired":19,"hits":0,"raiderHits":0,"last":""},"ids":"4611686018427387904,4611686018427387911,4611686018427387918"}
Consumer observation frames=600 scriptErrors=0
Renderer fragment texture units: 32 (material path uses 12)
World state: disk saves disabled for additive compositions
Project: Judas Three Games (/tmp/judas-post-m65-d7t5yhwc/project/post_m65_consumers.judasproj)
Scene: Void Courier (/tmp/judas-post-m65-d7t5yhwc/project/Scenes/void/system.judas)
World origin (m): 0.000, 0.000, 0.000
