[  0%] Built target judas_glad
[  0%] Building CXX object CMakeFiles/judas_imgui.dir/third_party/imgui/imgui.cpp.o
[  0%] Building CXX object CMakeFiles/judas_rigid_contact_tests.dir/src/ContactSolver.cpp.o
[  1%] Building CXX object CMakeFiles/judas_physics_tests.dir/src/BoxVolume.cpp.o
[  1%] Building CXX object CMakeFiles/judas_broadphase_tests.dir/src/ContactSolver.cpp.o
[  2%] Building CXX object CMakeFiles/judas_physics_tests.dir/src/Broadphase.cpp.o
[  2%] Building CXX object CMakeFiles/judas_physics_tests.dir/src/ContactSolver.cpp.o
[  3%] Building CXX object CMakeFiles/judas_rigid_contact_tests.dir/src/PhysicsWorld.cpp.o
[  4%] Building CXX object CMakeFiles/judas_broadphase_tests.dir/src/PhysicsWorld.cpp.o
[  4%] Building CXX object CMakeFiles/judas_physics_tests.dir/src/Contacts.cpp.o
[  4%] Linking CXX executable judas_rigid_contact_tests
[  5%] Built target judas_rigid_contact_tests
[  6%] Building CXX object CMakeFiles/judas_collision_tests.dir/src/BoxVolume.cpp.o
[  7%] Building CXX object CMakeFiles/judas_collision_tests.dir/src/Broadphase.cpp.o
[  7%] Building CXX object CMakeFiles/judas_collision_tests.dir/src/ContactSolver.cpp.o
[  7%] Linking CXX executable judas_broadphase_tests
[  8%] Built target judas_broadphase_tests
[  8%] Building CXX object CMakeFiles/judas_celestial_gravity_tests.dir/src/Broadphase.cpp.o
[  8%] Building CXX object CMakeFiles/judas_physics_tests.dir/src/FaithfulGravity.cpp.o
[  8%] Building CXX object CMakeFiles/judas_collision_tests.dir/src/Contacts.cpp.o
[  8%] Building CXX object CMakeFiles/judas_physics_tests.dir/src/GravityContextMap.cpp.o
[  8%] Building CXX object CMakeFiles/judas_celestial_gravity_tests.dir/src/CelestialGravity.cpp.o
[  8%] Building CXX object CMakeFiles/judas_physics_tests.dir/src/Narrowphase.cpp.o
[  8%] Building CXX object CMakeFiles/judas_celestial_gravity_tests.dir/src/ContactSolver.cpp.o
[  9%] Building CXX object CMakeFiles/judas_celestial_gravity_tests.dir/src/Contacts.cpp.o
[  9%] Building CXX object CMakeFiles/judas_collision_tests.dir/src/FaithfulGravity.cpp.o
[  9%] Building CXX object CMakeFiles/judas_collision_tests.dir/src/GravityContextMap.cpp.o
[  9%] Building CXX object CMakeFiles/judas_collision_tests.dir/src/Narrowphase.cpp.o
[  9%] Building CXX object CMakeFiles/judas_physics_tests.dir/src/RadialTerrain.cpp.o
[ 10%] Building CXX object CMakeFiles/judas_imgui.dir/third_party/imgui/imgui_draw.cpp.o
[ 10%] Building CXX object CMakeFiles/judas_physics_tests.dir/src/RadicalGravity.cpp.o
[ 11%] Building CXX object CMakeFiles/judas_physics_tests.dir/src/RigidBody.cpp.o
[ 12%] Building CXX object CMakeFiles/judas_celestial_gravity_tests.dir/src/Narrowphase.cpp.o
[ 12%] Building CXX object CMakeFiles/judas_physics_tests.dir/src/RigidBodyGravity.cpp.o
[ 12%] Building CXX object CMakeFiles/judas_physics_tests.dir/src/SphericalVolume.cpp.o
[ 12%] Building CXX object CMakeFiles/judas_physics_tests.dir/tests/PhysicsPrimitiveTests.cpp.o
[ 12%] Linking CXX executable judas_physics_tests
[ 12%] Built target judas_physics_tests
[ 12%] Building CXX object CMakeFiles/judas_asset_tests.dir/src/ModelLoader.cpp.o
[ 12%] Building CXX object CMakeFiles/judas_collision_tests.dir/src/RadialTerrain.cpp.o
[ 12%] Building CXX object CMakeFiles/judas_celestial_gravity_tests.dir/src/PhysicsWorld.cpp.o
[ 12%] Building CXX object CMakeFiles/judas_collision_tests.dir/src/RadicalGravity.cpp.o
[ 12%] Building CXX object CMakeFiles/judas_imgui.dir/third_party/imgui/imgui_tables.cpp.o
[ 13%] Building CXX object CMakeFiles/judas_collision_tests.dir/src/RigidBody.cpp.o
[ 13%] Building CXX object CMakeFiles/judas_collision_tests.dir/src/RigidBodyGravity.cpp.o
[ 13%] Building CXX object CMakeFiles/judas_collision_tests.dir/src/SphericalVolume.cpp.o
[ 13%] Building CXX object CMakeFiles/judas_collision_tests.dir/tests/CollisionTests.cpp.o
[ 13%] Linking CXX executable judas_collision_tests
[ 13%] Built target judas_collision_tests
[ 14%] Building CXX object CMakeFiles/judas_step_climb_tests.dir/src/Broadphase.cpp.o
[ 14%] Building CXX object CMakeFiles/judas_celestial_gravity_tests.dir/src/RadialTerrain.cpp.o
[ 14%] Building CXX object CMakeFiles/judas_imgui.dir/third_party/imgui/imgui_widgets.cpp.o
[ 14%] Building CXX object CMakeFiles/judas_step_climb_tests.dir/src/ContactSolver.cpp.o
[ 14%] Building CXX object CMakeFiles/judas_celestial_gravity_tests.dir/src/RigidBody.cpp.o
[ 14%] Building CXX object CMakeFiles/judas_celestial_gravity_tests.dir/src/RigidBodyGravity.cpp.o
[ 14%] Building CXX object CMakeFiles/judas_step_climb_tests.dir/src/Contacts.cpp.o
[ 14%] Building CXX object CMakeFiles/judas_celestial_gravity_tests.dir/tests/CelestialGravityTests.cpp.o
[ 14%] Linking CXX executable judas_celestial_gravity_tests
[ 14%] Built target judas_celestial_gravity_tests
[ 14%] Building CXX object CMakeFiles/judas_step_climb_tests.dir/src/Narrowphase.cpp.o
[ 15%] Building CXX object CMakeFiles/judas_pilot_attachment_tests.dir/src/PilotAttachment.cpp.o
[ 15%] Building CXX object CMakeFiles/judas_pilot_attachment_tests.dir/tests/PilotAttachmentTests.cpp.o
[ 15%] Linking CXX executable judas_pilot_attachment_tests
[ 15%] Built target judas_pilot_attachment_tests
[ 15%] Building CXX object CMakeFiles/judas_pilot_dismount_tests.dir/src/Broadphase.cpp.o
[ 15%] Building CXX object CMakeFiles/judas_step_climb_tests.dir/src/PhysicsWorld.cpp.o
[ 15%] Building CXX object CMakeFiles/judas_pilot_dismount_tests.dir/src/ContactSolver.cpp.o
[ 15%] Building CXX object CMakeFiles/judas_imgui.dir/third_party/imgui/backends/imgui_impl_sdl2.cpp.o
[ 15%] Building CXX object CMakeFiles/judas_pilot_dismount_tests.dir/src/Contacts.cpp.o
[ 15%] Building CXX object CMakeFiles/judas_imgui.dir/third_party/imgui/backends/imgui_impl_opengl3.cpp.o
[ 16%] Linking CXX static library libjudas_imgui.a
[ 16%] Built target judas_imgui
[ 17%] Building CXX object CMakeFiles/judas_spacecraft_control_tests.dir/src/Broadphase.cpp.o
[ 17%] Building CXX object CMakeFiles/judas_step_climb_tests.dir/src/RadialTerrain.cpp.o
[ 17%] Building CXX object CMakeFiles/judas_spacecraft_control_tests.dir/src/ContactSolver.cpp.o
[ 17%] Building CXX object CMakeFiles/judas_asset_tests.dir/src/TextureLoader.cpp.o
[ 18%] Building CXX object CMakeFiles/judas_step_climb_tests.dir/src/RigidBody.cpp.o
[ 18%] Building CXX object CMakeFiles/judas_spacecraft_control_tests.dir/src/Contacts.cpp.o
[ 18%] Building CXX object CMakeFiles/judas_step_climb_tests.dir/src/RigidBodyGravity.cpp.o
[ 18%] Building CXX object CMakeFiles/judas_step_climb_tests.dir/src/StepClimb.cpp.o
[ 19%] Building CXX object CMakeFiles/judas_pilot_dismount_tests.dir/src/Narrowphase.cpp.o
[ 19%] Building CXX object CMakeFiles/judas_step_climb_tests.dir/tests/StepClimbTests.cpp.o
[ 19%] Linking CXX executable judas_step_climb_tests
[ 19%] Built target judas_step_climb_tests
[ 19%] Building CXX object CMakeFiles/judas_pilot_dismount_tests.dir/src/PhysicsWorld.cpp.o
[ 19%] Building CXX object CMakeFiles/judas_spacecraft_control_tests.dir/src/FlyingPrimitiveControl.cpp.o
[ 19%] Building CXX object CMakeFiles/judas_asset_tests.dir/tests/AssetTests.cpp.o
[ 19%] Building CXX object CMakeFiles/judas_pilot_dismount_tests.dir/src/PilotAttachment.cpp.o
[ 19%] Building CXX object CMakeFiles/judas_spacecraft_control_tests.dir/src/Narrowphase.cpp.o
[ 20%] Linking CXX executable judas_asset_tests
[ 20%] Building CXX object CMakeFiles/judas_pilot_dismount_tests.dir/src/RadialTerrain.cpp.o
[ 20%] Built target judas_asset_tests
[ 20%] Building CXX object CMakeFiles/judas_spacecraft_control_tests.dir/src/PhysicsWorld.cpp.o
[ 20%] Building CXX object CMakeFiles/judas_pilot_dismount_tests.dir/src/RigidBody.cpp.o
[ 21%] Building CXX object CMakeFiles/judas_pilot_dismount_tests.dir/src/RigidBodyGravity.cpp.o
[ 21%] Building CXX object CMakeFiles/judas_pilot_dismount_tests.dir/tests/PilotDismountTests.cpp.o
[ 21%] Building CXX object CMakeFiles/judas_spacecraft_flight_tests.dir/src/Broadphase.cpp.o
[ 21%] Linking CXX executable judas_pilot_dismount_tests
[ 21%] Built target judas_pilot_dismount_tests
[ 22%] Building CXX object CMakeFiles/judas_reference_frame_tests.dir/src/Broadphase.cpp.o
[ 22%] Building CXX object CMakeFiles/judas_spacecraft_flight_tests.dir/src/CelestialGravity.cpp.o
[ 22%] Building CXX object CMakeFiles/judas_reference_frame_tests.dir/src/ContactSolver.cpp.o
[ 22%] Building CXX object CMakeFiles/judas_spacecraft_flight_tests.dir/src/ContactSolver.cpp.o
[ 22%] Building CXX object CMakeFiles/judas_reference_frame_tests.dir/src/Contacts.cpp.o
[ 23%] Building CXX object CMakeFiles/judas_spacecraft_flight_tests.dir/src/Contacts.cpp.o
[ 23%] Building CXX object CMakeFiles/judas_spacecraft_control_tests.dir/src/RadialTerrain.cpp.o
[ 24%] Building CXX object CMakeFiles/judas_spacecraft_control_tests.dir/src/RigidBody.cpp.o
[ 25%] Building CXX object CMakeFiles/judas_spacecraft_flight_tests.dir/src/FlyingPrimitiveControl.cpp.o
[ 25%] Building CXX object CMakeFiles/judas_spacecraft_control_tests.dir/src/RigidBodyGravity.cpp.o
[ 25%] Building CXX object CMakeFiles/judas_spacecraft_control_tests.dir/src/Window.cpp.o
[ 25%] Building CXX object CMakeFiles/judas_spacecraft_control_tests.dir/tests/SpacecraftControlTests.cpp.o
[ 25%] Building CXX object CMakeFiles/judas_spacecraft_flight_tests.dir/src/Narrowphase.cpp.o
[ 25%] Building CXX object CMakeFiles/judas_reference_frame_tests.dir/src/Narrowphase.cpp.o
[ 25%] Building CXX object CMakeFiles/judas_reference_frame_tests.dir/src/PhysicsWorld.cpp.o
[ 25%] Linking CXX executable judas_spacecraft_control_tests
[ 25%] Built target judas_spacecraft_control_tests
[ 25%] Building CXX object CMakeFiles/judas_ui_tests.dir/src/FontLoader.cpp.o
[ 25%] Building CXX object CMakeFiles/judas_ui_tests.dir/src/HUD.cpp.o
[ 25%] Building CXX object CMakeFiles/judas_ui_tests.dir/src/PauseMenu.cpp.o
[ 26%] Building CXX object CMakeFiles/judas_spacecraft_flight_tests.dir/src/PhysicsWorld.cpp.o
[ 27%] Building CXX object CMakeFiles/judas_ui_tests.dir/src/Renderer.cpp.o
[ 27%] Building CXX object CMakeFiles/judas_ui_tests.dir/src/UIWidgets.cpp.o
[ 27%] Building CXX object CMakeFiles/judas_reference_frame_tests.dir/src/PilotAttachment.cpp.o
[ 27%] Building CXX object CMakeFiles/judas_spacecraft_flight_tests.dir/src/RadialTerrain.cpp.o
[ 27%] Building CXX object CMakeFiles/judas_reference_frame_tests.dir/src/RadialTerrain.cpp.o
[ 28%] Building CXX object CMakeFiles/judas_ui_tests.dir/tests/UITests.cpp.o
[ 28%] Building CXX object CMakeFiles/judas_spacecraft_flight_tests.dir/src/RigidBody.cpp.o
[ 28%] Building CXX object CMakeFiles/judas_spacecraft_flight_tests.dir/src/RigidBodyGravity.cpp.o
[ 28%] Building CXX object CMakeFiles/judas_reference_frame_tests.dir/src/ReferenceFrame.cpp.o
[ 29%] Building CXX object CMakeFiles/judas_reference_frame_tests.dir/src/RigidBody.cpp.o
[ 29%] Building CXX object CMakeFiles/judas_reference_frame_tests.dir/src/RigidBodyGravity.cpp.o
[ 29%] Building CXX object CMakeFiles/judas_spacecraft_flight_tests.dir/src/Window.cpp.o
[ 29%] Linking CXX executable judas_ui_tests
[ 29%] Building CXX object CMakeFiles/judas_reference_frame_tests.dir/tests/ReferenceFrameTests.cpp.o
[ 29%] Built target judas_ui_tests
[ 29%] Building CXX object CMakeFiles/judas_lighting_tests.dir/src/FontLoader.cpp.o
[ 29%] Building CXX object CMakeFiles/judas_lighting_tests.dir/src/HUD.cpp.o
[ 29%] Linking CXX executable judas_reference_frame_tests
[ 29%] Built target judas_reference_frame_tests
[ 30%] Building CXX object CMakeFiles/judas_shadow_tests.dir/src/ShadowTransforms.cpp.o
[ 30%] Building CXX object CMakeFiles/judas_spacecraft_flight_tests.dir/tests/SpacecraftFlightTests.cpp.o
[ 30%] Building CXX object CMakeFiles/judas_shadow_tests.dir/tests/ShadowTests.cpp.o
[ 30%] Building CXX object CMakeFiles/judas_lighting_tests.dir/src/LightAttenuation.cpp.o
[ 30%] Building CXX object CMakeFiles/judas_lighting_tests.dir/src/LightTransforms.cpp.o
[ 30%] Linking CXX executable judas_shadow_tests
[ 30%] Built target judas_shadow_tests
[ 30%] Building CXX object CMakeFiles/judas_interactable_tests.dir/src/Broadphase.cpp.o
[ 31%] Building CXX object CMakeFiles/judas_interactable_tests.dir/src/ContactSolver.cpp.o
[ 31%] Building CXX object CMakeFiles/judas_interactable_tests.dir/src/Contacts.cpp.o
[ 31%] Building CXX object CMakeFiles/judas_interactable_tests.dir/src/Door.cpp.o
[ 31%] Linking CXX executable judas_spacecraft_flight_tests
[ 31%] Built target judas_spacecraft_flight_tests
[ 31%] Building CXX object CMakeFiles/judas_interactable_tests.dir/src/FontLoader.cpp.o
[ 31%] Building CXX object CMakeFiles/judas_lighting_tests.dir/src/PauseMenu.cpp.o
[ 31%] Building CXX object CMakeFiles/judas_interactable_tests.dir/src/HUD.cpp.o
[ 31%] Building CXX object CMakeFiles/judas_lighting_tests.dir/src/Renderer.cpp.o
[ 31%] Building CXX object CMakeFiles/judas_interactable_tests.dir/src/HingeTransform.cpp.o
[ 31%] Building CXX object CMakeFiles/judas_interactable_tests.dir/src/InteractionSystem.cpp.o
[ 32%] Building CXX object CMakeFiles/judas_lighting_tests.dir/src/UIWidgets.cpp.o
[ 33%] Building CXX object CMakeFiles/judas_lighting_tests.dir/tests/LightingTests.cpp.o
[ 34%] Building CXX object CMakeFiles/judas_interactable_tests.dir/src/LightSwitch.cpp.o
[ 35%] Building CXX object CMakeFiles/judas_player_view_tests.dir/src/LightTransforms.cpp.o
[ 35%] Building CXX object CMakeFiles/judas_player_view_tests.dir/src/PlayerView.cpp.o
[ 35%] Building CXX object CMakeFiles/judas_player_view_tests.dir/tests/PlayerViewTests.cpp.o
[ 35%] Building CXX object CMakeFiles/judas_interactable_tests.dir/src/Narrowphase.cpp.o
[ 35%] Linking CXX executable judas_lighting_tests
[ 35%] Building CXX object CMakeFiles/judas_interactable_tests.dir/src/PauseMenu.cpp.o
[ 35%] Built target judas_lighting_tests
[ 36%] Building CXX object CMakeFiles/judas_object_manipulation_tests.dir/src/BoxVolume.cpp.o
[ 36%] Linking CXX executable judas_player_view_tests
[ 36%] Built target judas_player_view_tests
[ 36%] Building CXX object CMakeFiles/judas_player_curved_locomotion_tests.dir/src/Broadphase.cpp.o
[ 36%] Building CXX object CMakeFiles/judas_object_manipulation_tests.dir/src/Broadphase.cpp.o
[ 36%] Building CXX object CMakeFiles/judas_player_curved_locomotion_tests.dir/src/ContactSolver.cpp.o
[ 36%] Building CXX object CMakeFiles/judas_interactable_tests.dir/src/PhysicsWorld.cpp.o
[ 36%] Building CXX object CMakeFiles/judas_object_manipulation_tests.dir/src/ContactSolver.cpp.o
[ 36%] Building CXX object CMakeFiles/judas_player_curved_locomotion_tests.dir/src/Contacts.cpp.o
[ 36%] Building CXX object CMakeFiles/judas_object_manipulation_tests.dir/src/Contacts.cpp.o
[ 36%] Building CXX object CMakeFiles/judas_interactable_tests.dir/src/RadialTerrain.cpp.o
[ 37%] Building CXX object CMakeFiles/judas_player_curved_locomotion_tests.dir/src/FlyingPrimitiveControl.cpp.o
[ 38%] Building CXX object CMakeFiles/judas_interactable_tests.dir/src/Renderer.cpp.o
[ 39%] Building CXX object CMakeFiles/judas_world_coordinates_tests.dir/src/BoxVolume.cpp.o
[ 39%] Building CXX object CMakeFiles/judas_player_curved_locomotion_tests.dir/src/LightTransforms.cpp.o
[ 40%] Building CXX object CMakeFiles/judas_world_coordinates_tests.dir/src/Broadphase.cpp.o
[ 40%] Building CXX object CMakeFiles/judas_object_manipulation_tests.dir/src/DynamicBody.cpp.o
[ 41%] Building CXX object CMakeFiles/judas_player_curved_locomotion_tests.dir/src/Narrowphase.cpp.o
[ 41%] Building CXX object CMakeFiles/judas_world_coordinates_tests.dir/src/CelestialGravity.cpp.o
[ 41%] Building CXX object CMakeFiles/judas_object_manipulation_tests.dir/src/FaithfulGravity.cpp.o
[ 41%] Building CXX object CMakeFiles/judas_object_manipulation_tests.dir/src/GravityContextMap.cpp.o
[ 41%] Building CXX object CMakeFiles/judas_world_coordinates_tests.dir/src/ContactSolver.cpp.o
[ 41%] Building CXX object CMakeFiles/judas_object_manipulation_tests.dir/src/InteractionSystem.cpp.o
[ 41%] Building CXX object CMakeFiles/judas_interactable_tests.dir/src/RigidBody.cpp.o
[ 41%] Building CXX object CMakeFiles/judas_interactable_tests.dir/src/RigidBodyGravity.cpp.o
[ 42%] Building CXX object CMakeFiles/judas_object_manipulation_tests.dir/src/Narrowphase.cpp.o
[ 42%] Building CXX object CMakeFiles/judas_world_coordinates_tests.dir/src/Contacts.cpp.o
[ 42%] Building CXX object CMakeFiles/judas_interactable_tests.dir/src/UIWidgets.cpp.o
[ 42%] Building CXX object CMakeFiles/judas_interactable_tests.dir/tests/InteractableTests.cpp.o
[ 43%] Linking CXX executable judas_interactable_tests
[ 43%] Built target judas_interactable_tests
[ 43%] Building CXX object CMakeFiles/judas_world_coordinates_tests.dir/src/DynamicBody.cpp.o
[ 43%] Building CXX object CMakeFiles/judas_player_curved_locomotion_tests.dir/src/PhysicsWorld.cpp.o
[ 43%] Building CXX object CMakeFiles/judas_world_coordinates_tests.dir/src/FaithfulGravity.cpp.o
[ 43%] Building CXX object CMakeFiles/judas_world_coordinates_tests.dir/src/FlyingPrimitiveControl.cpp.o
[ 43%] Building CXX object CMakeFiles/judas_object_manipulation_tests.dir/src/ObjectManipulation.cpp.o
[ 43%] Building CXX object CMakeFiles/judas_object_manipulation_tests.dir/src/PhysicsWorld.cpp.o
[ 43%] Building CXX object CMakeFiles/judas_world_coordinates_tests.dir/src/GravityContextMap.cpp.o
[ 43%] Building CXX object CMakeFiles/judas_object_manipulation_tests.dir/src/RadialTerrain.cpp.o
[ 43%] Building CXX object CMakeFiles/judas_world_coordinates_tests.dir/src/InteractionSystem.cpp.o
[ 43%] Building CXX object CMakeFiles/judas_object_manipulation_tests.dir/src/RadicalGravity.cpp.o
[ 43%] Building CXX object CMakeFiles/judas_world_coordinates_tests.dir/src/LightTransforms.cpp.o
[ 43%] Building CXX object CMakeFiles/judas_object_manipulation_tests.dir/src/RigidBody.cpp.o
[ 43%] Building CXX object CMakeFiles/judas_world_coordinates_tests.dir/src/Narrowphase.cpp.o
[ 43%] Building CXX object CMakeFiles/judas_player_curved_locomotion_tests.dir/src/PilotAttachment.cpp.o
[ 44%] Building CXX object CMakeFiles/judas_object_manipulation_tests.dir/src/RigidBodyGravity.cpp.o
[ 44%] Building CXX object CMakeFiles/judas_object_manipulation_tests.dir/src/SphericalVolume.cpp.o
[ 44%] Building CXX object CMakeFiles/judas_player_curved_locomotion_tests.dir/src/PilotControl.cpp.o
[ 45%] Building CXX object CMakeFiles/judas_object_manipulation_tests.dir/tests/ObjectManipulationTests.cpp.o
[ 45%] Building CXX object CMakeFiles/judas_player_curved_locomotion_tests.dir/src/PlayerController.cpp.o
[ 46%] Building CXX object CMakeFiles/judas_compound_body_tests.dir/src/Broadphase.cpp.o
[ 46%] Linking CXX executable judas_object_manipulation_tests
[ 46%] Built target judas_object_manipulation_tests
[ 46%] Building CXX object CMakeFiles/judas_fluid_world_tests.dir/src/BoxVolume.cpp.o
[ 46%] Building CXX object CMakeFiles/judas_compound_body_tests.dir/src/ContactSolver.cpp.o
[ 46%] Building CXX object CMakeFiles/judas_fluid_world_tests.dir/src/Broadphase.cpp.o
[ 47%] Building CXX object CMakeFiles/judas_fluid_world_tests.dir/src/ContactSolver.cpp.o
[ 48%] Building CXX object CMakeFiles/judas_player_curved_locomotion_tests.dir/src/PlayerView.cpp.o
[ 48%] Building CXX object CMakeFiles/judas_compound_body_tests.dir/src/Contacts.cpp.o
[ 48%] Building CXX object CMakeFiles/judas_player_curved_locomotion_tests.dir/src/RadialTerrain.cpp.o
[ 48%] Building CXX object CMakeFiles/judas_fluid_world_tests.dir/src/Contacts.cpp.o
[ 48%] Building CXX object CMakeFiles/judas_player_curved_locomotion_tests.dir/src/RadicalGravity.cpp.o
[ 49%] Building CXX object CMakeFiles/judas_world_coordinates_tests.dir/src/ObjectManipulation.cpp.o
[ 49%] Building CXX object CMakeFiles/judas_player_curved_locomotion_tests.dir/src/RigidBody.cpp.o
[ 50%] Building CXX object CMakeFiles/judas_player_curved_locomotion_tests.dir/src/RigidBodyGravity.cpp.o
[ 50%] Building CXX object CMakeFiles/judas_world_coordinates_tests.dir/src/PhysicsWorld.cpp.o
[ 50%] Building CXX object CMakeFiles/judas_player_curved_locomotion_tests.dir/src/StepClimb.cpp.o
[ 50%] Building CXX object CMakeFiles/judas_player_curved_locomotion_tests.dir/src/Window.cpp.o
[ 50%] Building CXX object CMakeFiles/judas_compound_body_tests.dir/src/Narrowphase.cpp.o
[ 50%] Building CXX object CMakeFiles/judas_player_curved_locomotion_tests.dir/tests/PlayerCurvedLocomotionTests.cpp.o
[ 50%] Building CXX object CMakeFiles/judas_fluid_world_tests.dir/src/FaithfulGravity.cpp.o
[ 50%] Building CXX object CMakeFiles/judas_fluid_world_tests.dir/src/FluidWorld.cpp.o
[ 50%] Building CXX object CMakeFiles/judas_world_coordinates_tests.dir/src/PlayerController.cpp.o
[ 50%] Linking CXX executable judas_player_curved_locomotion_tests
[ 50%] Built target judas_player_curved_locomotion_tests
[ 50%] Building CXX object CMakeFiles/judas_fluid_world_tests.dir/src/GravityContextMap.cpp.o
[ 50%] Building CXX object CMakeFiles/judas_fluid_world_tests.dir/src/Narrowphase.cpp.o
[ 50%] Building CXX object CMakeFiles/judas_world_coordinates_tests.dir/src/PlayerView.cpp.o
[ 50%] Building CXX object CMakeFiles/judas_world_coordinates_tests.dir/src/RadialTerrain.cpp.o
[ 50%] Building CXX object CMakeFiles/judas_world_coordinates_tests.dir/src/RadicalGravity.cpp.o
[ 50%] Building CXX object CMakeFiles/judas_world_coordinates_tests.dir/src/ReferenceFrame.cpp.o
[ 50%] Building CXX object CMakeFiles/judas_fluid_world_tests.dir/src/PhysicsWorld.cpp.o
[ 51%] Building CXX object CMakeFiles/judas_world_coordinates_tests.dir/src/RigidBody.cpp.o
[ 51%] Building CXX object CMakeFiles/judas_compound_body_tests.dir/src/PhysicsWorld.cpp.o
[ 51%] Building CXX object CMakeFiles/judas_world_coordinates_tests.dir/src/RigidBodyGravity.cpp.o
[ 52%] Building CXX object CMakeFiles/judas_world_coordinates_tests.dir/src/ShadowTransforms.cpp.o
[ 52%] Building CXX object CMakeFiles/judas_world_coordinates_tests.dir/src/SphericalVolume.cpp.o
[ 52%] Building CXX object CMakeFiles/judas_world_coordinates_tests.dir/src/StepClimb.cpp.o
[ 52%] Building CXX object CMakeFiles/judas_world_coordinates_tests.dir/src/Window.cpp.o
[ 52%] Building CXX object CMakeFiles/judas_fluid_world_tests.dir/src/RadialTerrain.cpp.o
[ 52%] Building CXX object CMakeFiles/judas_fluid_rigid_coupling_tests.dir/src/Broadphase.cpp.o
[ 53%] Building CXX object CMakeFiles/judas_world_coordinates_tests.dir/tests/WorldCoordinatesTests.cpp.o
[ 53%] Building CXX object CMakeFiles/judas_compound_body_tests.dir/src/RadialTerrain.cpp.o
[ 54%] Building CXX object CMakeFiles/judas_fluid_world_tests.dir/src/RadicalGravity.cpp.o
[ 55%] Building CXX object CMakeFiles/judas_fluid_rigid_coupling_tests.dir/src/ContactSolver.cpp.o
[ 55%] Building CXX object CMakeFiles/judas_fluid_world_tests.dir/src/RigidBody.cpp.o
[ 56%] Building CXX object CMakeFiles/judas_compound_body_tests.dir/src/RigidBody.cpp.o
[ 56%] Building CXX object CMakeFiles/judas_fluid_world_tests.dir/src/RigidBodyGravity.cpp.o
[ 56%] Building CXX object CMakeFiles/judas_fluid_world_tests.dir/src/SphericalVolume.cpp.o
[ 56%] Building CXX object CMakeFiles/judas_compound_body_tests.dir/src/RigidBodyGravity.cpp.o
[ 56%] Building CXX object CMakeFiles/judas_fluid_rigid_coupling_tests.dir/src/Contacts.cpp.o
[ 57%] Building CXX object CMakeFiles/judas_fluid_world_tests.dir/tests/FluidWorldTests.cpp.o
[ 57%] Building CXX object CMakeFiles/judas_compound_body_tests.dir/tests/CompoundBodyTests.cpp.o
[ 57%] Linking CXX executable judas_world_coordinates_tests
[ 57%] Built target judas_world_coordinates_tests
[ 57%] Building CXX object CMakeFiles/judas_fluid_surface_tests.dir/src/FluidSurface.cpp.o
[ 57%] Linking CXX executable judas_compound_body_tests
[ 57%] Built target judas_compound_body_tests
[ 58%] Building CXX object CMakeFiles/judas_terrain_physics_tests.dir/src/Broadphase.cpp.o
[ 59%] Linking CXX executable judas_fluid_world_tests
[ 59%] Built target judas_fluid_world_tests
[ 59%] Building CXX object CMakeFiles/judas_fluid_surface_tests.dir/tests/FluidSurfaceTests.cpp.o
[ 59%] Building CXX object CMakeFiles/judas_terrain_physics_tests.dir/src/ContactSolver.cpp.o
[ 59%] Building CXX object CMakeFiles/judas_terrain_physics_tests.dir/src/Contacts.cpp.o
[ 59%] Linking CXX executable judas_fluid_surface_tests
[ 59%] Built target judas_fluid_surface_tests
[ 59%] Building CXX object CMakeFiles/judas_terrain_fluid_tests.dir/src/BoxVolume.cpp.o
[ 59%] Building CXX object CMakeFiles/judas_terrain_fluid_tests.dir/src/Broadphase.cpp.o
[ 59%] Building CXX object CMakeFiles/judas_terrain_physics_tests.dir/src/LightTransforms.cpp.o
[ 59%] Building CXX object CMakeFiles/judas_terrain_physics_tests.dir/src/Narrowphase.cpp.o
[ 59%] Building CXX object CMakeFiles/judas_terrain_fluid_tests.dir/src/ContactSolver.cpp.o
[ 59%] Building CXX object CMakeFiles/judas_fluid_rigid_coupling_tests.dir/src/DynamicBody.cpp.o
[ 60%] Building CXX object CMakeFiles/judas_terrain_fluid_tests.dir/src/Contacts.cpp.o
[ 60%] Building CXX object CMakeFiles/judas_fluid_rigid_coupling_tests.dir/src/FluidWorld.cpp.o
[ 60%] Building CXX object CMakeFiles/judas_atmosphere_tests.dir/src/AtmosphereField.cpp.o
[ 60%] Building CXX object CMakeFiles/judas_atmosphere_tests.dir/src/RadialTerrain.cpp.o
[ 60%] Building CXX object CMakeFiles/judas_fluid_rigid_coupling_tests.dir/src/Narrowphase.cpp.o
[ 61%] Building CXX object CMakeFiles/judas_atmosphere_tests.dir/src/ReferenceFrame.cpp.o
[ 61%] Building CXX object CMakeFiles/judas_terrain_physics_tests.dir/src/PhysicsWorld.cpp.o
[ 61%] Building CXX object CMakeFiles/judas_atmosphere_tests.dir/src/TerrainDemo.cpp.o
[ 62%] Building CXX object CMakeFiles/judas_terrain_fluid_tests.dir/src/FaithfulGravity.cpp.o
[ 62%] Building CXX object CMakeFiles/judas_atmosphere_tests.dir/tests/AtmosphereTests.cpp.o
[ 62%] Building CXX object CMakeFiles/judas_terrain_fluid_tests.dir/src/FluidWorld.cpp.o
[ 62%] Linking CXX executable judas_atmosphere_tests
[ 62%] Built target judas_atmosphere_tests
[ 62%] Building CXX object CMakeFiles/judas_atmospheric_flight_tests.dir/src/AerodynamicDrag.cpp.o
[ 63%] Building CXX object CMakeFiles/judas_atmospheric_flight_tests.dir/src/AtmosphereField.cpp.o
[ 63%] Building CXX object CMakeFiles/judas_atmospheric_flight_tests.dir/src/Broadphase.cpp.o
[ 63%] Building CXX object CMakeFiles/judas_terrain_fluid_tests.dir/src/GravityContextMap.cpp.o
[ 64%] Building CXX object CMakeFiles/judas_fluid_rigid_coupling_tests.dir/src/ObjectManipulation.cpp.o
[ 65%] Building CXX object CMakeFiles/judas_terrain_physics_tests.dir/src/PlayerController.cpp.o
[ 65%] Building CXX object CMakeFiles/judas_terrain_fluid_tests.dir/src/Narrowphase.cpp.o
[ 65%] Building CXX object CMakeFiles/judas_atmospheric_flight_tests.dir/src/CelestialGravity.cpp.o
[ 65%] Building CXX object CMakeFiles/judas_fluid_rigid_coupling_tests.dir/src/PhysicsWorld.cpp.o
[ 66%] Building CXX object CMakeFiles/judas_atmospheric_flight_tests.dir/src/ContactSolver.cpp.o
[ 66%] Building CXX object CMakeFiles/judas_terrain_physics_tests.dir/src/PlayerView.cpp.o
[ 66%] Building CXX object CMakeFiles/judas_atmospheric_flight_tests.dir/src/Contacts.cpp.o
[ 66%] Building CXX object CMakeFiles/judas_terrain_physics_tests.dir/src/RadialTerrain.cpp.o
[ 66%] Building CXX object CMakeFiles/judas_terrain_physics_tests.dir/src/RadicalGravity.cpp.o
[ 67%] Building CXX object CMakeFiles/judas_terrain_physics_tests.dir/src/RigidBody.cpp.o
[ 67%] Building CXX object CMakeFiles/judas_terrain_physics_tests.dir/src/RigidBodyGravity.cpp.o
[ 67%] Building CXX object CMakeFiles/judas_terrain_physics_tests.dir/src/StepClimb.cpp.o
[ 67%] Building CXX object CMakeFiles/judas_fluid_rigid_coupling_tests.dir/src/RadialTerrain.cpp.o
[ 67%] Building CXX object CMakeFiles/judas_terrain_physics_tests.dir/src/TerrainDemo.cpp.o
[ 67%] Building CXX object CMakeFiles/judas_fluid_rigid_coupling_tests.dir/src/RigidBody.cpp.o
[ 68%] Building CXX object CMakeFiles/judas_terrain_fluid_tests.dir/src/PhysicsWorld.cpp.o
[ 68%] Building CXX object CMakeFiles/judas_fluid_rigid_coupling_tests.dir/src/RigidBodyGravity.cpp.o
[ 68%] Building CXX object CMakeFiles/judas_terrain_physics_tests.dir/src/Window.cpp.o
[ 68%] Building CXX object CMakeFiles/judas_fluid_rigid_coupling_tests.dir/tests/FluidRigidCouplingTests.cpp.o
[ 68%] Building CXX object CMakeFiles/judas_atmospheric_flight_tests.dir/src/DynamicBody.cpp.o
[ 68%] Building CXX object CMakeFiles/judas_terrain_physics_tests.dir/tests/TerrainPhysicsTests.cpp.o
[ 69%] Building CXX object CMakeFiles/judas_atmospheric_flight_tests.dir/src/FlyingPrimitiveControl.cpp.o
[ 70%] Linking CXX executable judas_fluid_rigid_coupling_tests
[ 70%] Built target judas_fluid_rigid_coupling_tests
[ 70%] Building CXX object CMakeFiles/judas_combustion_tests.dir/src/AtmosphereField.cpp.o
[ 70%] Building CXX object CMakeFiles/judas_combustion_tests.dir/src/Broadphase.cpp.o
[ 70%] Building CXX object CMakeFiles/judas_atmospheric_flight_tests.dir/src/Narrowphase.cpp.o
[ 70%] Building CXX object CMakeFiles/judas_terrain_fluid_tests.dir/src/RadialTerrain.cpp.o
[ 71%] Building CXX object CMakeFiles/judas_combustion_tests.dir/src/CelestialGravity.cpp.o
[ 71%] Linking CXX executable judas_terrain_physics_tests
[ 71%] Built target judas_terrain_physics_tests
[ 72%] Building CXX object CMakeFiles/judas_combustion_tests.dir/src/CombustionWorld.cpp.o
[ 72%] Building CXX object CMakeFiles/judas_combustion_tests.dir/src/ContactSolver.cpp.o
[ 72%] Building CXX object CMakeFiles/judas_terrain_fluid_tests.dir/src/RadicalGravity.cpp.o
[ 72%] Building CXX object CMakeFiles/judas_terrain_fluid_tests.dir/src/RigidBody.cpp.o
[ 72%] Building CXX object CMakeFiles/judas_combustion_tests.dir/src/Contacts.cpp.o
[ 72%] Building CXX object CMakeFiles/judas_terrain_fluid_tests.dir/src/RigidBodyGravity.cpp.o
[ 72%] Building CXX object CMakeFiles/judas_combustion_tests.dir/src/FirePresentation.cpp.o
[ 72%] Building CXX object CMakeFiles/judas_terrain_fluid_tests.dir/src/SphericalVolume.cpp.o
[ 72%] Building CXX object CMakeFiles/judas_terrain_fluid_tests.dir/src/TerrainDemo.cpp.o
[ 73%] Building CXX object CMakeFiles/judas_terrain_fluid_tests.dir/tests/TerrainFluidTests.cpp.o
[ 88%] Built target judas_engine
[ 89%] Building CXX object CMakeFiles/judas_atmospheric_flight_tests.dir/src/PhysicsWorld.cpp.o
[ 89%] Linking CXX executable judas_terrain_fluid_tests
[ 89%] Built target judas_terrain_fluid_tests
[ 89%] Building CXX object CMakeFiles/judas.dir/src/Application.cpp.o
[ 89%] Building CXX object CMakeFiles/judas_editor.dir/src/editor/ComponentEditors.cpp.o
[ 89%] Building CXX object CMakeFiles/judas_combustion_tests.dir/src/FlyingPrimitiveControl.cpp.o
[ 89%] Building CXX object CMakeFiles/judas.dir/src/RuntimeDiagnostics.cpp.o
[ 89%] Building CXX object CMakeFiles/judas_atmospheric_flight_tests.dir/src/RadialTerrain.cpp.o
[ 89%] Building CXX object CMakeFiles/judas_editor.dir/src/editor/EditorApplication.cpp.o
[ 90%] Building CXX object CMakeFiles/judas_combustion_tests.dir/src/Narrowphase.cpp.o
[ 90%] Building CXX object CMakeFiles/judas_atmospheric_flight_tests.dir/src/ReferenceFrame.cpp.o
[ 90%] Building CXX object CMakeFiles/judas.dir/src/RuntimeOptions.cpp.o
[ 90%] Building CXX object CMakeFiles/judas_atmospheric_flight_tests.dir/src/RigidBody.cpp.o
[ 90%] Building CXX object CMakeFiles/judas_atmospheric_flight_tests.dir/src/RigidBodyGravity.cpp.o
[ 90%] Building CXX object CMakeFiles/judas_atmospheric_flight_tests.dir/src/Window.cpp.o
[ 91%] Building CXX object CMakeFiles/judas.dir/src/TestHarness.cpp.o
[ 91%] Building CXX object CMakeFiles/judas_atmospheric_flight_tests.dir/tests/AtmosphericFlightTests.cpp.o
[ 91%] Building CXX object CMakeFiles/judas.dir/src/main.cpp.o
[ 91%] Building CXX object CMakeFiles/judas_combustion_tests.dir/src/PhysicsWorld.cpp.o
[ 91%] Linking CXX executable judas
[ 91%] Linking CXX executable judas_atmospheric_flight_tests
[ 91%] Built target judas_atmospheric_flight_tests
[ 91%] Built target judas
[ 91%] Building CXX object CMakeFiles/judas_combustion_tests.dir/src/RadialTerrain.cpp.o
[ 91%] Building CXX object CMakeFiles/judas_scene_author.dir/tools/SceneAuthor.cpp.o
[ 91%] Building CXX object CMakeFiles/judas_combustion_tests.dir/src/RadicalGravity.cpp.o
[ 91%] Building CXX object CMakeFiles/judas_combustion_tests.dir/src/ReferenceFrame.cpp.o
[ 91%] Building CXX object CMakeFiles/judas_editor.dir/src/editor/EditorCamera.cpp.o
[ 91%] Building CXX object CMakeFiles/judas_combustion_tests.dir/src/RigidBody.cpp.o
[ 92%] Building CXX object CMakeFiles/judas_combustion_tests.dir/src/RigidBodyGravity.cpp.o
[ 92%] Building CXX object CMakeFiles/judas_combustion_tests.dir/src/TerrainDemo.cpp.o
[ 92%] Building CXX object CMakeFiles/judas_editor.dir/src/editor/EditorHistory.cpp.o
[ 92%] Building CXX object CMakeFiles/judas_combustion_tests.dir/src/Window.cpp.o
[ 92%] Linking CXX executable judas_scene_author
[ 92%] Building CXX object CMakeFiles/judas_resource_stress.dir/tools/ResourceStress.cpp.o
[ 92%] Built target judas_scene_author
[ 92%] Building CXX object CMakeFiles/judas_scene_tests.dir/tests/SceneTests.cpp.o
[ 93%] Building CXX object CMakeFiles/judas_editor.dir/src/editor/EditorMain.cpp.o
[ 93%] Building CXX object CMakeFiles/judas_combustion_tests.dir/tests/CombustionTests.cpp.o
[ 94%] Building CXX object CMakeFiles/judas_editor.dir/src/editor/EditorPanels.cpp.o
[ 94%] Linking CXX executable judas_scene_tests
[ 94%] Built target judas_scene_tests
[ 94%] Building CXX object CMakeFiles/judas_lifecycle_tests.dir/tests/LifecycleTests.cpp.o
[ 94%] Linking CXX executable judas_combustion_tests
[ 94%] Built target judas_combustion_tests
[ 95%] Building CXX object CMakeFiles/judas_project_tests.dir/src/editor/EditorHistory.cpp.o
[ 96%] Linking CXX executable judas_resource_stress
[ 96%] Built target judas_resource_stress
[ 96%] Building CXX object CMakeFiles/judas_job_tests.dir/tests/JobTests.cpp.o
[ 96%] Building CXX object CMakeFiles/judas_editor.dir/src/editor/EditorWidgets.cpp.o
[ 96%] Building CXX object CMakeFiles/judas_project_tests.dir/src/editor/GizmoMath.cpp.o
[ 96%] Building CXX object CMakeFiles/judas_editor.dir/src/editor/GizmoMath.cpp.o
[ 96%] Linking CXX executable judas_lifecycle_tests
[ 96%] Building CXX object CMakeFiles/judas_project_tests.dir/tests/ProjectTests.cpp.o
[ 96%] Built target judas_lifecycle_tests
[ 96%] Building CXX object CMakeFiles/judas_scene_fingerprint_tests.dir/tests/SceneFingerprintTests.cpp.o
[ 96%] Linking CXX executable judas_editor
[ 96%] Built target judas_editor
[ 96%] Building CXX object CMakeFiles/judas_world_state_tests.dir/tests/WorldStateTests.cpp.o
[ 96%] Linking CXX executable judas_job_tests
[ 96%] Built target judas_job_tests
[ 96%] Building CXX object CMakeFiles/judas_async_application_tests.dir/src/Application.cpp.o
[ 97%] Linking CXX executable judas_scene_fingerprint_tests
[ 97%] Built target judas_scene_fingerprint_tests
[ 97%] Building CXX object CMakeFiles/judas_uniform_gravity_scene_tests.dir/tests/UniformGravitySceneTests.cpp.o
[ 97%] Building CXX object CMakeFiles/judas_async_application_tests.dir/src/RuntimeDiagnostics.cpp.o
[ 97%] Linking CXX executable judas_project_tests
[ 97%] Built target judas_project_tests
[ 97%] Built target judas_contact_geometry_tests
[ 97%] Building CXX object CMakeFiles/judas_contact_lifecycle_tests.dir/tests/ContactLifecycleTests.cpp.o
[ 97%] Building CXX object CMakeFiles/judas_async_application_tests.dir/src/RuntimeOptions.cpp.o
[ 98%] Linking CXX executable judas_world_state_tests
[ 98%] Built target judas_world_state_tests
[ 99%] Built target judas_contact_cache_tests
[100%] Building CXX object CMakeFiles/judas_async_application_tests.dir/src/TestHarness.cpp.o
[100%] Building CXX object CMakeFiles/judas_async_application_tests.dir/tests/AsyncApplicationTests.cpp.o
[100%] Linking CXX executable judas_contact_lifecycle_tests
[100%] Built target judas_contact_lifecycle_tests
[100%] Linking CXX executable judas_uniform_gravity_scene_tests
[100%] Built target judas_uniform_gravity_scene_tests
[100%] Linking CXX executable judas_async_application_tests
[100%] Built target judas_async_application_tests
