PRECONDITION half_020 warmup_steps=240 mean_particle_speed=0.0236777
FAIL half_020 half-density sampled equilibrium immersion within 10 percentage points
FAIL half_020 independent measured box/surface immersion within 10 percentage points
CASE half_020 failures=2 mass=108.0000076 particles=752 y=1.377179503 vy=-0.111472629 fraction=0.6118513942 observed_fraction=0.3781819661 max_speed=2.214724302 particle_ms=45.764406 executed_ms=48.366376 amortized_ms=25.749794
PRECONDITION neutral_020 warmup_steps=240 mean_particle_speed=0.02367769046
CASE neutral_020 failures=0 mass=216.0000153 particles=752 y=0.6995978951 vy=-0.0003270804882 fraction=1 observed_fraction=1 max_speed=0.006532688625 particle_ms=26.735588 executed_ms=28.743951 amortized_ms=18.63334083
PRECONDITION dense_020 warmup_steps=240 mean_particle_speed=0.02367769046
CASE dense_020 failures=0 mass=432.0000305 particles=752 y=0.2999999821 vy=-3.289630235e-10 fraction=1 observed_fraction=1 max_speed=1.680775166 particle_ms=45.365031 executed_ms=47.993929 amortized_ms=25.33573425
PRECONDITION half_025 warmup_steps=240 mean_particle_speed=0.07433964013
FAIL half_025 reference pool is quiescent before body release
FAIL half_025 settles rather than passing through desired immersion
CASE half_025 failures=2 mass=108.0000076 particles=336 y=1.224784493 vy=-0.5078212023 fraction=0.5932511687 observed_fraction=0.4253758748 max_speed=1.903668165 particle_ms=10.99279 executed_ms=12.025144 amortized_ms=8.458695825
PRECONDITION neutral_025 warmup_steps=240 mean_particle_speed=0.07433964013
FAIL neutral_025 reference pool is quiescent before body release
CASE neutral_025 failures=1 mass=216.0000153 particles=336 y=0.5631323457 vy=0.002300336957 fraction=1 observed_fraction=0.9977549235 max_speed=0.1347794235 particle_ms=18.612753 executed_ms=20.352511 amortized_ms=11.10394825
PRECONDITION dense_025 warmup_steps=240 mean_particle_speed=0.07433964013
FAIL dense_025 reference pool is quiescent before body release
CASE dense_025 failures=1 mass=432.0000305 particles=336 y=0.2977466583 vy=6.205600478e-10 fraction=1 observed_fraction=1 max_speed=1.649738669 particle_ms=13.978431 executed_ms=15.569196 amortized_ms=9.758637917
PRECONDITION rotated_half warmup_steps=240 mean_particle_speed=0.04400641443
FAIL rotated_half independent measured box/surface immersion within 10 percentage points
CASE rotated_half failures=1 mass=108.0000076 particles=752 y=1.091875315 vy=0.04394451156 fraction=0.5007503629 observed_fraction=0.3386103312 max_speed=2.011767626 particle_ms=36.992154 executed_ms=38.850947 amortized_ms=24.18549865
PRECONDITION zero_gravity warmup_steps=240 mean_particle_speed=0.0754090352
FAIL zero_gravity reference pool is quiescent before body release
CASE zero_gravity failures=1 mass=216.0000153 particles=752 y=0.7058469057 vy=0.00194862904 fraction=1 observed_fraction=1 max_speed=0.00194862904 particle_ms=39.062653 executed_ms=42.538332 amortized_ms=23.07021023
CASE common_freefall failures=0 mass=216.0000153 particles=752 y=-78.56839752 vy=-39.35186005 fraction=0.714390099 observed_fraction=1 max_speed=39.35186005 particle_ms=13.977978 executed_ms=15.750391 amortized_ms=10.32346668
PRECONDITION small_mass_125x warmup_steps=240 mean_particle_speed=0.04518743178
FAIL small_mass_125x half-density sampled equilibrium immersion within 10 percentage points
FAIL small_mass_125x independent measured box/surface immersion within 10 percentage points
FAIL small_mass_125x settles rather than passing through desired immersion
CASE small_mass_125x failures=3 mass=0.864000082 particles=796 y=1.22350812 vy=1.134066224 fraction=0.6480233669 observed_fraction=0.6078831991 max_speed=3.374197006 particle_ms=21.070753 executed_ms=21.483493 amortized_ms=14.22968217
PRECONDITION light_80kg warmup_steps=240 mean_particle_speed=0.03606707526
FAIL light_80kg half-density sampled equilibrium immersion within 10 percentage points
FAIL light_80kg independent measured box/surface immersion within 10 percentage points
FAIL light_80kg settles rather than passing through desired immersion
CASE light_80kg failures=3 mass=80 particles=752 y=2.69993639 vy=0.6820667982 fraction=0.7166777849 observed_fraction=0.3097122192 max_speed=4.841630936 particle_ms=19.168188 executed_ms=20.18548 amortized_ms=11.00684564
SUMMARY checks=8003 failures=14 steps=5040
