step,time,posX,posY,posZ,upX,upY,upZ,grounded,velX,velY,velZ,gravX,gravY,gravZ,controlled,frame,steps,paused
0,0.00000,0.000000,0.300000,5.000000,0.000000,1.000000,0.000000,0,0.000000,0.000000,0.000000,0.000000,0.000000,0.000000,0,0,1,0
JS: SKATER start rails=8 autopilot=false
[TestHarness] service scene ready after 0 wait frames at frame 6
[TestHarness] service stream ready after 0 wait frames at frame 8
10,0.16667,0.000000,5.203327,27.951036,0.000000,0.942250,-0.334910,0,0.000000,0.000000,0.000000,0.000000,-9.810000,0.000000,0,10,1,0,0.000000,3.274145,23.500000,0.000000,0.114055,0.000000
JS: STREAM t=0.10 street-0 - -> unloaded entities=0 prepMs=0.00 integMs=0.00 largestUnitMs=0.00 skater=(0.00,3.27,23.50) v=0.1
JS: STREAM t=0.10 street-1 - -> unloaded entities=0 prepMs=0.00 integMs=0.00 largestUnitMs=0.00 skater=(0.00,3.27,23.50) v=0.1
JS: STREAM t=0.10 street-2 - -> unloaded entities=0 prepMs=0.00 integMs=0.00 largestUnitMs=0.00 skater=(0.00,3.27,23.50) v=0.1
JS: STREAM t=0.10 street-3 - -> unloaded entities=0 prepMs=0.00 integMs=0.00 largestUnitMs=0.00 skater=(0.00,3.27,23.50) v=0.1
JS: STREAM t=0.10 street-4 - -> unloaded entities=0 prepMs=0.00 integMs=0.00 largestUnitMs=0.00 skater=(0.00,3.27,23.50) v=0.1
JS: STREAM t=0.20 street-0 unloaded -> prepared entities=11 prepMs=1.87 integMs=0.00 largestUnitMs=0.00 skater=(0.00,3.28,23.50) v=0.0
20,0.33333,0.000000,5.216632,27.940828,0.000000,0.942077,-0.335397,0,0.000000,0.000000,0.000000,0.000000,-9.810000,0.000000,0,20,1,0,0.000000,3.282115,23.500000,0.000000,0.018423,0.000000
30,0.50000,0.000000,5.222331,27.936819,0.000000,0.941860,-0.336007,0,0.000000,0.000000,0.000000,0.000000,-9.810000,0.000000,0,30,1,0,0.000000,3.283402,23.500000,0.000000,0.002975,0.000000
40,0.66667,0.000000,5.223932,27.935753,0.000000,0.941774,-0.336246,0,0.000000,0.000000,0.000000,0.000000,-9.810000,0.000000,0,40,1,0,0.000000,3.283610,23.500000,0.000000,0.000484,0.000000
50,0.83333,0.000000,5.224301,27.935516,0.000000,0.941751,-0.336311,0,0.000000,0.000000,0.000000,0.000000,-9.810000,0.000000,0,50,0,1,0.000000,3.283642,23.500000,0.000000,0.000095,0.000000
[TestHarness] Wrote screenshot: /home/conner/Documents/GitHub/Project-Judas/docs/evidence/post_m65_repairs/application/harness-switch-final-rebuilt/skate-paused.png
60,1.00000,0.000000,0.000000,0.000000,0.000000,1.000000,0.000000,0,0.000000,0.000000,0.000000,0.000000,-9.810000,0.000000,0,60,0,0
[TestHarness] service scene ready after 0 wait frames at frame 61
70,1.16667,0.000000,20.939999,8.000000,0.000000,1.000000,0.000000,0,0.000000,0.000000,0.000000,0.000000,-9.810000,0.000000,0,70,1,0
80,1.33333,0.000000,20.939999,8.000000,0.000000,1.000000,0.000000,0,0.000000,0.000000,0.000000,0.000000,-9.810000,0.000000,0,80,1,0
90,1.50000,0.000000,20.939999,8.000000,0.000000,1.000000,0.000000,0,0.000000,0.000000,0.000000,0.000000,-9.810000,0.000000,0,90,0,1
[TestHarness] Wrote screenshot: /home/conner/Documents/GitHub/Project-Judas/docs/evidence/post_m65_repairs/application/harness-switch-final-rebuilt/rooftop-paused.png
100,1.66667,0.000000,0.000000,0.000000,0.000000,1.000000,0.000000,0,0.000000,0.000000,0.000000,0.000000,0.000000,0.000000,0,100,0,0,0.000000,61.250000,0.000000,0.000000,0.000000,0.000000
[TestHarness] service scene ready after 0 wait frames at frame 101
110,1.83333,7.491522,61.330601,2.996609,0.121106,0.991457,0.048443,0,0.000000,0.000000,0.000000,-0.847744,-6.940197,-0.339098,0,110,1,0,0.000000,61.225811,0.000000,-0.000000,0.000000,-0.000000
120,2.00000,7.459732,61.070343,2.983893,0.121106,0.991457,0.048443,0,0.000000,0.000000,0.000000,-0.847744,-6.940197,-0.339098,0,120,1,0,-0.000000,61.225811,0.000000,-0.000000,-0.000000,-0.000000
130,2.16667,7.415460,60.707912,2.966184,0.121106,0.991457,0.048443,0,0.000000,0.000000,0.000000,-0.847744,-6.940197,-0.339098,0,130,0,1,0.000000,61.225811,0.000000,0.000000,-0.000000,0.000000
[TestHarness] Wrote screenshot: /home/conner/Documents/GitHub/Project-Judas/docs/evidence/post_m65_repairs/application/harness-switch-final-rebuilt/void-paused.png
140,2.33333,7.415460,60.707912,2.966184,0.121106,0.991457,0.048443,0,0.000000,0.000000,0.000000,-0.847744,-6.940197,-0.339098,0,140,0,1,0.000000,61.225811,0.000000,0.000000,-0.000000,0.000000
150,2.50000,0.000000,0.000000,0.000000,0.000000,1.000000,0.000000,0,0.000000,0.000000,0.000000,0.000000,0.000000,0.000000,0,150,0,0
[TestHarness] service scene ready after 0 wait frames at frame 151
160,2.66667,0.000000,0.300000,5.000000,0.000000,1.000000,0.000000,0,0.000000,0.000000,0.000000,0.000000,0.000000,0.000000,0,160,1,0
170,2.83333,0.000000,0.000000,0.000000,0.000000,1.000000,0.000000,0,0.000000,0.000000,0.000000,0.000000,-9.810000,0.000000,0,170,1,0,0.000000,3.260000,23.500000,0.000000,0.000000,0.000000
JS: SKATER start rails=8 autopilot=false
[TestHarness] service scene ready after 0 wait frames at frame 171
JS: STREAM t=0.10 street-0 - -> unloaded entities=0 prepMs=0.00 integMs=0.00 largestUnitMs=0.00 skater=(0.00,3.27,23.50) v=0.1
JS: STREAM t=0.10 street-1 - -> unloaded entities=0 prepMs=0.00 integMs=0.00 largestUnitMs=0.00 skater=(0.00,3.27,23.50) v=0.1
JS: STREAM t=0.10 street-2 - -> unloaded entities=0 prepMs=0.00 integMs=0.00 largestUnitMs=0.00 skater=(0.00,3.27,23.50) v=0.1
JS: STREAM t=0.10 street-3 - -> unloaded entities=0 prepMs=0.00 integMs=0.00 largestUnitMs=0.00 skater=(0.00,3.27,23.50) v=0.1
JS: STREAM t=0.10 street-4 - -> unloaded entities=0 prepMs=0.00 integMs=0.00 largestUnitMs=0.00 skater=(0.00,3.27,23.50) v=0.1
180,3.00000,0.000000,5.210730,27.945219,0.000000,0.942208,-0.335030,0,0.000000,0.000000,0.000000,0.000000,-9.810000,0.000000,0,180,1,0,0.000000,3.279830,23.500000,0.000000,0.045836,0.000000
JS: STREAM t=0.20 street-0 unloaded -> prepared entities=11 prepMs=2.92 integMs=0.00 largestUnitMs=0.00 skater=(0.00,3.28,23.50) v=0.0
190,3.16667,0.000000,5.220294,27.938221,0.000000,0.941950,-0.335754,0,0.000000,0.000000,0.000000,0.000000,-9.810000,0.000000,0,190,1,0,0.000000,3.283033,23.500000,0.000000,0.007405,0.000000
200,3.33333,0.000000,0.000000,0.000000,0.000000,1.000000,0.000000,0,0.000000,0.000000,0.000000,0.000000,-9.810000,0.000000,0,200,1,0
[TestHarness] service scene ready after 0 wait frames at frame 201
210,3.50000,0.000000,20.939999,8.000000,0.000000,1.000000,0.000000,0,0.000000,0.000000,0.000000,0.000000,-9.810000,0.000000,0,210,1,0
220,3.66667,0.000000,0.000000,0.000000,0.000000,1.000000,0.000000,0,0.000000,0.000000,0.000000,0.000000,0.000000,0.000000,0,220,1,0
[TestHarness] service scene ready after 0 wait frames at frame 221
230,3.83333,0.000000,0.300000,5.000000,0.000000,1.000000,0.000000,0,0.000000,0.000000,0.000000,0.000000,0.000000,0.000000,0,230,1,0
Renderer fragment texture units: 32 (material path uses 12)
World state: disk saves disabled for additive compositions
Project: Judas Three Games (/tmp/judas-repair-app-pmf9xl8u/project/post_m65_consumers.judasproj)
Scene: Three Games (/tmp/judas-repair-app-pmf9xl8u/project/Scenes/launcher.judas)
World origin (m): 0.000, 0.000, 0.000
asset 97c3acdb99c5ffefb002c03ecec7a8ed: Optional extension ignored: KHR_materials_specular
asset 97c3acdb99c5ffefb002c03ecec7a8ed: Optional extension ignored: KHR_materials_specular
