libEGL warning: Not allowed to force software rendering when API explicitly selects a hardware device.
Project: Collision and sensor events (/home/conner/Documents/GitHub/Project-Judas/projects/touch_demo/touch_demo.judasproj)
Scene: M42 collision / trigger events — P spawn / R reset (/home/conner/Documents/GitHub/Project-Judas/projects/touch_demo/Scenes/main.judas)
World origin (m): 0.000, 0.000, 0.000
PASS normal asynchronous Application resource path
JS: triggerEnter: 6 / 1
PASS JS Start spawns ordinary prefab and owns authored HUD
JS: triggerEnter: 6 / 4611686018427387904
JS: triggerEnter: 4611686018427387904 / 6
JS: collisionEnter: 4 / 5
JS: collisionEnter: 5 / 4
JS: triggerExit: 6 / 4611686018427387904
JS: triggerExit: 4611686018427387904 / 6
HUD Collision 2/284/0 | Trigger 3/429/2
collisionStay: 5 / 4
PASS real fixed-step collision callbacks reach JS HUD
PASS real fixed-step trigger enter/stay/exit reaches HUD
BODY 1 h=0 enabled=1 pos=0.00 -0.30 0.00
BODY 2 h=4294967295 enabled=0 pos=0.00 0.00 0.00
BODY 3 h=4294967295 enabled=0 pos=0.00 0.00 0.00
BODY 4 h=1 enabled=1 pos=-0.75 1.00 -3.00
BODY 5 h=2 enabled=1 pos=0.00 1.00 -3.00
BODY 6 h=3 enabled=1 pos=0.00 1.20 0.00
BODY 7 h=4 enabled=1 pos=3.03 1.00 0.00
BODY 8 h=4294967295 enabled=0 pos=0.00 0.00 0.00
BODY 4611686018427387904 h=5 enabled=1 pos=3.03 1.00 0.00
STATE 4 {"events":144}
STATE 5 {"events":144}
STATE 6 {"events":323}
STATE 7 {"events":0}
STATE 8 {}
STATE 4611686018427387904 {"events":0}
FAIL excluded layer stays silent; spawned prefab participates
PASS demo callbacks have no script faults
PASS ordinary standalone shutdown
SUMMARY 7 checks 1 failures
