step,time,posX,posY,posZ,upX,upY,upZ,grounded,velX,velY,velZ,gravX,gravY,gravZ,controlled,frame,steps,paused
JS: {"t":0.02,"mode":"air","p":[0,20.2,-30],"v":[0,-0.22,0],"sup":false,"spd":0,"cr":false,"ev":""}
JS: checkpoint 1 0.00
0,0.00000,0.000000,20.120001,-30.000000,0.000000,1.000000,0.000000,1,0.000000,0.000000,0.000000,0.000000,-9.810000,0.000000,0,0,1,0
JS: {"t":0.03,"mode":"ground","p":[0,20.12,-30],"v":[0,-0.6,-0.3],"sup":true,"spd":0.3,"cr":false,"ev":""}
1,0.01667,0.000000,20.120001,-30.004999,0.000000,1.000000,0.000000,1,0.000000,0.000000,-0.300000,0.000000,-9.810000,0.000000,0,1,1,0
JS: {"t":0.05,"mode":"ground","p":[0,20.12,-30],"v":[0,-0.6,-0.6],"sup":true,"spd":0.6,"cr":false,"ev":""}
2,0.03333,0.000000,20.120001,-30.014999,0.000000,1.000000,0.000000,1,0.000000,0.000000,-0.600000,0.000000,-9.810000,0.000000,0,2,1,0
JS: {"t":0.07,"mode":"ground","p":[0,20.12,-30.01],"v":[0,-0.6,-0.9],"sup":true,"spd":0.9,"cr":false,"ev":""}
3,0.05000,0.000000,20.120001,-30.029999,0.000000,1.000000,0.000000,1,0.000000,0.000000,-0.900000,0.000000,-9.810000,0.000000,0,3,1,0
JS: {"t":0.08,"mode":"ground","p":[0,20.12,-30.03],"v":[0,-0.6,-1.2],"sup":true,"spd":1.2,"cr":false,"ev":""}
4,0.06667,0.000000,20.120001,-30.049999,0.000000,1.000000,0.000000,1,0.000000,0.000000,-1.200000,0.000000,-9.810000,0.000000,0,4,1,0
JS: {"t":0.1,"mode":"ground","p":[0,20.12,-30.05],"v":[0,-0.6,-1.5],"sup":true,"spd":1.5,"cr":false,"ev":""}
5,0.08333,0.000000,20.120001,-30.074999,0.000000,1.000000,0.000000,1,0.000000,0.000000,-1.500000,0.000000,-9.810000,0.000000,0,5,1,0
JS: {"t":0.12,"mode":"ground","p":[0,20.12,-30.07],"v":[0,-0.6,-1.8],"sup":true,"spd":1.8,"cr":false,"ev":""}
6,0.10000,0.000000,20.120001,-30.105000,0.000000,1.000000,0.000000,1,0.000000,0.000000,-1.800000,0.000000,-9.810000,0.000000,0,6,1,0
JS: {"t":0.13,"mode":"ground","p":[0,20.12,-30.1],"v":[0,-0.6,-2.1],"sup":true,"spd":2.1,"cr":false,"ev":""}
7,0.11667,0.000000,20.120001,-30.139999,0.000000,1.000000,0.000000,1,0.000000,0.000000,-2.100000,0.000000,-9.810000,0.000000,0,7,1,0
JS: {"t":0.15,"mode":"ground","p":[0,20.12,-30.14],"v":[0,-0.6,-2.4],"sup":true,"spd":2.4,"cr":false,"ev":""}
8,0.13333,0.000000,20.120001,-30.180000,0.000000,1.000000,0.000000,1,0.000000,0.000000,-2.400000,0.000000,-9.810000,0.000000,0,8,1,0
JS: {"t":0.17,"mode":"ground","p":[0,20.12,-30.18],"v":[0,-0.6,-2.7],"sup":true,"spd":2.7,"cr":false,"ev":""}
9,0.15000,0.000000,20.120001,-30.225000,0.000000,1.000000,0.000000,1,0.000000,0.000000,-2.700000,0.000000,-9.810000,0.000000,0,9,1,0
JS: {"t":0.18,"mode":"ground","p":[0,20.12,-30.23],"v":[0,-0.6,-3],"sup":true,"spd":3,"cr":false,"ev":""}
10,0.16667,0.000000,20.120001,-30.275000,0.000000,1.000000,0.000000,1,0.000000,0.000000,-3.000000,0.000000,-9.810000,0.000000,0,10,1,0
JS: {"t":0.2,"mode":"ground","p":[0,20.12,-30.27],"v":[0,-0.6,-3.3],"sup":true,"spd":3.3,"cr":false,"ev":""}
11,0.18333,0.000000,20.120001,-30.330000,0.000000,1.000000,0.000000,1,0.000000,0.000000,-3.300000,0.000000,-9.810000,0.000000,0,11,1,0
JS: {"t":0.22,"mode":"ground","p":[0,20.12,-30.33],"v":[0,-0.6,-3.6],"sup":true,"spd":3.6,"cr":false,"ev":""}
12,0.20000,0.000000,20.120001,-30.389999,0.000000,1.000000,0.000000,1,0.000000,0.000000,-3.600000,0.000000,-9.810000,0.000000,0,12,1,0
JS: {"t":0.23,"mode":"ground","p":[0,20.12,-30.39],"v":[0,-0.6,-3.9],"sup":true,"spd":3.9,"cr":false,"ev":""}
13,0.21667,0.000000,20.120001,-30.455000,0.000000,1.000000,0.000000,1,0.000000,0.000000,-3.900000,0.000000,-9.810000,0.000000,0,13,1,0
JS: {"t":0.25,"mode":"ground","p":[0,20.12,-30.45],"v":[0,-0.6,-4.2],"sup":true,"spd":4.2,"cr":false,"ev":""}
14,0.23333,0.000000,20.120001,-30.525000,0.000000,1.000000,0.000000,1,0.000000,0.000000,-4.200000,0.000000,-9.810000,0.000000,0,14,1,0
JS: {"t":0.27,"mode":"ground","p":[0,20.12,-30.52],"v":[0,-0.6,-4.3],"sup":true,"spd":4.3,"cr":false,"ev":""}
15,0.25000,0.000000,20.120001,-30.596666,0.000000,1.000000,0.000000,1,0.000000,0.000000,-4.300000,0.000000,-9.810000,0.000000,0,15,1,0
JS: {"t":0.28,"mode":"ground","p":[0,20.12,-30.6],"v":[0,-0.6,-4.4],"sup":true,"spd":4.4,"cr":false,"ev":""}
16,0.26667,0.000000,20.120001,-30.670000,0.000000,1.000000,0.000000,1,0.000000,0.000000,-4.400000,0.000000,-9.810000,0.000000,0,16,1,0
JS: {"t":0.3,"mode":"ground","p":[0,20.12,-30.67],"v":[0,-0.6,-4.5],"sup":true,"spd":4.5,"cr":false,"ev":""}
17,0.28333,0.000000,20.120001,-30.745001,0.000000,1.000000,0.000000,1,0.000000,0.000000,-4.500000,0.000000,-9.810000,0.000000,0,17,1,0
JS: {"t":0.32,"mode":"ground","p":[0,20.12,-30.75],"v":[0,-0.6,-4.6],"sup":true,"spd":4.6,"cr":false,"ev":""}
18,0.30000,0.000000,20.120001,-30.821667,0.000000,1.000000,0.000000,1,0.000000,0.000000,-4.600000,0.000000,-9.810000,0.000000,0,18,1,0
JS: {"t":0.33,"mode":"ground","p":[0,20.12,-30.82],"v":[0,-0.6,-4.7],"sup":true,"spd":4.7,"cr":false,"ev":""}
19,0.31667,0.000000,20.120001,-30.900000,0.000000,1.000000,0.000000,1,0.000000,0.000000,-4.700000,0.000000,-9.810000,0.000000,0,19,1,0
JS: {"t":0.35,"mode":"ground","p":[0,20.12,-30.9],"v":[0,-0.6,-4.8],"sup":true,"spd":4.8,"cr":false,"ev":""}
20,0.33333,0.000000,20.120001,-30.980000,0.000000,1.000000,0.000000,1,0.000000,0.000000,-4.800000,0.000000,-9.810000,0.000000,0,20,1,0
JS: {"t":0.37,"mode":"ground","p":[0,20.12,-30.98],"v":[0,-0.6,-4.9],"sup":true,"spd":4.9,"cr":false,"ev":""}
21,0.35000,0.000000,20.120001,-31.061666,0.000000,1.000000,0.000000,1,0.000000,0.000000,-4.900000,0.000000,-9.810000,0.000000,0,21,1,0
JS: {"t":0.38,"mode":"ground","p":[0,20.12,-31.06],"v":[0,-0.6,-5],"sup":true,"spd":5,"cr":false,"ev":""}
22,0.36667,0.000000,20.120001,-31.145000,0.000000,1.000000,0.000000,1,0.000000,0.000000,-5.000000,0.000000,-9.810000,0.000000,0,22,1,0
JS: {"t":0.4,"mode":"ground","p":[0,20.12,-31.15],"v":[0,-0.6,-5.1],"sup":true,"spd":5.1,"cr":false,"ev":""}
23,0.38333,0.000000,20.120001,-31.230000,0.000000,1.000000,0.000000,1,0.000000,0.000000,-5.100000,0.000000,-9.810000,0.000000,0,23,1,0
JS: {"t":0.42,"mode":"ground","p":[0,20.12,-31.23],"v":[0,-0.6,-5.2],"sup":true,"spd":5.2,"cr":false,"ev":""}
24,0.40000,0.000000,20.120001,-31.316666,0.000000,1.000000,0.000000,1,0.000000,0.000000,-5.200000,0.000000,-9.810000,0.000000,0,24,1,0
JS: {"t":0.43,"mode":"ground","p":[0,20.12,-31.32],"v":[0,-0.6,-5.3],"sup":true,"spd":5.3,"cr":false,"ev":""}
25,0.41667,0.000000,20.120001,-31.404999,0.000000,1.000000,0.000000,1,0.000000,0.000000,-5.300000,0.000000,-9.810000,0.000000,0,25,1,0
JS: {"t":0.45,"mode":"ground","p":[0,20.12,-31.4],"v":[0,-0.6,-5.4],"sup":true,"spd":5.4,"cr":false,"ev":""}
26,0.43333,0.000000,20.120001,-31.494999,0.000000,1.000000,0.000000,1,0.000000,0.000000,-5.400000,0.000000,-9.810000,0.000000,0,26,1,0
JS: {"t":0.47,"mode":"ground","p":[0,20.12,-31.49],"v":[0,-0.6,-5.5],"sup":true,"spd":5.5,"cr":false,"ev":""}
27,0.45000,0.000000,20.120001,-31.586666,0.000000,1.000000,0.000000,1,0.000000,0.000000,-5.500000,0.000000,-9.810000,0.000000,0,27,1,0
JS: {"t":0.48,"mode":"ground","p":[0,20.12,-31.59],"v":[0,-0.6,-5.6],"sup":true,"spd":5.6,"cr":false,"ev":""}
28,0.46667,0.000000,20.120001,-31.680000,0.000000,1.000000,0.000000,1,0.000000,0.000000,-5.600000,0.000000,-9.810000,0.000000,0,28,1,0
JS: {"t":0.5,"mode":"ground","p":[0,20.12,-31.68],"v":[0,-0.6,-5.7],"sup":true,"spd":5.7,"cr":false,"ev":""}
29,0.48333,0.000000,20.120001,-31.775000,0.000000,1.000000,0.000000,1,0.000000,0.000000,-5.700000,0.000000,-9.810000,0.000000,0,29,1,0
JS: {"t":0.52,"mode":"ground","p":[0,20.12,-31.77],"v":[0,-0.6,-5.8],"sup":true,"spd":5.8,"cr":false,"ev":""}
30,0.50000,0.000000,20.120001,-31.871666,0.000000,1.000000,0.000000,1,0.000000,0.000000,-5.800000,0.000000,-9.810000,0.000000,0,30,1,0
JS: {"t":0.53,"mode":"ground","p":[0,20.12,-31.87],"v":[0,-0.6,-5.9],"sup":true,"spd":5.9,"cr":false,"ev":""}
31,0.51667,0.000000,20.120001,-31.969999,0.000000,1.000000,0.000000,1,0.000000,0.000000,-5.900000,0.000000,-9.810000,0.000000,0,31,1,0
JS: {"t":0.55,"mode":"ground","p":[0,20.12,-31.97],"v":[0,-0.6,-6],"sup":true,"spd":6,"cr":false,"ev":""}
32,0.53333,0.000000,20.120001,-32.070000,0.000000,1.000000,0.000000,1,0.000000,0.000000,-6.000000,0.000000,-9.810000,0.000000,0,32,1,0
JS: {"t":0.57,"mode":"ground","p":[0,20.12,-32.07],"v":[0,-0.6,-6.1],"sup":true,"spd":6.1,"cr":false,"ev":""}
33,0.55000,0.000000,20.120001,-32.171665,0.000000,1.000000,0.000000,1,0.000000,0.000000,-6.100000,0.000000,-9.810000,0.000000,0,33,1,0
JS: {"t":0.58,"mode":"ground","p":[0,20.12,-32.17],"v":[0,-0.6,-6.2],"sup":true,"spd":6.2,"cr":false,"ev":""}
34,0.56667,0.000000,20.120001,-32.274998,0.000000,1.000000,0.000000,1,0.000000,0.000000,-6.200000,0.000000,-9.810000,0.000000,0,34,1,0
JS: {"t":0.6,"mode":"ground","p":[0,20.12,-32.27],"v":[0,-0.6,-6.3],"sup":true,"spd":6.3,"cr":false,"ev":""}
35,0.58333,0.000000,20.120001,-32.379997,0.000000,1.000000,0.000000,1,0.000000,0.000000,-6.300000,0.000000,-9.810000,0.000000,0,35,1,0
JS: {"t":0.62,"mode":"ground","p":[0,20.12,-32.38],"v":[0,-0.6,-6.4],"sup":true,"spd":6.4,"cr":false,"ev":""}
36,0.60000,0.000000,20.120001,-32.486664,0.000000,1.000000,0.000000,1,0.000000,0.000000,-6.400001,0.000000,-9.810000,0.000000,0,36,1,0
JS: {"t":0.63,"mode":"ground","p":[0,20.12,-32.49],"v":[0,-0.6,-6.5],"sup":true,"spd":6.5,"cr":false,"ev":""}
37,0.61667,0.000000,20.120001,-32.594997,0.000000,1.000000,0.000000,1,0.000000,0.000000,-6.500000,0.000000,-9.810000,0.000000,0,37,1,0
JS: {"t":0.65,"mode":"ground","p":[0,20.12,-32.59],"v":[0,-0.6,-6.55],"sup":true,"spd":6.55,"cr":false,"ev":""}
38,0.63333,0.000000,20.120001,-32.680000,0.000000,1.000000,0.000000,1,0.000000,0.000000,0.000000,0.000000,-9.810000,0.000000,0,38,1,0
JS: {"t":0.67,"mode":"ground","p":[0,20.12,-32.68],"v":[0,-0.6,-0.75],"sup":true,"spd":2.8,"cr":false,"ev":""}
39,0.65000,0.000000,20.120001,-32.692501,0.000000,1.000000,0.000000,1,0.000000,0.000000,-0.750000,0.000000,-9.810000,0.000000,0,39,1,0
JS: {"t":0.68,"mode":"ground","p":[0,20.12,-32.69],"v":[0,-0.6,-1.5],"sup":true,"spd":3.1,"cr":false,"ev":""}
40,0.66667,0.000000,20.120001,-32.680000,0.000000,1.000000,0.000000,1,0.000000,0.000000,0.000000,0.000000,-9.810000,0.000000,0,40,1,0
JS: {"t":0.7,"mode":"ground","p":[0,20.12,-32.68],"v":[0,-0.6,-0.75],"sup":true,"spd":2.8,"cr":false,"ev":""}
41,0.68333,0.000000,20.120001,-32.692501,0.000000,1.000000,0.000000,1,0.000000,0.000000,-0.750000,0.000000,-9.810000,0.000000,0,41,1,0
JS: {"t":0.72,"mode":"ground","p":[0,20.12,-32.69],"v":[0,-0.6,-1.5],"sup":true,"spd":3.1,"cr":false,"ev":""}
42,0.70000,0.000000,20.120001,-32.680000,0.000000,1.000000,0.000000,1,0.000000,0.000000,0.000000,0.000000,-9.810000,0.000000,0,42,1,0
JS: {"t":0.73,"mode":"ground","p":[0,20.12,-32.68],"v":[0,-0.6,-0.75],"sup":true,"spd":2.8,"cr":false,"ev":""}
43,0.71667,0.000000,20.120001,-32.692501,0.000000,1.000000,0.000000,1,0.000000,0.000000,-0.750000,0.000000,-9.810000,0.000000,0,43,1,0
JS: {"t":0.75,"mode":"ground","p":[0,20.12,-32.69],"v":[0,-0.6,-1.5],"sup":true,"spd":3.1,"cr":false,"ev":""}
44,0.73333,0.000000,20.120001,-32.680000,0.000000,1.000000,0.000000,1,0.000000,0.000000,0.000000,0.000000,-9.810000,0.000000,0,44,1,0
JS: {"t":0.77,"mode":"ground","p":[0,20.12,-32.68],"v":[0,-0.6,-0.75],"sup":true,"spd":2.8,"cr":false,"ev":""}
45,0.75000,0.000000,20.120001,-32.692501,0.000000,1.000000,0.000000,1,0.000000,0.000000,-0.750000,0.000000,-9.810000,0.000000,0,45,1,0
JS: {"t":0.78,"mode":"ground","p":[0,20.12,-32.69],"v":[0,-0.6,-1.5],"sup":true,"spd":3.1,"cr":false,"ev":""}
46,0.76667,0.000000,20.120001,-32.680000,0.000000,1.000000,0.000000,1,0.000000,0.000000,0.000000,0.000000,-9.810000,0.000000,0,46,1,0
JS: {"t":0.8,"mode":"ground","p":[0,20.12,-32.68],"v":[0,-0.6,-0.75],"sup":true,"spd":2.8,"cr":false,"ev":""}
47,0.78333,0.000000,20.120001,-32.692501,0.000000,1.000000,0.000000,1,0.000000,0.000000,-0.750000,0.000000,-9.810000,0.000000,0,47,1,0
JS: {"t":0.82,"mode":"ground","p":[0,20.12,-32.69],"v":[0,-0.6,-1.5],"sup":true,"spd":3.1,"cr":false,"ev":""}
48,0.80000,0.000000,20.120001,-32.680000,0.000000,1.000000,0.000000,1,0.000000,0.000000,0.000000,0.000000,-9.810000,0.000000,0,48,1,0
JS: {"t":0.83,"mode":"ground","p":[0,20.12,-32.68],"v":[0,-0.6,-0.75],"sup":true,"spd":2.8,"cr":false,"ev":""}
49,0.81667,0.000000,20.120001,-32.692501,0.000000,1.000000,0.000000,1,0.000000,0.000000,-0.750000,0.000000,-9.810000,0.000000,0,49,1,0
JS: {"t":0.85,"mode":"ground","p":[0,20.12,-32.69],"v":[0,-0.6,-1.5],"sup":true,"spd":3.1,"cr":false,"ev":""}
50,0.83333,0.000000,20.120001,-32.680000,0.000000,1.000000,0.000000,1,0.000000,0.000000,0.000000,0.000000,-9.810000,0.000000,0,50,1,0
JS: {"t":0.87,"mode":"ground","p":[0,20.12,-32.68],"v":[0,-0.6,-0.75],"sup":true,"spd":2.8,"cr":false,"ev":""}
51,0.85000,0.000000,20.120001,-32.692501,0.000000,1.000000,0.000000,1,0.000000,0.000000,-0.750000,0.000000,-9.810000,0.000000,0,51,1,0
JS: {"t":0.88,"mode":"ground","p":[0,20.12,-32.69],"v":[0,-0.6,-1.5],"sup":true,"spd":3.1,"cr":false,"ev":""}
52,0.86667,0.000000,20.120001,-32.680000,0.000000,1.000000,0.000000,1,0.000000,0.000000,0.000000,0.000000,-9.810000,0.000000,0,52,1,0
JS: {"t":0.9,"mode":"ground","p":[0,20.12,-32.68],"v":[0,-0.6,-0.75],"sup":true,"spd":2.8,"cr":false,"ev":""}
53,0.88333,0.000000,20.120001,-32.692501,0.000000,1.000000,0.000000,1,0.000000,0.000000,-0.750000,0.000000,-9.810000,0.000000,0,53,1,0
JS: {"t":0.92,"mode":"ground","p":[0,20.12,-32.69],"v":[0,-0.6,-1.5],"sup":true,"spd":3.1,"cr":false,"ev":""}
54,0.90000,0.000000,20.120001,-32.680000,0.000000,1.000000,0.000000,1,0.000000,0.000000,0.000000,0.000000,-9.810000,0.000000,0,54,1,0
JS: {"t":0.93,"mode":"ground","p":[0,20.12,-32.68],"v":[0,-0.6,-0.75],"sup":true,"spd":2.8,"cr":false,"ev":""}
55,0.91667,0.000000,20.120001,-32.692501,0.000000,1.000000,0.000000,1,0.000000,0.000000,-0.750000,0.000000,-9.810000,0.000000,0,55,1,0
JS: {"t":0.95,"mode":"ground","p":[0,20.12,-32.69],"v":[0,-0.6,-1.5],"sup":true,"spd":3.1,"cr":false,"ev":""}
56,0.93333,0.000000,20.120001,-32.680000,0.000000,1.000000,0.000000,1,0.000000,0.000000,0.000000,0.000000,-9.810000,0.000000,0,56,1,0
JS: {"t":0.97,"mode":"ground","p":[0,20.12,-32.68],"v":[0,-0.6,-0.75],"sup":true,"spd":2.8,"cr":false,"ev":""}
57,0.95000,0.000000,20.120001,-32.692501,0.000000,1.000000,0.000000,1,0.000000,0.000000,-0.750000,0.000000,-9.810000,0.000000,0,57,1,0
JS: {"t":0.98,"mode":"ground","p":[0,20.12,-32.69],"v":[0,-0.6,-1.5],"sup":true,"spd":3.1,"cr":false,"ev":""}
58,0.96667,0.000000,20.120001,-32.680000,0.000000,1.000000,0.000000,1,0.000000,0.000000,0.000000,0.000000,-9.810000,0.000000,0,58,1,0
JS: {"t":1,"mode":"ground","p":[0,20.12,-32.68],"v":[0,-0.6,-0.75],"sup":true,"spd":2.8,"cr":false,"ev":""}
59,0.98333,0.000000,20.120001,-32.692501,0.000000,1.000000,0.000000,1,0.000000,0.000000,-0.750000,0.000000,-9.810000,0.000000,0,59,1,0
JS: {"t":1.02,"mode":"traverse","p":[0,20.12,-32.69],"v":[0,5,0],"sup":true,"spd":2.8,"cr":false,"ev":"vault"}
60,1.00000,0.000000,20.203335,-32.692501,0.000000,1.000000,0.000000,0,0.000000,5.000000,0.000000,0.000000,-9.810000,0.000000,0,60,1,0
JS: {"t":1.03,"mode":"traverse","p":[0,20.2,-32.69],"v":[0,5,-0.4],"sup":false,"spd":2.8,"cr":false,"ev":""}
61,1.01667,0.000000,20.286669,-32.699169,0.000000,1.000000,0.000000,0,0.000000,5.000000,-0.400000,0.000000,-9.810000,0.000000,0,61,1,0
JS: {"t":1.05,"mode":"traverse","p":[0,20.29,-32.7],"v":[0,5,-0.4],"sup":false,"spd":2.8,"cr":false,"ev":""}
62,1.03333,0.000000,20.370003,-32.689575,0.000000,1.000000,0.000000,0,0.000000,5.000000,0.000000,0.000000,-9.810000,0.000000,0,62,1,0
JS: {"t":1.07,"mode":"traverse","p":[0,20.37,-32.69],"v":[0,5,-0.4],"sup":false,"spd":2.8,"cr":false,"ev":""}
63,1.05000,0.000000,20.453337,-32.696243,0.000000,1.000000,0.000000,0,0.000000,5.000000,-0.400000,0.000000,-9.810000,0.000000,0,63,1,0
JS: {"t":1.08,"mode":"traverse","p":[0,20.45,-32.7],"v":[0,5,-0.4],"sup":false,"spd":2.8,"cr":false,"ev":""}
64,1.06667,0.000000,20.536671,-32.698402,0.000000,1.000000,0.000000,0,0.000000,5.000000,0.000000,0.000000,-9.810000,0.000000,0,64,1,0
JS: {"t":1.1,"mode":"traverse","p":[0,20.54,-32.7],"v":[0,5,-0.4],"sup":false,"spd":2.8,"cr":false,"ev":""}
65,1.08333,0.000000,20.620005,-32.698402,0.000000,1.000000,0.000000,0,0.000000,5.000000,0.000000,0.000000,-9.810000,0.000000,0,65,1,0
JS: {"t":1.12,"mode":"traverse","p":[0,20.62,-32.7],"v":[0,5,-0.4],"sup":false,"spd":2.8,"cr":false,"ev":""}
66,1.10000,0.000000,20.703339,-32.698402,0.000000,1.000000,0.000000,0,0.000000,5.000000,0.000000,0.000000,-9.810000,0.000000,0,66,1,0
JS: {"t":1.13,"mode":"traverse","p":[0,20.7,-32.7],"v":[0,5,-0.4],"sup":false,"spd":2.8,"cr":false,"ev":""}
67,1.11667,0.000000,20.786673,-32.705070,0.000000,1.000000,0.000000,0,0.000000,5.000000,-0.400000,0.000000,-9.810000,0.000000,0,67,1,0
JS: {"t":1.15,"mode":"traverse","p":[0,20.79,-32.71],"v":[0,5,-0.4],"sup":false,"spd":2.8,"cr":false,"ev":""}
68,1.13333,0.000000,20.870007,-32.711739,0.000000,1.000000,0.000000,0,0.000000,5.000000,-0.400000,0.000000,-9.810000,0.000000,0,68,1,0
JS: {"t":1.17,"mode":"traverse","p":[0,20.87,-32.71],"v":[0,5,-0.4],"sup":false,"spd":2.8,"cr":false,"ev":""}
69,1.15000,0.000000,20.953341,-32.718407,0.000000,1.000000,0.000000,0,0.000000,5.000000,-0.400000,0.000000,-9.810000,0.000000,0,69,1,0
JS: {"t":1.18,"mode":"traverse","p":[0,20.95,-32.72],"v":[0,5,-0.4],"sup":false,"spd":2.8,"cr":false,"ev":""}
70,1.16667,0.000000,21.036674,-32.725075,0.000000,1.000000,0.000000,0,0.000000,5.000000,-0.400000,0.000000,-9.810000,0.000000,0,70,1,0
JS: {"t":1.2,"mode":"traverse","p":[0,21.04,-32.73],"v":[0,1.4,-0.4],"sup":false,"spd":2.8,"cr":false,"ev":""}
71,1.18333,0.000000,21.059999,-32.731743,0.000000,1.000000,0.000000,0,0.000000,1.399483,-0.400000,0.000000,-9.810000,0.000000,0,71,1,0
JS: {"t":1.22,"mode":"traverse","p":[0,21.06,-32.73],"v":[0,0,-4.5],"sup":false,"spd":2.8,"cr":false,"ev":""}
72,1.20000,0.000000,21.059999,-32.806744,0.000000,1.000000,0.000000,1,0.000000,0.000000,-4.500000,0.000000,-9.810000,0.000000,0,72,1,0
JS: {"t":1.23,"mode":"traverse","p":[0,21.06,-32.81],"v":[0,0,-4.5],"sup":true,"spd":2.8,"cr":false,"ev":""}
73,1.21667,0.000000,20.986414,-32.850620,0.000000,1.000000,0.000000,1,0.000000,2.217233,-2.632595,0.000000,-9.810000,0.000000,0,73,1,0
JS: {"t":1.25,"mode":"traverse","p":[0,20.99,-32.85],"v":[0,0,-4.5],"sup":true,"spd":2.8,"cr":false,"ev":""}
74,1.23333,0.000000,21.012552,-32.907024,0.000000,1.000000,0.000000,1,0.000000,1.943169,-3.384282,0.000000,-9.810000,0.000000,0,74,1,0
JS: {"t":1.27,"mode":"traverse","p":[0,21.01,-32.91],"v":[0,0,-4.5],"sup":true,"spd":2.8,"cr":false,"ev":""}
75,1.25000,0.000000,21.027328,-32.974819,0.000000,1.000000,0.000000,1,0.000000,1.325967,-4.067776,0.000000,-9.810000,0.000000,0,75,1,0
JS: {"t":1.28,"mode":"traverse","p":[0,21.03,-32.97],"v":[0,0,-4.5],"sup":true,"spd":2.8,"cr":false,"ev":""}
76,1.26667,0.000000,21.025215,-33.049290,0.000000,1.000000,0.000000,1,0.000000,0.376380,-4.468296,0.000000,-9.810000,0.000000,0,76,1,0
JS: {"t":1.3,"mode":"traverse","p":[0,21.03,-33.05],"v":[0,0,-4.5],"sup":true,"spd":2.8,"cr":false,"ev":""}
77,1.28333,0.000000,21.020000,-33.124290,0.000000,1.000000,0.000000,1,0.000000,0.000000,-4.500000,0.000000,-9.810000,0.000000,0,77,1,0
JS: {"t":1.32,"mode":"traverse","p":[0,21.02,-33.12],"v":[0,0,-4.5],"sup":true,"spd":2.8,"cr":false,"ev":""}
78,1.30000,0.000000,21.020000,-33.199291,0.000000,1.000000,0.000000,1,0.000000,0.000000,-4.500000,0.000000,-9.810000,0.000000,0,78,1,0
JS: {"t":1.33,"mode":"traverse","p":[0,21.02,-33.2],"v":[0,0,-4.5],"sup":true,"spd":2.8,"cr":false,"ev":""}
79,1.31667,0.000000,21.020000,-33.274292,0.000000,1.000000,0.000000,1,0.000000,0.000000,-4.500000,0.000000,-9.810000,0.000000,0,79,1,0
JS: {"t":1.35,"mode":"traverse","p":[0,21.02,-33.27],"v":[0,0,-4.5],"sup":true,"spd":2.8,"cr":false,"ev":""}
80,1.33333,0.000000,21.020000,-33.349293,0.000000,1.000000,0.000000,1,0.000000,0.000000,-4.500000,0.000000,-9.810000,0.000000,0,80,1,0
JS: {"t":1.37,"mode":"traverse","p":[0,21.02,-33.35],"v":[0,0,-4.5],"sup":true,"spd":2.8,"cr":false,"ev":""}
81,1.35000,0.000000,21.020000,-33.424294,0.000000,1.000000,0.000000,1,0.000000,0.000000,-4.500000,0.000000,-9.810000,0.000000,0,81,1,0
JS: {"t":1.38,"mode":"traverse","p":[0,21.02,-33.42],"v":[0,0,-4.5],"sup":true,"spd":2.8,"cr":false,"ev":""}
82,1.36667,0.000000,21.020000,-33.499294,0.000000,1.000000,0.000000,1,0.000000,0.000000,-4.500000,0.000000,-9.810000,0.000000,0,82,1,0
JS: {"t":1.4,"mode":"traverse","p":[0,21.02,-33.5],"v":[0,0,-4.5],"sup":true,"spd":2.8,"cr":false,"ev":""}
83,1.38333,0.000000,21.020000,-33.574295,0.000000,1.000000,0.000000,1,0.000000,0.000000,-4.500000,0.000000,-9.810000,0.000000,0,83,1,0
JS: {"t":1.42,"mode":"traverse","p":[0,21.02,-33.57],"v":[0,0,-4.5],"sup":true,"spd":2.8,"cr":false,"ev":""}
84,1.40000,0.000000,21.020000,-33.649296,0.000000,1.000000,0.000000,1,0.000000,0.000000,-4.500000,0.000000,-9.810000,0.000000,0,84,1,0
JS: {"t":1.43,"mode":"traverse","p":[0,21.02,-33.65],"v":[0,0,-4.5],"sup":true,"spd":2.8,"cr":false,"ev":""}
85,1.41667,0.000000,21.020000,-33.724297,0.000000,1.000000,0.000000,1,0.000000,0.000000,-4.500000,0.000000,-9.810000,0.000000,0,85,1,0
JS: {"t":1.45,"mode":"traverse","p":[0,21.02,-33.72],"v":[0,0,-4.5],"sup":true,"spd":2.8,"cr":false,"ev":""}
86,1.43333,0.000000,21.020000,-33.799297,0.000000,1.000000,0.000000,1,0.000000,0.000000,-4.500000,0.000000,-9.810000,0.000000,0,86,1,0
JS: {"t":1.47,"mode":"traverse","p":[0,21.02,-33.8],"v":[0,0,-4.5],"sup":true,"spd":2.8,"cr":false,"ev":""}
87,1.45000,0.000000,21.020000,-33.874298,0.000000,1.000000,0.000000,1,0.000000,0.000000,-4.500000,0.000000,-9.810000,0.000000,0,87,1,0
JS: {"t":1.48,"mode":"traverse","p":[0,21.02,-33.87],"v":[0,0,-4.5],"sup":true,"spd":2.8,"cr":false,"ev":""}
88,1.46667,0.000000,21.020000,-33.949299,0.000000,1.000000,0.000000,1,0.000000,0.000000,-4.500000,0.000000,-9.810000,0.000000,0,88,1,0
JS: {"t":1.5,"mode":"air","p":[0,21.02,-33.95],"v":[0,-0.5,-4.5],"sup":true,"spd":4.27,"cr":false,"ev":""}
89,1.48333,0.000000,21.020000,-34.024300,0.000000,1.000000,0.000000,1,0.000000,0.000000,-4.500000,0.000000,-9.810000,0.000000,0,89,1,0
JS: {"t":1.52,"mode":"ground","p":[0,21.02,-34.02],"v":[0,-0.6,-4.38],"sup":true,"spd":4.38,"cr":false,"ev":""}
90,1.50000,0.000000,21.020000,-34.097218,0.000000,1.000000,0.000000,1,0.000000,0.000000,-4.375000,0.000000,-9.810000,0.000000,0,90,1,0
JS: {"t":1.53,"mode":"ground","p":[0,21.02,-34.1],"v":[0,-0.6,-4.48],"sup":true,"spd":4.48,"cr":false,"ev":""}
91,1.51667,0.000000,21.020000,-34.171803,0.000000,1.000000,0.000000,1,0.000000,0.000000,-4.475000,0.000000,-9.810000,0.000000,0,91,1,0
JS: {"t":1.55,"mode":"ground","p":[0,21.02,-34.17],"v":[0,-0.6,-4.58],"sup":true,"spd":4.58,"cr":false,"ev":""}
92,1.53333,0.000000,21.020000,-34.248051,0.000000,1.000000,0.000000,1,0.000000,0.000000,-4.575000,0.000000,-9.810000,0.000000,0,92,1,0
JS: {"t":1.57,"mode":"ground","p":[0,21.02,-34.25],"v":[0,-0.6,-4.68],"sup":true,"spd":4.68,"cr":false,"ev":""}
93,1.55000,0.000000,21.020000,-34.325966,0.000000,1.000000,0.000000,1,0.000000,0.000000,-4.675000,0.000000,-9.810000,0.000000,0,93,1,0
JS: {"t":1.58,"mode":"ground","p":[0,21.02,-34.33],"v":[0,-0.6,-4.78],"sup":true,"spd":4.78,"cr":false,"ev":""}
94,1.56667,0.000000,21.020000,-34.405548,0.000000,1.000000,0.000000,1,0.000000,0.000000,-4.775000,0.000000,-9.810000,0.000000,0,94,1,0
JS: {"t":1.6,"mode":"ground","p":[0,21.02,-34.41],"v":[0,-0.6,-4.88],"sup":true,"spd":4.88,"cr":false,"ev":""}
95,1.58333,0.000000,21.020000,-34.486797,0.000000,1.000000,0.000000,1,0.000000,0.000000,-4.875000,0.000000,-9.810000,0.000000,0,95,1,0
JS: {"t":1.62,"mode":"ground","p":[0,21.02,-34.49],"v":[0,-0.6,-4.98],"sup":true,"spd":4.98,"cr":false,"ev":""}
96,1.60000,0.000000,21.020000,-34.569714,0.000000,1.000000,0.000000,1,0.000000,0.000000,-4.975000,0.000000,-9.810000,0.000000,0,96,1,0
JS: {"t":1.63,"mode":"ground","p":[0,21.02,-34.57],"v":[0,-0.6,-5.08],"sup":true,"spd":5.08,"cr":false,"ev":""}
97,1.61667,0.000000,21.020000,-34.654297,0.000000,1.000000,0.000000,1,0.000000,0.000000,-5.075000,0.000000,-9.810000,0.000000,0,97,1,0
JS: {"t":1.65,"mode":"ground","p":[0,21.02,-34.65],"v":[0,-0.6,-5.18],"sup":true,"spd":5.18,"cr":false,"ev":""}
98,1.63333,0.000000,21.020000,-34.740547,0.000000,1.000000,0.000000,1,0.000000,0.000000,-5.175000,0.000000,-9.810000,0.000000,0,98,1,0
JS: {"t":1.67,"mode":"ground","p":[0,21.02,-34.74],"v":[0,-0.6,-5.28],"sup":true,"spd":5.28,"cr":false,"ev":""}
99,1.65000,0.000000,21.020000,-34.828465,0.000000,1.000000,0.000000,1,0.000000,0.000000,-5.275000,0.000000,-9.810000,0.000000,0,99,1,0
libEGL warning: Not allowed to force software rendering when API explicitly selects a hardware device.
Renderer fragment texture units: 32 (material path uses 12)
World state: disk saves disabled for additive compositions
Project: Judas Developer Integration (/tmp/judas-m65-rooftop-1158p7tf/empty-side/m65_integration.judasproj)
Scene: Rooftop Run (/tmp/judas-m65-rooftop-1158p7tf/empty-side/Scenes/rooftops.judas)
World origin (m): 0.000, 0.000, 0.000
ALSA lib confmisc.c:855:(parse_card) [error.core] cannot find card '0'
ALSA lib conf.c:5211:(_snd_config_evaluate) [error.core] function snd_func_card_id returned error: No such file or directory
ALSA lib confmisc.c:422:(snd_func_concat) [error.core] error evaluating strings
ALSA lib conf.c:5211:(_snd_config_evaluate) [error.core] function snd_func_concat returned error: No such file or directory
ALSA lib confmisc.c:1342:(snd_func_refer) [error.core] error evaluating name
ALSA lib conf.c:5211:(_snd_config_evaluate) [error.core] function snd_func_refer returned error: No such file or directory
ALSA lib conf.c:5734:(snd_config_expand) [error.core] Evaluate error: No such file or directory
ALSA lib pcm.c:2722:(snd_pcm_open_noupdate) [error.pcm] Unknown PCM dmix
ALSA lib confmisc.c:855:(parse_card) [error.core] cannot find card '0'
ALSA lib conf.c:5211:(_snd_config_evaluate) [error.core] function snd_func_card_id returned error: No such file or directory
ALSA lib confmisc.c:422:(snd_func_concat) [error.core] error evaluating strings
ALSA lib conf.c:5211:(_snd_config_evaluate) [error.core] function snd_func_concat returned error: No such file or directory
ALSA lib confmisc.c:1342:(snd_func_refer) [error.core] error evaluating name
ALSA lib conf.c:5211:(_snd_config_evaluate) [error.core] function snd_func_refer returned error: No such file or directory
ALSA lib conf.c:5734:(snd_config_expand) [error.core] Evaluate error: No such file or directory
ALSA lib pcm.c:2722:(snd_pcm_open_noupdate) [error.pcm] Unknown PCM dmix:0
ALSA lib confmisc.c:855:(parse_card) [error.core] cannot find card '0'
ALSA lib conf.c:5211:(_snd_config_evaluate) [error.core] function snd_func_card_id returned error: No such file or directory
ALSA lib confmisc.c:422:(snd_func_concat) [error.core] error evaluating strings
ALSA lib conf.c:5211:(_snd_config_evaluate) [error.core] function snd_func_concat returned error: No such file or directory
ALSA lib confmisc.c:1342:(snd_func_refer) [error.core] error evaluating name
ALSA lib conf.c:5211:(_snd_config_evaluate) [error.core] function snd_func_refer returned error: No such file or directory
ALSA lib conf.c:5734:(snd_config_expand) [error.core] Evaluate error: No such file or directory
ALSA lib pcm.c:2722:(snd_pcm_open_noupdate) [error.pcm] Unknown PCM dmix:0,0
ALSA lib confmisc.c:165:(snd_config_get_card) [error.core] Cannot get card index for 0
ALSA lib confmisc.c:165:(snd_config_get_card) [error.core] Cannot get card index for 0
ALSA lib confmisc.c:165:(snd_config_get_card) [error.core] Cannot get card index for 0
Cannot connect to server socket err = Operation not permitted
Cannot connect to server request channel
jack server is not running or cannot be started
JackShmReadWritePtr::~JackShmReadWritePtr - Init not done for -1, skipping unlock
JackShmReadWritePtr::~JackShmReadWritePtr - Init not done for -1, skipping unlock
