step,time,posX,posY,posZ,upX,upY,upZ,grounded,velX,velY,velZ,gravX,gravY,gravZ,controlled,frame,steps,paused
JS: {"t":0.02,"mode":"air","p":[0,21,0],"v":[0,-0.22,0],"sup":false,"spd":0,"cr":false,"ev":""}
0,0.00000,0.000000,20.920000,0.000000,0.000000,1.000000,0.000000,1,0.000000,0.000000,0.000000,0.000000,-9.810000,0.000000,0,0,1,0
JS: {"t":0.03,"mode":"ground","p":[0,20.92,0],"v":[0,-0.6,-0.3],"sup":true,"spd":0.3,"cr":false,"ev":""}
1,0.01667,0.000000,20.920000,-0.005000,0.000000,1.000000,0.000000,1,0.000000,0.000000,-0.300000,0.000000,-9.810000,0.000000,0,1,1,0
JS: {"t":0.05,"mode":"ground","p":[0,20.92,-0.01],"v":[0,-0.6,-0.6],"sup":true,"spd":0.6,"cr":false,"ev":""}
2,0.03333,0.000000,20.920000,-0.015000,0.000000,1.000000,0.000000,1,0.000000,0.000000,-0.600000,0.000000,-9.810000,0.000000,0,2,1,0
JS: {"t":0.07,"mode":"ground","p":[0,20.92,-0.02],"v":[0,-0.6,-0.9],"sup":true,"spd":0.9,"cr":false,"ev":""}
3,0.05000,0.000000,20.920000,-0.030000,0.000000,1.000000,0.000000,1,0.000000,0.000000,-0.900000,0.000000,-9.810000,0.000000,0,3,1,0
JS: {"t":0.08,"mode":"ground","p":[0,20.92,-0.03],"v":[0,-0.6,-1.2],"sup":true,"spd":1.2,"cr":false,"ev":""}
4,0.06667,0.000000,20.920000,-0.050000,0.000000,1.000000,0.000000,1,0.000000,0.000000,-1.200000,0.000000,-9.810000,0.000000,0,4,1,0
JS: {"t":0.1,"mode":"ground","p":[0,20.92,-0.05],"v":[0,-0.6,-1.5],"sup":true,"spd":1.5,"cr":false,"ev":""}
5,0.08333,0.000000,20.920000,-0.075000,0.000000,1.000000,0.000000,1,0.000000,0.000000,-1.500000,0.000000,-9.810000,0.000000,0,5,1,0
JS: {"t":0.12,"mode":"ground","p":[0,20.92,-0.08],"v":[0,-0.6,-1.8],"sup":true,"spd":1.8,"cr":false,"ev":""}
6,0.10000,0.000000,20.920000,-0.105000,0.000000,1.000000,0.000000,1,0.000000,0.000000,-1.800000,0.000000,-9.810000,0.000000,0,6,1,0
JS: {"t":0.13,"mode":"ground","p":[0,20.92,-0.11],"v":[0,-0.6,-2.1],"sup":true,"spd":2.1,"cr":false,"ev":""}
7,0.11667,0.000000,20.920000,-0.140000,0.000000,1.000000,0.000000,1,0.000000,0.000000,-2.100000,0.000000,-9.810000,0.000000,0,7,1,0
JS: {"t":0.15,"mode":"ground","p":[0,20.92,-0.14],"v":[0,-0.6,-2.4],"sup":true,"spd":2.4,"cr":false,"ev":""}
8,0.13333,0.000000,20.920000,-0.180000,0.000000,1.000000,0.000000,1,0.000000,0.000000,-2.400000,0.000000,-9.810000,0.000000,0,8,1,0
JS: {"t":0.17,"mode":"ground","p":[0,20.92,-0.18],"v":[0,-0.6,-2.7],"sup":true,"spd":2.7,"cr":false,"ev":""}
9,0.15000,0.000000,20.920000,-0.225000,0.000000,1.000000,0.000000,1,0.000000,0.000000,-2.700000,0.000000,-9.810000,0.000000,0,9,1,0
JS: {"t":0.18,"mode":"ground","p":[0,20.92,-0.23],"v":[0,-0.6,-3],"sup":true,"spd":3,"cr":false,"ev":""}
10,0.16667,0.000000,20.920000,-0.275000,0.000000,1.000000,0.000000,1,0.000000,0.000000,-3.000000,0.000000,-9.810000,0.000000,0,10,1,0
JS: {"t":0.2,"mode":"ground","p":[0,20.92,-0.28],"v":[0,-0.6,-3.3],"sup":true,"spd":3.3,"cr":false,"ev":""}
11,0.18333,0.000000,20.920000,-0.330000,0.000000,1.000000,0.000000,1,0.000000,0.000000,-3.300000,0.000000,-9.810000,0.000000,0,11,1,0
JS: {"t":0.22,"mode":"ground","p":[0,20.92,-0.33],"v":[0,-0.6,-3.6],"sup":true,"spd":3.6,"cr":false,"ev":""}
12,0.20000,0.000000,20.920000,-0.390000,0.000000,1.000000,0.000000,1,0.000000,0.000000,-3.600000,0.000000,-9.810000,0.000000,0,12,1,0
JS: {"t":0.23,"mode":"ground","p":[0,20.92,-0.39],"v":[0,-0.6,-3.9],"sup":true,"spd":3.9,"cr":false,"ev":""}
13,0.21667,0.000000,20.920000,-0.455000,0.000000,1.000000,0.000000,1,0.000000,0.000000,-3.900000,0.000000,-9.810000,0.000000,0,13,1,0
JS: {"t":0.25,"mode":"ground","p":[0,20.92,-0.46],"v":[0,-0.6,-4.2],"sup":true,"spd":4.2,"cr":false,"ev":""}
14,0.23333,0.000000,20.920000,-0.525000,0.000000,1.000000,0.000000,1,0.000000,0.000000,-4.200000,0.000000,-9.810000,0.000000,0,14,1,0
JS: {"t":0.27,"mode":"ground","p":[0,20.92,-0.53],"v":[0,-0.6,-4.3],"sup":true,"spd":4.3,"cr":false,"ev":""}
15,0.25000,0.000000,20.920000,-0.596667,0.000000,1.000000,0.000000,1,0.000000,0.000000,-4.300000,0.000000,-9.810000,0.000000,0,15,1,0
JS: {"t":0.28,"mode":"ground","p":[0,20.92,-0.6],"v":[0,-0.6,-4.4],"sup":true,"spd":4.4,"cr":false,"ev":""}
16,0.26667,0.000000,20.920000,-0.670000,0.000000,1.000000,0.000000,1,0.000000,0.000000,-4.400000,0.000000,-9.810000,0.000000,0,16,1,0
JS: {"t":0.3,"mode":"ground","p":[0,20.92,-0.67],"v":[0,-0.6,-4.5],"sup":true,"spd":4.5,"cr":false,"ev":""}
17,0.28333,0.000000,20.920000,-0.745000,0.000000,1.000000,0.000000,1,0.000000,0.000000,-4.500000,0.000000,-9.810000,0.000000,0,17,1,0
JS: {"t":0.32,"mode":"ground","p":[0,20.92,-0.75],"v":[0,-0.6,-4.6],"sup":true,"spd":4.6,"cr":false,"ev":""}
18,0.30000,0.000000,20.920000,-0.821667,0.000000,1.000000,0.000000,1,0.000000,0.000000,-4.600000,0.000000,-9.810000,0.000000,0,18,1,0
JS: {"t":0.33,"mode":"ground","p":[0,20.92,-0.82],"v":[0,-0.6,-4.7],"sup":true,"spd":4.7,"cr":false,"ev":""}
19,0.31667,0.000000,20.920000,-0.900000,0.000000,1.000000,0.000000,1,0.000000,0.000000,-4.700000,0.000000,-9.810000,0.000000,0,19,1,0
JS: {"t":0.35,"mode":"ground","p":[0,20.92,-0.9],"v":[0,-0.6,-4.8],"sup":true,"spd":4.8,"cr":false,"ev":""}
20,0.33333,0.000000,20.920000,-0.980000,0.000000,1.000000,0.000000,1,0.000000,0.000000,-4.800000,0.000000,-9.810000,0.000000,0,20,1,0
JS: {"t":0.37,"mode":"ground","p":[0,20.92,-0.98],"v":[0,-0.6,-4.9],"sup":true,"spd":4.9,"cr":false,"ev":""}
21,0.35000,0.000000,20.920000,-1.061667,0.000000,1.000000,0.000000,1,0.000000,0.000000,-4.900000,0.000000,-9.810000,0.000000,0,21,1,0
JS: {"t":0.38,"mode":"ground","p":[0,20.92,-1.06],"v":[0,-0.6,-5],"sup":true,"spd":5,"cr":false,"ev":""}
22,0.36667,0.000000,20.920000,-1.145000,0.000000,1.000000,0.000000,1,0.000000,0.000000,-5.000000,0.000000,-9.810000,0.000000,0,22,1,0
JS: {"t":0.4,"mode":"ground","p":[0,20.92,-1.14],"v":[0,-0.6,-5.1],"sup":true,"spd":5.1,"cr":false,"ev":""}
23,0.38333,0.000000,20.920000,-1.230000,0.000000,1.000000,0.000000,1,0.000000,0.000000,-5.100000,0.000000,-9.810000,0.000000,0,23,1,0
JS: {"t":0.42,"mode":"ground","p":[0,20.92,-1.23],"v":[0,-0.6,-5.2],"sup":true,"spd":5.2,"cr":false,"ev":""}
24,0.40000,0.000000,20.920000,-1.316667,0.000000,1.000000,0.000000,1,0.000000,0.000000,-5.200000,0.000000,-9.810000,0.000000,0,24,1,0
JS: {"t":0.43,"mode":"ground","p":[0,20.92,-1.32],"v":[0,-0.6,-5.3],"sup":true,"spd":5.3,"cr":false,"ev":""}
25,0.41667,0.000000,20.920000,-1.405000,0.000000,1.000000,0.000000,1,0.000000,0.000000,-5.300000,0.000000,-9.810000,0.000000,0,25,1,0
JS: {"t":0.45,"mode":"ground","p":[0,20.92,-1.41],"v":[0,-0.6,-5.4],"sup":true,"spd":5.4,"cr":false,"ev":""}
26,0.43333,0.000000,20.920000,-1.495000,0.000000,1.000000,0.000000,1,0.000000,0.000000,-5.400000,0.000000,-9.810000,0.000000,0,26,1,0
JS: {"t":0.47,"mode":"ground","p":[0,20.92,-1.5],"v":[0,-0.6,-5.5],"sup":true,"spd":5.5,"cr":false,"ev":""}
27,0.45000,0.000000,20.920000,-1.586667,0.000000,1.000000,0.000000,1,0.000000,0.000000,-5.500000,0.000000,-9.810000,0.000000,0,27,1,0
JS: {"t":0.48,"mode":"ground","p":[0,20.92,-1.59],"v":[0,-0.6,-5.6],"sup":true,"spd":5.6,"cr":false,"ev":""}
28,0.46667,0.000000,20.920000,-1.680000,0.000000,1.000000,0.000000,1,0.000000,0.000000,-5.600000,0.000000,-9.810000,0.000000,0,28,1,0
JS: {"t":0.5,"mode":"ground","p":[0,20.92,-1.68],"v":[0,-0.6,-5.7],"sup":true,"spd":5.7,"cr":false,"ev":""}
29,0.48333,0.000000,20.920000,-1.775000,0.000000,1.000000,0.000000,1,0.000000,0.000000,-5.700000,0.000000,-9.810000,0.000000,0,29,1,0
JS: {"t":0.52,"mode":"ground","p":[0,20.92,-1.78],"v":[0,-0.6,-5.8],"sup":true,"spd":5.8,"cr":false,"ev":""}
30,0.50000,0.000000,20.920000,-1.871667,0.000000,1.000000,0.000000,1,0.000000,0.000000,-5.800000,0.000000,-9.810000,0.000000,0,30,1,0
JS: {"t":0.53,"mode":"ground","p":[0,20.92,-1.87],"v":[0,-0.6,-5.9],"sup":true,"spd":5.9,"cr":false,"ev":""}
31,0.51667,0.000000,20.920000,-1.970000,0.000000,1.000000,0.000000,1,0.000000,0.000000,-5.900000,0.000000,-9.810000,0.000000,0,31,1,0
JS: {"t":0.55,"mode":"ground","p":[0,20.92,-1.97],"v":[0,-0.6,-6],"sup":true,"spd":6,"cr":false,"ev":""}
32,0.53333,0.000000,20.920000,-2.070000,0.000000,1.000000,0.000000,1,0.000000,0.000000,-6.000000,0.000000,-9.810000,0.000000,0,32,1,0
JS: {"t":0.57,"mode":"ground","p":[0,20.92,-2.07],"v":[0,-0.6,-6.1],"sup":true,"spd":6.1,"cr":false,"ev":""}
33,0.55000,0.000000,20.920000,-2.171667,0.000000,1.000000,0.000000,1,0.000000,0.000000,-6.100000,0.000000,-9.810000,0.000000,0,33,1,0
JS: {"t":0.58,"mode":"ground","p":[0,20.92,-2.17],"v":[0,-0.6,-6.2],"sup":true,"spd":6.2,"cr":false,"ev":""}
34,0.56667,0.000000,20.920000,-2.275000,0.000000,1.000000,0.000000,1,0.000000,0.000000,-6.200000,0.000000,-9.810000,0.000000,0,34,1,0
JS: {"t":0.6,"mode":"ground","p":[0,20.92,-2.28],"v":[0,-0.6,-6.3],"sup":true,"spd":6.3,"cr":false,"ev":""}
35,0.58333,0.000000,20.920000,-2.380000,0.000000,1.000000,0.000000,1,0.000000,0.000000,-6.300000,0.000000,-9.810000,0.000000,0,35,1,0
JS: {"t":0.62,"mode":"ground","p":[0,20.92,-2.38],"v":[0,-0.6,-6.4],"sup":true,"spd":6.4,"cr":false,"ev":""}
36,0.60000,0.000000,20.920000,-2.486667,0.000000,1.000000,0.000000,1,0.000000,0.000000,-6.400001,0.000000,-9.810000,0.000000,0,36,1,0
JS: {"t":0.63,"mode":"ground","p":[0,20.92,-2.49],"v":[0,-0.6,-6.5],"sup":true,"spd":6.5,"cr":false,"ev":""}
37,0.61667,0.000000,20.920000,-2.595000,0.000000,1.000000,0.000000,1,0.000000,0.000000,-6.500000,0.000000,-9.810000,0.000000,0,37,1,0
JS: {"t":0.65,"mode":"ground","p":[0,20.92,-2.6],"v":[0,-0.6,-6.55],"sup":true,"spd":6.55,"cr":false,"ev":""}
38,0.63333,0.000000,20.920000,-2.704167,0.000000,1.000000,0.000000,1,0.000000,0.000000,-6.550000,0.000000,-9.810000,0.000000,0,38,1,0
JS: {"t":0.67,"mode":"ground","p":[0,20.92,-2.7],"v":[0,-0.6,-6.6],"sup":true,"spd":6.6,"cr":false,"ev":""}
39,0.65000,0.000000,20.920000,-2.814167,0.000000,1.000000,0.000000,1,0.000000,0.000000,-6.600000,0.000000,-9.810000,0.000000,0,39,1,0
JS: {"t":0.68,"mode":"ground","p":[0,20.92,-2.81],"v":[0,-0.6,-6.65],"sup":true,"spd":6.65,"cr":false,"ev":""}
40,0.66667,0.000000,20.920000,-2.925000,0.000000,1.000000,0.000000,1,0.000000,0.000000,-6.650001,0.000000,-9.810000,0.000000,0,40,1,0
JS: {"t":0.7,"mode":"ground","p":[0,20.92,-2.92],"v":[0,-0.6,-6.7],"sup":true,"spd":6.7,"cr":false,"ev":""}
41,0.68333,0.000000,20.920000,-3.036667,0.000000,1.000000,0.000000,1,0.000000,0.000000,-6.700000,0.000000,-9.810000,0.000000,0,41,1,0
JS: {"t":0.72,"mode":"ground","p":[0,20.92,-3.04],"v":[0,-0.6,-6.75],"sup":true,"spd":6.75,"cr":false,"ev":""}
42,0.70000,0.000000,20.920000,-3.149167,0.000000,1.000000,0.000000,1,0.000000,0.000000,-6.750000,0.000000,-9.810000,0.000000,0,42,1,0
JS: {"t":0.73,"mode":"ground","p":[0,20.92,-3.15],"v":[0,-0.6,-6.8],"sup":true,"spd":6.8,"cr":false,"ev":""}
43,0.71667,0.000000,20.920000,-3.262500,0.000000,1.000000,0.000000,1,0.000000,0.000000,-6.800000,0.000000,-9.810000,0.000000,0,43,1,0
JS: {"t":0.75,"mode":"ground","p":[0,20.92,-3.26],"v":[0,-0.6,-6.85],"sup":true,"spd":6.85,"cr":false,"ev":""}
44,0.73333,0.000000,20.920000,-3.376667,0.000000,1.000000,0.000000,1,0.000000,0.000000,-6.850000,0.000000,-9.810000,0.000000,0,44,1,0
JS: {"t":0.77,"mode":"traverse","p":[0,20.92,-3.38],"v":[0,5.2,0],"sup":true,"spd":6.85,"cr":false,"ev":"vault"}
45,0.75000,0.000000,21.006666,-3.376667,0.000000,1.000000,0.000000,0,0.000000,5.199998,0.000000,0.000000,-9.810000,0.000000,0,45,1,0
JS: {"t":0.78,"mode":"traverse","p":[0,21.01,-3.38],"v":[0,5.2,-0.4],"sup":false,"spd":6.85,"cr":false,"ev":""}
46,0.76667,0.000000,21.093332,-3.383333,0.000000,1.000000,0.000000,0,0.000000,5.199998,-0.400000,0.000000,-9.810000,0.000000,0,46,1,0
JS: {"t":0.8,"mode":"traverse","p":[0,21.09,-3.38],"v":[0,5.2,-0.4],"sup":false,"spd":6.85,"cr":false,"ev":""}
47,0.78333,0.000000,21.179998,-3.390000,0.000000,1.000000,0.000000,0,0.000000,5.199998,-0.400000,0.000000,-9.810000,0.000000,0,47,1,0
JS: {"t":0.82,"mode":"traverse","p":[0,21.18,-3.39],"v":[0,5.2,-0.4],"sup":false,"spd":6.85,"cr":false,"ev":""}
48,0.80000,0.000000,21.266665,-3.396667,0.000000,1.000000,0.000000,0,0.000000,5.199998,-0.400000,0.000000,-9.810000,0.000000,0,48,1,0
JS: {"t":0.83,"mode":"traverse","p":[0,21.27,-3.4],"v":[0,5.2,-0.4],"sup":false,"spd":6.85,"cr":false,"ev":""}
49,0.81667,0.000000,21.353331,-3.403333,0.000000,1.000000,0.000000,0,0.000000,5.199998,-0.400000,0.000000,-9.810000,0.000000,0,49,1,0
JS: {"t":0.85,"mode":"traverse","p":[0,21.35,-3.4],"v":[0,5.2,-0.4],"sup":false,"spd":6.85,"cr":false,"ev":""}
50,0.83333,0.000000,21.439997,-3.410000,0.000000,1.000000,0.000000,0,0.000000,5.199998,-0.400000,0.000000,-9.810000,0.000000,0,50,1,0
JS: {"t":0.87,"mode":"traverse","p":[0,21.44,-3.41],"v":[0,5.2,-0.4],"sup":false,"spd":6.85,"cr":false,"ev":""}
51,0.85000,0.000000,21.526663,-3.416667,0.000000,1.000000,0.000000,0,0.000000,5.199998,-0.400000,0.000000,-9.810000,0.000000,0,51,1,0
JS: {"t":0.88,"mode":"traverse","p":[0,21.53,-3.42],"v":[0,5.2,-0.4],"sup":false,"spd":6.85,"cr":false,"ev":""}
52,0.86667,0.000000,21.613329,-3.423333,0.000000,1.000000,0.000000,0,0.000000,5.199998,-0.400000,0.000000,-9.810000,0.000000,0,52,1,0
JS: {"t":0.9,"mode":"traverse","p":[0,21.61,-3.42],"v":[0,5.2,-0.4],"sup":false,"spd":6.85,"cr":false,"ev":""}
53,0.88333,0.000000,21.699995,-3.430000,0.000000,1.000000,0.000000,0,0.000000,5.199998,-0.400000,0.000000,-9.810000,0.000000,0,53,1,0
JS: {"t":0.92,"mode":"traverse","p":[0,21.7,-3.43],"v":[0,5.2,-0.4],"sup":false,"spd":6.85,"cr":false,"ev":""}
54,0.90000,0.000000,21.786661,-3.436666,0.000000,1.000000,0.000000,0,0.000000,5.199998,-0.400000,0.000000,-9.810000,0.000000,0,54,1,0
JS: {"t":0.93,"mode":"traverse","p":[0,21.79,-3.44],"v":[0,5.2,-0.4],"sup":false,"spd":6.85,"cr":false,"ev":""}
55,0.91667,0.000000,21.873327,-3.443333,0.000000,1.000000,0.000000,0,0.000000,5.199998,-0.400000,0.000000,-9.810000,0.000000,0,55,1,0
JS: {"t":0.95,"mode":"traverse","p":[0,21.87,-3.44],"v":[0,5.2,-0.4],"sup":false,"spd":6.85,"cr":false,"ev":""}
56,0.93333,0.000000,21.959993,-3.450000,0.000000,1.000000,0.000000,0,0.000000,5.199998,-0.400000,0.000000,-9.810000,0.000000,0,56,1,0
JS: {"t":0.97,"mode":"traverse","p":[0,21.96,-3.45],"v":[0,0,-6.85],"sup":false,"spd":6.85,"cr":false,"ev":""}
57,0.95000,0.000000,21.959993,-3.564167,0.000000,1.000000,0.000000,0,0.000000,0.000000,-6.850000,0.000000,-9.810000,0.000000,0,57,1,0
JS: {"t":0.98,"mode":"traverse","p":[0,21.96,-3.56],"v":[0,0,-6.85],"sup":false,"spd":6.85,"cr":false,"ev":""}
58,0.96667,0.000000,21.959993,-3.678333,0.000000,1.000000,0.000000,0,0.000000,0.000000,-6.850000,0.000000,-9.810000,0.000000,0,58,1,0
JS: {"t":1,"mode":"traverse","p":[0,21.96,-3.68],"v":[0,0,-6.85],"sup":false,"spd":6.85,"cr":false,"ev":""}
59,0.98333,0.000000,21.959993,-3.792500,0.000000,1.000000,0.000000,0,0.000000,0.000000,-6.850000,0.000000,-9.810000,0.000000,0,59,1,0
JS: {"t":1.02,"mode":"traverse","p":[0,21.96,-3.79],"v":[0,0,-6.85],"sup":false,"spd":6.85,"cr":false,"ev":""}
60,1.00000,0.000000,21.959993,-3.906667,0.000000,1.000000,0.000000,0,0.000000,0.000000,-6.850000,0.000000,-9.810000,0.000000,0,60,1,0
JS: {"t":1.03,"mode":"traverse","p":[0,21.96,-3.91],"v":[0,0,-6.85],"sup":false,"spd":6.85,"cr":false,"ev":""}
61,1.01667,0.000000,21.959993,-4.020833,0.000000,1.000000,0.000000,0,0.000000,0.000000,-6.850000,0.000000,-9.810000,0.000000,0,61,1,0
JS: {"t":1.05,"mode":"traverse","p":[0,21.96,-4.02],"v":[0,0,-6.85],"sup":false,"spd":6.85,"cr":false,"ev":""}
62,1.03333,0.000000,21.959993,-4.135000,0.000000,1.000000,0.000000,0,0.000000,0.000000,-6.850000,0.000000,-9.810000,0.000000,0,62,1,0
JS: {"t":1.07,"mode":"traverse","p":[0,21.96,-4.14],"v":[0,0,-6.85],"sup":false,"spd":6.85,"cr":false,"ev":""}
63,1.05000,0.000000,21.959993,-4.249167,0.000000,1.000000,0.000000,0,0.000000,0.000000,-6.850000,0.000000,-9.810000,0.000000,0,63,1,0
JS: {"t":1.08,"mode":"traverse","p":[0,21.96,-4.25],"v":[0,0,-6.85],"sup":false,"spd":6.85,"cr":false,"ev":""}
64,1.06667,0.000000,21.959993,-4.363334,0.000000,1.000000,0.000000,0,0.000000,0.000000,-6.850000,0.000000,-9.810000,0.000000,0,64,1,0
JS: {"t":1.1,"mode":"traverse","p":[0,21.96,-4.36],"v":[0,0,-6.85],"sup":false,"spd":6.85,"cr":false,"ev":""}
65,1.08333,0.000000,21.959993,-4.477500,0.000000,1.000000,0.000000,0,0.000000,0.000000,-6.850000,0.000000,-9.810000,0.000000,0,65,1,0
JS: {"t":1.12,"mode":"traverse","p":[0,21.96,-4.48],"v":[0,0,-6.85],"sup":false,"spd":6.85,"cr":false,"ev":""}
66,1.10000,0.000000,21.959993,-4.591667,0.000000,1.000000,0.000000,0,0.000000,0.000000,-6.850000,0.000000,-9.810000,0.000000,0,66,1,0
JS: {"t":1.13,"mode":"traverse","p":[0,21.96,-4.59],"v":[0,0,-6.85],"sup":false,"spd":6.85,"cr":false,"ev":""}
67,1.11667,0.000000,21.959993,-4.705834,0.000000,1.000000,0.000000,0,0.000000,0.000000,-6.850000,0.000000,-9.810000,0.000000,0,67,1,0
JS: {"t":1.15,"mode":"air","p":[0,21.96,-4.71],"v":[0,-0.5,-6.85],"sup":false,"spd":6.85,"cr":false,"ev":""}
68,1.13333,0.000000,21.951660,-4.820001,0.000000,1.000000,0.000000,1,0.000000,-0.500000,-6.850000,0.000000,-9.810000,0.000000,0,68,1,0
JS: {"t":1.17,"mode":"ground","p":[0,21.95,-4.82],"v":[0,-0.6,-6.9],"sup":true,"spd":6.9,"cr":false,"ev":""}
69,1.15000,0.000000,21.911600,-4.888801,0.000000,1.000000,0.000000,1,0.000000,3.095998,-4.128009,0.000000,-9.810000,0.000000,0,69,1,0
JS: {"t":1.18,"mode":"ground","p":[0,21.91,-4.89],"v":[0,-0.6,-4.88],"sup":true,"spd":6.68,"cr":false,"ev":""}
70,1.16667,0.000000,21.925245,-4.955488,0.000000,1.000000,0.000000,1,0.000000,1.596876,-4.001249,0.000000,-9.810000,0.000000,0,70,1,0
JS: {"t":1.2,"mode":"ground","p":[0,21.93,-4.96],"v":[0,-0.6,-4.75],"sup":true,"spd":6.55,"cr":false,"ev":""}
71,1.18333,0.000000,21.928078,-5.031465,0.000000,1.000000,0.000000,1,0.000000,0.683946,-4.558614,0.000000,-9.810000,0.000000,0,71,1,0
JS: {"t":1.22,"mode":"ground","p":[0,21.93,-5.03],"v":[0,-0.6,-5.31],"sup":true,"spd":6.6,"cr":false,"ev":""}
72,1.20000,0.000000,21.920000,-5.119942,0.000000,1.000000,0.000000,1,0.000000,0.000000,-5.308614,0.000000,-9.810000,0.000000,0,72,1,0
JS: {"t":1.23,"mode":"ground","p":[0,21.92,-5.12],"v":[0,-0.6,-6.06],"sup":true,"spd":6.65,"cr":false,"ev":""}
73,1.21667,0.000000,21.920000,-5.220919,0.000000,1.000000,0.000000,1,0.000000,0.000000,-6.058614,0.000000,-9.810000,0.000000,0,73,1,0
JS: {"t":1.25,"mode":"ground","p":[0,21.92,-5.22],"v":[0,-0.6,-6.7],"sup":true,"spd":6.7,"cr":false,"ev":""}
74,1.23333,0.000000,21.920000,-5.332607,0.000000,1.000000,0.000000,1,0.000000,0.000000,-6.701249,0.000000,-9.810000,0.000000,0,74,1,0
JS: {"t":1.27,"mode":"ground","p":[0,21.92,-5.33],"v":[0,-0.6,-6.75],"sup":true,"spd":6.75,"cr":false,"ev":""}
75,1.25000,0.000000,21.920000,-5.445127,0.000000,1.000000,0.000000,1,0.000000,0.000000,-6.751249,0.000000,-9.810000,0.000000,0,75,1,0
JS: {"t":1.28,"mode":"ground","p":[0,21.92,-5.45],"v":[0,-0.6,-6.8],"sup":true,"spd":6.8,"cr":false,"ev":""}
76,1.26667,0.000000,21.920000,-5.558482,0.000000,1.000000,0.000000,1,0.000000,0.000000,-6.801249,0.000000,-9.810000,0.000000,0,76,1,0
JS: {"t":1.3,"mode":"ground","p":[0,21.92,-5.56],"v":[0,-0.6,-6.85],"sup":true,"spd":6.85,"cr":false,"ev":""}
77,1.28333,0.000000,21.920000,-5.672669,0.000000,1.000000,0.000000,1,0.000000,0.000000,-6.851249,0.000000,-9.810000,0.000000,0,77,1,0
JS: {"t":1.32,"mode":"ground","p":[0,21.92,-5.67],"v":[0,-0.6,-6.9],"sup":true,"spd":6.9,"cr":false,"ev":""}
78,1.30000,0.000000,21.920000,-5.787690,0.000000,1.000000,0.000000,1,0.000000,0.000000,-6.901249,0.000000,-9.810000,0.000000,0,78,1,0
JS: {"t":1.33,"mode":"ground","p":[0,21.92,-5.79],"v":[0,-0.6,-6.95],"sup":true,"spd":6.95,"cr":false,"ev":""}
79,1.31667,0.000000,21.920000,-5.903544,0.000000,1.000000,0.000000,1,0.000000,0.000000,-6.951249,0.000000,-9.810000,0.000000,0,79,1,0
JS: {"t":1.35,"mode":"ground","p":[0,21.92,-5.9],"v":[0,-0.6,-7],"sup":true,"spd":7,"cr":false,"ev":""}
80,1.33333,0.000000,21.920000,-6.020232,0.000000,1.000000,0.000000,1,0.000000,0.000000,-7.001249,0.000000,-9.810000,0.000000,0,80,1,0
JS: {"t":1.37,"mode":"ground","p":[0,21.92,-6.02],"v":[0,-0.6,-7.05],"sup":true,"spd":7.05,"cr":false,"ev":""}
81,1.35000,0.000000,21.920000,-6.137753,0.000000,1.000000,0.000000,1,0.000000,0.000000,-7.051249,0.000000,-9.810000,0.000000,0,81,1,0
JS: {"t":1.38,"mode":"ground","p":[0,21.92,-6.14],"v":[0,-0.6,-7.1],"sup":true,"spd":7.1,"cr":false,"ev":""}
82,1.36667,0.000000,21.920000,-6.256107,0.000000,1.000000,0.000000,1,0.000000,0.000000,-7.101249,0.000000,-9.810000,0.000000,0,82,1,0
JS: {"t":1.4,"mode":"ground","p":[0,21.92,-6.26],"v":[0,-0.6,-7.15],"sup":true,"spd":7.15,"cr":false,"ev":""}
83,1.38333,0.000000,21.904707,-6.375294,0.000000,1.000000,0.000000,1,0.000000,-0.600000,-7.151249,0.000000,-9.810000,0.000000,0,83,1,0
JS: {"t":1.42,"mode":"ground","p":[0,21.9,-6.38],"v":[0,-0.6,-7.2],"sup":true,"spd":7.2,"cr":false,"ev":""}
84,1.40000,0.000000,21.853458,-6.495315,0.000000,1.000000,0.000000,0,0.000000,-0.600000,-7.201249,0.000000,-9.810000,0.000000,0,84,1,0
JS: {"t":1.43,"mode":"air","p":[0,21.85,-6.5],"v":[0,-0.82,-7.2],"sup":false,"spd":7.2,"cr":false,"ev":""}
85,1.41667,0.000000,21.839779,-6.615336,0.000000,1.000000,0.000000,0,0.000000,-0.820725,-7.201249,0.000000,-9.810000,0.000000,0,85,1,0
JS: {"t":1.45,"mode":"air","p":[0,21.84,-6.62],"v":[0,-1.04,-7.2],"sup":false,"spd":7.2,"cr":false,"ev":""}
86,1.43333,0.000000,21.822422,-6.735357,0.000000,1.000000,0.000000,0,0.000000,-1.041450,-7.201249,0.000000,-9.810000,0.000000,0,86,1,0
JS: {"t":1.47,"mode":"air","p":[0,21.82,-6.74],"v":[0,-1.26,-7.2],"sup":false,"spd":7.2,"cr":false,"ev":""}
87,1.45000,0.000000,21.801386,-6.855378,0.000000,1.000000,0.000000,0,0.000000,-1.262175,-7.201249,0.000000,-9.810000,0.000000,0,87,1,0
JS: {"t":1.48,"mode":"air","p":[0,21.8,-6.86],"v":[0,-1.48,-7.2],"sup":false,"spd":7.2,"cr":false,"ev":""}
88,1.46667,0.000000,21.776670,-6.975399,0.000000,1.000000,0.000000,0,0.000000,-1.482900,-7.201249,0.000000,-9.810000,0.000000,0,88,1,0
JS: {"t":1.5,"mode":"air","p":[0,21.78,-6.98],"v":[0,-1.7,-7.2],"sup":false,"spd":7.2,"cr":false,"ev":""}
89,1.48333,0.000000,21.748276,-7.095419,0.000000,1.000000,0.000000,0,0.000000,-1.703625,-7.201249,0.000000,-9.810000,0.000000,0,89,1,0
JS: {"t":1.52,"mode":"air","p":[0,21.75,-7.1],"v":[0,-1.92,-7.2],"sup":false,"spd":7.2,"cr":false,"ev":""}
90,1.50000,0.000000,21.716204,-7.215440,0.000000,1.000000,0.000000,0,0.000000,-1.924350,-7.201249,0.000000,-9.810000,0.000000,0,90,1,0
JS: {"t":1.53,"mode":"air","p":[0,21.72,-7.22],"v":[0,-2.15,-7.2],"sup":false,"spd":7.2,"cr":false,"ev":""}
91,1.51667,0.000000,21.680452,-7.335461,0.000000,1.000000,0.000000,0,0.000000,-2.145075,-7.201249,0.000000,-9.810000,0.000000,0,91,1,0
JS: {"t":1.55,"mode":"air","p":[0,21.68,-7.34],"v":[0,-2.37,-7.2],"sup":false,"spd":7.2,"cr":false,"ev":""}
92,1.53333,0.000000,21.641022,-7.455482,0.000000,1.000000,0.000000,0,0.000000,-2.365800,-7.201249,0.000000,-9.810000,0.000000,0,92,1,0
JS: {"t":1.57,"mode":"air","p":[0,21.64,-7.46],"v":[0,-2.59,-7.2],"sup":false,"spd":7.2,"cr":false,"ev":""}
93,1.55000,0.000000,21.597914,-7.575503,0.000000,1.000000,0.000000,0,0.000000,-2.586525,-7.201249,0.000000,-9.810000,0.000000,0,93,1,0
JS: {"t":1.58,"mode":"air","p":[0,21.6,-7.58],"v":[0,-2.81,-7.2],"sup":false,"spd":7.2,"cr":false,"ev":""}
94,1.56667,0.000000,21.551126,-7.695524,0.000000,1.000000,0.000000,0,0.000000,-2.807250,-7.201249,0.000000,-9.810000,0.000000,0,94,1,0
JS: {"t":1.6,"mode":"air","p":[0,21.55,-7.7],"v":[0,-3.03,-7.2],"sup":false,"spd":7.2,"cr":false,"ev":""}
95,1.58333,0.000000,21.500660,-7.815545,0.000000,1.000000,0.000000,0,0.000000,-3.027976,-7.201249,0.000000,-9.810000,0.000000,0,95,1,0
JS: {"t":1.62,"mode":"air","p":[0,21.5,-7.82],"v":[0,-3.25,-7.2],"sup":false,"spd":7.2,"cr":false,"ev":""}
96,1.60000,0.000000,21.446514,-7.935565,0.000000,1.000000,0.000000,0,0.000000,-3.248701,-7.201249,0.000000,-9.810000,0.000000,0,96,1,0
JS: {"t":1.63,"mode":"air","p":[0,21.45,-7.94],"v":[0,-3.47,-7.2],"sup":false,"spd":7.2,"cr":false,"ev":""}
97,1.61667,0.000000,21.388691,-8.055586,0.000000,1.000000,0.000000,0,0.000000,-3.469426,-7.201249,0.000000,-9.810000,0.000000,0,97,1,0
JS: {"t":1.65,"mode":"air","p":[0,21.39,-8.06],"v":[0,-3.69,-7.2],"sup":false,"spd":7.2,"cr":false,"ev":""}
98,1.63333,0.000000,21.327188,-8.175607,0.000000,1.000000,0.000000,0,0.000000,-3.690151,-7.201249,0.000000,-9.810000,0.000000,0,98,1,0
JS: {"t":1.67,"mode":"air","p":[0,21.33,-8.18],"v":[0,-3.91,-7.2],"sup":false,"spd":7.2,"cr":false,"ev":""}
99,1.65000,0.000000,21.262007,-8.295628,0.000000,1.000000,0.000000,0,0.000000,-3.910876,-7.201249,0.000000,-9.810000,0.000000,0,99,1,0
JS: {"t":1.68,"mode":"air","p":[0,21.26,-8.3],"v":[0,-4.13,-7.2],"sup":false,"spd":7.2,"cr":false,"ev":""}
100,1.66667,0.000000,21.193148,-8.415648,0.000000,1.000000,0.000000,0,0.000000,-4.131601,-7.201249,0.000000,-9.810000,0.000000,0,100,1,0
JS: {"t":1.7,"mode":"air","p":[0,21.19,-8.42],"v":[0,-4.35,-7.2],"sup":false,"spd":7.2,"cr":false,"ev":""}
101,1.68333,0.000000,21.120609,-8.535669,0.000000,1.000000,0.000000,0,0.000000,-4.352326,-7.201249,0.000000,-9.810000,0.000000,0,101,1,0
JS: {"t":1.72,"mode":"air","p":[0,21.12,-8.54],"v":[0,-4.57,-7.2],"sup":false,"spd":7.2,"cr":false,"ev":""}
102,1.70000,0.000000,21.044392,-8.655690,0.000000,1.000000,0.000000,1,0.000000,-4.573051,-7.201249,0.000000,-9.810000,0.000000,0,102,1,0
JS: {"t":1.73,"mode":"ground","p":[0,21.04,-8.66],"v":[0,-0.6,-7.25],"sup":true,"spd":7.25,"cr":false,"ev":""}
103,1.71667,0.000000,20.920000,-8.776545,0.000000,1.000000,0.000000,1,0.000000,0.000000,-7.251249,0.000000,-9.810000,0.000000,0,103,1,0
JS: {"t":1.75,"mode":"ground","p":[0,20.92,-8.78],"v":[0,-0.6,-7.3],"sup":true,"spd":7.3,"cr":false,"ev":""}
104,1.73333,0.000000,20.920000,-8.898232,0.000000,1.000000,0.000000,1,0.000000,0.000000,-7.301249,0.000000,-9.810000,0.000000,0,104,1,0
JS: {"t":1.77,"mode":"ground","p":[0,20.92,-8.9],"v":[0,-0.6,-7.35],"sup":true,"spd":7.35,"cr":false,"ev":""}
105,1.75000,0.000000,20.920000,-9.020753,0.000000,1.000000,0.000000,1,0.000000,0.000000,-7.351249,0.000000,-9.810000,0.000000,0,105,1,0
JS: {"t":1.78,"mode":"ground","p":[0,20.92,-9.02],"v":[0,-0.6,-7.4],"sup":true,"spd":7.4,"cr":false,"ev":""}
106,1.76667,0.000000,20.920000,-9.144107,0.000000,1.000000,0.000000,1,0.000000,0.000000,-7.401249,0.000000,-9.810000,0.000000,0,106,1,0
JS: {"t":1.8,"mode":"ground","p":[0,20.92,-9.14],"v":[0,-0.6,-7.45],"sup":true,"spd":7.45,"cr":false,"ev":""}
107,1.78333,0.000000,20.920000,-9.268294,0.000000,1.000000,0.000000,1,0.000000,0.000000,-7.451249,0.000000,-9.810000,0.000000,0,107,1,0
JS: {"t":1.82,"mode":"ground","p":[0,20.92,-9.27],"v":[0,-0.6,-7.5],"sup":true,"spd":7.5,"cr":false,"ev":""}
108,1.80000,0.000000,20.920000,-9.393315,0.000000,1.000000,0.000000,1,0.000000,0.000000,-7.501249,0.000000,-9.810000,0.000000,0,108,1,0
JS: {"t":1.83,"mode":"ground","p":[0,20.92,-9.39],"v":[0,-0.6,-7.55],"sup":true,"spd":7.55,"cr":false,"ev":""}
109,1.81667,0.000000,20.920000,-9.519170,0.000000,1.000000,0.000000,1,0.000000,0.000000,-7.551249,0.000000,-9.810000,0.000000,0,109,1,0
JS: {"t":1.85,"mode":"ground","p":[0,20.92,-9.52],"v":[0,-0.6,-7.6],"sup":true,"spd":7.6,"cr":false,"ev":""}
110,1.83333,0.000000,20.920000,-9.645857,0.000000,1.000000,0.000000,1,0.000000,0.000000,-7.601249,0.000000,-9.810000,0.000000,0,110,1,0
JS: {"t":1.87,"mode":"ground","p":[0,20.92,-9.65],"v":[0,-0.6,-7.65],"sup":true,"spd":7.65,"cr":false,"ev":""}
111,1.85000,0.000000,20.920000,-9.773377,0.000000,1.000000,0.000000,1,0.000000,0.000000,-7.651249,0.000000,-9.810000,0.000000,0,111,1,0
JS: {"t":1.88,"mode":"ground","p":[0,20.92,-9.77],"v":[0,-0.6,-7.7],"sup":true,"spd":7.7,"cr":false,"ev":""}
112,1.86667,0.000000,20.920000,-9.901731,0.000000,1.000000,0.000000,1,0.000000,0.000000,-7.701249,0.000000,-9.810000,0.000000,0,112,1,0
JS: {"t":1.9,"mode":"ground","p":[0,20.92,-9.9],"v":[0,-0.6,-7.75],"sup":true,"spd":7.75,"cr":false,"ev":""}
113,1.88333,0.000000,20.920000,-10.030919,0.000000,1.000000,0.000000,1,0.000000,0.000000,-7.751249,0.000000,-9.810000,0.000000,0,113,1,0
JS: {"t":1.92,"mode":"ground","p":[0,20.92,-10.03],"v":[0,-0.6,-7.8],"sup":true,"spd":7.8,"cr":false,"ev":""}
114,1.90000,0.000000,20.920000,-10.160940,0.000000,1.000000,0.000000,1,0.000000,0.000000,-7.801249,0.000000,-9.810000,0.000000,0,114,1,0
JS: {"t":1.93,"mode":"ground","p":[0,20.92,-10.16],"v":[0,-0.6,-7.85],"sup":true,"spd":7.85,"cr":false,"ev":""}
115,1.91667,0.000000,20.920000,-10.291795,0.000000,1.000000,0.000000,1,0.000000,0.000000,-7.851249,0.000000,-9.810000,0.000000,0,115,1,0
JS: {"t":1.95,"mode":"ground","p":[0,20.92,-10.29],"v":[0,-0.6,-7.9],"sup":true,"spd":7.9,"cr":false,"ev":""}
116,1.93333,0.000000,20.920000,-10.423482,0.000000,1.000000,0.000000,1,0.000000,0.000000,-7.901249,0.000000,-9.810000,0.000000,0,116,1,0
JS: {"t":1.97,"mode":"ground","p":[0,20.92,-10.42],"v":[0,-0.6,-7.95],"sup":true,"spd":7.95,"cr":false,"ev":""}
117,1.95000,0.000000,20.920000,-10.556003,0.000000,1.000000,0.000000,1,0.000000,0.000000,-7.951249,0.000000,-9.810000,0.000000,0,117,1,0
JS: {"t":1.98,"mode":"ground","p":[0,20.92,-10.56],"v":[0,-0.6,-8],"sup":true,"spd":8,"cr":false,"ev":""}
118,1.96667,0.000000,20.920000,-10.689357,0.000000,1.000000,0.000000,1,0.000000,0.000000,-8.001249,0.000000,-9.810000,0.000000,0,118,1,0
JS: {"t":2,"mode":"ground","p":[0,20.92,-10.69],"v":[0,-0.6,-8.05],"sup":true,"spd":8.05,"cr":false,"ev":""}
119,1.98333,0.000000,20.920000,-10.823545,0.000000,1.000000,0.000000,1,0.000000,0.000000,-8.051249,0.000000,-9.810000,0.000000,0,119,1,0
JS: {"t":2.02,"mode":"ground","p":[0,20.92,-10.82],"v":[0,-0.6,-8.1],"sup":true,"spd":8.1,"cr":false,"ev":""}
120,2.00000,0.000000,20.920000,-10.958566,0.000000,1.000000,0.000000,1,0.000000,0.000000,-8.101249,0.000000,-9.810000,0.000000,0,120,1,0
JS: {"t":2.03,"mode":"ground","p":[0,20.92,-10.96],"v":[0,-0.6,-8.15],"sup":true,"spd":8.15,"cr":false,"ev":""}
121,2.01667,0.000000,20.920000,-11.094419,0.000000,1.000000,0.000000,1,0.000000,0.000000,-8.151249,0.000000,-9.810000,0.000000,0,121,1,0
JS: {"t":2.05,"mode":"ground","p":[0,20.92,-11.09],"v":[0,-0.6,-8.2],"sup":true,"spd":8.2,"cr":false,"ev":""}
122,2.03333,0.000000,20.920000,-11.231107,0.000000,1.000000,0.000000,1,0.000000,0.000000,-8.201249,0.000000,-9.810000,0.000000,0,122,1,0
JS: {"t":2.07,"mode":"ground","p":[0,20.92,-11.23],"v":[0,-0.6,-8.25],"sup":true,"spd":8.25,"cr":false,"ev":""}
123,2.05000,0.000000,20.920000,-11.368628,0.000000,1.000000,0.000000,1,0.000000,0.000000,-8.251249,0.000000,-9.810000,0.000000,0,123,1,0
JS: {"t":2.08,"mode":"ground","p":[0,20.92,-11.37],"v":[0,-0.6,-8.3],"sup":true,"spd":8.3,"cr":false,"ev":""}
124,2.06667,0.000000,20.920000,-11.506982,0.000000,1.000000,0.000000,1,0.000000,0.000000,-8.301249,0.000000,-9.810000,0.000000,0,124,1,0
JS: {"t":2.1,"mode":"ground","p":[0,20.92,-11.51],"v":[0,-0.6,-8.35],"sup":true,"spd":8.35,"cr":false,"ev":""}
125,2.08333,0.000000,20.920000,-11.646170,0.000000,1.000000,0.000000,1,0.000000,0.000000,-8.351249,0.000000,-9.810000,0.000000,0,125,1,0
JS: {"t":2.12,"mode":"ground","p":[0,20.92,-11.65],"v":[0,-0.6,-8.4],"sup":true,"spd":8.4,"cr":false,"ev":""}
126,2.10000,0.000000,20.920000,-11.786170,0.000000,1.000000,0.000000,1,0.000000,0.000000,-8.400000,0.000000,-9.810000,0.000000,0,126,1,0
JS: {"t":2.13,"mode":"ground","p":[0,20.92,-11.79],"v":[0,-0.6,-8.4],"sup":true,"spd":8.4,"cr":false,"ev":""}
127,2.11667,0.000000,20.920000,-11.926170,0.000000,1.000000,0.000000,1,0.000000,0.000000,-8.400000,0.000000,-9.810000,0.000000,0,127,1,0
JS: {"t":2.15,"mode":"ground","p":[0,20.92,-11.93],"v":[0,-0.6,-8.4],"sup":true,"spd":8.4,"cr":false,"ev":""}
128,2.13333,0.000000,20.920000,-12.066171,0.000000,1.000000,0.000000,1,0.000000,0.000000,-8.400000,0.000000,-9.810000,0.000000,0,128,1,0
JS: {"t":2.17,"mode":"ground","p":[0,20.92,-12.07],"v":[0,-0.6,-8.4],"sup":true,"spd":8.4,"cr":false,"ev":""}
129,2.15000,0.000000,20.920000,-12.206171,0.000000,1.000000,0.000000,1,0.000000,0.000000,-8.400000,0.000000,-9.810000,0.000000,0,129,1,0
libEGL warning: Not allowed to force software rendering when API explicitly selects a hardware device.
Renderer fragment texture units: 32 (material path uses 12)
World state: disk saves disabled for additive compositions
Project: Judas Developer Integration (/tmp/judas-m65-rooftop-1158p7tf/vault/m65_integration.judasproj)
Scene: Rooftop Run (/tmp/judas-m65-rooftop-1158p7tf/vault/Scenes/rooftops.judas)
World origin (m): 0.000, 0.000, 0.000
ALSA lib confmisc.c:855:(parse_card) [error.core] cannot find card '0'
ALSA lib conf.c:5211:(_snd_config_evaluate) [error.core] function snd_func_card_id returned error: No such file or directory
ALSA lib confmisc.c:422:(snd_func_concat) [error.core] error evaluating strings
ALSA lib conf.c:5211:(_snd_config_evaluate) [error.core] function snd_func_concat returned error: No such file or directory
ALSA lib confmisc.c:1342:(snd_func_refer) [error.core] error evaluating name
ALSA lib conf.c:5211:(_snd_config_evaluate) [error.core] function snd_func_refer returned error: No such file or directory
ALSA lib conf.c:5734:(snd_config_expand) [error.core] Evaluate error: No such file or directory
ALSA lib pcm.c:2722:(snd_pcm_open_noupdate) [error.pcm] Unknown PCM dmix
ALSA lib confmisc.c:855:(parse_card) [error.core] cannot find card '0'
ALSA lib conf.c:5211:(_snd_config_evaluate) [error.core] function snd_func_card_id returned error: No such file or directory
ALSA lib confmisc.c:422:(snd_func_concat) [error.core] error evaluating strings
ALSA lib conf.c:5211:(_snd_config_evaluate) [error.core] function snd_func_concat returned error: No such file or directory
ALSA lib confmisc.c:1342:(snd_func_refer) [error.core] error evaluating name
ALSA lib conf.c:5211:(_snd_config_evaluate) [error.core] function snd_func_refer returned error: No such file or directory
ALSA lib conf.c:5734:(snd_config_expand) [error.core] Evaluate error: No such file or directory
ALSA lib pcm.c:2722:(snd_pcm_open_noupdate) [error.pcm] Unknown PCM dmix:0
ALSA lib confmisc.c:855:(parse_card) [error.core] cannot find card '0'
ALSA lib conf.c:5211:(_snd_config_evaluate) [error.core] function snd_func_card_id returned error: No such file or directory
ALSA lib confmisc.c:422:(snd_func_concat) [error.core] error evaluating strings
ALSA lib conf.c:5211:(_snd_config_evaluate) [error.core] function snd_func_concat returned error: No such file or directory
ALSA lib confmisc.c:1342:(snd_func_refer) [error.core] error evaluating name
ALSA lib conf.c:5211:(_snd_config_evaluate) [error.core] function snd_func_refer returned error: No such file or directory
ALSA lib conf.c:5734:(snd_config_expand) [error.core] Evaluate error: No such file or directory
ALSA lib pcm.c:2722:(snd_pcm_open_noupdate) [error.pcm] Unknown PCM dmix:0,0
ALSA lib confmisc.c:165:(snd_config_get_card) [error.core] Cannot get card index for 0
ALSA lib confmisc.c:165:(snd_config_get_card) [error.core] Cannot get card index for 0
ALSA lib confmisc.c:165:(snd_config_get_card) [error.core] Cannot get card index for 0
Cannot connect to server socket err = Operation not permitted
Cannot connect to server request channel
jack server is not running or cannot be started
JackShmReadWritePtr::~JackShmReadWritePtr - Init not done for -1, skipping unlock
JackShmReadWritePtr::~JackShmReadWritePtr - Init not done for -1, skipping unlock
