step,time,posX,posY,posZ,upX,upY,upZ,grounded,velX,velY,velZ,gravX,gravY,gravZ,controlled,frame,steps,paused
JS: {"t":0.02,"mode":"air","p":[5.35,20.2,-42],"v":[0,-0.22,0],"sup":false,"spd":0,"cr":false,"ev":""}
0,0.00000,5.350000,20.120001,-42.000000,0.000000,1.000000,0.000000,1,0.000000,0.000000,0.000000,0.000000,-9.810000,0.000000,0,0,1,0
JS: {"t":0.03,"mode":"ground","p":[5.35,20.12,-42],"v":[0,-0.6,-0.3],"sup":true,"spd":0.3,"cr":false,"ev":""}
1,0.01667,5.350000,20.120001,-42.005001,0.000000,1.000000,0.000000,1,0.000000,0.000000,-0.300000,0.000000,-9.810000,0.000000,0,1,1,0
JS: {"t":0.05,"mode":"ground","p":[5.35,20.12,-42.01],"v":[0,-0.6,-0.6],"sup":true,"spd":0.6,"cr":false,"ev":""}
2,0.03333,5.350000,20.120001,-42.014999,0.000000,1.000000,0.000000,1,0.000000,0.000000,-0.600000,0.000000,-9.810000,0.000000,0,2,1,0
JS: {"t":0.07,"mode":"ground","p":[5.35,20.12,-42.01],"v":[0,-0.6,-0.9],"sup":true,"spd":0.9,"cr":false,"ev":""}
3,0.05000,5.350000,20.120001,-42.029999,0.000000,1.000000,0.000000,1,0.000000,0.000000,-0.900000,0.000000,-9.810000,0.000000,0,3,1,0
JS: {"t":0.08,"mode":"ground","p":[5.35,20.12,-42.03],"v":[0,-0.6,-1.2],"sup":true,"spd":1.2,"cr":false,"ev":""}
4,0.06667,5.350000,20.120001,-42.049999,0.000000,1.000000,0.000000,1,0.000000,0.000000,-1.200000,0.000000,-9.810000,0.000000,0,4,1,0
JS: {"t":0.1,"mode":"ground","p":[5.35,20.12,-42.05],"v":[0,-0.6,-1.5],"sup":true,"spd":1.5,"cr":false,"ev":""}
5,0.08333,5.350000,20.120001,-42.075001,0.000000,1.000000,0.000000,1,0.000000,0.000000,-1.500000,0.000000,-9.810000,0.000000,0,5,1,0
JS: {"t":0.12,"mode":"ground","p":[5.35,20.12,-42.08],"v":[0,-0.6,-1.8],"sup":true,"spd":1.8,"cr":false,"ev":""}
6,0.10000,5.350000,20.120001,-42.105000,0.000000,1.000000,0.000000,1,0.000000,0.000000,-1.800000,0.000000,-9.810000,0.000000,0,6,1,0
JS: {"t":0.13,"mode":"ground","p":[5.35,20.12,-42.1],"v":[0,-0.6,-2.1],"sup":true,"spd":2.1,"cr":false,"ev":""}
7,0.11667,5.350000,20.120001,-42.139999,0.000000,1.000000,0.000000,1,0.000000,0.000000,-2.100000,0.000000,-9.810000,0.000000,0,7,1,0
JS: {"t":0.15,"mode":"ground","p":[5.35,20.12,-42.14],"v":[0,-0.6,-2.4],"sup":true,"spd":2.4,"cr":false,"ev":""}
8,0.13333,5.350000,20.120001,-42.180000,0.000000,1.000000,0.000000,1,0.000000,0.000000,-2.400000,0.000000,-9.810000,0.000000,0,8,1,0
JS: {"t":0.17,"mode":"ground","p":[5.35,20.12,-42.18],"v":[0,-0.6,-2.7],"sup":true,"spd":2.7,"cr":false,"ev":""}
9,0.15000,5.350000,20.120001,-42.224998,0.000000,1.000000,0.000000,1,0.000000,0.000000,-2.700000,0.000000,-9.810000,0.000000,0,9,1,0
JS: {"t":0.18,"mode":"ground","p":[5.35,20.12,-42.22],"v":[0,-0.6,-3],"sup":true,"spd":3,"cr":false,"ev":""}
10,0.16667,5.350000,20.120001,-42.274998,0.000000,1.000000,0.000000,1,0.000000,0.000000,-3.000000,0.000000,-9.810000,0.000000,0,10,1,0
JS: {"t":0.2,"mode":"ground","p":[5.35,20.12,-42.27],"v":[0,-0.6,-3.3],"sup":true,"spd":3.3,"cr":false,"ev":""}
11,0.18333,5.350000,20.120001,-42.329998,0.000000,1.000000,0.000000,1,0.000000,0.000000,-3.300000,0.000000,-9.810000,0.000000,0,11,1,0
JS: {"t":0.22,"mode":"ground","p":[5.35,20.12,-42.33],"v":[0,-0.6,-3.6],"sup":true,"spd":3.6,"cr":false,"ev":""}
12,0.20000,5.350000,20.120001,-42.389999,0.000000,1.000000,0.000000,1,0.000000,0.000000,-3.600000,0.000000,-9.810000,0.000000,0,12,1,0
JS: {"t":0.23,"mode":"ground","p":[5.35,20.12,-42.39],"v":[0,-0.6,-3.9],"sup":true,"spd":3.9,"cr":false,"ev":""}
13,0.21667,5.350000,20.120001,-42.454998,0.000000,1.000000,0.000000,1,0.000000,0.000000,-3.900000,0.000000,-9.810000,0.000000,0,13,1,0
JS: {"t":0.25,"mode":"ground","p":[5.35,20.12,-42.45],"v":[0,-0.6,-4.2],"sup":true,"spd":4.2,"cr":false,"ev":""}
14,0.23333,5.350000,20.120001,-42.524998,0.000000,1.000000,0.000000,1,0.000000,0.000000,-4.200000,0.000000,-9.810000,0.000000,0,14,1,0
JS: {"t":0.27,"mode":"ground","p":[5.35,20.12,-42.52],"v":[0,-0.6,-4.3],"sup":true,"spd":4.3,"cr":false,"ev":""}
15,0.25000,5.350000,20.120001,-42.596664,0.000000,1.000000,0.000000,1,0.000000,0.000000,-4.300000,0.000000,-9.810000,0.000000,0,15,1,0
JS: {"t":0.28,"mode":"ground","p":[5.35,20.12,-42.6],"v":[0,-0.6,-4.4],"sup":true,"spd":4.4,"cr":false,"ev":""}
16,0.26667,5.350000,20.120001,-42.669998,0.000000,1.000000,0.000000,1,0.000000,0.000000,-4.400000,0.000000,-9.810000,0.000000,0,16,1,0
JS: {"t":0.3,"mode":"ground","p":[5.35,20.12,-42.67],"v":[0,-0.6,-4.5],"sup":true,"spd":4.5,"cr":false,"ev":""}
17,0.28333,5.350000,20.120001,-42.744999,0.000000,1.000000,0.000000,1,0.000000,0.000000,-4.500000,0.000000,-9.810000,0.000000,0,17,1,0
JS: {"t":0.32,"mode":"ground","p":[5.35,20.12,-42.74],"v":[0,-0.6,-4.6],"sup":true,"spd":4.6,"cr":false,"ev":""}
18,0.30000,5.350000,20.120001,-42.821667,0.000000,1.000000,0.000000,1,0.000000,0.000000,-4.600000,0.000000,-9.810000,0.000000,0,18,1,0
JS: {"t":0.33,"mode":"ground","p":[5.35,20.12,-42.82],"v":[0,-0.6,-4.7],"sup":true,"spd":4.7,"cr":false,"ev":""}
19,0.31667,5.350000,20.120001,-42.900002,0.000000,1.000000,0.000000,1,0.000000,0.000000,-4.700000,0.000000,-9.810000,0.000000,0,19,1,0
JS: {"t":0.35,"mode":"ground","p":[5.35,20.12,-42.9],"v":[0,-0.6,-4.8],"sup":true,"spd":4.8,"cr":false,"ev":""}
20,0.33333,5.350000,20.120001,-42.980003,0.000000,1.000000,0.000000,1,0.000000,0.000000,-4.800000,0.000000,-9.810000,0.000000,0,20,1,0
JS: {"t":0.37,"mode":"ground","p":[5.35,20.12,-42.98],"v":[0,-0.6,-4.9],"sup":true,"spd":4.9,"cr":false,"ev":""}
21,0.35000,5.350000,20.120001,-43.061668,0.000000,1.000000,0.000000,1,0.000000,0.000000,-4.900000,0.000000,-9.810000,0.000000,0,21,1,0
JS: {"t":0.38,"mode":"ground","p":[5.35,20.12,-43.06],"v":[0,-0.6,-5],"sup":true,"spd":5,"cr":false,"ev":""}
22,0.36667,5.350000,20.120001,-43.145000,0.000000,1.000000,0.000000,1,0.000000,0.000000,-5.000000,0.000000,-9.810000,0.000000,0,22,1,0
JS: {"t":0.4,"mode":"ground","p":[5.35,20.12,-43.15],"v":[0,-0.6,-5.1],"sup":true,"spd":5.1,"cr":false,"ev":""}
23,0.38333,5.350000,20.120001,-43.230000,0.000000,1.000000,0.000000,1,0.000000,0.000000,-5.100000,0.000000,-9.810000,0.000000,0,23,1,0
JS: {"t":0.42,"mode":"ground","p":[5.35,20.12,-43.23],"v":[0,-0.6,-5.2],"sup":true,"spd":5.2,"cr":false,"ev":""}
24,0.40000,5.350000,20.120001,-43.316666,0.000000,1.000000,0.000000,1,0.000000,0.000000,-5.200000,0.000000,-9.810000,0.000000,0,24,1,0
JS: {"t":0.43,"mode":"ground","p":[5.35,20.12,-43.32],"v":[0,-0.6,-5.3],"sup":true,"spd":5.3,"cr":false,"ev":""}
25,0.41667,5.350000,20.120001,-43.404999,0.000000,1.000000,0.000000,1,0.000000,0.000000,-5.300000,0.000000,-9.810000,0.000000,0,25,1,0
JS: {"t":0.45,"mode":"ground","p":[5.35,20.12,-43.4],"v":[0,-0.6,-5.4],"sup":true,"spd":5.4,"cr":false,"ev":""}
26,0.43333,5.350000,20.120001,-43.494999,0.000000,1.000000,0.000000,1,0.000000,0.000000,-5.400000,0.000000,-9.810000,0.000000,0,26,1,0
JS: {"t":0.47,"mode":"ground","p":[5.35,20.12,-43.49],"v":[0,-0.6,-5.5],"sup":true,"spd":5.5,"cr":false,"ev":""}
27,0.45000,5.350000,20.120001,-43.586666,0.000000,1.000000,0.000000,1,0.000000,0.000000,-5.500000,0.000000,-9.810000,0.000000,0,27,1,0
JS: {"t":0.48,"mode":"ground","p":[5.35,20.12,-43.59],"v":[0,-0.6,-5.6],"sup":true,"spd":5.6,"cr":false,"ev":""}
28,0.46667,5.350000,20.120001,-43.680000,0.000000,1.000000,0.000000,1,0.000000,0.000000,-5.600000,0.000000,-9.810000,0.000000,0,28,1,0
JS: {"t":0.5,"mode":"ground","p":[5.35,20.12,-43.68],"v":[0,-0.6,-5.7],"sup":true,"spd":5.7,"cr":false,"ev":""}
29,0.48333,5.350000,20.120001,-43.775002,0.000000,1.000000,0.000000,1,0.000000,0.000000,-5.700000,0.000000,-9.810000,0.000000,0,29,1,0
JS: {"t":0.52,"mode":"ground","p":[5.35,20.12,-43.78],"v":[0,-0.6,-5.8],"sup":true,"spd":5.8,"cr":false,"ev":""}
30,0.50000,5.350000,20.120001,-43.871670,0.000000,1.000000,0.000000,1,0.000000,0.000000,-5.800000,0.000000,-9.810000,0.000000,0,30,1,0
JS: {"t":0.53,"mode":"ground","p":[5.35,20.12,-43.87],"v":[0,-0.6,-5.9],"sup":true,"spd":5.9,"cr":false,"ev":""}
31,0.51667,5.350000,20.120001,-43.970001,0.000000,1.000000,0.000000,1,0.000000,0.000000,-5.900000,0.000000,-9.810000,0.000000,0,31,1,0
JS: {"t":0.55,"mode":"ground","p":[5.35,20.12,-43.97],"v":[0,-0.6,-6],"sup":true,"spd":6,"cr":false,"ev":""}
32,0.53333,5.350000,20.120001,-44.070000,0.000000,1.000000,0.000000,1,0.000000,0.000000,-6.000000,0.000000,-9.810000,0.000000,0,32,1,0
JS: {"t":0.57,"mode":"ground","p":[5.35,20.12,-44.07],"v":[0,-0.6,-6.1],"sup":true,"spd":6.1,"cr":false,"ev":""}
33,0.55000,5.350000,20.120001,-44.171665,0.000000,1.000000,0.000000,1,0.000000,0.000000,-6.100000,0.000000,-9.810000,0.000000,0,33,1,0
JS: {"t":0.58,"mode":"ground","p":[5.35,20.12,-44.17],"v":[0,-0.6,-6.2],"sup":true,"spd":6.2,"cr":false,"ev":""}
34,0.56667,5.350000,20.120001,-44.274998,0.000000,1.000000,0.000000,1,0.000000,0.000000,-6.200000,0.000000,-9.810000,0.000000,0,34,1,0
JS: {"t":0.6,"mode":"ground","p":[5.35,20.12,-44.27],"v":[0,-0.6,-6.3],"sup":true,"spd":6.3,"cr":false,"ev":""}
35,0.58333,5.350000,20.120001,-44.379997,0.000000,1.000000,0.000000,1,0.000000,0.000000,-6.300000,0.000000,-9.810000,0.000000,0,35,1,0
JS: {"t":0.62,"mode":"ground","p":[5.35,20.12,-44.38],"v":[0,-0.6,-6.4],"sup":true,"spd":6.4,"cr":false,"ev":""}
36,0.60000,5.350000,20.120001,-44.486664,0.000000,1.000000,0.000000,1,0.000000,0.000000,-6.400001,0.000000,-9.810000,0.000000,0,36,1,0
JS: {"t":0.63,"mode":"ground","p":[5.35,20.12,-44.49],"v":[0,-0.6,-6.5],"sup":true,"spd":6.5,"cr":false,"ev":""}
37,0.61667,5.350000,20.120001,-44.594997,0.000000,1.000000,0.000000,1,0.000000,0.000000,-6.500000,0.000000,-9.810000,0.000000,0,37,1,0
JS: {"t":0.65,"mode":"ground","p":[5.35,20.12,-44.59],"v":[0,-0.6,-6.55],"sup":true,"spd":6.55,"cr":false,"ev":""}
38,0.63333,5.350000,20.120001,-44.704163,0.000000,1.000000,0.000000,1,0.000000,0.000000,-6.550000,0.000000,-9.810000,0.000000,0,38,1,0
JS: {"t":0.67,"mode":"ground","p":[5.35,20.12,-44.7],"v":[0,-0.6,-6.6],"sup":true,"spd":6.6,"cr":false,"ev":""}
39,0.65000,5.350000,20.120001,-44.814163,0.000000,1.000000,0.000000,1,0.000000,0.000000,-6.600000,0.000000,-9.810000,0.000000,0,39,1,0
JS: {"t":0.68,"mode":"ground","p":[5.35,20.12,-44.81],"v":[0,-0.6,-6.65],"sup":true,"spd":6.65,"cr":false,"ev":""}
40,0.66667,5.350000,20.120001,-44.924995,0.000000,1.000000,0.000000,1,0.000000,0.000000,-6.650001,0.000000,-9.810000,0.000000,0,40,1,0
JS: {"t":0.7,"mode":"ground","p":[5.35,20.12,-44.92],"v":[0,-0.6,-6.7],"sup":true,"spd":6.7,"cr":false,"ev":""}
41,0.68333,5.350000,20.120001,-45.036663,0.000000,1.000000,0.000000,1,0.000000,0.000000,-6.700000,0.000000,-9.810000,0.000000,0,41,1,0
JS: {"t":0.72,"mode":"ground","p":[5.35,20.12,-45.04],"v":[0,-0.6,-6.75],"sup":true,"spd":6.75,"cr":false,"ev":""}
42,0.70000,5.350000,20.120001,-45.149162,0.000000,1.000000,0.000000,1,0.000000,0.000000,-6.750000,0.000000,-9.810000,0.000000,0,42,1,0
JS: {"t":0.73,"mode":"ground","p":[5.35,20.12,-45.15],"v":[0,-0.6,-6.8],"sup":true,"spd":6.8,"cr":false,"ev":""}
43,0.71667,5.350000,20.120001,-45.262497,0.000000,1.000000,0.000000,1,0.000000,0.000000,-6.800000,0.000000,-9.810000,0.000000,0,43,1,0
JS: {"t":0.75,"mode":"ground","p":[5.35,20.12,-45.26],"v":[0,-0.6,-6.85],"sup":true,"spd":6.85,"cr":false,"ev":""}
44,0.73333,5.350000,20.120001,-45.376663,0.000000,1.000000,0.000000,1,0.000000,0.000000,-6.850000,0.000000,-9.810000,0.000000,0,44,1,0
JS: {"t":0.77,"mode":"ground","p":[5.35,20.12,-45.38],"v":[0,-0.6,-6.9],"sup":true,"spd":6.9,"cr":false,"ev":""}
45,0.75000,5.350000,20.120001,-45.491665,0.000000,1.000000,0.000000,1,0.000000,0.000000,-6.900001,0.000000,-9.810000,0.000000,0,45,1,0
JS: {"t":0.78,"mode":"ground","p":[5.35,20.12,-45.49],"v":[0,-0.6,-6.95],"sup":true,"spd":6.95,"cr":false,"ev":""}
46,0.76667,5.350000,20.120001,-45.607498,0.000000,1.000000,0.000000,1,0.000000,0.000000,-6.950000,0.000000,-9.810000,0.000000,0,46,1,0
JS: {"t":0.8,"mode":"ground","p":[5.35,20.12,-45.61],"v":[0,-0.6,-7],"sup":true,"spd":7,"cr":false,"ev":""}
47,0.78333,5.350000,20.120001,-45.724163,0.000000,1.000000,0.000000,1,0.000000,0.000000,-7.000000,0.000000,-9.810000,0.000000,0,47,1,0
JS: {"t":0.82,"mode":"ground","p":[5.35,20.12,-45.72],"v":[0,-0.6,-7.05],"sup":true,"spd":7.05,"cr":false,"ev":""}
48,0.80000,5.350000,20.120001,-45.841663,0.000000,1.000000,0.000000,1,0.000000,0.000000,-7.050000,0.000000,-9.810000,0.000000,0,48,1,0
JS: {"t":0.83,"mode":"ground","p":[5.35,20.12,-45.84],"v":[0,-0.6,-7.1],"sup":true,"spd":7.1,"cr":false,"ev":""}
49,0.81667,5.350000,20.120001,-45.959995,0.000000,1.000000,0.000000,1,0.000000,0.000000,-7.100000,0.000000,-9.810000,0.000000,0,49,1,0
JS: {"t":0.85,"mode":"ground","p":[5.35,20.12,-45.96],"v":[0,-0.6,-7.15],"sup":true,"spd":7.15,"cr":false,"ev":""}
50,0.83333,5.350000,20.120001,-46.079163,0.000000,1.000000,0.000000,1,0.000000,0.000000,-7.150001,0.000000,-9.810000,0.000000,0,50,1,0
JS: {"t":0.87,"mode":"ground","p":[5.35,20.12,-46.08],"v":[0,-0.6,-7.2],"sup":true,"spd":7.2,"cr":false,"ev":""}
51,0.85000,5.350000,20.120001,-46.199162,0.000000,1.000000,0.000000,1,0.000000,0.000000,-7.200000,0.000000,-9.810000,0.000000,0,51,1,0
JS: {"t":0.88,"mode":"ground","p":[5.35,20.12,-46.2],"v":[0,-0.6,-7.25],"sup":true,"spd":7.25,"cr":false,"ev":""}
52,0.86667,5.350000,20.120001,-46.319996,0.000000,1.000000,0.000000,1,0.000000,0.000000,-7.250000,0.000000,-9.810000,0.000000,0,52,1,0
JS: {"t":0.9,"mode":"ground","p":[5.35,20.12,-46.32],"v":[0,-0.6,-7.3],"sup":true,"spd":7.3,"cr":false,"ev":""}
53,0.88333,5.350000,20.120001,-46.441662,0.000000,1.000000,0.000000,1,0.000000,0.000000,-7.300000,0.000000,-9.810000,0.000000,0,53,1,0
JS: {"t":0.92,"mode":"ground","p":[5.35,20.12,-46.44],"v":[0,-0.6,-7.35],"sup":true,"spd":7.35,"cr":false,"ev":""}
54,0.90000,5.350000,20.120001,-46.564163,0.000000,1.000000,0.000000,1,0.000000,0.000000,-7.350000,0.000000,-9.810000,0.000000,0,54,1,0
JS: {"t":0.93,"mode":"ground","p":[5.35,20.12,-46.56],"v":[0,-0.6,-7.4],"sup":true,"spd":7.4,"cr":false,"ev":""}
55,0.91667,5.350000,20.120001,-46.687496,0.000000,1.000000,0.000000,1,0.000000,0.000000,-7.400001,0.000000,-9.810000,0.000000,0,55,1,0
JS: {"t":0.95,"mode":"ground","p":[5.35,20.12,-46.69],"v":[0,-0.6,-7.45],"sup":true,"spd":7.45,"cr":false,"ev":""}
56,0.93333,5.350000,20.120001,-46.811665,0.000000,1.000000,0.000000,1,0.000000,0.000000,-7.450000,0.000000,-9.810000,0.000000,0,56,1,0
JS: {"t":0.97,"mode":"ground","p":[5.35,20.12,-46.81],"v":[0,-0.6,-7.5],"sup":true,"spd":7.5,"cr":false,"ev":""}
57,0.95000,5.350000,20.120001,-46.936665,0.000000,1.000000,0.000000,1,0.000000,0.000000,-7.500000,0.000000,-9.810000,0.000000,0,57,1,0
JS: {"t":0.98,"mode":"ground","p":[5.35,20.12,-46.94],"v":[0,-0.6,-7.55],"sup":true,"spd":7.55,"cr":false,"ev":""}
58,0.96667,5.350000,20.120001,-47.062496,0.000000,1.000000,0.000000,1,0.000000,0.000000,-7.550000,0.000000,-9.810000,0.000000,0,58,1,0
JS: {"t":1,"mode":"ground","p":[5.35,20.12,-47.06],"v":[0,-0.6,-7.6],"sup":true,"spd":7.6,"cr":false,"ev":""}
59,0.98333,5.350000,20.120001,-47.189163,0.000000,1.000000,0.000000,1,0.000000,0.000000,-7.600000,0.000000,-9.810000,0.000000,0,59,1,0
JS: {"t":1.02,"mode":"air","p":[5.35,20.12,-47.19],"v":[0,5.1,-7.6],"sup":true,"spd":7.85,"cr":false,"ev":"jump"}
60,1.00000,5.350000,20.205000,-47.315830,0.000000,1.000000,0.000000,0,0.000000,5.100000,-7.600000,0.000000,-9.810000,0.000000,0,60,1,0
JS: PROBE {"raw":{"id":"10","distance":0,"normal":{"x":1,"y":0,"z":0},"overlap":true},"filtered":{"id":"111","distance":0.6500000953674316,"normal":{"x":-1,"y":0,"z":0},"overlap":false},"stand":true}
JS: {"t":1.03,"mode":"wallrun","wall":{"x":-1,"y":0,"z":0},"p":[5.35,20.2,-47.32],"v":[0.8,3.2,-7.6],"sup":false,"spd":7.85,"cr":false,"ev":"wallrun"}
61,1.01667,5.363333,20.258333,-47.442497,0.000000,1.000000,0.000000,0,0.800000,3.200000,-7.600000,0.000000,-9.810000,0.000000,0,61,1,0
JS: {"t":1.05,"mode":"wallrun","wall":{"x":-1,"y":0,"z":0},"p":[5.36,20.26,-47.44],"v":[0.8,3.13,-7.59],"sup":false,"spd":7.85,"cr":false,"ev":""}
62,1.03333,5.376667,20.310522,-47.568996,0.000000,1.000000,0.000000,0,0.800000,3.131330,-7.590000,0.000000,-9.810000,0.000000,0,62,1,0
JS: {"t":1.07,"mode":"wallrun","wall":{"x":-1,"y":0,"z":0},"p":[5.38,20.31,-47.57],"v":[0.8,3.06,-7.58],"sup":false,"spd":7.85,"cr":false,"ev":""}
63,1.05000,5.390000,20.361567,-47.695332,0.000000,1.000000,0.000000,0,0.800000,3.062660,-7.580000,0.000000,-9.810000,0.000000,0,63,1,0
JS: {"t":1.08,"mode":"wallrun","wall":{"x":-1,"y":0,"z":0},"p":[5.39,20.36,-47.7],"v":[0.8,2.99,-7.57],"sup":false,"spd":7.85,"cr":false,"ev":""}
64,1.06667,5.403333,20.411467,-47.821499,0.000000,1.000000,0.000000,0,0.800000,2.993990,-7.570000,0.000000,-9.810000,0.000000,0,64,1,0
JS: {"t":1.1,"mode":"wallrun","wall":{"x":-1,"y":0,"z":0},"p":[5.4,20.41,-47.82],"v":[0.8,2.93,-7.56],"sup":false,"spd":7.85,"cr":false,"ev":""}
65,1.08333,5.416667,20.460222,-47.947498,0.000000,1.000000,0.000000,0,0.800000,2.925320,-7.560000,0.000000,-9.810000,0.000000,0,65,1,0
JS: {"t":1.12,"mode":"wallrun","wall":{"x":-1,"y":0,"z":0},"p":[5.42,20.46,-47.95],"v":[0.8,2.86,-7.55],"sup":false,"spd":7.85,"cr":false,"ev":""}
66,1.10000,5.430000,20.507833,-48.073330,0.000000,1.000000,0.000000,0,0.800000,2.856650,-7.550000,0.000000,-9.810000,0.000000,0,66,1,0
JS: {"t":1.13,"mode":"wallrun","wall":{"x":-1,"y":0,"z":0},"p":[5.43,20.51,-48.07],"v":[0.8,2.79,-7.54],"sup":false,"spd":7.85,"cr":false,"ev":""}
67,1.11667,5.443333,20.554300,-48.198997,0.000000,1.000000,0.000000,0,0.800000,2.787980,-7.540000,0.000000,-9.810000,0.000000,0,67,1,0
JS: {"t":1.15,"mode":"wallrun","wall":{"x":-1,"y":0,"z":0},"p":[5.44,20.55,-48.2],"v":[0.8,2.72,-7.53],"sup":false,"spd":7.85,"cr":false,"ev":""}
68,1.13333,5.456666,20.599623,-48.324497,0.000000,1.000000,0.000000,0,0.800000,2.719310,-7.530000,0.000000,-9.810000,0.000000,0,68,1,0
JS: {"t":1.17,"mode":"wallrun","wall":{"x":-1,"y":0,"z":0},"p":[5.46,20.6,-48.32],"v":[0.8,2.65,-7.52],"sup":false,"spd":7.85,"cr":false,"ev":""}
69,1.15000,5.470000,20.643801,-48.449829,0.000000,1.000000,0.000000,0,0.800000,2.650640,-7.520000,0.000000,-9.810000,0.000000,0,69,1,0
JS: {"t":1.18,"mode":"wallrun","wall":{"x":-1,"y":0,"z":0},"p":[5.47,20.64,-48.45],"v":[0.8,2.58,-7.51],"sup":false,"spd":7.85,"cr":false,"ev":""}
70,1.16667,5.483333,20.686834,-48.574997,0.000000,1.000000,0.000000,0,0.800000,2.581970,-7.510000,0.000000,-9.810000,0.000000,0,70,1,0
JS: {"t":1.2,"mode":"wallrun","wall":{"x":-1,"y":0,"z":0},"p":[5.48,20.69,-48.57],"v":[0.8,2.51,-7.5],"sup":false,"spd":7.85,"cr":false,"ev":""}
71,1.18333,5.496666,20.728724,-48.699997,0.000000,1.000000,0.000000,0,0.800000,2.513300,-7.500000,0.000000,-9.810000,0.000000,0,71,1,0
JS: {"t":1.22,"mode":"wallrun","wall":{"x":-1,"y":0,"z":0},"p":[5.5,20.73,-48.7],"v":[0.8,2.44,-7.49],"sup":false,"spd":7.85,"cr":false,"ev":""}
72,1.20000,5.510000,20.769468,-48.824829,0.000000,1.000000,0.000000,0,0.800000,2.444630,-7.490000,0.000000,-9.810000,0.000000,0,72,1,0
JS: {"t":1.23,"mode":"wallrun","wall":{"x":-1,"y":0,"z":0},"p":[5.51,20.77,-48.82],"v":[0.8,2.38,-7.48],"sup":false,"spd":7.85,"cr":false,"ev":""}
73,1.21667,5.523333,20.809067,-48.949497,0.000000,1.000000,0.000000,0,0.800000,2.375960,-7.480000,0.000000,-9.810000,0.000000,0,73,1,0
JS: {"t":1.25,"mode":"wallrun","wall":{"x":-1,"y":0,"z":0},"p":[5.52,20.81,-48.95],"v":[0.8,2.31,-7.47],"sup":false,"spd":7.85,"cr":false,"ev":""}
74,1.23333,5.536666,20.847521,-49.073997,0.000000,1.000000,0.000000,0,0.800000,2.307290,-7.470000,0.000000,-9.810000,0.000000,0,74,1,0
JS: {"t":1.27,"mode":"wallrun","wall":{"x":-1,"y":0,"z":0},"p":[5.54,20.85,-49.07],"v":[0.8,2.24,-7.46],"sup":false,"spd":7.85,"cr":false,"ev":""}
75,1.25000,5.550000,20.884830,-49.198330,0.000000,1.000000,0.000000,0,0.800000,2.238620,-7.460001,0.000000,-9.810000,0.000000,0,75,1,0
JS: {"t":1.28,"mode":"wallrun","wall":{"x":-1,"y":0,"z":0},"p":[5.55,20.88,-49.2],"v":[0.8,2.17,-7.45],"sup":false,"spd":7.85,"cr":false,"ev":""}
76,1.26667,5.563333,20.920996,-49.322498,0.000000,1.000000,0.000000,0,0.800000,2.169950,-7.450000,0.000000,-9.810000,0.000000,0,76,1,0
JS: {"t":1.3,"mode":"wallrun","wall":{"x":-1,"y":0,"z":0},"p":[5.56,20.92,-49.32],"v":[0.8,2.1,-7.44],"sup":false,"spd":7.85,"cr":false,"ev":""}
77,1.28333,5.576666,20.956017,-49.446499,0.000000,1.000000,0.000000,0,0.800000,2.101279,-7.440001,0.000000,-9.810000,0.000000,0,77,1,0
JS: {"t":1.32,"mode":"wallrun","wall":{"x":-1,"y":0,"z":0},"p":[5.58,20.96,-49.45],"v":[0.8,2.03,-7.43],"sup":false,"spd":7.85,"cr":false,"ev":""}
78,1.30000,5.590000,20.989893,-49.570332,0.000000,1.000000,0.000000,0,0.800000,2.032609,-7.430000,0.000000,-9.810000,0.000000,0,78,1,0
JS: {"t":1.33,"mode":"wallrun","wall":{"x":-1,"y":0,"z":0},"p":[5.59,20.99,-49.57],"v":[0.8,1.96,-7.42],"sup":false,"spd":7.85,"cr":false,"ev":""}
79,1.31667,5.603333,21.022625,-49.693996,0.000000,1.000000,0.000000,0,0.800000,1.963939,-7.420001,0.000000,-9.810000,0.000000,0,79,1,0
JS: {"t":1.35,"mode":"wallrun","wall":{"x":-1,"y":0,"z":0},"p":[5.6,21.02,-49.69],"v":[0.8,1.9,-7.41],"sup":false,"spd":7.85,"cr":false,"ev":""}
80,1.33333,5.616666,21.054213,-49.817497,0.000000,1.000000,0.000000,0,0.800000,1.895269,-7.410000,0.000000,-9.810000,0.000000,0,80,1,0
JS: {"t":1.37,"mode":"wallrun","wall":{"x":-1,"y":0,"z":0},"p":[5.62,21.05,-49.82],"v":[0.8,1.83,-7.4],"sup":false,"spd":7.85,"cr":false,"ev":""}
81,1.35000,5.630000,21.084656,-49.940830,0.000000,1.000000,0.000000,0,0.800000,1.826599,-7.400001,0.000000,-9.810000,0.000000,0,81,1,0
JS: {"t":1.38,"mode":"wallrun","wall":{"x":-1,"y":0,"z":0},"p":[5.63,21.08,-49.94],"v":[0.8,1.76,-7.39],"sup":false,"spd":7.85,"cr":false,"ev":""}
82,1.36667,5.643333,21.113955,-50.063995,0.000000,1.000000,0.000000,0,0.800000,1.757929,-7.390000,0.000000,-9.810000,0.000000,0,82,1,0
JS: {"t":1.4,"mode":"wallrun","wall":{"x":-1,"y":0,"z":0},"p":[5.64,21.11,-50.06],"v":[0.8,1.69,-7.38],"sup":false,"spd":7.85,"cr":false,"ev":""}
83,1.38333,5.656666,21.142109,-50.186996,0.000000,1.000000,0.000000,0,0.800000,1.689259,-7.380001,0.000000,-9.810000,0.000000,0,83,1,0
JS: {"t":1.42,"mode":"wallrun","wall":{"x":-1,"y":0,"z":0},"p":[5.66,21.14,-50.19],"v":[0.8,1.62,-7.37],"sup":false,"spd":7.85,"cr":false,"ev":""}
84,1.40000,5.670000,21.169119,-50.309830,0.000000,1.000000,0.000000,0,0.800000,1.620589,-7.370000,0.000000,-9.810000,0.000000,0,84,1,0
JS: {"t":1.43,"mode":"wallrun","wall":{"x":-1,"y":0,"z":0},"p":[5.67,21.17,-50.31],"v":[0.8,1.55,-7.36],"sup":false,"spd":7.85,"cr":false,"ev":""}
85,1.41667,5.683333,21.194984,-50.432495,0.000000,1.000000,0.000000,0,0.800000,1.551919,-7.360000,0.000000,-9.810000,0.000000,0,85,1,0
JS: {"t":1.45,"mode":"wallrun","wall":{"x":-1,"y":0,"z":0},"p":[5.68,21.19,-50.43],"v":[0.8,1.48,-7.35],"sup":false,"spd":7.85,"cr":false,"ev":""}
86,1.43333,5.696666,21.219706,-50.554996,0.000000,1.000000,0.000000,0,0.800000,1.483249,-7.350000,0.000000,-9.810000,0.000000,0,86,1,0
JS: {"t":1.47,"mode":"wallrun","wall":{"x":-1,"y":0,"z":0},"p":[5.7,21.22,-50.55],"v":[0.8,1.41,-7.34],"sup":false,"spd":7.85,"cr":false,"ev":""}
87,1.45000,5.697872,21.243282,-50.677326,0.000000,1.000000,0.000000,0,0.000000,1.414579,-7.340000,0.000000,-9.810000,0.000000,0,87,1,0
JS: {"t":1.48,"mode":"wallrun","wall":{"x":-1,"y":0,"z":0},"p":[5.7,21.24,-50.68],"v":[0.8,1.35,-7.33],"sup":false,"spd":7.85,"cr":false,"ev":""}
88,1.46667,5.697813,21.265715,-50.799492,0.000000,1.000000,0.000000,0,0.000000,1.345909,-7.330000,0.000000,-9.810000,0.000000,0,88,1,0
JS: {"t":1.5,"mode":"wallrun","wall":{"x":-1,"y":0,"z":0},"p":[5.7,21.27,-50.8],"v":[0.8,1.28,-7.32],"sup":false,"spd":7.85,"cr":false,"ev":""}
89,1.48333,5.697859,21.287003,-50.921494,0.000000,1.000000,0.000000,0,0.000000,1.277239,-7.320000,0.000000,-9.810000,0.000000,0,89,1,0
JS: {"t":1.52,"mode":"wallrun","wall":{"x":-1,"y":0,"z":0},"p":[5.7,21.29,-50.92],"v":[0.8,1.21,-7.31],"sup":false,"spd":7.85,"cr":false,"ev":""}
90,1.50000,5.697801,21.307146,-51.043327,0.000000,1.000000,0.000000,0,0.000000,1.208569,-7.310000,0.000000,-9.810000,0.000000,0,90,1,0
JS: {"t":1.53,"mode":"wallrun","wall":{"x":-1,"y":0,"z":0},"p":[5.7,21.31,-51.04],"v":[0.8,1.14,-7.3],"sup":false,"spd":7.85,"cr":false,"ev":""}
91,1.51667,5.697847,21.326143,-51.164993,0.000000,1.000000,0.000000,0,0.000000,1.139899,-7.300000,0.000000,-9.810000,0.000000,0,91,1,0
JS: {"t":1.55,"mode":"wallrun","wall":{"x":-1,"y":0,"z":0},"p":[5.7,21.33,-51.16],"v":[0.8,1.07,-7.29],"sup":false,"spd":7.85,"cr":false,"ev":""}
92,1.53333,5.697795,21.343998,-51.286491,0.000000,1.000000,0.000000,0,0.000000,1.071229,-7.290000,0.000000,-9.810000,0.000000,0,92,1,0
JS: {"t":1.57,"mode":"wallrun","wall":{"x":-1,"y":0,"z":0},"p":[5.7,21.34,-51.29],"v":[0.8,1,-7.28],"sup":false,"spd":7.85,"cr":false,"ev":""}
93,1.55000,5.697835,21.360708,-51.407825,0.000000,1.000000,0.000000,0,0.000000,1.002559,-7.280000,0.000000,-9.810000,0.000000,0,93,1,0
JS: {"t":1.58,"mode":"wallrun","wall":{"x":-1,"y":0,"z":0},"p":[5.7,21.36,-51.41],"v":[0.8,0.93,-7.27],"sup":false,"spd":7.85,"cr":false,"ev":""}
94,1.56667,5.697786,21.376272,-51.528992,0.000000,1.000000,0.000000,0,0.000000,0.933889,-7.270000,0.000000,-9.810000,0.000000,0,94,1,0
JS: {"t":1.6,"mode":"wallrun","wall":{"x":-1,"y":0,"z":0},"p":[5.7,21.38,-51.53],"v":[0.8,0.87,-7.26],"sup":false,"spd":7.85,"cr":false,"ev":""}
95,1.58333,5.697824,21.390692,-51.649990,0.000000,1.000000,0.000000,0,0.000000,0.865219,-7.260000,0.000000,-9.810000,0.000000,0,95,1,0
JS: {"t":1.62,"mode":"wallrun","wall":{"x":-1,"y":0,"z":0},"p":[5.7,21.39,-51.65],"v":[0.8,0.8,-7.25],"sup":false,"spd":7.85,"cr":false,"ev":""}
96,1.60000,5.697778,21.403967,-51.770824,0.000000,1.000000,0.000000,0,0.000000,0.796549,-7.250000,0.000000,-9.810000,0.000000,0,96,1,0
JS: {"t":1.63,"mode":"wallrun","wall":{"x":-1,"y":0,"z":0},"p":[5.7,21.4,-51.77],"v":[0.8,0.73,-7.24],"sup":false,"spd":7.85,"cr":false,"ev":""}
97,1.61667,5.697814,21.416098,-51.891491,0.000000,1.000000,0.000000,0,0.000000,0.727879,-7.240000,0.000000,-9.810000,0.000000,0,97,1,0
JS: {"t":1.65,"mode":"wallrun","wall":{"x":-1,"y":0,"z":0},"p":[5.7,21.42,-51.89],"v":[0.8,0.66,-7.23],"sup":false,"spd":7.85,"cr":false,"ev":""}
98,1.63333,5.697769,21.427084,-52.011990,0.000000,1.000000,0.000000,0,0.000000,0.659209,-7.230000,0.000000,-9.810000,0.000000,0,98,1,0
JS: {"t":1.67,"mode":"wallrun","wall":{"x":-1,"y":0,"z":0},"p":[5.7,21.43,-52.01],"v":[0.8,0.59,-7.22],"sup":false,"spd":7.85,"cr":false,"ev":""}
99,1.65000,5.697805,21.436926,-52.132320,0.000000,1.000000,0.000000,0,0.000000,0.590539,-7.220000,0.000000,-9.810000,0.000000,0,99,1,0
JS: {"t":1.68,"mode":"wallrun","wall":{"x":-1,"y":0,"z":0},"p":[5.7,21.44,-52.13],"v":[0.8,0.52,-7.21],"sup":false,"spd":7.85,"cr":false,"ev":""}
100,1.66667,5.697761,21.445623,-52.252487,0.000000,1.000000,0.000000,0,0.000000,0.521869,-7.210001,0.000000,-9.810000,0.000000,0,100,1,0
JS: {"t":1.7,"mode":"wallrun","wall":{"x":-1,"y":0,"z":0},"p":[5.7,21.45,-52.25],"v":[0.8,0.45,-7.2],"sup":false,"spd":7.85,"cr":false,"ev":""}
101,1.68333,5.697796,21.453176,-52.372486,0.000000,1.000000,0.000000,0,0.000000,0.453199,-7.200000,0.000000,-9.810000,0.000000,0,101,1,0
JS: {"t":1.72,"mode":"wallrun","wall":{"x":-1,"y":0,"z":0},"p":[5.7,21.45,-52.37],"v":[0.8,0.38,-7.19],"sup":false,"spd":7.85,"cr":false,"ev":""}
102,1.70000,5.697756,21.459585,-52.492321,0.000000,1.000000,0.000000,0,0.000000,0.384529,-7.190001,0.000000,-9.810000,0.000000,0,102,1,0
JS: {"t":1.73,"mode":"wallrun","wall":{"x":-1,"y":0,"z":0},"p":[5.7,21.46,-52.49],"v":[0.8,0.32,-7.18],"sup":false,"spd":7.85,"cr":false,"ev":""}
103,1.71667,5.697787,21.464849,-52.611988,0.000000,1.000000,0.000000,0,0.000000,0.315859,-7.180000,0.000000,-9.810000,0.000000,0,103,1,0
JS: {"t":1.75,"mode":"wallrun","wall":{"x":-1,"y":0,"z":0},"p":[5.7,21.46,-52.61],"v":[0.8,0.25,-7.17],"sup":false,"spd":7.85,"cr":false,"ev":""}
104,1.73333,5.697754,21.468969,-52.731487,0.000000,1.000000,0.000000,0,0.000000,0.247189,-7.170001,0.000000,-9.810000,0.000000,0,104,1,0
JS: {"t":1.77,"mode":"wallrun","wall":{"x":-1,"y":0,"z":0},"p":[5.7,21.47,-52.73],"v":[0.8,0.18,-7.16],"sup":false,"spd":7.85,"cr":false,"ev":""}
105,1.75000,5.697780,21.471945,-52.850822,0.000000,1.000000,0.000000,0,0.000000,0.178519,-7.160000,0.000000,-9.810000,0.000000,0,105,1,0
JS: {"t":1.78,"mode":"wallrun","wall":{"x":-1,"y":0,"z":0},"p":[5.7,21.47,-52.85],"v":[0.8,0.11,-7.15],"sup":false,"spd":7.85,"cr":false,"ev":""}
106,1.76667,5.697747,21.473776,-52.969990,0.000000,1.000000,0.000000,0,0.000000,0.109849,-7.150001,0.000000,-9.810000,0.000000,0,106,1,0
JS: {"t":1.8,"mode":"wallrun","wall":{"x":-1,"y":0,"z":0},"p":[5.7,21.47,-52.97],"v":[0.8,0.04,-7.14],"sup":false,"spd":7.85,"cr":false,"ev":""}
107,1.78333,5.697773,21.474463,-53.088989,0.000000,1.000000,0.000000,0,0.000000,0.041179,-7.140000,0.000000,-9.810000,0.000000,0,107,1,0
JS: {"t":1.82,"mode":"wallrun","wall":{"x":-1,"y":0,"z":0},"p":[5.7,21.47,-53.09],"v":[0.8,-0.03,-7.13],"sup":false,"spd":7.85,"cr":false,"ev":""}
108,1.80000,5.697746,21.474005,-53.207821,0.000000,1.000000,0.000000,0,0.000000,-0.027491,-7.130001,0.000000,-9.810000,0.000000,0,108,1,0
JS: {"t":1.83,"mode":"wallrun","wall":{"x":-1,"y":0,"z":0},"p":[5.7,21.47,-53.21],"v":[0.8,-0.07,-7.12],"sup":false,"spd":7.85,"cr":false,"ev":""}
109,1.81667,5.697767,21.472860,-53.326485,0.000000,1.000000,0.000000,0,0.000000,-0.068693,-7.120000,0.000000,-9.810000,0.000000,0,109,1,0
JS: {"t":1.85,"mode":"wallrun","wall":{"x":-1,"y":0,"z":0},"p":[5.7,21.47,-53.33],"v":[0.8,-0.11,-7.11],"sup":false,"spd":7.85,"cr":false,"ev":""}
110,1.83333,5.697742,21.471029,-53.444984,0.000000,1.000000,0.000000,0,0.000000,-0.109895,-7.110000,0.000000,-9.810000,0.000000,0,110,1,0
JS: {"t":1.87,"mode":"wallrun","wall":{"x":-1,"y":0,"z":0},"p":[5.7,21.47,-53.44],"v":[0.8,-0.15,-7.1],"sup":false,"spd":7.85,"cr":false,"ev":""}
111,1.85000,5.697761,21.468512,-53.563320,0.000000,1.000000,0.000000,0,0.000000,-0.151097,-7.100000,0.000000,-9.810000,0.000000,0,111,1,0
JS: {"t":1.88,"mode":"wallrun","wall":{"x":-1,"y":0,"z":0},"p":[5.7,21.47,-53.56],"v":[0.8,-0.19,-7.09],"sup":false,"spd":7.85,"cr":false,"ev":""}
112,1.86667,5.697737,21.465307,-53.681488,0.000000,1.000000,0.000000,0,0.000000,-0.192299,-7.090000,0.000000,-9.810000,0.000000,0,112,1,0
JS: {"t":1.9,"mode":"wallrun","wall":{"x":-1,"y":0,"z":0},"p":[5.7,21.47,-53.68],"v":[0.8,-0.23,-7.08],"sup":false,"spd":7.85,"cr":false,"ev":""}
113,1.88333,5.697756,21.461414,-53.799488,0.000000,1.000000,0.000000,0,0.000000,-0.233501,-7.080000,0.000000,-9.810000,0.000000,0,113,1,0
JS: {"t":1.92,"mode":"wallrun","wall":{"x":-1,"y":0,"z":0},"p":[5.7,21.46,-53.8],"v":[0.8,-0.27,-7.07],"sup":false,"spd":7.85,"cr":false,"ev":""}
114,1.90000,5.697731,21.456837,-53.917320,0.000000,1.000000,0.000000,0,0.000000,-0.274703,-7.070000,0.000000,-9.810000,0.000000,0,114,1,0
JS: {"t":1.93,"mode":"wallrun","wall":{"x":-1,"y":0,"z":0},"p":[5.7,21.46,-53.92],"v":[0.8,-0.32,-7.06],"sup":false,"spd":7.85,"cr":false,"ev":""}
115,1.91667,5.697751,21.451572,-54.034988,0.000000,1.000000,0.000000,0,0.000000,-0.315905,-7.060000,0.000000,-9.810000,0.000000,0,115,1,0
JS: {"t":1.95,"mode":"wallrun","wall":{"x":-1,"y":0,"z":0},"p":[5.7,21.45,-54.03],"v":[0.8,-0.36,-7.05],"sup":false,"spd":7.85,"cr":false,"ev":""}
116,1.93333,5.697727,21.445621,-54.152489,0.000000,1.000000,0.000000,0,0.000000,-0.357107,-7.050000,0.000000,-9.810000,0.000000,0,116,1,0
JS: {"t":1.97,"mode":"wallrun","wall":{"x":-1,"y":0,"z":0},"p":[5.7,21.45,-54.15],"v":[0.8,-0.4,-7.04],"sup":false,"spd":7.85,"cr":false,"ev":""}
117,1.95000,5.697745,21.438982,-54.269821,0.000000,1.000000,0.000000,0,0.000000,-0.398309,-7.040000,0.000000,-9.810000,0.000000,0,117,1,0
JS: {"t":1.98,"mode":"wallrun","wall":{"x":-1,"y":0,"z":0},"p":[5.7,21.44,-54.27],"v":[0.8,-0.44,-7.03],"sup":false,"spd":7.85,"cr":false,"ev":""}
118,1.96667,5.697725,21.431656,-54.386990,0.000000,1.000000,0.000000,0,0.000000,-0.439511,-7.030000,0.000000,-9.810000,0.000000,0,118,1,0
JS: {"t":2,"mode":"wallrun","wall":{"x":-1,"y":0,"z":0},"p":[5.7,21.43,-54.39],"v":[0.8,-0.48,-7.02],"sup":false,"spd":7.85,"cr":false,"ev":""}
119,1.98333,5.697741,21.423643,-54.503990,0.000000,1.000000,0.000000,0,0.000000,-0.480713,-7.020000,0.000000,-9.810000,0.000000,0,119,1,0
JS: {"t":2.02,"mode":"wallrun","wall":{"x":-1,"y":0,"z":0},"p":[5.7,21.42,-54.5],"v":[0.8,-0.52,-7.01],"sup":false,"spd":7.85,"cr":false,"ev":""}
120,2.00000,5.697722,21.414944,-54.620823,0.000000,1.000000,0.000000,0,0.000000,-0.521915,-7.010000,0.000000,-9.810000,0.000000,0,120,1,0
JS: {"t":2.03,"mode":"wallrun","wall":{"x":-1,"y":0,"z":0},"p":[5.7,21.41,-54.62],"v":[0.8,-0.56,-7],"sup":false,"spd":7.85,"cr":false,"ev":""}
121,2.01667,5.697736,21.405560,-54.737492,0.000000,1.000000,0.000000,0,0.000000,-0.563117,-7.000000,0.000000,-9.810000,0.000000,0,121,1,0
JS: {"t":2.05,"mode":"wallrun","wall":{"x":-1,"y":0,"z":0},"p":[5.7,21.41,-54.74],"v":[0.8,-0.6,-6.99],"sup":false,"spd":7.85,"cr":false,"ev":""}
122,2.03333,5.697719,21.395487,-54.853992,0.000000,1.000000,0.000000,0,0.000000,-0.604319,-6.990000,0.000000,-9.810000,0.000000,0,122,1,0
JS: {"t":2.07,"mode":"wallrun","wall":{"x":-1,"y":0,"z":0},"p":[5.7,21.4,-54.85],"v":[0.8,-0.65,-6.98],"sup":false,"spd":7.85,"cr":false,"ev":""}
123,2.05000,5.697732,21.384727,-54.970325,0.000000,1.000000,0.000000,0,0.000000,-0.645521,-6.980000,0.000000,-9.810000,0.000000,0,123,1,0
JS: {"t":2.08,"mode":"wallrun","wall":{"x":-1,"y":0,"z":0},"p":[5.7,21.38,-54.97],"v":[0.8,-0.69,-6.97],"sup":false,"spd":7.85,"cr":false,"ev":""}
124,2.06667,5.697714,21.373281,-55.086491,0.000000,1.000000,0.000000,0,0.000000,-0.686723,-6.970000,0.000000,-9.810000,0.000000,0,124,1,0
JS: {"t":2.1,"mode":"wallrun","wall":{"x":-1,"y":0,"z":0},"p":[5.7,21.37,-55.09],"v":[0.8,-0.73,-6.96],"sup":false,"spd":7.85,"cr":false,"ev":""}
125,2.08333,5.697729,21.361149,-55.202488,0.000000,1.000000,0.000000,0,0.000000,-0.727925,-6.960001,0.000000,-9.810000,0.000000,0,125,1,0
JS: {"t":2.12,"mode":"wallrun","wall":{"x":-1,"y":0,"z":0},"p":[5.7,21.36,-55.2],"v":[0.8,-0.77,-6.95],"sup":false,"spd":7.85,"cr":false,"ev":""}
126,2.10000,5.697711,21.348330,-55.318321,0.000000,1.000000,0.000000,0,0.000000,-0.769127,-6.950000,0.000000,-9.810000,0.000000,0,126,1,0
JS: {"t":2.13,"mode":"wallrun","wall":{"x":-1,"y":0,"z":0},"p":[5.7,21.35,-55.32],"v":[0.8,-0.81,-6.94],"sup":false,"spd":7.85,"cr":false,"ev":""}
127,2.11667,5.697725,21.334824,-55.433990,0.000000,1.000000,0.000000,0,0.000000,-0.810329,-6.940001,0.000000,-9.810000,0.000000,0,127,1,0
JS: {"t":2.15,"mode":"wallrun","wall":{"x":-1,"y":0,"z":0},"p":[5.7,21.33,-55.43],"v":[0.8,-0.85,-6.93],"sup":false,"spd":7.85,"cr":false,"ev":""}
128,2.13333,5.697712,21.320631,-55.549492,0.000000,1.000000,0.000000,0,0.000000,-0.851531,-6.930000,0.000000,-9.810000,0.000000,0,128,1,0
JS: {"t":2.17,"mode":"wallrun","wall":{"x":-1,"y":0,"z":0},"p":[5.7,21.32,-55.55],"v":[0.8,-0.89,-6.92],"sup":false,"spd":7.85,"cr":false,"ev":""}
129,2.15000,5.697722,21.305752,-55.664825,0.000000,1.000000,0.000000,0,0.000000,-0.892733,-6.920001,0.000000,-9.810000,0.000000,0,129,1,0
JS: {"t":2.18,"mode":"wallrun","wall":{"x":-1,"y":0,"z":0},"p":[5.7,21.31,-55.66],"v":[0.8,-0.93,-6.91],"sup":false,"spd":7.85,"cr":false,"ev":""}
130,2.16667,5.697708,21.290186,-55.779991,0.000000,1.000000,0.000000,0,0.000000,-0.933935,-6.910000,0.000000,-9.810000,0.000000,0,130,1,0
JS: {"t":2.2,"mode":"wallrun","wall":{"x":-1,"y":0,"z":0},"p":[5.7,21.29,-55.78],"v":[0.8,-0.98,-6.9],"sup":false,"spd":7.85,"cr":false,"ev":""}
131,2.18333,5.697719,21.273933,-55.894993,0.000000,1.000000,0.000000,0,0.000000,-0.975137,-6.900001,0.000000,-9.810000,0.000000,0,131,1,0
JS: {"t":2.22,"mode":"wallrun","wall":{"x":-1,"y":0,"z":0},"p":[5.7,21.27,-55.89],"v":[0.8,-1.02,-6.89],"sup":false,"spd":7.85,"cr":false,"ev":""}
132,2.20000,5.697707,21.256994,-56.009827,0.000000,1.000000,0.000000,0,0.000000,-1.016339,-6.890000,0.000000,-9.810000,0.000000,0,132,1,0
JS: {"t":2.23,"mode":"wallrun","wall":{"x":-1,"y":0,"z":0},"p":[5.7,21.26,-56.01],"v":[0.8,-1.06,-6.88],"sup":false,"spd":7.85,"cr":false,"ev":""}
133,2.21667,5.697717,21.239368,-56.124493,0.000000,1.000000,0.000000,0,0.000000,-1.057541,-6.880000,0.000000,-9.810000,0.000000,0,133,1,0
JS: {"t":2.25,"mode":"wallrun","wall":{"x":-1,"y":0,"z":0},"p":[5.7,21.24,-56.12],"v":[0.8,-1.1,-6.87],"sup":false,"spd":7.85,"cr":false,"ev":""}
134,2.23333,5.697705,21.221056,-56.238991,0.000000,1.000000,0.000000,0,0.000000,-1.098743,-6.870000,0.000000,-9.810000,0.000000,0,134,1,0
JS: {"t":2.27,"mode":"wallrun","wall":{"x":-1,"y":0,"z":0},"p":[5.7,21.22,-56.24],"v":[0.8,-1.14,-6.86],"sup":false,"spd":7.85,"cr":false,"ev":""}
135,2.25000,5.697714,21.202057,-56.353321,0.000000,1.000000,0.000000,0,0.000000,-1.139945,-6.860000,0.000000,-9.810000,0.000000,0,135,1,0
JS: {"t":2.28,"mode":"air","p":[5.7,21.2,-56.35],"v":[-1.2,-1.14,-6.86],"sup":false,"spd":7.85,"cr":false,"ev":""}
136,2.26667,5.677714,21.183058,-56.467655,0.000000,1.000000,0.000000,0,-1.200000,-1.139945,-6.860000,0.000000,-9.810000,0.000000,0,136,1,0
JS: {"t":2.3,"mode":"air","p":[5.68,21.18,-56.47],"v":[-1.18,-1.36,-6.86],"sup":false,"spd":7.85,"cr":false,"ev":""}
137,2.28333,5.658005,21.160379,-56.582039,0.000000,1.000000,0.000000,0,-1.182573,-1.360670,-6.863026,0.000000,-9.810000,0.000000,0,137,1,0
JS: {"t":2.32,"mode":"air","p":[5.66,21.16,-56.58],"v":[-1.17,-1.58,-6.87],"sup":false,"spd":7.85,"cr":false,"ev":""}
138,2.30000,5.638573,21.134024,-56.696468,0.000000,1.000000,0.000000,0,-1.165883,-1.581395,-6.865880,0.000000,-9.810000,0.000000,0,138,1,0
JS: {"t":2.33,"mode":"air","p":[5.64,21.13,-56.7],"v":[-1.15,-1.8,-6.87],"sup":false,"spd":7.85,"cr":false,"ev":""}
139,2.31667,5.619409,21.103989,-56.810944,0.000000,1.000000,0.000000,0,-1.149881,-1.802120,-6.868578,0.000000,-9.810000,0.000000,0,139,1,0
JS: {"t":2.35,"mode":"air","p":[5.62,21.1,-56.81],"v":[-1.13,-2.02,-6.87],"sup":false,"spd":7.85,"cr":false,"ev":""}
140,2.33333,5.600500,21.070274,-56.925461,0.000000,1.000000,0.000000,0,-1.134520,-2.022846,-6.871132,0.000000,-9.810000,0.000000,0,140,1,0
JS: {"t":2.37,"mode":"air","p":[5.6,21.07,-56.93],"v":[-1.12,-2.24,-6.87],"sup":false,"spd":7.85,"cr":false,"ev":""}
141,2.35000,5.581838,21.032881,-57.040020,0.000000,1.000000,0.000000,0,-1.119758,-2.243571,-6.873553,0.000000,-9.810000,0.000000,0,141,1,0
JS: {"t":2.38,"mode":"air","p":[5.58,21.03,-57.04],"v":[-1.11,-2.46,-6.88],"sup":false,"spd":7.85,"cr":false,"ev":""}
142,2.36667,5.563412,20.991810,-57.154617,0.000000,1.000000,0.000000,0,-1.105559,-2.464296,-6.875852,0.000000,-9.810000,0.000000,0,142,1,0
JS: {"t":2.4,"mode":"air","p":[5.56,20.99,-57.15],"v":[-1.09,-2.69,-6.88],"sup":false,"spd":7.85,"cr":false,"ev":""}
143,2.38333,5.545214,20.947060,-57.269253,0.000000,1.000000,0.000000,0,-1.091886,-2.685021,-6.878036,0.000000,-9.810000,0.000000,0,143,1,0
JS: {"t":2.42,"mode":"air","p":[5.55,20.95,-57.27],"v":[-1.08,-2.91,-6.88],"sup":false,"spd":7.85,"cr":false,"ev":""}
144,2.40000,5.527235,20.898630,-57.383923,0.000000,1.000000,0.000000,0,-1.078708,-2.905746,-6.880115,0.000000,-9.810000,0.000000,0,144,1,0
JS: {"t":2.43,"mode":"air","p":[5.53,20.9,-57.38],"v":[-1.07,-3.13,-6.88],"sup":false,"spd":7.85,"cr":false,"ev":""}
145,2.41667,5.509469,20.846521,-57.498623,0.000000,1.000000,0.000000,0,-1.065996,-3.126471,-6.882096,0.000000,-9.810000,0.000000,0,145,1,0
JS: {"t":2.45,"mode":"air","p":[5.51,20.85,-57.5],"v":[-1.05,-3.35,-6.88],"sup":false,"spd":7.85,"cr":false,"ev":""}
146,2.43333,5.491907,20.790735,-57.613358,0.000000,1.000000,0.000000,0,-1.053723,-3.347196,-6.883986,0.000000,-9.810000,0.000000,0,146,1,0
JS: {"t":2.47,"mode":"air","p":[5.49,20.79,-57.61],"v":[-1.04,-3.57,-6.89],"sup":false,"spd":7.85,"cr":false,"ev":""}
147,2.45000,5.474542,20.731270,-57.728119,0.000000,1.000000,0.000000,0,-1.041864,-3.567921,-6.885791,0.000000,-9.810000,0.000000,0,147,1,0
JS: {"t":2.48,"mode":"air","p":[5.47,20.73,-57.73],"v":[-1.03,-3.79,-6.89],"sup":false,"spd":7.85,"cr":false,"ev":""}
148,2.46667,5.457369,20.668125,-57.842911,0.000000,1.000000,0.000000,0,-1.030397,-3.788646,-6.887516,0.000000,-9.810000,0.000000,0,148,1,0
JS: {"t":2.5,"mode":"air","p":[5.46,20.67,-57.84],"v":[-1.02,-4.01,-6.89],"sup":false,"spd":7.85,"cr":false,"ev":""}
149,2.48333,5.440381,20.601303,-57.957729,0.000000,1.000000,0.000000,0,-1.019301,-4.009371,-6.889167,0.000000,-9.810000,0.000000,0,149,1,0
JS: {"t":2.52,"mode":"air","p":[5.44,20.6,-57.96],"v":[-1.01,-4.23,-6.89],"sup":false,"spd":7.85,"cr":false,"ev":""}
150,2.50000,5.423571,20.530802,-58.072575,0.000000,1.000000,0.000000,0,-1.008555,-4.230096,-6.890748,0.000000,-9.810000,0.000000,0,150,1,0
JS: {"t":2.53,"mode":"air","p":[5.42,20.53,-58.07],"v":[-1,-4.45,-6.89],"sup":false,"spd":7.85,"cr":false,"ev":""}
151,2.51667,5.406935,20.456621,-58.187447,0.000000,1.000000,0.000000,0,-0.998142,-4.450821,-6.892264,0.000000,-9.810000,0.000000,0,151,1,0
JS: {"t":2.55,"mode":"air","p":[5.41,20.46,-58.19],"v":[-0.99,-4.67,-6.89],"sup":false,"spd":7.85,"cr":false,"ev":""}
152,2.53333,5.390468,20.378761,-58.302341,0.000000,1.000000,0.000000,0,-0.988046,-4.671546,-6.893719,0.000000,-9.810000,0.000000,0,152,1,0
JS: {"t":2.57,"mode":"air","p":[5.39,20.38,-58.3],"v":[-0.98,-4.89,-6.9],"sup":false,"spd":7.85,"cr":false,"ev":""}
153,2.55000,5.374164,20.297224,-58.417259,0.000000,1.000000,0.000000,0,-0.978249,-4.892271,-6.895116,0.000000,-9.810000,0.000000,0,153,1,0
JS: {"t":2.58,"mode":"air","p":[5.37,20.3,-58.42],"v":[-0.97,-5.11,-6.9],"sup":false,"spd":7.85,"cr":false,"ev":""}
154,2.56667,5.358018,20.212008,-58.532200,0.000000,1.000000,0.000000,0,-0.968739,-5.112996,-6.896459,0.000000,-9.810000,0.000000,0,154,1,0
JS: {"t":2.6,"mode":"air","p":[5.36,20.21,-58.53],"v":[-0.96,-5.33,-6.9],"sup":false,"spd":7.85,"cr":false,"ev":""}
155,2.58333,5.342026,20.123112,-58.647163,0.000000,1.000000,0.000000,0,-0.959500,-5.333721,-6.897750,0.000000,-9.810000,0.000000,0,155,1,0
JS: {"t":2.62,"mode":"air","p":[5.34,20.12,-58.65],"v":[-0.95,-5.55,-6.9],"sup":false,"spd":7.85,"cr":false,"ev":""}
156,2.60000,5.326184,20.030539,-58.762146,0.000000,1.000000,0.000000,0,-0.950521,-5.554446,-6.898993,0.000000,-9.810000,0.000000,0,156,1,0
JS: {"t":2.63,"mode":"air","p":[5.33,20.03,-58.76],"v":[-0.94,-5.78,-6.9],"sup":false,"spd":7.85,"cr":false,"ev":""}
157,2.61667,5.310488,19.934286,-58.877148,0.000000,1.000000,0.000000,0,-0.941789,-5.775171,-6.900190,0.000000,-9.810000,0.000000,0,157,1,0
JS: {"t":2.65,"mode":"air","p":[5.31,19.93,-58.88],"v":[-0.93,-6,-6.9],"sup":false,"spd":7.85,"cr":false,"ev":""}
158,2.63333,5.294933,19.834354,-58.992168,0.000000,1.000000,0.000000,0,-0.933294,-5.995896,-6.901345,0.000000,-9.810000,0.000000,0,158,1,0
JS: {"t":2.67,"mode":"traverse","p":[5.29,19.83,-58.99],"v":[0,3.6,0],"sup":false,"spd":7.85,"cr":false,"ev":"ledge"}
159,2.65000,5.294933,19.894354,-58.992168,0.000000,1.000000,0.000000,0,0.000000,3.600000,0.000000,0.000000,-9.810000,0.000000,0,159,1,0
JS: {"t":2.68,"mode":"traverse","p":[5.29,19.89,-58.99],"v":[-0.05,3.6,-0.4],"sup":false,"spd":7.85,"cr":false,"ev":""}
160,2.66667,5.294039,19.954353,-58.998775,0.000000,1.000000,0.000000,0,-0.053605,3.600000,-0.396392,0.000000,-9.810000,0.000000,0,160,1,0
JS: {"t":2.7,"mode":"traverse","p":[5.29,19.95,-59],"v":[-0.05,3.6,-0.4],"sup":false,"spd":7.85,"cr":false,"ev":""}
161,2.68333,5.293146,20.014353,-59.005383,0.000000,1.000000,0.000000,0,-0.053605,3.600000,-0.396392,0.000000,-9.810000,0.000000,0,161,1,0
JS: {"t":2.72,"mode":"traverse","p":[5.29,20.01,-59.01],"v":[-0.05,3.6,-0.4],"sup":false,"spd":7.85,"cr":false,"ev":""}
162,2.70000,5.292252,20.074352,-59.011990,0.000000,1.000000,0.000000,0,-0.053605,3.600000,-0.396392,0.000000,-9.810000,0.000000,0,162,1,0
JS: {"t":2.73,"mode":"traverse","p":[5.29,20.07,-59.01],"v":[-0.05,3.6,-0.4],"sup":false,"spd":7.85,"cr":false,"ev":""}
163,2.71667,5.291358,20.134352,-59.018597,0.000000,1.000000,0.000000,0,-0.053605,3.600000,-0.396392,0.000000,-9.810000,0.000000,0,163,1,0
JS: {"t":2.75,"mode":"traverse","p":[5.29,20.13,-59.02],"v":[-0.05,1.54,-0.4],"sup":false,"spd":7.85,"cr":false,"ev":""}
164,2.73333,5.290465,20.160000,-59.025204,0.000000,1.000000,0.000000,0,-0.053605,1.538896,-0.396392,0.000000,-9.810000,0.000000,0,164,1,0
JS: {"t":2.77,"mode":"traverse","p":[5.29,20.16,-59.03],"v":[-0.54,0,-3.96],"sup":false,"spd":7.85,"cr":false,"ev":""}
165,2.75000,5.281531,20.160000,-59.091270,0.000000,1.000000,0.000000,0,-0.536055,0.000000,-3.963918,0.000000,-9.810000,0.000000,0,165,1,0
JS: {"t":2.78,"mode":"traverse","p":[5.28,20.16,-59.09],"v":[-0.54,0,-3.96],"sup":false,"spd":7.85,"cr":false,"ev":""}
166,2.76667,5.272597,20.160000,-59.157337,0.000000,1.000000,0.000000,0,-0.536055,0.000000,-3.963918,0.000000,-9.810000,0.000000,0,166,1,0
JS: {"t":2.8,"mode":"traverse","p":[5.27,20.16,-59.16],"v":[-0.54,0,-3.96],"sup":false,"spd":7.85,"cr":false,"ev":""}
167,2.78333,5.263663,20.160000,-59.223404,0.000000,1.000000,0.000000,0,-0.536055,0.000000,-3.963918,0.000000,-9.810000,0.000000,0,167,1,0
JS: {"t":2.82,"mode":"traverse","p":[5.26,20.16,-59.22],"v":[-0.54,0,-3.96],"sup":false,"spd":7.85,"cr":false,"ev":""}
168,2.80000,5.254729,20.160000,-59.289471,0.000000,1.000000,0.000000,0,-0.536055,0.000000,-3.963918,0.000000,-9.810000,0.000000,0,168,1,0
JS: {"t":2.83,"mode":"traverse","p":[5.25,20.16,-59.29],"v":[-0.54,0,-3.96],"sup":false,"spd":7.85,"cr":false,"ev":""}
169,2.81667,5.245795,20.160000,-59.355537,0.000000,1.000000,0.000000,0,-0.536055,0.000000,-3.963918,0.000000,-9.810000,0.000000,0,169,1,0
JS: {"t":2.85,"mode":"traverse","p":[5.25,20.16,-59.36],"v":[-0.54,0,-3.96],"sup":false,"spd":7.85,"cr":false,"ev":""}
170,2.83333,5.236861,20.160000,-59.421604,0.000000,1.000000,0.000000,0,-0.536055,0.000000,-3.963918,0.000000,-9.810000,0.000000,0,170,1,0
JS: {"t":2.87,"mode":"traverse","p":[5.24,20.16,-59.42],"v":[-0.54,0,-3.96],"sup":false,"spd":7.85,"cr":false,"ev":""}
171,2.85000,5.227927,20.160000,-59.487671,0.000000,1.000000,0.000000,0,-0.536055,0.000000,-3.963918,0.000000,-9.810000,0.000000,0,171,1,0
JS: {"t":2.88,"mode":"traverse","p":[5.23,20.16,-59.49],"v":[-0.54,0,-3.96],"sup":false,"spd":7.85,"cr":false,"ev":""}
172,2.86667,5.218993,20.160000,-59.553738,0.000000,1.000000,0.000000,0,-0.536055,0.000000,-3.963918,0.000000,-9.810000,0.000000,0,172,1,0
JS: {"t":2.9,"mode":"traverse","p":[5.22,20.16,-59.55],"v":[-0.54,0,-3.96],"sup":false,"spd":7.85,"cr":false,"ev":""}
173,2.88333,5.210059,20.160000,-59.619804,0.000000,1.000000,0.000000,0,-0.536055,0.000000,-3.963918,0.000000,-9.810000,0.000000,0,173,1,0
JS: {"t":2.92,"mode":"air","p":[5.21,20.16,-59.62],"v":[-0.93,-0.5,-6.9],"sup":false,"spd":7.85,"cr":false,"ev":""}
JS: checkpoint 2 2.60
174,2.90000,5.194504,20.151667,-59.734825,0.000000,1.000000,0.000000,0,-0.933294,-0.500000,-6.901345,0.000000,-9.810000,0.000000,0,174,1,0
JS: {"t":2.93,"mode":"air","p":[5.19,20.15,-59.73],"v":[-0.93,-0.72,-6.9],"sup":false,"spd":7.85,"cr":false,"ev":""}
175,2.91667,5.179087,20.139654,-59.849865,0.000000,1.000000,0.000000,1,-0.925024,-0.720725,-6.902458,0.000000,-9.810000,0.000000,0,175,1,0
JS: {"t":2.95,"mode":"ground","p":[5.18,20.14,-59.85],"v":[-0.42,-0.6,-7.45],"sup":true,"spd":7.9,"cr":false,"ev":""}
176,2.93333,5.172169,20.131042,-59.938633,0.000000,1.000000,0.000000,1,-0.415060,3.078651,-5.325978,0.000000,-9.810000,0.000000,0,176,1,0
JS: {"t":2.97,"mode":"ground","p":[5.17,20.13,-59.94],"v":[-0.3,-0.6,-6.07],"sup":true,"spd":7.89,"cr":false,"ev":""}
177,2.95000,5.167247,20.133484,-60.033504,0.000000,1.000000,0.000000,1,-0.295308,1.189572,-5.692378,0.000000,-9.810000,0.000000,0,177,1,0
JS: {"t":2.98,"mode":"ground","p":[5.17,20.13,-60.03],"v":[-0.2,-0.6,-6.44],"sup":true,"spd":7.94,"cr":false,"ev":""}
178,2.96667,5.163952,20.120001,-60.140770,0.000000,1.000000,0.000000,1,-0.197699,0.000000,-6.435999,0.000000,-9.810000,0.000000,0,178,1,0
JS: {"t":3,"mode":"ground","p":[5.16,20.12,-60.14],"v":[-0.1,-0.6,-7.18],"sup":true,"spd":7.99,"cr":false,"ev":""}
179,2.98333,5.162233,20.120001,-60.260437,0.000000,1.000000,0.000000,1,-0.103174,0.000000,-7.180019,0.000000,-9.810000,0.000000,0,179,1,0
libEGL warning: Not allowed to force software rendering when API explicitly selects a hardware device.
Renderer fragment texture units: 32 (material path uses 12)
World state: disk saves disabled for additive compositions
Project: Judas Developer Integration (/tmp/judas-m65-rooftop-1158p7tf/wallrun/m65_integration.judasproj)
Scene: Rooftop Run (/tmp/judas-m65-rooftop-1158p7tf/wallrun/Scenes/rooftops.judas)
World origin (m): 0.000, 0.000, 0.000
ALSA lib confmisc.c:855:(parse_card) [error.core] cannot find card '0'
ALSA lib conf.c:5211:(_snd_config_evaluate) [error.core] function snd_func_card_id returned error: No such file or directory
ALSA lib confmisc.c:422:(snd_func_concat) [error.core] error evaluating strings
ALSA lib conf.c:5211:(_snd_config_evaluate) [error.core] function snd_func_concat returned error: No such file or directory
ALSA lib confmisc.c:1342:(snd_func_refer) [error.core] error evaluating name
ALSA lib conf.c:5211:(_snd_config_evaluate) [error.core] function snd_func_refer returned error: No such file or directory
ALSA lib conf.c:5734:(snd_config_expand) [error.core] Evaluate error: No such file or directory
ALSA lib pcm.c:2722:(snd_pcm_open_noupdate) [error.pcm] Unknown PCM dmix
ALSA lib confmisc.c:855:(parse_card) [error.core] cannot find card '0'
ALSA lib conf.c:5211:(_snd_config_evaluate) [error.core] function snd_func_card_id returned error: No such file or directory
ALSA lib confmisc.c:422:(snd_func_concat) [error.core] error evaluating strings
ALSA lib conf.c:5211:(_snd_config_evaluate) [error.core] function snd_func_concat returned error: No such file or directory
ALSA lib confmisc.c:1342:(snd_func_refer) [error.core] error evaluating name
ALSA lib conf.c:5211:(_snd_config_evaluate) [error.core] function snd_func_refer returned error: No such file or directory
ALSA lib conf.c:5734:(snd_config_expand) [error.core] Evaluate error: No such file or directory
ALSA lib pcm.c:2722:(snd_pcm_open_noupdate) [error.pcm] Unknown PCM dmix:0
ALSA lib confmisc.c:855:(parse_card) [error.core] cannot find card '0'
ALSA lib conf.c:5211:(_snd_config_evaluate) [error.core] function snd_func_card_id returned error: No such file or directory
ALSA lib confmisc.c:422:(snd_func_concat) [error.core] error evaluating strings
ALSA lib conf.c:5211:(_snd_config_evaluate) [error.core] function snd_func_concat returned error: No such file or directory
ALSA lib confmisc.c:1342:(snd_func_refer) [error.core] error evaluating name
ALSA lib conf.c:5211:(_snd_config_evaluate) [error.core] function snd_func_refer returned error: No such file or directory
ALSA lib conf.c:5734:(snd_config_expand) [error.core] Evaluate error: No such file or directory
ALSA lib pcm.c:2722:(snd_pcm_open_noupdate) [error.pcm] Unknown PCM dmix:0,0
ALSA lib confmisc.c:165:(snd_config_get_card) [error.core] Cannot get card index for 0
ALSA lib confmisc.c:165:(snd_config_get_card) [error.core] Cannot get card index for 0
ALSA lib confmisc.c:165:(snd_config_get_card) [error.core] Cannot get card index for 0
Cannot connect to server socket err = Operation not permitted
Cannot connect to server request channel
jack server is not running or cannot be started
JackShmReadWritePtr::~JackShmReadWritePtr - Init not done for -1, skipping unlock
JackShmReadWritePtr::~JackShmReadWritePtr - Init not done for -1, skipping unlock
