CASE combined PASS stored_J=-2892.1234130859375 chemical_J=4500.0001555308672 gas_J=1199.9999761184024 heater_J=121.66511597972978 environment_J=-6313.8165371769182 residual_J=0.027828698785924644 allowed_round_J=25.466856361869002 max_step_residual_J=0.015292252542128182 max_independent_power_relative=3.3889273772446396e-07
CASE registration_reversed PASS stored_J=-2892.1234130859375 chemical_J=4500.0001555308672 gas_J=1199.9999761184024 heater_J=121.66511597972978 environment_J=-6313.8165371769182 residual_J=0.027828698785924644 allowed_round_J=25.466856361869002 max_step_residual_J=0.015292252542128182 max_independent_power_relative=3.3889273772446396e-07
CASE rotated_translated PASS stored_J=-2892.1234130859375 chemical_J=4500.0001555308745 gas_J=1199.9999745925227 heater_J=121.66510072093911 environment_J=-6313.8165961775721 residual_J=0.02790143234324205 allowed_round_J=25.466856362081835 max_step_residual_J=0.015290746365860031 max_independent_power_relative=4.2886049955274146e-07
CASE common_boost PASS stored_J=-2892.1234130859375 chemical_J=4500.0001555308672 gas_J=1199.9999761184024 heater_J=121.66511597972978 environment_J=-6313.8165371769182 residual_J=0.027828698785924644 allowed_round_J=25.466856361869002 max_step_residual_J=0.015292252542128182 max_independent_power_relative=2.8609581481268588e-07
CASE below_ignition PASS final_T=300 fuel=0.10000000149011612
CASE zero_oxidizer PASS final_T=332.998566 fuel=0.10000000149011612
CASE vacuum PASS final_T=410 fuel=0.10000000149011612
CASE cooling_extinction PASS final_T=333.001465 fuel=0.099983493843817786
CASE heater_normalization PASS stored_J=1.666259765625 input_J=1.666666753590107
FAIL stiff_vacuum_cooling measured actual exchange closes state budget
STIFF FIRST stiff_vacuum_cooling oldA_K=1500 oldB_K=0 nextA_K=1 nextB_K=0 stored_J=-1499 actual_external_J=-4784.3788953581243 residual_J=3285.3788953581243
CASE stiff_vacuum_cooling FAIL finite_bounded=1 worst_energy_residual_J=3285.3788953581243
FAIL stiff_reservoir_heating passive maximum principle
STIFF FIRST stiff_reservoir_heating oldA_K=100 oldB_K=0 nextA_K=33433.32421875 nextB_K=0 stored_J=333.33323473692144 actual_external_J=333.3332530617663 residual_J=-1.8324844859307632e-05
FAIL stiff_reservoir_heating passive maximum principle
FAIL stiff_reservoir_heating measured actual exchange closes state budget
FAIL stiff_reservoir_heating passive maximum principle
FAIL stiff_reservoir_heating passive maximum principle
FAIL stiff_reservoir_heating measured actual exchange closes state budget
FAIL stiff_reservoir_heating passive maximum principle
FAIL stiff_reservoir_heating passive maximum principle
FAIL stiff_reservoir_heating measured actual exchange closes state budget
FAIL stiff_reservoir_heating passive maximum principle
FAIL stiff_reservoir_heating passive maximum principle
FAIL stiff_reservoir_heating measured actual exchange closes state budget
FAIL stiff_reservoir_heating passive maximum principle
FAIL stiff_reservoir_heating passive maximum principle
FAIL stiff_reservoir_heating measured actual exchange closes state budget
FAIL stiff_reservoir_heating passive maximum principle
FAIL stiff_reservoir_heating passive maximum principle
FAIL stiff_reservoir_heating measured actual exchange closes state budget
FAIL stiff_reservoir_heating passive maximum principle
FAIL stiff_reservoir_heating passive maximum principle
FAIL stiff_reservoir_heating measured actual exchange closes state budget
FAIL stiff_reservoir_heating passive maximum principle
FAIL stiff_reservoir_heating passive maximum principle
FAIL stiff_reservoir_heating measured actual exchange closes state budget
FAIL stiff_reservoir_heating passive maximum principle
FAIL stiff_reservoir_heating passive maximum principle
FAIL stiff_reservoir_heating measured actual exchange closes state budget
FAIL stiff_reservoir_heating passive maximum principle
FAIL stiff_reservoir_heating passive maximum principle
FAIL stiff_reservoir_heating measured actual exchange closes state budget
FAIL stiff_reservoir_heating passive maximum principle
FAIL stiff_reservoir_heating passive maximum principle
FAIL stiff_reservoir_heating measured actual exchange closes state budget
FAIL stiff_reservoir_heating passive maximum principle
FAIL stiff_reservoir_heating passive maximum principle
FAIL stiff_reservoir_heating measured actual exchange closes state budget
CASE stiff_reservoir_heating FAIL finite_bounded=0 worst_energy_residual_J=82058.862741310848
FAIL stiff_pair passive maximum principle
FAIL stiff_pair measured actual exchange closes state budget
STIFF FIRST stiff_pair oldA_K=1500 oldB_K=100 nextA_K=1 nextB_K=147.84283447265625 stored_J=3285.283447265625 actual_external_J=0 residual_J=3285.283447265625
CASE stiff_pair FAIL finite_bounded=0 worst_energy_residual_J=3285.283447265625
FAIL stiff_pair_reversed passive maximum principle
FAIL stiff_pair_reversed measured actual exchange closes state budget
STIFF FIRST stiff_pair_reversed oldA_K=1500 oldB_K=100 nextA_K=1 nextB_K=147.84283447265625 stored_J=3285.283447265625 actual_external_J=0 residual_J=3285.283447265625
CASE stiff_pair_reversed FAIL finite_bounded=0 worst_energy_residual_J=3285.283447265625
FAIL positive temperature zero-input state remains unchanged
CASE zero_input_positive_temperature FAIL initial_K=0.5 final_K=1 unexplained_J=150
FTFT8 thermal accounting: 14 cases, 1778 steps, 18685 checks, 42 failures
