independent_player_sweeps: exit=0, 0.004s
gravity_explicit: exit=0, 0.164s
classic_near: exit=0, 2.669s
classic_far: exit=0, 2.820s
terrain_near: exit=0, 3.722s
terrain_far: exit=0, 3.723s
broadphase_1: exit=0, 20.856s
broadphase_2: exit=0, 20.254s
broadphase_3: exit=0, 20.256s
broadphase_4: exit=0, 20.663s
broadphase_5: exit=0, 20.458s
broadphase_6: exit=0, 20.056s
broadphase_7: exit=0, 20.355s
{
  "phase": "final",
  "overall_pass": true,
  "checks": {
    "full_production_and_async": true,
    "independent_21_player_sweeps": true,
    "geometry_predicate_diagnostics": true,
    "ftft1_smoke": true,
    "ftft3_construction": true,
    "four_complete_900_step_walks": true,
    "classic_near_far_identical": true,
    "terrain_near_far_identical": true,
    "walk_fixture_unchanged": true,
    "performance_fixtures_pass": true,
    "benchmark_fixture_unchanged_except_diagnostics": true,
    "sources_unchanged_during_run": true,
    "protected_unchanged": true
  },
  "seconds": 326.10603928399905,
  "performance": {
    "total_ms": {
      "median": 20.979,
      "min": 20.295,
      "max": 27.958
    },
    "broadphase_ms": {
      "median": 2.877,
      "min": 2.596,
      "max": 4.96
    },
    "narrowphase_ms": {
      "median": 12.226,
      "min": 11.895,
      "max": 15.987
    },
    "solver_ms": {
      "median": 3.172,
      "min": 2.841,
      "max": 4.685
    }
  }
}
