PASS production audio without device
PASS normal current lab project
PASS normal audio fixture builds using authoritative colliders
PASS real resident collider sets obstruction gain/filter
PASS bounded query diagnostics from actual PhysicsWorld
PASS muted master does not spend obstruction queries
PASS disabled/open collider restores unblocked targets
PASS real collider drives audible PCM attenuation/filter rather than just a flag
OCCLUSION blocked_rms=0.000980602 open_rms=0.004415260
PASS existing collision include mask filters wall
PASS normal sensor geometry excluded from audio ray
PASS wall without entity wrapper still obstructs
PASS repeated buffered shots have independent voices
PASS component disable releases every owned one-shot
PASS full Stop cleans normal voices and effects
PASS manual shot world
PASS stopped emitter has no ray until independent shot plays
PASS independent shot participates in bounded obstruction demand
PASS attached emitter hierarchy
PASS rotating attached offset uses angular point velocity
PASS teleport resets motion instead of making pitch spike
PASS oriented equal-priority authored zones
PASS zone impulse actual PCM
PASS overlapping zones share one bounded processor
PASS oriented equal-priority authored zones
PASS zone impulse actual PCM
PASS overlapping zones share one bounded processor
PASS equal-priority zone selection independent from authored traversal order
PASS normal bounded performance world
WORKLOAD mode=0 voices=0 streams=0 PCM=0 buffered=576000 reverb=0 rays=0 retirements=0 underruns=0 audio_work_median_ms=0.00313 audio_work_p95_ms=0.00757 audio_work_max_ms=0.01473 control_median_ms=0.00225 control_p95_ms=0.00414 control_max_ms=0.01374 DSP_median_ms=0.00088 DSP_p95_ms=0.00142 DSP_max_ms=0.01091
PASS requested modest workload voices created
PASS normal bounded performance world
WORKLOAD mode=1 voices=8 streams=0 PCM=0 buffered=576000 reverb=0 rays=0 retirements=0 underruns=0 audio_work_median_ms=0.06885 audio_work_p95_ms=0.34416 audio_work_max_ms=0.63338 control_median_ms=0.00776 control_p95_ms=0.03855 control_max_ms=0.06358 DSP_median_ms=0.06108 DSP_p95_ms=0.30486 DSP_max_ms=0.57804
PASS requested modest workload voices created
PASS normal bounded performance world
WORKLOAD mode=2 voices=8 streams=1 PCM=131072 buffered=576000 reverb=1 rays=420 retirements=0 underruns=0 audio_work_median_ms=0.13878 audio_work_p95_ms=0.64780 audio_work_max_ms=1.05115 control_median_ms=0.01378 control_p95_ms=0.04806 control_max_ms=0.13773 DSP_median_ms=0.12303 DSP_p95_ms=0.57675 DSP_max_ms=0.98822
PASS requested modest workload voices created
PASS normal bounded performance world
WORKLOAD mode=3 voices=32 streams=1 PCM=131072 buffered=576000 reverb=1 rays=480 retirements=0 underruns=0 audio_work_median_ms=0.35853 audio_work_p95_ms=0.45921 audio_work_max_ms=0.86991 control_median_ms=0.02593 control_p95_ms=0.05098 control_max_ms=0.07272 DSP_median_ms=0.32881 DSP_p95_ms=0.40407 DSP_max_ms=0.79718
PASS requested modest workload voices created
PASS current streamed game project
PASS registered streamed root scene
PASS audio root through ordinary world path
PASS normal world manifest coordinator
PASS root music streaming cursor advances
PASS independent demands activate one gallery
PASS ordinary carry ownership adoption
PASS adopted buffered source finishes independent readiness
PASS root voice identity remains unchanged
PASS second demand keeps gallery active
PASS gallery unload reaches unloaded without decoder wait
PASS root music continues without restart/duplication
PASS adopted emitter keeps original voice after birthplace removal
PASS local stream resources retire after each trip
PASS independent demands activate one gallery
PASS root voice identity remains unchanged
PASS second demand keeps gallery active
PASS gallery unload reaches unloaded without decoder wait
PASS root music continues without restart/duplication
PASS adopted emitter keeps original voice after birthplace removal
PASS local stream resources retire after each trip
PASS independent demands activate one gallery
PASS root voice identity remains unchanged
PASS second demand keeps gallery active
PASS gallery unload reaches unloaded without decoder wait
PASS root music continues without restart/duplication
PASS adopted emitter keeps original voice after birthplace removal
PASS local stream resources retire after each trip
PASS cancelled preparation cannot resurrect stream
PASS whole-world teardown clears voices/retirements/zones
SUMMARY checks=65 failures=0
