[  0%] Built target judas_icu_build
[  0%] Built target judas_quickjs
[  0%] Built target judas_app_icon
[ 18%] Built target freetype
[ 25%] Built target judas_glad
[ 31%] Built target judas_navigation_backend
[ 31%] Built target judas_profiler
[ 31%] Built target judas_audio_backend
[ 31%] Built target judas_materials
[ 31%] Built target harfbuzz
[100%] Built target judas_engine
[100%] Building CXX object CMakeFiles/judas_post_consumer_metadata_tests.dir/tests/PostConsumerMetadataTests.cpp.o
/home/conner/Documents/GitHub/Project-Judas/tests/PostConsumerMetadataTests.cpp: In function ‘int main()’:
/home/conner/Documents/GitHub/Project-Judas/tests/PostConsumerMetadataTests.cpp:40:48: error: conflicting declaration ‘SceneObject owner’
   40 |  auto target=stream.Resolve("a",1);SceneObject owner;owner.scripts={{1,asset.id,true,"{\"ref\":{\"entity\":\""+std::to_string(target)+"\"}}"},{2,asset.id,true,"{}"}};auto ownerId=resident.CreateEntity(owner,nullptr,&error);require(ownerId!=0,"ordinary external multi-slot owner");resident.FixedScripts(nullptr,.016f);stream.Release(demand);stream.Advance(false);
      |                                                ^~~~~
/home/conner/Documents/GitHub/Project-Judas/tests/PostConsumerMetadataTests.cpp:18:20: note: previous declaration as ‘SceneObject& owner’
   18 |  Scene scene;auto& owner=scene.CreateObject("owner");auto id=owner.id;owner.scripts={{1,asset.id,true,"{\"ref\":{\"entity\":\"2\"}}"},{2,asset.id,true,"{}"}};
      |                    ^~~~~
gmake[3]: *** [CMakeFiles/judas_post_consumer_metadata_tests.dir/build.make:79: CMakeFiles/judas_post_consumer_metadata_tests.dir/tests/PostConsumerMetadataTests.cpp.o] Error 1
gmake[2]: *** [CMakeFiles/Makefile2:7467: CMakeFiles/judas_post_consumer_metadata_tests.dir/all] Error 2
gmake[1]: *** [CMakeFiles/Makefile2:7474: CMakeFiles/judas_post_consumer_metadata_tests.dir/rule] Error 2
gmake: *** [Makefile:2399: judas_post_consumer_metadata_tests] Error 2
