[  0%] Built target judas_quickjs
[  0%] Built target judas_icu_build
[  0%] Built target judas_app_icon
[ 17%] Built target freetype
[ 23%] Built target judas_glad
[ 23%] Built target judas_profiler
[ 29%] Built target judas_navigation_backend
[ 29%] Built target judas_audio_backend
[ 29%] Built target judas_materials
[ 29%] Built target harfbuzz
[ 94%] Built target judas_engine
[100%] Built target judas
[  0%] Built target judas_icu_build
[  0%] Built target judas_app_icon
[  0%] Built target judas_quickjs
[ 18%] Built target freetype
[ 25%] Built target judas_glad
[ 25%] Built target judas_profiler
[ 31%] Built target judas_navigation_backend
[ 31%] Built target judas_audio_backend
[ 31%] Built target judas_materials
[ 31%] Built target harfbuzz
[100%] Built target judas_engine
[100%] Built target judas_consumer_review
[  0%] Built target judas_icu_build
[  0%] Built target judas_quickjs
[  0%] Built target judas_app_icon
[ 18%] Built target freetype
[ 25%] Built target judas_glad
[ 31%] Built target judas_profiler
[ 31%] Built target judas_navigation_backend
[ 31%] Built target judas_audio_backend
[ 31%] Built target judas_materials
[ 31%] Built target harfbuzz
[100%] Built target judas_engine
[100%] Built target judas_post_consumer_query_tests
[  0%] Built target judas_icu_build
[  0%] Built target judas_app_icon
[  0%] Built target judas_quickjs
[ 18%] Built target freetype
[ 25%] Built target judas_glad
[ 25%] Built target judas_profiler
[ 31%] Built target judas_navigation_backend
[ 31%] Built target judas_audio_backend
[ 31%] Built target judas_materials
[ 31%] Built target harfbuzz
[100%] Built target judas_engine
[100%] Built target judas_post_consumer_metadata_tests
[  0%] Built target judas_icu_build
[  0%] Built target judas_quickjs
[  0%] Built target judas_app_icon
[ 18%] Built target freetype
[ 25%] Built target judas_glad
[ 25%] Built target judas_profiler
[ 31%] Built target judas_navigation_backend
[ 31%] Built target judas_audio_backend
[ 31%] Built target judas_materials
[ 31%] Built target harfbuzz
[100%] Built target judas_engine
[100%] Built target judas_post_consumer_ragdoll_tests
[  0%] Built target judas_icu_build
[  0%] Built target judas_app_icon
[  0%] Built target judas_quickjs
[ 18%] Built target freetype
[ 25%] Built target judas_glad
[ 31%] Built target judas_navigation_backend
[ 31%] Built target judas_profiler
[ 31%] Built target judas_audio_backend
[ 31%] Built target judas_materials
[ 31%] Built target harfbuzz
[100%] Built target judas_engine
[100%] Built target judas_streaming_tests
