[  0%] Built target judas_icu_build
[  0%] Built target judas_quickjs
[  0%] Built target judas_app_icon
[  5%] Built target judas_glad
[ 23%] Built target freetype
[ 29%] Built target judas_navigation_backend
[ 29%] Built target judas_profiler
[ 29%] Built target judas_audio_backend
[ 29%] Built target judas_materials
[ 29%] Built target harfbuzz
[ 29%] Building CXX object CMakeFiles/judas_engine.dir/src/WorldStreaming.cpp.o
[ 29%] Building CXX object CMakeFiles/judas_engine.dir/src/SceneSerialization.cpp.o
[ 29%] Building CXX object CMakeFiles/judas_engine.dir/src/PhysicsWorld.cpp.o
/home/conner/Documents/GitHub/Project-Judas/src/WorldStreaming.cpp: In lambda function:
/home/conner/Documents/GitHub/Project-Judas/src/WorldStreaming.cpp:303:21: warning: this ‘for’ clause does not guard... [-Wmisleading-indentation]
  303 |                     for(auto& o:input.Objects())local.insert(o.id);for(auto& frame:product->externalParents)if(!local.count(frame.id))input.Objects().push_back(frame);
      |                     ^~~
/home/conner/Documents/GitHub/Project-Judas/src/WorldStreaming.cpp:303:68: note: ...this statement, but the latter is misleadingly indented as if it were guarded by the ‘for’
  303 |                     for(auto& o:input.Objects())local.insert(o.id);for(auto& frame:product->externalParents)if(!local.count(frame.id))input.Objects().push_back(frame);
      |                                                                    ^~~
[ 29%] Linking CXX static library libjudas_engine.a
[ 94%] Built target judas_engine
[ 94%] Linking CXX executable judas
[100%] Built target judas
[  0%] Built target judas_icu_build
[  0%] Built target judas_quickjs
[  0%] Built target judas_app_icon
[ 18%] Built target freetype
[ 25%] Built target judas_glad
[ 31%] Built target judas_navigation_backend
[ 31%] Built target judas_profiler
[ 31%] Built target judas_audio_backend
[ 31%] Built target judas_materials
[ 31%] Built target harfbuzz
[100%] Built target judas_engine
[100%] Linking CXX executable judas_consumer_review
[100%] Built target judas_consumer_review
[  0%] Built target judas_icu_build
[  0%] Built target judas_app_icon
[  0%] Built target judas_quickjs
[ 18%] Built target freetype
[ 25%] Built target judas_glad
[ 25%] Built target judas_profiler
[ 31%] Built target judas_navigation_backend
[ 31%] Built target judas_audio_backend
[ 31%] Built target judas_materials
[ 31%] Built target harfbuzz
[100%] Built target judas_engine
[100%] Building CXX object CMakeFiles/judas_post_consumer_query_tests.dir/tests/PostConsumerQueryTests.cpp.o
/home/conner/Documents/GitHub/Project-Judas/tests/PostConsumerQueryTests.cpp: In function ‘int main()’:
/home/conner/Documents/GitHub/Project-Judas/tests/PostConsumerQueryTests.cpp:28:346: error: no matching function for call to ‘PhysicsWorld::CreateStaticBox(<brace-enclosed initializer list>, <brace-enclosed initializer list>)’
   28 |  auto sphere=w.CreateQueryCapsule(.3f,0,{{0,0,0},{1,0,0,0}});distance(w.Raycast({-2,0,0},{1,0,0},4),1.7f);require(sphere.id!=target.id,"slot reuse generation");PhysicsQueryFilter stale;stale.ignoredBodies={target};require(w.Raycast({-2,0,0},{1,0,0},4,stale).hit,"stale ignored generation does not hide reused body");auto nearer=w.CreateStaticBox({-1,0,0},{.1f,.1f,.1f});auto nearest=w.Raycast({-2,0,0},{1,0,0},4);distance(nearest,.9f);require(nearest.body.id==nearer.id,"nearest hit beats farther capsule");
      |                                                                                                                                                                                                                                                                                                                                         ~~~~~~~~~~~~~~~~~^~~~~~~~~~~~~~~~~~~~~~~~
/home/conner/Documents/GitHub/Project-Judas/tests/PostConsumerQueryTests.cpp:28:346: note: there are 2 candidates
In file included from /home/conner/Documents/GitHub/Project-Judas/tests/PostConsumerQueryTests.cpp:1:
/home/conner/Documents/GitHub/Project-Judas/src/PhysicsWorld.h:117:16: note: candidate 1: ‘BodyHandle PhysicsWorld::CreateStaticBox(const glm::vec3&, const glm::vec3&, float, float)’
  117 |     BodyHandle CreateStaticBox(const glm::vec3& position, const glm::vec3& halfExtents,
      |                ^~~~~~~~~~~~~~~
/home/conner/Documents/GitHub/Project-Judas/src/PhysicsWorld.h:117:16: note: candidate expects 4 arguments, 2 provided
/home/conner/Documents/GitHub/Project-Judas/src/PhysicsWorld.h:127:16: note: candidate 2: ‘BodyHandle PhysicsWorld::CreateStaticBox(const glm::vec3&, const glm::quat&, const glm::vec3&, float, float)’
  127 |     BodyHandle CreateStaticBox(const glm::vec3& position, const glm::quat& rotation,
      |                ^~~~~~~~~~~~~~~
/home/conner/Documents/GitHub/Project-Judas/src/PhysicsWorld.h:127:16: note: candidate expects 5 arguments, 2 provided
gmake[3]: *** [CMakeFiles/judas_post_consumer_query_tests.dir/build.make:79: CMakeFiles/judas_post_consumer_query_tests.dir/tests/PostConsumerQueryTests.cpp.o] Error 1
gmake[2]: *** [CMakeFiles/Makefile2:7425: CMakeFiles/judas_post_consumer_query_tests.dir/all] Error 2
gmake[1]: *** [CMakeFiles/Makefile2:7432: CMakeFiles/judas_post_consumer_query_tests.dir/rule] Error 2
gmake: *** [Makefile:2386: judas_post_consumer_query_tests] Error 2
