[  0%] Built target judas_icu_build
[  0%] Built target judas_app_icon
[  0%] Built target judas_quickjs
[ 17%] Built target freetype
[ 23%] Built target judas_glad
[ 23%] Built target judas_profiler
[ 29%] Built target judas_navigation_backend
[ 29%] Built target judas_audio_backend
[ 29%] Built target judas_materials
[ 29%] Built target harfbuzz
[ 29%] Building CXX object CMakeFiles/judas_engine.dir/src/WorldFracture.cpp.o
[ 29%] Building CXX object CMakeFiles/judas_engine.dir/src/WorldDeformables.cpp.o
[ 35%] Building CXX object CMakeFiles/judas_engine.dir/src/LiquidSystem.cpp.o
[ 35%] Building CXX object CMakeFiles/judas_engine.dir/src/NavigationSystem.cpp.o
[ 35%] Building CXX object CMakeFiles/judas_engine.dir/src/WorldAnimation.cpp.o
[ 35%] Building CXX object CMakeFiles/judas_engine.dir/src/WorldRagdoll.cpp.o
[ 35%] Building CXX object CMakeFiles/judas_engine.dir/src/WorldCharacter.cpp.o
[ 35%] Building CXX object CMakeFiles/judas_engine.dir/src/WorldStreaming.cpp.o
[ 35%] Building CXX object CMakeFiles/judas_engine.dir/src/WorldRegions.cpp.o
[ 41%] Building CXX object CMakeFiles/judas_engine.dir/src/WorldScripts.cpp.o
[ 41%] Building CXX object CMakeFiles/judas_engine.dir/src/ScriptSystem.cpp.o
[ 41%] Building CXX object CMakeFiles/judas_engine.dir/src/ProjectExporter.cpp.o
[ 41%] Building CXX object CMakeFiles/judas_engine.dir/src/WorldAudio.cpp.o
[ 41%] Building CXX object CMakeFiles/judas_engine.dir/src/ProductionFluidCoupling.cpp.o
[ 47%] Building CXX object CMakeFiles/judas_engine.dir/src/Prefab.cpp.o
[ 47%] Building CXX object CMakeFiles/judas_engine.dir/src/SceneFingerprint.cpp.o
[ 52%] Building CXX object CMakeFiles/judas_engine.dir/src/WorldDebugView.cpp.o
[ 52%] Building CXX object CMakeFiles/judas_engine.dir/src/SceneSession.cpp.o
[ 52%] Building CXX object CMakeFiles/judas_engine.dir/src/RuntimeWorld.cpp.o
[ 52%] Building CXX object CMakeFiles/judas_engine.dir/src/GameSession.cpp.o
[ 52%] Building CXX object CMakeFiles/judas_engine.dir/src/Simulation.cpp.o
[ 52%] Building CXX object CMakeFiles/judas_engine.dir/src/WorldPresentation.cpp.o
[ 52%] Building CXX object CMakeFiles/judas_engine.dir/src/GameplayHud.cpp.o
[ 52%] Building CXX object CMakeFiles/judas_engine.dir/src/InteractivePlay.cpp.o
[ 58%] Building CXX object CMakeFiles/judas_engine.dir/src/CoarseSimulation.cpp.o
[ 58%] Building CXX object CMakeFiles/judas_engine.dir/src/WorldState.cpp.o
[ 58%] Building CXX object CMakeFiles/judas_engine.dir/src/SaveStorage.cpp.o
[ 58%] Building CXX object CMakeFiles/judas_engine.dir/src/SaveService.cpp.o
[ 58%] Building CXX object CMakeFiles/judas_engine.dir/src/LiquidPersistence.cpp.o
[ 58%] Building CXX object CMakeFiles/judas_engine.dir/src/WorldPersistence.cpp.o
[ 64%] Building CXX object CMakeFiles/judas_engine.dir/src/PhysicsCastGeometry.cpp.o
[ 64%] Linking CXX static library libjudas_engine.a
[ 94%] Built target judas_engine
[ 94%] Building CXX object CMakeFiles/judas.dir/src/RuntimeDiagnostics.cpp.o
[ 94%] Building CXX object CMakeFiles/judas.dir/src/RuntimeOptions.cpp.o
[ 94%] Building CXX object CMakeFiles/judas.dir/src/Application.cpp.o
[ 94%] Building CXX object CMakeFiles/judas.dir/src/TestHarness.cpp.o
[ 94%] Linking CXX executable judas
[100%] Built target judas
[  0%] Built target judas_icu_build
[  0%] Built target judas_quickjs
[  0%] Built target judas_app_icon
[ 18%] Built target freetype
[ 18%] Built target judas_profiler
[ 25%] Built target judas_glad
[ 31%] Built target judas_navigation_backend
[ 31%] Built target judas_audio_backend
[ 31%] Built target judas_materials
[ 31%] Built target harfbuzz
[100%] Built target judas_engine
[100%] Building CXX object CMakeFiles/judas_consumer_review.dir/src/RuntimeOptions.cpp.o
[100%] Building CXX object CMakeFiles/judas_consumer_review.dir/src/Application.cpp.o
[100%] Building CXX object CMakeFiles/judas_consumer_review.dir/src/RuntimeDiagnostics.cpp.o
[100%] Building CXX object CMakeFiles/judas_consumer_review.dir/src/TestHarness.cpp.o
[100%] Building CXX object CMakeFiles/judas_consumer_review.dir/tools/ConsumerReview.cpp.o
[100%] Linking CXX executable judas_consumer_review
[100%] Built target judas_consumer_review
[  0%] Built target judas_quickjs
[  0%] Built target judas_icu_build
[  0%] Built target judas_app_icon
[ 18%] Built target freetype
[ 25%] Built target judas_glad
[ 31%] Built target judas_navigation_backend
[ 31%] Built target judas_profiler
[ 31%] Built target judas_audio_backend
[ 31%] Built target harfbuzz
[ 31%] Built target judas_materials
[100%] Built target judas_engine
[100%] Building CXX object CMakeFiles/judas_post_consumer_query_tests.dir/tests/PostConsumerQueryTests.cpp.o
[100%] Linking CXX executable judas_post_consumer_query_tests
[100%] Built target judas_post_consumer_query_tests
[  0%] Built target judas_quickjs
[  0%] Built target judas_icu_build
[  0%] Built target judas_app_icon
[ 18%] Built target freetype
[ 25%] Built target judas_glad
[ 25%] Built target judas_profiler
[ 31%] Built target judas_navigation_backend
[ 31%] Built target judas_audio_backend
[ 31%] Built target judas_materials
[ 31%] Built target harfbuzz
[100%] Built target judas_engine
[100%] Building CXX object CMakeFiles/judas_post_consumer_metadata_tests.dir/tests/PostConsumerMetadataTests.cpp.o
[100%] Linking CXX executable judas_post_consumer_metadata_tests
[100%] Built target judas_post_consumer_metadata_tests
[  0%] Built target judas_icu_build
[  0%] Built target judas_quickjs
[  0%] Built target judas_app_icon
[ 18%] Built target freetype
[ 25%] Built target judas_glad
[ 31%] Built target judas_navigation_backend
[ 31%] Built target judas_profiler
[ 31%] Built target judas_audio_backend
[ 31%] Built target judas_materials
[ 31%] Built target harfbuzz
[100%] Built target judas_engine
[100%] Building CXX object CMakeFiles/judas_post_consumer_ragdoll_tests.dir/tests/PostConsumerRagdollTests.cpp.o
[100%] Linking CXX executable judas_post_consumer_ragdoll_tests
[100%] Built target judas_post_consumer_ragdoll_tests
[  0%] Built target judas_icu_build
[  0%] Built target judas_app_icon
[  0%] Built target judas_quickjs
[ 18%] Built target freetype
[ 25%] Built target judas_glad
[ 25%] Built target judas_profiler
[ 31%] Built target judas_navigation_backend
[ 31%] Built target judas_audio_backend
[ 31%] Built target judas_materials
[ 31%] Built target harfbuzz
[100%] Built target judas_engine
[100%] Building CXX object CMakeFiles/judas_streaming_tests.dir/tests/WorldStreamingTests.cpp.o
[100%] Linking CXX executable judas_streaming_tests
[100%] Built target judas_streaming_tests
