[  0%] Built target judas_icu_build
[  0%] Built target judas_quickjs
[  0%] Built target judas_app_icon
[ 15%] Built target freetype
[ 15%] Built target judas_glad
[ 26%] Built target judas_profiler
[ 31%] Built target judas_navigation_backend
[ 31%] Built target judas_audio_backend
[ 31%] Built target judas_materials
[ 31%] Built target harfbuzz
[ 94%] Built target judas_engine
[100%] Built target judas
[  0%] Built target judas_icu_build
[  0%] Built target judas_quickjs
[  0%] Built target judas_app_icon
[ 15%] Built target freetype
[ 15%] Built target judas_glad
[ 26%] Built target judas_navigation_backend
[ 31%] Built target judas_profiler
[ 31%] Built target judas_audio_backend
[ 31%] Built target judas_materials
[ 31%] Built target harfbuzz
[ 94%] Built target judas_engine
[100%] Built target judas_consumer_review
[  0%] Built target judas_icu_build
[  0%] Built target judas_quickjs
[  0%] Built target judas_app_icon
[ 16%] Built target freetype
[ 16%] Built target judas_glad
[ 27%] Built target judas_profiler
[ 33%] Built target judas_navigation_backend
[ 33%] Built target judas_audio_backend
[ 33%] Built target judas_materials
[ 33%] Built target harfbuzz
[100%] Built target judas_engine
[100%] Built target judas_consumer_reference_repro
