[  0%] Built target judas_icu_build
[  0%] Built target judas_quickjs
[  0%] Built target judas_app_icon
[ 17%] Built target freetype
[ 23%] Built target judas_glad
[ 23%] Built target judas_profiler
[ 29%] Built target judas_navigation_backend
[ 29%] Built target judas_audio_backend
[ 29%] Built target judas_materials
[ 29%] Built target harfbuzz
[ 29%] Building CXX object CMakeFiles/judas_engine.dir/src/WorldStreaming.cpp.o
[ 29%] Building CXX object CMakeFiles/judas_engine.dir/src/WorldRegions.cpp.o
[ 29%] Building CXX object CMakeFiles/judas_engine.dir/src/RuntimeWorld.cpp.o
[ 29%] Linking CXX static library libjudas_engine.a
[ 94%] Built target judas_engine
[ 94%] Linking CXX executable judas
[100%] Built target judas
[  0%] Built target judas_icu_build
[  0%] Built target judas_quickjs
[  0%] Built target judas_app_icon
[ 18%] Built target freetype
[ 25%] Built target judas_navigation_backend
[ 31%] Built target judas_glad
[ 31%] Built target judas_profiler
[ 31%] Built target judas_audio_backend
[ 31%] Built target judas_materials
[ 31%] Built target harfbuzz
[100%] Built target judas_engine
[100%] Linking CXX executable judas_consumer_review
[100%] Built target judas_consumer_review
[  0%] Built target judas_icu_build
[  0%] Built target judas_quickjs
[  0%] Built target judas_app_icon
[ 18%] Built target freetype
[ 25%] Built target judas_glad
[ 25%] Built target judas_profiler
[ 31%] Built target judas_navigation_backend
[ 31%] Built target judas_audio_backend
[ 31%] Built target judas_materials
[ 31%] Built target harfbuzz
[100%] Built target judas_engine
[100%] Building CXX object CMakeFiles/judas_post_consumer_query_tests.dir/tests/PostConsumerQueryTests.cpp.o
[100%] Linking CXX executable judas_post_consumer_query_tests
[100%] Built target judas_post_consumer_query_tests
[  0%] Built target judas_icu_build
[  0%] Built target judas_quickjs
[  0%] Built target judas_app_icon
[ 18%] Built target freetype
[ 25%] Built target judas_glad
[ 25%] Built target judas_profiler
[ 31%] Built target judas_navigation_backend
[ 31%] Built target judas_audio_backend
[ 31%] Built target judas_materials
[ 31%] Built target harfbuzz
[100%] Built target judas_engine
[100%] Linking CXX executable judas_post_consumer_metadata_tests
[100%] Built target judas_post_consumer_metadata_tests
[  0%] Built target judas_icu_build
[  0%] Built target judas_quickjs
[  0%] Built target judas_app_icon
[ 18%] Built target freetype
[ 25%] Built target judas_navigation_backend
[ 31%] Built target judas_glad
[ 31%] Built target judas_profiler
[ 31%] Built target judas_audio_backend
[ 31%] Built target judas_materials
[ 31%] Built target harfbuzz
[100%] Built target judas_engine
[100%] Building CXX object CMakeFiles/judas_post_consumer_ragdoll_tests.dir/tests/PostConsumerRagdollTests.cpp.o
/home/conner/Documents/GitHub/Project-Judas/tests/PostConsumerRagdollTests.cpp: In function ‘int main()’:
/home/conner/Documents/GitHub/Project-Judas/tests/PostConsumerRagdollTests.cpp:16:2: error: ‘Project’ was not declared in this scope
   16 |  Project project;require(project.Load("projects/post_m65_consumers/post_m65_consumers.judasproj",error),"consumer classifications");
      |  ^~~~~~~
/home/conner/Documents/GitHub/Project-Judas/tests/PostConsumerRagdollTests.cpp:16:26: error: ‘project’ was not declared in this scope; did you mean ‘glm::project’?
   16 |  Project project;require(project.Load("projects/post_m65_consumers/post_m65_consumers.judasproj",error),"consumer classifications");
      |                          ^~~~~~~
      |                          glm::project
In file included from /usr/include/glm/ext/matrix_projection.hpp:149,
                 from /usr/include/glm/gtc/matrix_transform.hpp:28,
                 from /usr/include/glm/gtc/quaternion.hpp:18,
                 from /home/conner/Documents/GitHub/Project-Judas/src/AudioSystem.h:4,
                 from /home/conner/Documents/GitHub/Project-Judas/src/EngineHost.h:7,
                 from /home/conner/Documents/GitHub/Project-Judas/tests/PostConsumerRagdollTests.cpp:1:
/usr/include/glm/ext/matrix_projection.inl:36:41: note: ‘glm::project’ declared here
   36 |         GLM_FUNC_QUALIFIER vec<3, T, Q> project(vec<3, T, Q> const& obj, mat<4, 4, T, Q> const& model, mat<4, 4, T, Q> const& proj, vec<4, U, Q> const& viewport)
      |                                         ^~~~~~~
gmake[3]: *** [CMakeFiles/judas_post_consumer_ragdoll_tests.dir/build.make:79: CMakeFiles/judas_post_consumer_ragdoll_tests.dir/tests/PostConsumerRagdollTests.cpp.o] Error 1
gmake[2]: *** [CMakeFiles/Makefile2:7509: CMakeFiles/judas_post_consumer_ragdoll_tests.dir/all] Error 2
gmake[1]: *** [CMakeFiles/Makefile2:7516: CMakeFiles/judas_post_consumer_ragdoll_tests.dir/rule] Error 2
gmake: *** [Makefile:2412: judas_post_consumer_ragdoll_tests] Error 2
