gmake: jobserver mkfifo: /tmp/GMfifo5: File exists
[  0%] Built target judas_icu_build
[  0%] Built target judas_quickjs
[  0%] Built target judas_app_icon
[ 11%] Built target judas_navigation_backend
[ 11%] Built target judas_glad
[ 29%] Built target freetype
[ 29%] Built target judas_audio_backend
[ 29%] Built target judas_profiler
[ 29%] Built target harfbuzz
[ 29%] Built target judas_materials
[ 29%] Building CXX object CMakeFiles/judas_engine.dir/src/ScriptSystem.cpp.o
Linking CXX static library libjudas_engine.a
Built target judas_engine
Linking CXX executable judas
Built target judas
[  0%] Built target judas_icu_build
[  0%] Built target judas_quickjs
[  0%] Built target judas_app_icon
[ 17%] Built target freetype
[ 23%] Built target judas_profiler
[ 23%] Built target judas_glad
[ 29%] Built target judas_navigation_backend
[ 29%] Built target judas_audio_backend
[ 29%] Built target judas_materials
[ 29%] Built target harfbuzz
[ 94%] Built target judas_engine
[100%] Linking CXX executable judas_consumer_review
[100%] Built target judas_consumer_review
[  0%] Built target judas_icu_build
[  0%] Built target judas_quickjs
[  0%] Built target judas_app_icon
[ 18%] Built target freetype
[ 18%] Built target judas_glad
[ 18%] Built target judas_profiler
[ 31%] Built target judas_navigation_backend
[ 31%] Built target judas_audio_backend
[ 31%] Built target judas_materials
[ 31%] Built target harfbuzz
[100%] Built target judas_engine
[100%] Building CXX object CMakeFiles/judas_post_consumer_query_tests.dir/tests/PostConsumerQueryTests.cpp.o
[100%] Linking CXX executable judas_post_consumer_query_tests
[100%] Built target judas_post_consumer_query_tests
[  0%] Built target judas_icu_build
[  0%] Built target judas_quickjs
[  0%] Built target judas_app_icon
[ 18%] Built target freetype
[ 18%] Built target judas_glad
[ 18%] Built target judas_profiler
[ 31%] Built target judas_navigation_backend
[ 31%] Built target judas_audio_backend
[ 31%] Built target judas_materials
[ 31%] Built target harfbuzz
[100%] Built target judas_engine
[100%] Building CXX object CMakeFiles/judas_post_consumer_metadata_tests.dir/tests/PostConsumerMetadataTests.cpp.o
[100%] Linking CXX executable judas_post_consumer_metadata_tests
[100%] Built target judas_post_consumer_metadata_tests
gmake: *** No rule to make target 'judas_world_streaming_tests'.  Stop.
