[  5%] Built target judas_icu_build
[ 10%] Built target judas_quickjs
[ 10%] Built target judas_app_icon
[ 25%] Built target freetype
[ 35%] Built target judas_navigation_backend
[ 35%] Built target judas_glad
[ 40%] Built target judas_profiler
[ 40%] Built target judas_audio_backend
[ 40%] Built target judas_materials
[ 40%] Built target harfbuzz
[ 45%] Building CXX object CMakeFiles/judas_engine.dir/src/WorldDeformables.cpp.o
[ 45%] Building CXX object CMakeFiles/judas_engine.dir/src/WorldFracture.cpp.o
[ 45%] Building CXX object CMakeFiles/judas_engine.dir/src/LiquidSystem.cpp.o
[ 45%] Building CXX object CMakeFiles/judas_engine.dir/src/NavigationSystem.cpp.o
[ 45%] Building CXX object CMakeFiles/judas_engine.dir/src/WorldAnimation.cpp.o
[ 45%] Building CXX object CMakeFiles/judas_engine.dir/src/WorldRagdoll.cpp.o
[ 45%] Building CXX object CMakeFiles/judas_engine.dir/src/WorldCharacter.cpp.o
[ 50%] Building CXX object CMakeFiles/judas_engine.dir/src/WorldStreaming.cpp.o
[ 50%] Building CXX object CMakeFiles/judas_engine.dir/src/WorldRegions.cpp.o
[ 50%] Building CXX object CMakeFiles/judas_engine.dir/src/WorldScripts.cpp.o
[ 50%] Building CXX object CMakeFiles/judas_engine.dir/src/ScriptSystem.cpp.o
[ 50%] Building CXX object CMakeFiles/judas_engine.dir/src/WorldAudio.cpp.o
[ 50%] Building CXX object CMakeFiles/judas_engine.dir/src/ProductionFluidCoupling.cpp.o
[ 50%] Building CXX object CMakeFiles/judas_engine.dir/src/WorldDebugView.cpp.o
[ 50%] Building CXX object CMakeFiles/judas_engine.dir/src/SceneSession.cpp.o
[ 50%] Building CXX object CMakeFiles/judas_engine.dir/src/RuntimeWorld.cpp.o
[ 50%] Building CXX object CMakeFiles/judas_engine.dir/src/GameSession.cpp.o
[ 50%] Building CXX object CMakeFiles/judas_engine.dir/src/Simulation.cpp.o
[ 50%] Building CXX object CMakeFiles/judas_engine.dir/src/WorldPresentation.cpp.o
[ 50%] Building CXX object CMakeFiles/judas_engine.dir/src/GameplayHud.cpp.o
[ 50%] Building CXX object CMakeFiles/judas_engine.dir/src/InteractivePlay.cpp.o
[ 50%] Building CXX object CMakeFiles/judas_engine.dir/src/CoarseSimulation.cpp.o
[ 50%] Building CXX object CMakeFiles/judas_engine.dir/src/WorldState.cpp.o
[ 50%] Building CXX object CMakeFiles/judas_engine.dir/src/SaveService.cpp.o
[ 50%] Building CXX object CMakeFiles/judas_engine.dir/src/LiquidPersistence.cpp.o
[ 50%] Building CXX object CMakeFiles/judas_engine.dir/src/WorldPersistence.cpp.o
[ 50%] Building CXX object CMakeFiles/judas_engine.dir/src/CollisionGeometry.cpp.o
[ 50%] Building CXX object CMakeFiles/judas_engine.dir/src/PhysicsCastGeometry.cpp.o
[ 50%] Linking CXX static library libjudas_engine.a
[100%] Built target judas_engine
[100%] Linking CXX executable judas_consumer_capsule_repro
[100%] Built target judas_consumer_capsule_repro
[  5%] Built target judas_icu_build
[ 10%] Built target judas_quickjs
[ 10%] Built target judas_app_icon
[ 25%] Built target freetype
[ 30%] Built target judas_glad
[ 35%] Built target judas_navigation_backend
[ 40%] Built target judas_profiler
[ 40%] Built target judas_audio_backend
[ 40%] Built target judas_materials
[ 40%] Built target harfbuzz
[100%] Built target judas_engine
[100%] Linking CXX executable judas_consumer_reference_repro
[100%] Built target judas_consumer_reference_repro
[  4%] Built target judas_icu_build
[  9%] Built target judas_quickjs
[  9%] Built target judas_app_icon
[ 23%] Built target freetype
[ 23%] Built target judas_glad
[ 28%] Built target judas_profiler
[ 38%] Built target judas_navigation_backend
[ 38%] Built target judas_audio_backend
[ 38%] Built target judas_materials
[ 38%] Built target harfbuzz
[ 95%] Built target judas_engine
[ 95%] Building CXX object CMakeFiles/judas.dir/src/TestHarness.cpp.o
[ 95%] Building CXX object CMakeFiles/judas.dir/src/Application.cpp.o
[ 95%] Building CXX object CMakeFiles/judas.dir/src/RuntimeDiagnostics.cpp.o
[ 95%] Linking CXX executable judas
[100%] Built target judas
