[  0%] Built target judas_icu_build
[  0%] Built target judas_quickjs
[  0%] Built target judas_app_icon
[ 17%] Built target freetype
[ 23%] Built target judas_profiler
[ 23%] Built target judas_glad
[ 29%] Built target judas_navigation_backend
[ 29%] Built target judas_audio_backend
[ 29%] Built target judas_materials
[ 29%] Built target harfbuzz
[ 94%] Built target judas_engine
[ 94%] Building CXX object CMakeFiles/judas.dir/src/TestHarness.cpp.o
[ 94%] Linking CXX executable judas
[100%] Built target judas
[  0%] Built target judas_icu_build
[  0%] Built target judas_quickjs
[  0%] Built target judas_app_icon
[ 18%] Built target freetype
[ 25%] Built target judas_glad
[ 25%] Built target judas_profiler
[ 31%] Built target judas_navigation_backend
[ 31%] Built target judas_audio_backend
[ 31%] Built target judas_materials
[ 31%] Built target harfbuzz
[100%] Built target judas_engine
[100%] Building CXX object CMakeFiles/judas_post_consumer_ragdoll_tests.dir/tests/PostConsumerRagdollTests.cpp.o
/home/conner/Documents/GitHub/Project-Judas/tests/PostConsumerRagdollTests.cpp: In function ‘int main()’:
/home/conner/Documents/GitHub/Project-Judas/tests/PostConsumerRagdollTests.cpp:26:354: error: ‘class PhysicsWorld’ has no member named ‘ApplyAngularImpulse’; did you mean ‘ApplyLinearImpulse’?
   26 |   for(int cycle=0;cycle<3;++cycle){auto h=world.RuntimeBody(world.RagdollBody(owners[0],"mixamorig:Hips"));world.Physics().ApplyLinearImpulse(h,{20,3,0});require(!world.Physics().IsSleeping(h),"impact wakes connected island");if(cycle==2){auto head=world.RuntimeBody(world.RagdollBody(owners[0],"mixamorig:Head"));for(int k=0;k<120;++k){world.Physics().ApplyAngularImpulse(head,{0,.01f,0});step(1);}require(!world.Physics().IsSleeping(h),"continuously disturbed actual rig cannot sleep");}auto disturbanceCost=step(1800);std::cout<<"RIG resettle cycle="<<cycle<<" fixed_ms="<<disturbanceCost<<"\n";require(asleep()==unsigned(count*13),"physical disturbance resettles");}
      |                                                                                                                                                                                                                                                                                                                                                                  ^~~~~~~~~~~~~~~~~~~
      |                                                                                                                                                                                                                                                                                                                                                                  ApplyLinearImpulse
gmake[3]: *** [CMakeFiles/judas_post_consumer_ragdoll_tests.dir/build.make:79: CMakeFiles/judas_post_consumer_ragdoll_tests.dir/tests/PostConsumerRagdollTests.cpp.o] Error 1
gmake[2]: *** [CMakeFiles/Makefile2:7509: CMakeFiles/judas_post_consumer_ragdoll_tests.dir/all] Error 2
gmake[1]: *** [CMakeFiles/Makefile2:7516: CMakeFiles/judas_post_consumer_ragdoll_tests.dir/rule] Error 2
gmake: *** [Makefile:2412: judas_post_consumer_ragdoll_tests] Error 2
