[  0%] Built target judas_icu_build
[  0%] Built target judas_app_icon
[  0%] Built target judas_quickjs
[ 16%] Built target freetype
[ 27%] Built target judas_navigation_backend
[ 27%] Built target judas_glad
[ 33%] Built target judas_profiler
[ 33%] Built target judas_audio_backend
[ 33%] Built target harfbuzz
[ 33%] Built target judas_materials
[ 33%] Building CXX object CMakeFiles/judas_engine.dir/src/ScriptSystem.cpp.o
[ 33%] Building CXX object CMakeFiles/judas_engine.dir/src/WorldScripts.cpp.o
[ 33%] Building CXX object CMakeFiles/judas_engine.dir/src/RuntimeWorld.cpp.o
[ 33%] Building CXX object CMakeFiles/judas_engine.dir/src/SceneSession.cpp.o
[ 33%] Building CXX object CMakeFiles/judas_engine.dir/src/GameSession.cpp.o
[ 33%] Building CXX object CMakeFiles/judas_engine.dir/src/Simulation.cpp.o
[ 33%] Building CXX object CMakeFiles/judas_engine.dir/src/WorldPresentation.cpp.o
[ 33%] Building CXX object CMakeFiles/judas_engine.dir/src/GameplayHud.cpp.o
[ 33%] Building CXX object CMakeFiles/judas_engine.dir/src/InteractivePlay.cpp.o
[ 33%] Building CXX object CMakeFiles/judas_engine.dir/src/CoarseSimulation.cpp.o
[ 33%] Building CXX object CMakeFiles/judas_engine.dir/src/WorldState.cpp.o
[ 33%] Building CXX object CMakeFiles/judas_engine.dir/src/SaveStorage.cpp.o
[ 33%] Building CXX object CMakeFiles/judas_engine.dir/src/SaveService.cpp.o
[ 33%] Building CXX object CMakeFiles/judas_engine.dir/src/LiquidPersistence.cpp.o
[ 33%] Building CXX object CMakeFiles/judas_engine.dir/src/WorldPersistence.cpp.o
[ 38%] Linking CXX static library libjudas_engine.a
[100%] Built target judas_engine
[100%] Building CXX object CMakeFiles/judas_post_consumer_query_tests.dir/tests/PostConsumerQueryTests.cpp.o
[100%] Linking CXX executable judas_post_consumer_query_tests
[100%] Built target judas_post_consumer_query_tests
[  0%] Built target judas_icu_build
[  0%] Built target judas_quickjs
[  0%] Built target judas_app_icon
[ 16%] Built target freetype
[ 22%] Built target judas_glad
[ 22%] Built target judas_profiler
[ 33%] Built target judas_navigation_backend
[ 33%] Built target judas_audio_backend
[ 33%] Built target judas_materials
[ 33%] Built target harfbuzz
[ 33%] Building CXX object CMakeFiles/judas_engine.dir/src/PhysicsWorld.cpp.o
[ 38%] Linking CXX static library libjudas_engine.a
[100%] Built target judas_engine
[100%] Linking CXX executable judas_consumer_capsule_repro
[100%] Built target judas_consumer_capsule_repro
[  0%] Built target judas_icu_build
[  0%] Built target judas_quickjs
[  0%] Built target judas_app_icon
[ 16%] Built target freetype
[ 16%] Built target judas_glad
[ 33%] Built target judas_profiler
[ 33%] Built target judas_navigation_backend
[ 33%] Built target judas_audio_backend
[ 33%] Built target judas_materials
[ 33%] Built target harfbuzz
[100%] Built target judas_engine
[100%] Building CXX object CMakeFiles/judas_consumer_reference_repro.dir/tools/ConsumerReferenceRepro.cpp.o
[100%] Linking CXX executable judas_consumer_reference_repro
[100%] Built target judas_consumer_reference_repro
[  0%] Built target judas_quickjs
[  0%] Built target judas_icu_build
[  0%] Built target judas_app_icon
[ 15%] Built target freetype
[ 15%] Built target judas_glad
[ 26%] Built target judas_navigation_backend
[ 31%] Built target judas_profiler
[ 31%] Built target judas_audio_backend
[ 31%] Built target judas_materials
[ 31%] Built target harfbuzz
[ 94%] Built target judas_engine
[ 94%] Building CXX object CMakeFiles/judas_consumer_review.dir/src/Application.cpp.o
[ 94%] Building CXX object CMakeFiles/judas_consumer_review.dir/src/RuntimeOptions.cpp.o
[ 94%] Building CXX object CMakeFiles/judas_consumer_review.dir/src/RuntimeDiagnostics.cpp.o
[ 94%] Building CXX object CMakeFiles/judas_consumer_review.dir/src/TestHarness.cpp.o
[ 94%] Building CXX object CMakeFiles/judas_consumer_review.dir/tools/ConsumerReview.cpp.o
[100%] Linking CXX executable judas_consumer_review
[100%] Built target judas_consumer_review
[  0%] Built target judas_icu_build
[  0%] Built target judas_quickjs
[  0%] Built target judas_app_icon
[ 15%] Built target freetype
[ 21%] Built target judas_glad
[ 21%] Built target judas_profiler
[ 31%] Built target judas_navigation_backend
[ 31%] Built target judas_audio_backend
[ 31%] Built target judas_materials
[ 31%] Built target harfbuzz
[ 94%] Built target judas_engine
[ 94%] Building CXX object CMakeFiles/judas.dir/src/Application.cpp.o
[ 94%] Building CXX object CMakeFiles/judas.dir/src/RuntimeDiagnostics.cpp.o
[ 94%] Building CXX object CMakeFiles/judas.dir/src/RuntimeOptions.cpp.o
[ 94%] Building CXX object CMakeFiles/judas.dir/src/TestHarness.cpp.o
[ 94%] Linking CXX executable judas
[100%] Built target judas
