[  5%] Built target judas_icu_build
[ 10%] Built target judas_quickjs
[ 10%] Built target judas_app_icon
[ 25%] Built target freetype
[ 25%] Built target judas_glad
[ 35%] Built target judas_navigation_backend
[ 40%] Built target judas_profiler
[ 40%] Built target judas_audio_backend
[ 40%] Built target harfbuzz
[ 40%] Built target judas_materials
[ 45%] Building CXX object CMakeFiles/judas_engine.dir/src/WorldDeformables.cpp.o
[ 45%] Building CXX object CMakeFiles/judas_engine.dir/src/WorldFracture.cpp.o
[ 45%] Building CXX object CMakeFiles/judas_engine.dir/src/LiquidSystem.cpp.o
[ 45%] Building CXX object CMakeFiles/judas_engine.dir/src/NavigationSystem.cpp.o
[ 45%] Building CXX object CMakeFiles/judas_engine.dir/src/WorldAnimation.cpp.o
[ 45%] Building CXX object CMakeFiles/judas_engine.dir/src/WorldRagdoll.cpp.o
[ 45%] Building CXX object CMakeFiles/judas_engine.dir/src/WorldCharacter.cpp.o
[ 50%] Building CXX object CMakeFiles/judas_engine.dir/src/WorldStreaming.cpp.o
[ 50%] Building CXX object CMakeFiles/judas_engine.dir/src/WorldRegions.cpp.o
[ 50%] Building CXX object CMakeFiles/judas_engine.dir/src/WorldScripts.cpp.o
[ 50%] Building CXX object CMakeFiles/judas_engine.dir/src/ScriptSystem.cpp.o
[ 50%] Building CXX object CMakeFiles/judas_engine.dir/src/ProjectExporter.cpp.o
[ 50%] Building CXX object CMakeFiles/judas_engine.dir/src/WorldAudio.cpp.o
[ 50%] Building CXX object CMakeFiles/judas_engine.dir/src/ProductionFluidCoupling.cpp.o
[ 50%] Building CXX object CMakeFiles/judas_engine.dir/src/Prefab.cpp.o
[ 50%] Building CXX object CMakeFiles/judas_engine.dir/src/SceneFingerprint.cpp.o
[ 50%] Building CXX object CMakeFiles/judas_engine.dir/src/WorldDebugView.cpp.o
[ 50%] Building CXX object CMakeFiles/judas_engine.dir/src/SceneSession.cpp.o
[ 50%] Building CXX object CMakeFiles/judas_engine.dir/src/RuntimeWorld.cpp.o
[ 50%] Building CXX object CMakeFiles/judas_engine.dir/src/GameSession.cpp.o
/home/conner/Documents/GitHub/Project-Judas/src/SceneSession.cpp:96:6: error: no declaration matches ‘bool SceneSession::AdvanceOuter(std::unique_ptr<RuntimeWorld>&, InteractivePlay&, ResourceManager&, InputSystem&, std::string&)’
   96 | bool SceneSession::AdvanceOuter(std::unique_ptr<RuntimeWorld>& owner,InteractivePlay& play,ResourceManager& resources,InputSystem& input,std::string& error){
      |      ^~~~~~~~~~~~
In file included from /home/conner/Documents/GitHub/Project-Judas/src/SceneSession.cpp:5:
/home/conner/Documents/GitHub/Project-Judas/src/SceneSession.h:38:10: note: candidate is: ‘bool SceneSession::AdvanceOuter(std::unique_ptr<RuntimeWorld>&, InteractivePlay&, ResourceManager&, InputSystem&, std::string&)’
   38 |     bool AdvanceOuter(std::unique_ptr<RuntimeWorld>&,InteractivePlay&,ResourceManager&,InputSystem&,std::string&);
      |          ^~~~~~~~~~~~
/home/conner/Documents/GitHub/Project-Judas/src/SceneSession.h:14:7: note: ‘class SceneSession’ defined here
   14 | class SceneSession {
      |       ^~~~~~~~~~~~
/home/conner/Documents/GitHub/Project-Judas/src/SceneSession.cpp:96:119: error: ‘class SceneSession::InputSystem’ is private within this context
   96 | bool SceneSession::AdvanceOuter(std::unique_ptr<RuntimeWorld>& owner,InteractivePlay& play,ResourceManager& resources,InputSystem& input,std::string& error){
      |                                                                                                                       ^~~~~~~~~~~
/home/conner/Documents/GitHub/Project-Judas/src/SceneSession.h:44:7: note: declared private here
   44 | class InputSystem;
      |       ^~~~~~~~~~~
gmake[3]: *** [CMakeFiles/judas_engine.dir/build.make:1381: CMakeFiles/judas_engine.dir/src/SceneSession.cpp.o] Error 1
gmake[3]: *** Waiting for unfinished jobs....
gmake[2]: *** [CMakeFiles/Makefile2:911: CMakeFiles/judas_engine.dir/all] Error 2
gmake[1]: *** [CMakeFiles/Makefile2:7339: CMakeFiles/judas_consumer_capsule_repro.dir/rule] Error 2
gmake: *** [Makefile:2360: judas_consumer_capsule_repro] Error 2
