[  0%] Built target judas_icu_build
[  0%] Built target judas_app_icon
[  0%] Built target judas_quickjs
[ 15%] Built target freetype
[ 15%] Built target judas_glad
[ 21%] Built target judas_profiler
[ 31%] Built target judas_navigation_backend
[ 31%] Built target judas_audio_backend
[ 31%] Built target judas_materials
[ 31%] Built target harfbuzz
[ 36%] Building CXX object CMakeFiles/judas_engine.dir/src/DeformableAsset.cpp.o
[ 36%] Building CXX object CMakeFiles/judas_engine.dir/src/Fracture.cpp.o
[ 36%] Building CXX object CMakeFiles/judas_engine.dir/src/WorldFracture.cpp.o
[ 36%] Building CXX object CMakeFiles/judas_engine.dir/src/Deformable.cpp.o
[ 36%] Building CXX object CMakeFiles/judas_engine.dir/src/WorldDeformables.cpp.o
[ 36%] Building CXX object CMakeFiles/judas_engine.dir/src/Localization.cpp.o
[ 42%] Building CXX object CMakeFiles/judas_engine.dir/src/LiquidTypes.cpp.o
[ 42%] Building CXX object CMakeFiles/judas_engine.dir/src/LiquidSystem.cpp.o
[ 42%] Building CXX object CMakeFiles/judas_engine.dir/src/NavigationSystem.cpp.o
[ 42%] Building CXX object CMakeFiles/judas_engine.dir/src/NavigationTypes.cpp.o
[ 42%] Building CXX object CMakeFiles/judas_engine.dir/src/NavigationAsset.cpp.o
[ 42%] Building CXX object CMakeFiles/judas_engine.dir/src/WorldAnimation.cpp.o
[ 42%] Building CXX object CMakeFiles/judas_engine.dir/src/PoseComposition.cpp.o
[ 42%] Building CXX object CMakeFiles/judas_engine.dir/src/WorldRagdoll.cpp.o
[ 42%] Building CXX object CMakeFiles/judas_engine.dir/src/WorldCharacter.cpp.o
[ 42%] Building CXX object CMakeFiles/judas_engine.dir/src/WorldStreaming.cpp.o
[ 47%] Building CXX object CMakeFiles/judas_engine.dir/src/WorldRegions.cpp.o
[ 47%] Building CXX object CMakeFiles/judas_engine.dir/src/WorldScripts.cpp.o
[ 47%] Building CXX object CMakeFiles/judas_engine.dir/src/RuntimeUI.cpp.o
[ 47%] Building CXX object CMakeFiles/judas_engine.dir/src/ScriptSystem.cpp.o
[ 47%] Building CXX object CMakeFiles/judas_engine.dir/src/Classification.cpp.o
[ 47%] Building CXX object CMakeFiles/judas_engine.dir/src/ProjectExporter.cpp.o
[ 52%] Building CXX object CMakeFiles/judas_engine.dir/src/WorldAudio.cpp.o
[ 52%] Building CXX object CMakeFiles/judas_engine.dir/src/CharacterMotor.cpp.o
[ 52%] Building CXX object CMakeFiles/judas_engine.dir/src/PlayerController.cpp.o
[ 52%] Building CXX object CMakeFiles/judas_engine.dir/src/StepClimb.cpp.o
[ 52%] Building CXX object CMakeFiles/judas_engine.dir/src/DynamicBody.cpp.o
[ 52%] Building CXX object CMakeFiles/judas_engine.dir/src/FlyingPrimitiveControl.cpp.o
[ 57%] Building CXX object CMakeFiles/judas_engine.dir/src/PilotAttachment.cpp.o
[ 57%] Building CXX object CMakeFiles/judas_engine.dir/src/PilotControl.cpp.o
[ 57%] Building CXX object CMakeFiles/judas_engine.dir/src/CollisionAuthoring.cpp.o
[ 57%] Building CXX object CMakeFiles/judas_engine.dir/src/ObjectManipulation.cpp.o
[ 57%] Building CXX object CMakeFiles/judas_engine.dir/src/FluidWorld.cpp.o
[ 57%] Building CXX object CMakeFiles/judas_engine.dir/src/ProductionFluidCoupling.cpp.o
[ 57%] Building CXX object CMakeFiles/judas_engine.dir/src/FluidHydrostatics.cpp.o
[ 57%] Building CXX object CMakeFiles/judas_engine.dir/src/CombustionWorld.cpp.o
[ 57%] Building CXX object CMakeFiles/judas_engine.dir/src/Door.cpp.o
[ 57%] Building CXX object CMakeFiles/judas_engine.dir/src/CelestialGravity.cpp.o
[ 57%] Building CXX object CMakeFiles/judas_engine.dir/src/AerodynamicDrag.cpp.o
[ 57%] Building CXX object CMakeFiles/judas_engine.dir/src/Prefab.cpp.o
[ 57%] Building CXX object CMakeFiles/judas_engine.dir/src/Scene.cpp.o
[ 57%] Building CXX object CMakeFiles/judas_engine.dir/src/Ragdoll.cpp.o
[ 57%] Building CXX object CMakeFiles/judas_engine.dir/src/SceneSerialization.cpp.o
[ 57%] Building CXX object CMakeFiles/judas_engine.dir/src/SceneFingerprint.cpp.o
[ 57%] Building CXX object CMakeFiles/judas_engine.dir/src/AssetDatabase.cpp.o
[ 57%] Building CXX object CMakeFiles/judas_engine.dir/src/ResourceManager.cpp.o
[ 57%] Building CXX object CMakeFiles/judas_engine.dir/src/WorldDebugView.cpp.o
[ 57%] Building CXX object CMakeFiles/judas_engine.dir/src/SceneSession.cpp.o
[ 57%] Building CXX object CMakeFiles/judas_engine.dir/src/RuntimeWorld.cpp.o
[ 57%] Building CXX object CMakeFiles/judas_engine.dir/src/GameSession.cpp.o
[ 57%] Building CXX object CMakeFiles/judas_engine.dir/src/Simulation.cpp.o
[ 57%] Building CXX object CMakeFiles/judas_engine.dir/src/WorldPresentation.cpp.o
[ 57%] Building CXX object CMakeFiles/judas_engine.dir/src/GameplayHud.cpp.o
[ 57%] Building CXX object CMakeFiles/judas_engine.dir/src/EngineHost.cpp.o
[ 57%] Building CXX object CMakeFiles/judas_engine.dir/src/InteractivePlay.cpp.o
[ 63%] Building CXX object CMakeFiles/judas_engine.dir/src/FidelityPolicy.cpp.o
[ 63%] Building CXX object CMakeFiles/judas_engine.dir/src/CoarseSimulation.cpp.o
[ 63%] Building CXX object CMakeFiles/judas_engine.dir/src/WorldState.cpp.o
[ 63%] Building CXX object CMakeFiles/judas_engine.dir/src/SaveStorage.cpp.o
[ 63%] Building CXX object CMakeFiles/judas_engine.dir/src/SaveService.cpp.o
[ 63%] Building CXX object CMakeFiles/judas_engine.dir/src/MotorPersistence.cpp.o
[ 63%] Building CXX object CMakeFiles/judas_engine.dir/src/LiquidPersistence.cpp.o
[ 63%] Building CXX object CMakeFiles/judas_engine.dir/src/WorldPersistence.cpp.o
[ 68%] Building CXX object CMakeFiles/judas_engine.dir/src/JointSolver.cpp.o
[ 68%] Building CXX object CMakeFiles/judas_engine.dir/src/PhysicsCastGeometry.cpp.o
[ 68%] Building CXX object CMakeFiles/judas_engine.dir/src/ImpactSolver.cpp.o
[ 68%] Building CXX object CMakeFiles/judas_engine.dir/src/PhysicsWorld.cpp.o
[ 73%] Linking CXX static library libjudas_engine.a
[ 94%] Built target judas_engine
[ 94%] Building CXX object CMakeFiles/judas.dir/src/Application.cpp.o
[ 94%] Building CXX object CMakeFiles/judas.dir/src/TestHarness.cpp.o
[ 94%] Building CXX object CMakeFiles/judas.dir/src/RuntimeOptions.cpp.o
[ 94%] Building CXX object CMakeFiles/judas.dir/src/RuntimeDiagnostics.cpp.o
[ 94%] Linking CXX executable judas
[100%] Built target judas
[  0%] Built target judas_icu_build
[  0%] Built target judas_quickjs
[  0%] Built target judas_app_icon
[ 15%] Built target freetype
[ 15%] Built target judas_glad
[ 21%] Built target judas_profiler
[ 31%] Built target judas_navigation_backend
[ 31%] Built target judas_audio_backend
[ 31%] Built target judas_materials
[ 31%] Built target harfbuzz
[ 31%] Building CXX object CMakeFiles/judas_engine.dir/src/WorldDeformables.cpp.o
[ 36%] Building CXX object CMakeFiles/judas_engine.dir/src/WorldFracture.cpp.o
[ 36%] Building CXX object CMakeFiles/judas_engine.dir/src/NavigationSystem.cpp.o
[ 36%] Building CXX object CMakeFiles/judas_engine.dir/src/LiquidSystem.cpp.o
[ 36%] Building CXX object CMakeFiles/judas_engine.dir/src/WorldAnimation.cpp.o
[ 36%] Building CXX object CMakeFiles/judas_engine.dir/src/WorldRagdoll.cpp.o
[ 36%] Building CXX object CMakeFiles/judas_engine.dir/src/WorldCharacter.cpp.o
[ 36%] Building CXX object CMakeFiles/judas_engine.dir/src/WorldStreaming.cpp.o
[ 42%] Building CXX object CMakeFiles/judas_engine.dir/src/WorldRegions.cpp.o
[ 42%] Building CXX object CMakeFiles/judas_engine.dir/src/WorldScripts.cpp.o
[ 42%] Building CXX object CMakeFiles/judas_engine.dir/src/ScriptSystem.cpp.o
/home/conner/Documents/GitHub/Project-Judas/src/WorldStreaming.cpp: In lambda function:
/home/conner/Documents/GitHub/Project-Judas/src/WorldStreaming.cpp:302:21: warning: this ‘for’ clause does not guard... [-Wmisleading-indentation]
  302 |                     for(auto& o:input.Objects())local.insert(o.id);for(auto& frame:product->externalParents)if(!local.count(frame.id))input.Objects().push_back(frame);
      |                     ^~~
/home/conner/Documents/GitHub/Project-Judas/src/WorldStreaming.cpp:302:68: note: ...this statement, but the latter is misleadingly indented as if it were guarded by the ‘for’
  302 |                     for(auto& o:input.Objects())local.insert(o.id);for(auto& frame:product->externalParents)if(!local.count(frame.id))input.Objects().push_back(frame);
      |                                                                    ^~~
[ 47%] Building CXX object CMakeFiles/judas_engine.dir/src/WorldAudio.cpp.o
[ 47%] Building CXX object CMakeFiles/judas_engine.dir/src/ProductionFluidCoupling.cpp.o
[ 47%] Building CXX object CMakeFiles/judas_engine.dir/src/WorldDebugView.cpp.o
[ 47%] Building CXX object CMakeFiles/judas_engine.dir/src/SceneSession.cpp.o
[ 47%] Building CXX object CMakeFiles/judas_engine.dir/src/RuntimeWorld.cpp.o
[ 47%] Building CXX object CMakeFiles/judas_engine.dir/src/GameSession.cpp.o
[ 47%] Building CXX object CMakeFiles/judas_engine.dir/src/Simulation.cpp.o
[ 47%] Building CXX object CMakeFiles/judas_engine.dir/src/WorldPresentation.cpp.o
[ 47%] Building CXX object CMakeFiles/judas_engine.dir/src/GameplayHud.cpp.o
[ 47%] Building CXX object CMakeFiles/judas_engine.dir/src/InteractivePlay.cpp.o
[ 47%] Building CXX object CMakeFiles/judas_engine.dir/src/CoarseSimulation.cpp.o
[ 47%] Building CXX object CMakeFiles/judas_engine.dir/src/WorldState.cpp.o
[ 47%] Building CXX object CMakeFiles/judas_engine.dir/src/SaveService.cpp.o
[ 47%] Building CXX object CMakeFiles/judas_engine.dir/src/LiquidPersistence.cpp.o
[ 47%] Building CXX object CMakeFiles/judas_engine.dir/src/WorldPersistence.cpp.o
[ 52%] Linking CXX static library libjudas_engine.a
[ 94%] Built target judas_engine
[ 94%] Building CXX object CMakeFiles/judas_consumer_review.dir/src/RuntimeDiagnostics.cpp.o
[ 94%] Building CXX object CMakeFiles/judas_consumer_review.dir/src/RuntimeOptions.cpp.o
[ 94%] Building CXX object CMakeFiles/judas_consumer_review.dir/src/Application.cpp.o
[ 94%] Building CXX object CMakeFiles/judas_consumer_review.dir/src/TestHarness.cpp.o
[ 29%] Building CXX object CMakeFiles/judas_consumer_review.dir/tools/ConsumerReview.cpp.o
[ 35%] Linking CXX executable judas_consumer_review
[ 35%] Built target judas_consumer_review
