[  0%] Built target judas_icu_build
[  0%] Built target judas_app_icon
[  0%] Built target judas_quickjs
[ 17%] Built target freetype
[ 23%] Built target judas_glad
[ 29%] Built target judas_navigation_backend
[ 29%] Built target judas_profiler
[ 29%] Built target judas_audio_backend
[ 29%] Built target harfbuzz
[ 29%] Built target judas_materials
[ 29%] Building CXX object CMakeFiles/judas_engine.dir/src/InteractivePlay.cpp.o
[ 29%] Linking CXX static library libjudas_engine.a
[ 94%] Built target judas_engine
[ 94%] Linking CXX executable judas
[100%] Built target judas
[  0%] Built target judas_quickjs
[  0%] Built target judas_icu_build
[  0%] Built target judas_app_icon
[ 18%] Built target freetype
[ 25%] Built target judas_glad
[ 31%] Built target judas_navigation_backend
[ 31%] Built target judas_profiler
[ 31%] Built target judas_audio_backend
[ 31%] Built target judas_materials
[ 31%] Built target harfbuzz
[100%] Built target judas_engine
[100%] Linking CXX executable judas_consumer_review
[100%] Built target judas_consumer_review
[  0%] Built target judas_icu_build
[  0%] Built target judas_quickjs
[  0%] Built target judas_app_icon
[ 18%] Built target freetype
[ 25%] Built target judas_glad
[ 31%] Built target judas_navigation_backend
[ 31%] Built target judas_profiler
[ 31%] Built target judas_audio_backend
[ 31%] Built target judas_materials
[ 31%] Built target harfbuzz
[100%] Built target judas_engine
[100%] Building CXX object CMakeFiles/judas_post_consumer_ragdoll_tests.dir/tests/PostConsumerRagdollTests.cpp.o
[100%] Linking CXX executable judas_post_consumer_ragdoll_tests
[100%] Built target judas_post_consumer_ragdoll_tests
