SLEEP step=60 root=0 members=1 v=0 w=0.264715 travel=0 anchor=0 axis=0 penetration=0 drive=0 limits=1 quiet=0 time=0 supported=1
SLEEP step=120 root=0 members=1 v=0 w=0.0175185 travel=0 anchor=0 axis=0 penetration=0 drive=0 limits=1 quiet=1 time=0.183333 supported=1
SLEEP step=180 root=0 members=1 v=0 w=0 travel=0 anchor=0 axis=0 penetration=0 drive=0 limits=1 quiet=1 time=1.18333 supported=1
SLEEP step=240 root=0 members=1 v=0 w=0 travel=0 anchor=0 axis=0 penetration=0 drive=0 limits=1 quiet=1 time=2.18333 supported=1
SLEEP step=300 root=0 members=1 v=0 w=0 travel=0 anchor=0 axis=0 penetration=0 drive=0 limits=1 quiet=1 time=3.18333 supported=1
SLEEP step=360 root=0 members=1 v=0 w=0 travel=0 anchor=0 axis=0 penetration=0 drive=0 limits=1 quiet=1 time=4.18333 supported=1
SLEEP step=420 root=0 members=1 v=0 w=0 travel=0 anchor=0 axis=0 penetration=0 drive=0 limits=1 quiet=1 time=5.18335 supported=1
SLEEP step=480 root=0 members=1 v=0 w=0 travel=0 anchor=0 axis=0 penetration=0 drive=0 limits=1 quiet=1 time=6.18336 supported=1
SLEEP step=540 root=0 members=1 v=0 w=0 travel=0 anchor=0 axis=0 penetration=0 drive=0 limits=1 quiet=1 time=7.18337 supported=1
SLEEP step=600 root=0 members=1 v=0 w=0 travel=0 anchor=0 axis=0 penetration=0 drive=0 limits=1 quiet=1 time=8.18338 supported=1
SLEEP step=660 root=0 members=1 v=0 w=0 travel=0 anchor=0 axis=0 penetration=0 drive=0 limits=1 quiet=1 time=9.18336 supported=1
SLEEP step=720 root=0 members=1 v=0 w=0 travel=0 anchor=0 axis=0 penetration=0 drive=0 limits=1 quiet=1 time=10.1833 supported=1
SLEEP step=780 root=0 members=1 v=0 w=0 travel=0 anchor=0 axis=0 penetration=0 drive=0 limits=1 quiet=1 time=11.1833 supported=1
SLEEP step=840 root=0 members=1 v=0 w=0 travel=0 anchor=0 axis=0 penetration=0 drive=0 limits=1 quiet=1 time=12.1833 supported=1
SLEEP step=900 root=0 members=1 v=0 w=0 travel=0 anchor=0 axis=0 penetration=0 drive=0 limits=1 quiet=1 time=13.1833 supported=1
SLEEP step=960 root=0 members=1 v=0 w=0 travel=0 anchor=0 axis=0 penetration=0 drive=0 limits=1 quiet=1 time=14.1833 supported=1
SLEEP step=1020 root=0 members=1 v=0 w=0 travel=0 anchor=0 axis=0 penetration=0 drive=0 limits=1 quiet=1 time=15.1833 supported=1
SLEEP step=1080 root=0 members=1 v=0 w=0 travel=0 anchor=0 axis=0 penetration=0 drive=0 limits=1 quiet=1 time=16.1833 supported=1
SLEEP step=1140 root=0 members=1 v=0 w=0 travel=0 anchor=0 axis=0 penetration=0 drive=0 limits=1 quiet=1 time=17.1832 supported=1
SLEEP step=1200 root=0 members=1 v=0 w=0 travel=0 anchor=0 axis=0 penetration=0 drive=0 limits=1 quiet=1 time=18.1832 supported=1
Renderer fragment texture units: 32 (material path uses 12)
asset 97c3acdb99c5ffefb002c03ecec7a8ed: Optional extension ignored: KHR_materials_specular
asset 97c3acdb99c5ffefb002c03ecec7a8ed: Optional extension ignored: KHR_materials_specular
SLEEP step=60 root=1 members=13 v=5.83192 w=24.0783 travel=0.106291 anchor=0.0690744 axis=0.0892401 penetration=4.4024e-06 drive=0 limits=0 quiet=0 time=0 supported=1
SLEEP step=120 root=1 members=13 v=0.516342 w=8.02565 travel=0.00862244 anchor=0.0314796 axis=0.0196423 penetration=0.00129682 drive=0 limits=1 quiet=0 time=0 supported=1
SLEEP step=180 root=1 members=13 v=0.182108 w=3.10629 travel=0.00303028 anchor=0.0165634 axis=0.00879647 penetration=0.00195015 drive=0 limits=1 quiet=0 time=0 supported=1
SLEEP step=240 root=1 members=13 v=0.08036 w=1.00422 travel=0.00133803 anchor=5.40139e-05 axis=2.8228e-05 penetration=0.00342953 drive=0 limits=1 quiet=0 time=0 supported=1
SLEEP step=300 root=1 members=13 v=0.014328 w=0.273048 travel=0.0002415 anchor=2.49829e-05 axis=3.52102e-05 penetration=0.00343317 drive=0 limits=1 quiet=0 time=0 supported=1
SLEEP step=360 root=1 members=13 v=0.0796152 w=0.99562 travel=0.00132934 anchor=6.73746e-05 axis=1.01743e-05 penetration=0.00342371 drive=0 limits=1 quiet=0 time=0 supported=1
SLEEP step=420 root=1 members=13 v=0.053417 w=0.667386 travel=0.000890583 anchor=2.29094e-05 axis=5.54323e-06 penetration=0.00341365 drive=0 limits=1 quiet=0 time=0 supported=1
SLEEP step=480 root=1 members=13 v=0.0444605 w=0.55506 travel=0.000743861 anchor=2.58306e-05 axis=6.07967e-06 penetration=0.00340496 drive=0 limits=1 quiet=0 time=0 supported=1
SLEEP step=540 root=1 members=13 v=0.0828258 w=1.03475 travel=0.00138032 anchor=5.90652e-05 axis=5.24826e-06 penetration=0.00339385 drive=0 limits=1 quiet=0 time=0 supported=1
SLEEP step=600 root=1 members=13 v=0.00924662 w=0.115275 travel=0.00015444 anchor=2.28882e-05 axis=2.63494e-06 penetration=0.00338377 drive=0 limits=1 quiet=0 time=0 supported=1
SLEEP step=660 root=1 members=13 v=0.076769 w=0.958634 travel=0.00128244 anchor=5.65755e-05 axis=5.13189e-06 penetration=0.00337475 drive=0 limits=1 quiet=0 time=0 supported=1
SLEEP step=720 root=1 members=13 v=0.0588237 w=0.735877 travel=0.000983209 anchor=2.8307e-05 axis=5.14062e-06 penetration=0.00336718 drive=0 limits=1 quiet=0 time=0 supported=1
SLEEP step=780 root=1 members=13 v=0.0371931 w=0.464991 travel=0.000619035 anchor=2.48173e-05 axis=5.63516e-06 penetration=0.00335655 drive=0 limits=1 quiet=0 time=0 supported=1
SLEEP step=840 root=1 members=13 v=0.0844504 w=1.05567 travel=0.00140632 anchor=5.66968e-05 axis=6.61665e-06 penetration=0.00334812 drive=0 limits=1 quiet=0 time=0 supported=1
SLEEP step=900 root=1 members=13 v=0.0167528 w=0.209421 travel=0.000282432 anchor=2.28951e-05 axis=4.70839e-06 penetration=0.00334132 drive=0 limits=1 quiet=0 time=0 supported=1
SLEEP step=960 root=1 members=13 v=0.0724476 w=0.905537 travel=0.00120805 anchor=5.67005e-05 axis=5.34617e-06 penetration=0.00333177 drive=0 limits=1 quiet=0 time=0 supported=1
SLEEP step=1020 root=1 members=13 v=0.0645677 w=0.80648 travel=0.0010775 anchor=3.04349e-05 axis=8.93677e-06 penetration=0.00332435 drive=0 limits=1 quiet=0 time=0 supported=1
SLEEP step=1080 root=1 members=13 v=0.0300242 w=0.374813 travel=0.000504041 anchor=1.53852e-05 axis=4.68428e-06 penetration=0.0033184 drive=0 limits=1 quiet=0 time=0 supported=1
SLEEP step=1140 root=1 members=13 v=0.0846591 w=1.05672 travel=0.00141164 anchor=6.07184e-05 axis=8.53705e-06 penetration=0.0033103 drive=0 limits=1 quiet=0 time=0 supported=1
SLEEP step=1200 root=1 members=13 v=0.0249409 w=0.311921 travel=0.000417448 anchor=1.52886e-05 axis=2.16247e-06 penetration=0.00330171 drive=0 limits=1 quiet=0 time=0 supported=1
SLEEP step=1260 root=1 members=13 v=0.0678309 w=0.847294 travel=0.00113405 anchor=4.55817e-05 axis=6.05215e-06 penetration=0.00329412 drive=0 limits=1 quiet=0 time=0 supported=1
SLEEP step=1320 root=1 members=13 v=0.0694178 w=0.866514 travel=0.00115389 anchor=3.52897e-05 axis=5.8768e-06 penetration=0.00328611 drive=0 limits=1 quiet=0 time=0 supported=1
SLEEP step=1380 root=1 members=13 v=0.0215577 w=0.269998 travel=0.00036016 anchor=2.32062e-05 axis=2.84873e-06 penetration=0.00327637 drive=0 limits=1 quiet=0 time=0 supported=1
SLEEP step=1440 root=1 members=13 v=0.084578 w=1.05657 travel=0.00140676 anchor=6.2442e-05 axis=3.25064e-06 penetration=0.00326871 drive=0 limits=1 quiet=0 time=0 supported=1
SLEEP step=1500 root=1 members=13 v=0.0328327 w=0.410118 travel=0.000549866 anchor=1.52886e-05 axis=2.31846e-06 penetration=0.00326384 drive=0 limits=1 quiet=0 time=0 supported=1
SLEEP step=1560 root=1 members=13 v=0.0616332 w=0.770367 travel=0.00102866 anchor=4.55359e-05 axis=4.61859e-06 penetration=0.003254 drive=0 limits=1 quiet=0 time=0 supported=1
SLEEP step=1620 root=1 members=13 v=0.0744106 w=0.9287 travel=0.00124109 anchor=4.82995e-05 axis=1.71123e-06 penetration=0.00324626 drive=0 limits=1 quiet=0 time=0 supported=1
SLEEP step=1680 root=1 members=13 v=0.0130501 w=0.162691 travel=0.000213698 anchor=1.53257e-05 axis=3.14227e-06 penetration=0.00324163 drive=0 limits=1 quiet=0 time=0 supported=1
SLEEP step=1740 root=1 members=13 v=0.0830813 w=1.03693 travel=0.00138555 anchor=5.90896e-05 axis=3.53481e-06 penetration=0.00323237 drive=0 limits=1 quiet=0 time=0 supported=1
SLEEP step=1800 root=1 members=13 v=0.0413378 w=0.516716 travel=0.000687619 anchor=2.28891e-05 axis=1.17105e-06 penetration=0.00322266 drive=0 limits=1 quiet=0 time=0 supported=1
RIG count=1 mapped=13 sleeping=0 fixed_ms=0.337337
FAIL all actual rig members settle, not unrelated floor bodies after 12 checks
