configure: exit=0, 5.030s
build: exit=0, 951.392s
async_application: exit=0, 2.470s
judas_scene_tests: exit=0, 0.375s
judas_lifecycle_tests: exit=0, 0.566s
judas_project_tests: exit=0, 0.365s
judas_job_tests: exit=0, 0.115s
judas_physics_tests: exit=0, 0.004s
judas_rigid_contact_tests: exit=0, 2.870s
judas_broadphase_tests: exit=0, 23.864s
judas_collision_tests: exit=0, 0.032s
judas_celestial_gravity_tests: exit=0, 0.033s
judas_asset_tests: exit=0, 0.016s
judas_step_climb_tests: exit=0, 0.008s
judas_pilot_attachment_tests: exit=0, 0.002s
judas_pilot_dismount_tests: exit=0, 0.008s
judas_spacecraft_control_tests: exit=0, 0.033s
judas_spacecraft_flight_tests: exit=0, 0.032s
judas_reference_frame_tests: exit=0, 0.008s
judas_ui_tests: exit=0, 0.017s
judas_lighting_tests: exit=0, 0.017s
judas_shadow_tests: exit=0, 0.004s
judas_interactable_tests: exit=0, 0.017s
judas_player_view_tests: exit=0, 0.002s
judas_object_manipulation_tests: exit=0, 0.016s
judas_player_curved_locomotion_tests: exit=0, 0.115s
judas_world_coordinates_tests: exit=0, 0.065s
judas_compound_body_tests: exit=0, 0.115s
judas_fluid_world_tests: exit=0, 0.666s
judas_fluid_rigid_coupling_tests: exit=0, 14.002s
judas_fluid_surface_tests: exit=0, 0.008s
judas_terrain_physics_tests: exit=0, 0.916s
judas_terrain_fluid_tests: exit=0, 31.980s
judas_atmosphere_tests: exit=0, 0.016s
judas_atmospheric_flight_tests: exit=0, 0.032s
judas_combustion_tests: exit=0, 0.115s
judas_scene_fingerprint_tests: exit=0, 0.065s
judas_world_state_tests: exit=0, 0.065s
judas_uniform_gravity_scene_tests: exit=0, 0.215s
judas_contact_geometry_tests: exit=0, 0.065s
judas_contact_lifecycle_tests: exit=0, 0.065s
judas_contact_cache_tests: exit=0, 0.065s
judas_contact_storage_tests: exit=0, 0.115s
judas_rigid_motion_tests: exit=0, 0.016s
judas_impact_solver_tests: exit=0, 0.004s
judas_impact_timing_tests: exit=0, 0.032s
judas_project_application_tests: exit=0, 0.315s
judas_lifecycle_integration_tests: exit=0, 0.065s
judas_asset_integrity_tests: exit=0, 0.032s
judas_coarse_celestial_tests: exit=0, 0.065s
judas_orbital_integrity_tests: exit=0, 0.115s
judas_spacecraft_frame_integration_tests: exit=0, 0.065s
judas_thermal_accounting_tests: exit=0, 0.036s
judas_combustion_integration_tests: exit=0, 0.115s
judas_player_swimming_tests: exit=0, 0.032s
judas_fluid_metadata_tests: exit=0, 0.032s
judas_fluid_hydrostatics_tests: exit=0, 0.265s
judas_production_fluid_tests: exit=0, 70.345s
judas_fluid_container_integration_tests: exit=0, 3.822s
judas_player_fluid_integration_tests: exit=0, 114.267s
judas_fluid_cavity_impact_tests: exit=0, 0.065s
judas_fluid_smoothing_budget_tests: exit=0, 0.004s
judas_fluid_boundary_contact_tests: exit=0, 0.004s
judas_particle_contact_batch_tests: exit=0, 0.016s
judas_render_camera_tests: exit=1, 0.315s
judas_audio_tests: exit=0, 0.366s
judas_input_tests: exit=0, 0.515s
judas_prefab_tests: exit=1, 0.122s
judas_prefab_application_tests: exit=1, 0.315s
judas_visual_particle_tests: exit=0, 0.465s
judas_particle_application_tests: exit=0, 0.515s
judas_export_tests: exit=0, 0.419s
judas_package_application_tests: exit=0, 0.669s
judas_classification_tests: exit=0, 0.265s
judas_script_tests: exit=0, 2.121s
judas_script_application_tests: exit=0, 1.066s
judas_runtime_ui_tests: exit=0, 0.415s
judas_runtime_ui_application_tests: exit=0, 0.866s
judas_touch_event_tests: exit=0, 0.164s
judas_touch_application_tests: exit=0, 0.615s
judas_scene_transition_tests: exit=0, 0.519s
judas_physics_cast_tests: exit=0, 0.165s
judas_physics_cast_application_tests: exit=0, 0.415s
judas_joint_tests: exit=0, 0.066s
judas_joint_authoring_tests: exit=0, 0.064s
judas_joint_application_tests: exit=0, 0.365s
judas_skeletal_animation_tests: exit=0, 0.315s
judas_animation_application_tests: exit=0, 0.365s
judas_pose_composition_tests: exit=0, 0.115s
judas_pose_composition_application_tests: exit=0, 0.365s
judas_ragdoll_tests: exit=0, 0.315s
judas_ragdoll_application_tests: exit=0, 0.415s
judas_fluid_demo_integration_tests: exit=0, 27.440s
judas_character_motor_tests: exit=0, 0.615s
judas_character_motor_application_tests: exit=0, 0.816s
judas_boundary_migration_tests: exit=0, 0.515s
judas_shooter_game_tests: exit=0, 3.022s
judas_shooter_application_tests: exit=0, 1.270s
judas_script_presentation_tests: exit=0, 0.666s
judas_navigation_tests: exit=0, 0.465s
judas_navigation_game_tests: exit=0, 1.417s
judas_liquid_tests: exit=0, 0.616s
judas_liquid_application_tests: exit=0, 2.920s
judas_liquid_surface_tests: exit=0, 0.966s
judas_liquid_surface_application_tests: exit=0, 6.578s
judas_liquid_surface_refill_tests: exit=0, 11.295s
judas_liquid_surface_loop_tests: exit=0, 0.816s
judas_profiler_tests: exit=0, 0.064s
judas_profiler_script_tests: exit=0, 0.415s
judas_profiler_application_tests: exit=0, 15.099s
judas_material_tests: exit=0, 0.215s
judas_material_application_tests: exit=0, 0.516s
judas_text_localization_tests: exit=0, 0.167s
judas_text_render_tests: exit=0, 0.766s
judas_localization_application_tests: exit=0, 2.119s
judas_streaming_tests: exit=0, 0.315s
judas_streaming_application_tests: exit=0, 1.667s
judas_streaming_performance_tests: exit=0, 9.283s
judas_streaming_revisit_tests: exit=0, 10.085s
judas_audio_acoustics_tests: exit=0, 0.866s
judas_audio_world_tests: exit=0, 1.367s
judas_audio_application_tests: exit=0, 1.116s
judas_save_storage_tests: exit=0, 0.917s
judas_world_persistence_tests: exit=0, 0.032s
judas_save_application_tests: exit=0, 1.869s
judas_save_streaming_tests: exit=0, 0.966s
judas_save_performance_tests: exit=1, 1.066s
editor_async: exit=0, 0.473s
runtime_blocking_reference: exit=0, 0.215s
m31_resource_stress: exit=0, 9.996s
{
  "overall_pass": false,
  "checks": {
    "integration_all_12_cases": true,
    "editor_play_stop_async": true,
    "blocking_reference_three_steps": true,
    "tested_sources_unchanged_during_run": true,
    "protected_paths_unchanged": true
  },
  "seconds": 1373.7821457860045
}
