[  6%] Built target judas_audio_backend
[  6%] Built target judas_quickjs
[  6%] Built target judas_glad
[ 12%] Built target judas_navigation_backend
[ 12%] Building CXX object CMakeFiles/judas_engine.dir/src/NavigationSystem.cpp.o
[ 12%] Linking CXX static library libjudas_engine.a
[ 87%] Built target judas_engine
[ 93%] Built target judas_navigation_baker
[ 93%] Linking CXX executable judas_navigation_tests
[100%] Built target judas_navigation_tests
[  0%] Built target judas_audio_backend
[  0%] Built target judas_quickjs
[  0%] Built target judas_glad
[ 14%] Built target judas_navigation_backend
[100%] Built target judas_engine
[100%] Building CXX object CMakeFiles/judas_navigation_game_tests.dir/tests/NavigationGameTests.cpp.o
[100%] Linking CXX executable judas_navigation_game_tests
[100%] Built target judas_navigation_game_tests
[  6%] Built target judas_audio_backend
[  6%] Built target judas_glad
[ 13%] Built target judas_navigation_backend
[ 13%] Built target judas_quickjs
[ 93%] Built target judas_engine
[100%] Linking CXX executable judasjs_examples_tests
[100%] Built target judasjs_examples_tests
[  7%] Built target judas_audio_backend
[  7%] Built target judas_glad
[  7%] Built target judas_quickjs
[ 14%] Built target judas_navigation_backend
[100%] Built target judas_engine
[100%] Linking CXX executable judas
[100%] Built target judas
[  0%] Built target judas_quickjs
[  0%] Built target judas_glad
[  0%] Built target judas_audio_backend
[ 11%] Built target judas_navigation_backend
[ 17%] Built target judas_imgui
[ 88%] Built target judas_engine
[ 94%] Built target judas_navigation_baker
[ 94%] Linking CXX executable judas_editor
[100%] Built target judas_editor
[  0%] Built target judas_glad
[  0%] Built target judas_audio_backend
[  0%] Built target judas_quickjs
[ 14%] Built target judas_navigation_backend
[100%] Built target judas_engine
[100%] Linking CXX executable judas_export
[100%] Built target judas_export
