[  0%] Built target judas_glad
[  0%] Building CXX object CMakeFiles/judas_engine.dir/src/UIWidgets.cpp.o
[  0%] Building CXX object CMakeFiles/judas_engine.dir/src/PauseMenu.cpp.o
[  7%] Building CXX object CMakeFiles/judas_engine.dir/src/Renderer.cpp.o
[  7%] Building CXX object CMakeFiles/judas_engine.dir/src/HUD.cpp.o
[ 14%] Building CXX object CMakeFiles/judas_engine.dir/src/ProductionFluidCoupling.cpp.o
[ 14%] Building CXX object CMakeFiles/judas_engine.dir/src/Door.cpp.o
[ 14%] Building CXX object CMakeFiles/judas_engine.dir/src/LightSwitch.cpp.o
[ 14%] Building CXX object CMakeFiles/judas_engine.dir/src/ResourceManager.cpp.o
[ 14%] Building CXX object CMakeFiles/judas_engine.dir/src/WorldDebugView.cpp.o
[ 21%] Building CXX object CMakeFiles/judas_engine.dir/src/RuntimeWorld.cpp.o
[ 21%] Building CXX object CMakeFiles/judas_engine.dir/src/GameSession.cpp.o
[ 21%] Building CXX object CMakeFiles/judas_engine.dir/src/Simulation.cpp.o
[ 21%] Building CXX object CMakeFiles/judas_engine.dir/src/WorldPresentation.cpp.o
[ 21%] Building CXX object CMakeFiles/judas_engine.dir/src/GameplayHud.cpp.o
[ 28%] Building CXX object CMakeFiles/judas_engine.dir/src/EngineHost.cpp.o
[ 28%] Building CXX object CMakeFiles/judas_engine.dir/src/InteractivePlay.cpp.o
[ 28%] Building CXX object CMakeFiles/judas_engine.dir/src/CoarseSimulation.cpp.o
[ 28%] Building CXX object CMakeFiles/judas_engine.dir/src/WorldState.cpp.o
[ 28%] Linking CXX static library libjudas_engine.a
[ 92%] Built target judas_engine
[ 92%] Building CXX object CMakeFiles/judas_render_camera_tests.dir/tests/RenderCameraTests.cpp.o
[ 92%] Building CXX object CMakeFiles/judas_render_camera_tests.dir/src/editor/EditorHistory.cpp.o
/home/conner/Documents/GitHub/Project-Judas/tests/RenderCameraTests.cpp: In function ‘int main(int, char**)’:
/home/conner/Documents/GitHub/Project-Judas/tests/RenderCameraTests.cpp:55:9: error: aggregate ‘Window window’ has incomplete type and cannot be defined
   55 |  Window window;Check(window.Init("M33 cameras",320,240,false),"actual GL window/context created");if(failures)return 1;
      |         ^~~~~~
/home/conner/Documents/GitHub/Project-Judas/tests/RenderCameraTests.cpp:112:40: warning: comparison of integer expressions of different signedness: ‘const unsigned int’ and ‘int’ [-Wsign-compare]
  112 |  Check(renderer.Stats().offscreenPasses==(cadence?40/cadence:0),"authored cadence/disabled state schedules exact render count");
      |        ~~~~~~~~~~~~~~~~~~~~~~~~~~~~~~~~^~~~~~~~~~~~~~~~~~~~~~~~
gmake[3]: *** [CMakeFiles/judas_render_camera_tests.dir/build.make:79: CMakeFiles/judas_render_camera_tests.dir/tests/RenderCameraTests.cpp.o] Error 1
gmake[3]: *** Waiting for unfinished jobs....
gmake[2]: *** [CMakeFiles/Makefile2:2649: CMakeFiles/judas_render_camera_tests.dir/all] Error 2
gmake[1]: *** [CMakeFiles/Makefile2:2656: CMakeFiles/judas_render_camera_tests.dir/rule] Error 2
gmake: *** [Makefile:1060: judas_render_camera_tests] Error 2
