PASS real project look/fire defeats an enemy before save
PASS real gameplay awards score before save
PASS real N action spawns an independent prefab participant
PASS adoption changes ownership without changing durable identity
PASS ordinary target and joint destruction becomes tombstone
PASS representative changed region entity
PASS actual unload retains changed state and tombstones
PASS normal composed slot request
PASS save does not change travelling identity
SAVE capture_ms=16.43713 worker_ms=78.57325 bytes=66062 active=4 suspended_bytes=135220
PASS slot metadata refreshed after real commit
PASS fresh standalone streamed process exits cleanly
SUMMARY write checks=11 failures=0 frames=105
libEGL warning: Not allowed to force software rendering when API explicitly selects a hardware device.
Renderer fragment texture units: 32 (material path uses 12)
World state: disk saves disabled for additive compositions
Project: Streamed Spring Range (/home/conner/Documents/GitHub/Project-Judas/projects/streamed_range/streamed_range.judasproj)
Scene: Streamed Spring Range (/home/conner/Documents/GitHub/Project-Judas/projects/streamed_range/Scenes/bootstrap.judas)
World origin (m): 0.000, 0.000, 0.000
Localization: missing localization key save.queued
Localization: missing localization key save.selected
Localization: missing localization key range.score
Localization: missing localization key range.progress
Localization: missing localization key range.start
Localization: missing localization key range.language
Localization: missing localization key range.title
Localization: missing localization key range.controls
Localization: missing localization key stream.wait
Localization: missing localization key save.working
Localization: missing localization key save.selected
Localization: missing localization key save.completed
Localization: missing localization key save.selected
