configure: exit=0, 0.165s
build: exit=0, 0.616s
async_application: exit=0, 0.967s
judas_scene_tests: exit=0, 0.032s
judas_lifecycle_tests: exit=0, 0.214s
judas_project_tests: exit=0, 0.164s
judas_job_tests: exit=0, 0.064s
judas_physics_tests: exit=0, 0.004s
judas_rigid_contact_tests: exit=0, 0.265s
judas_broadphase_tests: exit=0, 1.517s
judas_collision_tests: exit=0, 0.016s
judas_celestial_gravity_tests: exit=0, 0.016s
judas_asset_tests: exit=0, 0.004s
judas_step_climb_tests: exit=0, 0.004s
judas_pilot_attachment_tests: exit=0, 0.002s
judas_pilot_dismount_tests: exit=0, 0.004s
judas_spacecraft_control_tests: exit=0, 0.008s
judas_spacecraft_flight_tests: exit=0, 0.008s
judas_reference_frame_tests: exit=0, 0.004s
judas_ui_tests: exit=0, 0.008s
judas_lighting_tests: exit=0, 0.008s
judas_shadow_tests: exit=0, 0.002s
judas_interactable_tests: exit=0, 0.008s
judas_player_view_tests: exit=0, 0.002s
judas_object_manipulation_tests: exit=0, 0.004s
judas_player_curved_locomotion_tests: exit=0, 0.064s
judas_world_coordinates_tests: exit=0, 0.032s
judas_compound_body_tests: exit=0, 0.008s
judas_fluid_world_tests: exit=0, 0.565s
judas_fluid_rigid_coupling_tests: exit=0, 10.234s
judas_fluid_surface_tests: exit=0, 0.004s
judas_terrain_physics_tests: exit=0, 0.866s
judas_terrain_fluid_tests: exit=0, 10.285s
judas_atmosphere_tests: exit=0, 0.016s
judas_atmospheric_flight_tests: exit=0, 0.008s
judas_combustion_tests: exit=0, 0.064s
judas_scene_fingerprint_tests: exit=0, 0.032s
judas_world_state_tests: exit=0, 0.016s
judas_uniform_gravity_scene_tests: exit=0, 0.114s
editor_async: exit=0, 0.315s
runtime_blocking_reference: exit=0, 0.115s
m31_resource_stress: exit=0, 6.081s
{
  "overall_pass": true,
  "checks": {
    "integration_all_12_cases": true,
    "editor_play_stop_async": true,
    "blocking_reference_three_steps": true,
    "tested_sources_unchanged_during_run": true,
    "protected_paths_unchanged": true
  },
  "seconds": 33.05564269200022
}
