[  0%] Building C object CMakeFiles/judas_glad.dir/third_party/glad/src/gl.c.o
[  0%] Building C object CMakeFiles/judas_quickjs.dir/third_party/quickjs/quickjs.c.o
[  0%] Building CXX object CMakeFiles/judas_imgui.dir/third_party/imgui/imgui.cpp.o
[  0%] Building C object CMakeFiles/judas_audio_backend.dir/src/AudioBackend.c.o
[  1%] Linking C static library libjudas_glad.a
[  1%] Built target judas_glad
[  1%] Building CXX object CMakeFiles/judas_physics_tests.dir/tests/PhysicsPrimitiveTests.cpp.o
[  1%] Building CXX object CMakeFiles/judas_physics_tests.dir/src/JointSolver.cpp.o
[  1%] Building CXX object CMakeFiles/judas_physics_tests.dir/src/PhysicsCastGeometry.cpp.o
[  1%] Building CXX object CMakeFiles/judas_physics_tests.dir/src/ImpactSolver.cpp.o
[  2%] Building CXX object CMakeFiles/judas_physics_tests.dir/src/RigidBody.cpp.o
[  2%] Building CXX object CMakeFiles/judas_physics_tests.dir/src/RigidBodyGravity.cpp.o
[  2%] Building CXX object CMakeFiles/judas_physics_tests.dir/src/Contacts.cpp.o
[  2%] Building CXX object CMakeFiles/judas_physics_tests.dir/src/ContactSolver.cpp.o
[  2%] Building CXX object CMakeFiles/judas_physics_tests.dir/src/RadialTerrain.cpp.o
[  2%] Building CXX object CMakeFiles/judas_imgui.dir/third_party/imgui/imgui_draw.cpp.o
[  2%] Building CXX object CMakeFiles/judas_physics_tests.dir/src/Broadphase.cpp.o
[  2%] Building CXX object CMakeFiles/judas_physics_tests.dir/src/Narrowphase.cpp.o
[  2%] Building CXX object CMakeFiles/judas_imgui.dir/third_party/imgui/imgui_tables.cpp.o
[  2%] Building CXX object CMakeFiles/judas_physics_tests.dir/src/FaithfulGravity.cpp.o
[  3%] Building CXX object CMakeFiles/judas_physics_tests.dir/src/RadicalGravity.cpp.o
[  3%] Building CXX object CMakeFiles/judas_physics_tests.dir/src/SphericalVolume.cpp.o
[  3%] Building CXX object CMakeFiles/judas_physics_tests.dir/src/BoxVolume.cpp.o
[  3%] Building CXX object CMakeFiles/judas_physics_tests.dir/src/GravityContextMap.cpp.o
[  3%] Linking CXX executable judas_physics_tests
[  3%] Built target judas_physics_tests
[  3%] Building CXX object CMakeFiles/judas_rigid_contact_tests.dir/tests/RigidContactTests.cpp.o
[  3%] Building CXX object CMakeFiles/judas_imgui.dir/third_party/imgui/imgui_widgets.cpp.o
[  4%] Building CXX object CMakeFiles/judas_rigid_contact_tests.dir/src/JointSolver.cpp.o
[  4%] Building CXX object CMakeFiles/judas_rigid_contact_tests.dir/src/PhysicsCastGeometry.cpp.o
[  4%] Linking C static library libjudas_audio_backend.a
[  4%] Built target judas_audio_backend
[  4%] Building CXX object CMakeFiles/judas_broadphase_tests.dir/tests/BroadphaseTests.cpp.o
[  4%] Building CXX object CMakeFiles/judas_rigid_contact_tests.dir/src/ImpactSolver.cpp.o
[  4%] Building CXX object CMakeFiles/judas_broadphase_tests.dir/src/JointSolver.cpp.o
[  4%] Building CXX object CMakeFiles/judas_rigid_contact_tests.dir/src/RigidBody.cpp.o
[  4%] Building CXX object CMakeFiles/judas_rigid_contact_tests.dir/src/RigidBodyGravity.cpp.o
[  4%] Building CXX object CMakeFiles/judas_rigid_contact_tests.dir/src/Contacts.cpp.o
[  4%] Building CXX object CMakeFiles/judas_broadphase_tests.dir/src/PhysicsCastGeometry.cpp.o
[  4%] Building CXX object CMakeFiles/judas_broadphase_tests.dir/src/ImpactSolver.cpp.o
[  4%] Building CXX object CMakeFiles/judas_broadphase_tests.dir/src/RigidBody.cpp.o
[  4%] Building CXX object CMakeFiles/judas_imgui.dir/third_party/imgui/backends/imgui_impl_sdl2.cpp.o
[  5%] Building CXX object CMakeFiles/judas_broadphase_tests.dir/src/RigidBodyGravity.cpp.o
[  5%] Building CXX object CMakeFiles/judas_broadphase_tests.dir/src/Contacts.cpp.o
[  5%] Building CXX object CMakeFiles/judas_rigid_contact_tests.dir/src/ContactSolver.cpp.o
[  5%] Building CXX object CMakeFiles/judas_imgui.dir/third_party/imgui/backends/imgui_impl_opengl3.cpp.o
[  5%] Linking CXX static library libjudas_imgui.a
[  5%] Built target judas_imgui
[  5%] Building CXX object CMakeFiles/judas_collision_tests.dir/tests/CollisionTests.cpp.o
[  6%] Building CXX object CMakeFiles/judas_rigid_contact_tests.dir/src/RadialTerrain.cpp.o
[  6%] Building CXX object CMakeFiles/judas_collision_tests.dir/src/JointSolver.cpp.o
[  6%] Building CXX object CMakeFiles/judas_rigid_contact_tests.dir/src/Broadphase.cpp.o
[  6%] Building CXX object CMakeFiles/judas_rigid_contact_tests.dir/src/Narrowphase.cpp.o
[  6%] Building CXX object CMakeFiles/judas_collision_tests.dir/src/PhysicsCastGeometry.cpp.o
[  6%] Building CXX object CMakeFiles/judas_broadphase_tests.dir/src/ContactSolver.cpp.o
[  7%] Building CXX object CMakeFiles/judas_collision_tests.dir/src/ImpactSolver.cpp.o
[  7%] Building C object CMakeFiles/judas_quickjs.dir/third_party/quickjs/dtoa.c.o
[  7%] Building CXX object CMakeFiles/judas_broadphase_tests.dir/src/RadialTerrain.cpp.o
[  7%] Building C object CMakeFiles/judas_quickjs.dir/third_party/quickjs/libregexp.c.o
[  7%] Building CXX object CMakeFiles/judas_collision_tests.dir/src/RigidBody.cpp.o
[  7%] Building CXX object CMakeFiles/judas_broadphase_tests.dir/src/Broadphase.cpp.o
[  7%] Building CXX object CMakeFiles/judas_collision_tests.dir/src/RigidBodyGravity.cpp.o
[  7%] Building CXX object CMakeFiles/judas_broadphase_tests.dir/src/Narrowphase.cpp.o
[  7%] Building CXX object CMakeFiles/judas_collision_tests.dir/src/Contacts.cpp.o
[  7%] Building C object CMakeFiles/judas_quickjs.dir/third_party/quickjs/libunicode.c.o
[  7%] Building CXX object CMakeFiles/judas_rigid_contact_tests.dir/src/PhysicsWorld.cpp.o
[  8%] Linking C static library libjudas_quickjs.a
[  8%] Built target judas_quickjs
[  9%] Building CXX object CMakeFiles/judas_celestial_gravity_tests.dir/tests/CelestialGravityTests.cpp.o
[  9%] Building CXX object CMakeFiles/judas_celestial_gravity_tests.dir/src/JointSolver.cpp.o
[  9%] Building CXX object CMakeFiles/judas_collision_tests.dir/src/ContactSolver.cpp.o
[  9%] Building CXX object CMakeFiles/judas_celestial_gravity_tests.dir/src/PhysicsCastGeometry.cpp.o
[  9%] Building CXX object CMakeFiles/judas_broadphase_tests.dir/src/PhysicsWorld.cpp.o
[  9%] Building CXX object CMakeFiles/judas_collision_tests.dir/src/RadialTerrain.cpp.o
[  9%] Building CXX object CMakeFiles/judas_celestial_gravity_tests.dir/src/ImpactSolver.cpp.o
[  9%] Building CXX object CMakeFiles/judas_collision_tests.dir/src/Broadphase.cpp.o
[  9%] Building CXX object CMakeFiles/judas_collision_tests.dir/src/Narrowphase.cpp.o
[  9%] Building CXX object CMakeFiles/judas_celestial_gravity_tests.dir/src/RigidBody.cpp.o
[  9%] Building CXX object CMakeFiles/judas_celestial_gravity_tests.dir/src/RigidBodyGravity.cpp.o
[  9%] Building CXX object CMakeFiles/judas_celestial_gravity_tests.dir/src/Contacts.cpp.o
[ 10%] Building CXX object CMakeFiles/judas_collision_tests.dir/src/FaithfulGravity.cpp.o
[ 11%] Building CXX object CMakeFiles/judas_celestial_gravity_tests.dir/src/ContactSolver.cpp.o
[ 11%] Building CXX object CMakeFiles/judas_collision_tests.dir/src/RadicalGravity.cpp.o
[ 11%] Building CXX object CMakeFiles/judas_collision_tests.dir/src/SphericalVolume.cpp.o
[ 11%] Linking CXX executable judas_rigid_contact_tests
[ 11%] Built target judas_rigid_contact_tests
[ 12%] Building CXX object CMakeFiles/judas_step_climb_tests.dir/tests/StepClimbTests.cpp.o
[ 12%] Building CXX object CMakeFiles/judas_collision_tests.dir/src/BoxVolume.cpp.o
[ 12%] Building CXX object CMakeFiles/judas_collision_tests.dir/src/GravityContextMap.cpp.o
[ 12%] Building CXX object CMakeFiles/judas_celestial_gravity_tests.dir/src/RadialTerrain.cpp.o
[ 12%] Building CXX object CMakeFiles/judas_step_climb_tests.dir/src/StepClimb.cpp.o
[ 12%] Linking CXX executable judas_collision_tests
[ 12%] Built target judas_collision_tests
[ 12%] Building CXX object CMakeFiles/judas_pilot_attachment_tests.dir/tests/PilotAttachmentTests.cpp.o
[ 12%] Building CXX object CMakeFiles/judas_celestial_gravity_tests.dir/src/Broadphase.cpp.o
[ 12%] Building CXX object CMakeFiles/judas_step_climb_tests.dir/src/JointSolver.cpp.o
[ 12%] Building CXX object CMakeFiles/judas_pilot_attachment_tests.dir/src/PilotAttachment.cpp.o
[ 12%] Building CXX object CMakeFiles/judas_celestial_gravity_tests.dir/src/Narrowphase.cpp.o
[ 13%] Linking CXX executable judas_pilot_attachment_tests
[ 13%] Built target judas_pilot_attachment_tests
[ 13%] Building CXX object CMakeFiles/judas_pilot_dismount_tests.dir/tests/PilotDismountTests.cpp.o
[ 13%] Building CXX object CMakeFiles/judas_step_climb_tests.dir/src/PhysicsCastGeometry.cpp.o
[ 13%] Linking CXX executable judas_broadphase_tests
[ 13%] Built target judas_broadphase_tests
[ 13%] Building CXX object CMakeFiles/judas_spacecraft_control_tests.dir/tests/SpacecraftControlTests.cpp.o
[ 13%] Building CXX object CMakeFiles/judas_pilot_dismount_tests.dir/src/PilotAttachment.cpp.o
[ 13%] Building CXX object CMakeFiles/judas_step_climb_tests.dir/src/ImpactSolver.cpp.o
[ 13%] Building CXX object CMakeFiles/judas_pilot_dismount_tests.dir/src/JointSolver.cpp.o
[ 13%] Building CXX object CMakeFiles/judas_spacecraft_control_tests.dir/src/FlyingPrimitiveControl.cpp.o
[ 13%] Building CXX object CMakeFiles/judas_step_climb_tests.dir/src/RigidBody.cpp.o
[ 13%] Building CXX object CMakeFiles/judas_pilot_dismount_tests.dir/src/PhysicsCastGeometry.cpp.o
[ 13%] Building CXX object CMakeFiles/judas_step_climb_tests.dir/src/RigidBodyGravity.cpp.o
[ 13%] Building CXX object CMakeFiles/judas_step_climb_tests.dir/src/Contacts.cpp.o
[ 13%] Building CXX object CMakeFiles/judas_pilot_dismount_tests.dir/src/ImpactSolver.cpp.o
[ 13%] Building CXX object CMakeFiles/judas_celestial_gravity_tests.dir/src/PhysicsWorld.cpp.o
[ 13%] Building CXX object CMakeFiles/judas_spacecraft_control_tests.dir/src/Window.cpp.o
[ 13%] Building CXX object CMakeFiles/judas_pilot_dismount_tests.dir/src/RigidBody.cpp.o
[ 13%] Building CXX object CMakeFiles/judas_pilot_dismount_tests.dir/src/RigidBodyGravity.cpp.o
[ 14%] Building CXX object CMakeFiles/judas_pilot_dismount_tests.dir/src/Contacts.cpp.o
[ 14%] Building CXX object CMakeFiles/judas_spacecraft_control_tests.dir/src/InputSystem.cpp.o
[ 15%] Building CXX object CMakeFiles/judas_step_climb_tests.dir/src/ContactSolver.cpp.o
[ 15%] Building CXX object CMakeFiles/judas_step_climb_tests.dir/src/RadialTerrain.cpp.o
[ 15%] Building CXX object CMakeFiles/judas_spacecraft_control_tests.dir/src/JointSolver.cpp.o
[ 15%] Building CXX object CMakeFiles/judas_step_climb_tests.dir/src/Broadphase.cpp.o
[ 15%] Building CXX object CMakeFiles/judas_step_climb_tests.dir/src/Narrowphase.cpp.o
[ 15%] Building CXX object CMakeFiles/judas_pilot_dismount_tests.dir/src/ContactSolver.cpp.o
[ 16%] Building CXX object CMakeFiles/judas_spacecraft_control_tests.dir/src/PhysicsCastGeometry.cpp.o
[ 16%] Building CXX object CMakeFiles/judas_pilot_dismount_tests.dir/src/RadialTerrain.cpp.o
[ 16%] Building CXX object CMakeFiles/judas_spacecraft_control_tests.dir/src/ImpactSolver.cpp.o
[ 16%] Building CXX object CMakeFiles/judas_pilot_dismount_tests.dir/src/Broadphase.cpp.o
[ 16%] Building CXX object CMakeFiles/judas_spacecraft_control_tests.dir/src/RigidBody.cpp.o
[ 16%] Building CXX object CMakeFiles/judas_pilot_dismount_tests.dir/src/Narrowphase.cpp.o
[ 16%] Building CXX object CMakeFiles/judas_spacecraft_control_tests.dir/src/RigidBodyGravity.cpp.o
[ 16%] Building CXX object CMakeFiles/judas_spacecraft_control_tests.dir/src/Contacts.cpp.o
[ 16%] Building CXX object CMakeFiles/judas_step_climb_tests.dir/src/PhysicsWorld.cpp.o
[ 16%] Building CXX object CMakeFiles/judas_celestial_gravity_tests.dir/src/CelestialGravity.cpp.o
[ 16%] Linking CXX executable judas_celestial_gravity_tests
[ 16%] Built target judas_celestial_gravity_tests
[ 16%] Building CXX object CMakeFiles/judas_spacecraft_flight_tests.dir/tests/SpacecraftFlightTests.cpp.o
[ 16%] Building CXX object CMakeFiles/judas_spacecraft_control_tests.dir/src/ContactSolver.cpp.o
[ 16%] Building CXX object CMakeFiles/judas_pilot_dismount_tests.dir/src/PhysicsWorld.cpp.o
[ 16%] Building CXX object CMakeFiles/judas_spacecraft_flight_tests.dir/src/FlyingPrimitiveControl.cpp.o
[ 16%] Building CXX object CMakeFiles/judas_spacecraft_control_tests.dir/src/RadialTerrain.cpp.o
[ 16%] Building CXX object CMakeFiles/judas_spacecraft_control_tests.dir/src/Broadphase.cpp.o
[ 16%] Building CXX object CMakeFiles/judas_spacecraft_flight_tests.dir/src/Window.cpp.o
[ 17%] Building CXX object CMakeFiles/judas_spacecraft_control_tests.dir/src/Narrowphase.cpp.o
[ 17%] Building CXX object CMakeFiles/judas_spacecraft_flight_tests.dir/src/InputSystem.cpp.o
[ 18%] Building CXX object CMakeFiles/judas_spacecraft_flight_tests.dir/src/JointSolver.cpp.o
[ 18%] Building CXX object CMakeFiles/judas_spacecraft_control_tests.dir/src/PhysicsWorld.cpp.o
[ 18%] Building CXX object CMakeFiles/judas_spacecraft_flight_tests.dir/src/PhysicsCastGeometry.cpp.o
[ 18%] Linking CXX executable judas_step_climb_tests
[ 18%] Built target judas_step_climb_tests
[ 18%] Building CXX object CMakeFiles/judas_reference_frame_tests.dir/tests/ReferenceFrameTests.cpp.o
[ 18%] Building CXX object CMakeFiles/judas_reference_frame_tests.dir/src/ReferenceFrame.cpp.o
[ 18%] Building CXX object CMakeFiles/judas_spacecraft_flight_tests.dir/src/ImpactSolver.cpp.o
[ 18%] Building CXX object CMakeFiles/judas_reference_frame_tests.dir/src/PilotAttachment.cpp.o
[ 18%] Building CXX object CMakeFiles/judas_spacecraft_flight_tests.dir/src/RigidBody.cpp.o
[ 18%] Building CXX object CMakeFiles/judas_reference_frame_tests.dir/src/JointSolver.cpp.o
[ 18%] Building CXX object CMakeFiles/judas_spacecraft_flight_tests.dir/src/RigidBodyGravity.cpp.o
[ 18%] Linking CXX executable judas_pilot_dismount_tests
[ 18%] Built target judas_pilot_dismount_tests
[ 18%] Building CXX object CMakeFiles/judas_ui_tests.dir/tests/UITests.cpp.o
[ 18%] Building CXX object CMakeFiles/judas_spacecraft_flight_tests.dir/src/Contacts.cpp.o
[ 18%] Building CXX object CMakeFiles/judas_reference_frame_tests.dir/src/PhysicsCastGeometry.cpp.o
[ 19%] Building CXX object CMakeFiles/judas_ui_tests.dir/src/UIWidgets.cpp.o
[ 19%] Building CXX object CMakeFiles/judas_reference_frame_tests.dir/src/ImpactSolver.cpp.o
[ 19%] Building CXX object CMakeFiles/judas_ui_tests.dir/src/PauseMenu.cpp.o
[ 20%] Building CXX object CMakeFiles/judas_reference_frame_tests.dir/src/RigidBody.cpp.o
[ 20%] Building CXX object CMakeFiles/judas_ui_tests.dir/src/HUD.cpp.o
[ 20%] Building CXX object CMakeFiles/judas_reference_frame_tests.dir/src/RigidBodyGravity.cpp.o
[ 20%] Building CXX object CMakeFiles/judas_reference_frame_tests.dir/src/Contacts.cpp.o
[ 20%] Building CXX object CMakeFiles/judas_ui_tests.dir/src/Renderer.cpp.o
[ 20%] Building CXX object CMakeFiles/judas_spacecraft_flight_tests.dir/src/ContactSolver.cpp.o
[ 20%] Building CXX object CMakeFiles/judas_spacecraft_flight_tests.dir/src/RadialTerrain.cpp.o
[ 21%] Building CXX object CMakeFiles/judas_spacecraft_flight_tests.dir/src/Broadphase.cpp.o
[ 21%] Building CXX object CMakeFiles/judas_spacecraft_flight_tests.dir/src/Narrowphase.cpp.o
[ 21%] Linking CXX executable judas_spacecraft_control_tests
[ 21%] Built target judas_spacecraft_control_tests
[ 22%] Building CXX object CMakeFiles/judas_lighting_tests.dir/tests/LightingTests.cpp.o
[ 22%] Building CXX object CMakeFiles/judas_reference_frame_tests.dir/src/ContactSolver.cpp.o
[ 22%] Building CXX object CMakeFiles/judas_ui_tests.dir/src/SkeletalAnimation.cpp.o
[ 22%] Building CXX object CMakeFiles/judas_lighting_tests.dir/src/LightTransforms.cpp.o
[ 22%] Building CXX object CMakeFiles/judas_lighting_tests.dir/src/LightAttenuation.cpp.o
[ 22%] Building CXX object CMakeFiles/judas_reference_frame_tests.dir/src/RadialTerrain.cpp.o
[ 22%] Building CXX object CMakeFiles/judas_lighting_tests.dir/src/PauseMenu.cpp.o
[ 22%] Building CXX object CMakeFiles/judas_ui_tests.dir/src/FontLoader.cpp.o
[ 22%] Building CXX object CMakeFiles/judas_reference_frame_tests.dir/src/Broadphase.cpp.o
[ 22%] Building CXX object CMakeFiles/judas_lighting_tests.dir/src/UIWidgets.cpp.o
[ 22%] Building CXX object CMakeFiles/judas_reference_frame_tests.dir/src/Narrowphase.cpp.o
[ 22%] Building CXX object CMakeFiles/judas_lighting_tests.dir/src/HUD.cpp.o
[ 22%] Building CXX object CMakeFiles/judas_spacecraft_flight_tests.dir/src/PhysicsWorld.cpp.o
[ 22%] Building CXX object CMakeFiles/judas_lighting_tests.dir/src/Renderer.cpp.o
[ 22%] Linking CXX executable judas_ui_tests
[ 22%] Built target judas_ui_tests
[ 22%] Building CXX object CMakeFiles/judas_shadow_tests.dir/tests/ShadowTests.cpp.o
[ 22%] Building CXX object CMakeFiles/judas_shadow_tests.dir/src/ShadowTransforms.cpp.o
[ 22%] Linking CXX executable judas_shadow_tests
[ 22%] Built target judas_shadow_tests
[ 23%] Building CXX object CMakeFiles/judas_lighting_tests.dir/src/SkeletalAnimation.cpp.o
[ 23%] Building CXX object CMakeFiles/judas_lighting_tests.dir/src/FontLoader.cpp.o
[ 24%] Building CXX object CMakeFiles/judas_reference_frame_tests.dir/src/PhysicsWorld.cpp.o
[ 24%] Building CXX object CMakeFiles/judas_spacecraft_flight_tests.dir/src/CelestialGravity.cpp.o
[ 24%] Building CXX object CMakeFiles/judas_interactable_tests.dir/tests/InteractableTests.cpp.o
[ 24%] Linking CXX executable judas_lighting_tests
[ 24%] Built target judas_lighting_tests
[ 24%] Building CXX object CMakeFiles/judas_player_view_tests.dir/tests/PlayerViewTests.cpp.o
[ 25%] Building CXX object CMakeFiles/judas_interactable_tests.dir/src/HingeTransform.cpp.o
[ 25%] Building CXX object CMakeFiles/judas_player_view_tests.dir/src/PlayerView.cpp.o
[ 25%] Building CXX object CMakeFiles/judas_interactable_tests.dir/src/InteractionSystem.cpp.o
[ 25%] Building CXX object CMakeFiles/judas_player_view_tests.dir/src/LightTransforms.cpp.o
[ 26%] Linking CXX executable judas_player_view_tests
[ 26%] Built target judas_player_view_tests
[ 26%] Building CXX object CMakeFiles/judas_object_manipulation_tests.dir/tests/ObjectManipulationTests.cpp.o
[ 26%] Building CXX object CMakeFiles/judas_interactable_tests.dir/src/Door.cpp.o
[ 26%] Building CXX object CMakeFiles/judas_object_manipulation_tests.dir/src/ObjectManipulation.cpp.o
[ 26%] Building CXX object CMakeFiles/judas_interactable_tests.dir/src/LightSwitch.cpp.o
[ 26%] Building CXX object CMakeFiles/judas_object_manipulation_tests.dir/src/InteractionSystem.cpp.o
[ 26%] Building CXX object CMakeFiles/judas_interactable_tests.dir/src/PauseMenu.cpp.o
[ 26%] Building CXX object CMakeFiles/judas_object_manipulation_tests.dir/src/DynamicBody.cpp.o
[ 27%] Building CXX object CMakeFiles/judas_interactable_tests.dir/src/UIWidgets.cpp.o
[ 27%] Building CXX object CMakeFiles/judas_object_manipulation_tests.dir/src/JointSolver.cpp.o
[ 27%] Linking CXX executable judas_spacecraft_flight_tests
[ 27%] Built target judas_spacecraft_flight_tests
[ 28%] Building CXX object CMakeFiles/judas_player_curved_locomotion_tests.dir/tests/PlayerCurvedLocomotionTests.cpp.o
[ 28%] Building CXX object CMakeFiles/judas_interactable_tests.dir/src/HUD.cpp.o
[ 28%] Building CXX object CMakeFiles/judas_object_manipulation_tests.dir/src/PhysicsCastGeometry.cpp.o
[ 28%] Building CXX object CMakeFiles/judas_interactable_tests.dir/src/Renderer.cpp.o
[ 28%] Building CXX object CMakeFiles/judas_player_curved_locomotion_tests.dir/src/PlayerController.cpp.o
[ 28%] Building CXX object CMakeFiles/judas_object_manipulation_tests.dir/src/ImpactSolver.cpp.o
[ 28%] Building CXX object CMakeFiles/judas_object_manipulation_tests.dir/src/RigidBody.cpp.o
[ 28%] Linking CXX executable judas_reference_frame_tests
[ 28%] Built target judas_reference_frame_tests
[ 28%] Building CXX object CMakeFiles/judas_world_coordinates_tests.dir/tests/WorldCoordinatesTests.cpp.o
[ 28%] Building CXX object CMakeFiles/judas_object_manipulation_tests.dir/src/RigidBodyGravity.cpp.o
[ 28%] Building CXX object CMakeFiles/judas_player_curved_locomotion_tests.dir/src/PlayerView.cpp.o
[ 28%] Building CXX object CMakeFiles/judas_object_manipulation_tests.dir/src/Contacts.cpp.o
[ 28%] Building CXX object CMakeFiles/judas_player_curved_locomotion_tests.dir/src/LightTransforms.cpp.o
[ 28%] Building CXX object CMakeFiles/judas_player_curved_locomotion_tests.dir/src/PilotControl.cpp.o
[ 28%] Building CXX object CMakeFiles/judas_player_curved_locomotion_tests.dir/src/PilotAttachment.cpp.o
[ 28%] Building CXX object CMakeFiles/judas_world_coordinates_tests.dir/src/CelestialGravity.cpp.o
[ 29%] Building CXX object CMakeFiles/judas_interactable_tests.dir/src/SkeletalAnimation.cpp.o
[ 29%] Building CXX object CMakeFiles/judas_player_curved_locomotion_tests.dir/src/FlyingPrimitiveControl.cpp.o
[ 29%] Building CXX object CMakeFiles/judas_world_coordinates_tests.dir/src/DynamicBody.cpp.o
[ 29%] Building CXX object CMakeFiles/judas_interactable_tests.dir/src/FontLoader.cpp.o
[ 30%] Building CXX object CMakeFiles/judas_world_coordinates_tests.dir/src/FlyingPrimitiveControl.cpp.o
[ 30%] Building CXX object CMakeFiles/judas_object_manipulation_tests.dir/src/ContactSolver.cpp.o
[ 30%] Building CXX object CMakeFiles/judas_player_curved_locomotion_tests.dir/src/Window.cpp.o
[ 30%] Building CXX object CMakeFiles/judas_world_coordinates_tests.dir/src/InteractionSystem.cpp.o
[ 30%] Building CXX object CMakeFiles/judas_object_manipulation_tests.dir/src/RadialTerrain.cpp.o
[ 30%] Building CXX object CMakeFiles/judas_world_coordinates_tests.dir/src/ObjectManipulation.cpp.o
[ 30%] Building CXX object CMakeFiles/judas_interactable_tests.dir/src/JointSolver.cpp.o
[ 31%] Building CXX object CMakeFiles/judas_player_curved_locomotion_tests.dir/src/InputSystem.cpp.o
[ 32%] Building CXX object CMakeFiles/judas_object_manipulation_tests.dir/src/Broadphase.cpp.o
[ 32%] Building CXX object CMakeFiles/judas_world_coordinates_tests.dir/src/PlayerController.cpp.o
[ 32%] Building CXX object CMakeFiles/judas_object_manipulation_tests.dir/src/Narrowphase.cpp.o
[ 32%] Building CXX object CMakeFiles/judas_interactable_tests.dir/src/PhysicsCastGeometry.cpp.o
[ 32%] Building CXX object CMakeFiles/judas_world_coordinates_tests.dir/src/PlayerView.cpp.o
[ 32%] Building CXX object CMakeFiles/judas_interactable_tests.dir/src/ImpactSolver.cpp.o
[ 32%] Building CXX object CMakeFiles/judas_world_coordinates_tests.dir/src/LightTransforms.cpp.o
[ 32%] Building CXX object CMakeFiles/judas_player_curved_locomotion_tests.dir/src/StepClimb.cpp.o
[ 32%] Building CXX object CMakeFiles/judas_world_coordinates_tests.dir/src/ReferenceFrame.cpp.o
[ 32%] Building CXX object CMakeFiles/judas_interactable_tests.dir/src/RigidBody.cpp.o
[ 32%] Building CXX object CMakeFiles/judas_player_curved_locomotion_tests.dir/src/PhysicsWorld.cpp.o
[ 33%] Building CXX object CMakeFiles/judas_world_coordinates_tests.dir/src/ShadowTransforms.cpp.o
[ 33%] Building CXX object CMakeFiles/judas_interactable_tests.dir/src/RigidBodyGravity.cpp.o
[ 33%] Building CXX object CMakeFiles/judas_world_coordinates_tests.dir/src/Window.cpp.o
[ 34%] Building CXX object CMakeFiles/judas_interactable_tests.dir/src/Contacts.cpp.o
[ 34%] Building CXX object CMakeFiles/judas_object_manipulation_tests.dir/src/FaithfulGravity.cpp.o
[ 34%] Building CXX object CMakeFiles/judas_object_manipulation_tests.dir/src/RadicalGravity.cpp.o
[ 34%] Building CXX object CMakeFiles/judas_world_coordinates_tests.dir/src/InputSystem.cpp.o
[ 34%] Building CXX object CMakeFiles/judas_object_manipulation_tests.dir/src/SphericalVolume.cpp.o
[ 34%] Building CXX object CMakeFiles/judas_object_manipulation_tests.dir/src/BoxVolume.cpp.o
[ 34%] Building CXX object CMakeFiles/judas_object_manipulation_tests.dir/src/GravityContextMap.cpp.o
[ 35%] Building CXX object CMakeFiles/judas_object_manipulation_tests.dir/src/PhysicsWorld.cpp.o
[ 35%] Building CXX object CMakeFiles/judas_interactable_tests.dir/src/ContactSolver.cpp.o
[ 35%] Building CXX object CMakeFiles/judas_world_coordinates_tests.dir/src/StepClimb.cpp.o
[ 35%] Building CXX object CMakeFiles/judas_interactable_tests.dir/src/RadialTerrain.cpp.o
[ 35%] Building CXX object CMakeFiles/judas_world_coordinates_tests.dir/src/PhysicsWorld.cpp.o
[ 35%] Building CXX object CMakeFiles/judas_interactable_tests.dir/src/Broadphase.cpp.o
[ 35%] Building CXX object CMakeFiles/judas_interactable_tests.dir/src/Narrowphase.cpp.o
[ 35%] Building CXX object CMakeFiles/judas_player_curved_locomotion_tests.dir/src/JointSolver.cpp.o
[ 35%] Building CXX object CMakeFiles/judas_player_curved_locomotion_tests.dir/src/PhysicsCastGeometry.cpp.o
[ 35%] Building CXX object CMakeFiles/judas_interactable_tests.dir/src/PhysicsWorld.cpp.o
[ 35%] Building CXX object CMakeFiles/judas_player_curved_locomotion_tests.dir/src/ImpactSolver.cpp.o
[ 35%] Building CXX object CMakeFiles/judas_player_curved_locomotion_tests.dir/src/RigidBody.cpp.o
[ 36%] Building CXX object CMakeFiles/judas_player_curved_locomotion_tests.dir/src/RigidBodyGravity.cpp.o
[ 36%] Linking CXX executable judas_object_manipulation_tests
[ 36%] Built target judas_object_manipulation_tests
[ 36%] Building CXX object CMakeFiles/judas_compound_body_tests.dir/tests/CompoundBodyTests.cpp.o
[ 36%] Building CXX object CMakeFiles/judas_player_curved_locomotion_tests.dir/src/Contacts.cpp.o
[ 36%] Building CXX object CMakeFiles/judas_compound_body_tests.dir/src/JointSolver.cpp.o
[ 36%] Building CXX object CMakeFiles/judas_world_coordinates_tests.dir/src/JointSolver.cpp.o
[ 36%] Building CXX object CMakeFiles/judas_compound_body_tests.dir/src/PhysicsCastGeometry.cpp.o
[ 36%] Building CXX object CMakeFiles/judas_world_coordinates_tests.dir/src/PhysicsCastGeometry.cpp.o
[ 36%] Building CXX object CMakeFiles/judas_compound_body_tests.dir/src/ImpactSolver.cpp.o
[ 36%] Building CXX object CMakeFiles/judas_player_curved_locomotion_tests.dir/src/ContactSolver.cpp.o
[ 36%] Building CXX object CMakeFiles/judas_world_coordinates_tests.dir/src/ImpactSolver.cpp.o
[ 36%] Building CXX object CMakeFiles/judas_compound_body_tests.dir/src/RigidBody.cpp.o
[ 36%] Building CXX object CMakeFiles/judas_player_curved_locomotion_tests.dir/src/RadialTerrain.cpp.o
[ 36%] Building CXX object CMakeFiles/judas_compound_body_tests.dir/src/RigidBodyGravity.cpp.o
[ 37%] Building CXX object CMakeFiles/judas_world_coordinates_tests.dir/src/RigidBody.cpp.o
[ 38%] Building CXX object CMakeFiles/judas_compound_body_tests.dir/src/Contacts.cpp.o
[ 38%] Building CXX object CMakeFiles/judas_world_coordinates_tests.dir/src/RigidBodyGravity.cpp.o
[ 38%] Building CXX object CMakeFiles/judas_player_curved_locomotion_tests.dir/src/Broadphase.cpp.o
[ 38%] Building CXX object CMakeFiles/judas_world_coordinates_tests.dir/src/Contacts.cpp.o
[ 38%] Building CXX object CMakeFiles/judas_player_curved_locomotion_tests.dir/src/Narrowphase.cpp.o
[ 38%] Linking CXX executable judas_interactable_tests
[ 38%] Built target judas_interactable_tests
[ 38%] Building CXX object CMakeFiles/judas_fluid_world_tests.dir/tests/FluidWorldTests.cpp.o
[ 38%] Building CXX object CMakeFiles/judas_compound_body_tests.dir/src/ContactSolver.cpp.o
[ 38%] Building CXX object CMakeFiles/judas_fluid_world_tests.dir/src/FluidWorld.cpp.o
[ 38%] Building CXX object CMakeFiles/judas_world_coordinates_tests.dir/src/ContactSolver.cpp.o
[ 38%] Building CXX object CMakeFiles/judas_compound_body_tests.dir/src/RadialTerrain.cpp.o
[ 38%] Building CXX object CMakeFiles/judas_player_curved_locomotion_tests.dir/src/RadicalGravity.cpp.o
[ 38%] Building CXX object CMakeFiles/judas_world_coordinates_tests.dir/src/RadialTerrain.cpp.o
[ 38%] Building CXX object CMakeFiles/judas_compound_body_tests.dir/src/Broadphase.cpp.o
gmake[2]: *** [CMakeFiles/judas_compound_body_tests.dir/build.make:205: CMakeFiles/judas_compound_body_tests.dir/src/Broadphase.cpp.o] Terminated
gmake[2]: *** [CMakeFiles/judas_player_curved_locomotion_tests.dir/build.make:373: CMakeFiles/judas_player_curved_locomotion_tests.dir/src/RadicalGravity.cpp.o] Terminated
