[  0%] Building CXX object CMakeFiles/judas_navigation_backend.dir/third_party/recastnavigation/Detour/Source/DetourAlloc.cpp.o
[  0%] Building C object CMakeFiles/judas_audio_backend.dir/src/AudioBackend.c.o
[  0%] Building CXX object CMakeFiles/judas_imgui.dir/third_party/imgui/imgui.cpp.o
[  0%] Building CXX object CMakeFiles/judas_physics_tests.dir/tests/PhysicsPrimitiveTests.cpp.o
[  0%] Building C object CMakeFiles/judas_quickjs.dir/third_party/quickjs/quickjs.c.o
[  0%] Building C object CMakeFiles/judas_glad.dir/third_party/glad/src/gl.c.o
[  0%] Building CXX object CMakeFiles/judas_navigation_backend.dir/third_party/recastnavigation/Detour/Source/DetourAssert.cpp.o
[  1%] Building CXX object CMakeFiles/judas_navigation_backend.dir/third_party/recastnavigation/Detour/Source/DetourCommon.cpp.o
[  1%] Building CXX object CMakeFiles/judas_navigation_backend.dir/third_party/recastnavigation/Detour/Source/DetourNavMesh.cpp.o
[  1%] Linking C static library libjudas_glad.a
[  1%] Built target judas_glad
[  1%] Building CXX object CMakeFiles/judas_imgui.dir/third_party/imgui/imgui_draw.cpp.o
[  1%] Building CXX object CMakeFiles/judas_physics_tests.dir/src/JointSolver.cpp.o
[  1%] Building CXX object CMakeFiles/judas_navigation_backend.dir/third_party/recastnavigation/Detour/Source/DetourNavMeshBuilder.cpp.o
[  1%] Building CXX object CMakeFiles/judas_navigation_backend.dir/third_party/recastnavigation/Detour/Source/DetourNavMeshQuery.cpp.o
[  1%] Building CXX object CMakeFiles/judas_physics_tests.dir/src/PhysicsCastGeometry.cpp.o
[  1%] Building CXX object CMakeFiles/judas_physics_tests.dir/src/ImpactSolver.cpp.o
[  1%] Building CXX object CMakeFiles/judas_navigation_backend.dir/third_party/recastnavigation/Detour/Source/DetourNode.cpp.o
[  1%] Building CXX object CMakeFiles/judas_navigation_backend.dir/third_party/recastnavigation/DetourCrowd/Source/DetourCrowd.cpp.o
[  1%] Building CXX object CMakeFiles/judas_physics_tests.dir/src/RigidBody.cpp.o
[  1%] Building CXX object CMakeFiles/judas_navigation_backend.dir/third_party/recastnavigation/DetourCrowd/Source/DetourLocalBoundary.cpp.o
[  1%] Building CXX object CMakeFiles/judas_navigation_backend.dir/third_party/recastnavigation/DetourCrowd/Source/DetourObstacleAvoidance.cpp.o
[  1%] Building CXX object CMakeFiles/judas_physics_tests.dir/src/RigidBodyGravity.cpp.o
[  2%] Building CXX object CMakeFiles/judas_physics_tests.dir/src/Contacts.cpp.o
[  3%] Building CXX object CMakeFiles/judas_navigation_backend.dir/third_party/recastnavigation/DetourCrowd/Source/DetourPathCorridor.cpp.o
[  3%] Building CXX object CMakeFiles/judas_navigation_backend.dir/third_party/recastnavigation/DetourCrowd/Source/DetourPathQueue.cpp.o
[  3%] Building CXX object CMakeFiles/judas_navigation_backend.dir/third_party/recastnavigation/DetourCrowd/Source/DetourProximityGrid.cpp.o
[  3%] Building CXX object CMakeFiles/judas_navigation_backend.dir/third_party/recastnavigation/DetourTileCache/Source/DetourTileCache.cpp.o
[  3%] Building CXX object CMakeFiles/judas_physics_tests.dir/src/ContactSolver.cpp.o
[  3%] Building CXX object CMakeFiles/judas_navigation_backend.dir/third_party/recastnavigation/DetourTileCache/Source/DetourTileCacheBuilder.cpp.o
[  3%] Building C object CMakeFiles/judas_quickjs.dir/third_party/quickjs/dtoa.c.o
[  3%] Building C object CMakeFiles/judas_quickjs.dir/third_party/quickjs/libregexp.c.o
[  3%] Linking CXX static library libjudas_navigation_backend.a
[  3%] Built target judas_navigation_backend
[  3%] Building CXX object CMakeFiles/judas_rigid_contact_tests.dir/tests/RigidContactTests.cpp.o
[  3%] Building CXX object CMakeFiles/judas_rigid_contact_tests.dir/src/JointSolver.cpp.o
[  3%] Building CXX object CMakeFiles/judas_physics_tests.dir/src/RadialTerrain.cpp.o
[  3%] Building C object CMakeFiles/judas_quickjs.dir/third_party/quickjs/libunicode.c.o
[  3%] Building CXX object CMakeFiles/judas_physics_tests.dir/src/Broadphase.cpp.o
[  3%] Building CXX object CMakeFiles/judas_rigid_contact_tests.dir/src/PhysicsCastGeometry.cpp.o
[  3%] Building CXX object CMakeFiles/judas_imgui.dir/third_party/imgui/imgui_tables.cpp.o
[  3%] Building CXX object CMakeFiles/judas_broadphase_tests.dir/tests/BroadphaseTests.cpp.o
[  3%] Building CXX object CMakeFiles/judas_physics_tests.dir/src/Narrowphase.cpp.o
[  3%] Building CXX object CMakeFiles/judas_rigid_contact_tests.dir/src/ImpactSolver.cpp.o
[  3%] Building CXX object CMakeFiles/judas_broadphase_tests.dir/src/JointSolver.cpp.o
[  3%] Building CXX object CMakeFiles/judas_rigid_contact_tests.dir/src/RigidBody.cpp.o
[  3%] Building CXX object CMakeFiles/judas_rigid_contact_tests.dir/src/RigidBodyGravity.cpp.o
[  3%] Building CXX object CMakeFiles/judas_broadphase_tests.dir/src/PhysicsCastGeometry.cpp.o
[  3%] Building CXX object CMakeFiles/judas_rigid_contact_tests.dir/src/Contacts.cpp.o
[  3%] Building CXX object CMakeFiles/judas_imgui.dir/third_party/imgui/imgui_widgets.cpp.o
[  4%] Building CXX object CMakeFiles/judas_broadphase_tests.dir/src/ImpactSolver.cpp.o
[  4%] Building CXX object CMakeFiles/judas_physics_tests.dir/src/FaithfulGravity.cpp.o
[  4%] Building CXX object CMakeFiles/judas_broadphase_tests.dir/src/RigidBody.cpp.o
[  4%] Building CXX object CMakeFiles/judas_physics_tests.dir/src/RadicalGravity.cpp.o
[  4%] Building CXX object CMakeFiles/judas_broadphase_tests.dir/src/RigidBodyGravity.cpp.o
[  4%] Building CXX object CMakeFiles/judas_physics_tests.dir/src/SphericalVolume.cpp.o
[  4%] Building CXX object CMakeFiles/judas_broadphase_tests.dir/src/Contacts.cpp.o
[  5%] Building CXX object CMakeFiles/judas_physics_tests.dir/src/BoxVolume.cpp.o
[  5%] Building CXX object CMakeFiles/judas_physics_tests.dir/src/GravityContextMap.cpp.o
[  5%] Linking CXX executable judas_physics_tests
[  5%] Built target judas_physics_tests
[  6%] Building CXX object CMakeFiles/judas_rigid_contact_tests.dir/src/ContactSolver.cpp.o
[  6%] Building CXX object CMakeFiles/judas_imgui.dir/third_party/imgui/backends/imgui_impl_sdl2.cpp.o
[  6%] Building CXX object CMakeFiles/judas_rigid_contact_tests.dir/src/RadialTerrain.cpp.o
[  6%] Building CXX object CMakeFiles/judas_broadphase_tests.dir/src/ContactSolver.cpp.o
[  6%] Building CXX object CMakeFiles/judas_rigid_contact_tests.dir/src/Broadphase.cpp.o
[  6%] Building CXX object CMakeFiles/judas_rigid_contact_tests.dir/src/Narrowphase.cpp.o
[  6%] Building CXX object CMakeFiles/judas_rigid_contact_tests.dir/src/PhysicsWorld.cpp.o
[  6%] Building CXX object CMakeFiles/judas_broadphase_tests.dir/src/RadialTerrain.cpp.o
[  7%] Linking C static library libjudas_audio_backend.a
[  7%] Built target judas_audio_backend
[  8%] Building CXX object CMakeFiles/judas_collision_tests.dir/tests/CollisionTests.cpp.o
[  8%] Building CXX object CMakeFiles/judas_broadphase_tests.dir/src/Broadphase.cpp.o
[  9%] Building CXX object CMakeFiles/judas_imgui.dir/third_party/imgui/backends/imgui_impl_opengl3.cpp.o
[  9%] Building CXX object CMakeFiles/judas_broadphase_tests.dir/src/Narrowphase.cpp.o
[  9%] Building CXX object CMakeFiles/judas_collision_tests.dir/src/JointSolver.cpp.o
[  9%] Linking CXX static library libjudas_imgui.a
[  9%] Built target judas_imgui
[ 10%] Building CXX object CMakeFiles/judas_broadphase_tests.dir/src/PhysicsWorld.cpp.o
[ 10%] Building CXX object CMakeFiles/judas_collision_tests.dir/src/PhysicsCastGeometry.cpp.o
[ 10%] Building CXX object CMakeFiles/judas_collision_tests.dir/src/ImpactSolver.cpp.o
[ 10%] Building CXX object CMakeFiles/judas_collision_tests.dir/src/RigidBody.cpp.o
[ 10%] Building CXX object CMakeFiles/judas_celestial_gravity_tests.dir/tests/CelestialGravityTests.cpp.o
[ 10%] Building CXX object CMakeFiles/judas_collision_tests.dir/src/RigidBodyGravity.cpp.o
[ 10%] Building CXX object CMakeFiles/judas_collision_tests.dir/src/Contacts.cpp.o
[ 10%] Building CXX object CMakeFiles/judas_celestial_gravity_tests.dir/src/JointSolver.cpp.o
[ 10%] Building CXX object CMakeFiles/judas_step_climb_tests.dir/tests/StepClimbTests.cpp.o
[ 10%] Building CXX object CMakeFiles/judas_celestial_gravity_tests.dir/src/PhysicsCastGeometry.cpp.o
[ 10%] Building CXX object CMakeFiles/judas_step_climb_tests.dir/src/StepClimb.cpp.o
[ 10%] Building CXX object CMakeFiles/judas_celestial_gravity_tests.dir/src/ImpactSolver.cpp.o
[ 10%] Building CXX object CMakeFiles/judas_step_climb_tests.dir/src/JointSolver.cpp.o
[ 10%] Building CXX object CMakeFiles/judas_celestial_gravity_tests.dir/src/RigidBody.cpp.o
[ 10%] Building CXX object CMakeFiles/judas_collision_tests.dir/src/ContactSolver.cpp.o
[ 10%] Building CXX object CMakeFiles/judas_celestial_gravity_tests.dir/src/RigidBodyGravity.cpp.o
[ 10%] Building CXX object CMakeFiles/judas_celestial_gravity_tests.dir/src/Contacts.cpp.o
[ 10%] Building CXX object CMakeFiles/judas_step_climb_tests.dir/src/PhysicsCastGeometry.cpp.o
[ 10%] Building CXX object CMakeFiles/judas_collision_tests.dir/src/RadialTerrain.cpp.o
[ 10%] Building CXX object CMakeFiles/judas_step_climb_tests.dir/src/ImpactSolver.cpp.o
[ 10%] Linking CXX executable judas_rigid_contact_tests
/usr/bin/x86_64-linux-gnu-ld.bfd: CMakeFiles/judas_rigid_contact_tests.dir/src/PhysicsWorld.cpp.o: in function `PhysicsWorld::Cast(Shape const&, BodyTransform const&, glm::vec<3, float, (glm::qualifier)0> const&, float, PhysicsQueryFilter const&, PhysicsCastStats*) const':
PhysicsWorld.cpp:(.text+0x159ee): undefined reference to `ProfileScope::ProfileScope(ProfileLabel&, bool, unsigned long)'
/usr/bin/x86_64-linux-gnu-ld.bfd: PhysicsWorld.cpp:(.text+0x1605d): undefined reference to `ProfileScope::End(unsigned long)'
/usr/bin/x86_64-linux-gnu-ld.bfd: CMakeFiles/judas_rigid_contact_tests.dir/src/PhysicsWorld.cpp.o: in function `PhysicsWorld::Step(float)':
PhysicsWorld.cpp:(.text+0x178fe): undefined reference to `ProfileScope::ProfileScope(ProfileLabel&, bool, unsigned long)'
/usr/bin/x86_64-linux-gnu-ld.bfd: PhysicsWorld.cpp:(.text+0x17e00): undefined reference to `ProfileScope::ProfileScope(ProfileLabel&, bool, unsigned long)'
/usr/bin/x86_64-linux-gnu-ld.bfd: PhysicsWorld.cpp:(.text+0x17e37): undefined reference to `ProfileScope::End(unsigned long)'
/usr/bin/x86_64-linux-gnu-ld.bfd: PhysicsWorld.cpp:(.text+0x17e58): undefined reference to `ProfileScope::ProfileScope(ProfileLabel&, bool, unsigned long)'
/usr/bin/x86_64-linux-gnu-ld.bfd: PhysicsWorld.cpp:(.text+0x1a1e4): undefined reference to `ProfileScope::End(unsigned long)'
/usr/bin/x86_64-linux-gnu-ld.bfd: PhysicsWorld.cpp:(.text+0x1a1fe): undefined reference to `ProfileScope::ProfileScope(ProfileLabel&, bool, unsigned long)'
/usr/bin/x86_64-linux-gnu-ld.bfd: PhysicsWorld.cpp:(.text+0x1a8b0): undefined reference to `ProfileScope::End(unsigned long)'
/usr/bin/x86_64-linux-gnu-ld.bfd: PhysicsWorld.cpp:(.text+0x1a8ca): undefined reference to `ProfileScope::ProfileScope(ProfileLabel&, bool, unsigned long)'
/usr/bin/x86_64-linux-gnu-ld.bfd: PhysicsWorld.cpp:(.text+0x1abfc): undefined reference to `PerformanceProfiler::Get()'
/usr/bin/x86_64-linux-gnu-ld.bfd: PhysicsWorld.cpp:(.text+0x1ac29): undefined reference to `PerformanceProfiler::Counter(ProfileLabel&, double, ProfileCounterMode)'
/usr/bin/x86_64-linux-gnu-ld.bfd: PhysicsWorld.cpp:(.text+0x1ac3d): undefined reference to `PerformanceProfiler::Get()'
/usr/bin/x86_64-linux-gnu-ld.bfd: PhysicsWorld.cpp:(.text+0x1ac6a): undefined reference to `PerformanceProfiler::Counter(ProfileLabel&, double, ProfileCounterMode)'
/usr/bin/x86_64-linux-gnu-ld.bfd: PhysicsWorld.cpp:(.text+0x1ac7e): undefined reference to `PerformanceProfiler::Get()'
/usr/bin/x86_64-linux-gnu-ld.bfd: PhysicsWorld.cpp:(.text+0x1acab): undefined reference to `PerformanceProfiler::Counter(ProfileLabel&, double, ProfileCounterMode)'
/usr/bin/x86_64-linux-gnu-ld.bfd: PhysicsWorld.cpp:(.text+0x1acbf): undefined reference to `PerformanceProfiler::Get()'
/usr/bin/x86_64-linux-gnu-ld.bfd: PhysicsWorld.cpp:(.text+0x1acfc): undefined reference to `PerformanceProfiler::Counter(ProfileLabel&, double, ProfileCounterMode)'
/usr/bin/x86_64-linux-gnu-ld.bfd: PhysicsWorld.cpp:(.text+0x1adb0): undefined reference to `ProfileScope::End(unsigned long)'
/usr/bin/x86_64-linux-gnu-ld.bfd: PhysicsWorld.cpp:(.text+0x1adba): undefined reference to `ProfileScope::End(unsigned long)'
/usr/bin/x86_64-linux-gnu-ld.bfd: PhysicsWorld.cpp:(.text+0x1adc8): undefined reference to `ProfileScope::End(unsigned long)'
/usr/bin/x86_64-linux-gnu-ld.bfd: PhysicsWorld.cpp:(.text+0x1add6): undefined reference to `ProfileScope::End(unsigned long)'
/usr/bin/x86_64-linux-gnu-ld.bfd: PhysicsWorld.cpp:(.text+0x1ade4): undefined reference to `ProfileScope::End(unsigned long)'
/usr/bin/x86_64-linux-gnu-ld.bfd: CMakeFiles/judas_rigid_contact_tests.dir/src/PhysicsWorld.cpp.o:PhysicsWorld.cpp:(.text.unlikely+0xb33): more undefined references to `ProfileScope::End(unsigned long)' follow
collect2: error: ld returned 1 exit status
gmake[2]: *** [CMakeFiles/judas_rigid_contact_tests.dir/build.make:277: judas_rigid_contact_tests] Error 1
gmake[1]: *** [CMakeFiles/Makefile2:1018: CMakeFiles/judas_rigid_contact_tests.dir/all] Error 2
gmake[1]: *** Waiting for unfinished jobs....
[ 10%] Building CXX object CMakeFiles/judas_step_climb_tests.dir/src/RigidBody.cpp.o
[ 11%] Building CXX object CMakeFiles/judas_collision_tests.dir/src/Broadphase.cpp.o
[ 11%] Building CXX object CMakeFiles/judas_step_climb_tests.dir/src/RigidBodyGravity.cpp.o
[ 12%] Building CXX object CMakeFiles/judas_step_climb_tests.dir/src/Contacts.cpp.o
[ 12%] Building CXX object CMakeFiles/judas_step_climb_tests.dir/src/ContactSolver.cpp.o
[ 12%] Building CXX object CMakeFiles/judas_collision_tests.dir/src/Narrowphase.cpp.o
[ 12%] Linking C static library libjudas_quickjs.a
[ 12%] Built target judas_quickjs
[ 12%] Building CXX object CMakeFiles/judas_collision_tests.dir/src/FaithfulGravity.cpp.o
[ 12%] Linking CXX executable judas_broadphase_tests
[ 12%] Building CXX object CMakeFiles/judas_collision_tests.dir/src/RadicalGravity.cpp.o
/usr/bin/x86_64-linux-gnu-ld.bfd: CMakeFiles/judas_broadphase_tests.dir/src/PhysicsWorld.cpp.o: in function `PhysicsWorld::Cast(Shape const&, BodyTransform const&, glm::vec<3, float, (glm::qualifier)0> const&, float, PhysicsQueryFilter const&, PhysicsCastStats*) const':
PhysicsWorld.cpp:(.text+0x159ee): undefined reference to `ProfileScope::ProfileScope(ProfileLabel&, bool, unsigned long)'
/usr/bin/x86_64-linux-gnu-ld.bfd: PhysicsWorld.cpp:(.text+0x1605d): undefined reference to `ProfileScope::End(unsigned long)'
/usr/bin/x86_64-linux-gnu-ld.bfd: CMakeFiles/judas_broadphase_tests.dir/src/PhysicsWorld.cpp.o: in function `PhysicsWorld::Step(float)':
PhysicsWorld.cpp:(.text+0x178fe): undefined reference to `ProfileScope::ProfileScope(ProfileLabel&, bool, unsigned long)'
/usr/bin/x86_64-linux-gnu-ld.bfd: PhysicsWorld.cpp:(.text+0x17e00): undefined reference to `ProfileScope::ProfileScope(ProfileLabel&, bool, unsigned long)'
/usr/bin/x86_64-linux-gnu-ld.bfd: PhysicsWorld.cpp:(.text+0x17e37): undefined reference to `ProfileScope::End(unsigned long)'
/usr/bin/x86_64-linux-gnu-ld.bfd: PhysicsWorld.cpp:(.text+0x17e58): undefined reference to `ProfileScope::ProfileScope(ProfileLabel&, bool, unsigned long)'
/usr/bin/x86_64-linux-gnu-ld.bfd: PhysicsWorld.cpp:(.text+0x1a1e4): undefined reference to `ProfileScope::End(unsigned long)'
/usr/bin/x86_64-linux-gnu-ld.bfd: PhysicsWorld.cpp:(.text+0x1a1fe): undefined reference to `ProfileScope::ProfileScope(ProfileLabel&, bool, unsigned long)'
/usr/bin/x86_64-linux-gnu-ld.bfd: PhysicsWorld.cpp:(.text+0x1a8b0): undefined reference to `ProfileScope::End(unsigned long)'
/usr/bin/x86_64-linux-gnu-ld.bfd: PhysicsWorld.cpp:(.text+0x1a8ca): undefined reference to `ProfileScope::ProfileScope(ProfileLabel&, bool, unsigned long)'
/usr/bin/x86_64-linux-gnu-ld.bfd: PhysicsWorld.cpp:(.text+0x1abfc): undefined reference to `PerformanceProfiler::Get()'
/usr/bin/x86_64-linux-gnu-ld.bfd: PhysicsWorld.cpp:(.text+0x1ac29): undefined reference to `PerformanceProfiler::Counter(ProfileLabel&, double, ProfileCounterMode)'
/usr/bin/x86_64-linux-gnu-ld.bfd: PhysicsWorld.cpp:(.text+0x1ac3d): undefined reference to `PerformanceProfiler::Get()'
/usr/bin/x86_64-linux-gnu-ld.bfd: PhysicsWorld.cpp:(.text+0x1ac6a): undefined reference to `PerformanceProfiler::Counter(ProfileLabel&, double, ProfileCounterMode)'
/usr/bin/x86_64-linux-gnu-ld.bfd: PhysicsWorld.cpp:(.text+0x1ac7e): undefined reference to `PerformanceProfiler::Get()'
/usr/bin/x86_64-linux-gnu-ld.bfd: PhysicsWorld.cpp:(.text+0x1acab): undefined reference to `PerformanceProfiler::Counter(ProfileLabel&, double, ProfileCounterMode)'
/usr/bin/x86_64-linux-gnu-ld.bfd: PhysicsWorld.cpp:(.text+0x1acbf): undefined reference to `PerformanceProfiler::Get()'
/usr/bin/x86_64-linux-gnu-ld.bfd: PhysicsWorld.cpp:(.text+0x1acfc): undefined reference to `PerformanceProfiler::Counter(ProfileLabel&, double, ProfileCounterMode)'
/usr/bin/x86_64-linux-gnu-ld.bfd: PhysicsWorld.cpp:(.text+0x1adb0): undefined reference to `ProfileScope::End(unsigned long)'
/usr/bin/x86_64-linux-gnu-ld.bfd: PhysicsWorld.cpp:(.text+0x1adba): undefined reference to `ProfileScope::End(unsigned long)'
/usr/bin/x86_64-linux-gnu-ld.bfd: PhysicsWorld.cpp:(.text+0x1adc8): undefined reference to `ProfileScope::End(unsigned long)'
/usr/bin/x86_64-linux-gnu-ld.bfd: PhysicsWorld.cpp:(.text+0x1add6): undefined reference to `ProfileScope::End(unsigned long)'
/usr/bin/x86_64-linux-gnu-ld.bfd: PhysicsWorld.cpp:(.text+0x1ade4): undefined reference to `ProfileScope::End(unsigned long)'
/usr/bin/x86_64-linux-gnu-ld.bfd: CMakeFiles/judas_broadphase_tests.dir/src/PhysicsWorld.cpp.o:PhysicsWorld.cpp:(.text.unlikely+0xb33): more undefined references to `ProfileScope::End(unsigned long)' follow
collect2: error: ld returned 1 exit status
gmake[2]: *** [CMakeFiles/judas_broadphase_tests.dir/build.make:277: judas_broadphase_tests] Error 1
gmake[1]: *** [CMakeFiles/Makefile2:1050: CMakeFiles/judas_broadphase_tests.dir/all] Error 2
[ 12%] Building CXX object CMakeFiles/judas_collision_tests.dir/src/SphericalVolume.cpp.o
[ 13%] Building CXX object CMakeFiles/judas_celestial_gravity_tests.dir/src/ContactSolver.cpp.o
[ 13%] Building CXX object CMakeFiles/judas_step_climb_tests.dir/src/RadialTerrain.cpp.o
[ 13%] Building CXX object CMakeFiles/judas_step_climb_tests.dir/src/Broadphase.cpp.o
[ 13%] Building CXX object CMakeFiles/judas_celestial_gravity_tests.dir/src/RadialTerrain.cpp.o
[ 13%] Building CXX object CMakeFiles/judas_step_climb_tests.dir/src/Narrowphase.cpp.o
[ 13%] Building CXX object CMakeFiles/judas_collision_tests.dir/src/BoxVolume.cpp.o
[ 13%] Building CXX object CMakeFiles/judas_collision_tests.dir/src/GravityContextMap.cpp.o
[ 13%] Building CXX object CMakeFiles/judas_celestial_gravity_tests.dir/src/Broadphase.cpp.o
[ 13%] Building CXX object CMakeFiles/judas_step_climb_tests.dir/src/PhysicsWorld.cpp.o
[ 13%] Building CXX object CMakeFiles/judas_celestial_gravity_tests.dir/src/Narrowphase.cpp.o
[ 13%] Building CXX object CMakeFiles/judas_celestial_gravity_tests.dir/src/PhysicsWorld.cpp.o
[ 13%] Building CXX object CMakeFiles/judas_celestial_gravity_tests.dir/src/CelestialGravity.cpp.o
[ 13%] Linking CXX executable judas_collision_tests
[ 13%] Built target judas_collision_tests
[ 13%] Linking CXX executable judas_celestial_gravity_tests
/usr/bin/x86_64-linux-gnu-ld.bfd: CMakeFiles/judas_celestial_gravity_tests.dir/src/PhysicsWorld.cpp.o: in function `PhysicsWorld::Cast(Shape const&, BodyTransform const&, glm::vec<3, float, (glm::qualifier)0> const&, float, PhysicsQueryFilter const&, PhysicsCastStats*) const':
PhysicsWorld.cpp:(.text+0x159ee): undefined reference to `ProfileScope::ProfileScope(ProfileLabel&, bool, unsigned long)'
/usr/bin/x86_64-linux-gnu-ld.bfd: PhysicsWorld.cpp:(.text+0x1605d): undefined reference to `ProfileScope::End(unsigned long)'
/usr/bin/x86_64-linux-gnu-ld.bfd: CMakeFiles/judas_celestial_gravity_tests.dir/src/PhysicsWorld.cpp.o: in function `PhysicsWorld::Step(float)':
PhysicsWorld.cpp:(.text+0x178fe): undefined reference to `ProfileScope::ProfileScope(ProfileLabel&, bool, unsigned long)'
/usr/bin/x86_64-linux-gnu-ld.bfd: PhysicsWorld.cpp:(.text+0x17e00): undefined reference to `ProfileScope::ProfileScope(ProfileLabel&, bool, unsigned long)'
/usr/bin/x86_64-linux-gnu-ld.bfd: PhysicsWorld.cpp:(.text+0x17e37): undefined reference to `ProfileScope::End(unsigned long)'
/usr/bin/x86_64-linux-gnu-ld.bfd: PhysicsWorld.cpp:(.text+0x17e58): undefined reference to `ProfileScope::ProfileScope(ProfileLabel&, bool, unsigned long)'
/usr/bin/x86_64-linux-gnu-ld.bfd: PhysicsWorld.cpp:(.text+0x1a1e4): undefined reference to `ProfileScope::End(unsigned long)'
/usr/bin/x86_64-linux-gnu-ld.bfd: PhysicsWorld.cpp:(.text+0x1a1fe): undefined reference to `ProfileScope::ProfileScope(ProfileLabel&, bool, unsigned long)'
/usr/bin/x86_64-linux-gnu-ld.bfd: PhysicsWorld.cpp:(.text+0x1a8b0): undefined reference to `ProfileScope::End(unsigned long)'
/usr/bin/x86_64-linux-gnu-ld.bfd: PhysicsWorld.cpp:(.text+0x1a8ca): undefined reference to `ProfileScope::ProfileScope(ProfileLabel&, bool, unsigned long)'
/usr/bin/x86_64-linux-gnu-ld.bfd: PhysicsWorld.cpp:(.text+0x1abfc): undefined reference to `PerformanceProfiler::Get()'
/usr/bin/x86_64-linux-gnu-ld.bfd: PhysicsWorld.cpp:(.text+0x1ac29): undefined reference to `PerformanceProfiler::Counter(ProfileLabel&, double, ProfileCounterMode)'
/usr/bin/x86_64-linux-gnu-ld.bfd: PhysicsWorld.cpp:(.text+0x1ac3d): undefined reference to `PerformanceProfiler::Get()'
/usr/bin/x86_64-linux-gnu-ld.bfd: PhysicsWorld.cpp:(.text+0x1ac6a): undefined reference to `PerformanceProfiler::Counter(ProfileLabel&, double, ProfileCounterMode)'
/usr/bin/x86_64-linux-gnu-ld.bfd: PhysicsWorld.cpp:(.text+0x1ac7e): undefined reference to `PerformanceProfiler::Get()'
/usr/bin/x86_64-linux-gnu-ld.bfd: PhysicsWorld.cpp:(.text+0x1acab): undefined reference to `PerformanceProfiler::Counter(ProfileLabel&, double, ProfileCounterMode)'
/usr/bin/x86_64-linux-gnu-ld.bfd: PhysicsWorld.cpp:(.text+0x1acbf): undefined reference to `PerformanceProfiler::Get()'
/usr/bin/x86_64-linux-gnu-ld.bfd: PhysicsWorld.cpp:(.text+0x1acfc): undefined reference to `PerformanceProfiler::Counter(ProfileLabel&, double, ProfileCounterMode)'
/usr/bin/x86_64-linux-gnu-ld.bfd: PhysicsWorld.cpp:(.text+0x1adb0): undefined reference to `ProfileScope::End(unsigned long)'
/usr/bin/x86_64-linux-gnu-ld.bfd: PhysicsWorld.cpp:(.text+0x1adba): undefined reference to `ProfileScope::End(unsigned long)'
/usr/bin/x86_64-linux-gnu-ld.bfd: PhysicsWorld.cpp:(.text+0x1adc8): undefined reference to `ProfileScope::End(unsigned long)'
/usr/bin/x86_64-linux-gnu-ld.bfd: PhysicsWorld.cpp:(.text+0x1add6): undefined reference to `ProfileScope::End(unsigned long)'
/usr/bin/x86_64-linux-gnu-ld.bfd: PhysicsWorld.cpp:(.text+0x1ade4): undefined reference to `ProfileScope::End(unsigned long)'
/usr/bin/x86_64-linux-gnu-ld.bfd: CMakeFiles/judas_celestial_gravity_tests.dir/src/PhysicsWorld.cpp.o:PhysicsWorld.cpp:(.text.unlikely+0xb33): more undefined references to `ProfileScope::End(unsigned long)' follow
collect2: error: ld returned 1 exit status
gmake[2]: *** [CMakeFiles/judas_celestial_gravity_tests.dir/build.make:293: judas_celestial_gravity_tests] Error 1
gmake[1]: *** [CMakeFiles/Makefile2:1114: CMakeFiles/judas_celestial_gravity_tests.dir/all] Error 2
[ 13%] Linking CXX executable judas_step_climb_tests
/usr/bin/x86_64-linux-gnu-ld.bfd: CMakeFiles/judas_step_climb_tests.dir/src/PhysicsWorld.cpp.o: in function `PhysicsWorld::Cast(Shape const&, BodyTransform const&, glm::vec<3, float, (glm::qualifier)0> const&, float, PhysicsQueryFilter const&, PhysicsCastStats*) const':
PhysicsWorld.cpp:(.text+0x159ee): undefined reference to `ProfileScope::ProfileScope(ProfileLabel&, bool, unsigned long)'
/usr/bin/x86_64-linux-gnu-ld.bfd: PhysicsWorld.cpp:(.text+0x1605d): undefined reference to `ProfileScope::End(unsigned long)'
/usr/bin/x86_64-linux-gnu-ld.bfd: CMakeFiles/judas_step_climb_tests.dir/src/PhysicsWorld.cpp.o: in function `PhysicsWorld::Step(float)':
PhysicsWorld.cpp:(.text+0x178fe): undefined reference to `ProfileScope::ProfileScope(ProfileLabel&, bool, unsigned long)'
/usr/bin/x86_64-linux-gnu-ld.bfd: PhysicsWorld.cpp:(.text+0x17e00): undefined reference to `ProfileScope::ProfileScope(ProfileLabel&, bool, unsigned long)'
/usr/bin/x86_64-linux-gnu-ld.bfd: PhysicsWorld.cpp:(.text+0x17e37): undefined reference to `ProfileScope::End(unsigned long)'
/usr/bin/x86_64-linux-gnu-ld.bfd: PhysicsWorld.cpp:(.text+0x17e58): undefined reference to `ProfileScope::ProfileScope(ProfileLabel&, bool, unsigned long)'
/usr/bin/x86_64-linux-gnu-ld.bfd: PhysicsWorld.cpp:(.text+0x1a1e4): undefined reference to `ProfileScope::End(unsigned long)'
/usr/bin/x86_64-linux-gnu-ld.bfd: PhysicsWorld.cpp:(.text+0x1a1fe): undefined reference to `ProfileScope::ProfileScope(ProfileLabel&, bool, unsigned long)'
/usr/bin/x86_64-linux-gnu-ld.bfd: PhysicsWorld.cpp:(.text+0x1a8b0): undefined reference to `ProfileScope::End(unsigned long)'
/usr/bin/x86_64-linux-gnu-ld.bfd: PhysicsWorld.cpp:(.text+0x1a8ca): undefined reference to `ProfileScope::ProfileScope(ProfileLabel&, bool, unsigned long)'
/usr/bin/x86_64-linux-gnu-ld.bfd: PhysicsWorld.cpp:(.text+0x1abfc): undefined reference to `PerformanceProfiler::Get()'
/usr/bin/x86_64-linux-gnu-ld.bfd: PhysicsWorld.cpp:(.text+0x1ac29): undefined reference to `PerformanceProfiler::Counter(ProfileLabel&, double, ProfileCounterMode)'
/usr/bin/x86_64-linux-gnu-ld.bfd: PhysicsWorld.cpp:(.text+0x1ac3d): undefined reference to `PerformanceProfiler::Get()'
/usr/bin/x86_64-linux-gnu-ld.bfd: PhysicsWorld.cpp:(.text+0x1ac6a): undefined reference to `PerformanceProfiler::Counter(ProfileLabel&, double, ProfileCounterMode)'
/usr/bin/x86_64-linux-gnu-ld.bfd: PhysicsWorld.cpp:(.text+0x1ac7e): undefined reference to `PerformanceProfiler::Get()'
/usr/bin/x86_64-linux-gnu-ld.bfd: PhysicsWorld.cpp:(.text+0x1acab): undefined reference to `PerformanceProfiler::Counter(ProfileLabel&, double, ProfileCounterMode)'
/usr/bin/x86_64-linux-gnu-ld.bfd: PhysicsWorld.cpp:(.text+0x1acbf): undefined reference to `PerformanceProfiler::Get()'
/usr/bin/x86_64-linux-gnu-ld.bfd: PhysicsWorld.cpp:(.text+0x1acfc): undefined reference to `PerformanceProfiler::Counter(ProfileLabel&, double, ProfileCounterMode)'
/usr/bin/x86_64-linux-gnu-ld.bfd: PhysicsWorld.cpp:(.text+0x1adb0): undefined reference to `ProfileScope::End(unsigned long)'
/usr/bin/x86_64-linux-gnu-ld.bfd: PhysicsWorld.cpp:(.text+0x1adba): undefined reference to `ProfileScope::End(unsigned long)'
/usr/bin/x86_64-linux-gnu-ld.bfd: PhysicsWorld.cpp:(.text+0x1adc8): undefined reference to `ProfileScope::End(unsigned long)'
/usr/bin/x86_64-linux-gnu-ld.bfd: PhysicsWorld.cpp:(.text+0x1add6): undefined reference to `ProfileScope::End(unsigned long)'
/usr/bin/x86_64-linux-gnu-ld.bfd: PhysicsWorld.cpp:(.text+0x1ade4): undefined reference to `ProfileScope::End(unsigned long)'
/usr/bin/x86_64-linux-gnu-ld.bfd: CMakeFiles/judas_step_climb_tests.dir/src/PhysicsWorld.cpp.o:PhysicsWorld.cpp:(.text.unlikely+0xb33): more undefined references to `ProfileScope::End(unsigned long)' follow
collect2: error: ld returned 1 exit status
gmake[2]: *** [CMakeFiles/judas_step_climb_tests.dir/build.make:293: judas_step_climb_tests] Error 1
gmake[1]: *** [CMakeFiles/Makefile2:1182: CMakeFiles/judas_step_climb_tests.dir/all] Error 2
gmake: *** [Makefile:91: all] Error 2
