step,time,posX,posY,posZ,upX,upY,upZ,grounded,velX,velY,velZ,gravX,gravY,gravZ,controlled,frame,steps,paused,obj0PosX,obj0PosY,obj0PosZ,obj0VelX,obj0VelY,obj0VelZ
JS: SKATER start rails=8 autopilot=false
JS: COLD refresh 1
0,0.00000,0.000000,0.000000,0.000000,0.000000,1.000000,0.000000,0,0.000000,0.000000,0.000000,0.000000,-9.810000,0.000000,0,0,1,0,0.000000,3.263942,23.500000,0.000000,0.236499,0.000000
JS: STREAM t=0.10 street-0 - -> unloaded entities=0 prepMs=0.00 integMs=0.00 largestUnitMs=0.00 skater=(0.00,3.27,23.50) v=0.1
JS: STREAM t=0.10 street-1 - -> unloaded entities=0 prepMs=0.00 integMs=0.00 largestUnitMs=0.00 skater=(0.00,3.27,23.50) v=0.1
JS: STREAM t=0.10 street-2 - -> unloaded entities=0 prepMs=0.00 integMs=0.00 largestUnitMs=0.00 skater=(0.00,3.27,23.50) v=0.1
JS: STREAM t=0.10 street-3 - -> unloaded entities=0 prepMs=0.00 integMs=0.00 largestUnitMs=0.00 skater=(0.00,3.27,23.50) v=0.1
JS: STREAM t=0.10 street-4 - -> unloaded entities=0 prepMs=0.00 integMs=0.00 largestUnitMs=0.00 skater=(0.00,3.27,23.50) v=0.1
JS: COLD exists=true
[TestHarness] service stream ready after 66 wait frames at frame 10
JS: STREAM t=0.20 street-0 unloaded -> active entities=11 prepMs=1.98 integMs=6.60 largestUnitMs=6.17 skater=(0.00,3.28,23.50) v=0.0
[TestHarness] service save ready after 47 wait frames at frame 20
JS: SKATER restore score=314 time=179.7 rails=10 p=(0.00,3.28,23.50) v=(0.00,0.01,0.00)
JS: COLD restored score=314
JS: STREAM t=0.10 street-0 - -> active entities=11 prepMs=0.00 integMs=0.00 largestUnitMs=0.00 skater=(0.00,3.28,23.50) v=0.0
JS: STREAM t=0.10 street-1 - -> unloaded entities=0 prepMs=0.00 integMs=0.00 largestUnitMs=0.00 skater=(0.00,3.28,23.50) v=0.0
JS: STREAM t=0.10 street-2 - -> unloaded entities=0 prepMs=0.00 integMs=0.00 largestUnitMs=0.00 skater=(0.00,3.28,23.50) v=0.0
JS: STREAM t=0.10 street-3 - -> unloaded entities=0 prepMs=0.00 integMs=0.00 largestUnitMs=0.00 skater=(0.00,3.28,23.50) v=0.0
JS: STREAM t=0.10 street-4 - -> unloaded entities=0 prepMs=0.00 integMs=0.00 largestUnitMs=0.00 skater=(0.00,3.28,23.50) v=0.0
60,1.00000,0.000000,5.224425,27.935440,0.000000,0.941742,-0.336335,0,0.000000,0.000000,0.000000,0.000000,-9.810000,0.000000,0,60,1,0,0.000000,3.283649,23.500000,0.000000,0.000007,0.000000,33.499981,-4.907932,-122.033508,0.000000,0.000000,0.000000,34.499981,-4.277306,-116.033508,0.000000,0.000000,0.000000,33.499981,-3.646681,-110.033508,0.000000,0.000000,0.000000,34.499981,-3.016055,-104.033508,0.000000,0.000000,0.000000
120,2.00000,0.000000,5.224430,27.935436,0.000000,0.941742,-0.336336,0,0.000000,0.000000,0.000000,0.000000,-9.810000,0.000000,0,120,1,0,0.000000,3.283649,23.500000,0.000000,0.000007,0.000000,33.499981,-4.907932,-122.033508,0.000000,0.000000,0.000000,34.499981,-4.277306,-116.033508,0.000000,0.000000,0.000000,33.499981,-3.646681,-110.033508,0.000000,0.000000,0.000000,34.499981,-3.016055,-104.033508,0.000000,0.000000,0.000000
180,3.00000,0.000000,5.224430,27.935436,0.000000,0.941742,-0.336336,0,0.000000,0.000000,0.000000,0.000000,-9.810000,0.000000,0,180,1,0,0.000000,3.283649,23.500000,0.000000,0.000007,0.000000,33.499981,-4.907932,-122.033508,0.000000,0.000000,0.000000,34.499981,-4.277306,-116.033508,0.000000,0.000000,0.000000,33.499981,-3.646681,-110.033508,0.000000,0.000000,0.000000,34.499981,-3.016055,-104.033508,0.000000,0.000000,0.000000
240,4.00000,0.000000,5.224430,27.935436,0.000000,0.941742,-0.336336,0,0.000000,0.000000,0.000000,0.000000,-9.810000,0.000000,0,240,1,0,0.000000,3.283649,23.500000,0.000000,0.000007,0.000000,33.499981,-4.907932,-122.033508,0.000000,0.000000,0.000000,34.499981,-4.277306,-116.033508,0.000000,0.000000,0.000000,33.499981,-3.646681,-110.033508,0.000000,0.000000,0.000000,34.499981,-3.016055,-104.033508,0.000000,0.000000,0.000000
300,5.00000,0.000000,5.224430,27.935436,0.000000,0.941742,-0.336336,0,0.000000,0.000000,0.000000,0.000000,-9.810000,0.000000,0,300,1,0,0.000000,3.283649,23.500000,0.000000,0.000007,0.000000,33.499981,-4.907932,-122.033508,0.000000,0.000000,0.000000,34.499981,-4.277306,-116.033508,0.000000,0.000000,0.000000,33.499981,-3.646681,-110.033508,0.000000,0.000000,0.000000,34.499981,-3.016055,-104.033508,0.000000,0.000000,0.000000
Renderer fragment texture units: 32 (material path uses 12)
asset 97c3acdb99c5ffefb002c03ecec7a8ed: Optional extension ignored: KHR_materials_specular
World state: disk saves disabled for additive compositions
Project: Judas Three Games (/tmp/judas-consumer-cold-5x63fz1g/project/post_m65_consumers.judasproj)
Scene: Judas Skate Park (/tmp/judas-consumer-cold-5x63fz1g/project/Scenes/skate/park.judas)
World origin (m): 0.000, 0.000, 0.000
