step,time,posX,posY,posZ,upX,upY,upZ,grounded,velX,velY,velZ,gravX,gravY,gravZ,controlled,frame,steps,paused,obj0PosX,obj0PosY,obj0PosZ,obj0VelX,obj0VelY,obj0VelZ
JS: SKATER start rails=8 autopilot=false
JS: COLD refresh 1
0,0.00000,0.000000,0.000000,0.000000,0.000000,1.000000,0.000000,0,0.000000,0.000000,0.000000,0.000000,-9.810000,0.000000,0,0,1,0,0.000000,3.263942,23.500000,0.000000,0.236499,0.000000
JS: STREAM t=0.10 street-0 - -> unloaded entities=0 prepMs=0.00 integMs=0.00 largestUnitMs=0.00 skater=(0.00,3.27,23.50) v=0.1
JS: STREAM t=0.10 street-1 - -> unloaded entities=0 prepMs=0.00 integMs=0.00 largestUnitMs=0.00 skater=(0.00,3.27,23.50) v=0.1
JS: STREAM t=0.10 street-2 - -> unloaded entities=0 prepMs=0.00 integMs=0.00 largestUnitMs=0.00 skater=(0.00,3.27,23.50) v=0.1
JS: STREAM t=0.10 street-3 - -> unloaded entities=0 prepMs=0.00 integMs=0.00 largestUnitMs=0.00 skater=(0.00,3.27,23.50) v=0.1
JS: STREAM t=0.10 street-4 - -> unloaded entities=0 prepMs=0.00 integMs=0.00 largestUnitMs=0.00 skater=(0.00,3.27,23.50) v=0.1
[TestHarness] service stream ready after 56 wait frames at frame 10
JS: COLD exists=false
JS: STREAM t=0.20 street-0 unloaded -> active entities=11 prepMs=1.91 integMs=7.52 largestUnitMs=7.06 skater=(0.00,3.28,23.50) v=0.0
[TestHarness] service save ready after 67 wait frames at frame 20
JS: COLD committed score=314
JS: COLD committed score=314
JS: COLD committed score=314
JS: COLD committed score=314
JS: COLD committed score=314
JS: COLD committed score=314
JS: COLD committed score=314
JS: COLD committed score=314
JS: COLD committed score=314
JS: COLD committed score=314
JS: COLD committed score=314
JS: COLD committed score=314
JS: COLD committed score=314
JS: COLD committed score=314
JS: COLD committed score=314
JS: COLD committed score=314
JS: COLD committed score=314
JS: COLD committed score=314
JS: COLD committed score=314
JS: COLD committed score=314
JS: COLD committed score=314
JS: COLD committed score=314
JS: COLD committed score=314
JS: COLD committed score=314
JS: COLD committed score=314
JS: COLD committed score=314
JS: COLD committed score=314
JS: COLD committed score=314
JS: COLD committed score=314
JS: COLD committed score=314
JS: COLD committed score=314
JS: COLD committed score=314
JS: COLD committed score=314
JS: COLD committed score=314
JS: COLD committed score=314
JS: COLD committed score=314
JS: COLD committed score=314
JS: COLD committed score=314
JS: COLD committed score=314
JS: COLD committed score=314
60,1.00000,0.000000,5.224422,27.935440,0.000000,0.941743,-0.336334,0,0.000000,0.000000,0.000000,0.000000,-9.810000,0.000000,0,60,1,0,0.000000,3.283649,23.500000,0.000000,0.000007,0.000000,33.499985,-4.907931,-122.033508,0.000000,0.000000,0.000000,34.499985,-4.277305,-116.033508,0.000000,0.000000,0.000000,33.499981,-3.646680,-110.033508,-0.000000,0.000000,0.000000,34.499985,-3.016054,-104.033508,0.000000,0.000000,0.000000
JS: COLD committed score=314
JS: COLD committed score=314
JS: COLD committed score=314
JS: COLD committed score=314
JS: COLD committed score=314
JS: COLD committed score=314
JS: COLD committed score=314
JS: COLD committed score=314
JS: COLD committed score=314
JS: COLD committed score=314
JS: COLD committed score=314
JS: COLD committed score=314
JS: COLD committed score=314
JS: COLD committed score=314
JS: COLD committed score=314
JS: COLD committed score=314
JS: COLD committed score=314
JS: COLD committed score=314
JS: COLD committed score=314
JS: COLD committed score=314
JS: COLD committed score=314
JS: COLD committed score=314
JS: COLD committed score=314
JS: COLD committed score=314
JS: COLD committed score=314
JS: COLD committed score=314
JS: COLD committed score=314
JS: COLD committed score=314
JS: COLD committed score=314
JS: COLD committed score=314
JS: COLD committed score=314
JS: COLD committed score=314
JS: COLD committed score=314
JS: COLD committed score=314
JS: COLD committed score=314
JS: COLD committed score=314
JS: COLD committed score=314
JS: COLD committed score=314
JS: COLD committed score=314
JS: COLD committed score=314
JS: COLD committed score=314
JS: COLD committed score=314
JS: COLD committed score=314
JS: COLD committed score=314
JS: COLD committed score=314
JS: COLD committed score=314
JS: COLD committed score=314
JS: COLD committed score=314
JS: COLD committed score=314
JS: COLD committed score=314
JS: COLD committed score=314
JS: COLD committed score=314
JS: COLD committed score=314
JS: COLD committed score=314
JS: COLD committed score=314
JS: COLD committed score=314
JS: COLD committed score=314
JS: COLD committed score=314
JS: COLD committed score=314
JS: COLD committed score=314
120,2.00000,0.000000,5.224430,27.935436,0.000000,0.941742,-0.336336,0,0.000000,0.000000,0.000000,0.000000,-9.810000,0.000000,0,120,1,0,0.000000,3.283649,23.500000,0.000000,0.000007,0.000000,33.499985,-4.907931,-122.033508,0.000000,0.000000,0.000000,34.499985,-4.277305,-116.033508,0.000000,0.000000,0.000000,33.499981,-3.646680,-110.033508,0.000000,0.000000,0.000000,34.499985,-3.016054,-104.033508,0.000000,0.000000,0.000000
JS: COLD committed score=314
JS: COLD committed score=314
JS: COLD committed score=314
JS: COLD committed score=314
JS: COLD committed score=314
JS: COLD committed score=314
JS: COLD committed score=314
JS: COLD committed score=314
JS: COLD committed score=314
JS: COLD committed score=314
JS: COLD committed score=314
JS: COLD committed score=314
JS: COLD committed score=314
JS: COLD committed score=314
JS: COLD committed score=314
JS: COLD committed score=314
JS: COLD committed score=314
JS: COLD committed score=314
JS: COLD committed score=314
JS: COLD committed score=314
JS: COLD committed score=314
JS: COLD committed score=314
JS: COLD committed score=314
JS: COLD committed score=314
JS: COLD committed score=314
JS: COLD committed score=314
JS: COLD committed score=314
JS: COLD committed score=314
JS: COLD committed score=314
JS: COLD committed score=314
JS: COLD committed score=314
JS: COLD committed score=314
JS: COLD committed score=314
JS: COLD committed score=314
JS: COLD committed score=314
JS: COLD committed score=314
JS: COLD committed score=314
JS: COLD committed score=314
JS: COLD committed score=314
JS: COLD committed score=314
JS: COLD committed score=314
JS: COLD committed score=314
JS: COLD committed score=314
JS: COLD committed score=314
JS: COLD committed score=314
JS: COLD committed score=314
JS: COLD committed score=314
JS: COLD committed score=314
JS: COLD committed score=314
JS: COLD committed score=314
JS: COLD committed score=314
JS: COLD committed score=314
JS: COLD committed score=314
JS: COLD committed score=314
JS: COLD committed score=314
JS: COLD committed score=314
JS: COLD committed score=314
JS: COLD committed score=314
JS: COLD committed score=314
JS: COLD committed score=314
180,3.00000,0.000000,5.224430,27.935436,0.000000,0.941742,-0.336336,0,0.000000,0.000000,0.000000,0.000000,-9.810000,0.000000,0,180,1,0,0.000000,3.283649,23.500000,0.000000,0.000007,0.000000,33.499985,-4.907931,-122.033508,0.000000,0.000000,0.000000,34.499985,-4.277305,-116.033508,0.000000,0.000000,0.000000,33.499981,-3.646680,-110.033508,0.000000,0.000000,0.000000,34.499985,-3.016054,-104.033508,0.000000,0.000000,0.000000
JS: COLD committed score=314
JS: COLD committed score=314
JS: COLD committed score=314
JS: COLD committed score=314
JS: COLD committed score=314
JS: COLD committed score=314
JS: COLD committed score=314
JS: COLD committed score=314
JS: COLD committed score=314
JS: COLD committed score=314
JS: COLD committed score=314
JS: COLD committed score=314
JS: COLD committed score=314
JS: COLD committed score=314
JS: COLD committed score=314
JS: COLD committed score=314
JS: COLD committed score=314
JS: COLD committed score=314
JS: COLD committed score=314
JS: COLD committed score=314
JS: COLD committed score=314
JS: COLD committed score=314
JS: COLD committed score=314
JS: COLD committed score=314
JS: COLD committed score=314
JS: COLD committed score=314
JS: COLD committed score=314
JS: COLD committed score=314
JS: COLD committed score=314
JS: COLD committed score=314
JS: COLD committed score=314
JS: COLD committed score=314
JS: COLD committed score=314
JS: COLD committed score=314
JS: COLD committed score=314
JS: COLD committed score=314
JS: COLD committed score=314
JS: COLD committed score=314
JS: COLD committed score=314
JS: COLD committed score=314
JS: COLD committed score=314
JS: COLD committed score=314
JS: COLD committed score=314
JS: COLD committed score=314
JS: COLD committed score=314
JS: COLD committed score=314
JS: COLD committed score=314
JS: COLD committed score=314
JS: COLD committed score=314
JS: COLD committed score=314
JS: COLD committed score=314
JS: COLD committed score=314
JS: COLD committed score=314
JS: COLD committed score=314
JS: COLD committed score=314
JS: COLD committed score=314
JS: COLD committed score=314
JS: COLD committed score=314
JS: COLD committed score=314
JS: COLD committed score=314
240,4.00000,0.000000,5.224430,27.935436,0.000000,0.941742,-0.336336,0,0.000000,0.000000,0.000000,0.000000,-9.810000,0.000000,0,240,1,0,0.000000,3.283649,23.500000,0.000000,0.000007,0.000000,33.499985,-4.907931,-122.033508,0.000000,0.000000,0.000000,34.499985,-4.277305,-116.033508,0.000000,0.000000,0.000000,33.499981,-3.646680,-110.033508,0.000000,0.000000,0.000000,34.499985,-3.016054,-104.033508,0.000000,0.000000,0.000000
JS: COLD committed score=314
JS: COLD committed score=314
JS: COLD committed score=314
JS: COLD committed score=314
JS: COLD committed score=314
JS: COLD committed score=314
JS: COLD committed score=314
JS: COLD committed score=314
JS: COLD committed score=314
JS: COLD committed score=314
JS: COLD committed score=314
JS: COLD committed score=314
JS: COLD committed score=314
JS: COLD committed score=314
JS: COLD committed score=314
JS: COLD committed score=314
JS: COLD committed score=314
JS: COLD committed score=314
JS: COLD committed score=314
JS: COLD committed score=314
JS: COLD committed score=314
JS: COLD committed score=314
JS: COLD committed score=314
JS: COLD committed score=314
JS: COLD committed score=314
JS: COLD committed score=314
JS: COLD committed score=314
JS: COLD committed score=314
JS: COLD committed score=314
JS: COLD committed score=314
JS: COLD committed score=314
JS: COLD committed score=314
JS: COLD committed score=314
JS: COLD committed score=314
JS: COLD committed score=314
JS: COLD committed score=314
JS: COLD committed score=314
JS: COLD committed score=314
JS: COLD committed score=314
JS: COLD committed score=314
JS: COLD committed score=314
JS: COLD committed score=314
JS: COLD committed score=314
JS: COLD committed score=314
JS: COLD committed score=314
JS: COLD committed score=314
JS: COLD committed score=314
JS: COLD committed score=314
JS: COLD committed score=314
JS: COLD committed score=314
JS: COLD committed score=314
JS: COLD committed score=314
JS: COLD committed score=314
JS: COLD committed score=314
JS: COLD committed score=314
JS: COLD committed score=314
JS: COLD committed score=314
JS: COLD committed score=314
JS: COLD committed score=314
JS: COLD committed score=314
300,5.00000,0.000000,5.224430,27.935436,0.000000,0.941742,-0.336336,0,0.000000,0.000000,0.000000,0.000000,-9.810000,0.000000,0,300,1,0,0.000000,3.283649,23.500000,0.000000,0.000007,0.000000,33.499985,-4.907931,-122.033508,0.000000,0.000000,0.000000,34.499985,-4.277305,-116.033508,0.000000,0.000000,0.000000,33.499981,-3.646680,-110.033508,0.000000,0.000000,0.000000,34.499985,-3.016054,-104.033508,0.000000,0.000000,0.000000
JS: COLD committed score=314
JS: COLD committed score=314
JS: COLD committed score=314
JS: COLD committed score=314
JS: COLD committed score=314
JS: COLD committed score=314
JS: COLD committed score=314
JS: COLD committed score=314
JS: COLD committed score=314
JS: COLD committed score=314
JS: COLD committed score=314
JS: COLD committed score=314
JS: COLD committed score=314
JS: COLD committed score=314
JS: COLD committed score=314
JS: COLD committed score=314
JS: COLD committed score=314
JS: COLD committed score=314
JS: COLD committed score=314
JS: COLD committed score=314
JS: COLD committed score=314
JS: COLD committed score=314
JS: COLD committed score=314
JS: COLD committed score=314
JS: COLD committed score=314
JS: COLD committed score=314
JS: COLD committed score=314
JS: COLD committed score=314
JS: COLD committed score=314
JS: COLD committed score=314
JS: COLD committed score=314
JS: COLD committed score=314
JS: COLD committed score=314
JS: COLD committed score=314
JS: COLD committed score=314
JS: COLD committed score=314
JS: COLD committed score=314
JS: COLD committed score=314
JS: COLD committed score=314
JS: COLD committed score=314
JS: COLD committed score=314
JS: COLD committed score=314
JS: COLD committed score=314
JS: COLD committed score=314
JS: COLD committed score=314
JS: COLD committed score=314
JS: COLD committed score=314
JS: COLD committed score=314
JS: COLD committed score=314
JS: COLD committed score=314
JS: COLD committed score=314
JS: COLD committed score=314
JS: COLD committed score=314
JS: COLD committed score=314
JS: COLD committed score=314
JS: COLD committed score=314
JS: COLD committed score=314
JS: COLD committed score=314
JS: COLD committed score=314
Renderer fragment texture units: 32 (material path uses 12)
asset 97c3acdb99c5ffefb002c03ecec7a8ed: Optional extension ignored: KHR_materials_specular
World state: disk saves disabled for additive compositions
Project: Judas Three Games (/tmp/judas-consumer-cold-5x63fz1g/project/post_m65_consumers.judasproj)
Scene: Judas Skate Park (/tmp/judas-consumer-cold-5x63fz1g/project/Scenes/skate/park.judas)
World origin (m): 0.000, 0.000, 0.000
