[96mdocs/judasjs/examples/fracture.js[0m:[93m3[0m:[93m15[0m - [91merror[0m[90m TS7031: [0mBinding element 'entity' implicitly has an 'any' type.

[7m3[0m  constructor({entity}){this.entity=entity;this.state={submitted:false,notifications:0};this.fragment=null;}
[7m [0m [91m              ~~~~~~[0m
[96mdocs/judasjs/examples/fracture.js[0m:[93m5[0m:[93m56[0m - [91merror[0m[90m TS2339: [0mProperty 'staleRevision' does not exist on type '{ submitted: boolean; notifications: number; }'.

[7m5[0m   if(!this.state.submitted){const s=f.state;this.state.staleRevision=!f.release(s.interfaces[0].key,0);
[7m [0m [91m                                                       ~~~~~~~~~~~~~[0m
[96mdocs/judasjs/examples/fracture.js[0m:[93m6[0m:[93m15[0m - [91merror[0m[90m TS2339: [0mProperty 'queued' does not exist on type '{ submitted: boolean; notifications: number; }'.

[7m6[0m    this.state.queued=f.release(s.interfaces[0].key,s.revision);
[7m [0m [91m              ~~~~~~[0m
[96mdocs/judasjs/examples/fracture.js[0m:[93m7[0m:[93m15[0m - [91merror[0m[90m TS2339: [0mProperty 'loaded' does not exist on type '{ submitted: boolean; notifications: number; }'.

[7m7[0m    this.state.loaded=f.impulse(4,{x:0,y:0,z:-80});
[7m [0m [91m              ~~~~~~[0m
[96mdocs/judasjs/examples/fracture.js[0m:[93m8[0m:[93m15[0m - [91merror[0m[90m TS2339: [0mProperty 'ordinary' does not exist on type '{ submitted: boolean; notifications: number; }'.

[7m8[0m    this.state.ordinary=s.parts.some(p=>p.entity?.valid&&p.entity.mass>0);
[7m [0m [91m              ~~~~~~~~[0m
[96mdocs/judasjs/examples/fracture.js[0m:[93m8[0m:[93m37[0m - [91merror[0m[90m TS7006: [0mParameter 'p' implicitly has an 'any' type.

[7m8[0m    this.state.ordinary=s.parts.some(p=>p.entity?.valid&&p.entity.mass>0);
[7m [0m [91m                                    ~[0m
[96mdocs/judasjs/examples/fracture.js[0m:[93m12[0m:[93m122[0m - [91merror[0m[90m TS2339: [0mProperty 'invalid' does not exist on type '{ submitted: boolean; notifications: number; }'.

[7m12[0m   if(this.fragment?.valid&&this.fragment.fracture){const stale=this.fragment.fracture;this.fragment.destroy();this.state.invalid=!stale.valid;try{stale.state;}catch(e){this.state.staleThrows=e instanceof ReferenceError;}this.fragment=null;}
[7m  [0m [91m                                                                                                                         ~~~~~~~[0m
[96mdocs/judasjs/examples/fracture.js[0m:[93m12[0m:[93m180[0m - [91merror[0m[90m TS2339: [0mProperty 'staleThrows' does not exist on type '{ submitted: boolean; notifications: number; }'.

[7m12[0m   if(this.fragment?.valid&&this.fragment.fracture){const stale=this.fragment.fracture;this.fragment.destroy();this.state.invalid=!stale.valid;try{stale.state;}catch(e){this.state.staleThrows=e instanceof ReferenceError;}this.fragment=null;}
[7m  [0m [91m                                                                                                                                                                                   ~~~~~~~~~~~[0m
[96mdocs/judasjs/examples/fracture.js[0m:[93m14[0m:[93m13[0m - [91merror[0m[90m TS7006: [0mParameter 'e' implicitly has an 'any' type.

[7m14[0m  onFracture(e){this.state.notifications++;this.state.complete=this.entity.fracture.state.revision===e.revision&&e.interfaces.every(b=>['physical','explicit'].includes(b.cause));}
[7m  [0m [91m            ~[0m
[96mdocs/judasjs/examples/fracture.js[0m:[93m14[0m:[93m54[0m - [91merror[0m[90m TS2339: [0mProperty 'complete' does not exist on type '{ submitted: boolean; notifications: number; }'.

[7m14[0m  onFracture(e){this.state.notifications++;this.state.complete=this.entity.fracture.state.revision===e.revision&&e.interfaces.every(b=>['physical','explicit'].includes(b.cause));}
[7m  [0m [91m                                                     ~~~~~~~~[0m
[96mdocs/judasjs/examples/fracture.js[0m:[93m14[0m:[93m132[0m - [91merror[0m[90m TS7006: [0mParameter 'b' implicitly has an 'any' type.

[7m14[0m  onFracture(e){this.state.notifications++;this.state.complete=this.entity.fracture.state.revision===e.revision&&e.interfaces.every(b=>['physical','explicit'].includes(b.cause));}
[7m  [0m [91m                                                                                                                                   ~[0m

