libEGL warning: Not allowed to force software rendering when API explicitly selects a hardware device.
Renderer fragment texture units: 32 (material path uses 12)
Asset problem: /home/conner/Documents/GitHub/Project-Judas/projects/fracture_lab/Assets/deformables/L-partition.source.judasmeta: /home/conner/Documents/GitHub/Project-Judas/projects/fracture_lab/Assets/deformables/L-partition.source.judasmeta:3: type must be mesh, texture, font, audio or prefab
World state: disk saves disabled for additive compositions
Project: Fracture Lab (/home/conner/Documents/GitHub/Project-Judas/projects/fracture_lab/fracture_lab.judasproj)
Scene: Fracture Lab / uniform (/home/conner/Documents/GitHub/Project-Judas/projects/fracture_lab/Scenes/flat.judas)
World origin (m): 0.000, 0.000, 0.000
PASS normal asynchronous fracture asset publication
PASS logical family owner has no duplicate collider/mass
PASS every stiff part is an ordinary safe rigid body
PASS every stiff part is an ordinary safe rigid body
PASS every stiff part is an ordinary safe rigid body
PASS every stiff part is an ordinary safe rigid body
PASS every stiff part is an ordinary safe rigid body
PASS every stiff part is an ordinary safe rigid body
PASS every stiff part is an ordinary safe rigid body
PASS every stiff part is an ordinary safe rigid body
PASS every stiff part is an ordinary safe rigid body
PASS published cells partition material mass exactly once
PASS modest supported gravity load survives
PASS real impulse causes physically detected failure without explicit release
PASS physical failure cause distinct from tool release
PASS remaining material persists
BEAM plastic=2.48415 revision=3
PASS yielding soft specimen breaks from current plastic state
PASS source-part mapping reacquires current descendants
PASS explicit piece cleanup leaves durable tombstone
PASS ordinary surviving rubble remains simulated
PASS main/secondary/shadow passes do not rerun fracture
LAB bodies=42 fixed_ms=4.824050 draws=63
PASS ordinary startup and clean shutdown
SUMMARY mode=probe checks=22 failures=0
