libEGL warning: Not allowed to force software rendering when API explicitly selects a hardware device.
Renderer fragment texture units: 32 (material path uses 12)
World state: disk saves disabled for additive compositions
Project: Fracture Lab (/home/conner/Documents/GitHub/Project-Judas/projects/fracture_lab/fracture_lab.judasproj)
Scene: Fracture Lab / uniform (/home/conner/Documents/GitHub/Project-Judas/projects/fracture_lab/Scenes/flat.judas)
World origin (m): 0.000, 0.000, 0.000
PASS normal asynchronous fracture asset publication
PASS logical family owner has no duplicate collider/mass
PASS every stiff part is an ordinary safe rigid body
PASS every stiff part is an ordinary safe rigid body
PASS every stiff part is an ordinary safe rigid body
PASS every stiff part is an ordinary safe rigid body
PASS every stiff part is an ordinary safe rigid body
PASS every stiff part is an ordinary safe rigid body
PASS every stiff part is an ordinary safe rigid body
PASS every stiff part is an ordinary safe rigid body
PASS every stiff part is an ordinary safe rigid body
PASS published cells partition material mass exactly once
PASS modest supported gravity load survives
PASS cold process reads real M61 slot
RESTORE capture=0 error=required script instance not initialized: entity 10 slot 1; retry after lifecycle boundary bodies=42
PASS cold process restores exact plastic/topology/motion and owned constraint history
PASS removed fragment is not resurrected
PASS first resumed fracture state remains healthy
FAIL cold restore continues ordinary dynamics without healing/replayed notifications
PASS ordinary startup and clean shutdown
SUMMARY mode=read checks=19 failures=1
