[  1%] Built target judas_icu_build
[  1%] Built target judas_app_icon
[  1%] Built target judas_quickjs
[  3%] Built target judas_navigation_backend
[  3%] Built target judas_glad
[  7%] Built target freetype
[  7%] Built target judas_profiler
[  7%] Built target judas_audio_backend
[  7%] Built target harfbuzz
[  7%] Built target judas_imgui
[  9%] Built target judas_physics_tests
[ 11%] Built target judas_rigid_contact_tests
[ 12%] Built target judas_broadphase_tests
[ 14%] Built target judas_collision_tests
[ 16%] Built target judas_celestial_gravity_tests
[ 18%] Built target judas_step_climb_tests
[ 18%] Built target judas_pilot_attachment_tests
[ 19%] Built target judas_pilot_dismount_tests
[ 20%] Built target judas_spacecraft_control_tests
[ 22%] Built target judas_spacecraft_flight_tests
[ 24%] Built target judas_reference_frame_tests
[ 24%] Built target judas_shadow_tests
[ 24%] Built target judas_player_view_tests
[ 26%] Built target judas_object_manipulation_tests
[ 29%] Built target judas_player_curved_locomotion_tests
[ 30%] Built target judas_compound_body_tests
[ 33%] Built target judas_world_coordinates_tests
[ 35%] Built target judas_fluid_world_tests
[ 36%] Built target judas_fluid_rigid_coupling_tests
[ 36%] Built target judas_fluid_surface_tests
[ 38%] Built target judas_terrain_physics_tests
[ 40%] Built target judas_terrain_fluid_tests
[ 41%] Built target judas_atmosphere_tests
[ 43%] Built target judas_atmospheric_flight_tests
[ 46%] Built target judas_combustion_tests
[ 46%] Built target judas_materials
[ 58%] Built target judas_engine
[ 59%] Built target judas_navigation_baker
[ 59%] Built target judas
[ 60%] Built target judas_scene_author
[ 60%] Built target judas_resource_stress
[ 60%] Built target judas_scene_tests
[ 60%] Built target judas_lifecycle_tests
[ 60%] Built target judas_project_tests
[ 61%] Built target judas_job_tests
[ 61%] Built target judas_asset_tests
[ 61%] Built target judas_ui_tests
[ 62%] Built target judas_lighting_tests
[ 62%] Built target judas_scene_fingerprint_tests
[ 64%] Built target judas_interactable_tests
[ 64%] Built target judas_world_state_tests
[ 64%] Built target judas_async_application_tests
[ 64%] Built target judas_uniform_gravity_scene_tests
[ 64%] Built target judas_contact_geometry_tests
[ 64%] Built target judas_contact_lifecycle_tests
[ 64%] Built target judas_contact_cache_tests
[ 65%] Built target judas_contact_storage_tests
[ 65%] Built target judas_timing_defect_probe
[ 65%] Built target judas_rigid_motion_tests
[ 66%] Built target judas_poisson_policy_witness
[ 67%] Built target judas_impact_solver_tests
[ 67%] Built target judas_impact_timing_tests
[ 68%] Built target judas_project_application_tests
[ 69%] Built target judas_lifecycle_integration_tests
[ 70%] Built target judas_asset_integrity_tests
[ 70%] Built target judas_coarse_celestial_tests
[ 70%] Built target judas_orbital_integrity_tests
[ 70%] Built target judas_spacecraft_frame_integration_tests
[ 71%] Built target judas_thermal_accounting_tests
[ 71%] Built target judas_combustion_integration_tests
[ 71%] Built target judas_player_swimming_tests
[ 71%] Built target judas_fluid_metadata_tests
[ 71%] Built target judas_fluid_hydrostatics_tests
[ 71%] Built target judas_production_fluid_tests
[ 71%] Built target judas_fluid_container_integration_tests
[ 71%] Built target judas_player_fluid_integration_tests
[ 72%] Built target judas_fluid_cavity_impact_tests
[ 73%] Built target judas_fluid_smoothing_budget_tests
[ 73%] Built target judas_fluid_boundary_contact_tests
[ 73%] Built target judas_particle_contact_batch_tests
[ 74%] Built target judas_production_fluid_performance
[ 74%] Built target judas_render_camera_tests
[ 75%] Built target judas_audio_tests
[ 75%] Built target judas_input_tests
[ 75%] Built target judas_prefab_tests
[ 76%] Built target judas_prefab_application_tests
[ 77%] Built target judas_visual_particle_tests
[ 78%] Built target judas_particle_application_tests
[ 78%] Built target judas_export
[ 78%] Built target judas_export_tests
[ 78%] Built target judas_package_application_tests
[ 78%] Built target judas_classification_tests
[ 79%] Built target judas_script_tests
[ 79%] Built target judas_script_application_tests
[ 79%] Built target judas_runtime_ui_tests
[ 80%] Built target judas_touch_event_tests
[ 80%] Built target judas_runtime_ui_application_tests
[ 80%] Built target judas_touch_application_tests
[ 81%] Built target judas_scene_transition_tests
[ 81%] Built target judas_physics_cast_tests
[ 82%] Built target judas_physics_cast_application_tests
[ 82%] Built target judas_joint_tests
[ 82%] Built target judas_joint_authoring_tests
[ 82%] Built target judas_joint_application_tests
[ 82%] Built target judas_skeletal_animation_tests
[ 83%] Built target judas_animation_application_tests
[ 83%] Built target judas_pose_composition_tests
[ 83%] Built target judas_ragdoll_tests
[ 83%] Built target judas_pose_composition_application_tests
[ 84%] Built target judas_ragdoll_application_tests
[ 85%] Built target judas_fluid_demo_probe
[ 85%] Built target judas_fluid_demo_integration_tests
[ 85%] Built target judas_character_motor_tests
[ 86%] Built target judasjs_examples_tests
[ 86%] Built target judas_character_motor_application_tests
[ 87%] Built target judas_boundary_migration_tests
[ 87%] Built target judas_shooter_game_tests
[ 87%] Built target judas_script_presentation_tests
[ 87%] Built target judas_shooter_application_tests
[ 87%] Built target judas_navigation_bake
[ 88%] Built target judas_navigation_tests
[ 88%] Built target judas_navigation_game_tests
[ 89%] Built target judas_liquid_tests
[ 89%] Built target judas_liquid_bake
[ 89%] Built target judas_liquid_application_tests
[ 89%] Built target judas_liquid_surface_tests
[ 89%] Built target judas_liquid_surface_application_tests
[ 89%] Built target judas_liquid_surface_refill_tests
[ 89%] Built target judas_profiler_tests
[ 90%] Built target judas_liquid_surface_loop_tests
[ 90%] Built target judas_profiler_script_tests
[ 91%] Built target judas_profiler_application_tests
[ 91%] Built target judas_environment_bake
[ 91%] Built target judas_material_tests
[ 92%] Built target judas_material_application_tests
[ 92%] Built target judas_text_localization_tests
[ 92%] Built target judas_text_render_tests
[ 92%] Built target judas_localization_application_tests
[ 92%] Built target judas_streaming_tests
[ 92%] Built target judas_streaming_demo_builder
[ 92%] Built target judas_streaming_application_tests
[ 93%] Built target judas_streaming_performance_tests
[ 94%] Built target judas_streaming_revisit_tests
[ 94%] Built target judas_audio_acoustics_tests
[ 94%] Built target judas_audio_demo
[ 94%] Built target judas_audio_world_tests
[ 95%] Built target judas_audio_application_tests
[ 95%] Built target judas_save_storage_tests
[ 95%] Built target judas_world_persistence_tests
[ 96%] Built target judas_save_application_tests
[ 96%] Built target judas_save_streaming_tests
[ 97%] Built target judas_save_performance_tests
[ 97%] Built target judas_deformable_tests
[ 97%] Built target judas_deformable_bake
[ 98%] Built target judas_deformable_performance_tests
[ 98%] Built target judas_fracture_tests
[ 98%] Built target judas_deformable_application_tests
[ 99%] Built target judas_fracture_performance_tests
[ 99%] Building CXX object CMakeFiles/judas_fracture_application_tests.dir/tests/FractureApplicationTests.cpp.o
[100%] Built target judas_editor
[100%] Linking CXX executable judas_fracture_application_tests
[100%] Built target judas_fracture_application_tests
