libEGL warning: Not allowed to force software rendering when API explicitly selects a hardware device.
Renderer fragment texture units: 32 (material path uses 12)
World state: disk saves disabled for additive compositions
Project: Fracture Lab (/home/conner/Documents/GitHub/Project-Judas/projects/fracture_lab/fracture_lab.judasproj)
Scene: Fracture Range (projects/fracture_lab/Scenes/game.judas)
World origin (m): 0.000, 0.000, 0.000
PASS normal asynchronous fracture asset publication
PASS logical family owner has no duplicate collider/mass
PASS every stiff part is an ordinary safe rigid body
PASS every stiff part is an ordinary safe rigid body
PASS every stiff part is an ordinary safe rigid body
PASS every stiff part is an ordinary safe rigid body
PASS every stiff part is an ordinary safe rigid body
PASS every stiff part is an ordinary safe rigid body
PASS published cells partition material mass exactly once
PASS modest supported gravity load survives
PASS real impulse causes physically detected failure without explicit release
PASS physical failure cause distinct from tool release
PASS remaining material persists
PASS physical impacts create a real opening without explicit piece removal
PASS project policy opens normal navigation obstacle only after a physical hole
PASS public JS navigation + motor pass through fractured opening
PASS ordinary ray/audio obstruction path sees physical opening
PASS ordinary startup and clean shutdown
SUMMARY mode=game checks=18 failures=0
