libEGL warning: Not allowed to force software rendering when API explicitly selects a hardware device.
Renderer fragment texture units: 32 (material path uses 12)
M31 resource stress: generating 24 sphere meshes (160x160) and 16 1024x1024 textures under /tmp/judas_m31_stress_17565
  137.5 MB of asset files
  7 workers, scene 'Tiny game' playing (3 dynamic bodies)
  async: all 40 assets Ready after 1.23 s; per-asset latency (request->Ready) min 256 ms avg 912 ms max 1227 ms; 40 uploads; resident 268.1 MB (peak 268.1 MB)
  cancel: 20 loads cancelled by dropped demand, 10 stale completions discarded, 20 ready, 0 loading
  evict: budget 57.9 MB -> resident 115.8 MB before, 85.3 MB after, 4 evictions; referenced textures survived: yes
  reload: 4 evicted meshes re-requested and Ready again after 0.49 s
  blocking: all 40 assets loaded on the main thread in 3.29 s (one per frame)

Per-phase main-thread measurements (frame = pump + play frame + swap; 60 Hz fixed step):
  baseline (no loads)          frames  120 | frame avg   9.49 ms p99  10.18 ms max  472.23 ms (pump max   0.00 ms) | >33 ms:   1 | fixed steps    50 (expected ~   71, 1 saturated) | queue max  0 avg   0.0 | worker util   0.0% | jobs done 0
  async load (40 assets)       frames   31 | frame avg  38.92 ms p99 224.42 ms max  224.42 ms (pump max 214.51 ms) | >33 ms:   9 | fixed steps    67 (expected ~   74, 1 saturated) | queue max 33 avg  15.4 | worker util  83.5% | jobs done 40
  cancel + release             frames    1 | frame avg  25.02 ms p99  25.02 ms max   25.02 ms (pump max   0.12 ms) | >33 ms:   0 | fixed steps     0 (expected ~    2, 0 saturated) | queue max  3 avg   3.0 | worker util   1.1% | jobs done 0
  evict + reload               frames   24 | frame avg  20.25 ms p99  37.47 ms max   37.47 ms (pump max   6.47 ms) | >33 ms:   3 | fixed steps    31 (expected ~   30, 0 saturated) | queue max  4 avg   1.2 | worker util  86.2% | jobs done 11
  BLOCKING load (40 assets)    frames   40 | frame avg  81.68 ms p99 127.85 ms max  127.85 ms (pump max   0.00 ms) | >33 ms:  24 | fixed steps   197 (expected ~  197, 2 saturated) | queue max  0 avg   0.0 | worker util   0.0% | jobs done 0

Claim under test: expensive resource preparation no longer forces the main thread to wait for the whole operation.
  async  : worst frame  224.42 ms,   9 frames over 33 ms, 1 saturated catch-up frames, wall 1.23 s
  blocking: worst frame  127.85 ms,  24 frames over 33 ms, 2 saturated catch-up frames, wall 3.29 s
  (the work itself is not free: worker busy time during the async phase was 7.18 s across 7 workers)

shutdown clean (resources, workers, renderer, window in that order); temporary project removed
