configure: exit=0, 0.816s
build: exit=0, 399.387s
async_application: exit=0, 9.366s
judas_scene_tests: exit=0, 0.064s
judas_lifecycle_tests: exit=0, 0.516s
judas_project_tests: exit=0, 0.215s
judas_job_tests: exit=0, 0.064s
judas_physics_tests: exit=0, 0.004s
judas_rigid_contact_tests: exit=0, 2.920s
judas_broadphase_tests: exit=0, 25.987s
judas_collision_tests: exit=0, 0.032s
judas_celestial_gravity_tests: exit=0, 0.032s
judas_asset_tests: exit=0, 0.004s
judas_step_climb_tests: exit=0, 0.004s
judas_pilot_attachment_tests: exit=0, 0.002s
judas_pilot_dismount_tests: exit=0, 0.004s
judas_spacecraft_control_tests: exit=0, 0.008s
judas_spacecraft_flight_tests: exit=0, 0.016s
judas_reference_frame_tests: exit=0, 0.004s
judas_ui_tests: exit=0, 0.008s
judas_lighting_tests: exit=0, 0.008s
judas_shadow_tests: exit=0, 0.002s
judas_interactable_tests: exit=0, 0.008s
judas_player_view_tests: exit=0, 0.002s
judas_object_manipulation_tests: exit=0, 0.004s
judas_player_curved_locomotion_tests: exit=0, 0.064s
judas_world_coordinates_tests: exit=0, 0.032s
judas_compound_body_tests: exit=0, 0.064s
judas_fluid_world_tests: exit=0, 0.717s
judas_fluid_rigid_coupling_tests: exit=0, 14.810s
judas_fluid_surface_tests: exit=0, 0.004s
judas_terrain_physics_tests: exit=0, 0.866s
judas_terrain_fluid_tests: exit=0, 32.090s
judas_atmosphere_tests: exit=0, 0.016s
judas_atmospheric_flight_tests: exit=0, 0.016s
judas_combustion_tests: exit=0, 0.065s
judas_scene_fingerprint_tests: exit=0, 0.032s
judas_world_state_tests: exit=0, 0.033s
judas_uniform_gravity_scene_tests: exit=0, 0.215s
judas_contact_geometry_tests: exit=0, 0.065s
judas_contact_lifecycle_tests: exit=0, 0.032s
judas_contact_cache_tests: exit=0, 0.016s
judas_contact_storage_tests: exit=0, 0.114s
judas_rigid_motion_tests: exit=0, 0.004s
judas_impact_solver_tests: exit=0, 0.004s
judas_impact_timing_tests: exit=0, 0.016s
judas_project_application_tests: exit=0, 0.974s
judas_lifecycle_integration_tests: exit=0, 0.016s
judas_asset_integrity_tests: exit=0, 0.016s
judas_coarse_celestial_tests: exit=0, 0.016s
judas_orbital_integrity_tests: exit=0, 0.114s
judas_spacecraft_frame_integration_tests: exit=0, 0.032s
judas_thermal_accounting_tests: exit=0, 0.016s
judas_combustion_integration_tests: exit=0, 0.064s
judas_player_swimming_tests: exit=0, 0.016s
judas_fluid_metadata_tests: exit=0, 0.008s
judas_fluid_hydrostatics_tests: exit=0, 0.265s
judas_production_fluid_tests: exit=0, 68.408s
judas_fluid_container_integration_tests: exit=0, 3.621s
judas_player_fluid_integration_tests: exit=0, 109.193s
judas_fluid_cavity_impact_tests: exit=0, 0.008s
judas_fluid_smoothing_budget_tests: exit=0, 0.004s
judas_fluid_boundary_contact_tests: exit=0, 0.004s
judas_particle_contact_batch_tests: exit=0, 0.004s
judas_render_camera_tests: exit=0, 0.866s
judas_audio_tests: exit=0, 0.515s
judas_input_tests: exit=0, 0.365s
judas_prefab_tests: exit=0, 0.032s
judas_prefab_application_tests: exit=0, 0.921s
judas_visual_particle_tests: exit=0, 0.665s
judas_particle_application_tests: exit=0, 2.838s
judas_export_tests: exit=0, 0.064s
judas_package_application_tests: exit=0, 2.588s
judas_classification_tests: exit=0, 0.615s
judas_script_tests: exit=0, 1.718s
judas_script_application_tests: exit=0, 2.274s
judas_runtime_ui_tests: exit=0, 0.415s
judas_runtime_ui_application_tests: exit=0, 1.669s
judas_touch_event_tests: exit=0, 0.064s
judas_touch_application_tests: exit=0, 2.681s
judas_scene_transition_tests: exit=0, 0.816s
judas_physics_cast_tests: exit=0, 0.114s
judas_physics_cast_application_tests: exit=0, 0.718s
judas_joint_tests: exit=0, 0.032s
judas_joint_authoring_tests: exit=0, 0.016s
judas_joint_application_tests: exit=0, 0.666s
judas_skeletal_animation_tests: exit=0, 0.515s
judas_animation_application_tests: exit=0, 0.916s
judas_pose_composition_tests: exit=0, 0.064s
judas_pose_composition_application_tests: exit=0, 0.973s
judas_ragdoll_tests: exit=0, 0.265s
judas_ragdoll_application_tests: exit=0, 1.219s
judas_fluid_demo_integration_tests: exit=0, 26.574s
judas_character_motor_tests: exit=0, 0.515s
judas_character_motor_application_tests: exit=0, 0.816s
judas_boundary_migration_tests: exit=0, 0.465s
judas_shooter_game_tests: exit=0, 2.319s
judas_shooter_application_tests: exit=0, 3.438s
judas_script_presentation_tests: exit=0, 0.515s
judas_navigation_tests: exit=0, 0.465s
judas_navigation_game_tests: exit=0, 2.021s
judas_liquid_tests: exit=0, 0.565s
judas_liquid_application_tests: exit=0, 4.278s
editor_async: exit=0, 1.726s
runtime_blocking_reference: exit=0, 0.215s
m31_resource_stress: exit=0, 7.492s
{
  "overall_pass": true,
  "checks": {
    "integration_all_12_cases": true,
    "editor_play_stop_async": true,
    "blocking_reference_three_steps": true,
    "tested_sources_unchanged_during_run": true,
    "protected_paths_unchanged": true
  },
  "seconds": 749.0381665910027
}
