[  6%] Built target judas_glad
[  6%] Built target judas_quickjs
[ 12%] Built target judas_audio_backend
[ 25%] Built target judas_navigation_backend
[ 25%] Building CXX object CMakeFiles/judas_engine.dir/src/WorldAnimation.cpp.o
[ 25%] Building CXX object CMakeFiles/judas_engine.dir/src/NavigationSystem.cpp.o
[ 25%] Building CXX object CMakeFiles/judas_engine.dir/src/LiquidSystem.cpp.o
[ 25%] Building CXX object CMakeFiles/judas_engine.dir/src/WorldRagdoll.cpp.o
[ 25%] Building CXX object CMakeFiles/judas_engine.dir/src/WorldScripts.cpp.o
[ 25%] Building CXX object CMakeFiles/judas_engine.dir/src/WorldCharacter.cpp.o
[ 25%] Building CXX object CMakeFiles/judas_engine.dir/src/ScriptSystem.cpp.o
[ 25%] Building CXX object CMakeFiles/judas_engine.dir/src/WorldAudio.cpp.o
[ 25%] Building CXX object CMakeFiles/judas_engine.dir/src/ProductionFluidCoupling.cpp.o
[ 25%] Building CXX object CMakeFiles/judas_engine.dir/src/WorldDebugView.cpp.o
[ 25%] Building CXX object CMakeFiles/judas_engine.dir/src/SceneSession.cpp.o
[ 25%] Building CXX object CMakeFiles/judas_engine.dir/src/RuntimeWorld.cpp.o
[ 25%] Building CXX object CMakeFiles/judas_engine.dir/src/GameSession.cpp.o
[ 25%] Building CXX object CMakeFiles/judas_engine.dir/src/Simulation.cpp.o
[ 31%] Building CXX object CMakeFiles/judas_engine.dir/src/WorldPresentation.cpp.o
[ 31%] Building CXX object CMakeFiles/judas_engine.dir/src/GameplayHud.cpp.o
[ 31%] Building CXX object CMakeFiles/judas_engine.dir/src/InteractivePlay.cpp.o
[ 31%] Building CXX object CMakeFiles/judas_engine.dir/src/CoarseSimulation.cpp.o
[ 31%] Building CXX object CMakeFiles/judas_engine.dir/src/WorldState.cpp.o
[ 31%] Linking CXX static library libjudas_engine.a
[100%] Built target judas_engine
[100%] Building CXX object CMakeFiles/judas_liquid_tests.dir/tests/LiquidTests.cpp.o
[100%] Linking CXX executable judas_liquid_tests
[100%] Built target judas_liquid_tests
[ 12%] Built target judas_glad
[ 12%] Built target judas_quickjs
[ 12%] Built target judas_audio_backend
[ 25%] Built target judas_navigation_backend
[100%] Built target judas_engine
[100%] Building CXX object CMakeFiles/judas_liquid_application_tests.dir/tests/LiquidApplicationTests.cpp.o
[100%] Linking CXX executable judas_liquid_application_tests
[100%] Built target judas_liquid_application_tests
[ 11%] Built target judas_navigation_backend
[ 11%] Built target judas_quickjs
[ 17%] Built target judas_glad
[ 23%] Built target judas_audio_backend
[ 94%] Built target judas_engine
[ 94%] Building CXX object CMakeFiles/judasjs_examples_tests.dir/tests/JudasJSExamplesTests.cpp.o
[100%] Linking CXX executable judasjs_examples_tests
[100%] Built target judasjs_examples_tests
[  6%] Built target judas_quickjs
[  6%] Built target judas_audio_backend
[ 12%] Built target judas_glad
[ 25%] Built target judas_navigation_backend
[100%] Built target judas_engine
[100%] Building CXX object CMakeFiles/judas.dir/src/RuntimeDiagnostics.cpp.o
[100%] Building CXX object CMakeFiles/judas.dir/src/TestHarness.cpp.o
[100%] Building CXX object CMakeFiles/judas.dir/src/Application.cpp.o
[100%] Linking CXX executable judas
[100%] Built target judas
[  4%] Built target judas_glad
[ 14%] Built target judas_navigation_backend
[ 14%] Built target judas_quickjs
[ 19%] Built target judas_audio_backend
[ 23%] Built target judas_imgui
[ 80%] Built target judas_engine
[ 90%] Built target judas_navigation_baker
[ 90%] Building CXX object CMakeFiles/judas_editor.dir/src/editor/ComponentEditors.cpp.o
[ 90%] Building CXX object CMakeFiles/judas_editor.dir/src/editor/EditorPanels.cpp.o
[ 90%] Building CXX object CMakeFiles/judas_editor.dir/src/editor/EditorApplication.cpp.o
[ 95%] Linking CXX executable judas_editor
[100%] Built target judas_editor
[  0%] Built target judas_quickjs
[  6%] Built target judas_glad
[ 12%] Built target judas_audio_backend
[ 25%] Built target judas_navigation_backend
[100%] Built target judas_engine
[100%] Linking CXX executable judas_export
[100%] Built target judas_export
