Traceback (most recent call last):
  File "/home/conner/Documents/GitHub/Project-Judas/scripts/m54_validation.py", line 69, in <module>
    if __name__=='__main__':raise SystemExit(main())
                                             ~~~~^^
  File "/home/conner/Documents/GitHub/Project-Judas/scripts/m54_validation.py", line 61, in main
    text=run('transitions',[ROOT/'build/judas',transition/'liquid_reservoir_demo.judasproj']);assert 'M54_TRANSITIONS_RELOAD_EXPORT_PASS' in text and 'script asset=' not in text
  File "/home/conner/Documents/GitHub/Project-Judas/scripts/m54_validation.py", line 30, in run
    command=[str(c) for c in command];begin=time.monotonic();p=original(command,cwd=cwd,env=dict(env,**(extra or {})),stdout=subprocess.PIPE,stderr=subprocess.STDOUT,text=True,timeout=240)
                                                               ~~~~~~~~^^^^^^^^^^^^^^^^^^^^^^^^^^^^^^^^^^^^^^^^^^^^^^^^^^^^^^^^^^^^^^^^^^^^^^^^^^^^^^^^^^^^^^^^^^^^^^^^^^^^^^^^^^^^^^^^^^^^^
  File "/usr/lib/python3.14/subprocess.py", line 557, in run
    stdout, stderr = process.communicate(input, timeout=timeout)
                     ~~~~~~~~~~~~~~~~~~~^^^^^^^^^^^^^^^^^^^^^^^^
  File "/usr/lib/python3.14/subprocess.py", line 1221, in communicate
    stdout, stderr = self._communicate(input, endtime, timeout)
                     ~~~~~~~~~~~~~~~~~^^^^^^^^^^^^^^^^^^^^^^^^^
  File "/usr/lib/python3.14/subprocess.py", line 2154, in _communicate
    self._check_timeout(endtime, orig_timeout, stdout, stderr)
    ~~~~~~~~~~~~~~~~~~~^^^^^^^^^^^^^^^^^^^^^^^^^^^^^^^^^^^^^^^
  File "/usr/lib/python3.14/subprocess.py", line 1268, in _check_timeout
    raise TimeoutExpired(
    ...<2 lines>...
            stderr=b''.join(stderr_seq) if stderr_seq else None)
subprocess.TimeoutExpired: Command '['/home/conner/Documents/GitHub/Project-Judas/build/judas', '/home/conner/Documents/GitHub/Project-Judas/build/m54-transition-project/liquid_reservoir_demo.judasproj']' timed out after 240 seconds
