
This GDB supports auto-downloading debuginfo from the following URLs:
  <https://debuginfod.ubuntu.com>
Enable debuginfod for this session? (y or [n]) [answered N; input not from terminal]
Debuginfod has been disabled.
To make this setting permanent, add 'set debuginfod enabled off' to .gdbinit.
[Thread debugging using libthread_db enabled]
Using host libthread_db library "/usr/lib/x86_64-linux-gnu/libthread_db.so.1".
[New Thread 0x7fffe3d296c0 (LWP 120055)]
[New Thread 0x7fffe35286c0 (LWP 120056)]
[New Thread 0x7fffe2d276c0 (LWP 120057)]
[New Thread 0x7fffe25266c0 (LWP 120058)]
[New Thread 0x7fffe1d256c0 (LWP 120059)]
[New Thread 0x7fffe15246c0 (LWP 120060)]
[New Thread 0x7fffe0d236c0 (LWP 120061)]
[editor autotest] duplicate created id 65: scene CHANGED; undo restores: IDENTICAL
[Detaching after fork from child process 120062]

Thread 1 "judas_editor" received signal SIGSEGV, Segmentation fault.
0x0000555555813fe8 in ImGui::BeginPopupModal(char const*, bool*, int) ()
#0  0x0000555555813fe8 in ImGui::BeginPopupModal(char const*, bool*, int) ()
#1  0x0000555555595174 in EditorApplication::HandleRequests(EditorRequests&) ()
#2  0x000055555559ebd3 in EditorApplication::Run(int, char**) ()
#3  0x000055555558747a in main ()
