[  0%] Built target judas_audio_backend
[  0%] Built target judas_glad
[ 93%] Built target judas_engine
[ 93%] Building CXX object CMakeFiles/judas_package_application_tests.dir/tests/PackageApplicationTests.cpp.o
[ 93%] Building CXX object CMakeFiles/judas_package_application_tests.dir/src/Application.cpp.o
[ 93%] Building CXX object CMakeFiles/judas_package_application_tests.dir/src/RuntimeOptions.cpp.o
[ 93%] Building CXX object CMakeFiles/judas_package_application_tests.dir/src/RuntimeDiagnostics.cpp.o
[100%] Building CXX object CMakeFiles/judas_package_application_tests.dir/src/TestHarness.cpp.o
/home/conner/Documents/GitHub/Project-Judas/tests/PackageApplicationTests.cpp: In lambda function:
/home/conner/Documents/GitHub/Project-Judas/tests/PackageApplicationTests.cpp:34:30: error: no matching function for call to ‘RuntimeWorld::SpawnPrefab(const char [33], SceneTransform&, SceneObjectId&, std::string&)’
   34 |       check(world.SpawnPrefab("36363636363636363636363636363636",placement,spawned,error)&&spawned!=0,"normal runtime SpawnPrefab from packaged stable ID");
      |             ~~~~~~~~~~~~~~~~~^~~~~~~~~~~~~~~~~~~~~~~~~~~~~~~~~~~~~~~~~~~~~~~~~~~~~~~~~~~~
/home/conner/Documents/GitHub/Project-Judas/tests/PackageApplicationTests.cpp:34:30: note: there is 1 candidate
In file included from /home/conner/Documents/GitHub/Project-Judas/tests/PackageApplicationTests.cpp:7:
/home/conner/Documents/GitHub/Project-Judas/src/RuntimeWorld.h:309:14: note: candidate 1: ‘EntityId RuntimeWorld::SpawnPrefab(const AssetId&, const SceneTransform&, std::string&)’
  309 |     EntityId SpawnPrefab(const AssetId& asset, const SceneTransform& placement, std::string& error);
      |              ^~~~~~~~~~~
/home/conner/Documents/GitHub/Project-Judas/src/RuntimeWorld.h:309:14: note: candidate expects 3 arguments, 4 provided
/home/conner/Documents/GitHub/Project-Judas/tests/PackageApplicationTests.cpp: In function ‘int main(int, char**)’:
/home/conner/Documents/GitHub/Project-Judas/tests/PackageApplicationTests.cpp:66:21: warning: ignoring return value of ‘int chdir(const char*)’ declared with attribute ‘warn_unused_result’ [-Wunused-result]
   66 |     if(pid==0){chdir("/");setenv("JUDAS_ENGINE_ROOT","/does/not/exist",1);execl(probe.c_str(),probe.c_str(),"--probe",output.c_str(),nullptr);_exit(127);}
      |                ~~~~~^~~~~
gmake[3]: *** [CMakeFiles/judas_package_application_tests.dir/build.make:79: CMakeFiles/judas_package_application_tests.dir/tests/PackageApplicationTests.cpp.o] Error 1
gmake[3]: *** Waiting for unfinished jobs....
gmake[2]: *** [CMakeFiles/Makefile2:3059: CMakeFiles/judas_package_application_tests.dir/all] Error 2
gmake[1]: *** [CMakeFiles/Makefile2:3066: CMakeFiles/judas_package_application_tests.dir/rule] Error 2
gmake: *** [Makefile:1190: judas_package_application_tests] Error 2
