JS: SKATER start rails=8 autopilot=false
JS: STREAM t=0.00 street-0 - -> unloaded entities=0 prepMs=0.00 integMs=0.00 largestUnitMs=0.00 skater=(36.60,-18.43,-250.00) v=0.0
JS: STREAM t=0.00 street-1 - -> unloaded entities=0 prepMs=0.00 integMs=0.00 largestUnitMs=0.00 skater=(36.60,-18.43,-250.00) v=0.0
JS: STREAM t=0.00 street-2 - -> unloaded entities=0 prepMs=0.00 integMs=0.00 largestUnitMs=0.00 skater=(36.60,-18.43,-250.00) v=0.0
JS: STREAM t=0.00 street-3 - -> unloaded entities=0 prepMs=0.00 integMs=0.00 largestUnitMs=0.00 skater=(36.60,-18.43,-250.00) v=0.0
JS: STREAM t=0.00 street-4 - -> unloaded entities=0 prepMs=0.00 integMs=0.00 largestUnitMs=0.00 skater=(36.60,-18.43,-250.00) v=0.0
JS: STREAM t=0.00 street-0 unloaded -> installing entities=11 prepMs=8.72 integMs=7.61 largestUnitMs=7.61 skater=(36.60,-18.46,-250.00) v=0.2
JS: STREAM t=0.00 street-1 unloaded -> prepared entities=9 prepMs=12.92 integMs=0.00 largestUnitMs=0.00 skater=(36.60,-18.46,-250.00) v=0.2
JS: STREAM t=0.00 street-2 unloaded -> prepared entities=9 prepMs=12.09 integMs=0.00 largestUnitMs=0.00 skater=(36.60,-18.46,-250.00) v=0.2
JS: STREAM t=0.00 street-3 unloaded -> prepared entities=11 prepMs=7.50 integMs=0.00 largestUnitMs=0.00 skater=(36.60,-18.46,-250.00) v=0.2
JS: STREAM t=0.00 street-0 installing -> active entities=11 prepMs=8.72 integMs=8.37 largestUnitMs=7.61 skater=(36.60,-18.48,-250.00) v=0.2
JS: STREAM t=0.00 street-1 prepared -> installing entities=9 prepMs=12.92 integMs=12.31 largestUnitMs=12.20 skater=(36.60,-18.48,-250.00) v=0.2
JS: STREAM t=0.00 street-1 installing -> active entities=9 prepMs=12.92 integMs=12.59 largestUnitMs=12.20 skater=(36.60,-18.50,-250.00) v=0.2
JS: STREAM t=0.00 street-3 prepared -> installing entities=11 prepMs=7.50 integMs=8.57 largestUnitMs=8.57 skater=(36.60,-18.50,-250.00) v=0.2
JS: STREAM t=0.00 street-2 prepared -> installing entities=9 prepMs=12.09 integMs=8.13 largestUnitMs=8.10 skater=(36.60,-18.51,-250.00) v=0.2
JS: STREAM t=0.00 street-2 installing -> active entities=9 prepMs=12.09 integMs=8.66 largestUnitMs=8.10 skater=(36.60,-18.54,-250.00) v=0.2
JS: STREAM t=0.00 street-3 installing -> active entities=11 prepMs=7.50 integMs=9.02 largestUnitMs=8.57 skater=(36.60,-18.54,-250.00) v=0.2
JS: RESIDENT [{"id":"street-0","state":"active","pins":[]},{"id":"street-1","state":"active","pins":[]},{"id":"street-2","state":"active","pins":[]},{"id":"street-3","state":"active","pins":[]},{"id":"street-4","state":"unloaded","pins":[]}]
JS: STREAM t=7.10 street-4 unloaded -> preparing entities=0 prepMs=0.00 integMs=0.00 largestUnitMs=0.00 skater=(36.60,-20.80,-272.57) v=6.2
JS: STREAM t=7.20 street-4 preparing -> installing entities=10 prepMs=17.08 integMs=9.37 largestUnitMs=9.37 skater=(36.60,-20.86,-273.20) v=6.3
JS: STREAM t=7.50 street-4 installing -> active entities=10 prepMs=17.08 integMs=10.07 largestUnitMs=9.37 skater=(36.60,-21.06,-275.11) v=6.5
JS: STREAM t=12.40 street-0 active -> unloading entities=11 prepMs=8.72 integMs=8.91 largestUnitMs=7.61 skater=(36.60,-25.12,-313.34) v=10.0
JS: STREAM t=12.70 street-0 unloading -> unloaded entities=11 prepMs=8.72 integMs=9.86 largestUnitMs=7.61 skater=(36.60,-25.34,-315.83) v=8.4
JS: RESIDENT [{"id":"street-0","state":"unloaded","pins":[]},{"id":"street-1","state":"active","pins":[]},{"id":"street-2","state":"active","pins":[]},{"id":"street-3","state":"active","pins":[]},{"id":"street-4","state":"active","pins":[]}]
JS: STREAM t=20.30 street-1 active -> unloading entities=9 prepMs=12.92 integMs=13.00 largestUnitMs=12.20 skater=(36.60,-33.77,-396.00) v=12.4
JS: STREAM t=20.50 street-1 unloading -> unloaded entities=9 prepMs=12.92 integMs=13.77 largestUnitMs=12.20 skater=(36.60,-34.03,-398.48) v=12.5
JS: RESIDENT [{"id":"street-0","state":"unloaded","pins":[]},{"id":"street-1","state":"unloaded","pins":[]},{"id":"street-2","state":"active","pins":[]},{"id":"street-3","state":"active","pins":[]},{"id":"street-4","state":"active","pins":[]}]
JS: FINISH Downhill Run speed=13.99
JS: RAGDOLL entered; hips inherited v=(0.06,0.06,-0.01) board v=(0.00,-1.40,-13.33)
JS: BAIL slammed at (36.60,-41.60,-470.46) v=1.48
JS: RESPAWN (36.60,-18.43,-250.00)
JS: STREAM t=27.00 street-0 unloaded -> preparing entities=11 prepMs=8.72 integMs=9.86 largestUnitMs=7.61 skater=(36.60,-18.36,-250.00) v=1.1
JS: STREAM t=27.00 street-1 unloaded -> preparing entities=9 prepMs=12.92 integMs=13.77 largestUnitMs=12.20 skater=(36.60,-18.36,-250.00) v=1.1
JS: STREAM t=27.10 street-0 preparing -> installing entities=11 prepMs=7.62 integMs=17.19 largestUnitMs=7.61 skater=(36.60,-18.40,-250.01) v=0.3
JS: STREAM t=27.10 street-1 preparing -> prepared entities=9 prepMs=10.33 integMs=13.77 largestUnitMs=12.20 skater=(36.60,-18.40,-250.01) v=0.3
JS: STREAM t=27.30 street-0 installing -> active entities=11 prepMs=7.62 integMs=20.41 largestUnitMs=7.61 skater=(36.60,-18.43,-250.07) v=0.4
JS: RESIDENT [{"id":"street-0","state":"active","pins":[]},{"id":"street-1","state":"installing","pins":[]},{"id":"street-2","state":"active","pins":[]},{"id":"street-3","state":"active","pins":[]},{"id":"street-4","state":"active","pins":[]}]
JS: STREAM t=27.50 street-1 prepared -> installing entities=9 prepMs=10.33 integMs=22.80 largestUnitMs=12.20 skater=(36.60,-18.44,-250.17) v=0.6
JS: STREAM t=27.70 street-1 installing -> active entities=9 prepMs=10.33 integMs=28.25 largestUnitMs=12.20 skater=(36.60,-18.46,-250.31) v=0.8
JS: RESIDENT [{"id":"street-0","state":"active","pins":[]},{"id":"street-1","state":"active","pins":[]},{"id":"street-2","state":"active","pins":[]},{"id":"street-3","state":"active","pins":[]},{"id":"street-4","state":"active","pins":[]}]
JS: STREAM t=39.30 street-0 active -> unloading entities=11 prepMs=7.62 integMs=21.02 largestUnitMs=7.61 skater=(36.60,-25.10,-313.73) v=8.3
JS: STREAM t=39.60 street-0 unloading -> unloaded entities=11 prepMs=7.62 integMs=21.59 largestUnitMs=7.61 skater=(36.60,-25.38,-316.22) v=8.5
JS: RESIDENT [{"id":"street-0","state":"unloaded","pins":[]},{"id":"street-1","state":"active","pins":[]},{"id":"street-2","state":"active","pins":[]},{"id":"street-3","state":"active","pins":[]},{"id":"street-4","state":"active","pins":[]}]
Renderer fragment texture units: 32 (material path uses 12)
World state: disk saves disabled for additive compositions
Project: Judas Three Games (/tmp/judas-repair-app-5pvnu30w/project/post_m65_consumers.judasproj)
Scene: Judas Skate Park (/tmp/judas-repair-app-5pvnu30w/project/Scenes/skate/park.judas)
World origin (m): 0.000, 0.000, 0.000
asset 97c3acdb99c5ffefb002c03ecec7a8ed: Optional extension ignored: KHR_materials_specular
