libEGL warning: Not allowed to force software rendering when API explicitly selects a hardware device.
Renderer fragment texture units: 32 (material path uses 12)
M31 resource stress: generating 24 sphere meshes (160x160) and 16 1024x1024 textures under /tmp/judas_m31_stress_16542
  137.5 MB of asset files
  7 workers, scene 'Tiny game' playing (3 dynamic bodies)
  async: all 40 assets Ready after 1.50 s; per-asset latency (request->Ready) min 322 ms avg 1096 ms max 1495 ms; 40 uploads; resident 268.1 MB (peak 268.1 MB)
  cancel: 20 loads cancelled by dropped demand, 10 stale completions discarded, 20 ready, 0 loading
  evict: budget 57.9 MB -> resident 115.8 MB before, 85.3 MB after, 4 evictions; referenced textures survived: yes
  reload: 4 evicted meshes re-requested and Ready again after 0.54 s
  blocking: all 40 assets loaded on the main thread in 3.93 s (one per frame)

Per-phase main-thread measurements (frame = pump + play frame + swap; 60 Hz fixed step):
  baseline (no loads)          frames  120 | frame avg  11.10 ms p99   9.84 ms max  525.98 ms (pump max   0.00 ms) | >33 ms:   1 | fixed steps    59 (expected ~   83, 1 saturated) | queue max  0 avg   0.0 | worker util   0.0% | jobs done 0
  async load (40 assets)       frames   32 | frame avg  45.30 ms p99 219.53 ms max  219.53 ms (pump max 212.32 ms) | >33 ms:  14 | fixed steps    83 (expected ~   90, 1 saturated) | queue max 33 avg  16.5 | worker util  84.9% | jobs done 40
  cancel + release             frames    1 | frame avg  41.50 ms p99  41.50 ms max   41.50 ms (pump max   0.09 ms) | >33 ms:   1 | fixed steps     0 (expected ~    3, 0 saturated) | queue max  3 avg   3.0 | worker util   0.8% | jobs done 0
  evict + reload               frames   21 | frame avg  25.54 ms p99  49.06 ms max   49.06 ms (pump max   6.17 ms) | >33 ms:   4 | fixed steps    36 (expected ~   34, 0 saturated) | queue max  4 avg   1.1 | worker util  89.2% | jobs done 11
  BLOCKING load (40 assets)    frames   40 | frame avg  97.69 ms p99 153.94 ms max  153.94 ms (pump max   0.00 ms) | >33 ms:  32 | fixed steps   223 (expected ~  236, 22 saturated) | queue max  0 avg   0.0 | worker util   0.0% | jobs done 0

Claim under test: expensive resource preparation no longer forces the main thread to wait for the whole operation.
  async  : worst frame  219.53 ms,  14 frames over 33 ms, 1 saturated catch-up frames, wall 1.50 s
  blocking: worst frame  153.94 ms,  32 frames over 33 ms, 22 saturated catch-up frames, wall 3.93 s
  (the work itself is not free: worker busy time during the async phase was 8.91 s across 7 workers)

shutdown clean (resources, workers, renderer, window in that order); temporary project removed
