[  0%] Built target judas_glad
[  0%] Building CXX object CMakeFiles/judas_engine.dir/src/PlayerController.cpp.o
[  0%] Building CXX object CMakeFiles/judas_engine.dir/src/StepClimb.cpp.o
[  0%] Building CXX object CMakeFiles/judas_engine.dir/src/DynamicBody.cpp.o
[  7%] Building CXX object CMakeFiles/judas_engine.dir/src/FlyingPrimitiveControl.cpp.o
[  7%] Building CXX object CMakeFiles/judas_engine.dir/src/PilotAttachment.cpp.o
[  7%] Building CXX object CMakeFiles/judas_engine.dir/src/PilotControl.cpp.o
[ 14%] Building CXX object CMakeFiles/judas_engine.dir/src/ObjectManipulation.cpp.o
[ 14%] Building CXX object CMakeFiles/judas_engine.dir/src/FluidWorld.cpp.o
[ 14%] Building CXX object CMakeFiles/judas_engine.dir/src/CombustionWorld.cpp.o
[ 14%] Building CXX object CMakeFiles/judas_engine.dir/src/Door.cpp.o
[ 14%] Building CXX object CMakeFiles/judas_engine.dir/src/CelestialGravity.cpp.o
[ 14%] Building CXX object CMakeFiles/judas_engine.dir/src/AerodynamicDrag.cpp.o
[ 14%] Building CXX object CMakeFiles/judas_engine.dir/src/WorldDebugView.cpp.o
[ 14%] Building CXX object CMakeFiles/judas_engine.dir/src/RuntimeWorld.cpp.o
[ 14%] Building CXX object CMakeFiles/judas_engine.dir/src/GameSession.cpp.o
[ 21%] Building CXX object CMakeFiles/judas_engine.dir/src/Simulation.cpp.o
[ 21%] Building CXX object CMakeFiles/judas_engine.dir/src/WorldPresentation.cpp.o
[ 21%] Building CXX object CMakeFiles/judas_engine.dir/src/GameplayHud.cpp.o
[ 21%] Building CXX object CMakeFiles/judas_engine.dir/src/InteractivePlay.cpp.o
[ 21%] Building CXX object CMakeFiles/judas_engine.dir/src/CoarseSimulation.cpp.o
[ 21%] Building CXX object CMakeFiles/judas_engine.dir/src/WorldState.cpp.o
[ 21%] Building CXX object CMakeFiles/judas_engine.dir/src/PhysicsWorld.cpp.o
[ 21%] Linking CXX static library libjudas_engine.a
[100%] Built target judas_engine
[100%] Building CXX object CMakeFiles/judas_project_tests.dir/tests/ProjectTests.cpp.o
[100%] Linking CXX executable judas_project_tests
[100%] Built target judas_project_tests
[  0%] Building CXX object CMakeFiles/judas_terrain_physics_tests.dir/src/PhysicsWorld.cpp.o
[  0%] Building CXX object CMakeFiles/judas_terrain_physics_tests.dir/src/PlayerController.cpp.o
[  0%] Building CXX object CMakeFiles/judas_terrain_physics_tests.dir/src/StepClimb.cpp.o
[  0%] Building CXX object CMakeFiles/judas_terrain_physics_tests.dir/tests/TerrainPhysicsTests.cpp.o
[  0%] Linking CXX executable judas_terrain_physics_tests
[100%] Built target judas_terrain_physics_tests
[ 25%] Building CXX object CMakeFiles/judas_terrain_fluid_tests.dir/src/FluidWorld.cpp.o
[ 25%] Building CXX object CMakeFiles/judas_terrain_fluid_tests.dir/src/PhysicsWorld.cpp.o
[ 50%] Building CXX object CMakeFiles/judas_terrain_fluid_tests.dir/tests/TerrainFluidTests.cpp.o
[ 50%] Linking CXX executable judas_terrain_fluid_tests
[100%] Built target judas_terrain_fluid_tests
