[  0%] Built target judas_glad
[  5%] Built target judas_quickjs
[ 17%] Built target judas_navigation_backend
[ 23%] Built target judas_audio_backend
[ 94%] Built target judas_engine
[ 94%] Building CXX object CMakeFiles/judas_liquid_surface_tests.dir/tests/LiquidSurfaceTests.cpp.o
[100%] Linking CXX executable judas_liquid_surface_tests
[100%] Built target judas_liquid_surface_tests
[ 12%] Built target judas_audio_backend
[ 12%] Built target judas_quickjs
[ 12%] Built target judas_glad
[ 25%] Built target judas_navigation_backend
[100%] Built target judas_engine
[100%] Building CXX object CMakeFiles/judas_liquid_surface_refill_tests.dir/tests/LiquidSurfaceRefillTests.cpp.o
[100%] Linking CXX executable judas_liquid_surface_refill_tests
[100%] Built target judas_liquid_surface_refill_tests
[  6%] Built target judas_glad
[  6%] Built target judas_quickjs
[ 12%] Built target judas_audio_backend
[ 25%] Built target judas_navigation_backend
[100%] Built target judas_engine
[100%] Linking CXX executable judas_liquid_tests
[100%] Built target judas_liquid_tests
[  0%] Built target judas_glad
[  6%] Built target judas_quickjs
[ 12%] Built target judas_audio_backend
[ 25%] Built target judas_navigation_backend
[100%] Built target judas_engine
[100%] Linking CXX executable judas_liquid_surface_application_tests
[100%] Built target judas_liquid_surface_application_tests
[  5%] Built target judas_audio_backend
[ 11%] Built target judas_quickjs
[ 11%] Built target judas_glad
[ 23%] Built target judas_navigation_backend
[ 94%] Built target judas_engine
[ 94%] Linking CXX executable judas_liquid_surface_loop_tests
[100%] Built target judas_liquid_surface_loop_tests
[  0%] Built target judas_glad
[ 12%] Built target judas_navigation_backend
[ 18%] Built target judas_quickjs
[ 25%] Built target judas_audio_backend
[100%] Built target judas_engine
[100%] Linking CXX executable judas
[100%] Built target judas
[  0%] Built target judas_glad
[  5%] Built target judas_quickjs
[ 11%] Built target judas_audio_backend
[ 23%] Built target judas_navigation_backend
[ 94%] Built target judas_engine
[ 94%] Linking CXX executable judas_export
[100%] Built target judas_export
