PASS ordinary M55 project and logical input map
PASS normal EngineHost/GL resources
PASS registered surface scene loads normally
PASS ordinary resource/world/session build
PASS baked resources and ordinary JS callbacks resolve without faults
PASS swimming-sized conserved spatial partition, no bulk particles
PASS ordinary prefab bucket starts dry
PASS JS drain changes owner and local allocation together
PASS JS refill restores quantity while preserving surface state
PASS normal query reports actual local occupied depth and separate gravity up
PASS generic momentum impulse disturbs existing water without creating volume
PASS waves persist and owner/parcel ledger stays conserved
M55 lab scoop step 0 volume 0.000873317636
M55 lab scoop step 10 volume 0.00977631658
M55 lab scoop step 20 volume 0.0186896059
M55 lab scoop step 30 volume 0.025088
M55 lab acquired 25.088000000 L ledger 2.84217094304e-14
PASS physical opening acquires real moving-surface water with paired ownership
PASS removed cup retains real conserved water
PASS pouring moves retained water through conserved parcels
PASS JS liquid response drives normal CharacterMotor under selected gravity
M55 lab fixed median 4.3692 p95 6.5589 max 7.3262 ms
M55 lab offscreen render 640x360 median 13.1921 p95 20.6648 max 37.9655 ms
M55 lab cells 384 faces 728 parcels 4 bodies 41 draws 101 solve 0.34636 ms iterations 3 residual 1.48079826747e-08 partition 0
M55 lab post-interaction last liquid 3.31230 containers 0.34843 storage 1.66133 solve 0.53272 loading 0.76983 ms; storage tets 6000 base 2717
M55 body 201 position -3.000 2.944 -3.000 speed 0.016 angular 0.000
M55 body 4030 position 1.077 2.182 -12.008 speed 0.007 angular 0.204
M55 lab 100 sample queries 0.038994 ms
M55 lab optical paths 1.100322 ms
M55 lab mesh 17421 vertices 0.904207 ms
PASS complete ledger closes within M54 floating-point tolerance
PASS continued interaction has no retained solve/script failures
PASS reload reconstructs surface state and rejects old handles
PASS Stop clears surfaces, containers and parcels
M55 application 20 checks 0 failures
