SOLVE n=64 V=1 dt=0.0166666675 outer=0 norm=4.35221620587e-06 target=1e-09 q=0.447756781..0.450066744 dry=0 full=0 pred=0
SOLVE n=64 V=1 dt=0.0166666675 outer=1 norm=7.54346759284e-10 target=1e-09 q=0.447756864..0.449896966 dry=0 full=0 pred=0
SOLVE n=64 V=0.1 dt=0.0166666675 outer=0 norm=2.65012929166e-11 target=1e-09 q=0.0694444444..0.0694445845 dry=0 full=0 pred=0
SOLVE n=64 V=0.1 dt=0.0166666675 outer=0 norm=2.65013771886e-11 target=1e-09 q=0.0694444444..0.0694445845 dry=0 full=0 pred=0
SOLVE n=384 V=160 dt=0.0166666675 outer=0 norm=1.63736436878e-12 target=1.6e-07 q=2.00000002..2.25 dry=48 full=0 pred=0
SOLVE n=64 V=1 dt=0.0166666675 outer=0 norm=7.75528326754e-06 target=1e-09 q=0.447756864..0.449896934 dry=0 full=0 pred=0.000227075692
SOLVE n=64 V=1 dt=0.0166666675 outer=1 norm=2.42248061211e-09 target=1e-09 q=0.447757274..0.449591687 dry=0 full=0 pred=0.000227075692
SOLVE n=64 V=1 dt=0.0166666675 outer=2 norm=5.26031780075e-12 target=1e-09 q=0.447757274..0.449591591 dry=0 full=0 pred=0.000227075692
SOLVE n=64 V=0.1 dt=0.0166666675 outer=0 norm=5.24466948507e-11 target=1e-09 q=0.0694444444..0.0694445833 dry=0 full=0 pred=7.91733889e-10
SOLVE n=64 V=0.1 dt=0.0166666675 outer=0 norm=5.2446722125e-11 target=1e-09 q=0.0694444444..0.0694445833 dry=0 full=0 pred=7.91735105e-10
SOLVE n=384 V=160 dt=0.0166666675 outer=0 norm=3.25269790712e-12 target=1.6e-07 q=2.00000002..2.25 dry=48 full=0 pred=9.78570734e-11
SOLVE n=64 V=1 dt=0.0166666675 outer=0 norm=1.00257060435e-05 target=1e-09 q=0.447757274..0.449591591 dry=0 full=0 pred=0.000408035734
SOLVE n=64 V=1 dt=0.0166666675 outer=1 norm=4.06474653812e-09 target=1e-09 q=0.447758498..0.449194575 dry=0 full=0 pred=0.000408035734
SOLVE n=64 V=1 dt=0.0166666675 outer=2 norm=8.83015000271e-12 target=1e-09 q=0.447758498..0.449194412 dry=0 full=0 pred=0.000408035734
SOLVE n=64 V=0.1 dt=0.0166666675 outer=0 norm=7.74037426447e-11 target=1e-09 q=0.0694444444..0.069444581 dry=0 full=0 pred=1.56685798e-09
SOLVE n=64 V=0.1 dt=0.0166666675 outer=0 norm=7.74038954825e-11 target=1e-09 q=0.0694444444..0.069444581 dry=0 full=0 pred=1.56686033e-09
SOLVE n=384 V=160 dt=0.0166666675 outer=0 norm=4.82873665197e-12 target=1.6e-07 q=2.00000002..2.25 dry=48 full=0 pred=1.94358638e-10
SOLVE n=64 V=1 dt=0.0166666675 outer=0 norm=1.10549413638e-05 target=1e-09 q=0.447758498..0.449194412 dry=0 full=0 pred=0.000530235093
SOLVE n=64 V=1 dt=0.0166666675 outer=1 norm=4.97008999499e-09 target=1e-09 q=0.447761316..0.448753143 dry=0 full=0 pred=0.000530235093
SOLVE n=64 V=1 dt=0.0166666675 outer=2 norm=1.08054399268e-11 target=1e-09 q=0.447761315..0.44875294 dry=0 full=0 pred=0.000530235093
SOLVE n=64 V=0.1 dt=0.0166666675 outer=0 norm=1.00962555428e-10 target=1e-09 q=0.0694444444..0.0694445775 dry=0 full=0 pred=2.31245883e-09
SOLVE n=64 V=0.1 dt=0.0166666675 outer=0 norm=1.00962726999e-10 target=1e-09 q=0.0694444444..0.0694445775 dry=0 full=0 pred=2.31246231e-09
SOLVE n=384 V=160 dt=0.0166666675 outer=0 norm=6.35402132054e-12 target=1.6e-07 q=2.00000002..2.25 dry=48 full=0 pred=2.88582881e-10
SOLVE n=64 V=1 dt=0.0166666675 outer=0 norm=1.08984725256e-05 target=1e-09 q=0.447761315..0.44875294 dry=0 full=0 pred=0.000588659847
SOLVE n=64 V=1 dt=0.0166666675 outer=1 norm=4.86682240591e-09 target=1e-09 q=0.447766813..0.448406081 dry=0 full=0 pred=0.000588659847
SOLVE n=64 V=1 dt=0.0166666675 outer=2 norm=1.05923004929e-11 target=1e-09 q=0.447766813..0.448406067 dry=0 full=0 pred=0.000588659847
SOLVE n=64 V=0.1 dt=0.0166666675 outer=0 norm=1.22743341596e-10 target=1e-09 q=0.0694444444..0.0694445731 dry=0 full=0 pred=3.01628316e-09
SOLVE n=64 V=0.1 dt=0.0166666675 outer=0 norm=1.22743517861e-10 target=1e-09 q=0.0694444444..0.0694445731 dry=0 full=0 pred=3.01628763e-09
SOLVE n=384 V=160 dt=0.0166666675 outer=0 norm=7.81370800911e-12 target=1.6e-07 q=2.00000002..2.25 dry=48 full=0 pred=3.79650453e-10
SOLVE n=64 V=1 dt=0.0166666675 outer=0 norm=9.76172100176e-06 target=1e-09 q=0.447766813..0.448406067 dry=0 full=0 pred=0.000585538302
SOLVE n=64 V=1 dt=0.0166666675 outer=1 norm=3.95656212415e-09 target=1e-09 q=0.447776333..0.448448521 dry=0 full=0 pred=0.000585538302
SOLVE n=64 V=1 dt=0.0166666675 outer=2 norm=8.59337280889e-12 target=1e-09 q=0.447776333..0.448448512 dry=0 full=0 pred=0.000585538302
SOLVE n=64 V=0.1 dt=0.0166666675 outer=0 norm=1.42404843742e-10 target=1e-09 q=0.0694444444..0.0694445676 dry=0 full=0 pred=3.66699042e-09
SOLVE n=64 V=0.1 dt=0.0166666675 outer=0 norm=1.42405104568e-10 target=1e-09 q=0.0694444444..0.0694445676 dry=0 full=0 pred=3.66699573e-09
SOLVE n=384 V=160 dt=0.0166666675 outer=0 norm=9.19141345032e-12 target=1.6e-07 q=2.00000002..2.25 dry=48 full=0 pred=4.66735768e-10
SOLVE n=64 V=1 dt=0.0166666675 outer=0 norm=7.93432371258e-06 target=1e-09 q=0.447776333..0.448448512 dry=0 full=0 pred=0.000529200338
SOLVE n=64 V=1 dt=0.0166666675 outer=1 norm=2.6903614529e-09 target=1e-09 q=0.447575476..0.448473251 dry=0 full=0 pred=0.000529200338
SOLVE n=64 V=1 dt=0.0166666675 outer=2 norm=5.91529411479e-12 target=1e-09 q=0.44757537..0.448473249 dry=0 full=0 pred=0.000529200338
SOLVE n=64 V=0.1 dt=0.0166666675 outer=0 norm=1.59650851404e-10 target=1e-09 q=0.0694444444..0.0694445613 dry=0 full=0 pred=4.25438351e-09
SOLVE n=64 V=0.1 dt=0.0166666675 outer=0 norm=1.59651082059e-10 target=1e-09 q=0.0694444445..0.0694445613 dry=0 full=0 pred=4.25438953e-09
SOLVE n=384 V=160 dt=0.0166666675 outer=0 norm=1.04777397043e-11 target=1.6e-07 q=2.00000002..2.25 dry=48 full=0 pred=5.4909064e-10
SOLVE n=64 V=1 dt=0.0166666675 outer=0 norm=5.6386408001e-06 target=1e-09 q=0.44757537..0.448473249 dry=0 full=0 pred=0.000432325232
SOLVE n=64 V=1 dt=0.0166666675 outer=1 norm=1.38868018559e-09 target=1e-09 q=0.44734984..0.448476586 dry=0 full=0 pred=0.000432325232
SOLVE n=64 V=1 dt=0.0166666675 outer=2 norm=3.02006064094e-12 target=1e-09 q=0.447349786..0.448476586 dry=0 full=0 pred=0.000432325232
SOLVE n=64 V=0.1 dt=0.0166666675 outer=0 norm=1.74235920012e-10 target=1e-09 q=0.0694444445..0.0694445542 dry=0 full=0 pred=4.76961207e-09
SOLVE n=64 V=0.1 dt=0.0166666675 outer=0 norm=1.74236196106e-10 target=1e-09 q=0.0694444445..0.0694445542 dry=0 full=0 pred=4.76961862e-09
SOLVE n=384 V=160 dt=0.0166666675 outer=0 norm=1.16670559727e-11 target=1.6e-07 q=2.00000002..2.25 dry=48 full=0 pred=6.26040611e-10
SOLVE n=64 V=1 dt=0.0166666675 outer=0 norm=4.54232866238e-06 target=1e-09 q=0.447349786..0.448476586 dry=0 full=0 pred=0.000310196041
SOLVE n=64 V=1 dt=0.0166666675 outer=1 norm=4.59097027661e-10 target=1e-09 q=0.447220561..0.448456994 dry=0 full=0 pred=0.000310196041
SOLVE n=64 V=0.1 dt=0.0166666675 outer=0 norm=1.85969856326e-10 target=1e-09 q=0.0694444445..0.0694445464 dry=0 full=0 pred=5.20534337e-09
SOLVE n=64 V=0.1 dt=0.0166666675 outer=0 norm=1.85970059618e-10 target=1e-09 q=0.0694444445..0.0694445464 dry=0 full=0 pred=5.20535026e-09
SOLVE n=384 V=160 dt=0.0166666675 outer=0 norm=1.27459708583e-11 target=1.6e-07 q=2.00000002..2.25 dry=48 full=0 pred=7.07120651e-10
SOLVE n=64 V=1 dt=0.0166666675 outer=0 norm=5.53924334487e-06 target=1e-09 q=0.447220541..0.448456994 dry=0 full=0 pred=0.000340504531
SOLVE n=64 V=1 dt=0.0166666675 outer=1 norm=6.84399865e-11 target=1e-09 q=0.447180291..0.448415072 dry=0 full=0 pred=0.000340504531
SOLVE n=64 V=0.1 dt=0.0166666675 outer=0 norm=1.9472112575e-10 target=1e-09 q=0.0694444445..0.0694445382 dry=0 full=0 pred=5.5558976e-09
SOLVE n=64 V=0.1 dt=0.0166666675 outer=0 norm=1.94721327274e-10 target=1e-09 q=0.0694444445..0.0694445382 dry=0 full=0 pred=5.55590462e-09
SOLVE n=384 V=160 dt=0.0166666675 outer=0 norm=1.37125607457e-11 target=1.6e-07 q=2.00000002..2.25 dry=48 full=0 pred=7.9259598e-10
SOLVE n=64 V=1 dt=0.0166666675 outer=0 norm=7.48129241949e-06 target=1e-09 q=0.447180289..0.448415064 dry=0 full=0 pred=0.000357660664
SOLVE n=64 V=1 dt=0.0166666675 outer=1 norm=8.84633768706e-11 target=1e-09 q=0.447221834..0.448353292 dry=0 full=0 pred=0.000357660664
SOLVE n=64 V=0.1 dt=0.0166666675 outer=0 norm=2.0041857853e-10 target=1e-09 q=0.0694444445..0.0694445295 dry=0 full=0 pred=5.8173444e-09
SOLVE n=64 V=0.1 dt=0.0166666675 outer=0 norm=2.0041885232e-10 target=1e-09 q=0.0694444446..0.0694445295 dry=0 full=0 pred=5.81735135e-09
SOLVE n=384 V=160 dt=0.0166666675 outer=0 norm=1.45584696783e-11 target=1.6e-07 q=2.00000002..2.25 dry=48 full=0 pred=8.76908447e-10
SOLVE n=64 V=1 dt=0.0166666675 outer=0 norm=8.65618018373e-06 target=1e-09 q=0.447221833..0.448353275 dry=0 full=0 pred=0.000355768088
SOLVE n=64 V=1 dt=0.0166666675 outer=1 norm=3.1519342927e-10 target=1e-09 q=0.447325576..0.448287087 dry=0 full=0 pred=0.000355768088
SOLVE n=64 V=0.1 dt=0.0166666675 outer=0 norm=2.03052140853e-10 target=1e-09 q=0.0694444446..0.0694445206 dry=0 full=0 pred=5.98755988e-09
SOLVE n=64 V=0.1 dt=0.0166666675 outer=0 norm=2.03052367738e-10 target=1e-09 q=0.0694444447..0.0694445206 dry=0 full=0 pred=5.9875657e-09
SOLVE n=384 V=160 dt=0.0166666675 outer=0 norm=1.52875911142e-11 target=1.6e-07 q=2.00000002..2.25 dry=48 full=0 pred=9.59797922e-10
SOLVE n=64 V=1 dt=0.0166666675 outer=0 norm=8.91761628609e-06 target=1e-09 q=0.447325564..0.448287087 dry=0 full=0 pred=0.000334562107
SOLVE n=64 V=1 dt=0.0166666675 outer=1 norm=5.5775783653e-10 target=1e-09 q=0.447468471..0.448307269 dry=0 full=0 pred=0.000334562107
SOLVE n=64 V=0.1 dt=0.0166666675 outer=0 norm=2.02671551458e-10 target=1e-09 q=0.0694444446..0.0694445116 dry=0 full=0 pred=6.06623872e-09
SOLVE n=64 V=0.1 dt=0.0166666675 outer=0 norm=2.02671805205e-10 target=1e-09 q=0.0694444448..0.0694445116 dry=0 full=0 pred=6.06624305e-09
SOLVE n=384 V=160 dt=0.0166666675 outer=0 norm=1.58937873824e-11 target=1.6e-07 q=2.00000002..2.25 dry=48 full=0 pred=1.04097083e-09
SOLVE n=64 V=1 dt=0.0166666675 outer=0 norm=8.31408081713e-06 target=1e-09 q=0.447468448..0.448307269 dry=0 full=0 pred=0.000295673422
SOLVE n=64 V=1 dt=0.0166666675 outer=1 norm=6.78215283068e-10 target=1e-09 q=0.447627069..0.448307463 dry=0 full=0 pred=0.000295673422
SOLVE n=64 V=0.1 dt=0.0166666675 outer=0 norm=1.99384500304e-10 target=1e-09 q=0.0694444447..0.0694445155 dry=0 full=0 pred=6.05486955e-09
SOLVE n=64 V=0.1 dt=0.0166666675 outer=0 norm=1.9938466308e-10 target=1e-09 q=0.069444445..0.0694445155 dry=0 full=0 pred=6.05487224e-09
SOLVE n=384 V=160 dt=0.0166666675 outer=0 norm=1.63807029075e-11 target=1.6e-07 q=2.00000002..2.25 dry=48 full=0 pred=1.12009889e-09
SOLVE n=64 V=1 dt=0.0166666675 outer=0 norm=6.98344660072e-06 target=1e-09 q=0.447627042..0.448307462 dry=0 full=0 pred=0.000242370881
SOLVE n=64 V=1 dt=0.0166666675 outer=1 norm=5.91493398112e-10 target=1e-09 q=0.447717653..0.448288214 dry=0 full=0 pred=0.000242370881
SOLVE n=64 V=0.1 dt=0.0166666675 outer=0 norm=1.93352799228e-10 target=1e-09 q=0.0694444449..0.0694445212 dry=0 full=0 pred=5.9566681e-09
SOLVE n=64 V=0.1 dt=0.0166666675 outer=0 norm=1.93353046716e-10 target=1e-09 q=0.0694444453..0.0694445212 dry=0 full=0 pred=5.95666909e-09
SOLVE n=384 V=160 dt=0.0166666675 outer=0 norm=1.674950661e-11 target=1.6e-07 q=2.00000002..2.25 dry=48 full=0 pred=1.19682749e-09
SOLVE n=64 V=1 dt=0.0166666675 outer=0 norm=5.1273739997e-06 target=1e-09 q=0.447717653..0.448288215 dry=0 full=0 pred=0.000238901649
SOLVE n=64 V=1 dt=0.0166666675 outer=1 norm=4.35126541283e-10 target=1e-09 q=0.447640088..0.44828037 dry=0 full=0 pred=0.000238901649
SOLVE n=64 V=0.1 dt=0.0166666675 outer=0 norm=1.84788209024e-10 target=1e-09 q=0.0694444451..0.0694445261 dry=0 full=0 pred=5.77647237e-09
SOLVE n=64 V=0.1 dt=0.0166666675 outer=0 norm=1.84788429806e-10 target=1e-09 q=0.0694444457..0.0694445261 dry=0 full=0 pred=5.77647327e-09
SOLVE n=384 V=160 dt=0.0166666675 outer=0 norm=1.70088607355e-11 target=1.6e-07 q=2.00000002..2.25 dry=48 full=0 pred=1.27077676e-09
SOLVE n=64 V=1 dt=0.0166666675 outer=0 norm=4.32696732127e-06 target=1e-09 q=0.447640088..0.44828037 dry=0 full=0 pred=0.00023607182
SOLVE n=64 V=1 dt=0.0166666675 outer=1 norm=2.3639950555e-10 target=1e-09 q=0.447594828..0.448340446 dry=0 full=0 pred=0.00023607182
SOLVE n=64 V=0.1 dt=0.0166666675 outer=0 norm=1.73946097817e-10 target=1e-09 q=0.0694444453..0.0694445301 dry=0 full=0 pred=5.52060314e-09
SOLVE n=64 V=0.1 dt=0.0166666675 outer=0 norm=1.73946279456e-10 target=1e-09 q=0.0694444462..0.0694445301 dry=0 full=0 pred=5.52060436e-09
SOLVE n=384 V=160 dt=0.0166666675 outer=0 norm=1.71646219037e-11 target=1.6e-07 q=2.00000002..2.25 dry=48 full=0 pred=1.34155499e-09
SOLVE n=64 V=1 dt=0.0166666675 outer=0 norm=3.83943020885e-06 target=1e-09 q=0.447594828..0.448340446 dry=0 full=0 pred=0.000220766431
SOLVE n=64 V=1 dt=0.0166666675 outer=1 norm=9.16714844374e-11 target=1e-09 q=0.447582625..0.448400652 dry=0 full=0 pred=0.000220766431
SOLVE n=64 V=0.1 dt=0.0166666675 outer=0 norm=1.61119425084e-10 target=1e-09 q=0.0694444456..0.0694445331 dry=0 full=0 pred=5.19669362e-09
SOLVE n=64 V=0.1 dt=0.0166666675 outer=0 norm=1.61119556407e-10 target=1e-09 q=0.0694444468..0.0694445331 dry=0 full=0 pred=5.19669527e-09
SOLVE n=384 V=160 dt=0.0166666675 outer=0 norm=1.72228453629e-11 target=1.6e-07 q=2.00000002..2.25 dry=48 full=0 pred=1.4087633e-09
SOLVE n=64 V=1 dt=0.0166666675 outer=0 norm=3.92728688571e-06 target=1e-09 q=0.447582626..0.448400653 dry=0 full=0 pred=0.000192851153
SOLVE n=64 V=1 dt=0.0166666675 outer=1 norm=1.05822840564e-10 target=1e-09 q=0.447601007..0.448449157 dry=0 full=0 pred=0.000192851153
SOLVE n=64 V=0.1 dt=0.0166666675 outer=0 norm=1.46630982572e-10 target=1e-09 q=0.0694444461..0.069444535 dry=0 full=0 pred=4.81349238e-09
SOLVE n=64 V=0.1 dt=0.0166666675 outer=0 norm=1.46631048639e-10 target=1e-09 q=0.0694444477..0.069444535 dry=0 full=0 pred=4.81349446e-09
SOLVE n=384 V=160 dt=0.0166666675 outer=0 norm=1.71933111643e-11 target=1.6e-07 q=2.00000002..2.25 dry=48 full=0 pred=1.47200802e-09
SOLVE n=64 V=1 dt=0.0166666675 outer=0 norm=3.82471683082e-06 target=1e-09 q=0.447601007..0.448449157 dry=0 full=0 pred=0.000153205288
SOLVE n=64 V=1 dt=0.0166666675 outer=1 norm=1.34186732202e-10 target=1e-09 q=0.44764492..0.448482979 dry=0 full=0 pred=0.000153205288
SOLVE n=64 V=0.1 dt=0.0166666675 outer=0 norm=1.30825758366e-10 target=1e-09 q=0.0694444466..0.0694445358 dry=0 full=0 pred=4.38064533e-09
SOLVE n=64 V=0.1 dt=0.0166666675 outer=0 norm=1.30825837862e-10 target=1e-09 q=0.0694444488..0.0694445358 dry=0 full=0 pred=4.3806478e-09
SOLVE n=384 V=160 dt=0.0166666675 outer=0 norm=1.70843721527e-11 target=1.6e-07 q=2.00000002..2.25 dry=48 full=0 pred=1.53090779e-09
SOLVE n=64 V=1 dt=0.0166666675 outer=0 norm=4.1603203858e-06 target=1e-09 q=0.44764492..0.448482979 dry=0 full=0 pred=0.000119977021
SOLVE n=64 V=1 dt=0.0166666675 outer=1 norm=1.52339840779e-10 target=1e-09 q=0.447638132..0.448499929 dry=0 full=0 pred=0.000119977021
SOLVE n=64 V=0.1 dt=0.0166666675 outer=0 norm=1.14075752916e-10 target=1e-09 q=0.0694444471..0.0694445354 dry=0 full=0 pred=4.18216369e-09
SOLVE n=64 V=0.1 dt=0.0166666675 outer=0 norm=1.1416723477e-10 target=1e-09 q=0.0694444497..0.0694445354 dry=0 full=0 pred=4.18206074e-09
SOLVE n=384 V=160 dt=0.0166666675 outer=0 norm=1.69074428815e-11 target=1.6e-07 q=2.00000002..2.25 dry=48 full=0 pred=1.58510387e-09
SOLVE n=64 V=1 dt=0.0166666675 outer=0 norm=4.88069717765e-06 target=1e-09 q=0.447638128..0.44849993 dry=0 full=0 pred=0.000145956368
SOLVE n=64 V=1 dt=0.0166666675 outer=1 norm=1.52903740984e-10 target=1e-09 q=0.447622752..0.448498792 dry=0 full=0 pred=0.000145956368
SOLVE n=64 V=0.1 dt=0.0166666675 outer=0 norm=1.15421478461e-10 target=1e-09 q=0.0694444445..0.0694445338 dry=0 full=0 pred=4.46261794e-09
SOLVE n=64 V=0.1 dt=0.0166666675 outer=0 norm=1.15556041351e-10 target=1e-09 q=0.0694444446..0.0694445338 dry=0 full=0 pred=4.46243638e-09
SOLVE n=384 V=160 dt=0.0166666675 outer=0 norm=1.66741956913e-11 target=1.6e-07 q=2.00000002..2.25 dry=48 full=0 pred=1.63735931e-09
SOLVE n=64 V=1 dt=0.0166666675 outer=0 norm=5.10021384123e-06 target=1e-09 q=0.44762275..0.448498793 dry=0 full=0 pred=0.000163523271
SOLVE n=64 V=1 dt=0.0166666675 outer=1 norm=1.81971079878e-10 target=1e-09 q=0.447617433..0.448479434 dry=0 full=0 pred=0.000163523271
SOLVE n=64 V=0.1 dt=0.0166666675 outer=0 norm=1.14643220818e-10 target=1e-09 q=0.0694444403..0.0694445311 dry=0 full=0 pred=4.70439306e-09
SOLVE n=64 V=0.1 dt=0.0166666675 outer=0 norm=1.14836669309e-10 target=1e-09 q=0.0694444403..0.0694445311 dry=0 full=0 pred=4.70408852e-09
SOLVE n=384 V=160 dt=0.0166666675 outer=0 norm=0.0020553668243 target=1.6e-07 q=2.00000002..2.25 dry=48 full=0 pred=1.70743626e-09
SOLVE n=384 V=160 dt=0.0166666675 outer=1 norm=9.52614873758e-09 target=1.6e-07 q=2.00000002..2.25 dry=48 full=0 pred=1.70743626e-09
SOLVE n=64 V=1 dt=0.0166666675 outer=0 norm=4.87983137356e-06 target=1e-09 q=0.447617433..0.448479435 dry=0 full=0 pred=0.00016995706
SOLVE n=64 V=1 dt=0.0166666675 outer=1 norm=2.03880886759e-10 target=1e-09 q=0.447619932..0.448442822 dry=0 full=0 pred=0.00016995706
SOLVE n=64 V=0.1 dt=0.0166666675 outer=0 norm=1.11615514078e-10 target=1e-09 q=0.0694444368..0.0694445273 dry=0 full=0 pred=4.90092833e-09
SOLVE n=64 V=0.1 dt=0.0166666675 outer=0 norm=1.11888360268e-10 target=1e-09 q=0.0694444368..0.0694445273 dry=0 full=0 pred=4.90043602e-09
SOLVE n=384 V=160 dt=0.0166666675 outer=0 norm=0.00677551181893 target=1.6e-07 q=2.00000002..2.37265297 dry=48 full=0 pred=0.0296709744
SOLVE n=384 V=160 dt=0.0166666675 outer=1 norm=1.29920019665e-06 target=1.6e-07 q=2.00000002..2.31336774 dry=48 full=0 pred=0.0296709744
SOLVE n=384 V=160 dt=0.0166666675 outer=2 norm=5.37552667701e-10 target=1.6e-07 q=2.00000002..2.31335629 dry=48 full=0 pred=0.0296709744
SOLVE n=64 V=1 dt=0.0166666675 outer=0 norm=4.31891651778e-06 target=1e-09 q=0.447619933..0.448442822 dry=0 full=0 pred=0.00016743008
SOLVE n=64 V=1 dt=0.0166666675 outer=1 norm=2.01675215193e-10 target=1e-09 q=0.447628024..0.448390952 dry=0 full=0 pred=0.00016743008
SOLVE n=64 V=0.1 dt=0.0166666675 outer=0 norm=1.27265489941e-10 target=1e-09 q=0.0694444341..0.0694445226 dry=0 full=0 pred=5.04655063e-09
SOLVE n=64 V=0.1 dt=0.0166666675 outer=0 norm=1.27246413773e-10 target=1e-09 q=0.0694444341..0.0694445226 dry=0 full=0 pred=5.04578008e-09
SOLVE n=384 V=160 dt=0.0166666675 outer=0 norm=0.0128328942485 target=1.6e-07 q=2.00000002..2.51560701 dry=48 full=0 pred=0.0954763975
SOLVE n=384 V=160 dt=0.0166666675 outer=1 norm=1.93402471261e-05 target=1.6e-07 q=2.00000002..2.40433361 dry=48 full=0 pred=0.0954763975
SOLVE n=384 V=160 dt=0.0166666675 outer=2 norm=7.73181684232e-09 target=1.6e-07 q=2.00000002..2.40416429 dry=48 full=0 pred=0.0954763975
SOLVE n=64 V=1 dt=0.0166666675 outer=0 norm=4.9215076643e-05 target=1e-09 q=0.447628023..0.464844619 dry=0 full=0 pred=0.000181923312
SOLVE n=64 V=1 dt=0.0166666675 outer=1 norm=1.90147750459e-10 target=1e-09 q=0.447627604..0.4632558 dry=0 full=0 pred=0.000181923312
SOLVE n=64 V=0.1 dt=0.0166666675 outer=0 norm=1.44539640805e-10 target=1e-09 q=0.0694444321..0.0694445169 dry=0 full=0 pred=5.13663953e-09
SOLVE n=64 V=0.1 dt=0.0166666675 outer=0 norm=1.44511192476e-10 target=1e-09 q=0.0694444321..0.0694445169 dry=0 full=0 pred=5.13546102e-09
SOLVE n=384 V=160 dt=0.0166666675 outer=0 norm=0.018008899157 target=1.6e-07 q=2.00000002..2.52206427 dry=48 full=0 pred=0.182998387
SOLVE n=384 V=160 dt=0.0166666675 outer=1 norm=0.00975929998297 target=1.6e-07 q=2.00000002..2.48720725 dry=48 full=0 pred=0.182998387
SOLVE n=384 V=160 dt=0.0166666675 outer=2 norm=2.69534836382e-05 target=1.6e-07 q=2.00000002..2.40298029 dry=48 full=0 pred=0.182998387
SOLVE n=384 V=160 dt=0.0166666675 outer=3 norm=1.04682310843e-08 target=1.6e-07 q=2.00000002..2.40274638 dry=48 full=0 pred=0.182998387
SOLVE n=64 V=1 dt=0.0166666675 outer=0 norm=0.000352962093587 target=1e-09 q=0.447627599..0.544598397 dry=0 full=0 pred=0.00186874045
SOLVE n=64 V=1 dt=0.0166666675 outer=1 norm=1.66953807454e-10 target=1e-09 q=0.447601356..0.533431724 dry=0 full=0 pred=0.00186874045
SOLVE n=64 V=0.1 dt=0.0166666675 outer=0 norm=1.58720338689e-10 target=1e-09 q=0.0694444308..0.0694445121 dry=0 full=0 pred=5.16776453e-09
SOLVE n=64 V=0.1 dt=0.0166666675 outer=0 norm=1.58678689455e-10 target=1e-09 q=0.0694444308..0.0694445121 dry=0 full=0 pred=5.16599924e-09
SOLVE n=384 V=160 dt=0.0166666675 outer=0 norm=0.0223279145436 target=1.6e-07 q=2.00000002..2.48950135 dry=48 full=0 pred=0.272498759
SOLVE n=384 V=160 dt=0.0166666675 outer=1 norm=0.0142043085786 target=1.6e-07 q=2.00000002..2.44623721 dry=48 full=0 pred=0.272498759
SOLVE n=384 V=160 dt=0.0166666675 outer=2 norm=0.000103129004531 target=1.6e-07 q=2.00000002..2.32529879 dry=48 full=0 pred=0.272498759
SOLVE n=384 V=160 dt=0.0166666675 outer=3 norm=5.59767220597e-09 target=1.6e-07 q=2.00000002..2.32440779 dry=48 full=0 pred=0.272498759
SOLVE n=64 V=1 dt=0.0166666675 outer=0 norm=0.000866440577277 target=1e-09 q=0.447601353..0.607227283 dry=0 full=0 pred=0.0127281079
SOLVE n=64 V=1 dt=0.0166666675 outer=1 norm=1.69926403282e-10 target=1e-09 q=0.447589031..0.580192053 dry=0 full=0 pred=0.0127281079
SOLVE n=64 V=0.1 dt=0.0166666675 outer=0 norm=1.69537755973e-10 target=1e-09 q=0.0694444302..0.069444516 dry=0 full=0 pred=5.13778985e-09
SOLVE n=64 V=0.1 dt=0.0166666675 outer=0 norm=1.69477748748e-10 target=1e-09 q=0.0694444302..0.0694445161 dry=0 full=0 pred=5.13519568e-09
SOLVE n=384 V=160 dt=0.0166666675 outer=0 norm=0.0246411299765 target=1.6e-07 q=2.00000002..2.40657014 dry=48 full=0 pred=0.339415457
SOLVE n=384 V=160 dt=0.0166666675 outer=1 norm=0.000470478476315 target=1.6e-07 q=2.00000002..2.25 dry=48 full=0 pred=0.339415457
SOLVE n=384 V=160 dt=0.0166666675 outer=2 norm=1.87460810435e-07 target=1.6e-07 q=2.00000002..2.25 dry=48 full=0 pred=0.339415457
SOLVE n=384 V=160 dt=0.0166666675 outer=3 norm=5.97908666848e-09 target=1.6e-07 q=2.00000002..2.25 dry=48 full=0 pred=0.339415457
SOLVE n=64 V=1 dt=0.0166666675 outer=0 norm=0.00135812856617 target=1e-09 q=0.44758903..0.624487245 dry=0 full=0 pred=0.0305657956
SOLVE n=64 V=1 dt=0.0166666675 outer=1 norm=0.000237850928612 target=1e-09 q=0.447590897..0.603762642 dry=0 full=0 pred=0.0305657956
SOLVE n=64 V=1 dt=0.0166666675 outer=2 norm=2.60879569332e-11 target=1e-09 q=0.447590897..0.596131129 dry=0 full=0 pred=0.0305657956
SOLVE n=64 V=0.1 dt=0.0166666675 outer=0 norm=1.76808397484e-10 target=1e-09 q=0.0694444302..0.0694445194 dry=0 full=0 pred=5.04594471e-09
SOLVE n=64 V=0.1 dt=0.0166666675 outer=0 norm=1.76723549789e-10 target=1e-09 q=0.0694444302..0.0694445196 dry=0 full=0 pred=5.04219909e-09
SOLVE n=384 V=160 dt=0.0166666675 outer=0 norm=0.024348136027 target=1.6e-07 q=2.00000002..2.25909808 dry=48 full=0 pred=0.372256342
SOLVE n=384 V=160 dt=0.0166666675 outer=1 norm=0.00067074838428 target=1.6e-07 q=2.00000002..2.25 dry=48 full=0 pred=0.372256342
SOLVE n=384 V=160 dt=0.0166666675 outer=2 norm=5.75595177525e-07 target=1.6e-07 q=2.00000002..2.25 dry=48 full=0 pred=0.372256342
SOLVE n=384 V=160 dt=0.0166666675 outer=3 norm=2.15452237119e-10 target=1.6e-07 q=2.00000002..2.25 dry=48 full=0 pred=0.372256342
SOLVE n=64 V=1 dt=0.0166666675 outer=0 norm=0.00169786690616 target=1e-09 q=0.447590896..0.604216325 dry=0 full=0 pred=0.0494237692
SOLVE n=64 V=1 dt=0.0166666675 outer=1 norm=5.58357965448e-09 target=1e-09 q=0.447606725..0.578181315 dry=0 full=0 pred=0.0494237692
SOLVE n=64 V=1 dt=0.0166666675 outer=2 norm=1.27084922447e-11 target=1e-09 q=0.447606724..0.578181314 dry=0 full=0 pred=0.0494237692
SOLVE n=64 V=0.1 dt=0.0166666675 outer=0 norm=1.80438654539e-10 target=1e-09 q=0.0694444308..0.0694445222 dry=0 full=0 pred=4.89285679e-09
SOLVE n=64 V=0.1 dt=0.0166666675 outer=0 norm=1.80320415312e-10 target=1e-09 q=0.0694444308..0.0694445224 dry=0 full=0 pred=4.88753651e-09
SOLVE n=384 V=160 dt=0.0166666675 outer=0 norm=0.0221273163939 target=1.6e-07 q=2.00000002..2.25 dry=48 full=0 pred=0.369949972
SOLVE n=384 V=160 dt=0.0166666675 outer=1 norm=0.000785695950883 target=1.6e-07 q=1.90070264..2.25 dry=48 full=0 pred=0.369949972
SOLVE n=384 V=160 dt=0.0166666675 outer=2 norm=1.15657508622e-06 target=1.6e-07 q=1.89311161..2.25 dry=48 full=0 pred=0.369949972
SOLVE n=384 V=160 dt=0.0166666675 outer=3 norm=4.50765897902e-10 target=1.6e-07 q=1.8931004..2.25 dry=48 full=0 pred=0.369949972
M55 lab ordinary cycle 0 press 0 pool 160 storage 0 wet 336/384 q 1.8931004..2.25 iterations 9 retries 0 residual 4.50765897902e-10 solve 0.396615 ms ledger 0 partition -2.84217094304e-14
SOLVE n=64 V=1 dt=0.0166666675 outer=0 norm=0.00189138831005 target=1e-09 q=0.447606724..0.578181314 dry=0 full=0 pred=0.0628348061
SOLVE n=64 V=1 dt=0.0166666675 outer=1 norm=4.50046251738e-06 target=1e-09 q=0.447636158..0.548997445 dry=0 full=0 pred=0.0628348061
SOLVE n=64 V=1 dt=0.0166666675 outer=2 norm=1.28719965659e-11 target=1e-09 q=0.447636155..0.548851857 dry=0 full=0 pred=0.0628348061
SOLVE n=64 V=0.1 dt=0.0166666675 outer=0 norm=1.80424517436e-10 target=1e-09 q=0.0694444319..0.0694445243 dry=0 full=0 pred=4.68054843e-09
SOLVE n=64 V=0.1 dt=0.0166666675 outer=0 norm=1.80262185454e-10 target=1e-09 q=0.0694444319..0.0694445245 dry=0 full=0 pred=4.67310596e-09
SOLVE n=384 V=140 dt=0.0166666675 outer=0 norm=0.0145485032208 target=1.4e-07 q=1.64548295..2.25 dry=48 full=0 pred=0.297445986
SOLVE n=384 V=140 dt=0.0166666675 outer=1 norm=5.18958804859e-08 target=1.4e-07 q=1.6170367..2.25 dry=48 full=0 pred=0.297445986
SOLVE n=64 V=1 dt=0.0166666675 outer=0 norm=0.00192887741143 target=1e-09 q=0.447636155..0.549005478 dry=0 full=0 pred=0.0694896236
SOLVE n=64 V=1 dt=0.0166666675 outer=1 norm=0.000535672061018 target=1e-09 q=0.447679267..0.519024849 dry=0 full=0 pred=0.0694896236
SOLVE n=64 V=1 dt=0.0166666675 outer=2 norm=5.68893691446e-11 target=1e-09 q=0.447679261..0.510888829 dry=0 full=0 pred=0.0694896236
SOLVE n=64 V=0.1 dt=0.0166666675 outer=0 norm=1.76850532388e-10 target=1e-09 q=0.0694444334..0.0694445256 dry=0 full=0 pred=4.41239495e-09
SOLVE n=64 V=0.1 dt=0.0166666675 outer=0 norm=1.7663053651e-10 target=1e-09 q=0.0694444334..0.0694445259 dry=0 full=0 pred=4.40213158e-09
SOLVE n=384 V=140 dt=0.0166666675 outer=0 norm=0.0111945154077 target=1.4e-07 q=1.6170367..2.25 dry=48 full=0 pred=0.250409088
SOLVE n=384 V=140 dt=0.0166666675 outer=1 norm=3.40688075291e-07 target=1.4e-07 q=1.59510794..2.25 dry=48 full=0 pred=0.250409088
SOLVE n=384 V=140 dt=0.0166666675 outer=2 norm=2.66914676841e-09 target=1.4e-07 q=1.59510794..2.25 dry=48 full=0 pred=0.250409088
PASS ordinary filled operation is conservative and solves
M55 lab drain cycle 0 press 1 pool 140 storage 20 wet 336/384 q 1.59510794..2.25 iterations 4 retries 0 residual 2.66914676841e-09 solve 0.387493 ms ledger 0 partition 5.68434188608e-14
SOLVE n=64 V=1 dt=0.0166666675 outer=0 norm=0.0017553481883 target=1e-09 q=0.447679261..0.510888829 dry=0 full=0 pred=0.0679557087
SOLVE n=64 V=1 dt=0.0166666675 outer=1 norm=1.60227325701e-07 target=1e-09 q=0.447737323..0.516927848 dry=0 full=0 pred=0.0679557087
SOLVE n=64 V=1 dt=0.0166666675 outer=2 norm=1.25954680713e-11 target=1e-09 q=0.447737312..0.516927842 dry=0 full=0 pred=0.0679557087
SOLVE n=64 V=0.1 dt=0.0166666675 outer=0 norm=1.69884813664e-10 target=1e-09 q=0.0694444351..0.0694445261 dry=0 full=0 pred=4.09304763e-09
SOLVE n=64 V=0.1 dt=0.0166666675 outer=0 norm=1.69590678622e-10 target=1e-09 q=0.0694444351..0.0694445265 dry=0 full=0 pred=4.07908283e-09
SOLVE n=384 V=120 dt=0.0166666675 outer=0 norm=0.00683166604676 target=1.2e-07 q=1.48509252..2.25 dry=48 full=0 pred=0.171212143
SOLVE n=384 V=120 dt=0.0166666675 outer=1 norm=5.19678794714e-07 target=1.2e-07 q=1.47166029..2.25 dry=48 full=0 pred=0.171212143
SOLVE n=384 V=120 dt=0.0166666675 outer=2 norm=3.44398835307e-09 target=1.2e-07 q=1.47166028..2.25 dry=48 full=0 pred=0.171212143
SOLVE n=64 V=1 dt=0.0166666675 outer=0 norm=0.00138796750363 target=1e-09 q=0.447737312..0.516927842 dry=0 full=0 pred=0.0594244538
SOLVE n=64 V=1 dt=0.0166666675 outer=1 norm=3.39671013482e-07 target=1e-09 q=0.40441325..0.516661088 dry=0 full=0 pred=0.0594244538
SOLVE n=64 V=1 dt=0.0166666675 outer=2 norm=2.7414335579e-11 target=1e-09 q=0.40441325..0.516661075 dry=0 full=0 pred=0.0594244538
SOLVE n=64 V=0.1 dt=0.0166666675 outer=0 norm=1.59773817701e-10 target=1e-09 q=0.0694444372..0.0694445257 dry=0 full=0 pred=4.04979681e-09
SOLVE n=64 V=0.1 dt=0.0166666675 outer=0 norm=1.59385167852e-10 target=1e-09 q=0.0694444372..0.0694445263 dry=0 full=0 pred=3.85084112e-09
SOLVE n=384 V=120 dt=0.0166666675 outer=0 norm=0.00407577588391 target=1.2e-07 q=1.47166029..2.25 dry=48 full=0 pred=0.128984481
SOLVE n=384 V=120 dt=0.0166666675 outer=1 norm=9.02398327602e-07 target=1.2e-07 q=1.46360067..2.25 dry=48 full=0 pred=0.128984481
SOLVE n=384 V=120 dt=0.0166666675 outer=2 norm=5.92337222696e-09 target=1.2e-07 q=1.46360067..2.25 dry=48 full=0 pred=0.128984481
M55 lab drain cycle 0 press 2 pool 120 storage 40 wet 336/384 q 1.46360067..2.25 iterations 4 retries 0 residual 5.92337222696e-09 solve 0.384232 ms ledger 0 partition 7.1054273576e-14
SOLVE n=64 V=1 dt=0.0166666675 outer=0 norm=0.000917601297518 target=1e-09 q=0.398562301..0.516661075 dry=0 full=0 pred=0.045006147
SOLVE n=64 V=1 dt=0.0166666675 outer=1 norm=6.14502566883e-07 target=1e-09 q=0.368090195..0.509759395 dry=0 full=0 pred=0.045006147
SOLVE n=64 V=1 dt=0.0166666675 outer=2 norm=4.97158380002e-11 target=1e-09 q=0.368090195..0.509759371 dry=0 full=0 pred=0.045006147
SOLVE n=64 V=0.1 dt=0.0166666675 outer=0 norm=1.46833295875e-10 target=1e-09 q=0.0694444393..0.0694445245 dry=0 full=0 pred=4.24285584e-09
SOLVE n=64 V=0.1 dt=0.0166666675 outer=0 norm=1.46325750335e-10 target=1e-09 q=0.0694444393..0.0694445253 dry=0 full=0 pred=3.99679423e-09
SOLVE n=384 V=100 dt=0.0166666675 outer=0 norm=0.0022576564294 target=1e-07 q=1.27946673..2.25 dry=48 full=0 pred=0.0717344401
SOLVE n=384 V=100 dt=0.0166666675 outer=1 norm=9.13791514315e-09 target=1e-07 q=1.28038875..2.25 dry=48 full=0 pred=0.0717344401
SOLVE n=64 V=1 dt=0.0166666675 outer=0 norm=0.000823710906139 target=1e-09 q=0.359218191..0.509759371 dry=0 full=0 pred=0.0352838264
SOLVE n=64 V=1 dt=0.0166666675 outer=1 norm=9.55792976332e-07 target=1e-09 q=0.344823916..0.496914994 dry=0 full=0 pred=0.0352838264
SOLVE n=64 V=1 dt=0.0166666675 outer=2 norm=7.55253359239e-11 target=1e-09 q=0.344823916..0.496914958 dry=0 full=0 pred=0.0352838264
SOLVE n=64 V=0.1 dt=0.0166666675 outer=0 norm=1.31439172179e-10 target=1e-09 q=0.0694444416..0.0694445225 dry=0 full=0 pred=4.40398844e-09
SOLVE n=64 V=0.1 dt=0.0166666675 outer=0 norm=1.39350166287e-10 target=1e-09 q=0.0694444416..0.0694445234 dry=0 full=0 pred=4.10266622e-09
SOLVE n=384 V=100 dt=0.0166666675 outer=0 norm=0.002605047066 target=1e-07 q=1.28038875..2.25 dry=48 full=0 pred=0.0663174429
SOLVE n=384 V=100 dt=0.0166666675 outer=1 norm=1.67948222119e-08 target=1e-07 q=1.28160867..2.25 dry=48 full=0 pred=0.0663174429
M55 lab drain cycle 0 press 3 pool 100 storage 60 wet 336/384 q 1.28160867..2.25 iterations 3 retries 0 residual 1.67948222119e-08 solve 0.328653 ms ledger 0 partition 9.94759830064e-14
SOLVE n=64 V=1 dt=0.0166666675 outer=0 norm=0.0011384880063 target=1e-09 q=0.334105525..0.496914958 dry=0 full=0 pred=0.0366164004
SOLVE n=64 V=1 dt=0.0166666675 outer=1 norm=1.28201288028e-06 target=1e-09 q=0.33500833..0.490024662 dry=0 full=0 pred=0.0366164004
SOLVE n=64 V=1 dt=0.0166666675 outer=2 norm=9.65287755618e-11 target=1e-09 q=0.33500833..0.490023142 dry=0 full=0 pred=0.0366164004
SOLVE n=64 V=0.1 dt=0.0166666675 outer=0 norm=1.14016126067e-10 target=1e-09 q=0.0694444371..0.0694445196 dry=0 full=0 pred=4.52863736e-09
SOLVE n=64 V=0.1 dt=0.0166666675 outer=0 norm=1.39694870492e-10 target=1e-09 q=0.0694444372..0.0694445208 dry=0 full=0 pred=4.16312632e-09
SOLVE n=384 V=80 dt=0.0166666675 outer=0 norm=0.00241331347346 target=8e-08 q=1.04028694..2.25 dry=48 full=0 pred=0.0571551509
SOLVE n=384 V=80 dt=0.0166666675 outer=1 norm=4.23073576236e-08 target=8e-08 q=1.04158854..2.25 dry=48 full=0 pred=0.0571551509
SOLVE n=64 V=1 dt=0.0166666675 outer=0 norm=0.00131631302478 target=1e-09 q=0.323132063..0.490023142 dry=0 full=0 pred=0.035202359
SOLVE n=64 V=1 dt=0.0166666675 outer=1 norm=1.47866816631e-06 target=1e-09 q=0.337026618..0.493158825 dry=0 full=0 pred=0.035202359
SOLVE n=64 V=1 dt=0.0166666675 outer=2 norm=8.04804627076e-11 target=1e-09 q=0.337026615..0.493157078 dry=0 full=0 pred=0.035202359
SOLVE n=64 V=0.1 dt=0.0166666675 outer=0 norm=1.08297028685e-10 target=1e-09 q=0.0694444321..0.0694445183 dry=0 full=0 pred=4.61277994e-09
SOLVE n=64 V=0.1 dt=0.0166666675 outer=0 norm=1.38225910704e-10 target=1e-09 q=0.0694444322..0.0694445221 dry=0 full=0 pred=4.17342402e-09
SOLVE n=384 V=80 dt=0.0166666675 outer=0 norm=0.00269476954876 target=8e-08 q=1.04158854..2.25 dry=48 full=0 pred=0.0631573392
SOLVE n=384 V=80 dt=0.0166666675 outer=1 norm=6.9174705741e-08 target=8e-08 q=1.04320667..2.25 dry=48 full=0 pred=0.0631573392
M55 lab drain cycle 0 press 4 pool 80 storage 80 wet 336/384 q 1.04320667..2.25 iterations 3 retries 0 residual 6.9174705741e-08 solve 0.351703 ms ledger 0 partition 4.26325641456e-14
SOLVE n=64 V=1 dt=0.0166666675 outer=0 norm=0.00134645268158 target=1e-09 q=0.324296709..0.493157078 dry=0 full=0 pred=0.0310720844
SOLVE n=64 V=1 dt=0.0166666675 outer=1 norm=1.44744293409e-06 target=1e-09 q=0.348012077..0.494009614 dry=0 full=0 pred=0.0310720844
SOLVE n=64 V=1 dt=0.0166666675 outer=2 norm=7.51548771201e-11 target=1e-09 q=0.348012075..0.494007917 dry=0 full=0 pred=0.0310720844
SOLVE n=64 V=0.1 dt=0.0166666675 outer=0 norm=1.12556415885e-10 target=1e-09 q=0.0694444278..0.069444519 dry=0 full=0 pred=4.65305115e-09
SOLVE n=64 V=0.1 dt=0.0166666675 outer=0 norm=1.34837633918e-10 target=1e-09 q=0.069444428..0.0694445283 dry=0 full=0 pred=4.12953753e-09
SOLVE n=384 V=60 dt=0.0166666675 outer=0 norm=0.00249465037127 target=6e-08 q=0.801155007..2.25 dry=48 full=0 pred=0.0514910953
SOLVE n=384 V=60 dt=0.0166666675 outer=1 norm=8.80909542391e-08 target=6e-08 q=0.802678251..2.25 dry=48 full=0 pred=0.0514910953
SOLVE n=384 V=60 dt=0.0166666675 outer=2 norm=6.40940780268e-11 target=6e-08 q=0.802678251..2.25 dry=48 full=0 pred=0.0514910953
SOLVE n=64 V=1 dt=0.0166666675 outer=0 norm=0.00123996385858 target=1e-09 q=0.334465471..0.494007917 dry=0 full=0 pred=0.0342463406
SOLVE n=64 V=1 dt=0.0166666675 outer=1 norm=1.16310608282e-06 target=1e-09 q=0.364596845..0.497496499 dry=0 full=0 pred=0.0342463406
SOLVE n=64 V=1 dt=0.0166666675 outer=2 norm=7.72151425376e-11 target=1e-09 q=0.364596845..0.497453078 dry=0 full=0 pred=0.0342463406
SOLVE n=64 V=0.1 dt=0.0166666675 outer=0 norm=1.24623311989e-10 target=1e-09 q=0.0694444245..0.0694445224 dry=0 full=0 pred=4.64685348e-09
SOLVE n=64 V=0.1 dt=0.0166666675 outer=0 norm=1.29457467392e-10 target=1e-09 q=0.0694444248..0.0694445343 dry=0 full=0 pred=4.02831152e-09
SOLVE n=384 V=60 dt=0.0166666675 outer=0 norm=0.00299994703006 target=6e-08 q=0.802678251..2.25 dry=48 full=0 pred=0.0574079678
SOLVE n=384 V=60 dt=0.0166666675 outer=1 norm=1.33751373807e-07 target=6e-08 q=0.804503151..2.25 dry=48 full=0 pred=0.0574079678
SOLVE n=384 V=60 dt=0.0166666675 outer=2 norm=9.73638727964e-11 target=6e-08 q=0.804503151..2.25 dry=48 full=0 pred=0.0574079678
M55 lab drain cycle 0 press 5 pool 60 storage 100 wet 336/384 q 0.804503151..2.25 iterations 4 retries 0 residual 9.73638727964e-11 solve 0.402192 ms ledger 0 partition 7.1054273576e-14
SOLVE n=64 V=1 dt=0.0166666675 outer=0 norm=0.00103929424989 target=1e-09 q=0.350123267..0.497453076 dry=0 full=0 pred=0.0402034833
SOLVE n=64 V=1 dt=0.0166666675 outer=1 norm=7.67387152764e-07 target=1e-09 q=0.383513123..0.502755835 dry=0 full=0 pred=0.0402034833
SOLVE n=64 V=1 dt=0.0166666675 outer=2 norm=5.72203887733e-11 target=1e-09 q=0.383513123..0.502729755 dry=0 full=0 pred=0.0402034833
SOLVE n=64 V=0.1 dt=0.0166666675 outer=0 norm=1.3419943012e-10 target=1e-09 q=0.0694444221..0.0694445267 dry=0 full=0 pred=4.59245056e-09
SOLVE n=64 V=0.1 dt=0.0166666675 outer=0 norm=1.22360280006e-10 target=1e-09 q=0.0694444224..0.06944454 dry=0 full=0 pred=3.86757836e-09
SOLVE n=384 V=40 dt=0.0166666675 outer=0 norm=0.00219740007247 target=4e-08 q=0.561335443..2.25 dry=48 full=0 pred=0.0420165033
SOLVE n=384 V=40 dt=0.0166666675 outer=1 norm=1.41168790582e-07 target=4e-08 q=0.562812618..2.25 dry=48 full=0 pred=0.0420165033
SOLVE n=384 V=40 dt=0.0166666675 outer=2 norm=1.08485986931e-10 target=4e-08 q=0.562812618..2.25 dry=48 full=0 pred=0.0420165033
SOLVE n=64 V=1 dt=0.0166666675 outer=0 norm=0.00104729412287 target=1e-09 q=0.367965915..0.502729753 dry=0 full=0 pred=0.0423708537
SOLVE n=64 V=1 dt=0.0166666675 outer=1 norm=8.58890806357e-07 target=1e-09 q=0.395258686..0.505826729 dry=0 full=0 pred=0.0423708537
SOLVE n=64 V=1 dt=0.0166666675 outer=2 norm=7.47531490918e-11 target=1e-09 q=0.395258677..0.505817732 dry=0 full=0 pred=0.0423708537
SOLVE n=64 V=0.1 dt=0.0166666675 outer=0 norm=1.41037014645e-10 target=1e-09 q=0.0694444206..0.0694445305 dry=0 full=0 pred=4.48904177e-09
SOLVE n=64 V=0.1 dt=0.0166666675 outer=0 norm=1.27546233297e-10 target=1e-09 q=0.069444421..0.0694445454 dry=0 full=0 pred=3.64626041e-09
SOLVE n=384 V=40 dt=0.0166666675 outer=0 norm=0.00237623189325 target=4e-08 q=0.562812618..2.25 dry=48 full=0 pred=0.0475818576
SOLVE n=384 V=40 dt=0.0166666675 outer=1 norm=2.05121339712e-07 target=4e-08 q=0.564544841..2.25 dry=48 full=0 pred=0.0475818576
SOLVE n=384 V=40 dt=0.0166666675 outer=2 norm=1.59113327955e-10 target=4e-08 q=0.564544841..2.25 dry=48 full=0 pred=0.0475818576
M55 lab drain cycle 0 press 6 pool 40 storage 120 wet 336/384 q 0.564544841..2.25 iterations 4 retries 0 residual 1.59113327955e-10 solve 0.353271 ms ledger 0 partition 4.97379915032e-14
SOLVE n=64 V=1 dt=0.0166666675 outer=0 norm=0.000997164487035 target=1e-09 q=0.385281277..0.50581773 dry=0 full=0 pred=0.0415261132
SOLVE n=64 V=1 dt=0.0166666675 outer=1 norm=8.36692603625e-07 target=1e-09 q=0.389031132..0.506142971 dry=0 full=0 pred=0.0415261132
SOLVE n=64 V=1 dt=0.0166666675 outer=2 norm=6.47853113929e-11 target=1e-09 q=0.389031132..0.506142652 dry=0 full=0 pred=0.0415261132
SOLVE n=64 V=0.1 dt=0.0166666675 outer=0 norm=1.44953200745e-10 target=1e-09 q=0.06944442..0.0694445338 dry=0 full=0 pred=4.33681184e-09
SOLVE n=64 V=0.1 dt=0.0166666675 outer=0 norm=1.29708021299e-10 target=1e-09 q=0.0694444206..0.0694445505 dry=0 full=0 pred=3.364451e-09
SOLVE n=384 V=20 dt=0.0166666675 outer=0 norm=0.0012239789962 target=2e-08 q=0.319772434..2.25 dry=48 full=0 pred=0.0278844024
SOLVE n=384 V=20 dt=0.0166666675 outer=1 norm=1.64737399438e-07 target=2e-08 q=0.320815976..2.25 dry=48 full=0 pred=0.0278844024
SOLVE n=384 V=20 dt=0.0166666675 outer=2 norm=1.33058078715e-10 target=2e-08 q=0.320815976..2.25 dry=48 full=0 pred=0.0278844024
SOLVE n=64 V=1 dt=0.0166666675 outer=0 norm=0.000910196438263 target=1e-09 q=0.389031131..0.506142651 dry=0 full=0 pred=0.0385558767
SOLVE n=64 V=1 dt=0.0166666675 outer=1 norm=6.87141151574e-07 target=1e-09 q=0.387501307..0.503315769 dry=0 full=0 pred=0.0385558767
SOLVE n=64 V=1 dt=0.0166666675 outer=2 norm=5.5570752752e-11 target=1e-09 q=0.3875013..0.503308251 dry=0 full=0 pred=0.0385558767
SOLVE n=64 V=0.1 dt=0.0166666675 outer=0 norm=1.45835684211e-10 target=1e-09 q=0.0694444203..0.0694445366 dry=0 full=0 pred=4.13696154e-09
SOLVE n=64 V=0.1 dt=0.0166666675 outer=0 norm=1.28749091311e-10 target=1e-09 q=0.069444421..0.069444555 dry=0 full=0 pred=3.02346859e-09
SOLVE n=384 V=20 dt=0.0166666675 outer=0 norm=0.00125676357328 target=2e-08 q=0.320815976..2.25 dry=48 full=0 pred=0.0324127921
SOLVE n=384 V=20 dt=0.0166666675 outer=1 norm=2.42054905946e-07 target=2e-08 q=0.322034413..2.25 dry=48 full=0 pred=0.0324127921
SOLVE n=384 V=20 dt=0.0166666675 outer=2 norm=1.97495609005e-10 target=2e-08 q=0.322034413..2.25 dry=48 full=0 pred=0.0324127921
M55 lab drain cycle 0 press 7 pool 20 storage 140 wet 336/384 q 0.322034413..2.25 iterations 4 retries 0 residual 1.97495609005e-10 solve 0.359868 ms ledger 0 partition 7.46069872548e-14
SOLVE n=64 V=1 dt=0.0166666675 outer=0 norm=0.000803689233411 target=1e-09 q=0.387501299..0.50330825 dry=0 full=0 pred=0.0342179225
SOLVE n=64 V=1 dt=0.0166666675 outer=1 norm=9.39163373335e-07 target=1e-09 q=0.390249875..0.497179097 dry=0 full=0 pred=0.0342179225
SOLVE n=64 V=1 dt=0.0166666675 outer=2 norm=5.66012069832e-11 target=1e-09 q=0.390249841..0.497144086 dry=0 full=0 pred=0.0342179225
SOLVE n=64 V=0.1 dt=0.0166666675 outer=0 norm=1.43646369852e-10 target=1e-09 q=0.0694444214..0.0694445387 dry=0 full=0 pred=3.8917073e-09
SOLVE n=64 V=0.1 dt=0.0166666675 outer=0 norm=1.2465194926e-10 target=1e-09 q=0.0694444222..0.0694445589 dry=0 full=0 pred=2.62588379e-09
SOLVE n=384 V=5.5744092068e-14 dt=0.0166666675 outer=0 norm=4.57001877737e-12 target=1e-09 q=3.77448931e-08..2.25 dry=48 full=0 pred=8.80609376e-17
SOLVE n=64 V=1 dt=0.0166666675 outer=0 norm=0.000696327755195 target=1e-09 q=0.390249841..0.497144085 dry=0 full=0 pred=0.0312365557
SOLVE n=64 V=1 dt=0.0166666675 outer=1 norm=2.17576877845e-06 target=1e-09 q=0.396513789..0.49641296 dry=0 full=0 pred=0.0312365557
SOLVE n=64 V=1 dt=0.0166666675 outer=2 norm=1.68978980006e-10 target=1e-09 q=0.396513714..0.496405601 dry=0 full=0 pred=0.0312365557
SOLVE n=64 V=0.1 dt=0.0166666675 outer=0 norm=1.38423522594e-10 target=1e-09 q=0.0694444232..0.0694445402 dry=0 full=0 pred=3.7977042e-09
SOLVE n=64 V=0.1 dt=0.0166666675 outer=0 norm=1.17479244903e-10 target=1e-09 q=0.0694444242..0.0694445621 dry=0 full=0 pred=2.17551765e-09
SOLVE n=384 V=5.5744092068e-14 dt=0.0166666675 outer=0 norm=4.44837680162e-12 target=1e-09 q=3.77838369e-08..2.25 dry=51 full=0 pred=1.57548949e-14
M55 lab drain cycle 0 press 8 pool 0 storage 160 wet 0/384 q 3.78225398e-08..2.25 iterations 0 retries 0 residual 4.44837680162e-12 solve 0.221575 ms ledger 0 partition 5.5744092068e-14
SOLVE n=64 V=1 dt=0.0166666675 outer=0 norm=0.000604291306923 target=1e-09 q=0.396513714..0.496405601 dry=0 full=0 pred=0.0369069787
SOLVE n=64 V=1 dt=0.0166666675 outer=1 norm=3.70205220152e-06 target=1e-09 q=0.405306144..0.497161708 dry=0 full=0 pred=0.0369069787
SOLVE n=64 V=1 dt=0.0166666675 outer=2 norm=5.15049451385e-10 target=1e-09 q=0.405306018..0.497160068 dry=0 full=0 pred=0.0369069787
SOLVE n=64 V=0.1 dt=0.0166666675 outer=0 norm=1.30281217492e-10 target=1e-09 q=0.0694444257..0.069444541 dry=0 full=0 pred=3.95231155e-09
SOLVE n=64 V=0.1 dt=0.0166666675 outer=0 norm=1.07374121942e-10 target=1e-09 q=0.069444427..0.0694445646 dry=0 full=0 pred=1.83233424e-09
SOLVE n=384 V=1.3624999868 dt=0.0166666675 outer=0 norm=0.0637915008627 target=1.3624999868e-09 q=3.78225398e-08..2.8 dry=54 full=1 pred=1.49256899e-14
SOLVE n=384 V=1.3624999868 dt=0.0166666675 outer=1 norm=0.0259214199054 target=1.3624999868e-09 q=3.78249332e-08..2.6285481 dry=183 full=0 pred=1.49256899e-14
SOLVE n=384 V=1.3624999868 dt=0.0166666675 outer=2 norm=0.0251113755334 target=1.3624999868e-09 q=3.78260623e-08..2.63222643 dry=180 full=0 pred=1.49256899e-14
SOLVE n=384 V=1.3624999868 dt=0.0166666675 outer=3 norm=0.0125556877667 target=1.3624999868e-09 q=3.78435611e-08..2.65863633 dry=181 full=0 pred=1.49256899e-14
SOLVE n=384 V=1.3624999868 dt=0.0166666675 outer=4 norm=0.000155354707539 target=1.3624999868e-09 q=3.7861019e-08..2.68287796 dry=182 full=0 pred=1.49256899e-14
SOLVE n=384 V=1.3624999868 dt=0.0166666675 outer=5 norm=2.83051815904e-06 target=1.3624999868e-09 q=3.78610055e-08..2.68287019 dry=185 full=0 pred=1.49256899e-14
SOLVE n=384 V=1.3624999868 dt=0.0166666675 outer=6 norm=7.07628961447e-07 target=1.3624999868e-09 q=3.78610055e-08..2.68287017 dry=185 full=0 pred=1.49256899e-14
SOLVE n=384 V=1.3624999868 dt=0.0166666675 outer=7 norm=1.76905412925e-07 target=1.3624999868e-09 q=3.78610055e-08..2.68287017 dry=188 full=0 pred=1.49256899e-14
SOLVE n=384 V=1.3624999868 dt=0.0166666675 outer=8 norm=4.42231803984e-08 target=1.3624999868e-09 q=3.78610055e-08..2.68287017 dry=190 full=0 pred=1.49256899e-14
SOLVE n=384 V=1.3624999868 dt=0.0166666675 outer=9 norm=1.10500290343e-08 target=1.3624999868e-09 q=3.78610055e-08..2.68287017 dry=191 full=0 pred=1.49256899e-14
SOLVE n=384 V=1.3624999868 dt=0.0166666675 outer=10 norm=2.75326779813e-09 target=1.3624999868e-09 q=3.78610055e-08..2.68287017 dry=192 full=0 pred=1.49256899e-14
SOLVE n=384 V=1.3624999868 dt=0.0166666675 outer=11 norm=6.80533659174e-10 target=1.3624999868e-09 q=3.78610055e-08..2.68287017 dry=194 full=0 pred=1.49256899e-14
PASS large pool substantially drains through authored Z action
M55 lab refill cycle 0 press 1 pool 1.3624999868 storage 158.637500013 wet 4/384 q 3.78610056e-08..2.68287017 iterations 24 retries 0 residual 6.80533659174e-10 solve 0.648022 ms ledger 0 partition 5.52891066263e-14
SOLVE n=64 V=1 dt=0.0166666675 outer=0 norm=0.000643003478869 target=1e-09 q=0.405306018..0.497160068 dry=0 full=0 pred=0.0406027683
SOLVE n=64 V=1 dt=0.0166666675 outer=1 norm=5.18890735626e-06 target=1e-09 q=0.415550061..0.495677097 dry=0 full=0 pred=0.0406027683
SOLVE n=64 V=1 dt=0.0166666675 outer=2 norm=1.0767084411e-09 target=1e-09 q=0.415549887..0.495673496 dry=0 full=0 pred=0.0406027683
SOLVE n=64 V=1 dt=0.0166666675 outer=3 norm=8.30479926365e-11 target=1e-09 q=0.415549887..0.495673496 dry=0 full=0 pred=0.0406027683
SOLVE n=64 V=0.1 dt=0.0166666675 outer=0 norm=1.19407391687e-10 target=1e-09 q=0.0694444288..0.0694445409 dry=0 full=0 pred=4.0808382e-09
SOLVE n=64 V=0.1 dt=0.0166666675 outer=0 norm=9.45577974898e-11 target=1e-09 q=0.0694444303..0.0694445663 dry=0 full=0 pred=2.07010793e-09
SOLVE n=384 V=1.3624999868 dt=0.0166666675 outer=0 norm=0.114349970098 target=1.3624999868e-09 q=3.78610056e-08..2.68287017 dry=56 full=0 pred=1.28249803
SOLVE n=384 V=1.3624999868 dt=0.0166666675 outer=1 norm=0.0712102641079 target=1.3624999868e-09 q=3.79337536e-08..2.46809112 dry=164 full=0 pred=1.28249803
SOLVE n=384 V=1.3624999868 dt=0.0166666675 outer=2 norm=0.00937074436524 target=1.3624999868e-09 q=3.79111004e-08..2.46720383 dry=165 full=0 pred=1.28249803
SOLVE n=384 V=1.3624999868 dt=0.0166666675 outer=3 norm=0.00233876695459 target=1.3624999868e-09 q=3.79051709e-08..2.46720337 dry=166 full=0 pred=1.28249803
SOLVE n=384 V=1.3624999868 dt=0.0166666675 outer=4 norm=0.000580792216529 target=1.3624999868e-09 q=3.79022306e-08..2.46720314 dry=166 full=0 pred=1.28249803
SOLVE n=384 V=1.3624999868 dt=0.0166666675 outer=5 norm=0.000141375694808 target=1.3624999868e-09 q=3.79007924e-08..2.46720302 dry=167 full=0 pred=1.28249803
SOLVE n=384 V=1.3624999868 dt=0.0166666675 outer=6 norm=3.18106642444e-05 target=1.3624999868e-09 q=3.79001325e-08..2.46720297 dry=167 full=0 pred=1.28249803
SOLVE n=384 V=1.3624999868 dt=0.0166666675 outer=7 norm=5.32437507531e-06 target=1.3624999868e-09 q=3.78998925e-08..2.46720295 dry=167 full=0 pred=1.28249803
SOLVE n=384 V=1.3624999868 dt=0.0166666675 outer=8 norm=1.24512324747e-06 target=1.3624999868e-09 q=3.78998495e-08..2.46720295 dry=168 full=0 pred=1.28249803
SOLVE n=384 V=1.3624999868 dt=0.0166666675 outer=9 norm=3.11280282357e-07 target=1.3624999868e-09 q=3.7899848e-08..2.46720295 dry=172 full=0 pred=1.28249803
SOLVE n=384 V=1.3624999868 dt=0.0166666675 outer=10 norm=7.78187134987e-08 target=1.3624999868e-09 q=3.7899848e-08..2.46720295 dry=175 full=0 pred=1.28249803
SOLVE n=384 V=1.3624999868 dt=0.0166666675 outer=11 norm=1.9452412919e-08 target=1.3624999868e-09 q=3.7899848e-08..2.46720295 dry=175 full=0 pred=1.28249803
SOLVE n=384 V=1.3624999868 dt=0.00833333377 outer=0 norm=0.0432286572672 target=1.3624999868e-09 q=3.78610056e-08..2.68287017 dry=56 full=0 pred=1.28517269
SOLVE n=384 V=1.3624999868 dt=0.00833333377 outer=1 norm=0.0396631089455 target=1.3624999868e-09 q=3.7876692e-08..2.59779145 dry=162 full=0 pred=1.28517269
SOLVE n=384 V=1.3624999868 dt=0.00833333377 outer=2 norm=0.00937378061749 target=1.3624999868e-09 q=3.78735428e-08..2.5977332 dry=164 full=0 pred=1.28517269
SOLVE n=384 V=1.3624999868 dt=0.00833333377 outer=3 norm=0.00234221921122 target=1.3624999868e-09 q=3.7872059e-08..2.59773289 dry=164 full=0 pred=1.28517269
SOLVE n=384 V=1.3624999868 dt=0.00833333377 outer=4 norm=0.000584330761274 target=1.3624999868e-09 q=3.78713179e-08..2.59773288 dry=164 full=0 pred=1.28517269
SOLVE n=384 V=1.3624999868 dt=0.00833333377 outer=5 norm=0.000144866298317 target=1.3624999868e-09 q=3.78709489e-08..2.59773287 dry=164 full=0 pred=1.28517269
SOLVE n=384 V=1.3624999868 dt=0.00833333377 outer=6 norm=3.50301514773e-05 target=1.3624999868e-09 q=3.78707674e-08..2.59773287 dry=164 full=0 pred=1.28517269
SOLVE n=384 V=1.3624999868 dt=0.00833333377 outer=7 norm=7.68162733199e-06 target=1.3624999868e-09 q=3.78706825e-08..2.59773287 dry=164 full=0 pred=1.28517269
SOLVE n=384 V=1.3624999868 dt=0.00833333377 outer=8 norm=1.17189317058e-06 target=1.3624999868e-09 q=3.78706493e-08..2.59773286 dry=166 full=0 pred=1.28517269
SOLVE n=384 V=1.3624999868 dt=0.00833333377 outer=9 norm=9.75063049293e-08 target=1.3624999868e-09 q=3.7870642e-08..2.59773286 dry=168 full=0 pred=1.28517269
SOLVE n=384 V=1.3624999868 dt=0.00833333377 outer=10 norm=2.43764458477e-08 target=1.3624999868e-09 q=3.78706416e-08..2.59773286 dry=169 full=0 pred=1.28517269
SOLVE n=384 V=1.3624999868 dt=0.00833333377 outer=11 norm=6.09392665365e-09 target=1.3624999868e-09 q=3.78706416e-08..2.59773286 dry=169 full=0 pred=1.28517269
SOLVE n=384 V=1.3624999868 dt=0.00416666688 outer=0 norm=0.0181277704604 target=1.3624999868e-09 q=3.78610056e-08..2.68287017 dry=56 full=0 pred=1.28651211
SOLVE n=384 V=1.3624999868 dt=0.00416666688 outer=1 norm=0.00906388520943 target=1.3624999868e-09 q=3.78628446e-08..2.66481554 dry=159 full=0 pred=1.28651211
SOLVE n=384 V=1.3624999868 dt=0.00416666688 outer=2 norm=0.00175211810751 target=1.3624999868e-09 q=3.78637195e-08..2.64675842 dry=162 full=0 pred=1.28651211
SOLVE n=384 V=1.3624999868 dt=0.00416666688 outer=3 norm=0.000437763255184 target=1.3624999868e-09 q=3.78635587e-08..2.6467578 dry=164 full=0 pred=1.28651211
SOLVE n=384 V=1.3624999868 dt=0.00416666688 outer=4 norm=0.000109174549062 target=1.3624999868e-09 q=3.78634789e-08..2.6467578 dry=164 full=0 pred=1.28651211
SOLVE n=384 V=1.3624999868 dt=0.00416666688 outer=5 norm=2.70293076265e-05 target=1.3624999868e-09 q=3.7863439e-08..2.6467578 dry=164 full=0 pred=1.28651211
SOLVE n=384 V=1.3624999868 dt=0.00416666688 outer=6 norm=6.50055481975e-06 target=1.3624999868e-09 q=3.78634194e-08..2.6467578 dry=166 full=0 pred=1.28651211
SOLVE n=384 V=1.3624999868 dt=0.00416666688 outer=7 norm=1.39587813419e-06 target=1.3624999868e-09 q=3.78634104e-08..2.6467578 dry=168 full=0 pred=1.28651211
SOLVE n=384 V=1.3624999868 dt=0.00416666688 outer=8 norm=1.97731572854e-07 target=1.3624999868e-09 q=3.7863407e-08..2.6467578 dry=168 full=0 pred=1.28651211
SOLVE n=384 V=1.3624999868 dt=0.00416666688 outer=9 norm=8.01465168668e-09 target=1.3624999868e-09 q=3.78634063e-08..2.6467578 dry=168 full=0 pred=1.28651211
SOLVE n=384 V=1.3624999868 dt=0.00416666688 outer=10 norm=7.99223773894e-10 target=1.3624999868e-09 q=3.78634063e-08..2.6467578 dry=168 full=0 pred=1.28651211
SOLVE n=384 V=1.3624999868 dt=0.00416666688 outer=0 norm=0.0214197157843 target=1.3624999868e-09 q=3.78634063e-08..2.6467578 dry=56 full=0 pred=1.58669493
SOLVE n=384 V=1.3624999868 dt=0.00416666688 outer=1 norm=0.0107098578922 target=1.3624999868e-09 q=3.99022829e-08..2.62541991 dry=159 full=0 pred=1.58669493
SOLVE n=384 V=1.3624999868 dt=0.00416666688 outer=2 norm=0.00218622796949 target=1.3624999868e-09 q=3.99032962e-08..2.60407972 dry=164 full=0 pred=1.58669493
SOLVE n=384 V=1.3624999868 dt=0.00416666688 outer=3 norm=0.000546556992339 target=1.3624999868e-09 q=3.99032961e-08..2.60407913 dry=165 full=0 pred=1.58669493
SOLVE n=384 V=1.3624999868 dt=0.00416666688 outer=4 norm=0.000136639248051 target=1.3624999868e-09 q=3.99032961e-08..2.60407913 dry=165 full=0 pred=1.58669493
SOLVE n=384 V=1.3624999868 dt=0.00416666688 outer=5 norm=3.41598119782e-05 target=1.3624999868e-09 q=3.99032961e-08..2.60407913 dry=165 full=0 pred=1.58669493
SOLVE n=384 V=1.3624999868 dt=0.00416666688 outer=6 norm=8.53995296006e-06 target=1.3624999868e-09 q=3.99032961e-08..2.60407913 dry=165 full=0 pred=1.58669493
SOLVE n=384 V=1.3624999868 dt=0.00416666688 outer=7 norm=2.13498820554e-06 target=1.3624999868e-09 q=3.99032961e-08..2.60407913 dry=165 full=0 pred=1.58669493
SOLVE n=384 V=1.3624999868 dt=0.00416666688 outer=8 norm=5.33747016894e-07 target=1.3624999868e-09 q=3.99032961e-08..2.60407913 dry=165 full=0 pred=1.58669493
SOLVE n=384 V=1.3624999868 dt=0.00416666688 outer=9 norm=1.3343671967e-07 target=1.3624999868e-09 q=3.99032961e-08..2.60407913 dry=165 full=0 pred=1.58669493
SOLVE n=384 V=1.3624999868 dt=0.00416666688 outer=10 norm=3.33591452057e-08 target=1.3624999868e-09 q=3.99032961e-08..2.60407913 dry=165 full=0 pred=1.58669493
SOLVE n=384 V=1.3624999868 dt=0.00416666688 outer=11 norm=8.33975124282e-09 target=1.3624999868e-09 q=3.99032961e-08..2.60407913 dry=165 full=0 pred=1.58669493
SOLVE n=384 V=1.3624999868 dt=0.00208333344 outer=0 norm=0.00986897447969 target=1.3624999868e-09 q=3.78634063e-08..2.6467578 dry=56 full=0 pred=1.58752155
SOLVE n=384 V=1.3624999868 dt=0.00208333344 outer=1 norm=0.00719350533382 target=1.3624999868e-09 q=3.9901523e-08..2.63689828 dry=155 full=0 pred=1.58752155
SOLVE n=384 V=1.3624999868 dt=0.00208333344 outer=2 norm=0.00179837633345 target=1.3624999868e-09 q=3.99017764e-08..2.62703863 dry=158 full=0 pred=1.58752155
SOLVE n=384 V=1.3624999868 dt=0.00208333344 outer=3 norm=0.000449594083331 target=1.3624999868e-09 q=3.99017764e-08..2.62703859 dry=162 full=0 pred=1.58752155
SOLVE n=384 V=1.3624999868 dt=0.00208333344 outer=4 norm=0.000112398520824 target=1.3624999868e-09 q=3.99017764e-08..2.62703859 dry=163 full=0 pred=1.58752155
SOLVE n=384 V=1.3624999868 dt=0.00208333344 outer=5 norm=2.80996301975e-05 target=1.3624999868e-09 q=3.99017764e-08..2.62703859 dry=163 full=0 pred=1.58752155
SOLVE n=384 V=1.3624999868 dt=0.00208333344 outer=6 norm=7.02490754082e-06 target=1.3624999868e-09 q=3.99017764e-08..2.62703859 dry=163 full=0 pred=1.58752155
SOLVE n=384 V=1.3624999868 dt=0.00208333344 outer=7 norm=1.75622687666e-06 target=1.3624999868e-09 q=3.99017764e-08..2.62703859 dry=163 full=0 pred=1.58752155
SOLVE n=384 V=1.3624999868 dt=0.00208333344 outer=8 norm=4.39056710617e-07 target=1.3624999868e-09 q=3.99017764e-08..2.62703859 dry=164 full=0 pred=1.58752155
SOLVE n=384 V=1.3624999868 dt=0.00208333344 outer=9 norm=1.09764169107e-07 target=1.3624999868e-09 q=3.99017764e-08..2.62703859 dry=164 full=0 pred=1.58752155
SOLVE n=384 V=1.3624999868 dt=0.00208333344 outer=10 norm=2.74410337283e-08 target=1.3624999868e-09 q=3.99017764e-08..2.62703859 dry=164 full=0 pred=1.58752155
SOLVE n=384 V=1.3624999868 dt=0.00208333344 outer=11 norm=6.86024987887e-09 target=1.3624999868e-09 q=3.99017764e-08..2.62703859 dry=164 full=0 pred=1.58752155
M55 lab refill-release cycle 0 press 1 pool 1.3624999868 storage 158.637500013 wet 4/384 q 3.78610056e-08..2.68287017 iterations 124 retries 3 residual 1.71505390522e-09 solve 2.239111 ms ledger 0 partition 5.52891066263e-14
M55 error 4000: surface pressure/continuity solve exceeded bounded iteration budget
FAIL large pool refills through authored X action within normal solve budget
FAIL refilled state remains nonnegative with coherent owner/partition/ledger
FAIL three consecutive full drain/refill cycles remain valid
M55 refill 5 checks 3 failures
