M55 radial ordinary cycle 0 press 0 pool 65 storage 0 wet 192/192 q 21.5085556..21.6018965 iterations 6 retries 0 residual 2.13786012766e-09 solve 0.748095 ms ledger 0 partition -1.42108547152e-14
PASS ordinary filled operation is conservative and solves
M55 radial drain cycle 0 press 1 pool 55 storage 10 wet 192/192 q 21.1862904..21.4084828 iterations 11 retries 0 residual 2.01658257718e-08 solve 0.663203 ms ledger 0 partition -2.13162820728e-14
M55 radial drain cycle 0 press 2 pool 45 storage 20 wet 192/192 q 21.0095217..21.2241293 iterations 6 retries 0 residual 2.03506165587e-10 solve 0.702303 ms ledger 0 partition -1.42108547152e-14
M55 radial drain cycle 0 press 3 pool 35 storage 30 wet 192/192 q 20.8186952..21.0369355 iterations 5 retries 0 residual 8.56944994295e-11 solve 0.716012 ms ledger 0 partition -4.26325641456e-14
M55 radial drain cycle 0 press 4 pool 25 storage 40 wet 192/192 q 20.6126124..20.8634253 iterations 5 retries 0 residual 2.52649883707e-11 solve 0.549869 ms ledger 0 partition -1.7763568394e-14
M55 radial drain cycle 0 press 5 pool 15 storage 50 wet 192/192 q 20.3781223..20.724754 iterations 4 retries 0 residual 5.85318876971e-10 solve 0.547436 ms ledger 0 partition -3.90798504668e-14
M55 radial drain cycle 0 press 6 pool 5 storage 60 wet 192/192 q 20.1323848..20.5967046 iterations 4 retries 0 residual 3.25164191964e-11 solve 0.705280 ms ledger 0 partition -3.46389583683e-14
M55 radial drain cycle 0 press 7 pool 3.64153152077e-14 storage 65 wet 0/192 q 20.0000001..20.4573146 iterations 0 retries 0 residual 7.83340962623e-16 solve 0.359359 ms ledger 0 partition -3.48835543784e-14
PASS large pool substantially drains through authored Z action
M55 radial refill cycle 0 press 1 pool 0.706515946596 storage 64.2934840534 wet 5/192 q 20.0000001..22.7438703 iterations 16 retries 0 residual 2.70264886859e-12 solve 0.336540 ms ledger 0 partition -3.49720252757e-14
M55 radial refill cycle 0 press 2 pool 9.79510261594 storage 55.2048973841 wet 24/192 q 20.0000002..23.0488611 iterations 82 retries 0 residual 1.54543820493e-09 solve 0.587504 ms ledger 0 partition -3.5527136788e-14
M55 radial refill cycle 0 press 3 pool 19.7951026159 storage 45.2048973841 wet 51/192 q 20.0000003..23.0488611 iterations 41 retries 0 residual 9.65510994072e-10 solve 0.581576 ms ledger 0 partition -3.5527136788e-14
M55 radial refill cycle 0 press 4 pool 20.5015572921 storage 44.4984427079 wet 74/192 q 20.0000003..22.9735262 iterations 39 retries 0 residual 1.65550825579e-08 solve 0.632465 ms ledger 0 partition -3.5527136788e-14
M55 radial refill cycle 0 press 5 pool 30.5015572921 storage 34.4984427079 wet 113/192 q 20.0125016..22.9180102 iterations 27 retries 0 residual 4.74463675596e-10 solve 0.584089 ms ledger 0 partition -2.84217094304e-14
M55 radial refill cycle 0 press 6 pool 31.2079847393 storage 33.7920152607 wet 136/192 q 20.0148626..22.8510021 iterations 35 retries 0 residual 2.25896286149e-08 solve 0.765154 ms ledger 0 partition -3.5527136788e-14
M55 radial refill cycle 0 press 7 pool 41.2079847393 storage 23.7920152607 wet 163/192 q 20.0499487..22.7939173 iterations 24 retries 0 residual 1.2803909179e-09 solve 0.811569 ms ledger 0 partition -1.42108547152e-14
M55 radial refill cycle 0 press 8 pool 51.2079847393 storage 13.7920152607 wet 180/192 q 20.1443301..22.7469416 iterations 23 retries 0 residual 3.72768918852e-09 solve 1.351797 ms ledger 0 partition -1.42108547152e-14
M55 radial refill cycle 0 press 9 pool 51.914324264 storage 13.085675736 wet 186/192 q 20.1706076..22.6573565 iterations 29 retries 0 residual 7.22859678365e-09 solve 0.971835 ms ledger 0 partition -4.26325641456e-14
M55 radial refill cycle 0 press 10 pool 61.914324264 storage 3.08567573597 wet 191/192 q 20.3948576..22.5933038 iterations 36 retries 0 residual 5.8325719417e-11 solve 1.264289 ms ledger 0 partition -4.97379915032e-14
M55 radial refill cycle 0 press 11 pool 65 storage 0 wet 192/192 q 20.4733563..22.5974002 iterations 28 retries 0 residual 2.70853960591e-09 solve 1.156129 ms ledger 0 partition -1.42108547152e-14
PASS large pool refills through authored X action within normal solve budget
PASS refilled state remains nonnegative with coherent owner/partition/ledger
M55 radial drain cycle 1 press 1 pool 55 storage 10 wet 192/192 q 20.9059732..21.8475909 iterations 9 retries 0 residual 1.70450771553e-10 solve 0.677121 ms ledger 0 partition -1.42108547152e-14
M55 radial drain cycle 1 press 2 pool 45 storage 20 wet 192/192 q 20.8532953..21.545345 iterations 7 retries 0 residual 1.06401559655e-09 solve 0.704398 ms ledger 0 partition -2.13162820728e-14
M55 radial drain cycle 1 press 3 pool 35 storage 30 wet 192/192 q 20.734242..21.2451364 iterations 6 retries 0 residual 1.90379404093e-09 solve 0.587555 ms ledger 0 partition 0
M55 radial drain cycle 1 press 4 pool 25 storage 40 wet 192/192 q 20.5503062..20.950667 iterations 6 retries 0 residual 4.3986686716e-10 solve 0.533503 ms ledger 0 partition -2.48689957516e-14
M55 radial drain cycle 1 press 5 pool 15 storage 50 wet 192/192 q 20.3424034..20.760008 iterations 5 retries 0 residual 5.2154184129e-11 solve 0.452788 ms ledger 0 partition -1.59872115546e-14
M55 radial drain cycle 1 press 6 pool 5 storage 60 wet 192/192 q 20.1262409..20.6074006 iterations 5 retries 0 residual 1.96211852077e-10 solve 0.522853 ms ledger 0 partition -6.2172489379e-15
M55 radial drain cycle 1 press 7 pool 7.1054273576e-15 storage 65 wet 0/192 q 20..20.4573146 iterations 0 retries 0 residual 5.91898063225e-33 solve 0.014169 ms ledger 0 partition -7.1054273576e-15
PASS large pool substantially drains through authored Z action
M55 radial refill cycle 1 press 1 pool 0.706515946596 storage 64.2934840534 wet 5/192 q 20..22.7438703 iterations 15 retries 0 residual 2.70264886859e-12 solve 0.156237 ms ledger 1.42108547152e-14 partition -7.1054273576e-15
M55 radial refill cycle 1 press 2 pool 9.79510261594 storage 55.2048973841 wet 24/192 q 20..23.0488611 iterations 82 retries 0 residual 1.54543820493e-09 solve 0.245427 ms ledger 1.42108547152e-14 partition -8.881784197e-15
M55 radial refill cycle 1 press 3 pool 19.7951026159 storage 45.2048973841 wet 51/192 q 20..23.0488611 iterations 41 retries 0 residual 9.65510994072e-10 solve 0.351324 ms ledger 1.42108547152e-14 partition -7.1054273576e-15
M55 radial refill cycle 1 press 4 pool 20.5015572921 storage 44.4984427079 wet 74/192 q 20..22.9735262 iterations 39 retries 0 residual 1.65550825579e-08 solve 0.394140 ms ledger 1.42108547152e-14 partition -7.1054273576e-15
M55 radial refill cycle 1 press 5 pool 30.5015572921 storage 34.4984427079 wet 111/192 q 20.0062517..22.9182235 iterations 27 retries 0 residual 3.7691040935e-10 solve 0.512869 ms ledger 1.42108547152e-14 partition 3.5527136788e-15
M55 radial refill cycle 1 press 6 pool 31.2079847393 storage 33.7920152607 wet 136/192 q 20.0092097..22.8511824 iterations 35 retries 0 residual 2.28965607606e-08 solve 0.755933 ms ledger 1.42108547152e-14 partition -7.1054273576e-15
M55 radial refill cycle 1 press 7 pool 41.2079847393 storage 23.7920152607 wet 163/192 q 20.0320321..22.7942579 iterations 24 retries 0 residual 1.20502897762e-09 solve 0.622727 ms ledger 2.84217094304e-14 partition -1.42108547152e-14
M55 radial refill cycle 1 press 8 pool 51.2079847393 storage 13.7920152607 wet 180/192 q 20.144329..22.7473561 iterations 23 retries 0 residual 3.72768593033e-09 solve 0.689726 ms ledger 2.84217094304e-14 partition 1.42108547152e-14
M55 radial refill cycle 1 press 9 pool 51.914324264 storage 13.085675736 wet 186/192 q 20.1706017..22.6578778 iterations 29 retries 0 residual 1.84261416657e-09 solve 0.776621 ms ledger 2.84217094304e-14 partition 4.26325641456e-14
M55 radial refill cycle 1 press 10 pool 61.914324264 storage 3.08567573597 wet 191/192 q 20.3948576..22.5938871 iterations 37 retries 0 residual 6.76468578338e-09 solve 0.811959 ms ledger 2.84217094304e-14 partition -1.42108547152e-14
M55 radial refill cycle 1 press 11 pool 65 storage 0 wet 192/192 q 20.4733563..22.6070705 iterations 28 retries 0 residual 2.7085394121e-09 solve 0.813240 ms ledger 2.84217094304e-14 partition -1.42108547152e-14
PASS large pool refills through authored X action within normal solve budget
PASS refilled state remains nonnegative with coherent owner/partition/ledger
M55 radial drain cycle 2 press 1 pool 55 storage 10 wet 192/192 q 20.9415035..21.8647459 iterations 9 retries 0 residual 6.13577823966e-10 solve 0.703406 ms ledger 2.84217094304e-14 partition -4.26325641456e-14
M55 radial drain cycle 2 press 2 pool 45 storage 20 wet 192/192 q 20.861439..21.5625858 iterations 6 retries 0 residual 4.40214234596e-09 solve 0.682155 ms ledger 2.84217094304e-14 partition 0
M55 radial drain cycle 2 press 3 pool 35 storage 30 wet 192/192 q 20.7352902..21.2578782 iterations 6 retries 0 residual 1.69931251926e-09 solve 0.617800 ms ledger 2.84217094304e-14 partition -4.97379915032e-14
M55 radial drain cycle 2 press 4 pool 25 storage 40 wet 192/192 q 20.5545621..20.9595386 iterations 6 retries 0 residual 4.29388176057e-10 solve 0.802475 ms ledger 2.84217094304e-14 partition 3.5527136788e-15
M55 radial drain cycle 2 press 5 pool 15 storage 50 wet 192/192 q 20.344248..20.7590421 iterations 5 retries 0 residual 5.86817189892e-11 solve 0.528954 ms ledger 2.84217094304e-14 partition -5.3290705182e-15
M55 radial drain cycle 2 press 6 pool 5 storage 60 wet 192/192 q 20.1257464..20.6071687 iterations 5 retries 0 residual 2.76638354233e-10 solve 0.624508 ms ledger 2.84217094304e-14 partition -4.4408920985e-15
M55 radial drain cycle 2 press 7 pool 6.2172489379e-15 storage 65 wet 0/192 q 20..20.4573146 iterations 0 retries 0 residual 3.34060503698e-15 solve 0.122279 ms ledger 2.84217094304e-14 partition -5.54070678227e-15
PASS large pool substantially drains through authored Z action
M55 radial refill cycle 2 press 1 pool 0.706515946596 storage 64.2934840534 wet 5/192 q 20.0000001..22.7438703 iterations 16 retries 0 residual 2.70264886859e-12 solve 0.365071 ms ledger 4.26325641456e-14 partition -5.55111512313e-15
M55 radial refill cycle 2 press 2 pool 9.79510261594 storage 55.2048973841 wet 24/192 q 20.0000002..23.0488611 iterations 82 retries 0 residual 1.54551535155e-09 solve 0.395605 ms ledger 4.26325641456e-14 partition -7.1054273576e-15
M55 radial refill cycle 2 press 3 pool 19.7951026159 storage 45.2048973841 wet 51/192 q 20.0000002..23.0488611 iterations 41 retries 0 residual 9.65511041777e-10 solve 0.396125 ms ledger 4.26325641456e-14 partition -3.5527136788e-15
M55 radial refill cycle 2 press 4 pool 20.5015572921 storage 44.4984427079 wet 74/192 q 20.0000002..22.9735262 iterations 39 retries 0 residual 1.65550825579e-08 solve 0.469484 ms ledger 4.26325641456e-14 partition -1.06581410364e-14
M55 radial refill cycle 2 press 5 pool 30.5015572921 storage 34.4984427079 wet 113/192 q 20.0125016..22.9180102 iterations 27 retries 0 residual 4.74463675596e-10 solve 0.546165 ms ledger 4.26325641456e-14 partition -7.1054273576e-15
M55 radial refill cycle 2 press 6 pool 31.2079847393 storage 33.7920152607 wet 136/192 q 20.0148626..22.8510021 iterations 35 retries 0 residual 2.25896286149e-08 solve 0.661558 ms ledger 4.26325641456e-14 partition -1.06581410364e-14
M55 radial refill cycle 2 press 7 pool 41.2079847393 storage 23.7920152607 wet 163/192 q 20.0499487..22.7938283 iterations 24 retries 0 residual 1.37182678555e-09 solve 0.930073 ms ledger 5.68434188608e-14 partition 0
M55 radial refill cycle 2 press 8 pool 51.2079847393 storage 13.7920152607 wet 180/192 q 20.1440984..22.7468739 iterations 23 retries 0 residual 3.72817608556e-09 solve 1.143326 ms ledger 5.68434188608e-14 partition 0
M55 radial refill cycle 2 press 9 pool 51.914324264 storage 13.085675736 wet 186/192 q 20.1701352..22.6572961 iterations 29 retries 0 residual 8.80048975685e-09 solve 0.895910 ms ledger 5.68434188608e-14 partition 3.5527136788e-14
M55 radial refill cycle 2 press 10 pool 61.914324264 storage 3.08567573597 wet 191/192 q 20.3948576..22.5932471 iterations 36 retries 0 residual 5.83247246615e-11 solve 1.069274 ms ledger 5.68434188608e-14 partition -2.13162820728e-14
M55 radial refill cycle 2 press 11 pool 65 storage 0 wet 192/192 q 20.4733563..22.5964628 iterations 28 retries 0 residual 2.70853916436e-09 solve 1.169229 ms ledger 5.68434188608e-14 partition -1.42108547152e-14
PASS large pool refills through authored X action within normal solve budget
PASS refilled state remains nonnegative with coherent owner/partition/ledger
M55 radial drain cycle 3 press 1 pool 55 storage 10 wet 192/192 q 20.9105912..21.8662008 iterations 8 retries 0 residual 2.909897618e-09 solve 1.095133 ms ledger 5.68434188608e-14 partition 1.42108547152e-14
M55 radial drain cycle 3 press 2 pool 45 storage 20 wet 192/192 q 20.8566254..21.5621396 iterations 6 retries 0 residual 4.41519995564e-09 solve 0.775710 ms ledger 5.68434188608e-14 partition -2.13162820728e-14
M55 radial drain cycle 3 press 3 pool 35 storage 30 wet 192/192 q 20.7361543..21.2558094 iterations 6 retries 0 residual 1.7187975032e-09 solve 0.711627 ms ledger 5.68434188608e-14 partition -2.13162820728e-14
M55 radial drain cycle 3 press 4 pool 25 storage 40 wet 192/192 q 20.5554925..20.9571043 iterations 6 retries 0 residual 4.07366711219e-10 solve 0.691792 ms ledger 5.68434188608e-14 partition -2.84217094304e-14
M55 radial drain cycle 3 press 5 pool 15 storage 50 wet 192/192 q 20.3482696..20.7576955 iterations 5 retries 0 residual 5.7038426933e-11 solve 0.613290 ms ledger 5.68434188608e-14 partition -2.13162820728e-14
M55 radial drain cycle 3 press 6 pool 5 storage 60 wet 192/192 q 20.1277501..20.6065966 iterations 5 retries 0 residual 2.77301595044e-10 solve 0.616055 ms ledger 5.68434188608e-14 partition -1.68753899743e-14
M55 radial drain cycle 3 press 7 pool 1.95399252334e-14 storage 65 wet 0/192 q 20..20.4573146 iterations 0 retries 0 residual 6.29521448146e-15 solve 0.152591 ms ledger 5.68434188608e-14 partition -1.93421667571e-14
PASS large pool substantially drains through authored Z action
M55 radial refill cycle 3 press 1 pool 0.706515946596 storage 64.2934840534 wet 5/192 q 20..22.7438703 iterations 16 retries 0 residual 2.70264886859e-12 solve 0.304571 ms ledger 7.1054273576e-14 partition -1.94289029309e-14
M55 radial refill cycle 3 press 2 pool 9.79510261594 storage 55.2048973841 wet 24/192 q 20..23.0488611 iterations 82 retries 0 residual 1.54543820493e-09 solve 0.721588 ms ledger 7.1054273576e-14 partition -2.13162820728e-14
M55 radial refill cycle 3 press 3 pool 19.7951026159 storage 45.2048973841 wet 51/192 q 20.0000001..23.0488611 iterations 41 retries 0 residual 9.65510994072e-10 solve 0.494569 ms ledger 7.1054273576e-14 partition -2.13162820728e-14
M55 radial refill cycle 3 press 4 pool 20.5015572921 storage 44.4984427079 wet 74/192 q 20.0000001..22.9735262 iterations 39 retries 0 residual 1.65550825579e-08 solve 0.522806 ms ledger 7.1054273576e-14 partition -1.7763568394e-14
M55 radial refill cycle 3 press 5 pool 30.5015572921 storage 34.4984427079 wet 113/192 q 20.0125016..22.9180102 iterations 27 retries 0 residual 4.74463675596e-10 solve 0.660096 ms ledger 7.1054273576e-14 partition -1.42108547152e-14
M55 radial refill cycle 3 press 6 pool 31.2079847393 storage 33.7920152607 wet 136/192 q 20.0148626..22.8510021 iterations 35 retries 0 residual 2.25896286149e-08 solve 0.694555 ms ledger 7.1054273576e-14 partition -2.13162820728e-14
M55 radial refill cycle 3 press 7 pool 41.2079847393 storage 23.7920152607 wet 163/192 q 20.0499487..22.7938261 iterations 24 retries 0 residual 1.3741725117e-09 solve 0.779926 ms ledger 8.52651282912e-14 partition 7.1054273576e-15
M55 radial refill cycle 3 press 8 pool 51.2079847393 storage 13.7920152607 wet 180/192 q 20.1443252..22.7468695 iterations 24 retries 0 residual 9.87674902259e-11 solve 0.955281 ms ledger 8.52651282912e-14 partition -7.1054273576e-15
M55 radial refill cycle 3 press 9 pool 51.914324264 storage 13.085675736 wet 186/192 q 20.1705785..22.6572921 iterations 29 retries 0 residual 8.87143261413e-09 solve 0.876749 ms ledger 8.52651282912e-14 partition -4.26325641456e-14
M55 radial refill cycle 3 press 10 pool 61.914324264 storage 3.08567573597 wet 191/192 q 20.3948589..22.5932435 iterations 37 retries 0 residual 5.83282325434e-11 solve 1.105655 ms ledger 8.52651282912e-14 partition -5.68434188608e-14
M55 radial refill cycle 3 press 11 pool 65 storage 0 wet 192/192 q 20.4733563..22.5964123 iterations 28 retries 0 residual 2.70855881733e-09 solve 0.933735 ms ledger 8.52651282912e-14 partition -5.68434188608e-14
PASS large pool refills through authored X action within normal solve budget
PASS refilled state remains nonnegative with coherent owner/partition/ledger
M55 radial drain cycle 4 press 1 pool 55 storage 10 wet 192/192 q 20.9009731..21.860956 iterations 9 retries 0 residual 1.89115096846e-10 solve 0.807630 ms ledger 8.52651282912e-14 partition -7.1054273576e-15
M55 radial drain cycle 4 press 2 pool 45 storage 20 wet 192/192 q 20.8564191..21.5584799 iterations 6 retries 0 residual 4.14804965897e-09 solve 0.966002 ms ledger 8.52651282912e-14 partition -2.13162820728e-14
M55 radial drain cycle 4 press 3 pool 35 storage 30 wet 192/192 q 20.7374704..21.2534424 iterations 6 retries 0 residual 1.65954441985e-09 solve 0.702110 ms ledger 8.52651282912e-14 partition -4.97379915032e-14
M55 radial drain cycle 4 press 4 pool 25 storage 40 wet 192/192 q 20.5570404..20.9577918 iterations 6 retries 0 residual 4.14557574033e-10 solve 0.907707 ms ledger 8.52651282912e-14 partition -5.68434188608e-14
M55 radial drain cycle 4 press 5 pool 15 storage 50 wet 192/192 q 20.3486522..20.7618931 iterations 5 retries 0 residual 5.84367469778e-11 solve 0.900811 ms ledger 8.52651282912e-14 partition -4.08562073062e-14
M55 radial drain cycle 4 press 6 pool 5 storage 60 wet 192/192 q 20.128028..20.6083671 iterations 5 retries 0 residual 2.34726709966e-10 solve 0.502955 ms ledger 8.52651282912e-14 partition -4.4408920985e-14
M55 radial drain cycle 4 press 7 pool 4.52970994047e-14 storage 65 wet 0/192 q 20..20.4573146 iterations 0 retries 0 residual 7.05708075528e-15 solve 0.140329 ms ledger 8.52651282912e-14 partition -4.3290024343e-14
PASS large pool substantially drains through authored Z action
M55 radial refill cycle 4 press 1 pool 0.706515946596 storage 64.2934840534 wet 5/192 q 20..22.7438703 iterations 16 retries 0 residual 2.70264886859e-12 solve 0.296704 ms ledger 9.94759830064e-14 partition -4.32986979604e-14
M55 radial refill cycle 4 press 2 pool 9.79510261594 storage 55.2048973841 wet 24/192 q 20.0000001..23.0488611 iterations 82 retries 0 residual 1.54543820493e-09 solve 0.423782 ms ledger 9.94759830064e-14 partition -4.4408920985e-14
M55 radial refill cycle 4 press 3 pool 19.7951026159 storage 45.2048973841 wet 51/192 q 20.0000001..23.0488611 iterations 41 retries 0 residual 9.65510994072e-10 solve 0.433159 ms ledger 9.94759830064e-14 partition -4.26325641456e-14
M55 radial refill cycle 4 press 4 pool 20.5015572921 storage 44.4984427079 wet 74/192 q 20.0000002..22.9735262 iterations 39 retries 0 residual 1.65550825579e-08 solve 0.490040 ms ledger 9.94759830064e-14 partition -3.90798504668e-14
M55 radial refill cycle 4 press 5 pool 30.5015572921 storage 34.4984427079 wet 113/192 q 20.0125016..22.9180102 iterations 27 retries 0 residual 4.74463675596e-10 solve 0.562960 ms ledger 9.94759830064e-14 partition -3.5527136788e-14
M55 radial refill cycle 4 press 6 pool 31.2079847393 storage 33.7920152607 wet 136/192 q 20.0148626..22.8510021 iterations 35 retries 0 residual 2.25896286149e-08 solve 0.871795 ms ledger 9.94759830064e-14 partition -4.26325641456e-14
M55 radial refill cycle 4 press 7 pool 41.2079847393 storage 23.7920152607 wet 163/192 q 20.0499487..22.7938261 iterations 24 retries 0 residual 1.3741725117e-09 solve 0.683139 ms ledger 9.94759830064e-14 partition -7.1054273576e-15
M55 radial refill cycle 4 press 8 pool 51.2079847393 storage 13.7920152607 wet 180/192 q 20.1442614..22.7467789 iterations 30 retries 0 residual 1.59456254555e-08 solve 0.951241 ms ledger 9.94759830064e-14 partition -3.5527136788e-14
M55 radial refill cycle 4 press 9 pool 51.914324264 storage 13.085675736 wet 186/192 q 20.1704694..22.6572102 iterations 29 retries 0 residual 9.96846850898e-09 solve 0.857496 ms ledger 9.94759830064e-14 partition -4.26325641456e-14
M55 radial refill cycle 4 press 10 pool 61.914324264 storage 3.08567573597 wet 191/192 q 20.4004284..22.5931708 iterations 35 retries 0 residual 5.01308324724e-08 solve 0.853083 ms ledger 9.94759830064e-14 partition -1.42108547152e-14
M55 radial refill cycle 4 press 11 pool 65 storage 0 wet 192/192 q 20.4735375..22.5955133 iterations 28 retries 0 residual 2.8717499818e-09 solve 0.805386 ms ledger 9.94759830064e-14 partition -5.68434188608e-14
PASS large pool refills through authored X action within normal solve budget
PASS refilled state remains nonnegative with coherent owner/partition/ledger
PASS five consecutive full drain/refill cycles remain valid
MEASURE radial ordinary steps 30 iterations mean 6.667 max 8 retries 0 residual max 5.75842578345e-08 solve mean 0.864070 max 1.388905 ms
MEASURE radial drain steps 70 iterations mean 5.071 max 11 retries 0 residual max 4.56452207472e-08 solve mean 0.597022 max 1.095133 ms
MEASURE radial refill steps 110 iterations mean 32.736 max 82 retries 0 residual max 5.01308324724e-08 solve mean 0.704420 max 1.463279 ms
MEASURE radial settle steps 600 iterations mean 12.375 max 25 retries 0 residual max 6.38354287711e-08 solve mean 0.875206 max 1.651046 ms
M55 refill 17 checks 0 failures
