PASS ordinary M55 project and logical input map
PASS normal EngineHost/GL resources
PASS registered surface scene loads normally
PASS ordinary resource/world/session build
PASS baked resources and ordinary JS callbacks resolve without faults
PASS swimming-sized conserved spatial partition, no bulk particles
PASS ordinary prefab bucket starts dry
PASS JS drain changes owner and local allocation together
PASS JS refill restores quantity while preserving surface state
PASS normal query reports actual local occupied depth and separate gravity up
PASS generic momentum impulse disturbs existing water without creating volume
PASS waves persist and owner/parcel ledger stays conserved
M55 radial scoop step 0 volume 0.000670998934
M55 radial scoop step 10 volume 0.00754488613
M55 radial scoop step 20 volume 0.01440458
M55 radial scoop step 30 volume 0.021279241
M55 radial acquired 25.088000000 L ledger 1.42108547152e-14
PASS physical opening acquires real moving-surface water with paired ownership
PASS removed cup retains real conserved water
PASS pouring moves retained water through conserved parcels
PASS JS liquid response drives normal CharacterMotor under selected gravity
M55 radial fixed median 13.5284 p95 15.2569 max 16.5092 ms
M55 radial offscreen render 640x360 median 15.8938 p95 18.4243 max 34.0102 ms
M55 radial cells 192 faces 356 parcels 0 bodies 11 draws 32 solve 0.74436 ms iterations 4 residual 2.62748068458e-09 partition -4.26325641456e-14
M55 radial post-interaction last liquid 12.22637 containers 1.21205 storage 7.31921 solve 0.74651 loading 2.94860 ms; storage tets 28721 base 24862
M55 body 4108 position 1.006 21.649 -0.038 speed 0.007 angular 0.680
M55 radial 100 sample queries 1.219351 ms
M55 radial optical paths 2.348320 ms
M55 radial mesh 42459 vertices 2.610100 ms
PASS complete ledger closes within M54 floating-point tolerance
PASS continued interaction has no retained solve/script failures
PASS reload reconstructs surface state and rejects old handles
PASS Stop clears surfaces, containers and parcels
M55 application 20 checks 0 failures
