[  0%] Built target judas_glad
[  2%] Built target judas_imgui
[  5%] Built target judas_rigid_contact_tests
[  8%] Built target judas_physics_tests
[ 11%] Built target judas_broadphase_tests
[ 11%] Built target judas_asset_tests
[ 14%] Built target judas_collision_tests
[ 14%] Building CXX object CMakeFiles/judas_celestial_gravity_tests.dir/src/CelestialGravity.cpp.o
[ 15%] Building CXX object CMakeFiles/judas_celestial_gravity_tests.dir/src/PhysicsWorld.cpp.o
[ 15%] Building CXX object CMakeFiles/judas_pilot_attachment_tests.dir/src/PilotAttachment.cpp.o
[ 15%] Building CXX object CMakeFiles/judas_step_climb_tests.dir/src/PhysicsWorld.cpp.o
[ 15%] Building CXX object CMakeFiles/judas_celestial_gravity_tests.dir/tests/CelestialGravityTests.cpp.o
[ 15%] Building CXX object CMakeFiles/judas_pilot_attachment_tests.dir/tests/PilotAttachmentTests.cpp.o
[ 15%] Linking CXX executable judas_pilot_attachment_tests
[ 15%] Built target judas_pilot_attachment_tests
[ 15%] Building CXX object CMakeFiles/judas_pilot_dismount_tests.dir/src/PhysicsWorld.cpp.o
[ 15%] Building CXX object CMakeFiles/judas_spacecraft_control_tests.dir/src/FlyingPrimitiveControl.cpp.o
[ 15%] Building CXX object CMakeFiles/judas_spacecraft_control_tests.dir/src/PhysicsWorld.cpp.o
[ 15%] Linking CXX executable judas_celestial_gravity_tests
[ 16%] Built target judas_celestial_gravity_tests
[ 16%] Building CXX object CMakeFiles/judas_spacecraft_flight_tests.dir/src/CelestialGravity.cpp.o
[ 16%] Building CXX object CMakeFiles/judas_step_climb_tests.dir/src/StepClimb.cpp.o
[ 17%] Building CXX object CMakeFiles/judas_pilot_dismount_tests.dir/src/PilotAttachment.cpp.o
[ 18%] Building CXX object CMakeFiles/judas_spacecraft_flight_tests.dir/src/FlyingPrimitiveControl.cpp.o
[ 18%] Building CXX object CMakeFiles/judas_step_climb_tests.dir/tests/StepClimbTests.cpp.o
[ 18%] Building CXX object CMakeFiles/judas_pilot_dismount_tests.dir/tests/PilotDismountTests.cpp.o
[ 18%] Linking CXX executable judas_step_climb_tests
[ 20%] Built target judas_step_climb_tests
[ 21%] Building CXX object CMakeFiles/judas_spacecraft_flight_tests.dir/src/PhysicsWorld.cpp.o
[ 21%] Linking CXX executable judas_pilot_dismount_tests
[ 22%] Built target judas_pilot_dismount_tests
[ 22%] Building CXX object CMakeFiles/judas_spacecraft_flight_tests.dir/tests/SpacecraftFlightTests.cpp.o
[ 22%] Building CXX object CMakeFiles/judas_spacecraft_control_tests.dir/tests/SpacecraftControlTests.cpp.o
[ 22%] Building CXX object CMakeFiles/judas_reference_frame_tests.dir/src/PhysicsWorld.cpp.o
[ 23%] Built target judas_ui_tests
[ 25%] Built target judas_lighting_tests
[ 26%] Built target judas_shadow_tests
[ 26%] Building CXX object CMakeFiles/judas_interactable_tests.dir/src/Door.cpp.o
[ 26%] Linking CXX executable judas_spacecraft_control_tests
[ 28%] Built target judas_spacecraft_control_tests
[ 29%] Built target judas_player_view_tests
[ 29%] Building CXX object CMakeFiles/judas_interactable_tests.dir/src/PhysicsWorld.cpp.o
[ 29%] Building CXX object CMakeFiles/judas_reference_frame_tests.dir/src/PilotAttachment.cpp.o
[ 30%] Building CXX object CMakeFiles/judas_object_manipulation_tests.dir/src/DynamicBody.cpp.o
[ 30%] Building CXX object CMakeFiles/judas_object_manipulation_tests.dir/src/ObjectManipulation.cpp.o
[ 30%] Building CXX object CMakeFiles/judas_object_manipulation_tests.dir/src/PhysicsWorld.cpp.o
[ 30%] Linking CXX executable judas_spacecraft_flight_tests
[ 31%] Built target judas_spacecraft_flight_tests
[ 31%] Building CXX object CMakeFiles/judas_object_manipulation_tests.dir/tests/ObjectManipulationTests.cpp.o
[ 32%] Building CXX object CMakeFiles/judas_reference_frame_tests.dir/tests/ReferenceFrameTests.cpp.o
[ 32%] Building CXX object CMakeFiles/judas_player_curved_locomotion_tests.dir/src/FlyingPrimitiveControl.cpp.o
[ 32%] Linking CXX executable judas_reference_frame_tests
[ 34%] Built target judas_reference_frame_tests
[ 34%] Building CXX object CMakeFiles/judas_world_coordinates_tests.dir/src/CelestialGravity.cpp.o
[ 34%] Building CXX object CMakeFiles/judas_world_coordinates_tests.dir/src/DynamicBody.cpp.o
[ 34%] Building CXX object CMakeFiles/judas_player_curved_locomotion_tests.dir/src/PhysicsWorld.cpp.o
[ 35%] Building CXX object CMakeFiles/judas_interactable_tests.dir/tests/InteractableTests.cpp.o
[ 35%] Building CXX object CMakeFiles/judas_world_coordinates_tests.dir/src/FlyingPrimitiveControl.cpp.o
[ 35%] Linking CXX executable judas_interactable_tests
[ 38%] Built target judas_interactable_tests
[ 38%] Building CXX object CMakeFiles/judas_compound_body_tests.dir/src/PhysicsWorld.cpp.o
[ 38%] Building CXX object CMakeFiles/judas_world_coordinates_tests.dir/src/ObjectManipulation.cpp.o
[ 39%] Linking CXX executable judas_object_manipulation_tests
[ 41%] Built target judas_object_manipulation_tests
[ 41%] Building CXX object CMakeFiles/judas_world_coordinates_tests.dir/src/PhysicsWorld.cpp.o
[ 41%] Building CXX object CMakeFiles/judas_fluid_world_tests.dir/src/FluidWorld.cpp.o
[ 42%] Building CXX object CMakeFiles/judas_fluid_world_tests.dir/src/PhysicsWorld.cpp.o
[ 43%] Building CXX object CMakeFiles/judas_player_curved_locomotion_tests.dir/src/PilotAttachment.cpp.o
[ 43%] Building CXX object CMakeFiles/judas_player_curved_locomotion_tests.dir/src/PilotControl.cpp.o
[ 43%] Building CXX object CMakeFiles/judas_player_curved_locomotion_tests.dir/src/PlayerController.cpp.o
[ 43%] Building CXX object CMakeFiles/judas_compound_body_tests.dir/tests/CompoundBodyTests.cpp.o
[ 43%] Linking CXX executable judas_compound_body_tests
[ 45%] Built target judas_compound_body_tests
[ 45%] Building CXX object CMakeFiles/judas_player_curved_locomotion_tests.dir/src/StepClimb.cpp.o
[ 45%] Building CXX object CMakeFiles/judas_world_coordinates_tests.dir/src/PlayerController.cpp.o
[ 46%] Building CXX object CMakeFiles/judas_player_curved_locomotion_tests.dir/tests/PlayerCurvedLocomotionTests.cpp.o
[ 46%] Building CXX object CMakeFiles/judas_fluid_rigid_coupling_tests.dir/src/DynamicBody.cpp.o
[ 46%] Building CXX object CMakeFiles/judas_fluid_rigid_coupling_tests.dir/src/FluidWorld.cpp.o
[ 46%] Building CXX object CMakeFiles/judas_world_coordinates_tests.dir/src/StepClimb.cpp.o
[ 46%] Linking CXX executable judas_player_curved_locomotion_tests
[ 46%] Building CXX object CMakeFiles/judas_world_coordinates_tests.dir/tests/WorldCoordinatesTests.cpp.o
[ 47%] Building CXX object CMakeFiles/judas_fluid_world_tests.dir/tests/FluidWorldTests.cpp.o
[ 49%] Built target judas_player_curved_locomotion_tests
[ 49%] Built target judas_fluid_surface_tests
[ 52%] Built target judas_terrain_physics_tests
[ 56%] Built target judas_terrain_fluid_tests
[ 57%] Built target judas_atmosphere_tests
[ 57%] Building CXX object CMakeFiles/judas_atmospheric_flight_tests.dir/src/AerodynamicDrag.cpp.o
[ 57%] Building CXX object CMakeFiles/judas_atmospheric_flight_tests.dir/src/CelestialGravity.cpp.o
[ 58%] Building CXX object CMakeFiles/judas_fluid_rigid_coupling_tests.dir/src/ObjectManipulation.cpp.o
[ 58%] Linking CXX executable judas_fluid_world_tests
[ 60%] Built target judas_fluid_world_tests
[ 61%] Building CXX object CMakeFiles/judas_fluid_rigid_coupling_tests.dir/src/PhysicsWorld.cpp.o
[ 61%] Building CXX object CMakeFiles/judas_atmospheric_flight_tests.dir/src/DynamicBody.cpp.o
[ 61%] Building CXX object CMakeFiles/judas_atmospheric_flight_tests.dir/src/FlyingPrimitiveControl.cpp.o
[ 61%] Linking CXX executable judas_world_coordinates_tests
[ 61%] Building CXX object CMakeFiles/judas_combustion_tests.dir/src/CelestialGravity.cpp.o
[ 66%] Built target judas_world_coordinates_tests
[ 66%] Building CXX object CMakeFiles/judas_combustion_tests.dir/src/CombustionWorld.cpp.o
[ 66%] Building CXX object CMakeFiles/judas_fluid_rigid_coupling_tests.dir/tests/FluidRigidCouplingTests.cpp.o
[ 66%] Building CXX object CMakeFiles/judas_atmospheric_flight_tests.dir/src/PhysicsWorld.cpp.o
[ 67%] Building CXX object CMakeFiles/judas_combustion_tests.dir/src/FlyingPrimitiveControl.cpp.o
[ 68%] Building CXX object CMakeFiles/judas_combustion_tests.dir/src/PhysicsWorld.cpp.o
[ 68%] Building CXX object CMakeFiles/judas_combustion_tests.dir/tests/CombustionTests.cpp.o
[ 68%] Building CXX object CMakeFiles/judas_atmospheric_flight_tests.dir/tests/AtmosphericFlightTests.cpp.o
[ 68%] Linking CXX executable judas_fluid_rigid_coupling_tests
[ 69%] Built target judas_fluid_rigid_coupling_tests
[ 83%] Built target judas_engine
[ 83%] Building CXX object CMakeFiles/judas.dir/src/Application.cpp.o
[ 83%] Building CXX object CMakeFiles/judas.dir/src/RuntimeDiagnostics.cpp.o
[ 83%] Linking CXX executable judas_atmospheric_flight_tests
[ 86%] Built target judas_atmospheric_flight_tests
[ 86%] Building CXX object CMakeFiles/judas_editor.dir/src/editor/ComponentEditors.cpp.o
[ 86%] Building CXX object CMakeFiles/judas_editor.dir/src/editor/EditorApplication.cpp.o
[ 86%] Linking CXX executable judas_combustion_tests
[ 86%] Building CXX object CMakeFiles/judas.dir/src/TestHarness.cpp.o
[ 88%] Built target judas_combustion_tests
[ 88%] Building CXX object CMakeFiles/judas_scene_author.dir/tools/SceneAuthor.cpp.o
[ 88%] Building CXX object CMakeFiles/judas_editor.dir/src/editor/EditorMain.cpp.o
[ 89%] Building CXX object CMakeFiles/judas_editor.dir/src/editor/EditorPanels.cpp.o
[ 90%] Linking CXX executable judas
[ 90%] Built target judas
[ 90%] Building CXX object CMakeFiles/judas_resource_stress.dir/tools/ResourceStress.cpp.o
[ 90%] Linking CXX executable judas_scene_author
[ 90%] Built target judas_scene_author
[ 90%] Building CXX object CMakeFiles/judas_scene_tests.dir/tests/SceneTests.cpp.o
[ 90%] Built target judas_lifecycle_tests
[ 90%] Built target judas_project_tests
[ 91%] Linking CXX executable judas_job_tests
[ 91%] Built target judas_job_tests
[ 92%] Linking CXX executable judas_scene_fingerprint_tests
[ 92%] Built target judas_scene_fingerprint_tests
[ 92%] Building CXX object CMakeFiles/judas_world_state_tests.dir/tests/WorldStateTests.cpp.o
[ 92%] Linking CXX executable judas_scene_tests
[ 92%] Built target judas_scene_tests
[ 92%] Building CXX object CMakeFiles/judas_async_application_tests.dir/src/Application.cpp.o
[ 92%] Linking CXX executable judas_editor
[ 92%] Linking CXX executable judas_resource_stress
[ 92%] Built target judas_editor
[ 92%] Building CXX object CMakeFiles/judas_uniform_gravity_scene_tests.dir/tests/UniformGravitySceneTests.cpp.o
[ 92%] Built target judas_resource_stress
[ 92%] Building CXX object CMakeFiles/judas_async_application_tests.dir/src/RuntimeDiagnostics.cpp.o
[ 92%] Building CXX object CMakeFiles/judas_async_application_tests.dir/src/TestHarness.cpp.o
[ 93%] Building CXX object CMakeFiles/judas_async_application_tests.dir/tests/AsyncApplicationTests.cpp.o
[ 94%] Linking CXX executable judas_world_state_tests
[ 94%] Built target judas_world_state_tests
[ 95%] Built target judas_contact_geometry_tests
[ 95%] Built target judas_contact_lifecycle_tests
[ 95%] Built target judas_contact_cache_tests
[ 96%] Built target judas_contact_storage_tests
[ 97%] Built target judas_timing_defect_probe
[ 97%] Built target judas_rigid_motion_tests
[ 97%] Built target judas_impact_solver_tests
[ 97%] Building CXX object CMakeFiles/judas_poisson_policy_witness.dir/tests/PoissonPolicyWitness.cpp.o
[ 97%] Built target judas_impact_timing_tests
[ 98%] Linking CXX executable judas_poisson_policy_witness
[ 99%] Linking CXX executable judas_uniform_gravity_scene_tests
[ 99%] Built target judas_poisson_policy_witness
[ 99%] Built target judas_uniform_gravity_scene_tests
[100%] Linking CXX executable judas_async_application_tests
[100%] Built target judas_async_application_tests
