JS: SKATER start rails=8 autopilot=false
JS: STREAM t=0.00 street-0 - -> unloaded entities=0 prepMs=0.00 integMs=0.00 largestUnitMs=0.00 skater=(36.60,-18.43,-250.00) v=0.0
JS: STREAM t=0.00 street-1 - -> unloaded entities=0 prepMs=0.00 integMs=0.00 largestUnitMs=0.00 skater=(36.60,-18.43,-250.00) v=0.0
JS: STREAM t=0.00 street-2 - -> unloaded entities=0 prepMs=0.00 integMs=0.00 largestUnitMs=0.00 skater=(36.60,-18.43,-250.00) v=0.0
JS: STREAM t=0.00 street-3 - -> unloaded entities=0 prepMs=0.00 integMs=0.00 largestUnitMs=0.00 skater=(36.60,-18.43,-250.00) v=0.0
JS: STREAM t=0.00 street-4 - -> unloaded entities=0 prepMs=0.00 integMs=0.00 largestUnitMs=0.00 skater=(36.60,-18.43,-250.00) v=0.0
JS: STREAM t=0.00 street-0 unloaded -> prepared entities=11 prepMs=2.48 integMs=0.00 largestUnitMs=0.00 skater=(36.60,-18.45,-250.00) v=0.2
JS: STREAM t=0.00 street-1 unloaded -> prepared entities=9 prepMs=2.63 integMs=0.00 largestUnitMs=0.00 skater=(36.60,-18.45,-250.00) v=0.2
JS: STREAM t=0.00 street-2 unloaded -> prepared entities=9 prepMs=2.08 integMs=0.00 largestUnitMs=0.00 skater=(36.60,-18.45,-250.00) v=0.2
JS: STREAM t=0.00 street-3 unloaded -> prepared entities=11 prepMs=1.74 integMs=0.00 largestUnitMs=0.00 skater=(36.60,-18.45,-250.00) v=0.2
JS: STREAM t=0.00 street-0 prepared -> active entities=11 prepMs=2.48 integMs=0.40 largestUnitMs=0.04 skater=(36.60,-18.50,-250.00) v=0.2
JS: STREAM t=0.00 street-1 prepared -> installing entities=9 prepMs=2.63 integMs=0.00 largestUnitMs=0.00 skater=(36.60,-18.50,-250.00) v=0.2
JS: STREAM t=0.00 street-1 installing -> active entities=9 prepMs=2.63 integMs=0.28 largestUnitMs=0.03 skater=(36.60,-18.51,-250.00) v=0.2
JS: STREAM t=0.00 street-2 prepared -> installing entities=9 prepMs=2.08 integMs=0.03 largestUnitMs=0.02 skater=(36.60,-18.51,-250.00) v=0.2
JS: STREAM t=0.00 street-3 prepared -> installing entities=11 prepMs=1.74 integMs=0.02 largestUnitMs=0.01 skater=(36.60,-18.51,-250.00) v=0.2
JS: STREAM t=0.00 street-2 installing -> active entities=9 prepMs=2.08 integMs=0.27 largestUnitMs=0.05 skater=(36.60,-18.53,-250.00) v=0.2
JS: STREAM t=0.00 street-3 installing -> active entities=11 prepMs=1.74 integMs=0.34 largestUnitMs=0.05 skater=(36.60,-18.54,-250.00) v=0.2
JS: TEL t=0.10 mode=ride g=1 p=(36.60,-18.49,-250.01) v=0.84 vy=0.82 n=(0.00,0.99,-0.10) up=(0.00,1.00,-0.08) c=4 drop=0.217 E=-181.06 score=0 combo=0
JS: TEL t=0.20 mode=ride g=1 p=(36.60,-18.45,-250.03) v=0.42 vy=0.37 n=(0.00,0.99,-0.10) up=(0.00,1.00,-0.10) c=4 drop=0.261 E=-180.90 score=0 combo=0
JS: TEL t=0.30 mode=ride g=1 p=(36.60,-18.44,-250.06) v=0.35 vy=0.21 n=(0.00,0.99,-0.10) up=(0.00,0.99,-0.10) c=4 drop=0.276 E=-180.80 score=0 combo=0
JS: TEL t=0.40 mode=ride g=1 p=(36.60,-18.44,-250.09) v=0.40 vy=0.15 n=(0.00,0.99,-0.10) up=(0.00,0.99,-0.10) c=4 drop=0.281 E=-180.77 score=0 combo=0
JS: TEL t=0.50 mode=ride g=1 p=(36.60,-18.44,-250.13) v=0.48 vy=0.12 n=(0.00,0.99,-0.10) up=(0.00,0.99,-0.10) c=4 drop=0.283 E=-180.76 score=0 combo=0
JS: TEL t=0.60 mode=ride g=1 p=(36.60,-18.44,-250.18) v=0.56 vy=0.11 n=(0.00,0.99,-0.10) up=(0.00,0.99,-0.10) c=4 drop=0.283 E=-180.76 score=0 combo=0
JS: TEL t=0.70 mode=ride g=1 p=(36.60,-18.45,-250.24) v=0.65 vy=0.10 n=(0.00,0.99,-0.10) up=(0.00,0.99,-0.10) c=4 drop=0.284 E=-180.77 score=0 combo=0
JS: TEL t=0.80 mode=ride g=1 p=(36.60,-18.46,-250.31) v=0.74 vy=0.09 n=(0.00,0.99,-0.10) up=(0.00,0.99,-0.10) c=4 drop=0.284 E=-180.77 score=0 combo=0
JS: TEL t=0.90 mode=ride g=1 p=(36.60,-18.46,-250.38) v=0.83 vy=0.08 n=(0.00,0.99,-0.10) up=(0.00,0.99,-0.10) c=4 drop=0.284 E=-180.78 score=0 combo=0
JS: POS t=1.00 p=(36.60,-18.47,-250.47) score=0
JS: TEL t=1.00 mode=ride g=1 p=(36.60,-18.47,-250.47) v=0.92 vy=0.07 n=(0.00,0.99,-0.10) up=(0.00,0.99,-0.10) c=4 drop=0.284 E=-180.79 score=0 combo=0
JS: TEL t=1.10 mode=ride g=1 p=(36.60,-18.48,-250.57) v=1.01 vy=0.06 n=(0.00,0.99,-0.10) up=(0.00,0.99,-0.10) c=4 drop=0.284 E=-180.80 score=0 combo=0
JS: TEL t=1.20 mode=ride g=1 p=(36.60,-18.49,-250.67) v=1.11 vy=0.05 n=(0.00,0.99,-0.10) up=(0.00,0.99,-0.10) c=4 drop=0.284 E=-180.81 score=0 combo=0
JS: TEL t=1.30 mode=ride g=1 p=(36.60,-18.51,-250.79) v=1.20 vy=0.04 n=(0.00,0.99,-0.10) up=(0.00,0.99,-0.10) c=4 drop=0.284 E=-180.83 score=0 combo=0
JS: TEL t=1.40 mode=ride g=1 p=(36.60,-18.52,-250.91) v=1.29 vy=0.03 n=(0.00,0.99,-0.10) up=(0.00,0.99,-0.10) c=4 drop=0.284 E=-180.84 score=0 combo=0
JS: TEL t=1.50 mode=ride g=1 p=(36.60,-18.53,-251.04) v=1.38 vy=0.02 n=(0.00,0.99,-0.10) up=(0.00,0.99,-0.10) c=4 drop=0.284 E=-180.86 score=0 combo=0
JS: TEL t=1.60 mode=ride g=1 p=(36.60,-18.55,-251.18) v=1.47 vy=0.01 n=(0.00,0.99,-0.10) up=(0.00,0.99,-0.10) c=4 drop=0.284 E=-180.87 score=0 combo=0
JS: TEL t=1.70 mode=ride g=1 p=(36.60,-18.56,-251.34) v=1.56 vy=-0.00 n=(0.00,0.99,-0.10) up=(0.00,0.99,-0.10) c=4 drop=0.284 E=-180.89 score=0 combo=0
JS: TEL t=1.80 mode=ride g=1 p=(36.60,-18.58,-251.50) v=1.65 vy=-0.01 n=(0.00,0.99,-0.10) up=(0.00,0.99,-0.10) c=4 drop=0.284 E=-180.91 score=0 combo=0
JS: TEL t=1.90 mode=ride g=1 p=(36.60,-18.60,-251.66) v=1.74 vy=-0.02 n=(0.00,0.99,-0.10) up=(0.00,0.99,-0.10) c=4 drop=0.284 E=-180.93 score=0 combo=0
JS: POS t=2.00 p=(36.60,-18.62,-251.84) score=0
JS: TEL t=2.00 mode=ride g=1 p=(36.60,-18.62,-251.84) v=1.83 vy=-0.03 n=(0.00,0.99,-0.10) up=(0.00,0.99,-0.10) c=4 drop=0.284 E=-180.95 score=0 combo=0
JS: TEL t=2.10 mode=ride g=1 p=(36.60,-18.64,-252.03) v=1.93 vy=-0.04 n=(0.00,0.99,-0.10) up=(0.00,0.99,-0.10) c=4 drop=0.284 E=-180.97 score=0 combo=0
JS: TEL t=2.20 mode=ride g=1 p=(36.60,-18.66,-252.23) v=2.02 vy=-0.05 n=(0.00,0.99,-0.10) up=(0.00,0.99,-0.10) c=4 drop=0.284 E=-180.99 score=0 combo=0
JS: TEL t=2.30 mode=ride g=1 p=(36.60,-18.68,-252.43) v=2.11 vy=-0.06 n=(0.00,0.99,-0.10) up=(0.00,0.99,-0.10) c=4 drop=0.284 E=-181.02 score=0 combo=0
JS: TEL t=2.40 mode=ride g=1 p=(36.60,-18.70,-252.65) v=2.20 vy=-0.07 n=(0.00,0.99,-0.10) up=(0.00,0.99,-0.10) c=4 drop=0.284 E=-181.04 score=0 combo=0
JS: TEL t=2.50 mode=ride g=1 p=(36.60,-18.72,-252.87) v=2.29 vy=-0.08 n=(0.00,0.99,-0.10) up=(0.00,0.99,-0.10) c=4 drop=0.284 E=-181.07 score=0 combo=0
JS: TEL t=2.60 mode=ride g=1 p=(36.60,-18.75,-253.10) v=2.38 vy=-0.09 n=(0.00,0.99,-0.10) up=(0.00,0.99,-0.10) c=4 drop=0.284 E=-181.10 score=0 combo=0
JS: TEL t=2.70 mode=ride g=1 p=(36.60,-18.77,-253.34) v=2.47 vy=-0.10 n=(0.00,0.99,-0.10) up=(0.00,0.99,-0.10) c=4 drop=0.284 E=-181.13 score=0 combo=0
JS: TEL t=2.80 mode=ride g=1 p=(36.60,-18.80,-253.59) v=2.56 vy=-0.11 n=(0.00,0.99,-0.10) up=(0.00,0.99,-0.10) c=4 drop=0.284 E=-181.16 score=0 combo=0
JS: TEL t=2.90 mode=ride g=1 p=(36.60,-18.83,-253.85) v=2.65 vy=-0.11 n=(0.00,0.99,-0.10) up=(0.00,0.99,-0.10) c=4 drop=0.284 E=-181.19 score=0 combo=0
JS: POS t=3.00 p=(36.60,-18.86,-254.12) score=0
JS: TEL t=3.00 mode=ride g=1 p=(36.60,-18.86,-254.12) v=2.74 vy=-0.12 n=(0.00,0.99,-0.10) up=(0.00,0.99,-0.10) c=4 drop=0.284 E=-181.23 score=0 combo=0
JS: REVIEW backtrack {"x":0,"y":3.28,"z":23}
JS: TEL t=3.10 mode=ride g=1 p=(0.00,3.28,23.00) v=0.20 vy=0.20 n=(0.00,1.00,0.00) up=(0.00,1.00,-0.04) c=4 drop=0.280 E=32.20 score=0 combo=0
JS: STREAM t=3.20 street-1 active -> unloaded entities=9 prepMs=2.63 integMs=1.54 largestUnitMs=0.58 skater=(0.00,3.28,23.00) v=0.0
JS: STREAM t=3.20 street-2 active -> unloaded entities=9 prepMs=2.08 integMs=1.08 largestUnitMs=0.34 skater=(0.00,3.28,23.00) v=0.0
JS: STREAM t=3.20 street-3 active -> unloaded entities=11 prepMs=1.74 integMs=1.11 largestUnitMs=0.41 skater=(0.00,3.28,23.00) v=0.0
JS: TEL t=3.20 mode=ride g=1 p=(0.00,3.28,23.00) v=0.18 vy=0.18 n=(0.00,1.00,0.00) up=(0.00,1.00,-0.01) c=4 drop=0.282 E=32.22 score=0 combo=0
JS: TEL t=3.30 mode=ride g=1 p=(0.00,3.28,23.00) v=0.17 vy=0.17 n=(0.00,1.00,0.00) up=(0.00,1.00,-0.00) c=4 drop=0.283 E=32.22 score=0 combo=0
JS: TEL t=3.40 mode=ride g=1 p=(0.00,3.28,23.00) v=0.16 vy=0.16 n=(0.00,1.00,0.00) up=(0.00,1.00,-0.00) c=4 drop=0.284 E=32.22 score=0 combo=0
JS: TEL t=3.50 mode=ride g=1 p=(0.00,3.28,23.00) v=0.16 vy=0.16 n=(0.00,1.00,0.00) up=(0.00,1.00,-0.00) c=4 drop=0.284 E=32.23 score=0 combo=0
JS: TEL t=3.60 mode=ride g=1 p=(0.00,3.28,23.00) v=0.16 vy=0.16 n=(0.00,1.00,0.00) up=(0.00,1.00,-0.00) c=4 drop=0.284 E=32.23 score=0 combo=0
JS: TEL t=3.70 mode=ride g=1 p=(0.00,3.28,23.00) v=0.16 vy=0.16 n=(0.00,1.00,0.00) up=(0.00,1.00,-0.00) c=4 drop=0.284 E=32.23 score=0 combo=0
JS: TEL t=3.80 mode=ride g=1 p=(0.00,3.28,23.00) v=0.16 vy=0.16 n=(0.00,1.00,0.00) up=(0.00,1.00,-0.00) c=4 drop=0.284 E=32.23 score=0 combo=0
JS: TEL t=3.90 mode=ride g=1 p=(0.00,3.28,23.00) v=0.16 vy=0.16 n=(0.00,1.00,0.00) up=(0.00,1.00,-0.00) c=4 drop=0.284 E=32.23 score=0 combo=0
JS: POS t=4.00 p=(0.00,3.28,23.00) score=0
JS: TEL t=4.00 mode=ride g=1 p=(0.00,3.28,23.00) v=0.16 vy=0.16 n=(0.00,1.00,0.00) up=(0.00,1.00,-0.00) c=4 drop=0.284 E=32.23 score=0 combo=0
JS: TEL t=4.10 mode=ride g=1 p=(0.00,3.28,23.00) v=0.16 vy=0.16 n=(0.00,1.00,0.00) up=(0.00,1.00,-0.00) c=4 drop=0.284 E=32.23 score=0 combo=0
JS: TEL t=4.20 mode=ride g=1 p=(0.00,3.28,23.00) v=0.16 vy=0.16 n=(0.00,1.00,0.00) up=(0.00,1.00,-0.00) c=4 drop=0.284 E=32.23 score=0 combo=0
JS: TEL t=4.30 mode=ride g=1 p=(0.00,3.28,23.00) v=0.16 vy=0.16 n=(0.00,1.00,0.00) up=(0.00,1.00,-0.00) c=4 drop=0.284 E=32.23 score=0 combo=0
JS: TEL t=4.40 mode=ride g=1 p=(0.00,3.28,23.00) v=0.16 vy=0.16 n=(0.00,1.00,0.00) up=(0.00,1.00,-0.00) c=4 drop=0.284 E=32.23 score=0 combo=0
JS: TEL t=4.50 mode=ride g=1 p=(0.00,3.28,23.00) v=0.16 vy=0.16 n=(0.00,1.00,0.00) up=(0.00,1.00,-0.00) c=4 drop=0.284 E=32.23 score=0 combo=0
JS: TEL t=4.60 mode=ride g=1 p=(0.00,3.28,23.00) v=0.16 vy=0.16 n=(0.00,1.00,0.00) up=(0.00,1.00,-0.00) c=4 drop=0.284 E=32.23 score=0 combo=0
JS: TEL t=4.70 mode=ride g=1 p=(0.00,3.28,23.00) v=0.16 vy=0.16 n=(0.00,1.00,0.00) up=(0.00,1.00,-0.00) c=4 drop=0.284 E=32.23 score=0 combo=0
JS: TEL t=4.80 mode=ride g=1 p=(0.00,3.28,23.00) v=0.16 vy=0.16 n=(0.00,1.00,0.00) up=(0.00,1.00,-0.00) c=4 drop=0.284 E=32.23 score=0 combo=0
JS: TEL t=4.90 mode=ride g=1 p=(0.00,3.28,23.00) v=0.16 vy=0.16 n=(0.00,1.00,0.00) up=(0.00,1.00,-0.00) c=4 drop=0.284 E=32.23 score=0 combo=0
JS: POS t=5.00 p=(0.00,3.28,23.00) score=0
JS: TEL t=5.00 mode=ride g=1 p=(0.00,3.28,23.00) v=0.16 vy=0.16 n=(0.00,1.00,0.00) up=(0.00,1.00,-0.00) c=4 drop=0.284 E=32.23 score=0 combo=0
JS: TEL t=5.10 mode=ride g=1 p=(0.00,3.28,23.00) v=0.16 vy=0.16 n=(0.00,1.00,0.00) up=(0.00,1.00,-0.00) c=4 drop=0.284 E=32.23 score=0 combo=0
JS: TEL t=5.20 mode=ride g=1 p=(0.00,3.28,23.00) v=0.16 vy=0.16 n=(0.00,1.00,0.00) up=(0.00,1.00,-0.00) c=4 drop=0.284 E=32.23 score=0 combo=0
JS: TEL t=5.30 mode=ride g=1 p=(0.00,3.28,23.00) v=0.16 vy=0.16 n=(0.00,1.00,0.00) up=(0.00,1.00,-0.00) c=4 drop=0.284 E=32.23 score=0 combo=0
JS: TEL t=5.40 mode=ride g=1 p=(0.00,3.28,23.00) v=0.16 vy=0.16 n=(0.00,1.00,0.00) up=(0.00,1.00,-0.00) c=4 drop=0.284 E=32.23 score=0 combo=0
JS: TEL t=5.50 mode=ride g=1 p=(0.00,3.28,23.00) v=0.16 vy=0.16 n=(0.00,1.00,0.00) up=(0.00,1.00,-0.00) c=4 drop=0.284 E=32.23 score=0 combo=0
JS: TEL t=5.60 mode=ride g=1 p=(0.00,3.28,23.00) v=0.16 vy=0.16 n=(0.00,1.00,0.00) up=(0.00,1.00,-0.00) c=4 drop=0.284 E=32.23 score=0 combo=0
JS: TEL t=5.70 mode=ride g=1 p=(0.00,3.28,23.00) v=0.16 vy=0.16 n=(0.00,1.00,0.00) up=(0.00,1.00,-0.00) c=4 drop=0.284 E=32.23 score=0 combo=0
JS: TEL t=5.80 mode=ride g=1 p=(0.00,3.28,23.00) v=0.16 vy=0.16 n=(0.00,1.00,0.00) up=(0.00,1.00,-0.00) c=4 drop=0.284 E=32.23 score=0 combo=0
JS: TEL t=5.90 mode=ride g=1 p=(0.00,3.28,23.00) v=0.16 vy=0.16 n=(0.00,1.00,0.00) up=(0.00,1.00,-0.00) c=4 drop=0.284 E=32.23 score=0 combo=0
JS: POS t=6.00 p=(0.00,3.28,23.00) score=0
JS: TEL t=6.00 mode=ride g=1 p=(0.00,3.28,23.00) v=0.16 vy=0.16 n=(0.00,1.00,0.00) up=(0.00,1.00,-0.00) c=4 drop=0.284 E=32.23 score=0 combo=0
JS: TEL t=6.10 mode=ride g=1 p=(0.00,3.28,23.00) v=0.16 vy=0.16 n=(0.00,1.00,0.00) up=(0.00,1.00,-0.00) c=4 drop=0.284 E=32.23 score=0 combo=0
JS: TEL t=6.20 mode=ride g=1 p=(0.00,3.28,23.00) v=0.16 vy=0.16 n=(0.00,1.00,0.00) up=(0.00,1.00,-0.00) c=4 drop=0.284 E=32.23 score=0 combo=0
JS: TEL t=6.30 mode=ride g=1 p=(0.00,3.28,23.00) v=0.16 vy=0.16 n=(0.00,1.00,0.00) up=(0.00,1.00,-0.00) c=4 drop=0.284 E=32.23 score=0 combo=0
JS: TEL t=6.40 mode=ride g=1 p=(0.00,3.28,23.00) v=0.16 vy=0.16 n=(0.00,1.00,0.00) up=(0.00,1.00,-0.00) c=4 drop=0.284 E=32.23 score=0 combo=0
JS: TEL t=6.50 mode=ride g=1 p=(0.00,3.28,23.00) v=0.16 vy=0.16 n=(0.00,1.00,0.00) up=(0.00,1.00,-0.00) c=4 drop=0.284 E=32.23 score=0 combo=0
JS: TEL t=6.60 mode=ride g=1 p=(0.00,3.28,23.00) v=0.16 vy=0.16 n=(0.00,1.00,0.00) up=(0.00,1.00,-0.00) c=4 drop=0.284 E=32.23 score=0 combo=0
JS: TEL t=6.70 mode=ride g=1 p=(0.00,3.28,23.00) v=0.16 vy=0.16 n=(0.00,1.00,0.00) up=(0.00,1.00,-0.00) c=4 drop=0.284 E=32.23 score=0 combo=0
JS: TEL t=6.80 mode=ride g=1 p=(0.00,3.28,23.00) v=0.16 vy=0.16 n=(0.00,1.00,0.00) up=(0.00,1.00,-0.00) c=4 drop=0.284 E=32.23 score=0 combo=0
JS: TEL t=6.90 mode=ride g=1 p=(0.00,3.28,23.00) v=0.16 vy=0.16 n=(0.00,1.00,0.00) up=(0.00,1.00,-0.00) c=4 drop=0.284 E=32.23 score=0 combo=0
JS: POS t=7.00 p=(0.00,3.28,23.00) score=0
JS: TEL t=7.00 mode=ride g=1 p=(0.00,3.28,23.00) v=0.16 vy=0.16 n=(0.00,1.00,0.00) up=(0.00,1.00,-0.00) c=4 drop=0.284 E=32.23 score=0 combo=0
JS: REVIEW backtrack {"x":36.6,"y":-18.43,"z":-250}
JS: TEL t=7.10 mode=ride g=0 p=(36.60,-18.47,-250.00) v=0.82 vy=-0.82 n=(0.00,1.00,0.00) up=(0.00,1.00,-0.00) c=0 drop=0.300 E=-180.87 score=0 combo=0
JS: STREAM t=7.20 street-1 unloaded -> installing entities=9 prepMs=1.23 integMs=1.86 largestUnitMs=0.58 skater=(36.60,-18.61,-250.00) v=1.8
JS: STREAM t=7.20 street-2 unloaded -> prepared entities=9 prepMs=1.27 integMs=1.11 largestUnitMs=0.34 skater=(36.60,-18.61,-250.00) v=1.8
JS: STREAM t=7.20 street-3 unloaded -> installing entities=11 prepMs=1.60 integMs=1.11 largestUnitMs=0.41 skater=(36.60,-18.61,-250.00) v=1.8
JS: TEL t=7.20 mode=ride g=0 p=(36.60,-18.61,-250.00) v=1.80 vy=-1.80 n=(0.00,1.00,0.00) up=(0.00,1.00,-0.00) c=0 drop=0.300 E=-180.95 score=0 combo=0
JS: STREAM t=7.30 street-1 installing -> active entities=9 prepMs=1.23 integMs=1.89 largestUnitMs=0.58 skater=(36.60,-18.85,-250.00) v=2.8
JS: STREAM t=7.30 street-2 prepared -> active entities=9 prepMs=1.27 integMs=1.53 largestUnitMs=0.34 skater=(36.60,-18.85,-250.00) v=2.8
JS: TEL t=7.30 mode=ride g=1 p=(36.60,-18.85,-250.00) v=3.01 vy=2.95 n=(0.00,0.99,-0.10) up=(0.00,1.00,-0.00) c=4 drop=-0.136 E=-180.35 score=0 combo=0
JS: STREAM t=7.40 street-3 installing -> active entities=11 prepMs=1.60 integMs=1.52 largestUnitMs=0.41 skater=(36.60,-18.53,-250.07) v=1.2
JS: TEL t=7.40 mode=ride g=1 p=(36.60,-18.53,-250.07) v=1.21 vy=1.11 n=(0.00,0.99,-0.10) up=(0.00,1.00,-0.08) c=4 drop=0.185 E=-181.04 score=0 combo=0
JS: TEL t=7.50 mode=ride g=1 p=(36.60,-18.47,-250.12) v=0.68 vy=0.44 n=(0.00,0.99,-0.10) up=(0.00,0.99,-0.10) c=4 drop=0.251 E=-180.95 score=0 combo=0
JS: TEL t=7.60 mode=ride g=1 p=(36.60,-18.45,-250.17) v=0.63 vy=0.21 n=(0.00,0.99,-0.10) up=(0.00,0.99,-0.10) c=4 drop=0.273 E=-180.82 score=0 combo=0
JS: TEL t=7.70 mode=ride g=1 p=(36.60,-18.45,-250.24) v=0.69 vy=0.13 n=(0.00,0.99,-0.10) up=(0.00,0.99,-0.10) c=4 drop=0.280 E=-180.77 score=0 combo=0
JS: TEL t=7.80 mode=ride g=1 p=(36.60,-18.46,-250.31) v=0.77 vy=0.10 n=(0.00,0.99,-0.10) up=(0.00,0.99,-0.10) c=4 drop=0.282 E=-180.76 score=0 combo=0
JS: TEL t=7.90 mode=ride g=1 p=(36.60,-18.46,-250.39) v=0.86 vy=0.08 n=(0.00,0.99,-0.10) up=(0.00,0.99,-0.10) c=4 drop=0.283 E=-180.77 score=0 combo=0
JS: POS t=8.00 p=(36.60,-18.47,-250.48) score=0
JS: TEL t=8.00 mode=ride g=1 p=(36.60,-18.47,-250.48) v=0.95 vy=0.07 n=(0.00,0.99,-0.10) up=(0.00,0.99,-0.10) c=4 drop=0.284 E=-180.77 score=0 combo=0
JS: TEL t=8.10 mode=ride g=1 p=(36.60,-18.48,-250.58) v=1.04 vy=0.05 n=(0.00,0.99,-0.10) up=(0.00,0.99,-0.10) c=4 drop=0.284 E=-180.78 score=0 combo=0
JS: TEL t=8.20 mode=ride g=1 p=(36.60,-18.50,-250.68) v=1.13 vy=0.04 n=(0.00,0.99,-0.10) up=(0.00,0.99,-0.10) c=4 drop=0.284 E=-180.80 score=0 combo=0
JS: TEL t=8.30 mode=ride g=1 p=(36.60,-18.51,-250.80) v=1.22 vy=0.04 n=(0.00,0.99,-0.10) up=(0.00,0.99,-0.10) c=4 drop=0.284 E=-180.81 score=0 combo=0
JS: TEL t=8.40 mode=ride g=1 p=(36.60,-18.52,-250.93) v=1.31 vy=0.03 n=(0.00,0.99,-0.10) up=(0.00,0.99,-0.10) c=4 drop=0.284 E=-180.82 score=0 combo=0
JS: TEL t=8.50 mode=ride g=1 p=(36.60,-18.53,-251.06) v=1.41 vy=0.02 n=(0.00,0.99,-0.10) up=(0.00,0.99,-0.10) c=4 drop=0.284 E=-180.84 score=0 combo=0
JS: TEL t=8.60 mode=ride g=1 p=(36.60,-18.55,-251.21) v=1.50 vy=0.01 n=(0.00,0.99,-0.10) up=(0.00,0.99,-0.10) c=4 drop=0.284 E=-180.85 score=0 combo=0
JS: TEL t=8.70 mode=ride g=1 p=(36.60,-18.57,-251.36) v=1.59 vy=-0.00 n=(0.00,0.99,-0.10) up=(0.00,0.99,-0.10) c=4 drop=0.284 E=-180.87 score=0 combo=0
JS: TEL t=8.80 mode=ride g=1 p=(36.60,-18.58,-251.52) v=1.68 vy=-0.01 n=(0.00,0.99,-0.10) up=(0.00,0.99,-0.10) c=4 drop=0.284 E=-180.89 score=0 combo=0
JS: TEL t=8.90 mode=ride g=1 p=(36.60,-18.60,-251.69) v=1.77 vy=-0.02 n=(0.00,0.99,-0.10) up=(0.00,0.99,-0.10) c=4 drop=0.284 E=-180.91 score=0 combo=0
JS: POS t=9.00 p=(36.60,-18.62,-251.87) score=0
JS: TEL t=9.00 mode=ride g=1 p=(36.60,-18.62,-251.87) v=1.86 vy=-0.03 n=(0.00,0.99,-0.10) up=(0.00,0.99,-0.10) c=4 drop=0.284 E=-180.93 score=0 combo=0
JS: TEL t=9.10 mode=ride g=1 p=(36.60,-18.64,-252.06) v=1.95 vy=-0.04 n=(0.00,0.99,-0.10) up=(0.00,0.99,-0.10) c=4 drop=0.284 E=-180.95 score=0 combo=0
JS: TEL t=9.20 mode=ride g=1 p=(36.60,-18.66,-252.26) v=2.04 vy=-0.05 n=(0.00,0.99,-0.10) up=(0.00,0.99,-0.10) c=4 drop=0.284 E=-180.98 score=0 combo=0
JS: TEL t=9.30 mode=ride g=1 p=(36.60,-18.68,-252.47) v=2.13 vy=-0.06 n=(0.00,0.99,-0.10) up=(0.00,0.99,-0.10) c=4 drop=0.284 E=-181.00 score=0 combo=0
JS: TEL t=9.40 mode=ride g=1 p=(36.60,-18.71,-252.69) v=2.22 vy=-0.07 n=(0.00,0.99,-0.10) up=(0.00,0.99,-0.10) c=4 drop=0.284 E=-181.03 score=0 combo=0
JS: TEL t=9.50 mode=ride g=1 p=(36.60,-18.73,-252.91) v=2.31 vy=-0.08 n=(0.00,0.99,-0.10) up=(0.00,0.99,-0.10) c=4 drop=0.284 E=-181.06 score=0 combo=0
JS: TEL t=9.60 mode=ride g=1 p=(36.60,-18.75,-253.15) v=2.41 vy=-0.09 n=(0.00,0.99,-0.10) up=(0.00,0.99,-0.10) c=4 drop=0.284 E=-181.09 score=0 combo=0
JS: TEL t=9.70 mode=ride g=1 p=(36.60,-18.78,-253.39) v=2.50 vy=-0.10 n=(0.00,0.99,-0.10) up=(0.00,0.99,-0.10) c=4 drop=0.284 E=-181.12 score=0 combo=0
JS: TEL t=9.80 mode=ride g=1 p=(36.60,-18.81,-253.65) v=2.59 vy=-0.11 n=(0.00,0.99,-0.10) up=(0.00,0.99,-0.10) c=4 drop=0.284 E=-181.15 score=0 combo=0
JS: TEL t=9.90 mode=ride g=1 p=(36.60,-18.83,-253.91) v=2.68 vy=-0.12 n=(0.00,0.99,-0.10) up=(0.00,0.99,-0.10) c=4 drop=0.284 E=-181.18 score=0 combo=0
JS: POS t=10.00 p=(36.60,-18.86,-254.18) score=0
JS: TEL t=10.00 mode=ride g=1 p=(36.60,-18.86,-254.18) v=2.77 vy=-0.13 n=(0.00,0.99,-0.10) up=(0.00,0.99,-0.10) c=4 drop=0.284 E=-181.22 score=0 combo=0
JS: TEL t=10.10 mode=ride g=1 p=(36.60,-18.89,-254.46) v=2.85 vy=-0.14 n=(0.00,0.99,-0.10) up=(0.00,0.99,-0.10) c=4 drop=0.284 E=-181.25 score=0 combo=0
JS: TEL t=10.20 mode=ride g=1 p=(36.60,-18.92,-254.75) v=2.94 vy=-0.15 n=(0.00,0.99,-0.10) up=(0.00,0.99,-0.10) c=4 drop=0.284 E=-181.29 score=0 combo=0
JS: TEL t=10.30 mode=ride g=1 p=(36.60,-18.95,-255.05) v=3.03 vy=-0.15 n=(0.00,0.99,-0.10) up=(0.00,0.99,-0.10) c=4 drop=0.284 E=-181.33 score=0 combo=0
JS: TEL t=10.40 mode=ride g=1 p=(36.60,-18.99,-255.35) v=3.12 vy=-0.16 n=(0.00,0.99,-0.10) up=(0.00,0.99,-0.10) c=4 drop=0.284 E=-181.38 score=0 combo=0
JS: TEL t=10.50 mode=ride g=1 p=(36.60,-19.02,-255.67) v=3.21 vy=-0.17 n=(0.00,0.99,-0.10) up=(0.00,0.99,-0.10) c=4 drop=0.284 E=-181.42 score=0 combo=0
JS: TEL t=10.60 mode=ride g=1 p=(36.60,-19.05,-255.99) v=3.30 vy=-0.18 n=(0.00,0.99,-0.10) up=(0.00,0.99,-0.10) c=4 drop=0.284 E=-181.46 score=0 combo=0
JS: TEL t=10.70 mode=ride g=1 p=(36.60,-19.09,-256.33) v=3.39 vy=-0.19 n=(0.00,0.99,-0.10) up=(0.00,0.99,-0.10) c=4 drop=0.284 E=-181.51 score=0 combo=0
JS: TEL t=10.80 mode=ride g=1 p=(36.60,-19.12,-256.67) v=3.48 vy=-0.20 n=(0.00,0.99,-0.10) up=(0.00,0.99,-0.10) c=4 drop=0.284 E=-181.56 score=0 combo=0
JS: TEL t=10.90 mode=ride g=1 p=(36.60,-19.16,-257.02) v=3.57 vy=-0.21 n=(0.00,0.99,-0.10) up=(0.00,0.99,-0.10) c=4 drop=0.284 E=-181.61 score=0 combo=0
JS: POS t=11.00 p=(36.60,-19.20,-257.38) score=0
JS: TEL t=11.00 mode=ride g=1 p=(36.60,-19.20,-257.38) v=3.65 vy=-0.22 n=(0.00,0.99,-0.10) up=(0.00,0.99,-0.10) c=4 drop=0.284 E=-181.67 score=0 combo=0
JS: TEL t=11.10 mode=ride g=1 p=(36.60,-19.24,-257.75) v=3.74 vy=-0.23 n=(0.00,0.99,-0.10) up=(0.00,0.99,-0.10) c=4 drop=0.284 E=-181.72 score=0 combo=0
JS: TEL t=11.20 mode=ride g=1 p=(36.60,-19.28,-258.12) v=3.83 vy=-0.24 n=(0.00,0.99,-0.10) up=(0.00,0.99,-0.10) c=4 drop=0.284 E=-181.78 score=0 combo=0
JS: TEL t=11.30 mode=ride g=1 p=(36.60,-19.32,-258.51) v=3.92 vy=-0.25 n=(0.00,0.99,-0.10) up=(0.00,0.99,-0.10) c=4 drop=0.284 E=-181.84 score=0 combo=0
JS: TEL t=11.40 mode=ride g=1 p=(36.60,-19.36,-258.90) v=4.00 vy=-0.26 n=(0.00,0.99,-0.10) up=(0.00,0.99,-0.10) c=4 drop=0.284 E=-181.90 score=0 combo=0
JS: TEL t=11.50 mode=ride g=1 p=(36.60,-19.40,-259.31) v=4.09 vy=-0.27 n=(0.00,0.99,-0.10) up=(0.00,0.99,-0.10) c=4 drop=0.284 E=-181.97 score=0 combo=0
JS: TEL t=11.60 mode=ride g=1 p=(36.60,-19.44,-259.72) v=4.18 vy=-0.27 n=(0.00,0.99,-0.10) up=(0.00,0.99,-0.10) c=4 drop=0.284 E=-182.03 score=0 combo=0
JS: TEL t=11.70 mode=ride g=1 p=(36.60,-19.49,-260.14) v=4.26 vy=-0.28 n=(0.00,0.99,-0.10) up=(0.00,0.99,-0.10) c=4 drop=0.284 E=-182.10 score=0 combo=0
JS: TEL t=11.80 mode=ride g=1 p=(36.60,-19.53,-260.57) v=4.35 vy=-0.29 n=(0.00,0.99,-0.10) up=(0.00,0.99,-0.10) c=4 drop=0.284 E=-182.18 score=0 combo=0
JS: TEL t=11.90 mode=ride g=1 p=(36.60,-19.58,-261.00) v=4.43 vy=-0.30 n=(0.00,0.99,-0.10) up=(0.00,0.99,-0.10) c=4 drop=0.284 E=-182.25 score=0 combo=0
JS: POS t=12.00 p=(36.60,-19.63,-261.45) score=0
JS: TEL t=12.00 mode=ride g=1 p=(36.60,-19.63,-261.45) v=4.52 vy=-0.31 n=(0.00,0.99,-0.10) up=(0.00,0.99,-0.10) c=4 drop=0.284 E=-182.33 score=0 combo=0
JS: TEL t=12.10 mode=ride g=1 p=(36.60,-19.67,-261.90) v=4.60 vy=-0.32 n=(0.00,0.99,-0.10) up=(0.00,0.99,-0.10) c=4 drop=0.284 E=-182.41 score=0 combo=0
JS: TEL t=12.20 mode=ride g=1 p=(36.60,-19.72,-262.37) v=4.69 vy=-0.33 n=(0.00,0.99,-0.10) up=(0.00,0.99,-0.10) c=4 drop=0.284 E=-182.49 score=0 combo=0
JS: TEL t=12.30 mode=ride g=1 p=(36.60,-19.77,-262.84) v=4.77 vy=-0.34 n=(0.00,0.99,-0.10) up=(0.00,0.99,-0.10) c=4 drop=0.284 E=-182.58 score=0 combo=0
JS: TEL t=12.40 mode=ride g=1 p=(36.60,-19.82,-263.32) v=4.86 vy=-0.35 n=(0.00,0.99,-0.10) up=(0.00,0.99,-0.10) c=4 drop=0.284 E=-182.66 score=0 combo=0
JS: TEL t=12.50 mode=ride g=1 p=(36.60,-19.87,-263.81) v=4.94 vy=-0.35 n=(0.00,0.99,-0.10) up=(0.00,0.99,-0.10) c=4 drop=0.284 E=-182.76 score=0 combo=0
JS: TEL t=12.60 mode=ride g=1 p=(36.60,-19.93,-264.30) v=5.03 vy=-0.36 n=(0.00,0.99,-0.10) up=(0.00,0.99,-0.10) c=4 drop=0.284 E=-182.85 score=0 combo=0
JS: TEL t=12.70 mode=ride g=1 p=(36.60,-19.98,-264.81) v=5.11 vy=-0.37 n=(0.00,0.99,-0.10) up=(0.00,0.99,-0.10) c=4 drop=0.284 E=-182.95 score=0 combo=0
JS: TEL t=12.80 mode=ride g=1 p=(36.60,-20.03,-265.32) v=5.19 vy=-0.38 n=(0.00,0.99,-0.10) up=(0.00,0.99,-0.10) c=4 drop=0.284 E=-183.05 score=0 combo=0
JS: TEL t=12.90 mode=ride g=1 p=(36.60,-20.09,-265.84) v=5.28 vy=-0.39 n=(0.00,0.99,-0.10) up=(0.00,0.99,-0.10) c=4 drop=0.284 E=-183.15 score=0 combo=0
JS: POS t=13.00 p=(36.60,-20.14,-266.37) score=0
JS: TEL t=13.00 mode=ride g=1 p=(36.60,-20.14,-266.37) v=5.36 vy=-0.40 n=(0.00,0.99,-0.10) up=(0.00,0.99,-0.10) c=4 drop=0.284 E=-183.26 score=0 combo=0
Consumer observation frames=840 scriptErrors=0
Renderer fragment texture units: 32 (material path uses 12)
World state: disk saves disabled for additive compositions
Project: Judas Three Games (/tmp/judas-post-m65-e9i1jwjo/project/post_m65_consumers.judasproj)
Scene: Judas Skate Park (/tmp/judas-post-m65-e9i1jwjo/project/Scenes/skate/park.judas)
World origin (m): 0.000, 0.000, 0.000
STREAM unit region=street-0 name=Streaming relocation begin ms=0.003851 budget=2.000
STREAM unit region=street-0 name=Streaming identity allocation ms=0.001410 budget=2.000
STREAM unit region=street-0 name=Streaming identity allocation ms=0.000400 budget=2.000
STREAM unit region=street-0 name=Streaming identity allocation ms=0.000291 budget=2.000
STREAM unit region=street-0 name=Streaming identity allocation ms=0.000220 budget=2.000
STREAM unit region=street-0 name=Streaming identity allocation ms=0.000317 budget=2.000
STREAM unit region=street-0 name=Streaming identity allocation ms=0.000259 budget=2.000
STREAM unit region=street-0 name=Streaming identity allocation ms=0.000218 budget=2.000
STREAM unit region=street-0 name=Streaming identity allocation ms=0.001011 budget=2.000
STREAM unit region=street-0 name=Streaming identity allocation ms=0.000345 budget=2.000
STREAM unit region=street-0 name=Streaming identity allocation ms=0.000386 budget=2.000
STREAM unit region=street-0 name=Streaming identity allocation ms=0.000373 budget=2.000
STREAM unit region=street-0 name=Streaming object relocation ms=0.020968 budget=2.000
STREAM unit region=street-0 name=Streaming object relocation ms=0.000973 budget=2.000
STREAM unit region=street-0 name=Streaming object relocation ms=0.021239 budget=2.000
STREAM unit region=street-0 name=Streaming object relocation ms=0.001265 budget=2.000
STREAM unit region=street-0 name=Streaming object relocation ms=0.022586 budget=2.000
STREAM unit region=street-0 name=Streaming object relocation ms=0.001276 budget=2.000
STREAM unit region=street-0 name=Streaming object relocation ms=0.010958 budget=2.000
STREAM unit region=street-0 name=Streaming object relocation ms=0.000851 budget=2.000
STREAM unit region=street-0 name=Streaming object relocation ms=0.000989 budget=2.000
STREAM unit region=street-0 name=Streaming object relocation ms=0.000927 budget=2.000
STREAM unit region=street-0 name=Streaming object relocation ms=0.000806 budget=2.000
STREAM unit region=street-0 name=Streaming hierarchy handoff ms=0.008874 budget=2.000
STREAM unit region=street-0 name=Streaming component registration ms=0.041269 budget=2.000
STREAM unit region=street-0 name=Streaming component registration ms=0.018875 budget=2.000
STREAM unit region=street-0 name=Streaming component registration ms=0.011517 budget=2.000
STREAM unit region=street-0 name=Streaming component registration ms=0.030239 budget=2.000
STREAM unit region=street-0 name=Streaming component registration ms=0.010950 budget=2.000
STREAM unit region=street-0 name=Streaming component registration ms=0.019137 budget=2.000
STREAM unit region=street-0 name=Streaming component registration ms=0.009802 budget=2.000
STREAM unit region=street-0 name=Streaming component registration ms=0.008890 budget=2.000
STREAM unit region=street-0 name=Streaming component registration ms=0.041113 budget=2.000
STREAM unit region=street-0 name=Streaming component registration ms=0.025723 budget=2.000
STREAM unit region=street-0 name=Streaming component registration ms=0.041489 budget=2.000
STREAM unit region=street-0 name=Streaming atomic publication ms=0.042603 budget=2.000
STREAM unit region=street-1 name=Streaming relocation begin ms=0.001110 budget=2.000
STREAM unit region=street-1 name=Streaming identity allocation ms=0.001966 budget=2.000
STREAM unit region=street-1 name=Streaming identity allocation ms=0.000692 budget=2.000
STREAM unit region=street-1 name=Streaming identity allocation ms=0.000422 budget=2.000
STREAM unit region=street-1 name=Streaming identity allocation ms=0.001160 budget=2.000
STREAM unit region=street-1 name=Streaming identity allocation ms=0.000430 budget=2.000
STREAM unit region=street-1 name=Streaming identity allocation ms=0.000425 budget=2.000
STREAM unit region=street-1 name=Streaming identity allocation ms=0.000460 budget=2.000
STREAM unit region=street-1 name=Streaming identity allocation ms=0.000503 budget=2.000
STREAM unit region=street-1 name=Streaming identity allocation ms=0.000433 budget=2.000
STREAM unit region=street-1 name=Streaming object relocation ms=0.011788 budget=2.000
STREAM unit region=street-1 name=Streaming object relocation ms=0.002054 budget=2.000
STREAM unit region=street-1 name=Streaming object relocation ms=0.031547 budget=2.000
STREAM unit region=street-1 name=Streaming object relocation ms=0.001241 budget=2.000
STREAM unit region=street-1 name=Streaming object relocation ms=0.015274 budget=2.000
STREAM unit region=street-1 name=Streaming object relocation ms=0.004808 budget=2.000
STREAM unit region=street-1 name=Streaming object relocation ms=0.001055 budget=2.000
STREAM unit region=street-1 name=Streaming object relocation ms=0.000914 budget=2.000
STREAM unit region=street-1 name=Streaming object relocation ms=0.001130 budget=2.000
STREAM unit region=street-1 name=Streaming hierarchy handoff ms=0.006029 budget=2.000
STREAM unit region=street-1 name=Streaming component registration ms=0.028598 budget=2.000
STREAM unit region=street-1 name=Streaming component registration ms=0.017141 budget=2.000
STREAM unit region=street-1 name=Streaming component registration ms=0.010814 budget=2.000
STREAM unit region=street-1 name=Streaming component registration ms=0.006410 budget=2.000
STREAM unit region=street-1 name=Streaming component registration ms=0.008713 budget=2.000
STREAM unit region=street-1 name=Streaming component registration ms=0.015470 budget=2.000
STREAM unit region=street-1 name=Streaming component registration ms=0.027430 budget=2.000
STREAM unit region=street-1 name=Streaming component registration ms=0.013363 budget=2.000
STREAM unit region=street-1 name=Streaming component registration ms=0.034051 budget=2.000
STREAM unit region=street-1 name=Streaming atomic publication ms=0.034154 budget=2.000
STREAM unit region=street-2 name=Streaming required resource request ms=0.024618 budget=2.000
STREAM unit region=street-3 name=Streaming relocation begin ms=0.000492 budget=2.000
STREAM unit region=street-3 name=Streaming identity allocation ms=0.001174 budget=2.000
STREAM unit region=street-3 name=Streaming identity allocation ms=0.000280 budget=2.000
STREAM unit region=street-3 name=Streaming identity allocation ms=0.000277 budget=2.000
STREAM unit region=street-3 name=Streaming identity allocation ms=0.000215 budget=2.000
STREAM unit region=street-3 name=Streaming identity allocation ms=0.000773 budget=2.000
STREAM unit region=street-3 name=Streaming identity allocation ms=0.000351 budget=2.000
STREAM unit region=street-3 name=Streaming identity allocation ms=0.000329 budget=2.000
STREAM unit region=street-3 name=Streaming identity allocation ms=0.009829 budget=2.000
STREAM unit region=street-3 name=Streaming identity allocation ms=0.000258 budget=2.000
STREAM unit region=street-3 name=Streaming identity allocation ms=0.000419 budget=2.000
STREAM unit region=street-3 name=Streaming identity allocation ms=0.000421 budget=2.000
STREAM unit region=street-3 name=Streaming object relocation ms=0.007787 budget=2.000
STREAM unit region=street-2 name=Streaming relocation begin ms=0.000625 budget=2.000
STREAM unit region=street-2 name=Streaming identity allocation ms=0.000562 budget=2.000
STREAM unit region=street-2 name=Streaming identity allocation ms=0.000273 budget=2.000
STREAM unit region=street-2 name=Streaming identity allocation ms=0.000219 budget=2.000
STREAM unit region=street-2 name=Streaming identity allocation ms=0.000233 budget=2.000
STREAM unit region=street-2 name=Streaming identity allocation ms=0.000223 budget=2.000
STREAM unit region=street-2 name=Streaming identity allocation ms=0.000269 budget=2.000
STREAM unit region=street-2 name=Streaming identity allocation ms=0.000314 budget=2.000
STREAM unit region=street-2 name=Streaming identity allocation ms=0.000740 budget=2.000
STREAM unit region=street-2 name=Streaming identity allocation ms=0.000457 budget=2.000
STREAM unit region=street-2 name=Streaming object relocation ms=0.017262 budget=2.000
STREAM unit region=street-2 name=Streaming object relocation ms=0.000903 budget=2.000
STREAM unit region=street-2 name=Streaming object relocation ms=0.012433 budget=2.000
STREAM unit region=street-2 name=Streaming object relocation ms=0.000954 budget=2.000
STREAM unit region=street-2 name=Streaming object relocation ms=0.004399 budget=2.000
STREAM unit region=street-2 name=Streaming object relocation ms=0.001087 budget=2.000
STREAM unit region=street-2 name=Streaming object relocation ms=0.004453 budget=2.000
STREAM unit region=street-2 name=Streaming object relocation ms=0.000995 budget=2.000
STREAM unit region=street-2 name=Streaming object relocation ms=0.010789 budget=2.000
STREAM unit region=street-2 name=Streaming hierarchy handoff ms=0.005985 budget=2.000
STREAM unit region=street-3 name=Streaming object relocation ms=0.002007 budget=2.000
STREAM unit region=street-3 name=Streaming object relocation ms=0.016033 budget=2.000
STREAM unit region=street-3 name=Streaming object relocation ms=0.001554 budget=2.000
STREAM unit region=street-3 name=Streaming object relocation ms=0.007683 budget=2.000
STREAM unit region=street-2 name=Streaming component registration ms=0.023476 budget=2.000
STREAM unit region=street-2 name=Streaming component registration ms=0.018114 budget=2.000
STREAM unit region=street-2 name=Streaming component registration ms=0.009623 budget=2.000
STREAM unit region=street-2 name=Streaming component registration ms=0.006527 budget=2.000
STREAM unit region=street-2 name=Streaming component registration ms=0.007637 budget=2.000
STREAM unit region=street-2 name=Streaming component registration ms=0.011325 budget=2.000
STREAM unit region=street-2 name=Streaming component registration ms=0.013739 budget=2.000
STREAM unit region=street-2 name=Streaming component registration ms=0.008347 budget=2.000
STREAM unit region=street-2 name=Streaming component registration ms=0.028651 budget=2.000
STREAM unit region=street-2 name=Streaming atomic publication ms=0.054543 budget=2.000
STREAM unit region=street-3 name=Streaming object relocation ms=0.016212 budget=2.000
STREAM unit region=street-3 name=Streaming object relocation ms=0.002323 budget=2.000
STREAM unit region=street-3 name=Streaming object relocation ms=0.002270 budget=2.000
STREAM unit region=street-3 name=Streaming object relocation ms=0.001819 budget=2.000
STREAM unit region=street-3 name=Streaming object relocation ms=0.001701 budget=2.000
STREAM unit region=street-3 name=Streaming object relocation ms=0.001471 budget=2.000
STREAM unit region=street-3 name=Streaming hierarchy handoff ms=0.005576 budget=2.000
STREAM unit region=street-3 name=Streaming component registration ms=0.039448 budget=2.000
STREAM unit region=street-3 name=Streaming component registration ms=0.008245 budget=2.000
STREAM unit region=street-3 name=Streaming component registration ms=0.011905 budget=2.000
STREAM unit region=street-3 name=Streaming component registration ms=0.030572 budget=2.000
STREAM unit region=street-3 name=Streaming component registration ms=0.010417 budget=2.000
STREAM unit region=street-3 name=Streaming component registration ms=0.015942 budget=2.000
STREAM unit region=street-3 name=Streaming component registration ms=0.009714 budget=2.000
STREAM unit region=street-3 name=Streaming component registration ms=0.008211 budget=2.000
STREAM unit region=street-3 name=Streaming component registration ms=0.033494 budget=2.000
STREAM unit region=street-3 name=Streaming component registration ms=0.025093 budget=2.000
STREAM unit region=street-3 name=Streaming component registration ms=0.012009 budget=2.000
STREAM unit region=street-3 name=Streaming atomic publication ms=0.048826 budget=2.000
asset 97c3acdb99c5ffefb002c03ecec7a8ed: Optional extension ignored: KHR_materials_specular
STREAM unit region=street-1 name=Streaming snapshot and script teardown ms=0.322686 budget=2.000
STREAM unit region=street-1 name=Streaming unregister and resource release ms=0.068182 budget=2.000
STREAM unit region=street-1 name=Streaming unregister and resource release ms=0.039789 budget=2.000
STREAM unit region=street-1 name=Streaming unregister and resource release ms=0.030592 budget=2.000
STREAM unit region=street-1 name=Streaming unregister and resource release ms=0.027326 budget=2.000
STREAM unit region=street-1 name=Streaming unregister and resource release ms=0.026387 budget=2.000
STREAM unit region=street-1 name=Streaming unregister and resource release ms=0.023399 budget=2.000
STREAM unit region=street-1 name=Streaming unregister and resource release ms=0.022683 budget=2.000
STREAM unit region=street-1 name=Streaming unregister and resource release ms=0.034672 budget=2.000
STREAM unit region=street-1 name=Streaming unregister and resource release ms=0.077497 budget=2.000
STREAM unit region=street-1 name=Streaming retirement commit ms=0.583796 budget=2.000
STREAM unit region=street-2 name=Streaming snapshot and script teardown ms=0.344605 budget=2.000
STREAM unit region=street-2 name=Streaming unregister and resource release ms=0.026670 budget=2.000
STREAM unit region=street-2 name=Streaming unregister and resource release ms=0.045566 budget=2.000
STREAM unit region=street-2 name=Streaming unregister and resource release ms=0.036800 budget=2.000
STREAM unit region=street-2 name=Streaming unregister and resource release ms=0.026666 budget=2.000
STREAM unit region=street-2 name=Streaming unregister and resource release ms=0.023315 budget=2.000
STREAM unit region=street-2 name=Streaming unregister and resource release ms=0.037351 budget=2.000
STREAM unit region=street-2 name=Streaming unregister and resource release ms=0.019238 budget=2.000
STREAM unit region=street-2 name=Streaming unregister and resource release ms=0.013998 budget=2.000
STREAM unit region=street-2 name=Streaming unregister and resource release ms=0.012111 budget=2.000
STREAM unit region=street-2 name=Streaming retirement commit ms=0.227730 budget=2.000
STREAM unit region=street-3 name=Streaming snapshot and script teardown ms=0.407529 budget=2.000
STREAM unit region=street-3 name=Streaming unregister and resource release ms=0.017257 budget=2.000
STREAM unit region=street-3 name=Streaming unregister and resource release ms=0.013775 budget=2.000
STREAM unit region=street-3 name=Streaming unregister and resource release ms=0.047659 budget=2.000
STREAM unit region=street-3 name=Streaming unregister and resource release ms=0.016807 budget=2.000
STREAM unit region=street-3 name=Streaming unregister and resource release ms=0.014373 budget=2.000
STREAM unit region=street-3 name=Streaming unregister and resource release ms=0.012083 budget=2.000
STREAM unit region=street-3 name=Streaming unregister and resource release ms=0.011410 budget=2.000
STREAM unit region=street-3 name=Streaming unregister and resource release ms=0.008772 budget=2.000
STREAM unit region=street-3 name=Streaming unregister and resource release ms=0.009166 budget=2.000
STREAM unit region=street-3 name=Streaming unregister and resource release ms=0.016129 budget=2.000
STREAM unit region=street-3 name=Streaming unregister and resource release ms=0.025557 budget=2.000
STREAM unit region=street-3 name=Streaming retirement commit ms=0.175312 budget=2.000
STREAM unit region=street-1 name=Streaming relocation begin ms=0.000503 budget=2.000
STREAM unit region=street-1 name=Streaming identity allocation ms=0.001227 budget=2.000
STREAM unit region=street-1 name=Streaming identity allocation ms=0.000530 budget=2.000
STREAM unit region=street-1 name=Streaming identity allocation ms=0.000379 budget=2.000
STREAM unit region=street-1 name=Streaming identity allocation ms=0.000505 budget=2.000
STREAM unit region=street-1 name=Streaming identity allocation ms=0.000408 budget=2.000
STREAM unit region=street-1 name=Streaming identity allocation ms=0.000503 budget=2.000
STREAM unit region=street-1 name=Streaming identity allocation ms=0.000392 budget=2.000
STREAM unit region=street-1 name=Streaming identity allocation ms=0.000835 budget=2.000
STREAM unit region=street-1 name=Streaming identity allocation ms=0.000600 budget=2.000
STREAM unit region=street-1 name=Streaming object relocation ms=0.005175 budget=2.000
STREAM unit region=street-1 name=Streaming object relocation ms=0.001012 budget=2.000
STREAM unit region=street-1 name=Streaming object relocation ms=0.012629 budget=2.000
STREAM unit region=street-1 name=Streaming object relocation ms=0.000876 budget=2.000
STREAM unit region=street-1 name=Streaming object relocation ms=0.004003 budget=2.000
STREAM unit region=street-1 name=Streaming object relocation ms=0.003753 budget=2.000
STREAM unit region=street-1 name=Streaming object relocation ms=0.003460 budget=2.000
STREAM unit region=street-1 name=Streaming object relocation ms=0.001110 budget=2.000
STREAM unit region=street-1 name=Streaming object relocation ms=0.000943 budget=2.000
STREAM unit region=street-1 name=Streaming hierarchy handoff ms=0.003474 budget=2.000
STREAM unit region=street-2 name=Streaming required resource request ms=0.028794 budget=2.000
STREAM unit region=street-3 name=Streaming relocation begin ms=0.000455 budget=2.000
STREAM unit region=street-3 name=Streaming identity allocation ms=0.000960 budget=2.000
STREAM unit region=street-3 name=Streaming identity allocation ms=0.000465 budget=2.000
STREAM unit region=street-1 name=Streaming component registration ms=0.040527 budget=2.000
STREAM unit region=street-1 name=Streaming component registration ms=0.008837 budget=2.000
STREAM unit region=street-1 name=Streaming component registration ms=0.039133 budget=2.000
STREAM unit region=street-1 name=Streaming component registration ms=0.006921 budget=2.000
STREAM unit region=street-1 name=Streaming component registration ms=0.013820 budget=2.000
STREAM unit region=street-1 name=Streaming component registration ms=0.013410 budget=2.000
STREAM unit region=street-1 name=Streaming component registration ms=0.027579 budget=2.000
STREAM unit region=street-1 name=Streaming component registration ms=0.028789 budget=2.000
STREAM unit region=street-1 name=Streaming component registration ms=0.020730 budget=2.000
STREAM unit region=street-1 name=Streaming retained entity restoration ms=0.015717 budget=2.000
STREAM unit region=street-1 name=Streaming retained entity restoration ms=0.005580 budget=2.000
STREAM unit region=street-1 name=Streaming retained entity restoration ms=0.026451 budget=2.000
STREAM unit region=street-1 name=Streaming retained entity restoration ms=0.007014 budget=2.000
STREAM unit region=street-1 name=Streaming retained entity restoration ms=0.011732 budget=2.000
STREAM unit region=street-1 name=Streaming retained entity restoration ms=0.010320 budget=2.000
STREAM unit region=street-1 name=Streaming retained entity restoration ms=0.002173 budget=2.000
STREAM unit region=street-1 name=Streaming retained entity restoration ms=0.002644 budget=2.000
STREAM unit region=street-1 name=Streaming retained entity restoration ms=0.001868 budget=2.000
STREAM unit region=street-1 name=Streaming atomic publication ms=0.028794 budget=2.000
STREAM unit region=street-2 name=Streaming relocation begin ms=0.000948 budget=2.000
STREAM unit region=street-2 name=Streaming identity allocation ms=0.001401 budget=2.000
STREAM unit region=street-2 name=Streaming identity allocation ms=0.000739 budget=2.000
STREAM unit region=street-2 name=Streaming identity allocation ms=0.000594 budget=2.000
STREAM unit region=street-2 name=Streaming identity allocation ms=0.000737 budget=2.000
STREAM unit region=street-2 name=Streaming identity allocation ms=0.001659 budget=2.000
STREAM unit region=street-2 name=Streaming identity allocation ms=0.000697 budget=2.000
STREAM unit region=street-2 name=Streaming identity allocation ms=0.000802 budget=2.000
STREAM unit region=street-2 name=Streaming identity allocation ms=0.000681 budget=2.000
STREAM unit region=street-2 name=Streaming identity allocation ms=0.000722 budget=2.000
STREAM unit region=street-2 name=Streaming object relocation ms=0.012645 budget=2.000
STREAM unit region=street-2 name=Streaming object relocation ms=0.001956 budget=2.000
STREAM unit region=street-2 name=Streaming object relocation ms=0.037445 budget=2.000
STREAM unit region=street-2 name=Streaming object relocation ms=0.005367 budget=2.000
STREAM unit region=street-2 name=Streaming object relocation ms=0.017838 budget=2.000
STREAM unit region=street-2 name=Streaming object relocation ms=0.001679 budget=2.000
STREAM unit region=street-2 name=Streaming object relocation ms=0.001810 budget=2.000
STREAM unit region=street-2 name=Streaming object relocation ms=0.001445 budget=2.000
STREAM unit region=street-2 name=Streaming object relocation ms=0.001330 budget=2.000
STREAM unit region=street-2 name=Streaming hierarchy handoff ms=0.005939 budget=2.000
STREAM unit region=street-3 name=Streaming identity allocation ms=0.001234 budget=2.000
STREAM unit region=street-2 name=Streaming component registration ms=0.032517 budget=2.000
STREAM unit region=street-2 name=Streaming component registration ms=0.012194 budget=2.000
STREAM unit region=street-2 name=Streaming component registration ms=0.026041 budget=2.000
STREAM unit region=street-2 name=Streaming component registration ms=0.011080 budget=2.000
STREAM unit region=street-2 name=Streaming component registration ms=0.021308 budget=2.000
STREAM unit region=street-2 name=Streaming component registration ms=0.017043 budget=2.000
STREAM unit region=street-2 name=Streaming component registration ms=0.018129 budget=2.000
STREAM unit region=street-2 name=Streaming component registration ms=0.026410 budget=2.000
STREAM unit region=street-2 name=Streaming component registration ms=0.037685 budget=2.000
STREAM unit region=street-2 name=Streaming retained entity restoration ms=0.013277 budget=2.000
STREAM unit region=street-2 name=Streaming retained entity restoration ms=0.005290 budget=2.000
STREAM unit region=street-2 name=Streaming retained entity restoration ms=0.034742 budget=2.000
STREAM unit region=street-2 name=Streaming retained entity restoration ms=0.007023 budget=2.000
STREAM unit region=street-2 name=Streaming retained entity restoration ms=0.010899 budget=2.000
STREAM unit region=street-2 name=Streaming retained entity restoration ms=0.003173 budget=2.000
STREAM unit region=street-2 name=Streaming retained entity restoration ms=0.002359 budget=2.000
STREAM unit region=street-2 name=Streaming retained entity restoration ms=0.003904 budget=2.000
STREAM unit region=street-2 name=Streaming retained entity restoration ms=0.002360 budget=2.000
STREAM unit region=street-2 name=Streaming atomic publication ms=0.038284 budget=2.000
STREAM unit region=street-3 name=Streaming identity allocation ms=0.001995 budget=2.000
STREAM unit region=street-3 name=Streaming identity allocation ms=0.001000 budget=2.000
STREAM unit region=street-3 name=Streaming identity allocation ms=0.000456 budget=2.000
STREAM unit region=street-3 name=Streaming identity allocation ms=0.000667 budget=2.000
STREAM unit region=street-3 name=Streaming identity allocation ms=0.000631 budget=2.000
STREAM unit region=street-3 name=Streaming identity allocation ms=0.001045 budget=2.000
STREAM unit region=street-3 name=Streaming identity allocation ms=0.001130 budget=2.000
STREAM unit region=street-3 name=Streaming identity allocation ms=0.000648 budget=2.000
STREAM unit region=street-3 name=Streaming object relocation ms=0.010262 budget=2.000
STREAM unit region=street-3 name=Streaming object relocation ms=0.001856 budget=2.000
STREAM unit region=street-3 name=Streaming object relocation ms=0.014788 budget=2.000
STREAM unit region=street-3 name=Streaming object relocation ms=0.002138 budget=2.000
STREAM unit region=street-3 name=Streaming object relocation ms=0.008357 budget=2.000
STREAM unit region=street-3 name=Streaming object relocation ms=0.005266 budget=2.000
STREAM unit region=street-3 name=Streaming object relocation ms=0.001867 budget=2.000
STREAM unit region=street-3 name=Streaming object relocation ms=0.001666 budget=2.000
STREAM unit region=street-3 name=Streaming object relocation ms=0.001437 budget=2.000
STREAM unit region=street-3 name=Streaming object relocation ms=0.001436 budget=2.000
STREAM unit region=street-3 name=Streaming object relocation ms=0.001343 budget=2.000
STREAM unit region=street-3 name=Streaming hierarchy handoff ms=0.005508 budget=2.000
STREAM unit region=street-3 name=Streaming component registration ms=0.023530 budget=2.000
STREAM unit region=street-3 name=Streaming component registration ms=0.015403 budget=2.000
STREAM unit region=street-3 name=Streaming component registration ms=0.035586 budget=2.000
STREAM unit region=street-3 name=Streaming component registration ms=0.012728 budget=2.000
STREAM unit region=street-3 name=Streaming component registration ms=0.022715 budget=2.000
STREAM unit region=street-3 name=Streaming component registration ms=0.022863 budget=2.000
STREAM unit region=street-3 name=Streaming component registration ms=0.018604 budget=2.000
STREAM unit region=street-3 name=Streaming component registration ms=0.017946 budget=2.000
STREAM unit region=street-3 name=Streaming component registration ms=0.019938 budget=2.000
STREAM unit region=street-3 name=Streaming component registration ms=0.019008 budget=2.000
STREAM unit region=street-3 name=Streaming component registration ms=0.025286 budget=2.000
STREAM unit region=street-3 name=Streaming retained entity restoration ms=0.010555 budget=2.000
STREAM unit region=street-3 name=Streaming retained entity restoration ms=0.006454 budget=2.000
STREAM unit region=street-3 name=Streaming retained entity restoration ms=0.022630 budget=2.000
STREAM unit region=street-3 name=Streaming retained entity restoration ms=0.007934 budget=2.000
STREAM unit region=street-3 name=Streaming retained entity restoration ms=0.012404 budget=2.000
STREAM unit region=street-3 name=Streaming retained entity restoration ms=0.004680 budget=2.000
STREAM unit region=street-3 name=Streaming retained entity restoration ms=0.003291 budget=2.000
STREAM unit region=street-3 name=Streaming retained entity restoration ms=0.002954 budget=2.000
STREAM unit region=street-3 name=Streaming retained entity restoration ms=0.002642 budget=2.000
STREAM unit region=street-3 name=Streaming retained entity restoration ms=0.002365 budget=2.000
STREAM unit region=street-3 name=Streaming retained entity restoration ms=0.002050 budget=2.000
STREAM unit region=street-3 name=Streaming atomic publication ms=0.029747 budget=2.000
