[  0%] Built target judas_glad
[  4%] Built target judas_icu_build
[  4%] Built target judas_quickjs
[  9%] Built target judas_profiler
[ 19%] Built target judas_navigation_backend
[ 38%] Built target freetype
[ 38%] Built target judas_materials
[ 38%] Built target judas_audio_backend
[ 38%] Built target harfbuzz
[ 38%] Building CXX object CMakeFiles/judas_engine.dir/src/RuntimeUI.cpp.o
[ 38%] Building CXX object CMakeFiles/judas_engine.dir/src/ScriptSystem.cpp.o
[ 38%] Linking CXX static library libjudas_engine.a
[ 95%] Built target judas_engine
[ 95%] Linking CXX executable judas
[100%] Built target judas
[  0%] Built target judas_glad
[  4%] Built target judas_icu_build
[  4%] Built target judas_quickjs
[ 13%] Built target judas_profiler
[ 18%] Built target judas_navigation_backend
[ 36%] Built target freetype
[ 36%] Built target judas_materials
[ 36%] Built target judas_audio_backend
[ 36%] Built target harfbuzz
[ 36%] Built target judas_imgui
[ 90%] Built target judas_engine
[ 95%] Built target judas_navigation_baker
[ 95%] Linking CXX executable judas_editor
[100%] Built target judas_editor
[  5%] Built target judas_glad
[  5%] Built target judas_icu_build
[  5%] Built target judas_quickjs
[ 10%] Built target judas_profiler
[ 20%] Built target judas_navigation_backend
[ 40%] Built target freetype
[ 40%] Built target judas_audio_backend
[ 40%] Built target harfbuzz
[ 40%] Built target judas_materials
[100%] Built target judas_engine
[100%] Linking CXX executable judas_export
[100%] Built target judas_export
[  4%] Built target judas_icu_build
[  4%] Built target judas_quickjs
[  4%] Built target judas_glad
[ 14%] Built target judas_navigation_backend
[ 19%] Built target judas_profiler
[ 38%] Built target freetype
[ 38%] Built target judas_audio_backend
[ 38%] Built target judas_materials
[ 38%] Built target harfbuzz
[ 95%] Built target judas_engine
[100%] Building CXX object CMakeFiles/judas_text_localization_tests.dir/tests/TextLocalizationTests.cpp.o
[100%] Linking CXX executable judas_text_localization_tests
[100%] Built target judas_text_localization_tests
[  0%] Built target judas_glad
[  5%] Built target judas_icu_build
[  5%] Built target judas_quickjs
[ 15%] Built target judas_navigation_backend
[ 20%] Built target judas_profiler
[ 40%] Built target freetype
[ 40%] Built target judas_audio_backend
[ 40%] Built target harfbuzz
[ 40%] Built target judas_materials
[100%] Built target judas_engine
[100%] Linking CXX executable judas_text_render_tests
[100%] Built target judas_text_render_tests
[  4%] Built target judas_icu_build
[  4%] Built target judas_glad
[  9%] Built target judas_profiler
[  9%] Built target judas_quickjs
[ 19%] Built target judas_navigation_backend
[ 38%] Built target freetype
[ 38%] Built target judas_audio_backend
[ 38%] Built target judas_materials
[ 38%] Built target harfbuzz
[ 95%] Built target judas_engine
[ 95%] Linking CXX executable judas_localization_application_tests
[100%] Built target judas_localization_application_tests
[  4%] Built target judas_glad
[  4%] Built target judas_icu_build
[  4%] Built target judas_quickjs
[  9%] Built target judas_profiler
[ 19%] Built target judas_navigation_backend
[ 38%] Built target freetype
[ 38%] Built target judas_audio_backend
[ 38%] Built target harfbuzz
[ 38%] Built target judas_materials
[ 95%] Built target judas_engine
[ 95%] Building CXX object CMakeFiles/judasjs_examples_tests.dir/tests/JudasJSExamplesTests.cpp.o
[100%] Linking CXX executable judasjs_examples_tests
[100%] Built target judasjs_examples_tests
[  0%] Built target judas_glad
[  5%] Built target judas_icu_build
[  5%] Built target judas_quickjs
[ 10%] Built target judas_profiler
[ 20%] Built target judas_navigation_backend
[ 40%] Built target freetype
[ 40%] Built target judas_materials
[ 40%] Built target judas_audio_backend
[ 40%] Built target harfbuzz
[100%] Built target judas_engine
[100%] Linking CXX executable judas_runtime_ui_tests
[100%] Built target judas_runtime_ui_tests
[  4%] Built target judas_icu_build
[  4%] Built target judas_glad
[  9%] Built target judas_profiler
[ 14%] Built target judas_quickjs
[ 19%] Built target judas_navigation_backend
[ 38%] Built target freetype
[ 38%] Built target judas_audio_backend
[ 38%] Built target judas_materials
[ 38%] Built target harfbuzz
[ 95%] Built target judas_engine
[ 95%] Linking CXX executable judas_runtime_ui_application_tests
[100%] Built target judas_runtime_ui_application_tests
