libEGL warning: Not allowed to force software rendering when API explicitly selects a hardware device.
Renderer fragment texture units: 32 (material path uses 12)
Project: M58 Text lab (/home/conner/Documents/GitHub/Project-Judas/build/m58-destroy-probe/text_lab.judasproj)
Scene: M58 Unicode text lab (/home/conner/Documents/GitHub/Project-Judas/build/m58-destroy-probe/Scenes/lab.judas)
World origin (m): 0.000, 0.000, 0.000
Localization: missing localization key lab.count
Localization: missing localization key lab.fallback
Localization: missing localization key lab.caption
Text coverage missing for 15 clusters; primary-font .notdef shown
Text coverage missing for 30 clusters; primary-font .notdef shown
Text coverage missing for 1 clusters; primary-font .notdef shown
Text coverage missing for 7 clusters; primary-font .notdef shown
Text coverage missing for 15 clusters; primary-font .notdef shown
Text coverage missing for 30 clusters; primary-font .notdef shown
Text coverage missing for 1 clusters; primary-font .notdef shown
Text coverage missing for 7 clusters; primary-font .notdef shown
Text coverage missing for 30 clusters; primary-font .notdef shown
Text coverage missing for 1 clusters; primary-font .notdef shown
Text coverage missing for 7 clusters; primary-font .notdef shown
Text coverage missing for 1 clusters; primary-font .notdef shown
Text coverage missing for 1 clusters; primary-font .notdef shown
Text coverage missing for 1 clusters; primary-font .notdef shown
Text coverage missing for 1 clusters; primary-font .notdef shown
Text coverage missing for 1 clusters; primary-font .notdef shown
JS: M58_DESTROY_LOCALE ja
