libEGL warning: Not allowed to force software rendering when API explicitly selects a hardware device.
Renderer fragment texture units: 32 (material path uses 12)
[editor autotest] duplicate created id 10: scene CHANGED; undo restores: IDENTICAL
[editor autotest] export project: Exported /home/conner/Documents/GitHub/Project-Judas/.cache/m58-lab-editor-export (12 assets)
[editor autotest] wrote: /home/conner/Documents/GitHub/Project-Judas/docs/evidence/m58/review/editor.edit.png
[editor autotest] edit frame: 2 draw calls, 0 triangles, 69 debug lines
Localization: missing localization key lab.count
Localization: missing localization key lab.fallback
Localization: missing localization key lab.caption
Text coverage missing for 15 clusters; primary-font .notdef shown
Text coverage missing for 30 clusters; primary-font .notdef shown
Text coverage missing for 1 clusters; primary-font .notdef shown
Text coverage missing for 7 clusters; primary-font .notdef shown
Text coverage missing for 15 clusters; primary-font .notdef shown
Text coverage missing for 30 clusters; primary-font .notdef shown
Text coverage missing for 1 clusters; primary-font .notdef shown
Text coverage missing for 7 clusters; primary-font .notdef shown
Text coverage missing for 30 clusters; primary-font .notdef shown
Text coverage missing for 1 clusters; primary-font .notdef shown
Text coverage missing for 7 clusters; primary-font .notdef shown
Text coverage missing for 1 clusters; primary-font .notdef shown
Text coverage missing for 1 clusters; primary-font .notdef shown
Text coverage missing for 1 clusters; primary-font .notdef shown
Text coverage missing for 1 clusters; primary-font .notdef shown
Text coverage missing for 1 clusters; primary-font .notdef shown
[editor autotest] wrote: /home/conner/Documents/GitHub/Project-Judas/docs/evidence/m58/review/editor.play.png
[editor autotest] play frame: 1 steps, step 0.017 ms, 0 bodies, 0 contacts, 1 draw calls, 0 triangles, 1 shadow passes, 0 lights, 138 debug lines, 0 particles
[editor autotest] resources: 0 meshes, 0 textures, 0 terrain meshes, hits 14137, misses 5, failed 0, uploads 0, resident 5753754 bytes
[editor autotest] jobs: 7 workers, 5 completed, 0 failed, 0 cancelled
[editor autotest] authored scene after play/stop is IDENTICAL
[editor autotest] save ok
