[  0%] Built target judas_glad
[  0%] Built target judas_quickjs
[  5%] Built target judas_icu_build
[ 10%] Built target judas_profiler
[ 20%] Built target judas_navigation_backend
[ 40%] Built target freetype
[ 40%] Built target judas_audio_backend
[ 40%] Built target judas_materials
[ 40%] Built target harfbuzz
[ 40%] Building CXX object CMakeFiles/judas_engine.dir/src/ProjectExporter.cpp.o
[ 40%] Linking CXX static library libjudas_engine.a
[100%] Built target judas_engine
[100%] Linking CXX executable judas_export
[100%] Built target judas_export
[  5%] Built target judas_quickjs
[  5%] Built target judas_icu_build
[ 10%] Built target judas_glad
[ 15%] Built target judas_navigation_backend
[ 20%] Built target judas_profiler
[ 40%] Built target freetype
[ 40%] Built target judas_materials
[ 40%] Built target harfbuzz
[ 40%] Built target judas_audio_backend
[100%] Built target judas_engine
[100%] Linking CXX executable judas_export_tests
[100%] Built target judas_export_tests
