Renderer fragment texture units: 32 (material path uses 12)
Project: M58 Text lab (/tmp/Judas_M58_Text_Lab/game.judasproj)
Scene: M58 Unicode text lab (/tmp/Judas_M58_Text_Lab/Scenes/lab.judas)
World origin (m): 0.000, 0.000, 0.000
Localization: missing localization key lab.count
Localization: missing localization key lab.fallback
Localization: missing localization key lab.caption
Text coverage missing for 15 clusters; primary-font .notdef shown
Text coverage missing for 30 clusters; primary-font .notdef shown
Text coverage missing for 1 clusters; primary-font .notdef shown
Text coverage missing for 7 clusters; primary-font .notdef shown
Text coverage missing for 15 clusters; primary-font .notdef shown
Text coverage missing for 30 clusters; primary-font .notdef shown
Text coverage missing for 1 clusters; primary-font .notdef shown
Text coverage missing for 7 clusters; primary-font .notdef shown
Text coverage missing for 30 clusters; primary-font .notdef shown
Text coverage missing for 1 clusters; primary-font .notdef shown
Text coverage missing for 7 clusters; primary-font .notdef shown
Text coverage missing for 1 clusters; primary-font .notdef shown
Text coverage missing for 1 clusters; primary-font .notdef shown
Text coverage missing for 1 clusters; primary-font .notdef shown
Text coverage missing for 1 clusters; primary-font .notdef shown
Text coverage missing for 1 clusters; primary-font .notdef shown
PASS unchanged exported project resolves beside executable
PASS unrelated cwd
PASS package engine font ignores poisoned development root
PASS normal asynchronous resource path
GL NVIDIA Corporation / NVIDIA GeForce GTX 970/PCIe/SSE2
PASS fresh package session authored default
PASS queued locale switch without WaitForAll
SWITCH requested_frame=21
SWITCH published_frame=22 revision=5
PASS asynchronous locale/fonts published in normal runtime
PASS continues same game after locale change
PASS ordinary package JavaScript fault-free
PASS normal queued scene reload
PASS scene reload retains locale and content baseline
PASS actual packaged shaped text screenshot
PASS reload/quit leaves no script faults
PASS M56 actual async package frames exported
PASS moved read-only startup/locale/pause/reload/ordinary quit
SUMMARY 15 checks 0 failures
