Renderer fragment texture units: 32 (material path uses 12)
World state: /tmp/m58-package-userdata/judas/games/3715c6d3f8f874566995672dc96d4dbe6ed370026541fa0e653691d84e734d17/Saves/range.judasstate (none saved; F6 saves, F7 deletes)
Project: Spring Range (/tmp/Judas_M58_Spring_Range/game.judasproj)
Scene: Spring Range (/tmp/Judas_M58_Spring_Range/Scenes/range.judas)
World origin (m): 0.000, 0.000, 0.000
Localization: missing localization key range.score
Localization: missing localization key range.progress
Localization: missing localization key range.start
Localization: missing localization key range.language
Localization: missing localization key range.title
Localization: missing localization key range.controls
Localization: missing localization key range.score
Localization: missing localization key range.progress
Localization: missing localization key range.start
Localization: missing localization key range.language
PASS unchanged exported project resolves beside executable
PASS unrelated cwd
PASS package engine font ignores poisoned development root
PASS normal asynchronous resource path
GL NVIDIA Corporation / NVIDIA GeForce GTX 970/PCIe/SSE2
PASS fresh package session authored default
PASS queued locale switch without WaitForAll
SWITCH requested_frame=21
SWITCH published_frame=23 revision=5
PASS paused language publication retains menu/pointer policy
PASS language change does not advance paused simulation
PASS asynchronous locale/fonts published in normal runtime
PASS continues same game after locale change
PASS ordinary package JavaScript fault-free
PASS normal queued scene reload
PASS scene reload retains locale and content baseline
PASS actual packaged shaped text screenshot
PASS reload/quit leaves no script faults
PASS M56 actual async package frames exported
PASS moved read-only startup/locale/pause/reload/ordinary quit
SUMMARY 17 checks 0 failures
