	linux-vdso.so.1 (0x00007d2ba49b0000)
	libSDL2-2.0.so.0 => /usr/lib/x86_64-linux-gnu/libSDL2-2.0.so.0 (0x00007d2ba1d6c000)
	libstdc++.so.6 => /usr/lib/x86_64-linux-gnu/libstdc++.so.6 (0x00007d2ba1a00000)
	libm.so.6 => /usr/lib/x86_64-linux-gnu/libm.so.6 (0x00007d2ba18da000)
	libgcc_s.so.1 => /usr/lib/x86_64-linux-gnu/libgcc_s.so.1 (0x00007d2ba1d3e000)
	libc.so.6 => /usr/lib/x86_64-linux-gnu/libc.so.6 (0x00007d2ba1600000)
	/lib64/ld-linux-x86-64.so.2 (0x00007d2ba49b2000)
	libasound.so.2 => /usr/lib/x86_64-linux-gnu/libasound.so.2 (0x00007d2ba14e1000)
	libpulse.so.0 => /usr/lib/x86_64-linux-gnu/libpulse.so.0 (0x00007d2ba1ceb000)
	libsamplerate.so.0 => /usr/lib/x86_64-linux-gnu/libsamplerate.so.0 (0x00007d2ba1372000)
	libX11.so.6 => /usr/lib/x86_64-linux-gnu/libX11.so.6 (0x00007d2ba1230000)
	libXext.so.6 => /usr/lib/x86_64-linux-gnu/libXext.so.6 (0x00007d2ba1cd7000)
	libXcursor.so.1 => /usr/lib/x86_64-linux-gnu/libXcursor.so.1 (0x00007d2ba1cca000)
	libXi.so.6 => /usr/lib/x86_64-linux-gnu/libXi.so.6 (0x00007d2ba1cb4000)
	libXfixes.so.3 => /usr/lib/x86_64-linux-gnu/libXfixes.so.3 (0x00007d2ba1cac000)
	libXrandr.so.2 => /usr/lib/x86_64-linux-gnu/libXrandr.so.2 (0x00007d2ba18cd000)
	libXss.so.1 => /usr/lib/x86_64-linux-gnu/libXss.so.1 (0x00007d2ba1ca7000)
	libdrm.so.2 => /usr/lib/x86_64-linux-gnu/libdrm.so.2 (0x00007d2ba18b6000)
	libgbm.so.1 => /usr/lib/x86_64-linux-gnu/libgbm.so.1 (0x00007d2ba1ca0000)
	libwayland-egl.so.1 => /usr/lib/x86_64-linux-gnu/libwayland-egl.so.1 (0x00007d2ba18af000)
	libwayland-client.so.0 => /usr/lib/x86_64-linux-gnu/libwayland-client.so.0 (0x00007d2ba189c000)
	libwayland-cursor.so.0 => /usr/lib/x86_64-linux-gnu/libwayland-cursor.so.0 (0x00007d2ba1892000)
	libxkbcommon.so.0 => /usr/lib/x86_64-linux-gnu/libxkbcommon.so.0 (0x00007d2ba1833000)
	libdecor-0.so.0 => /usr/lib/x86_64-linux-gnu/libdecor-0.so.0 (0x00007d2ba1828000)
	libpulsecommon-17.0.so => /usr/lib/x86_64-linux-gnu/pulseaudio/libpulsecommon-17.0.so (0x00007d2ba11b2000)
	libdbus-1.so.3 => /usr/lib/x86_64-linux-gnu/libdbus-1.so.3 (0x00007d2ba1162000)
	libxcb.so.1 => /usr/lib/x86_64-linux-gnu/libxcb.so.1 (0x00007d2ba1137000)
	libXrender.so.1 => /usr/lib/x86_64-linux-gnu/libXrender.so.1 (0x00007d2ba112b000)
	libexpat.so.1 => /usr/lib/x86_64-linux-gnu/libexpat.so.1 (0x00007d2ba10fd000)
	libffi.so.8 => /usr/lib/x86_64-linux-gnu/libffi.so.8 (0x00007d2ba10ec000)
	libsndfile.so.1 => /usr/lib/x86_64-linux-gnu/libsndfile.so.1 (0x00007d2ba105c000)
	libX11-xcb.so.1 => /usr/lib/x86_64-linux-gnu/libX11-xcb.so.1 (0x00007d2ba1057000)
	libsystemd.so.0 => /usr/lib/x86_64-linux-gnu/libsystemd.so.0 (0x00007d2ba0f43000)
	libasyncns.so.0 => /usr/lib/x86_64-linux-gnu/libasyncns.so.0 (0x00007d2ba0f3b000)
	libapparmor.so.1 => /usr/lib/x86_64-linux-gnu/libapparmor.so.1 (0x00007d2ba0f24000)
	libXau.so.6 => /usr/lib/x86_64-linux-gnu/libXau.so.6 (0x00007d2ba0f1e000)
	libXdmcp.so.6 => /usr/lib/x86_64-linux-gnu/libXdmcp.so.6 (0x00007d2ba0f16000)
	libFLAC.so.14 => /usr/lib/x86_64-linux-gnu/libFLAC.so.14 (0x00007d2ba0eb2000)
	libvorbis.so.0 => /usr/lib/x86_64-linux-gnu/libvorbis.so.0 (0x00007d2ba0e83000)
	libvorbisenc.so.2 => /usr/lib/x86_64-linux-gnu/libvorbisenc.so.2 (0x00007d2ba0dd6000)
	libopus.so.0 => /usr/lib/x86_64-linux-gnu/libopus.so.0 (0x00007d2ba0800000)
	libogg.so.0 => /usr/lib/x86_64-linux-gnu/libogg.so.0 (0x00007d2ba0dcc000)
	libmpg123.so.0 => /usr/lib/x86_64-linux-gnu/libmpg123.so.0 (0x00007d2ba0d6d000)
	libmp3lame.so.0 => /usr/lib/x86_64-linux-gnu/libmp3lame.so.0 (0x00007d2ba0d1e000)
	libmvec.so.1 => /usr/lib/x86_64-linux-gnu/libmvec.so.1 (0x00007d2ba0c21000)
