
This GDB supports auto-downloading debuginfo from the following URLs:
  <https://debuginfod.ubuntu.com>
Enable debuginfod for this session? (y or [n]) [answered N; input not from terminal]
Debuginfod has been disabled.
To make this setting permanent, add 'set debuginfod enabled off' to .gdbinit.
[Thread debugging using libthread_db enabled]
Using host libthread_db library "/usr/lib/x86_64-linux-gnu/libthread_db.so.1".
[New Thread 0x7fffe3d4d6c0 (LWP 92386)]
[New Thread 0x7fffe354c6c0 (LWP 92387)]
[New Thread 0x7fffe2d4b6c0 (LWP 92388)]
[New Thread 0x7fffe254a6c0 (LWP 92389)]
[New Thread 0x7fffe1d496c0 (LWP 92390)]
[New Thread 0x7fffe15486c0 (LWP 92391)]
[New Thread 0x7fffe0d476c0 (LWP 92392)]
FTFT6 CHECK normal_async_mode PASS
FTFT6 CHECK fresh_generated_project PASS
FTFT6 CHECK create_project PASS
FTFT6 CHECK starter_scene_and_project_startup PASS
FTFT6 CHECK non_planetary_project PASS

Thread 1 "judas_editor" received signal SIGSEGV, Segmentation fault.
0x000055555577b328 in ImGui::BeginPopupModal(char const*, bool*, int) ()
#0  0x000055555577b328 in ImGui::BeginPopupModal(char const*, bool*, int) ()
#1  0x000055555558382c in EditorApplication::HandleRequests(EditorRequests&) ()
#2  0x0000555555586fb6 in EditorApplication::AdvanceStabilizationAutomation() ()
#3  0x000055555558d288 in EditorApplication::Run(int, char**) ()
#4  0x000055555557904a in main ()
