JS: SKATER start rails=8 autopilot=false
JS: STREAM t=0.10 street-0 - -> unloaded entities=0 prepMs=0.00 integMs=0.00 largestUnitMs=0.00 skater=(0.00,3.27,23.50) v=0.1
JS: STREAM t=0.10 street-1 - -> unloaded entities=0 prepMs=0.00 integMs=0.00 largestUnitMs=0.00 skater=(0.00,3.27,23.50) v=0.1
JS: STREAM t=0.10 street-2 - -> unloaded entities=0 prepMs=0.00 integMs=0.00 largestUnitMs=0.00 skater=(0.00,3.27,23.50) v=0.1
JS: STREAM t=0.10 street-3 - -> unloaded entities=0 prepMs=0.00 integMs=0.00 largestUnitMs=0.00 skater=(0.00,3.27,23.50) v=0.1
JS: STREAM t=0.10 street-4 - -> unloaded entities=0 prepMs=0.00 integMs=0.00 largestUnitMs=0.00 skater=(0.00,3.27,23.50) v=0.1
JS: STREAM t=0.20 street-0 unloaded -> prepared entities=11 prepMs=1.92 integMs=0.00 largestUnitMs=0.00 skater=(0.00,3.28,23.50) v=0.0
JS: STREAM t=0.50 street-0 prepared -> active entities=11 prepMs=1.92 integMs=1.46 largestUnitMs=0.86 skater=(0.00,3.28,23.50) v=0.0
Consumer observation frames=61 scriptErrors=1
Renderer fragment texture units: 32 (material path uses 12)
World state: disk saves disabled for additive compositions
Project: Judas Three Games (/tmp/judas-post-m65-5omfsa2x/project/post_m65_consumers.judasproj)
Scene: Judas Skate Park (/tmp/judas-post-m65-5omfsa2x/project/Scenes/skate/park.judas)
World origin (m): 0.000, 0.000, 0.000
SLEEP step=60 root=60 members=1 v=7.06315e-06 w=0 travel=0 anchor=0 axis=0 penetration=0 drive=0 limits=1 quiet=1 time=0 supported=0
SLEEP step=60 root=67 members=1 v=1.1961e-06 w=1.39058e-06 travel=0 anchor=0 axis=0 penetration=0.00066334 drive=0 limits=1 quiet=1 time=0.0833333 supported=1
SLEEP step=60 root=68 members=1 v=1.20108e-06 w=1.40643e-06 travel=0 anchor=0 axis=0 penetration=0.000663231 drive=0 limits=1 quiet=1 time=0.0833333 supported=1
SLEEP step=60 root=69 members=1 v=0.000274009 w=0.00076049 travel=3.99662e-06 anchor=0 axis=0 penetration=0.00214698 drive=0 limits=1 quiet=1 time=0.0166667 supported=1
SLEEP step=60 root=70 members=1 v=0.000274146 w=0.000760862 travel=3.99662e-06 anchor=0 axis=0 penetration=0.0021468 drive=0 limits=1 quiet=1 time=0.0166667 supported=1
script asset=5fc1a525f8eb4b44c433b4a137d29e93 entity=1000200 slot=1 update: TypeError: ragdoll: ragdoll animation asset is not ready
    at __judas (native)
    at call (judas:2:51)
    at enter (judas:155:17)
    at update (Assets/skate/scripts/crowd.js:14:22)

SCRIPT update: TypeError: ragdoll: ragdoll animation asset is not ready
    at __judas (native)
    at call (judas:2:51)
    at enter (judas:155:17)
    at update (Assets/skate/scripts/crowd.js:14:22)

