Renderer fragment texture units: 32 (material path uses 12)
World state: /home/conner/Documents/GitHub/Project-Judas/projects/audio_lab/Saves/listening.judasstate (none saved; F6 saves, F7 deletes)
Project: Judas Audio Listening Lab (/home/conner/Documents/GitHub/Project-Judas/projects/audio_lab/audio_lab.judasproj)
Scene: Audio listening lab (/home/conner/Documents/GitHub/Project-Judas/projects/audio_lab/Scenes/listening.judas)
World origin (m): 0.000, 0.000, 0.000
PASS production PCM graph without device
DOOR frame=30 valid=1 angle=0.000000 motor=1 speed=-0.000000 impulse=0.000002 position=-8.0000,1.5000,-0.0000 contacts=16
DOOR contact other=1 phase=1 impulse=2.041594
DOOR contact other=30 phase=1 impulse=0.282214
DOOR contact other=31 phase=1 impulse=0.000391
DOOR contact other=32 phase=1 impulse=0.025245
PASS physical door starts closed
DOOR frame=90 valid=1 angle=-0.000000 motor=1 speed=-1.500000 impulse=-1.333333 position=-8.0000,1.5000,-0.0000 contacts=16
DOOR contact other=1 phase=1 impulse=2.288154
DOOR contact other=30 phase=1 impulse=0.493464
DOOR contact other=31 phase=1 impulse=0.202909
DOOR contact other=32 phase=1 impulse=0.134973
DOOR frame=150 valid=1 angle=-0.000000 motor=1 speed=-1.500000 impulse=-1.333333 position=-8.0000,1.5000,-0.0000 contacts=16
DOOR contact other=1 phase=1 impulse=2.307402
DOOR contact other=30 phase=1 impulse=0.498139
DOOR contact other=31 phase=1 impulse=0.211250
DOOR contact other=32 phase=1 impulse=0.121530
DOOR frame=210 valid=1 angle=-0.000000 motor=1 speed=-1.500000 impulse=-1.333333 position=-8.0000,1.5000,-0.0000 contacts=16
DOOR contact other=1 phase=1 impulse=2.259795
DOOR contact other=30 phase=1 impulse=0.513654
DOOR contact other=31 phase=1 impulse=0.243932
DOOR contact other=32 phase=1 impulse=0.058007
FAIL E opens real hinged door to intended angle
PASS door input has no script failure
DOOR frame=390 valid=1 angle=-0.000000 motor=1 speed=0.000000 impulse=0.000009 position=-8.0000,1.5000,-0.0000 contacts=16
DOOR contact other=1 phase=1 impulse=2.067064
DOOR contact other=30 phase=1 impulse=0.500040
DOOR contact other=31 phase=1 impulse=0.205238
DOOR contact other=32 phase=1 impulse=0.019496
PASS second E physically closes door
PASS runtime script destroy ordering has a live audio service
PASS normal standalone exits and drains safely
SUMMARY checks=7 failures=1
