Renderer fragment texture units: 32 (material path uses 12)
World state: /home/conner/Documents/GitHub/Project-Judas/projects/audio_lab/Saves/listening.judasstate (none saved; F6 saves, F7 deletes)
Project: Judas Audio Listening Lab (/home/conner/Documents/GitHub/Project-Judas/projects/audio_lab/audio_lab.judasproj)
Scene: Audio listening lab (/home/conner/Documents/GitHub/Project-Judas/projects/audio_lab/Scenes/listening.judas)
World origin (m): 0.000, 0.000, 0.000
PASS production PCM graph without device
DOOR frame=30 valid=1 angle=0.000000 motor=1 speed=0.000000 impulse=0.000000 position=-8.0000,1.5000,0.0000 contacts=0
PASS physical door starts closed
PASS closed door blocks real obstruction ray
DOOR frame=90 valid=1 angle=-1.302250 motor=1 speed=-0.852208 impulse=0.687604 position=-8.5989,1.5000,-0.7750 contacts=0
DOOR frame=150 valid=1 angle=-1.497741 motor=1 speed=-0.009736 impulse=0.007774 position=-8.7417,1.5000,-0.7979 contacts=0
DOOR frame=210 valid=1 angle=-1.499974 motor=1 speed=-0.000112 impulse=0.000118 position=-8.7434,1.5000,-0.7980 contacts=0
PASS E opens real hinged door to intended angle
PASS door input has no script failure
PASS open doorway clears real obstruction ray
DOOR frame=390 valid=1 angle=-0.000026 motor=1 speed=0.000111 impulse=-0.000089 position=-8.0000,1.5000,-0.0000 contacts=0
PASS second E physically closes door
PASS closed door blocks real obstruction ray
DOOR frame=570 valid=1 angle=-1.499974 motor=1 speed=-0.000112 impulse=0.000118 position=-8.7434,1.5000,-0.7980 contacts=0
PASS E opens real hinged door to intended angle
PASS door input has no script failure
PASS open doorway clears real obstruction ray
DOOR frame=750 valid=1 angle=-0.000026 motor=1 speed=0.000111 impulse=-0.000089 position=-8.0000,1.5000,-0.0000 contacts=0
PASS second E physically closes door
PASS closed door blocks real obstruction ray
PASS runtime script destroy ordering has a live audio service
PASS normal standalone exits and drains safely
SUMMARY checks=15 failures=0
