Renderer fragment texture units: 32 (material path uses 12)
World state: /home/conner/Documents/GitHub/Project-Judas/projects/audio_lab/Saves/listening.judasstate (none saved; F6 saves, F7 deletes)
Project: Judas Audio Listening Lab (/home/conner/Documents/GitHub/Project-Judas/projects/audio_lab/audio_lab.judasproj)
Scene: Audio listening lab (/home/conner/Documents/GitHub/Project-Judas/projects/audio_lab/Scenes/listening.judas)
World origin (m): 0.000, 0.000, 0.000
PASS production PCM graph without device
DOOR frame=30 valid=1 angle=0.000000 motor=1 speed=0.000000 impulse=0.000000 position=-8.0000,1.5000,0.0000 contacts=0
PASS physical door starts closed
DOOR frame=90 valid=1 angle=-0.447131 motor=1 speed=-1.500000 impulse=-1.333333 position=-8.0983,1.5000,-0.4324 contacts=2
DOOR contact other=42 phase=1 impulse=0.654152
DOOR frame=150 valid=1 angle=-0.447210 motor=1 speed=-1.500000 impulse=-1.333333 position=-8.0983,1.5000,-0.4325 contacts=2
DOOR contact other=42 phase=1 impulse=0.654864
DOOR frame=210 valid=1 angle=-0.447290 motor=1 speed=-1.500000 impulse=-1.333333 position=-8.0984,1.5000,-0.4325 contacts=2
DOOR contact other=42 phase=1 impulse=0.654878
FAIL E opens real hinged door to intended angle
PASS door input has no script failure
DOOR frame=390 valid=1 angle=-0.000001 motor=1 speed=0.000006 impulse=-0.000007 position=-8.0000,1.5000,-0.0000 contacts=0
PASS second E physically closes door
PASS runtime script destroy ordering has a live audio service
PASS normal standalone exits and drains safely
SUMMARY checks=7 failures=1
