libEGL warning: Not allowed to force software rendering when API explicitly selects a hardware device.
Project: Scriptable Character Motor (/home/conner/Documents/GitHub/Project-Judas/build/m50-application-smoke/scene-project/character_demo.judasproj)
Scene: M49 / flat (/home/conner/Documents/GitHub/Project-Judas/build/m50-application-smoke/scene-project/Scenes/flat.judas)
World origin (m): 0.000, 0.000, 0.000
step,time,posX,posY,posZ,upX,upY,upZ,grounded,velX,velY,velZ,gravX,gravY,gravZ,controlled,obj0PosX,obj0PosY,obj0PosZ,obj0VelX,obj0VelY,obj0VelZ,obj1PosX,obj1PosY,obj1PosZ,obj1VelX,obj1VelY,obj1VelZ,obj2PosX,obj2PosY,obj2PosZ,obj2VelX,obj2VelY,obj2VelZ
JS: M50_VISITS 1
0,0.0000,0.0000,1.0973,6.0000,0.0000,1.0000,0.0000,0,0.0000,-0.1635,0.0000,0.000000,-9.810000,0.000000,0,2.0000,0.5473,1.0000,0.0000,-0.1635,0.0000,-5.0056,0.4500,5.0000,-0.3333,0.0000,0.0000,6.0000,0.4500,5.0000,0.0000,0.0000,0.0000
1,0.0167,0.0000,1.0918,6.0000,0.0000,1.0000,0.0000,0,0.0000,-0.3270,0.0000,0.000000,-9.810000,0.000000,0,2.0000,0.5418,1.0000,0.0000,-0.3270,0.0000,-5.0167,0.4500,5.0000,-0.6667,-0.0000,0.0000,6.0000,0.4500,5.0000,-0.0000,-0.0000,0.0000
2,0.0333,0.0000,1.0836,6.0000,0.0000,1.0000,0.0000,0,0.0000,-0.4905,0.0000,0.000000,-9.810000,0.000000,0,2.0000,0.5336,1.0000,0.0000,-0.4905,0.0000,-5.0333,0.4500,5.0000,-1.0000,-0.0000,0.0000,6.0000,0.4500,5.0000,-0.0000,0.0000,-0.0000
3,0.0500,0.0000,1.0727,6.0000,0.0000,1.0000,0.0000,0,0.0000,-0.6540,0.0000,0.000000,-9.810000,0.000000,0,2.0000,0.5227,1.0000,0.0000,-0.6540,0.0000,-5.0500,0.4500,5.0000,-1.0000,-0.0000,0.0000,6.0000,0.4500,5.0000,-0.0000,-0.0000,-0.0000
4,0.0667,0.0000,1.0591,6.0000,0.0000,1.0000,0.0000,0,0.0000,-0.8175,0.0000,0.000000,-9.810000,0.000000,0,2.0000,0.5091,1.0000,0.0000,-0.8175,0.0000,-5.0667,0.4500,5.0000,-1.0000,-0.0000,0.0000,6.0000,0.4500,5.0000,-0.0000,0.0000,-0.0000
5,0.0833,0.0000,1.0428,6.0000,0.0000,1.0000,0.0000,0,0.0000,-0.9810,0.0000,0.000000,-9.810000,0.000000,0,2.0000,0.5000,1.0000,-0.0000,0.0000,0.0001,-5.0833,0.4500,5.0000,-1.0000,0.0000,0.0000,6.0000,0.4500,5.0000,0.0000,0.0000,0.0000
6,0.1000,0.0000,0.9173,6.0000,0.0000,1.0000,0.0000,1,0.0000,-0.1635,0.0000,0.000000,-9.810000,0.000000,0,2.0000,0.5000,1.0000,0.0000,-0.0000,-0.0000,-5.1000,0.4500,5.0000,-1.0000,0.0000,0.0000,6.0000,0.4500,5.0000,0.0000,0.0000,-0.0000
7,0.1167,0.0000,0.9173,6.0000,0.0000,1.0000,0.0000,1,0.0000,-0.1635,0.0000,0.000000,-9.810000,0.000000,0,2.0000,0.5000,1.0000,0.0000,-0.0000,-0.0000,-5.1167,0.4500,5.0000,-1.0000,0.0000,0.0000,6.0000,0.4500,5.0000,-0.0000,0.0000,-0.0000
8,0.1333,0.0000,0.9173,6.0000,0.0000,1.0000,0.0000,1,0.0000,-0.1635,0.0000,0.000000,-9.810000,0.000000,0,2.0000,0.5000,1.0000,0.0000,-0.0000,-0.0000,-5.1333,0.4500,5.0000,-1.0000,0.0000,0.0000,6.0000,0.4500,5.0000,0.0000,-0.0000,0.0000
9,0.1500,0.0000,0.9173,6.0000,0.0000,1.0000,0.0000,1,0.0000,-0.1635,0.0000,0.000000,-9.810000,0.000000,0,2.0000,0.5000,1.0000,0.0000,-0.0000,0.0000,-5.1500,0.4500,5.0000,-1.0000,0.0000,0.0000,6.0000,0.4500,5.0000,0.0000,0.0000,-0.0000
10,0.1667,0.0000,0.9173,6.0000,0.0000,1.0000,0.0000,1,0.0000,-0.1635,0.0000,0.000000,-9.810000,0.000000,0,2.0000,0.5000,1.0000,0.0000,-0.0000,0.0000,-5.1667,0.4500,5.0000,-1.0000,0.0000,0.0000,6.0000,0.4500,5.0000,-0.0000,0.0000,-0.0000
11,0.1833,0.0000,0.9173,6.0000,0.0000,1.0000,0.0000,1,0.0000,-0.1635,0.0000,0.000000,-9.810000,0.000000,0,2.0000,0.5000,1.0000,0.0000,-0.0000,0.0000,-5.1833,0.4500,5.0000,-1.0000,0.0000,0.0000,6.0000,0.4500,5.0000,0.0000,-0.0000,0.0000
12,0.2000,0.0000,0.9173,6.0000,0.0000,1.0000,0.0000,1,0.0000,-0.1635,0.0000,0.000000,-9.810000,0.000000,0,2.0000,0.5000,1.0000,-0.0000,-0.0000,0.0000,-5.2000,0.4500,5.0000,-1.0000,-0.0000,0.0000,6.0000,0.4500,5.0000,-0.0000,0.0000,-0.0000
13,0.2167,0.0000,0.9173,6.0000,0.0000,1.0000,0.0000,1,0.0000,-0.1635,0.0000,0.000000,-9.810000,0.000000,0,2.0000,0.5000,1.0000,-0.0000,-0.0000,0.0000,-5.2167,0.4500,5.0000,-1.0000,0.0000,0.0000,6.0000,0.4500,5.0000,0.0000,-0.0000,0.0000
14,0.2333,0.0000,0.9173,6.0000,0.0000,1.0000,0.0000,1,0.0000,-0.1635,0.0000,0.000000,-9.810000,0.000000,0,2.0000,0.5000,1.0000,-0.0000,-0.0000,0.0000,-5.2333,0.4500,5.0000,-1.0000,-0.0000,0.0000,6.0000,0.4500,5.0000,0.0000,0.0000,-0.0000
15,0.2500,0.0000,0.9173,6.0000,0.0000,1.0000,0.0000,1,0.0000,-0.1635,0.0000,0.000000,-9.810000,0.000000,0,2.0000,0.5000,1.0000,-0.0000,-0.0000,0.0000,-5.2500,0.4500,5.0000,-1.0000,-0.0000,0.0000,6.0000,0.4500,5.0000,-0.0000,0.0000,0.0000
16,0.2667,0.0000,0.9173,6.0000,0.0000,1.0000,0.0000,1,0.0000,-0.1635,0.0000,0.000000,-9.810000,0.000000,0,2.0000,0.5000,1.0000,-0.0000,-0.0000,0.0000,-5.2667,0.4500,5.0000,-1.0000,-0.0000,0.0000,6.0000,0.4500,5.0000,0.0000,0.0000,0.0000
17,0.2833,0.0000,0.9173,6.0000,0.0000,1.0000,0.0000,1,0.0000,-0.1635,0.0000,0.000000,-9.810000,0.000000,0,2.0000,0.5000,1.0000,-0.0000,-0.0000,0.0000,-5.2833,0.4500,5.0000,-1.0000,-0.0000,0.0000,6.0000,0.4500,5.0000,0.0000,0.0000,0.0000
18,0.3000,0.0000,0.9173,6.0000,0.0000,1.0000,0.0000,1,0.0000,-0.1635,0.0000,0.000000,-9.810000,0.000000,0,2.0000,0.5000,1.0000,0.0000,-0.0000,0.0000,-5.3000,0.4500,5.0000,-1.0000,0.0000,0.0000,6.0000,0.4500,5.0000,0.0000,-0.0000,0.0000
19,0.3167,0.0000,0.9173,6.0000,0.0000,1.0000,0.0000,1,0.0000,-0.1635,0.0000,0.000000,-9.810000,0.000000,0,2.0000,0.5000,1.0000,0.0000,-0.0000,-0.0000,-5.3167,0.4500,5.0000,-1.0000,-0.0000,0.0000,6.0000,0.4500,5.0000,-0.0000,0.0000,-0.0000
