[  6%] Built target judas_audio_backend
[  6%] Built target judas_glad
[  6%] Building CXX object CMakeFiles/judas_engine.dir/src/RuntimeWorld.cpp.o
[ 12%] Linking CXX static library libjudas_engine.a
[ 93%] Built target judas_engine
[100%] Linking CXX executable judas
[100%] Built target judas
[  5%] Built target judas_audio_backend
[  5%] Built target judas_glad
[ 11%] Built target judas_imgui
[ 94%] Built target judas_engine
[ 94%] Linking CXX executable judas_editor
[100%] Built target judas_editor
[  6%] Built target judas_audio_backend
[  6%] Built target judas_glad
[100%] Built target judas_engine
[100%] Linking CXX executable judas_lifecycle_tests
[100%] Built target judas_lifecycle_tests
[  6%] Built target judas_audio_backend
[  6%] Built target judas_glad
[100%] Built target judas_engine
[100%] Building CXX object CMakeFiles/judas_project_tests.dir/tests/ProjectTests.cpp.o
[100%] Linking CXX executable judas_project_tests
[100%] Built target judas_project_tests
[  6%] Built target judas_audio_backend
[  6%] Built target judas_glad
[ 93%] Built target judas_engine
[ 93%] Linking CXX executable judas_prefab_tests
[100%] Built target judas_prefab_tests
[  6%] Built target judas_audio_backend
[  6%] Built target judas_glad
[ 93%] Built target judas_engine
[ 93%] Linking CXX executable judas_prefab_application_tests
[100%] Built target judas_prefab_application_tests
[  0%] Built target judas_audio_backend
[  6%] Built target judas_glad
[ 93%] Built target judas_engine
[100%] Linking CXX executable judas_world_state_tests
[100%] Built target judas_world_state_tests
[  6%] Built target judas_audio_backend
[  6%] Built target judas_glad
[ 93%] Built target judas_engine
[ 93%] Linking CXX executable judas_project_application_tests
[100%] Built target judas_project_application_tests
