[  0%] Built target judas_glad
[  7%] Building CXX object CMakeFiles/judas_engine.dir/src/FluidWorld.cpp.o
[  7%] Linking CXX static library libjudas_engine.a
[ 92%] Built target judas_engine
[ 92%] Linking CXX executable judas_fluid_boundary_contact_tests
[100%] Built target judas_fluid_boundary_contact_tests
[  0%] Building CXX object CMakeFiles/judas_fluid_world_tests.dir/src/FluidWorld.cpp.o
[  0%] Linking CXX executable judas_fluid_world_tests
[100%] Built target judas_fluid_world_tests
[ 33%] Building CXX object CMakeFiles/judas_fluid_rigid_coupling_tests.dir/src/FluidWorld.cpp.o
[ 33%] Linking CXX executable judas_fluid_rigid_coupling_tests
[100%] Built target judas_fluid_rigid_coupling_tests
[  0%] Building CXX object CMakeFiles/judas_terrain_fluid_tests.dir/src/FluidWorld.cpp.o
[  0%] Linking CXX executable judas_terrain_fluid_tests
[100%] Built target judas_terrain_fluid_tests
[  0%] Built target judas_glad
[100%] Built target judas_engine
[100%] Linking CXX executable judas_fluid_cavity_impact_tests
[100%] Built target judas_fluid_cavity_impact_tests
[  0%] Built target judas_glad
[100%] Built target judas_engine
[100%] Linking CXX executable judas_fluid_smoothing_budget_tests
[100%] Built target judas_fluid_smoothing_budget_tests
[  0%] Built target judas_glad
[ 92%] Built target judas_engine
[100%] Linking CXX executable judas_fluid_container_integration_tests
[100%] Built target judas_fluid_container_integration_tests
[  0%] Built target judas_glad
[100%] Built target judas_engine
[100%] Linking CXX executable judas_production_fluid_tests
[100%] Built target judas_production_fluid_tests
[  0%] Built target judas_glad
[100%] Built target judas_engine
[100%] Linking CXX executable judas_player_fluid_integration_tests
[100%] Built target judas_player_fluid_integration_tests
[  0%] Built target judas_glad
[100%] Built target judas_engine
[100%] Linking CXX executable judas_production_fluid_performance
[100%] Built target judas_production_fluid_performance
