World state: /home/conner/Documents/GitHub/Project-Judas/build/ftft2-fixtures/cpu-ready-cancel/a/Saves/main.judasstate (none saved; F6 saves, F7 deletes)
Project: FTFT2 async (/home/conner/Documents/GitHub/Project-Judas/build/ftft2-fixtures/cpu-ready-cancel/a/main.judasproj)
Scene: FTFT2 async application (/home/conner/Documents/GitHub/Project-Judas/build/ftft2-fixtures/cpu-ready-cancel/a/Scenes/main.judas)
World origin (m): 0.000, 0.000, 0.000
PASS normal application has async workers and real renderer (no headless residency)
PASS actual GL mesh buffers are resident for asset 1
PASS GPU vertex contents match current asset, max x=1.000000
PASS decoded CPU preparation awaits real upload budget
FAIL last demand cancellation cannot resurrect or upload resource
FAIL CPU-ready cancellation discards actual decoded data without GPU creation
PASS normal application returned cleanly
PASS literal decode/read operations run on workers; GPU creation/destruction on owning thread with current context
PASS shutdown order: resources drained, workers joined, renderer destroyed, then context destroyed
PASS all traced mesh/texture objects destroyed exactly once before context destruction
PASS no decoder operation after worker join
PASS no decoder operation after worker join
PASS no decoder operation after worker join
PASS no decoder operation after worker join
PASS no decoder operation after worker join
PASS no decoder operation after worker join
PASS no decoder operation after worker join
OWNERSHIP main=12524539979737646222 decode_events=4 GPU_created=6 GPU_destroyed=6 trace_events=33
PASS case completed every required assertion phase
CASE cpu-ready-cancel FAIL frames=1 seconds=0.178097
FTFT2 integration: 18 checks, 2 failures
