libEGL warning: Not allowed to force software rendering when API explicitly selects a hardware device.
Project: Tiny Game (/home/conner/Documents/GitHub/Project-Judas/projects/tiny_game/tiny_game.judasproj)
Scene: Tiny game (/home/conner/Documents/GitHub/Project-Judas/projects/tiny_game/Scenes/main.judas)
World origin (m): 0.000, 0.000, 0.000
FTFT6 CHECK project_parse PASS
FTFT6 CHECK authored_startup_scene_parse PASS
FTFT6 CHECK independent_authored_fingerprint PASS
FTFT6 CHECK runtime_normal_async_path PASS
FTFT6 CHECK runtime_matches_authored_startup_baseline PASS
FTFT6 CHECK runtime_startup_scene_setting PASS
FTFT6 CHECK ordinary_project_no_planetary_or_fluid_setup PASS
FTFT6 CHECK runtime_initial_body_3 PASS
FTFT6 CHECK runtime_initial_body_4 PASS
FTFT6 CHECK runtime_initial_body_5 PASS
FTFT6 CHECK runtime_ordinary_fixed_steps PASS
FTFT6 CHECK runtime_actual_render_submission PASS
FTFT6 CHECK runtime_baseline_stays_authored PASS
FTFT6 CHECK runtime_scene_file_unchanged PASS
FTFT6 CHECK runtime_project_assets_ready PASS
FTFT6 RUNTIME frames=30 steps=30 fingerprint=1a53dd5aa89dbe07a4309fec4ecd149a158dfcfcd837483bc797e8da917069b8
FTFT6 CHECK runtime_menu_frame_rendered_1 PASS
FTFT6 CHECK runtime_options_mouse_click PASS
FTFT6 CHECK runtime_menu_frame_rendered_2 PASS
FTFT6 CHECK runtime_hud_toggle_mouse_click PASS
FTFT6 CHECK runtime_menu_frame_rendered_3 PASS
FTFT6 CHECK runtime_options_toggle_after_render PASS
FTFT6 CHECK runtime_options_back_mouse_click PASS
FTFT6 CHECK runtime_menu_frame_rendered_4 PASS
FTFT6 CHECK runtime_menu_frame_rendered_5 PASS
FTFT6 CHECK runtime_menu_resumes_after_options PASS
FTFT6 CHECK runtime_quit_event PASS
FTFT6 CHECK runtime_menu_frame_rendered_6 PASS
FTFT6 CHECK runtime_application_completed PASS
FTFT6 CHECK runtime_shutdown_scene_unchanged PASS
FTFT6 FRAME 0 281.903920000
FTFT6 FRAME 1 1.460409000
FTFT6 FRAME 2 1.426367000
FTFT6 FRAME 3 1.606271000
FTFT6 FRAME 4 1.603108000
FTFT6 FRAME 5 1.715141000
FTFT6 FRAME 6 1.654058000
FTFT6 FRAME 7 1.615473000
FTFT6 FRAME 8 1.681132000
FTFT6 FRAME 9 92.113676000
FTFT6 FRAME 10 1.038374000
FTFT6 FRAME 11 0.802130000
FTFT6 FRAME 12 1.063331000
FTFT6 FRAME 13 1.259441000
FTFT6 FRAME 14 4.332597000
FTFT6 FRAME 15 64.114672000
FTFT6 FRAME 16 1.386859000
FTFT6 FRAME 17 1.321229000
FTFT6 FRAME 18 1.303839000
FTFT6 FRAME 19 1.239508000
FTFT6 FRAME 20 2.255050000
FTFT6 FRAME 21 1.925706000
FTFT6 FRAME 22 1.233549000
FTFT6 FRAME 23 84.161729000
FTFT6 FRAME 24 1.952270000
FTFT6 FRAME 25 1.531281000
FTFT6 FRAME 26 1.307038000
FTFT6 FRAME 27 1.258372000
FTFT6 FRAME 28 1.356496000
FTFT6 FRAME 29 1.308437000
FTFT6 FRAME 30 1.504007000
FTFT6 FRAME 31 1.397063000
FTFT6 FRAME 32 1.480457000
FTFT6 FRAME 33 1.374405000
FTFT6 FRAME 34 119.220166000
FTFT6 FRAME 35 0.891591000
FTFT6 standalone: 29 checks, 0 failures
