[  0%] Built target judas_audio_backend
[  0%] Built target judas_glad
[  0%] Building CXX object CMakeFiles/judas_engine.dir/src/UIWidgets.cpp.o
[  7%] Building CXX object CMakeFiles/judas_engine.dir/src/InteractivePlay.cpp.o
[  7%] Building CXX object CMakeFiles/judas_engine.dir/src/PauseMenu.cpp.o
[  7%] Linking CXX static library libjudas_engine.a
[ 92%] Built target judas_engine
[ 92%] Building CXX object CMakeFiles/judas.dir/src/Application.cpp.o
[100%] Linking CXX executable judas
[100%] Built target judas
[  0%] Built target judas_glad
[  0%] Building CXX object CMakeFiles/judas_ui_tests.dir/src/PauseMenu.cpp.o
[  0%] Building CXX object CMakeFiles/judas_ui_tests.dir/tests/UITests.cpp.o
[  0%] Building CXX object CMakeFiles/judas_ui_tests.dir/src/UIWidgets.cpp.o
[  0%] Linking CXX executable judas_ui_tests
[100%] Built target judas_ui_tests
[  0%] Built target judas_audio_backend
[  0%] Built target judas_glad
[ 92%] Built target judas_engine
[ 92%] Building CXX object CMakeFiles/judas_project_application_tests.dir/tests/ProjectApplicationTests.cpp.o
[ 92%] Building CXX object CMakeFiles/judas_project_application_tests.dir/src/Application.cpp.o
[ 92%] Linking CXX executable judas_project_application_tests
[100%] Built target judas_project_application_tests
[  0%] Built target judas_glad
[  0%] Built target judas_audio_backend
[ 92%] Built target judas_engine
[100%] Linking CXX executable judas_input_tests
[100%] Built target judas_input_tests
