JS: AUTO look
JS: {"t":1,"stage":2,"mode":"foot","ship":[227,67,-245.2],"sv":0,"landed":true,"hull":100,"pilot":[232.6,71.1,-245.5],"suit":100,"raiders":0,"kills":0,"auto":"look","bolts":{"fired":0,"hits":0,"raiderHits":0,"last":""},"aim":"","ids":""}
JS: {"t":2,"stage":2,"mode":"foot","ship":[227,67,-245.2],"sv":0,"landed":true,"hull":100,"pilot":[232.6,71.1,-245.5],"suit":100,"raiders":0,"kills":0,"auto":"look","bolts":{"fired":0,"hits":0,"raiderHits":0,"last":""},"aim":"","ids":""}
JS: {"t":3,"stage":2,"mode":"foot","ship":[227,67,-245.2],"sv":0,"landed":true,"hull":100,"pilot":[232.6,71.1,-245.5],"suit":100,"raiders":0,"kills":0,"auto":"look","bolts":{"fired":0,"hits":0,"raiderHits":0,"last":""},"aim":"","ids":""}
JS: {"t":4,"stage":2,"mode":"foot","ship":[227,67,-245.2],"sv":0,"landed":true,"hull":100,"pilot":[232.6,71.1,-245.5],"suit":100,"raiders":0,"kills":0,"auto":"look","bolts":{"fired":0,"hits":0,"raiderHits":0,"last":""},"aim":"","ids":""}
JS: {"t":5,"stage":2,"mode":"foot","ship":[227,67,-245.2],"sv":0,"landed":true,"hull":100,"pilot":[232.6,71.1,-245.5],"suit":100,"raiders":0,"kills":0,"auto":"look","bolts":{"fired":0,"hits":0,"raiderHits":0,"last":""},"aim":"","ids":""}
JS: {"t":6,"stage":2,"mode":"foot","ship":[227,67,-245.2],"sv":0,"landed":true,"hull":100,"pilot":[232.6,71.1,-245.5],"suit":100,"raiders":0,"kills":0,"auto":"look","bolts":{"fired":0,"hits":0,"raiderHits":0,"last":""},"aim":"","ids":""}
JS: {"t":7,"stage":2,"mode":"foot","ship":[227,67,-245.2],"sv":0,"landed":true,"hull":100,"pilot":[232.6,71.1,-245.5],"suit":100,"raiders":0,"kills":0,"auto":"look","bolts":{"fired":0,"hits":0,"raiderHits":0,"last":""},"aim":"","ids":""}
JS: AUTO walk to core
JS: {"t":8,"stage":2,"mode":"foot","ship":[227,67,-245.2],"sv":0,"landed":true,"hull":100,"pilot":[237.8,73.8,-246.5],"suit":100,"raiders":0,"kills":0,"auto":"walk to core","bolts":{"fired":0,"hits":0,"raiderHits":0,"last":""},"aim":"","ids":""}
JS: stage 3 t=8.5
JS: {"t":9,"stage":3,"mode":"foot","ship":[227,67,-245.2],"sv":0,"landed":true,"hull":100,"pilot":[240.2,74.8,-247],"suit":100,"raiders":3,"kills":0,"auto":"finished","bolts":{"fired":0,"hits":0,"raiderHits":0,"last":""},"aim":"","ids":"4611686018427387904,4611686018427387911,4611686018427387918"}
JS: {"t":10,"stage":3,"mode":"foot","ship":[227,67,-245.2],"sv":0,"landed":true,"hull":100,"pilot":[240.2,74.8,-247],"suit":100,"raiders":3,"kills":0,"auto":"finished","bolts":{"fired":0,"hits":0,"raiderHits":0,"last":""},"aim":"","ids":"4611686018427387904,4611686018427387911,4611686018427387918"}
JS: {"t":11,"stage":3,"mode":"foot","ship":[227,67,-245.2],"sv":0,"landed":true,"hull":100,"pilot":[240.2,74.8,-247],"suit":100,"raiders":3,"kills":0,"auto":"finished","bolts":{"fired":0,"hits":0,"raiderHits":0,"last":""},"aim":"","ids":"4611686018427387904,4611686018427387911,4611686018427387918"}
JS: {"t":12,"stage":3,"mode":"foot","ship":[227,67,-245.2],"sv":0,"landed":true,"hull":100,"pilot":[240.2,74.8,-247],"suit":100,"raiders":3,"kills":0,"auto":"finished","bolts":{"fired":0,"hits":0,"raiderHits":0,"last":""},"aim":"","ids":"4611686018427387904,4611686018427387911,4611686018427387918"}
JS: {"t":13,"stage":3,"mode":"foot","ship":[227,67,-245.2],"sv":0,"landed":true,"hull":100,"pilot":[240.2,74.8,-247],"suit":100,"raiders":3,"kills":0,"auto":"finished","bolts":{"fired":0,"hits":0,"raiderHits":0,"last":""},"aim":"","ids":"4611686018427387904,4611686018427387911,4611686018427387918"}
JS: {"t":14,"stage":3,"mode":"foot","ship":[227,67,-245.2],"sv":0,"landed":true,"hull":100,"pilot":[240.2,74.8,-247],"suit":100,"raiders":3,"kills":0,"auto":"finished","bolts":{"fired":0,"hits":0,"raiderHits":0,"last":""},"aim":"","ids":"4611686018427387904,4611686018427387911,4611686018427387918"}
JS: {"t":15,"stage":3,"mode":"foot","ship":[227,67,-245.2],"sv":0,"landed":true,"hull":100,"pilot":[240.2,74.8,-247],"suit":100,"raiders":3,"kills":0,"auto":"finished","bolts":{"fired":0,"hits":0,"raiderHits":0,"last":""},"aim":"","ids":"4611686018427387904,4611686018427387911,4611686018427387918"}
JS: {"t":16,"stage":3,"mode":"foot","ship":[227,67,-245.2],"sv":0,"landed":true,"hull":100,"pilot":[240.2,74.8,-247],"suit":100,"raiders":3,"kills":0,"auto":"finished","bolts":{"fired":0,"hits":0,"raiderHits":0,"last":""},"aim":"","ids":"4611686018427387904,4611686018427387911,4611686018427387918"}
JS: {"t":17,"stage":3,"mode":"foot","ship":[227,67,-245.2],"sv":0,"landed":true,"hull":100,"pilot":[240.2,74.8,-247],"suit":100,"raiders":3,"kills":0,"auto":"finished","bolts":{"fired":0,"hits":0,"raiderHits":0,"last":""},"aim":"","ids":"4611686018427387904,4611686018427387911,4611686018427387918"}
JS: {"t":18,"stage":3,"mode":"foot","ship":[227,67,-245.2],"sv":0,"landed":true,"hull":100,"pilot":[240.2,74.8,-247],"suit":100,"raiders":3,"kills":0,"auto":"finished","bolts":{"fired":0,"hits":0,"raiderHits":0,"last":""},"aim":"","ids":"4611686018427387904,4611686018427387911,4611686018427387918"}
JS: {"t":19,"stage":3,"mode":"foot","ship":[227,67,-245.2],"sv":0,"landed":true,"hull":100,"pilot":[240.2,74.8,-247],"suit":100,"raiders":3,"kills":0,"auto":"finished","bolts":{"fired":0,"hits":0,"raiderHits":0,"last":""},"aim":"","ids":"4611686018427387904,4611686018427387911,4611686018427387918"}
JS: {"t":20,"stage":3,"mode":"foot","ship":[227,67,-245.2],"sv":0,"landed":true,"hull":100,"pilot":[240.2,74.8,-247],"suit":100,"raiders":3,"kills":0,"auto":"finished","bolts":{"fired":0,"hits":0,"raiderHits":0,"last":""},"aim":"","ids":"4611686018427387904,4611686018427387911,4611686018427387918"}
JS: {"t":21,"stage":3,"mode":"foot","ship":[227,67,-245.2],"sv":0,"landed":true,"hull":100,"pilot":[240.2,74.8,-247],"suit":100,"raiders":3,"kills":0,"auto":"finished","bolts":{"fired":0,"hits":0,"raiderHits":0,"last":""},"aim":"","ids":"4611686018427387904,4611686018427387911,4611686018427387918"}
JS: {"t":22,"stage":3,"mode":"foot","ship":[227,67,-245.2],"sv":0,"landed":true,"hull":100,"pilot":[240.2,74.8,-247],"suit":100,"raiders":3,"kills":0,"auto":"finished","bolts":{"fired":0,"hits":0,"raiderHits":0,"last":""},"aim":"","ids":"4611686018427387904,4611686018427387911,4611686018427387918"}
JS: {"t":23,"stage":3,"mode":"foot","ship":[227,67,-245.2],"sv":0,"landed":true,"hull":100,"pilot":[240.2,74.8,-247],"suit":100,"raiders":3,"kills":0,"auto":"finished","bolts":{"fired":0,"hits":0,"raiderHits":0,"last":""},"aim":"","ids":"4611686018427387904,4611686018427387911,4611686018427387918"}
JS: {"t":24,"stage":3,"mode":"foot","ship":[227,67,-245.2],"sv":0,"landed":true,"hull":100,"pilot":[240.2,74.8,-247],"suit":100,"raiders":3,"kills":0,"auto":"finished","bolts":{"fired":0,"hits":0,"raiderHits":0,"last":""},"aim":"","ids":"4611686018427387904,4611686018427387911,4611686018427387918"}
JS: {"t":25,"stage":3,"mode":"foot","ship":[227,67,-245.2],"sv":0,"landed":true,"hull":100,"pilot":[240.2,74.8,-247],"suit":100,"raiders":3,"kills":0,"auto":"finished","bolts":{"fired":0,"hits":0,"raiderHits":0,"last":""},"aim":"","ids":"4611686018427387904,4611686018427387911,4611686018427387918"}
JS: {"t":26,"stage":3,"mode":"foot","ship":[227,67,-245.2],"sv":0,"landed":true,"hull":100,"pilot":[240.2,74.8,-247],"suit":100,"raiders":3,"kills":0,"auto":"finished","bolts":{"fired":0,"hits":0,"raiderHits":0,"last":""},"aim":"","ids":"4611686018427387904,4611686018427387911,4611686018427387918"}
JS: {"t":27,"stage":3,"mode":"foot","ship":[227,67,-245.2],"sv":0,"landed":true,"hull":100,"pilot":[240.2,74.8,-247],"suit":100,"raiders":3,"kills":0,"auto":"finished","bolts":{"fired":0,"hits":0,"raiderHits":0,"last":""},"aim":"","ids":"4611686018427387904,4611686018427387911,4611686018427387918"}
JS: {"t":28,"stage":3,"mode":"foot","ship":[227,67,-245.2],"sv":0,"landed":true,"hull":100,"pilot":[240.2,74.8,-247],"suit":100,"raiders":3,"kills":0,"auto":"finished","bolts":{"fired":0,"hits":0,"raiderHits":0,"last":""},"aim":"","ids":"4611686018427387904,4611686018427387911,4611686018427387918"}
JS: {"t":29,"stage":3,"mode":"foot","ship":[227,67,-245.2],"sv":0,"landed":true,"hull":100,"pilot":[240.2,74.8,-247],"suit":100,"raiders":3,"kills":0,"auto":"finished","bolts":{"fired":0,"hits":0,"raiderHits":0,"last":""},"aim":"","ids":"4611686018427387904,4611686018427387911,4611686018427387918"}
JS: {"t":30,"stage":3,"mode":"foot","ship":[227,67,-245.2],"sv":0,"landed":true,"hull":100,"pilot":[240.2,74.8,-247],"suit":100,"raiders":3,"kills":0,"auto":"finished","bolts":{"fired":0,"hits":0,"raiderHits":0,"last":""},"aim":"","ids":"4611686018427387904,4611686018427387911,4611686018427387918"}
Consumer observation frames=1800 scriptErrors=0
Renderer fragment texture units: 32 (material path uses 12)
World state: disk saves disabled for additive compositions
Project: Judas Three Games (/tmp/judas-post-m65-78bclzq3/project/post_m65_consumers.judasproj)
Scene: Void Courier (/tmp/judas-post-m65-78bclzq3/project/Scenes/void/system.judas)
World origin (m): 0.000, 0.000, 0.000
