JS: SKATER start rails=8 autopilot=false
JS: STREAM t=0.10 street-0 - -> unloaded entities=0 prepMs=0.00 integMs=0.00 largestUnitMs=0.00 skater=(0.00,3.27,23.50) v=0.1
JS: STREAM t=0.10 street-1 - -> unloaded entities=0 prepMs=0.00 integMs=0.00 largestUnitMs=0.00 skater=(0.00,3.27,23.50) v=0.1
JS: STREAM t=0.10 street-2 - -> unloaded entities=0 prepMs=0.00 integMs=0.00 largestUnitMs=0.00 skater=(0.00,3.27,23.50) v=0.1
JS: STREAM t=0.10 street-3 - -> unloaded entities=0 prepMs=0.00 integMs=0.00 largestUnitMs=0.00 skater=(0.00,3.27,23.50) v=0.1
JS: STREAM t=0.10 street-4 - -> unloaded entities=0 prepMs=0.00 integMs=0.00 largestUnitMs=0.00 skater=(0.00,3.27,23.50) v=0.1
JS: STREAM t=0.20 street-0 unloaded -> prepared entities=11 prepMs=13.47 integMs=0.00 largestUnitMs=0.00 skater=(0.00,3.28,23.50) v=0.0
JS: STREAM t=0.40 street-0 prepared -> active entities=11 prepMs=13.47 integMs=14.34 largestUnitMs=13.52 skater=(0.00,3.28,23.50) v=0.0
JS: REVIEW {"poseLift":0,"measuredLift":0,"clip":"Ride"}
JS: REVIEW {"poseLift":0,"measuredLift":0,"clip":"Ride"}
JS: REVIEW {"poseLift":0,"measuredLift":0,"clip":"Ride","ikConfigured":true}
JS: REVIEW {"poseLift":0.010794059276580809,"measuredLift":0.010794059276580809,"clip":"Ride","ikConfigured":true,"ikError":0.0000035150702227194696,"socketError":9.096071565753427e-8,"jointCreated":true}
JS: REVIEW {"poseLift":0,"measuredLift":0,"clip":"Ride","ikConfigured":true,"ikError":0.0000035150702227194696,"socketError":9.096071565753427e-8,"jointCreated":true,"jointReanchored":true,"jointRetired":true,"materialRead":{"asset":"dad488c962a44aaba2adfba152ac50c2","friction":0.699999988079071,"restitution":0.05000000074505806},"hitMaterial":"dad488c962a44aaba2adfba152ac50c2","hitBody":"10"}
JS: REVIEW {"poseLift":0,"measuredLift":0,"clip":"Ride","ikConfigured":true,"ikError":0.0000035150702227194696,"socketError":9.096071565753427e-8,"jointCreated":true,"jointReanchored":true,"jointRetired":true,"materialRead":{"asset":"dad488c962a44aaba2adfba152ac50c2","friction":0.699999988079071,"restitution":0.05000000074505806},"hitMaterial":"dad488c962a44aaba2adfba152ac50c2","hitBody":"10"}
Consumer observation frames=360 scriptErrors=0
Renderer fragment texture units: 32 (material path uses 12)
World state: disk saves disabled for additive compositions
Project: Judas Three Games (/tmp/judas-post-m65-vlio6wx4/project/post_m65_consumers.judasproj)
Scene: Judas Skate Park (/tmp/judas-post-m65-vlio6wx4/project/Scenes/skate/park.judas)
World origin (m): 0.000, 0.000, 0.000
asset 97c3acdb99c5ffefb002c03ecec7a8ed: Optional extension ignored: KHR_materials_specular
