PASS load can start from ordinary boot world
FAIL authored scene fingerprint: particle emitter: character motor dimensions are in simulation metres; entity scale must be one
FAIL authored scene fingerprint: particle emitter: character motor dimensions are in simulation metres; entity scale must be one
FAIL fresh standalone streamed process exits cleanly
SUMMARY read checks=4 failures=3 frames=69
libEGL warning: Not allowed to force software rendering when API explicitly selects a hardware device.
Renderer fragment texture units: 32 (material path uses 12)
World state: disk saves disabled for additive compositions
Project: Streamed Spring Range (/home/conner/Documents/GitHub/Project-Judas/projects/streamed_range/streamed_range.judasproj)
Scene: Streamed Spring Range (/home/conner/Documents/GitHub/Project-Judas/projects/streamed_range/Scenes/bootstrap.judas)
World origin (m): 0.000, 0.000, 0.000
Localization: missing localization key save.queued
Localization: missing localization key save.selected
Localization: missing localization key range.score
Localization: missing localization key range.progress
Localization: missing localization key range.start
Localization: missing localization key range.language
Localization: missing localization key range.title
Localization: missing localization key range.controls
Localization: missing localization key stream.wait
Localization: missing localization key save.working
Localization: missing localization key save.selected
Localization: missing localization key save.completed
Localization: missing localization key save.selected
Save service: authored scene fingerprint: particle emitter: character motor dimensions are in simulation metres; entity scale must be one
