[  0%] Built target judas_glad
[  0%] Building CXX object CMakeFiles/judas_engine.dir/src/ProductionFluidCoupling.cpp.o
[  0%] Building CXX object CMakeFiles/judas_engine.dir/src/FluidHydrostatics.cpp.o
[  0%] Linking CXX static library libjudas_engine.a
[100%] Built target judas_engine
[100%] Building CXX object CMakeFiles/judas_fluid_hydrostatics_tests.dir/tests/FluidHydrostaticsTests.cpp.o
[100%] Linking CXX executable judas_fluid_hydrostatics_tests
[100%] Built target judas_fluid_hydrostatics_tests
[  0%] Built target judas_glad
[100%] Built target judas_engine
[100%] Linking CXX executable judas_production_fluid_tests
[100%] Built target judas_production_fluid_tests
[  0%] Built target judas_glad
[100%] Built target judas_engine
[100%] Linking CXX executable judas_player_fluid_integration_tests
[100%] Built target judas_player_fluid_integration_tests
[  0%] Built target judas_glad
[ 92%] Built target judas_engine
[100%] Linking CXX executable judas_fluid_container_integration_tests
[100%] Built target judas_fluid_container_integration_tests
[  0%] Built target judas_glad
[100%] Built target judas_engine
[100%] Linking CXX executable judas_production_fluid_performance
[100%] Built target judas_production_fluid_performance
