libEGL warning: Not allowed to force software rendering when API explicitly selects a hardware device.
Renderer fragment texture units: 32 (material path uses 12)
M31 resource stress: generating 24 sphere meshes (160x160) and 16 1024x1024 textures under /tmp/judas_m31_stress_6951
  137.5 MB of asset files
  7 workers, scene 'Tiny game' playing (3 dynamic bodies)
  async: all 40 assets Ready after 1.29 s; per-asset latency (request->Ready) min 296 ms avg 881 ms max 1290 ms; 40 uploads; resident 268.1 MB (peak 268.1 MB)
  cancel: 20 loads cancelled by dropped demand, 9 stale completions discarded, 20 ready, 0 loading
  evict: budget 57.9 MB -> resident 115.8 MB before, 85.3 MB after, 4 evictions; referenced textures survived: yes
  reload: 4 evicted meshes re-requested and Ready again after 0.46 s
  blocking: all 40 assets loaded on the main thread in 3.78 s (one per frame)

Per-phase main-thread measurements (frame = pump + play frame + swap; 60 Hz fixed step):
  baseline (no loads)          frames  120 | frame avg  10.69 ms p99  10.24 ms max  512.83 ms (pump max   0.00 ms) | >33 ms:   1 | fixed steps    57 (expected ~   80, 1 saturated) | queue max  0 avg   0.0 | worker util   0.0% | jobs done 0
  async load (40 assets)       frames   34 | frame avg  37.16 ms p99  89.61 ms max   89.61 ms (pump max  76.46 ms) | >33 ms:  15 | fixed steps    78 (expected ~   78, 0 saturated) | queue max 33 avg  18.1 | worker util  89.2% | jobs done 40
  cancel + release             frames    1 | frame avg  26.42 ms p99  26.42 ms max   26.42 ms (pump max   0.10 ms) | >33 ms:   0 | fixed steps     0 (expected ~    2, 0 saturated) | queue max  3 avg   3.0 | worker util   2.8% | jobs done 0
  evict + reload               frames   23 | frame avg  19.79 ms p99  32.01 ms max   32.01 ms (pump max   7.58 ms) | >33 ms:   0 | fixed steps    29 (expected ~   29, 0 saturated) | queue max  2 avg   0.6 | worker util  77.6% | jobs done 9
  BLOCKING load (40 assets)    frames   40 | frame avg  94.10 ms p99 200.23 ms max  200.23 ms (pump max   0.00 ms) | >33 ms:  28 | fixed steps   216 (expected ~  227, 17 saturated) | queue max  0 avg   0.0 | worker util   0.0% | jobs done 0

Claim under test: expensive resource preparation no longer forces the main thread to wait for the whole operation.
  async  : worst frame   89.61 ms,  15 frames over 33 ms, 0 saturated catch-up frames, wall 1.29 s
  blocking: worst frame  200.23 ms,  28 frames over 33 ms, 17 saturated catch-up frames, wall 3.78 s
  (the work itself is not free: worker busy time during the async phase was 8.07 s across 7 workers)

shutdown clean (resources, workers, renderer, window in that order); temporary project removed
