Renderer fragment texture units: 32 (material path uses 12)
World state: disk saves disabled for additive compositions
Project: Judas Developer Integration (/home/conner/Documents/GitHub/Project-Judas/projects/m65_integration/m65_integration.judasproj)
Scene: M65 developer integration (/home/conner/Documents/GitHub/Project-Judas/projects/m65_integration/Scenes/integration.judas)
World origin (m): 0.000, 0.000, 0.000
PASS runtime window uses project title
PASS real M35 input drives project motor script
PASS actual GL instance UV transform changes texture sampling
PASS actual GL authored clear colour without HDR environment
PASS resolved joint queries through real resource pipeline
PASS moving board foot target reached without transitionFraction guess
PASS visual socket follows resolved hand
PASS interrupted crossfade retains IK/socket resolver path
PASS ordinary sensor checkpoint callback detects motor
PASS public JS creates normal runtime joint
PASS public JS reanchors owner-local world joint
PASS shared physical material identity and instance control
PASS ragdoll takes resolved IK/layer pose
PASS socket follows physical pose through same resolver
PASS return contribution preserves visual pose
PASS visual return retires physical articulation
PASS save runtime IK/socket/joint/material state
PASS save completed with new normal participant state
PASS normal M56 profiling export
SUMMARY 19 checks 0 failures
