JS: SKATER start rails=8 autopilot=false
JS: STREAM t=0.10 street-0 - -> unloaded entities=0 prepMs=0.00 integMs=0.00 largestUnitMs=0.00 skater=(0.00,3.27,23.50) v=0.1
JS: STREAM t=0.10 street-1 - -> unloaded entities=0 prepMs=0.00 integMs=0.00 largestUnitMs=0.00 skater=(0.00,3.27,23.50) v=0.1
JS: STREAM t=0.10 street-2 - -> unloaded entities=0 prepMs=0.00 integMs=0.00 largestUnitMs=0.00 skater=(0.00,3.27,23.50) v=0.1
JS: STREAM t=0.10 street-3 - -> unloaded entities=0 prepMs=0.00 integMs=0.00 largestUnitMs=0.00 skater=(0.00,3.27,23.50) v=0.1
JS: STREAM t=0.10 street-4 - -> unloaded entities=0 prepMs=0.00 integMs=0.00 largestUnitMs=0.00 skater=(0.00,3.27,23.50) v=0.1
JS: STREAM t=0.20 street-0 unloaded -> prepared entities=11 prepMs=13.43 integMs=0.00 largestUnitMs=0.00 skater=(0.00,3.28,23.50) v=0.0
JS: STREAM t=0.40 street-0 prepared -> installing entities=11 prepMs=13.43 integMs=17.62 largestUnitMs=17.41 skater=(0.00,3.28,23.50) v=0.0
JS: STREAM t=0.50 street-0 installing -> active entities=11 prepMs=13.43 integMs=18.31 largestUnitMs=17.41 skater=(0.00,3.28,23.50) v=0.0
JS: REVIEW {"poseLift":0,"measuredLift":0,"clip":"Ride"}
JS: REVIEW {"poseLift":0,"measuredLift":0,"clip":"Ride"}
JS: REVIEW {"poseLift":0,"measuredLift":0,"clip":"Ride","ikConfigured":true}
JS: REVIEW {"poseLift":0.010794059276580809,"measuredLift":0.010794059276580809,"clip":"Ride","ikConfigured":true,"ikError":0.0000035150702227194696,"socketError":0.02999990903928434,"jointCreated":true}
JS: REVIEW {"poseLift":0.17979092979431152,"measuredLift":0.17979092979431152,"clip":"Air","ikConfigured":true,"ikError":0.0000035150702227194696,"socketError":0.02999990903928434,"jointCreated":true,"jointReanchored":true,"jointRetired":true,"materialRead":{"asset":null,"friction":0.699999988079071,"restitution":0.05000000074505806},"hitMaterial":null}
JS: REVIEW {"poseLift":0.17979092979431152,"measuredLift":0.17979092979431152,"clip":"Air","ikConfigured":true,"ikError":0.0000035150702227194696,"socketError":0.02999990903928434,"jointCreated":true,"jointReanchored":true,"jointRetired":true,"materialRead":{"asset":null,"friction":0.699999988079071,"restitution":0.05000000074505806},"hitMaterial":null}
Consumer observation frames=360 scriptErrors=0
Renderer fragment texture units: 32 (material path uses 12)
World state: disk saves disabled for additive compositions
Project: Judas Three Games (/tmp/judas-post-m65-pv3eoasp/project/post_m65_consumers.judasproj)
Scene: Judas Skate Park (/tmp/judas-post-m65-pv3eoasp/project/Scenes/skate/park.judas)
World origin (m): 0.000, 0.000, 0.000
asset 97c3acdb99c5ffefb002c03ecec7a8ed: Optional extension ignored: KHR_materials_specular
script state 1000000/2: state must be bounded plain JSON data (no accessors/cycles/nonfinite values)
script state 1000000/2: state must be bounded plain JSON data (no accessors/cycles/nonfinite values)
