configure: exit=0, 4.425s
build: exit=0, 1055.149s
async_application: exit=0, 9.942s
judas_scene_tests: exit=0, 0.065s
judas_lifecycle_tests: exit=0, 0.466s
judas_project_tests: exit=0, 0.165s
judas_job_tests: exit=0, 0.064s
judas_physics_tests: exit=0, 0.004s
judas_rigid_contact_tests: exit=0, 2.669s
judas_broadphase_tests: exit=0, 21.506s
judas_collision_tests: exit=0, 0.033s
judas_celestial_gravity_tests: exit=0, 0.032s
judas_asset_tests: exit=0, 0.008s
judas_step_climb_tests: exit=0, 0.004s
judas_pilot_attachment_tests: exit=0, 0.002s
judas_pilot_dismount_tests: exit=0, 0.004s
judas_spacecraft_control_tests: exit=0, 0.016s
judas_spacecraft_flight_tests: exit=0, 0.016s
judas_reference_frame_tests: exit=0, 0.004s
judas_ui_tests: exit=0, 0.008s
judas_lighting_tests: exit=0, 0.008s
judas_shadow_tests: exit=0, 0.002s
judas_interactable_tests: exit=0, 0.008s
judas_player_view_tests: exit=0, 0.002s
judas_object_manipulation_tests: exit=0, 0.016s
judas_player_curved_locomotion_tests: exit=0, 0.114s
judas_world_coordinates_tests: exit=0, 0.032s
judas_compound_body_tests: exit=0, 0.064s
judas_fluid_world_tests: exit=0, 0.615s
judas_fluid_rigid_coupling_tests: exit=0, 12.691s
judas_fluid_surface_tests: exit=0, 0.004s
judas_terrain_physics_tests: exit=0, 0.815s
judas_terrain_fluid_tests: exit=0, 28.874s
judas_atmosphere_tests: exit=0, 0.016s
judas_atmospheric_flight_tests: exit=0, 0.032s
judas_combustion_tests: exit=0, 0.064s
judas_scene_fingerprint_tests: exit=0, 0.032s
judas_world_state_tests: exit=0, 0.032s
judas_uniform_gravity_scene_tests: exit=0, 0.215s
judas_contact_geometry_tests: exit=0, 0.065s
judas_contact_lifecycle_tests: exit=0, 0.032s
judas_contact_cache_tests: exit=0, 0.032s
judas_contact_storage_tests: exit=0, 0.114s
judas_rigid_motion_tests: exit=0, 0.016s
judas_impact_solver_tests: exit=0, 0.004s
judas_impact_timing_tests: exit=0, 0.032s
judas_project_application_tests: exit=0, 1.423s
judas_lifecycle_integration_tests: exit=0, 0.016s
judas_asset_integrity_tests: exit=0, 0.016s
judas_coarse_celestial_tests: exit=0, 0.032s
judas_orbital_integrity_tests: exit=0, 0.115s
judas_spacecraft_frame_integration_tests: exit=0, 0.032s
judas_thermal_accounting_tests: exit=0, 0.016s
judas_combustion_integration_tests: exit=0, 0.064s
judas_player_swimming_tests: exit=0, 0.032s
judas_fluid_metadata_tests: exit=0, 0.016s
judas_fluid_hydrostatics_tests: exit=0, 0.265s
judas_production_fluid_tests: exit=0, 68.495s
judas_fluid_container_integration_tests: exit=0, 4.658s
judas_player_fluid_integration_tests: exit=0, 113.830s
judas_fluid_cavity_impact_tests: exit=0, 0.016s
judas_fluid_smoothing_budget_tests: exit=0, 0.004s
judas_fluid_boundary_contact_tests: exit=0, 0.004s
judas_particle_contact_batch_tests: exit=0, 0.016s
judas_render_camera_tests: exit=0, 2.075s
judas_audio_tests: exit=0, 0.716s
judas_input_tests: exit=0, 0.365s
judas_prefab_tests: exit=0, 0.064s
judas_prefab_application_tests: exit=0, 1.320s
judas_visual_particle_tests: exit=0, 0.866s
judas_particle_application_tests: exit=0, 3.687s
judas_export_tests: exit=0, 0.114s
judas_package_application_tests: exit=0, 3.732s
judas_classification_tests: exit=0, 1.066s
judas_script_tests: exit=0, 2.075s
judas_script_application_tests: exit=0, 3.329s
judas_runtime_ui_tests: exit=0, 0.515s
judas_runtime_ui_application_tests: exit=0, 2.470s
judas_touch_event_tests: exit=0, 0.115s
judas_touch_application_tests: exit=0, 3.638s
judas_scene_transition_tests: exit=0, 1.223s
judas_physics_cast_tests: exit=0, 0.165s
judas_physics_cast_application_tests: exit=0, 1.020s
judas_joint_tests: exit=0, 0.064s
judas_joint_authoring_tests: exit=0, 0.016s
judas_joint_application_tests: exit=0, 1.017s
judas_skeletal_animation_tests: exit=0, 0.716s
judas_animation_application_tests: exit=0, 1.269s
judas_pose_composition_tests: exit=0, 0.064s
judas_pose_composition_application_tests: exit=0, 1.218s
judas_ragdoll_tests: exit=0, 0.265s
judas_ragdoll_application_tests: exit=0, 1.622s
judas_fluid_demo_integration_tests: exit=0, 24.664s
judas_character_motor_tests: exit=0, 0.515s
judas_character_motor_application_tests: exit=0, 0.716s
judas_boundary_migration_tests: exit=0, 0.465s
judas_shooter_game_tests: exit=0, 2.671s
judas_shooter_application_tests: exit=0, 7.105s
judas_script_presentation_tests: exit=0, 0.716s
judas_navigation_tests: exit=0, 0.415s
judas_navigation_game_tests: exit=0, 3.623s
judas_liquid_tests: exit=0, 0.565s
judas_liquid_application_tests: exit=0, 4.433s
judas_liquid_surface_tests: exit=0, 0.916s
judas_liquid_surface_application_tests: exit=0, 7.333s
judas_liquid_surface_refill_tests: exit=0, 10.188s
judas_liquid_surface_loop_tests: exit=0, 4.537s
judas_profiler_tests: exit=0, 0.064s
judas_profiler_script_tests: exit=0, 0.415s
judas_profiler_application_tests: exit=0, 69.080s
judas_material_tests: exit=0, 2.770s
judas_material_application_tests: exit=0, 4.774s
judas_text_localization_tests: exit=0, 0.114s
judas_text_render_tests: exit=0, 1.722s
judas_localization_application_tests: exit=0, 7.546s
judas_streaming_tests: exit=0, 0.315s
judas_streaming_application_tests: exit=0, 9.916s
judas_streaming_performance_tests: exit=0, 87.805s
judas_streaming_revisit_tests: exit=0, 47.747s
judas_audio_acoustics_tests: exit=0, 0.515s
judas_audio_world_tests: exit=0, 1.318s
judas_audio_application_tests: exit=0, 5.249s
judas_save_storage_tests: exit=0, 0.265s
judas_world_persistence_tests: exit=0, 0.032s
judas_save_application_tests: exit=0, 2.935s
judas_save_streaming_tests: exit=0, 4.338s
judas_save_performance_tests: exit=0, 7.119s
judas_deformable_tests: exit=0, 0.415s
judas_deformable_performance_tests: exit=0, 0.816s
judas_deformable_application_tests: exit=0, 6.803s
judas_fracture_tests: exit=0, 0.064s
judas_fracture_application_tests: exit=0, 5.102s
judas_fracture_performance_tests: exit=0, 0.716s
editor_async: exit=0, 2.482s
runtime_blocking_reference: exit=0, 0.215s
m31_resource_stress: exit=0, 10.213s
{
  "overall_pass": false,
  "checks": {
    "integration_all_12_cases": true,
    "editor_play_stop_async": true,
    "blocking_reference_three_steps": true,
    "tested_sources_unchanged_during_run": false,
    "protected_paths_unchanged": true
  },
  "seconds": 1724.0200483110002
}
