[  0%] Built target judas_glad
[  6%] Building CXX object CMakeFiles/judas_engine.dir/src/WorldState.cpp.o
[ 13%] Linking CXX static library libjudas_engine.a
[100%] Built target judas_engine
[100%] Linking CXX executable judas_scene_fingerprint_tests
[100%] Built target judas_scene_fingerprint_tests
[  0%] Built target judas_glad
[ 93%] Built target judas_engine
[ 93%] Building CXX object CMakeFiles/judas_world_state_tests.dir/tests/WorldStateTests.cpp.o
[100%] Linking CXX executable judas_world_state_tests
[100%] Built target judas_world_state_tests
[  0%] Built target judas_glad
[100%] Built target judas_engine
[100%] Linking CXX executable judas_lifecycle_tests
[100%] Built target judas_lifecycle_tests
[  0%] Built target judas_glad
[ 93%] Built target judas_engine
[ 93%] Linking CXX executable judas_scene_tests
[100%] Built target judas_scene_tests
[  0%] Built target judas_glad
[ 93%] Built target judas_engine
[ 93%] Linking CXX executable judas_project_tests
[100%] Built target judas_project_tests
[  0%] Built target judas_glad
[ 93%] Built target judas_engine
[ 93%] Linking CXX executable judas
[100%] Built target judas
[  0%] Built target judas_glad
[  5%] Built target judas_imgui
[ 88%] Built target judas_engine
[ 94%] Linking CXX executable judas_editor
[100%] Built target judas_editor
