FTFT1 pre-fix verification from exact committed source
commit=587759e93add89f32774cbc51fe47878fab127ec
tree=3bf25b9e9f24e209806a2d7b91e3651bb539a813
archive_sha256=14ae7915f6a3601bfd8ed251bd948743f90e7da6634d292c5d53da608fa8353f
source_files=232

$ cmake -S /home/conner/Documents/GitHub/Project-Judas/build/ftft1-baseline-src -B /home/conner/Documents/GitHub/Project-Judas/build/ftft1-baseline-build -DCMAKE_BUILD_TYPE=Release -DJUDAS_GLM=glm::glm
-- The C compiler identification is GNU 15.2.0
-- The CXX compiler identification is GNU 15.2.0
-- Detecting C compiler ABI info
-- Detecting C compiler ABI info - done
-- Check for working C compiler: /usr/bin/cc - skipped
-- Detecting C compile features
-- Detecting C compile features - done
-- Detecting CXX compiler ABI info
-- Detecting CXX compiler ABI info - done
-- Check for working CXX compiler: /usr/bin/c++ - skipped
-- Detecting CXX compile features
-- Detecting CXX compile features - done
-- Performing Test CMAKE_HAVE_LIBC_PTHREAD
-- Performing Test CMAKE_HAVE_LIBC_PTHREAD - Success
-- Found Threads: TRUE
-- Configuring done (0.4s)
-- Generating done (0.1s)
-- Build files have been written to: /home/conner/Documents/GitHub/Project-Judas/build/ftft1-baseline-build

$ cmake --build /home/conner/Documents/GitHub/Project-Judas/build/ftft1-baseline-build --target judas_engine -j 4
[  0%] Building C object CMakeFiles/judas_glad.dir/third_party/glad/src/gl.c.o
[  0%] Linking C static library libjudas_glad.a
[  0%] Built target judas_glad
[  6%] Building CXX object CMakeFiles/judas_engine.dir/src/PlayerController.cpp.o
[  6%] Building CXX object CMakeFiles/judas_engine.dir/src/Renderer.cpp.o
[  6%] Building CXX object CMakeFiles/judas_engine.dir/src/Window.cpp.o
[  6%] Building CXX object CMakeFiles/judas_engine.dir/src/PlayerView.cpp.o
[  6%] Building CXX object CMakeFiles/judas_engine.dir/src/StepClimb.cpp.o
[  6%] Building CXX object CMakeFiles/judas_engine.dir/src/DynamicBody.cpp.o
[  6%] Building CXX object CMakeFiles/judas_engine.dir/src/FlyingPrimitiveControl.cpp.o
[ 13%] Building CXX object CMakeFiles/judas_engine.dir/src/PilotAttachment.cpp.o
[ 13%] Building CXX object CMakeFiles/judas_engine.dir/src/PilotControl.cpp.o
[ 13%] Building CXX object CMakeFiles/judas_engine.dir/src/ReferenceFrame.cpp.o
[ 13%] Building CXX object CMakeFiles/judas_engine.dir/src/ModelLoader.cpp.o
[ 13%] Building CXX object CMakeFiles/judas_engine.dir/src/TextureLoader.cpp.o
[ 20%] Building CXX object CMakeFiles/judas_engine.dir/src/FontLoader.cpp.o
[ 20%] Building CXX object CMakeFiles/judas_engine.dir/src/UIWidgets.cpp.o
[ 20%] Building CXX object CMakeFiles/judas_engine.dir/src/PauseMenu.cpp.o
[ 20%] Building CXX object CMakeFiles/judas_engine.dir/src/HUD.cpp.o
[ 26%] Building CXX object CMakeFiles/judas_engine.dir/src/LightTransforms.cpp.o
[ 26%] Building CXX object CMakeFiles/judas_engine.dir/src/LightAttenuation.cpp.o
[ 26%] Building CXX object CMakeFiles/judas_engine.dir/src/ShadowTransforms.cpp.o
[ 26%] Building CXX object CMakeFiles/judas_engine.dir/src/HingeTransform.cpp.o
[ 26%] Building CXX object CMakeFiles/judas_engine.dir/src/InteractionSystem.cpp.o
[ 33%] Building CXX object CMakeFiles/judas_engine.dir/src/ObjectManipulation.cpp.o
[ 33%] Building CXX object CMakeFiles/judas_engine.dir/src/FluidWorld.cpp.o
[ 33%] Building CXX object CMakeFiles/judas_engine.dir/src/FluidSurface.cpp.o
[ 33%] Building CXX object CMakeFiles/judas_engine.dir/src/CombustionWorld.cpp.o
[ 40%] Building CXX object CMakeFiles/judas_engine.dir/src/FirePresentation.cpp.o
[ 40%] Building CXX object CMakeFiles/judas_engine.dir/src/TerrainDemo.cpp.o
[ 40%] Building CXX object CMakeFiles/judas_engine.dir/src/TerrainLibrary.cpp.o
[ 40%] Building CXX object CMakeFiles/judas_engine.dir/src/Door.cpp.o
[ 40%] Building CXX object CMakeFiles/judas_engine.dir/src/LightSwitch.cpp.o
[ 46%] Building CXX object CMakeFiles/judas_engine.dir/src/FaithfulGravity.cpp.o
[ 46%] Building CXX object CMakeFiles/judas_engine.dir/src/RadicalGravity.cpp.o
[ 46%] Building CXX object CMakeFiles/judas_engine.dir/src/SphericalVolume.cpp.o
[ 46%] Building CXX object CMakeFiles/judas_engine.dir/src/BoxVolume.cpp.o
[ 46%] Building CXX object CMakeFiles/judas_engine.dir/src/GravityContextMap.cpp.o
[ 53%] Building CXX object CMakeFiles/judas_engine.dir/src/CelestialGravity.cpp.o
[ 53%] Building CXX object CMakeFiles/judas_engine.dir/src/AtmosphereField.cpp.o
[ 53%] Building CXX object CMakeFiles/judas_engine.dir/src/AerodynamicDrag.cpp.o
[ 53%] Building CXX object CMakeFiles/judas_engine.dir/src/Scene.cpp.o
[ 60%] Building CXX object CMakeFiles/judas_engine.dir/src/SceneSerialization.cpp.o
[ 60%] Building CXX object CMakeFiles/judas_engine.dir/src/Project.cpp.o
[ 60%] Building CXX object CMakeFiles/judas_engine.dir/src/AssetDatabase.cpp.o
[ 60%] Building CXX object CMakeFiles/judas_engine.dir/src/JobSystem.cpp.o
[ 60%] Building CXX object CMakeFiles/judas_engine.dir/src/AsyncFile.cpp.o
[ 66%] Building CXX object CMakeFiles/judas_engine.dir/src/ResourceManager.cpp.o
[ 66%] Building CXX object CMakeFiles/judas_engine.dir/src/EnginePaths.cpp.o
[ 66%] Building CXX object CMakeFiles/judas_engine.dir/src/DebugDraw.cpp.o
[ 66%] Building CXX object CMakeFiles/judas_engine.dir/src/WorldDebugView.cpp.o
[ 73%] Building CXX object CMakeFiles/judas_engine.dir/src/RuntimeWorld.cpp.o
[ 73%] Building CXX object CMakeFiles/judas_engine.dir/src/GameSession.cpp.o
[ 73%] Building CXX object CMakeFiles/judas_engine.dir/src/Simulation.cpp.o
[ 73%] Building CXX object CMakeFiles/judas_engine.dir/src/WorldPresentation.cpp.o
[ 73%] Building CXX object CMakeFiles/judas_engine.dir/src/GameplayHud.cpp.o
[ 80%] Building CXX object CMakeFiles/judas_engine.dir/src/EngineHost.cpp.o
[ 80%] Building CXX object CMakeFiles/judas_engine.dir/src/InteractivePlay.cpp.o
[ 80%] Building CXX object CMakeFiles/judas_engine.dir/src/ScreenshotWriter.cpp.o
[ 80%] Building CXX object CMakeFiles/judas_engine.dir/src/FidelityPolicy.cpp.o
[ 86%] Building CXX object CMakeFiles/judas_engine.dir/src/CoarseSimulation.cpp.o
[ 86%] Building CXX object CMakeFiles/judas_engine.dir/src/WorldState.cpp.o
[ 86%] Building CXX object CMakeFiles/judas_engine.dir/src/RigidBody.cpp.o
[ 86%] Building CXX object CMakeFiles/judas_engine.dir/src/RigidBodyGravity.cpp.o
[ 86%] Building CXX object CMakeFiles/judas_engine.dir/src/Contacts.cpp.o
[ 93%] Building CXX object CMakeFiles/judas_engine.dir/src/ContactSolver.cpp.o
[ 93%] Building CXX object CMakeFiles/judas_engine.dir/src/RadialTerrain.cpp.o
[ 93%] Building CXX object CMakeFiles/judas_engine.dir/src/Broadphase.cpp.o
[ 93%] Building CXX object CMakeFiles/judas_engine.dir/src/Narrowphase.cpp.o
[100%] Building CXX object CMakeFiles/judas_engine.dir/src/PhysicsWorld.cpp.o
[100%] Linking CXX static library libjudas_engine.a
[100%] Built target judas_engine

$ c++ -O3 -DNDEBUG -std=c++17 -I /home/conner/Documents/GitHub/Project-Judas/build/ftft1-baseline-src/src -I /home/conner/Documents/GitHub/Project-Judas/build/ftft1-baseline-src/third_party/glad/include -I/usr/include/SDL2 -D_REENTRANT /home/conner/Documents/GitHub/Project-Judas/docs/evidence/ftft1/pre_fix_reproduction.cpp /home/conner/Documents/GitHub/Project-Judas/build/ftft1-baseline-build/libjudas_engine.a /home/conner/Documents/GitHub/Project-Judas/build/ftft1-baseline-build/libjudas_glad.a -lSDL2 -pthread -o /home/conner/Documents/GitHub/Project-Judas/build/ftft1-baseline-build/ftft1_pre_fix_tests

$ /home/conner/Documents/GitHub/Project-Judas/build/ftft1-baseline-build/ftft1_pre_fix_tests
PASS build source: 
PASS build different authored content with same name: 
OBSERVED baseline_mismatch applied=1 position_x=44 error=''
FAIL same-name changed baseline must reject without overwriting live state
PASS build atomicity world: 
OBSERVED partial_apply result=0 first_entity_lifecycle=2 error='entity 3 (body 2) cannot be destroyed at runtime'
FAIL later non-destroyable vehicle must be rejected before earlier entity destruction
FTFT1 checks: 2 failures
witness_exit_status=1
verification=PASS (both original defects reproduced)
