JS: SKATER start rails=8 autopilot=false
JS: STREAM t=0.00 street-0 - -> unloaded entities=0 prepMs=0.00 integMs=0.00 largestUnitMs=0.00 skater=(36.60,-18.43,-250.00) v=0.0
JS: STREAM t=0.00 street-1 - -> unloaded entities=0 prepMs=0.00 integMs=0.00 largestUnitMs=0.00 skater=(36.60,-18.43,-250.00) v=0.0
JS: STREAM t=0.00 street-2 - -> unloaded entities=0 prepMs=0.00 integMs=0.00 largestUnitMs=0.00 skater=(36.60,-18.43,-250.00) v=0.0
JS: STREAM t=0.00 street-3 - -> unloaded entities=0 prepMs=0.00 integMs=0.00 largestUnitMs=0.00 skater=(36.60,-18.43,-250.00) v=0.0
JS: STREAM t=0.00 street-4 - -> unloaded entities=0 prepMs=0.00 integMs=0.00 largestUnitMs=0.00 skater=(36.60,-18.43,-250.00) v=0.0
JS: STREAM t=0.00 street-0 unloaded -> prepared entities=11 prepMs=13.17 integMs=0.00 largestUnitMs=0.00 skater=(36.60,-18.45,-250.00) v=0.2
JS: STREAM t=0.00 street-1 unloaded -> prepared entities=9 prepMs=15.92 integMs=0.00 largestUnitMs=0.00 skater=(36.60,-18.45,-250.00) v=0.2
JS: STREAM t=0.00 street-2 unloaded -> prepared entities=9 prepMs=9.06 integMs=0.00 largestUnitMs=0.00 skater=(36.60,-18.45,-250.00) v=0.2
JS: STREAM t=0.00 street-3 unloaded -> prepared entities=11 prepMs=11.80 integMs=0.00 largestUnitMs=0.00 skater=(36.60,-18.45,-250.00) v=0.2
JS: STREAM t=0.00 street-0 prepared -> installing entities=11 prepMs=13.17 integMs=13.13 largestUnitMs=13.13 skater=(36.60,-18.46,-250.00) v=0.2
JS: STREAM t=0.00 street-0 installing -> active entities=11 prepMs=13.17 integMs=14.36 largestUnitMs=13.13 skater=(36.60,-18.48,-250.00) v=0.2
JS: STREAM t=0.00 street-1 prepared -> active entities=9 prepMs=15.92 integMs=16.94 largestUnitMs=16.35 skater=(36.60,-18.48,-250.00) v=0.2
JS: STREAM t=0.00 street-2 prepared -> installing entities=9 prepMs=9.06 integMs=6.52 largestUnitMs=6.49 skater=(36.60,-18.48,-250.00) v=0.2
JS: STREAM t=0.00 street-3 prepared -> installing entities=11 prepMs=11.80 integMs=7.64 largestUnitMs=7.56 skater=(36.60,-18.48,-250.00) v=0.2
JS: STREAM t=0.00 street-2 installing -> active entities=9 prepMs=9.06 integMs=7.34 largestUnitMs=6.49 skater=(36.60,-18.50,-250.00) v=0.2
JS: STREAM t=0.00 street-3 installing -> active entities=11 prepMs=11.80 integMs=8.17 largestUnitMs=7.56 skater=(36.60,-18.50,-250.00) v=0.2
JS: TEL t=0.10 mode=ride g=1 p=(36.60,-18.49,-250.01) v=0.84 vy=0.82 n=(0.00,0.99,-0.10) up=(0.00,1.00,-0.08) c=4 drop=0.217 E=-181.06 score=0 combo=0
JS: TEL t=0.20 mode=ride g=1 p=(36.60,-18.45,-250.03) v=0.42 vy=0.37 n=(0.00,0.99,-0.10) up=(0.00,1.00,-0.10) c=4 drop=0.261 E=-180.90 score=0 combo=0
JS: TEL t=0.30 mode=ride g=1 p=(36.60,-18.44,-250.06) v=0.35 vy=0.21 n=(0.00,0.99,-0.10) up=(0.00,0.99,-0.10) c=4 drop=0.276 E=-180.80 score=0 combo=0
JS: TEL t=0.40 mode=ride g=1 p=(36.60,-18.44,-250.09) v=0.40 vy=0.15 n=(0.00,0.99,-0.10) up=(0.00,0.99,-0.10) c=4 drop=0.281 E=-180.77 score=0 combo=0
JS: TEL t=0.50 mode=ride g=1 p=(36.60,-18.44,-250.13) v=0.48 vy=0.12 n=(0.00,0.99,-0.10) up=(0.00,0.99,-0.10) c=4 drop=0.283 E=-180.76 score=0 combo=0
JS: TEL t=0.60 mode=ride g=1 p=(36.60,-18.44,-250.18) v=0.56 vy=0.11 n=(0.00,0.99,-0.10) up=(0.00,0.99,-0.10) c=4 drop=0.283 E=-180.76 score=0 combo=0
JS: TEL t=0.70 mode=ride g=1 p=(36.60,-18.45,-250.24) v=0.65 vy=0.10 n=(0.00,0.99,-0.10) up=(0.00,0.99,-0.10) c=4 drop=0.284 E=-180.77 score=0 combo=0
JS: TEL t=0.80 mode=ride g=1 p=(36.60,-18.46,-250.31) v=0.74 vy=0.09 n=(0.00,0.99,-0.10) up=(0.00,0.99,-0.10) c=4 drop=0.284 E=-180.77 score=0 combo=0
JS: TEL t=0.90 mode=ride g=1 p=(36.60,-18.46,-250.38) v=0.83 vy=0.08 n=(0.00,0.99,-0.10) up=(0.00,0.99,-0.10) c=4 drop=0.284 E=-180.78 score=0 combo=0
JS: POS t=1.00 p=(36.60,-18.47,-250.47) score=0
JS: TEL t=1.00 mode=ride g=1 p=(36.60,-18.47,-250.47) v=0.92 vy=0.07 n=(0.00,0.99,-0.10) up=(0.00,0.99,-0.10) c=4 drop=0.284 E=-180.79 score=0 combo=0
JS: TEL t=1.10 mode=ride g=1 p=(36.60,-18.48,-250.57) v=1.01 vy=0.06 n=(0.00,0.99,-0.10) up=(0.00,0.99,-0.10) c=4 drop=0.284 E=-180.80 score=0 combo=0
JS: TEL t=1.20 mode=ride g=1 p=(36.60,-18.49,-250.67) v=1.11 vy=0.05 n=(0.00,0.99,-0.10) up=(0.00,0.99,-0.10) c=4 drop=0.284 E=-180.81 score=0 combo=0
JS: TEL t=1.30 mode=ride g=1 p=(36.60,-18.51,-250.79) v=1.20 vy=0.04 n=(0.00,0.99,-0.10) up=(0.00,0.99,-0.10) c=4 drop=0.284 E=-180.83 score=0 combo=0
JS: TEL t=1.40 mode=ride g=1 p=(36.60,-18.52,-250.91) v=1.29 vy=0.03 n=(0.00,0.99,-0.10) up=(0.00,0.99,-0.10) c=4 drop=0.284 E=-180.84 score=0 combo=0
JS: TEL t=1.50 mode=ride g=1 p=(36.60,-18.53,-251.04) v=1.38 vy=0.02 n=(0.00,0.99,-0.10) up=(0.00,0.99,-0.10) c=4 drop=0.284 E=-180.86 score=0 combo=0
JS: TEL t=1.60 mode=ride g=1 p=(36.60,-18.55,-251.18) v=1.47 vy=0.01 n=(0.00,0.99,-0.10) up=(0.00,0.99,-0.10) c=4 drop=0.284 E=-180.87 score=0 combo=0
JS: TEL t=1.70 mode=ride g=1 p=(36.60,-18.56,-251.34) v=1.56 vy=-0.00 n=(0.00,0.99,-0.10) up=(0.00,0.99,-0.10) c=4 drop=0.284 E=-180.89 score=0 combo=0
JS: TEL t=1.80 mode=ride g=1 p=(36.60,-18.58,-251.50) v=1.65 vy=-0.01 n=(0.00,0.99,-0.10) up=(0.00,0.99,-0.10) c=4 drop=0.284 E=-180.91 score=0 combo=0
JS: TEL t=1.90 mode=ride g=1 p=(36.60,-18.60,-251.66) v=1.74 vy=-0.02 n=(0.00,0.99,-0.10) up=(0.00,0.99,-0.10) c=4 drop=0.284 E=-180.93 score=0 combo=0
JS: POS t=2.00 p=(36.60,-18.62,-251.84) score=0
JS: TEL t=2.00 mode=ride g=1 p=(36.60,-18.62,-251.84) v=1.83 vy=-0.03 n=(0.00,0.99,-0.10) up=(0.00,0.99,-0.10) c=4 drop=0.284 E=-180.95 score=0 combo=0
JS: TEL t=2.10 mode=ride g=1 p=(36.60,-18.64,-252.03) v=1.93 vy=-0.04 n=(0.00,0.99,-0.10) up=(0.00,0.99,-0.10) c=4 drop=0.284 E=-180.97 score=0 combo=0
JS: TEL t=2.20 mode=ride g=1 p=(36.60,-18.66,-252.23) v=2.02 vy=-0.05 n=(0.00,0.99,-0.10) up=(0.00,0.99,-0.10) c=4 drop=0.284 E=-180.99 score=0 combo=0
JS: TEL t=2.30 mode=ride g=1 p=(36.60,-18.68,-252.43) v=2.11 vy=-0.06 n=(0.00,0.99,-0.10) up=(0.00,0.99,-0.10) c=4 drop=0.284 E=-181.02 score=0 combo=0
JS: TEL t=2.40 mode=ride g=1 p=(36.60,-18.70,-252.65) v=2.20 vy=-0.07 n=(0.00,0.99,-0.10) up=(0.00,0.99,-0.10) c=4 drop=0.284 E=-181.04 score=0 combo=0
JS: TEL t=2.50 mode=ride g=1 p=(36.60,-18.72,-252.87) v=2.29 vy=-0.08 n=(0.00,0.99,-0.10) up=(0.00,0.99,-0.10) c=4 drop=0.284 E=-181.07 score=0 combo=0
JS: TEL t=2.60 mode=ride g=1 p=(36.60,-18.75,-253.10) v=2.38 vy=-0.09 n=(0.00,0.99,-0.10) up=(0.00,0.99,-0.10) c=4 drop=0.284 E=-181.10 score=0 combo=0
JS: TEL t=2.70 mode=ride g=1 p=(36.60,-18.77,-253.34) v=2.47 vy=-0.10 n=(0.00,0.99,-0.10) up=(0.00,0.99,-0.10) c=4 drop=0.284 E=-181.13 score=0 combo=0
JS: TEL t=2.80 mode=ride g=1 p=(36.60,-18.80,-253.59) v=2.56 vy=-0.11 n=(0.00,0.99,-0.10) up=(0.00,0.99,-0.10) c=4 drop=0.284 E=-181.16 score=0 combo=0
JS: TEL t=2.90 mode=ride g=1 p=(36.60,-18.83,-253.85) v=2.65 vy=-0.11 n=(0.00,0.99,-0.10) up=(0.00,0.99,-0.10) c=4 drop=0.284 E=-181.19 score=0 combo=0
JS: POS t=3.00 p=(36.60,-18.86,-254.12) score=0
JS: TEL t=3.00 mode=ride g=1 p=(36.60,-18.86,-254.12) v=2.74 vy=-0.12 n=(0.00,0.99,-0.10) up=(0.00,0.99,-0.10) c=4 drop=0.284 E=-181.23 score=0 combo=0
Consumer observation frames=240 scriptErrors=1
Renderer fragment texture units: 32 (material path uses 12)
World state: disk saves disabled for additive compositions
Project: Judas Three Games (/tmp/judas-post-m65-0r0zefa_/project/post_m65_consumers.judasproj)
Scene: Judas Skate Park (/tmp/judas-post-m65-0r0zefa_/project/Scenes/skate/park.judas)
World origin (m): 0.000, 0.000, 0.000
asset 97c3acdb99c5ffefb002c03ecec7a8ed: Optional extension ignored: KHR_materials_specular
script asset=f1246803e77aee1136349c664b593651 entity=1000000 slot=2 fixedUpdate: TypeError: not a function
    at fixedUpdate (Assets/collection/review_probe.js:4:138)

SCRIPT fixedUpdate: TypeError: not a function
    at fixedUpdate (Assets/collection/review_probe.js:4:138)

