[  4%] Built target judas_icu_build
[ 14%] Built target judas_quickjs
[ 14%] Built target judas_app_icon
[ 14%] Built target judas_glad
[ 33%] Built target freetype
[ 33%] Built target judas_profiler
[ 42%] Built target judas_navigation_backend
[ 42%] Built target judas_materials
[ 42%] Built target judas_audio_backend
[ 42%] Built target harfbuzz
[ 42%] Building CXX object CMakeFiles/judas_engine.dir/src/WorldAudio.cpp.o
[ 42%] Building CXX object CMakeFiles/judas_engine.dir/src/AudioStream.cpp.o
[ 42%] Building CXX object CMakeFiles/judas_engine.dir/src/AudioSystem.cpp.o
/home/conner/Documents/GitHub/Project-Judas/src/AudioStream.cpp: In function ‘ma_result {anonymous}::Format(ma_data_source*, ma_format*, ma_uint32*, ma_uint32*, ma_channel*, size_t)’:
/home/conner/Documents/GitHub/Project-Judas/src/AudioStream.cpp:11:2: warning: this ‘if’ clause does not guard... [-Wmisleading-indentation]
   11 |  if(f)*f=ma_format_f32;if(c)*c=2;if(r)*r=48000;if(map)ma_channel_map_init_standard(ma_standard_channel_map_default,map,cap,2);return MA_SUCCESS;
      |  ^~
/home/conner/Documents/GitHub/Project-Judas/src/AudioStream.cpp:11:24: note: ...this statement, but the latter is misleadingly indented as if it were guarded by the ‘if’
   11 |  if(f)*f=ma_format_f32;if(c)*c=2;if(r)*r=48000;if(map)ma_channel_map_init_standard(ma_standard_channel_map_default,map,cap,2);return MA_SUCCESS;
      |                        ^~
/home/conner/Documents/GitHub/Project-Judas/src/AudioSystem.cpp: In static member function ‘static void AudioSystem::Impl::Effect::Process(ma_node*, const float**, ma_uint32*, float**, ma_uint32*)’:
/home/conner/Documents/GitHub/Project-Judas/src/AudioSystem.cpp:56:6: warning: this ‘if’ clause does not guard... [-Wmisleading-indentation]
   56 |      if(output[0])output[0][k]=x;if(output[1])output[1][k]=x*send;
      |      ^~
/home/conner/Documents/GitHub/Project-Judas/src/AudioSystem.cpp:56:34: note: ...this statement, but the latter is misleadingly indented as if it were guarded by the ‘if’
   56 |      if(output[0])output[0][k]=x;if(output[1])output[1][k]=x*send;
      |                                  ^~
/home/conner/Documents/GitHub/Project-Judas/src/AudioSystem.cpp: In member function ‘AudioVoiceHandle AudioSystem::CreateVoice(AudioClipHandle, const AudioSettings&, std::string&)’:
/home/conner/Documents/GitHub/Project-Judas/src/AudioSystem.cpp:141:2: warning: this ‘if’ clause does not guard... [-Wmisleading-indentation]
  141 |  if(!Init(error))return {};auto v=std::make_unique<Impl::Voice>();v->data=data->second;
      |  ^~
/home/conner/Documents/GitHub/Project-Judas/src/AudioSystem.cpp:141:28: note: ...this statement, but the latter is misleadingly indented as if it were guarded by the ‘if’
  141 |  if(!Init(error))return {};auto v=std::make_unique<Impl::Voice>();v->data=data->second;
      |                            ^~~~
/home/conner/Documents/GitHub/Project-Judas/src/AudioSystem.cpp:143:2: warning: this ‘if’ clause does not guard... [-Wmisleading-indentation]
  143 |  if(!m->Sound(*v,&v->buffer,error))return {};auto id=m->nextVoice++;m->voices[id]=std::move(v);SetSettings({id},s);error.clear();return {id};
      |  ^~
/home/conner/Documents/GitHub/Project-Judas/src/AudioSystem.cpp:143:46: note: ...this statement, but the latter is misleadingly indented as if it were guarded by the ‘if’
  143 |  if(!m->Sound(*v,&v->buffer,error))return {};auto id=m->nextVoice++;m->voices[id]=std::move(v);SetSettings({id},s);error.clear();return {id};
      |                                              ^~~~
/home/conner/Documents/GitHub/Project-Judas/src/AudioSystem.cpp: In member function ‘AudioVoiceHandle AudioSystem::CreateStreamVoice(const std::string&, const AudioSettings&, std::string&)’:
/home/conner/Documents/GitHub/Project-Judas/src/AudioSystem.cpp:147:2: warning: this ‘if’ clause does not guard... [-Wmisleading-indentation]
  147 |  if(!Init(error))return {};auto& meta=m->metadata[path];if(!meta)meta=std::make_shared<AudioStreamMetadata>(path);
      |  ^~
/home/conner/Documents/GitHub/Project-Judas/src/AudioSystem.cpp:147:28: note: ...this statement, but the latter is misleadingly indented as if it were guarded by the ‘if’
  147 |  if(!Init(error))return {};auto& meta=m->metadata[path];if(!meta)meta=std::make_shared<AudioStreamMetadata>(path);
      |                            ^~~~
/home/conner/Documents/GitHub/Project-Judas/src/AudioSystem.cpp: In member function ‘bool AudioSystem::Play(AudioVoiceHandle)’:
/home/conner/Documents/GitHub/Project-Judas/src/AudioSystem.cpp:161:2: warning: this ‘if’ clause does not guard... [-Wmisleading-indentation]
  161 |  if(!v.stream&&!v.groupPaused)return ma_sound_start(&v.sound)==MA_SUCCESS;return true;}
      |  ^~
/home/conner/Documents/GitHub/Project-Judas/src/AudioSystem.cpp:161:75: note: ...this statement, but the latter is misleadingly indented as if it were guarded by the ‘if’
  161 |  if(!v.stream&&!v.groupPaused)return ma_sound_start(&v.sound)==MA_SUCCESS;return true;}
      |                                                                           ^~~~~~
/home/conner/Documents/GitHub/Project-Judas/src/WorldAudio.cpp: In member function ‘void RuntimeWorld::UpdateAudio(const glm::mat4&, float, float)’:
/home/conner/Documents/GitHub/Project-Judas/src/WorldAudio.cpp:46:4: warning: this ‘if’ clause does not guard... [-Wmisleading-indentation]
   46 |    if(!error.empty()&&error!="loading"&&error!=e.error)std::fprintf(stderr,"audio emitter %llu: %s\n",static_cast<unsigned long long>(e.id),error.c_str());e.error=error;
      |    ^~
/home/conner/Documents/GitHub/Project-Judas/src/WorldAudio.cpp:46:156: note: ...this statement, but the latter is misleadingly indented as if it were guarded by the ‘if’
   46 |    if(!error.empty()&&error!="loading"&&error!=e.error)std::fprintf(stderr,"audio emitter %llu: %s\n",static_cast<unsigned long long>(e.id),error.c_str());e.error=error;
      |                                                                                                                                                            ^
/home/conner/Documents/GitHub/Project-Judas/src/WorldAudio.cpp:74:3: warning: this ‘if’ clause does not guard... [-Wmisleading-indentation]
   74 |   if(inside<=0)continue;float contribution=z.settings.amount*(z.settings.blendDistance>0?glm::clamp(inside/z.settings.blendDistance,0.f,1.f):1.f);
      |   ^~
/home/conner/Documents/GitHub/Project-Judas/src/WorldAudio.cpp:74:25: note: ...this statement, but the latter is misleadingly indented as if it were guarded by the ‘if’
   74 |   if(inside<=0)continue;float contribution=z.settings.amount*(z.settings.blendDistance>0?glm::clamp(inside/z.settings.blendDistance,0.f,1.f):1.f);
      |                         ^~~~~
[ 47%] Linking CXX static library libjudas_engine.a
[100%] Built target judas_engine
[100%] Building CXX object CMakeFiles/judas_audio_acoustics_tests.dir/tests/AudioAcousticsTests.cpp.o
/home/conner/Documents/GitHub/Project-Judas/tests/AudioAcousticsTests.cpp: In function ‘int main(int, char**)’:
/home/conner/Documents/GitHub/Project-Judas/tests/AudioAcousticsTests.cpp:35:3: warning: this ‘for’ clause does not guard... [-Wmisleading-indentation]
   35 |   for(double t:{2.,50.,5.})Check(a.Seek(v,t),"rapid seek accepted");Check(WaitReady(a,v),"only latest rapid seek generation readies");a.Snapshot(v,snap);Check(std::abs(snap.positionSeconds-5)<.001,"rapid seek final target wins");
      |   ^~~
/home/conner/Documents/GitHub/Project-Judas/tests/AudioAcousticsTests.cpp:35:69: note: ...this statement, but the latter is misleadingly indented as if it were guarded by the ‘for’
   35 |   for(double t:{2.,50.,5.})Check(a.Seek(v,t),"rapid seek accepted");Check(WaitReady(a,v),"only latest rapid seek generation readies");a.Snapshot(v,snap);Check(std::abs(snap.positionSeconds-5)<.001,"rapid seek final target wins");
      |                                                                     ^~~~~
/home/conner/Documents/GitHub/Project-Judas/tests/AudioAcousticsTests.cpp:50:119: error: inconsistent deduction for ‘auto’: ‘double’ and then ‘float’
   50 |   a.SetListenerMotion(velocities.second);a.SetMotion(tone,velocities.first);Capture(a,4096);auto pcm=Capture(a,48000);auto actual=Frequency(pcm),expected=1000*AudioSystem::DopplerRatio({0,0,-10},{0,0,0},velocities.first,velocities.second,1);std::printf("DOPPLER actual_hz=%.2f expected_hz=%.2f\n",actual,expected);Check(std::abs(actual-expected)<10,"PCM frequency follows stationary/approach/recede/co-moving ratio");
      |                                                                                                                       ^~~~
/home/conner/Documents/GitHub/Project-Judas/tests/AudioAcousticsTests.cpp:59:8: error: aggregate ‘Scene scene’ has incomplete type and cannot be defined
   59 |  Scene scene,round;auto& emitter=scene.CreateObject("Emitter");emitter.audioEmitter=SceneAudioEmitterComponent{};emitter.audioEmitter->loading=AudioLoading::Streamed;emitter.audioEmitter->doppler=1;emitter.audioEmitter->occlusion=true;emitter.audioEmitter->send=.4;emitter.audioEmitter->group="music";auto& zone=scene.CreateObject("Zone");zone.audioZone=SceneAudioZoneComponent{};zone.audioZone->asset="60000000000000000000000000000001";std::string text;SaveSceneToString(scene,text);Check(LoadSceneFromString(text,round,error)&&ScenesEqual(scene,round),"stream/acoustic/zone settings normal scene roundtrip");std::string before,after;ComputeSceneFingerprint(scene,before,error);round.Objects()[0].audioEmitter->doppler=2;ComputeSceneFingerprint(round,after,error);Check(before!=after,"new authored acoustic fields affect canonical fingerprint");
      |        ^~~~~
/home/conner/Documents/GitHub/Project-Judas/tests/AudioAcousticsTests.cpp:59:14: error: aggregate ‘Scene round’ has incomplete type and cannot be defined
   59 |  Scene scene,round;auto& emitter=scene.CreateObject("Emitter");emitter.audioEmitter=SceneAudioEmitterComponent{};emitter.audioEmitter->loading=AudioLoading::Streamed;emitter.audioEmitter->doppler=1;emitter.audioEmitter->occlusion=true;emitter.audioEmitter->send=.4;emitter.audioEmitter->group="music";auto& zone=scene.CreateObject("Zone");zone.audioZone=SceneAudioZoneComponent{};zone.audioZone->asset="60000000000000000000000000000001";std::string text;SaveSceneToString(scene,text);Check(LoadSceneFromString(text,round,error)&&ScenesEqual(scene,round),"stream/acoustic/zone settings normal scene roundtrip");std::string before,after;ComputeSceneFingerprint(scene,before,error);round.Objects()[0].audioEmitter->doppler=2;ComputeSceneFingerprint(round,after,error);Check(before!=after,"new authored acoustic fields affect canonical fingerprint");
      |              ^~~~~
/home/conner/Documents/GitHub/Project-Judas/tests/AudioAcousticsTests.cpp:59:85: error: ‘SceneAudioEmitterComponent’ was not declared in this scope
   59 |  Scene scene,round;auto& emitter=scene.CreateObject("Emitter");emitter.audioEmitter=SceneAudioEmitterComponent{};emitter.audioEmitter->loading=AudioLoading::Streamed;emitter.audioEmitter->doppler=1;emitter.audioEmitter->occlusion=true;emitter.audioEmitter->send=.4;emitter.audioEmitter->group="music";auto& zone=scene.CreateObject("Zone");zone.audioZone=SceneAudioZoneComponent{};zone.audioZone->asset="60000000000000000000000000000001";std::string text;SaveSceneToString(scene,text);Check(LoadSceneFromString(text,round,error)&&ScenesEqual(scene,round),"stream/acoustic/zone settings normal scene roundtrip");std::string before,after;ComputeSceneFingerprint(scene,before,error);round.Objects()[0].audioEmitter->doppler=2;ComputeSceneFingerprint(round,after,error);Check(before!=after,"new authored acoustic fields affect canonical fingerprint");
      |                                                                                     ^~~~~~~~~~~~~~~~~~~~~~~~~~
/home/conner/Documents/GitHub/Project-Judas/tests/AudioAcousticsTests.cpp:59:355: error: ‘SceneAudioZoneComponent’ was not declared in this scope
   59 |  Scene scene,round;auto& emitter=scene.CreateObject("Emitter");emitter.audioEmitter=SceneAudioEmitterComponent{};emitter.audioEmitter->loading=AudioLoading::Streamed;emitter.audioEmitter->doppler=1;emitter.audioEmitter->occlusion=true;emitter.audioEmitter->send=.4;emitter.audioEmitter->group="music";auto& zone=scene.CreateObject("Zone");zone.audioZone=SceneAudioZoneComponent{};zone.audioZone->asset="60000000000000000000000000000001";std::string text;SaveSceneToString(scene,text);Check(LoadSceneFromString(text,round,error)&&ScenesEqual(scene,round),"stream/acoustic/zone settings normal scene roundtrip");std::string before,after;ComputeSceneFingerprint(scene,before,error);round.Objects()[0].audioEmitter->doppler=2;ComputeSceneFingerprint(round,after,error);Check(before!=after,"new authored acoustic fields affect canonical fingerprint");
      |                                                                                                                                                                                                                                                                                                                                                                   ^~~~~~~~~~~~~~~~~~~~~~~
/home/conner/Documents/GitHub/Project-Judas/tests/AudioAcousticsTests.cpp:59:530: error: ‘ScenesEqual’ was not declared in this scope
   59 |  Scene scene,round;auto& emitter=scene.CreateObject("Emitter");emitter.audioEmitter=SceneAudioEmitterComponent{};emitter.audioEmitter->loading=AudioLoading::Streamed;emitter.audioEmitter->doppler=1;emitter.audioEmitter->occlusion=true;emitter.audioEmitter->send=.4;emitter.audioEmitter->group="music";auto& zone=scene.CreateObject("Zone");zone.audioZone=SceneAudioZoneComponent{};zone.audioZone->asset="60000000000000000000000000000001";std::string text;SaveSceneToString(scene,text);Check(LoadSceneFromString(text,round,error)&&ScenesEqual(scene,round),"stream/acoustic/zone settings normal scene roundtrip");std::string before,after;ComputeSceneFingerprint(scene,before,error);round.Objects()[0].audioEmitter->doppler=2;ComputeSceneFingerprint(round,after,error);Check(before!=after,"new authored acoustic fields affect canonical fingerprint");
      |                                                                                                                                                                                                                                                                                                                                                                                                                                                                                                                                                  ^~~~~~~~~~~
gmake[3]: *** [CMakeFiles/judas_audio_acoustics_tests.dir/build.make:79: CMakeFiles/judas_audio_acoustics_tests.dir/tests/AudioAcousticsTests.cpp.o] Error 1
gmake[2]: *** [CMakeFiles/Makefile2:6204: CMakeFiles/judas_audio_acoustics_tests.dir/all] Error 2
gmake[1]: *** [CMakeFiles/Makefile2:6211: CMakeFiles/judas_audio_acoustics_tests.dir/rule] Error 2
gmake: *** [Makefile:2035: judas_audio_acoustics_tests] Error 2
