PASS device-free production miniaudio engine
PASS bounded streaming file identity
PASS incremental digest identical to canonical primitive across pages
PASS cancelled incremental hash leaves identity unchanged
PASS incremental WAV/MP3/FLAC source created
PASS bounded prefill completes
PASS long track duration independent of fixed four-page PCM allocation
STREAM codec=wav prefill_ms=1.1047 bytes=65536 duration_s=60.00000
PASS stream starts after ready generation
PASS actual production graph PCM read
PASS stream produces real decoded PCM
PASS stream pause
PASS actual production graph PCM read
PASS paused independent cursor holds
PASS seek prefill is bounded and generation-current
PASS seek seconds converted to media frames
PASS resume stream after seek
PASS actual production graph PCM read
PASS seek does not replay old pages
PASS rapid seek accepted
PASS rapid seek accepted
PASS rapid seek accepted
PASS only latest rapid seek generation readies
PASS rapid seek final target wins
PASS decoder and pages retire on worker
PASS incremental WAV/MP3/FLAC source created
PASS bounded prefill completes
PASS long track duration independent of fixed four-page PCM allocation
STREAM codec=mp3 prefill_ms=1.0907 bytes=65536 duration_s=60.00000
PASS stream starts after ready generation
PASS actual production graph PCM read
PASS stream produces real decoded PCM
PASS stream pause
PASS actual production graph PCM read
PASS paused independent cursor holds
PASS seek prefill is bounded and generation-current
PASS seek seconds converted to media frames
PASS resume stream after seek
PASS actual production graph PCM read
PASS seek does not replay old pages
PASS rapid seek accepted
PASS rapid seek accepted
PASS rapid seek accepted
PASS only latest rapid seek generation readies
PASS rapid seek final target wins
PASS decoder and pages retire on worker
PASS incremental WAV/MP3/FLAC source created
PASS bounded prefill completes
PASS long track duration independent of fixed four-page PCM allocation
STREAM codec=flac prefill_ms=1.0868 bytes=65536 duration_s=60.00000
PASS stream starts after ready generation
PASS actual production graph PCM read
PASS stream produces real decoded PCM
PASS stream pause
PASS actual production graph PCM read
PASS paused independent cursor holds
PASS seek prefill is bounded and generation-current
PASS seek seconds converted to media frames
PASS resume stream after seek
PASS actual production graph PCM read
PASS seek does not replay old pages
PASS rapid seek accepted
PASS rapid seek accepted
PASS rapid seek accepted
PASS only latest rapid seek generation readies
PASS rapid seek final target wins
PASS decoder and pages retire on worker
PASS same immutable stream asset independent prefill
PASS actual production graph PCM read
PASS two same-asset cursors independent
PASS seek near EOF
PASS actual production graph PCM read
PASS EOF distinct from starvation
PASS seek from EOF
PASS actual production graph PCM read
PASS EOF restart does not overwrite requested seek
PASS loop-compatible fixture prefill
PASS actual production graph PCM read
PASS loop crosses page/EOF boundaries without inserted silence
PASS actual production graph PCM read
PASS delayed worker underrun is safe silence, never EOF
PASS actual production graph PCM read
PASS starvation silence holds media cursor
PASS underrun recovers real decoded PCM
PASS actual production graph PCM read
PASS normal voice removal does not wait for delayed decoder
PASS retired handle cannot resurrect
PASS missing stream reports decoder error
PASS actual production graph PCM read
PASS actual production graph PCM read
DOPPLER actual_hz=1000.00 expected_hz=1000.00
PASS PCM frequency follows stationary/approach/recede/co-moving ratio
PASS actual production graph PCM read
PASS actual production graph PCM read
DOPPLER actual_hz=1111.00 expected_hz=1111.11
PASS PCM frequency follows stationary/approach/recede/co-moving ratio
PASS actual production graph PCM read
PASS actual production graph PCM read
DOPPLER actual_hz=909.00 expected_hz=909.09
PASS PCM frequency follows stationary/approach/recede/co-moving ratio
PASS actual production graph PCM read
PASS actual production graph PCM read
DOPPLER actual_hz=1000.00 expected_hz=1000.00
PASS PCM frequency follows stationary/approach/recede/co-moving ratio
PASS arbitrary orientation Doppler equivariance
PASS coincident/extreme motion finite
PASS actual production graph PCM read
PASS actual production graph PCM read
PASS actual production graph PCM read
PASS real obstruction low-pass suppresses high-frequency energy
PASS actual production graph PCM read
PASS actual production graph PCM read
PASS occlusion gain is separate single application
PASS actual production graph PCM read
PASS actual production graph PCM read
PASS actual bypass restores dry gain and spectrum
PASS actual production graph PCM read
PASS impulse produces real decaying reverb tail
REVERB tail_rms=0.00268154567
PASS actual production graph PCM read
PASS stopped source leaves a decaying bounded wet tail
PASS one shared reverb processor
PASS actual production graph PCM read
PASS zone parameter changes remain finite
PASS actual production graph PCM read
PASS zone parameter changes remain finite
PASS actual production graph PCM read
PASS zone parameter changes remain finite
PASS actual production graph PCM read
PASS zone parameter changes remain finite
PASS actual production graph PCM read
PASS zone parameter changes remain finite
PASS actual production graph PCM read
PASS zone parameter changes remain finite
PASS actual production graph PCM read
PASS zone parameter changes remain finite
PASS actual production graph PCM read
PASS zone parameter changes remain finite
PASS actual production graph PCM read
PASS zone parameter changes remain finite
PASS actual production graph PCM read
PASS zone parameter changes remain finite
PASS actual production graph PCM read
PASS zone parameter changes remain finite
PASS actual production graph PCM read
PASS zone parameter changes remain finite
PASS actual production graph PCM read
PASS zone parameter changes remain finite
PASS actual production graph PCM read
PASS zone parameter changes remain finite
PASS actual production graph PCM read
PASS zone parameter changes remain finite
PASS actual production graph PCM read
PASS zone parameter changes remain finite
PASS actual production graph PCM read
PASS zone parameter changes remain finite
PASS actual production graph PCM read
PASS zone parameter changes remain finite
PASS actual production graph PCM read
PASS zone parameter changes remain finite
PASS actual production graph PCM read
PASS zone parameter changes remain finite
PASS full world Stop clears reverb state
PASS actual production graph PCM read
PASS authored group fade
PASS actual production graph PCM read
PASS actual production graph PCM read
PASS audio-clock fade reaches actual group gain
PASS unrelated pause does not stop music
PASS actual production graph PCM read
PASS group pause freezes cursor without restart/burst
PASS actual production graph PCM read
PASS group resume preserves cursor
PASS invariant reverb asset roundtrip
PASS project sound groups roundtrip
PASS audio groups fit normal single-line project tokenizer
PASS stream/acoustic/zone settings normal scene roundtrip
PASS new authored acoustic fields affect canonical fingerprint
PASS normal audio prefab authoring
PASS normal linked audio prefab instance
PASS generic prefab acoustic property override captured
PASS actual 180-second music incremental prefill
PASS three-times-longer file uses identical PCM allocation
PASS stream PCM plateaus across repeated pages
PASS actual production graph PCM read
PERFORMANCE voices=0 dsp_one_second_ms=0.227001 reverb=0 buffered_bytes=2688000 streams=0
PASS modest workload output finite
PASS actual production graph PCM read
PERFORMANCE voices=8 dsp_one_second_ms=13.374491 reverb=1 buffered_bytes=2688000 streams=0
PASS modest workload output finite
PASS actual production graph PCM read
PERFORMANCE voices=32 dsp_one_second_ms=32.536711 reverb=1 buffered_bytes=2688000 streams=0
PASS modest workload output finite
SUMMARY checks=182 failures=0
