[  4%] Built target judas_icu_build
[  9%] Built target judas_quickjs
[ 14%] Built target judas_app_icon
[ 33%] Built target freetype
[ 33%] Built target judas_glad
[ 33%] Built target judas_profiler
[ 42%] Built target judas_navigation_backend
[ 42%] Built target judas_audio_backend
[ 42%] Built target judas_materials
[ 42%] Built target harfbuzz
[ 42%] Building CXX object CMakeFiles/judas_engine.dir/src/NavigationSystem.cpp.o
[ 42%] Building CXX object CMakeFiles/judas_engine.dir/src/LiquidSystem.cpp.o
[ 42%] Building CXX object CMakeFiles/judas_engine.dir/src/WorldAnimation.cpp.o
[ 42%] Building CXX object CMakeFiles/judas_engine.dir/src/WorldRagdoll.cpp.o
[ 42%] Building CXX object CMakeFiles/judas_engine.dir/src/WorldCharacter.cpp.o
[ 42%] Building CXX object CMakeFiles/judas_engine.dir/src/WorldStreaming.cpp.o
[ 42%] Building CXX object CMakeFiles/judas_engine.dir/src/WorldRegions.cpp.o
[ 42%] Building CXX object CMakeFiles/judas_engine.dir/src/WorldScripts.cpp.o
[ 42%] Building CXX object CMakeFiles/judas_engine.dir/src/ScriptSystem.cpp.o
[ 42%] Building CXX object CMakeFiles/judas_engine.dir/src/WorldAudio.cpp.o
[ 42%] Building CXX object CMakeFiles/judas_engine.dir/src/ProductionFluidCoupling.cpp.o
/home/conner/Documents/GitHub/Project-Judas/src/WorldAudio.cpp: In member function ‘void RuntimeWorld::UpdateAudio(const glm::mat4&, float, float)’:
/home/conner/Documents/GitHub/Project-Judas/src/WorldAudio.cpp:58:4: warning: this ‘if’ clause does not guard... [-Wmisleading-indentation]
   58 |    if(!error.empty()&&error!="loading"&&error!=e.error)std::fprintf(stderr,"audio emitter %llu: %s\n",static_cast<unsigned long long>(e.id),error.c_str());e.error=error;
      |    ^~
/home/conner/Documents/GitHub/Project-Judas/src/WorldAudio.cpp:58:156: note: ...this statement, but the latter is misleadingly indented as if it were guarded by the ‘if’
   58 |    if(!error.empty()&&error!="loading"&&error!=e.error)std::fprintf(stderr,"audio emitter %llu: %s\n",static_cast<unsigned long long>(e.id),error.c_str());e.error=error;
      |                                                                                                                                                            ^
/home/conner/Documents/GitHub/Project-Judas/src/WorldAudio.cpp:71:3: warning: this ‘for’ clause does not guard... [-Wmisleading-indentation]
   71 |   for(auto& e:m_audioEmitters)if(e.id==it->first){glm::vec3 p;glm::quat q;if(!e.settings.enabled||!Pose(*this,e.id,e.transform,alpha,p,q)){m_audioSystem->DestroyVoice(it->second);break;}auto once=static_cast<AudioSettings>(e.settings);once.loop=false;m_audioSystem->SetSettings(it->second,once);m_audioSystem->SetPosition(it->second,p);m_audioSystem->SetMotion(it->second,e.explicitVelocity.value_or(Motion(*this,e.id,p,e.lastPosition,dt,e.motionValid)));m_audioSystem->SetOcclusion(it->second,e.obstruction);break;}++it;
      |   ^~~
/home/conner/Documents/GitHub/Project-Judas/src/WorldAudio.cpp:71:517: note: ...this statement, but the latter is misleadingly indented as if it were guarded by the ‘for’
   71 |   for(auto& e:m_audioEmitters)if(e.id==it->first){glm::vec3 p;glm::quat q;if(!e.settings.enabled||!Pose(*this,e.id,e.transform,alpha,p,q)){m_audioSystem->DestroyVoice(it->second);break;}auto once=static_cast<AudioSettings>(e.settings);once.loop=false;m_audioSystem->SetSettings(it->second,once);m_audioSystem->SetPosition(it->second,p);m_audioSystem->SetMotion(it->second,e.explicitVelocity.value_or(Motion(*this,e.id,p,e.lastPosition,dt,e.motionValid)));m_audioSystem->SetOcclusion(it->second,e.obstruction);break;}++it;
      |                                                                                                                                                                                                                                                                                                                                                                                                                                                                                                                                     ^~
/home/conner/Documents/GitHub/Project-Judas/src/WorldAudio.cpp:90:3: warning: this ‘if’ clause does not guard... [-Wmisleading-indentation]
   90 |   if(inside<=0)continue;float contribution=z.settings.amount*(z.settings.blendDistance>0?glm::clamp(inside/z.settings.blendDistance,0.f,1.f):1.f);
      |   ^~
/home/conner/Documents/GitHub/Project-Judas/src/WorldAudio.cpp:90:25: note: ...this statement, but the latter is misleadingly indented as if it were guarded by the ‘if’
   90 |   if(inside<=0)continue;float contribution=z.settings.amount*(z.settings.blendDistance>0?glm::clamp(inside/z.settings.blendDistance,0.f,1.f):1.f);
      |                         ^~~~~
[ 42%] Building CXX object CMakeFiles/judas_engine.dir/src/WorldDebugView.cpp.o
[ 42%] Building CXX object CMakeFiles/judas_engine.dir/src/SceneSession.cpp.o
[ 42%] Building CXX object CMakeFiles/judas_engine.dir/src/RuntimeWorld.cpp.o
[ 42%] Building CXX object CMakeFiles/judas_engine.dir/src/GameSession.cpp.o
[ 42%] Building CXX object CMakeFiles/judas_engine.dir/src/Simulation.cpp.o
[ 47%] Building CXX object CMakeFiles/judas_engine.dir/src/WorldPresentation.cpp.o
[ 47%] Building CXX object CMakeFiles/judas_engine.dir/src/GameplayHud.cpp.o
[ 47%] Building CXX object CMakeFiles/judas_engine.dir/src/InteractivePlay.cpp.o
[ 47%] Building CXX object CMakeFiles/judas_engine.dir/src/CoarseSimulation.cpp.o
[ 47%] Building CXX object CMakeFiles/judas_engine.dir/src/WorldState.cpp.o
[ 52%] Linking CXX static library libjudas_engine.a
[100%] Built target judas_engine
[100%] Building CXX object CMakeFiles/judas_audio_acoustics_tests.dir/tests/AudioAcousticsTests.cpp.o
/home/conner/Documents/GitHub/Project-Judas/tests/AudioAcousticsTests.cpp: In function ‘int main(int, char**)’:
/home/conner/Documents/GitHub/Project-Judas/tests/AudioAcousticsTests.cpp:36:3: warning: this ‘for’ clause does not guard... [-Wmisleading-indentation]
   36 |   for(double t:{2.,50.,5.})Check(a.Seek(v,t),"rapid seek accepted");Check(WaitReady(a,v),"only latest rapid seek generation readies");a.Snapshot(v,snap);Check(std::abs(snap.positionSeconds-5)<.001,"rapid seek final target wins");
      |   ^~~
/home/conner/Documents/GitHub/Project-Judas/tests/AudioAcousticsTests.cpp:36:69: note: ...this statement, but the latter is misleadingly indented as if it were guarded by the ‘for’
   36 |   for(double t:{2.,50.,5.})Check(a.Seek(v,t),"rapid seek accepted");Check(WaitReady(a,v),"only latest rapid seek generation readies");a.Snapshot(v,snap);Check(std::abs(snap.positionSeconds-5)<.001,"rapid seek final target wins");
      |                                                                     ^~~~~
/home/conner/Documents/GitHub/Project-Judas/tests/AudioAcousticsTests.cpp:51:119: error: inconsistent deduction for ‘auto’: ‘double’ and then ‘float’
   51 |   a.SetListenerMotion(velocities.second);a.SetMotion(tone,velocities.first);Capture(a,4096);auto pcm=Capture(a,48000);auto actual=Frequency(pcm),expected=1000*AudioSystem::DopplerRatio({0,0,-10},{0,0,0},velocities.first,velocities.second,1);std::printf("DOPPLER actual_hz=%.2f expected_hz=%.2f\n",actual,expected);Check(std::abs(actual-expected)<10,"PCM frequency follows stationary/approach/recede/co-moving ratio");
      |                                                                                                                       ^~~~
gmake[3]: *** [CMakeFiles/judas_audio_acoustics_tests.dir/build.make:79: CMakeFiles/judas_audio_acoustics_tests.dir/tests/AudioAcousticsTests.cpp.o] Error 1
gmake[2]: *** [CMakeFiles/Makefile2:6204: CMakeFiles/judas_audio_acoustics_tests.dir/all] Error 2
gmake[1]: *** [CMakeFiles/Makefile2:6211: CMakeFiles/judas_audio_acoustics_tests.dir/rule] Error 2
gmake: *** [Makefile:2035: judas_audio_acoustics_tests] Error 2
