[  5%] Built target judas_icu_build
[  5%] Built target judas_quickjs
[ 10%] Built target judas_app_icon
[ 10%] Built target judas_glad
[ 15%] Built target judas_navigation_backend
[ 25%] Built target judas_profiler
[ 40%] Built target freetype
[ 45%] Built target judas_audio_backend
[ 45%] Built target judas_materials
[ 45%] Built target harfbuzz
[100%] Built target judas_engine
[100%] Building CXX object CMakeFiles/judas_audio_application_tests.dir/tests/AudioApplicationTests.cpp.o
[100%] Building CXX object CMakeFiles/judas_audio_application_tests.dir/src/RuntimeOptions.cpp.o
[100%] Building CXX object CMakeFiles/judas_audio_application_tests.dir/src/Application.cpp.o
[100%] Building CXX object CMakeFiles/judas_audio_application_tests.dir/src/RuntimeDiagnostics.cpp.o
[100%] Building CXX object CMakeFiles/judas_audio_application_tests.dir/src/TestHarness.cpp.o
[100%] Linking CXX executable judas_audio_application_tests
[100%] Built target judas_audio_application_tests
[  4%] Built target judas_icu_build
[  9%] Built target judas_quickjs
[  9%] Built target judas_app_icon
[ 28%] Built target freetype
[ 28%] Built target judas_glad
[ 33%] Built target judas_navigation_backend
[ 38%] Built target judas_profiler
[ 42%] Built target judas_audio_backend
[ 42%] Built target judas_materials
[ 42%] Built target harfbuzz
[ 95%] Built target judas_engine
[ 95%] Building CXX object CMakeFiles/judasjs_examples_tests.dir/tests/JudasJSExamplesTests.cpp.o
[100%] Linking CXX executable judasjs_examples_tests
[100%] Built target judasjs_examples_tests
