[  5%] Built target judas_icu_build
[ 10%] Built target judas_quickjs
[ 15%] Built target judas_app_icon
[ 35%] Built target freetype
[ 35%] Built target judas_glad
[ 35%] Built target judas_profiler
[ 45%] Built target judas_navigation_backend
[ 45%] Built target judas_audio_backend
[ 45%] Built target judas_materials
[ 45%] Built target harfbuzz
[ 45%] Building CXX object CMakeFiles/judas_engine.dir/src/Material.cpp.o
[ 45%] Building CXX object CMakeFiles/judas_engine.dir/src/LiquidTypes.cpp.o
[ 45%] Building CXX object CMakeFiles/judas_engine.dir/src/Localization.cpp.o
[ 45%] Building CXX object CMakeFiles/judas_engine.dir/src/LiquidSystem.cpp.o
[ 45%] Building CXX object CMakeFiles/judas_engine.dir/src/NavigationSystem.cpp.o
[ 45%] Building CXX object CMakeFiles/judas_engine.dir/src/NavigationTypes.cpp.o
[ 45%] Building CXX object CMakeFiles/judas_engine.dir/src/NavigationAsset.cpp.o
[ 45%] Building CXX object CMakeFiles/judas_engine.dir/src/WorldAnimation.cpp.o
[ 45%] Building CXX object CMakeFiles/judas_engine.dir/src/WorldRagdoll.cpp.o
[ 45%] Building CXX object CMakeFiles/judas_engine.dir/src/WorldCharacter.cpp.o
[ 45%] Building CXX object CMakeFiles/judas_engine.dir/src/WorldStreaming.cpp.o
[ 45%] Building CXX object CMakeFiles/judas_engine.dir/src/WorldRegions.cpp.o
[ 45%] Building CXX object CMakeFiles/judas_engine.dir/src/WorldScripts.cpp.o
[ 45%] Building CXX object CMakeFiles/judas_engine.dir/src/RuntimeUI.cpp.o
[ 45%] Building CXX object CMakeFiles/judas_engine.dir/src/ScriptSystem.cpp.o
[ 45%] Building CXX object CMakeFiles/judas_engine.dir/src/Classification.cpp.o
[ 50%] Building CXX object CMakeFiles/judas_engine.dir/src/ProjectExporter.cpp.o
[ 50%] Building CXX object CMakeFiles/judas_engine.dir/src/AudioStream.cpp.o
/home/conner/Documents/GitHub/Project-Judas/src/AudioStream.cpp: In function ‘ma_result {anonymous}::Format(ma_data_source*, ma_format*, ma_uint32*, ma_uint32*, ma_channel*, size_t)’:
/home/conner/Documents/GitHub/Project-Judas/src/AudioStream.cpp:10:2: warning: this ‘if’ clause does not guard... [-Wmisleading-indentation]
   10 |  if(f)*f=ma_format_f32;if(c)*c=2;if(r)*r=48000;if(map)ma_channel_map_init_standard(ma_standard_channel_map_default,map,cap,2);return MA_SUCCESS;
      |  ^~
/home/conner/Documents/GitHub/Project-Judas/src/AudioStream.cpp:10:24: note: ...this statement, but the latter is misleadingly indented as if it were guarded by the ‘if’
   10 |  if(f)*f=ma_format_f32;if(c)*c=2;if(r)*r=48000;if(map)ma_channel_map_init_standard(ma_standard_channel_map_default,map,cap,2);return MA_SUCCESS;
      |                        ^~
[ 50%] Building CXX object CMakeFiles/judas_engine.dir/src/AudioEnvironment.cpp.o
/home/conner/Documents/GitHub/Project-Judas/src/AudioEnvironment.cpp: In static member function ‘static bool ProjectAudioSettings::Parse(const std::string&, ProjectAudioSettings&, std::string&)’:
/home/conner/Documents/GitHub/Project-Judas/src/AudioEnvironment.cpp:24:2: warning: this ‘if’ clause does not guard... [-Wmisleading-indentation]
   24 |  if(!in.eof()||!result.Validate(error))return false;out=std::move(result);return true;
      |  ^~
/home/conner/Documents/GitHub/Project-Judas/src/AudioEnvironment.cpp:24:53: note: ...this statement, but the latter is misleadingly indented as if it were guarded by the ‘if’
   24 |  if(!in.eof()||!result.Validate(error))return false;out=std::move(result);return true;
      |                                                     ^~~
[ 50%] Building CXX object CMakeFiles/judas_engine.dir/src/AudioData.cpp.o
[ 50%] Building CXX object CMakeFiles/judas_engine.dir/src/AudioSystem.cpp.o
[ 50%] Building CXX object CMakeFiles/judas_engine.dir/src/WorldAudio.cpp.o
/home/conner/Documents/GitHub/Project-Judas/src/AudioSystem.cpp: In static member function ‘static void AudioSystem::Impl::Effect::Process(ma_node*, const float**, ma_uint32*, float**, ma_uint32*)’:
/home/conner/Documents/GitHub/Project-Judas/src/AudioSystem.cpp:56:6: warning: this ‘if’ clause does not guard... [-Wmisleading-indentation]
   56 |      if(output[0])output[0][k]=x;if(output[1])output[1][k]=x*send;
      |      ^~
/home/conner/Documents/GitHub/Project-Judas/src/AudioSystem.cpp:56:34: note: ...this statement, but the latter is misleadingly indented as if it were guarded by the ‘if’
   56 |      if(output[0])output[0][k]=x;if(output[1])output[1][k]=x*send;
      |                                  ^~
/home/conner/Documents/GitHub/Project-Judas/src/AudioSystem.cpp: In member function ‘AudioVoiceHandle AudioSystem::CreateVoice(AudioClipHandle, const AudioSettings&, std::string&)’:
/home/conner/Documents/GitHub/Project-Judas/src/AudioSystem.cpp:112:2: warning: this ‘if’ clause does not guard... [-Wmisleading-indentation]
  112 |  if(!Init(error))return {};auto v=std::make_unique<Impl::Voice>();v->data=data->second;
      |  ^~
/home/conner/Documents/GitHub/Project-Judas/src/AudioSystem.cpp:112:28: note: ...this statement, but the latter is misleadingly indented as if it were guarded by the ‘if’
  112 |  if(!Init(error))return {};auto v=std::make_unique<Impl::Voice>();v->data=data->second;
      |                            ^~~~
/home/conner/Documents/GitHub/Project-Judas/src/AudioSystem.cpp:115:2: warning: this ‘if’ clause does not guard... [-Wmisleading-indentation]
  115 |  if(!m->Sound(*v,&v->buffer,error))return {};auto id=m->nextVoice++;m->voices[id]=std::move(v);SetSettings({id},s);error.clear();return {id};
      |  ^~
/home/conner/Documents/GitHub/Project-Judas/src/AudioSystem.cpp:115:46: note: ...this statement, but the latter is misleadingly indented as if it were guarded by the ‘if’
  115 |  if(!m->Sound(*v,&v->buffer,error))return {};auto id=m->nextVoice++;m->voices[id]=std::move(v);SetSettings({id},s);error.clear();return {id};
      |                                              ^~~~
/home/conner/Documents/GitHub/Project-Judas/src/AudioSystem.cpp: In member function ‘AudioVoiceHandle AudioSystem::CreateStreamVoice(const std::string&, const AudioSettings&, std::string&)’:
/home/conner/Documents/GitHub/Project-Judas/src/AudioSystem.cpp:119:2: warning: this ‘if’ clause does not guard... [-Wmisleading-indentation]
  119 |  if(!Init(error))return {};auto& meta=m->metadata[path];if(!meta)meta=std::make_shared<AudioStreamMetadata>(path);
      |  ^~
/home/conner/Documents/GitHub/Project-Judas/src/AudioSystem.cpp:119:28: note: ...this statement, but the latter is misleadingly indented as if it were guarded by the ‘if’
  119 |  if(!Init(error))return {};auto& meta=m->metadata[path];if(!meta)meta=std::make_shared<AudioStreamMetadata>(path);
      |                            ^~~~
/home/conner/Documents/GitHub/Project-Judas/src/AudioSystem.cpp: In member function ‘bool AudioSystem::Play(AudioVoiceHandle)’:
/home/conner/Documents/GitHub/Project-Judas/src/AudioSystem.cpp:133:2: warning: this ‘if’ clause does not guard... [-Wmisleading-indentation]
  133 |  if(!v.stream&&!v.groupPaused)return ma_sound_start(&v.sound)==MA_SUCCESS;return true;}
      |  ^~
/home/conner/Documents/GitHub/Project-Judas/src/AudioSystem.cpp:133:75: note: ...this statement, but the latter is misleadingly indented as if it were guarded by the ‘if’
  133 |  if(!v.stream&&!v.groupPaused)return ma_sound_start(&v.sound)==MA_SUCCESS;return true;}
      |                                                                           ^~~~~~
[ 50%] Building CXX object CMakeFiles/judas_engine.dir/src/Window.cpp.o
/home/conner/Documents/GitHub/Project-Judas/src/WorldAudio.cpp: In function ‘std::string {anonymous}::StableKey(RuntimeWorld&, EntityId)’:
/home/conner/Documents/GitHub/Project-Judas/src/WorldAudio.cpp:24:94: error: ‘class RuntimeWorld’ has no member named ‘Streaming’
   24 | std::string StableKey(RuntimeWorld& w,EntityId id){auto* d=w.RuntimeDefinition(id);return (w.Streaming()?w.Streaming()->Owner(id):"root")+":"+std::to_string(d&&d->prefabSource?d->prefabSource:id);}
      |                                                                                              ^~~~~~~~~
/home/conner/Documents/GitHub/Project-Judas/src/WorldAudio.cpp:24:108: error: ‘class RuntimeWorld’ has no member named ‘Streaming’
   24 | std::string StableKey(RuntimeWorld& w,EntityId id){auto* d=w.RuntimeDefinition(id);return (w.Streaming()?w.Streaming()->Owner(id):"root")+":"+std::to_string(d&&d->prefabSource?d->prefabSource:id);}
      |                                                                                                            ^~~~~~~~~
/home/conner/Documents/GitHub/Project-Judas/src/WorldAudio.cpp: In member function ‘void RuntimeWorld::UpdateAudio(const glm::mat4&, float, float)’:
/home/conner/Documents/GitHub/Project-Judas/src/WorldAudio.cpp:46:4: warning: this ‘if’ clause does not guard... [-Wmisleading-indentation]
   46 |    if(!error.empty()&&error!="loading"&&error!=e.error)std::fprintf(stderr,"audio emitter %llu: %s\n",static_cast<unsigned long long>(e.id),error.c_str());e.error=error;
      |    ^~
/home/conner/Documents/GitHub/Project-Judas/src/WorldAudio.cpp:46:156: note: ...this statement, but the latter is misleadingly indented as if it were guarded by the ‘if’
   46 |    if(!error.empty()&&error!="loading"&&error!=e.error)std::fprintf(stderr,"audio emitter %llu: %s\n",static_cast<unsigned long long>(e.id),error.c_str());e.error=error;
      |                                                                                                                                                            ^
/home/conner/Documents/GitHub/Project-Judas/src/WorldAudio.cpp:74:3: warning: this ‘if’ clause does not guard... [-Wmisleading-indentation]
   74 |   if(inside<=0)continue;float contribution=z.settings.amount*(z.settings.blendDistance>0?glm::clamp(inside/z.settings.blendDistance,0.f,1.f):1.f);
      |   ^~
/home/conner/Documents/GitHub/Project-Judas/src/WorldAudio.cpp:74:25: note: ...this statement, but the latter is misleadingly indented as if it were guarded by the ‘if’
   74 |   if(inside<=0)continue;float contribution=z.settings.amount*(z.settings.blendDistance>0?glm::clamp(inside/z.settings.blendDistance,0.f,1.f):1.f);
      |                         ^~~~~
gmake[3]: *** [CMakeFiles/judas_engine.dir/build.make:485: CMakeFiles/judas_engine.dir/src/WorldAudio.cpp.o] Error 1
gmake[3]: *** Waiting for unfinished jobs....
gmake[2]: *** [CMakeFiles/Makefile2:830: CMakeFiles/judas_engine.dir/all] Error 2
gmake[1]: *** [CMakeFiles/Makefile2:3642: CMakeFiles/judas_audio_tests.dir/rule] Error 2
gmake: *** [Makefile:1242: judas_audio_tests] Error 2
