[  5%] Built target judas_icu_build
[ 10%] Built target judas_quickjs
[ 15%] Built target judas_app_icon
[ 15%] Built target judas_profiler
[ 15%] Built target judas_glad
[ 25%] Built target judas_navigation_backend
[ 45%] Built target freetype
[ 45%] Building C object CMakeFiles/judas_audio_backend.dir/src/ReverbBackend.c.o
[ 45%] Built target judas_materials
[ 45%] Building C object CMakeFiles/judas_audio_backend.dir/src/AudioBackend.c.o
[ 45%] Built target harfbuzz
[ 45%] Linking C static library libjudas_audio_backend.a
[ 45%] Built target judas_audio_backend
[ 45%] Building CXX object CMakeFiles/judas_engine.dir/src/Localization.cpp.o
[ 45%] Building CXX object CMakeFiles/judas_engine.dir/src/Environment.cpp.o
[ 45%] Building CXX object CMakeFiles/judas_engine.dir/src/TextLayout.cpp.o
[ 45%] Building CXX object CMakeFiles/judas_engine.dir/src/Material.cpp.o
[ 45%] Building CXX object CMakeFiles/judas_engine.dir/src/Tangents.cpp.o
[ 50%] Building CXX object CMakeFiles/judas_engine.dir/src/LiquidGeometry.cpp.o
[ 50%] Building CXX object CMakeFiles/judas_engine.dir/src/LiquidTypes.cpp.o
[ 50%] Building CXX object CMakeFiles/judas_engine.dir/src/LiquidSystem.cpp.o
[ 50%] Building CXX object CMakeFiles/judas_engine.dir/src/LiquidSurface.cpp.o
[ 50%] Building CXX object CMakeFiles/judas_engine.dir/src/NavigationSystem.cpp.o
[ 50%] Building CXX object CMakeFiles/judas_engine.dir/src/NavigationTypes.cpp.o
[ 50%] Building CXX object CMakeFiles/judas_engine.dir/src/NavigationAsset.cpp.o
[ 50%] Building CXX object CMakeFiles/judas_engine.dir/src/WorldAnimation.cpp.o
[ 50%] Building CXX object CMakeFiles/judas_engine.dir/src/PoseComposition.cpp.o
[ 50%] Building CXX object CMakeFiles/judas_engine.dir/src/WorldRagdoll.cpp.o
[ 55%] Building CXX object CMakeFiles/judas_engine.dir/src/GltfLoader.cpp.o
[ 55%] Building CXX object CMakeFiles/judas_engine.dir/src/WorldCharacter.cpp.o
[ 55%] Building CXX object CMakeFiles/judas_engine.dir/src/WorldStreaming.cpp.o
[ 55%] Building CXX object CMakeFiles/judas_engine.dir/src/WorldRegions.cpp.o
[ 55%] Building CXX object CMakeFiles/judas_engine.dir/src/WorldScripts.cpp.o
[ 55%] Building CXX object CMakeFiles/judas_engine.dir/src/RuntimeUI.cpp.o
[ 55%] Building CXX object CMakeFiles/judas_engine.dir/src/ScriptSystem.cpp.o
[ 55%] Building CXX object CMakeFiles/judas_engine.dir/src/Classification.cpp.o
[ 55%] Building CXX object CMakeFiles/judas_engine.dir/src/GamePackage.cpp.o
[ 60%] Building CXX object CMakeFiles/judas_engine.dir/src/ProjectExporter.cpp.o
[ 60%] Building CXX object CMakeFiles/judas_engine.dir/src/AudioStream.cpp.o
/home/conner/Documents/GitHub/Project-Judas/src/AudioStream.cpp: In function ‘ma_result {anonymous}::Format(ma_data_source*, ma_format*, ma_uint32*, ma_uint32*, ma_channel*, size_t)’:
/home/conner/Documents/GitHub/Project-Judas/src/AudioStream.cpp:10:2: warning: this ‘if’ clause does not guard... [-Wmisleading-indentation]
   10 |  if(f)*f=ma_format_f32;if(c)*c=2;if(r)*r=48000;if(map)ma_channel_map_init_standard(ma_standard_channel_map_default,map,cap,2);return MA_SUCCESS;
      |  ^~
/home/conner/Documents/GitHub/Project-Judas/src/AudioStream.cpp:10:24: note: ...this statement, but the latter is misleadingly indented as if it were guarded by the ‘if’
   10 |  if(f)*f=ma_format_f32;if(c)*c=2;if(r)*r=48000;if(map)ma_channel_map_init_standard(ma_standard_channel_map_default,map,cap,2);return MA_SUCCESS;
      |                        ^~
/home/conner/Documents/GitHub/Project-Judas/src/AudioStream.cpp: In member function ‘void PreparedAudioStream::Fill(JobContext&)’:
/home/conner/Documents/GitHub/Project-Judas/src/AudioStream.cpp:50:48: error: invalid conversion from ‘uint64_t*’ {aka ‘long unsigned int*’} to ‘ma_uint64*’ {aka ‘long long unsigned int*’} [-fpermissive]
   50 |   ma_decoder_get_cursor_in_pcm_frames(&decoder,&page.start);
      |                                                ^~~~~~~~~~~
      |                                                |
      |                                                uint64_t* {aka long unsigned int*}
In file included from /home/conner/Documents/GitHub/Project-Judas/src/AudioStream.h:3,
                 from /home/conner/Documents/GitHub/Project-Judas/src/AudioStream.cpp:1:
/home/conner/Documents/GitHub/Project-Judas/third_party/miniaudio/miniaudio.h:10071:87: note: initializing argument 2 of ‘ma_result ma_decoder_get_cursor_in_pcm_frames(ma_decoder*, ma_uint64*)’
10071 | MA_API ma_result ma_decoder_get_cursor_in_pcm_frames(ma_decoder* pDecoder, ma_uint64* pCursor);
      |                                                                            ~~~~~~~~~~~^~~~~~~
gmake[3]: *** [CMakeFiles/judas_engine.dir/build.make:429: CMakeFiles/judas_engine.dir/src/AudioStream.cpp.o] Error 1
gmake[3]: *** Waiting for unfinished jobs....
gmake[2]: *** [CMakeFiles/Makefile2:830: CMakeFiles/judas_engine.dir/all] Error 2
gmake[1]: *** [CMakeFiles/Makefile2:3642: CMakeFiles/judas_audio_tests.dir/rule] Error 2
gmake: *** [Makefile:1242: judas_audio_tests] Error 2
