[  5%] Built target judas_icu_build
[ 15%] Built target judas_app_icon
[ 15%] Built target judas_quickjs
[ 35%] Built target freetype
[ 35%] Built target judas_glad
[ 35%] Built target judas_profiler
[ 45%] Built target judas_navigation_backend
[ 45%] Built target judas_audio_backend
[ 45%] Built target judas_materials
[ 45%] Built target harfbuzz
[ 45%] Building CXX object CMakeFiles/judas_engine.dir/src/WorldAudio.cpp.o
[ 45%] Building CXX object CMakeFiles/judas_engine.dir/src/InputSystem.cpp.o
[ 45%] Building CXX object CMakeFiles/judas_engine.dir/src/Renderer.cpp.o
[ 45%] Building CXX object CMakeFiles/judas_engine.dir/src/SkeletalAnimation.cpp.o
[ 50%] Building CXX object CMakeFiles/judas_engine.dir/src/CharacterMotor.cpp.o
/home/conner/Documents/GitHub/Project-Judas/src/WorldAudio.cpp: In member function ‘void RuntimeWorld::UpdateAudio(const glm::mat4&, float, float)’:
/home/conner/Documents/GitHub/Project-Judas/src/WorldAudio.cpp:46:4: warning: this ‘if’ clause does not guard... [-Wmisleading-indentation]
   46 |    if(!error.empty()&&error!="loading"&&error!=e.error)std::fprintf(stderr,"audio emitter %llu: %s\n",static_cast<unsigned long long>(e.id),error.c_str());e.error=error;
      |    ^~
/home/conner/Documents/GitHub/Project-Judas/src/WorldAudio.cpp:46:156: note: ...this statement, but the latter is misleadingly indented as if it were guarded by the ‘if’
   46 |    if(!error.empty()&&error!="loading"&&error!=e.error)std::fprintf(stderr,"audio emitter %llu: %s\n",static_cast<unsigned long long>(e.id),error.c_str());e.error=error;
      |                                                                                                                                                            ^
/home/conner/Documents/GitHub/Project-Judas/src/WorldAudio.cpp:74:3: warning: this ‘if’ clause does not guard... [-Wmisleading-indentation]
   74 |   if(inside<=0)continue;float contribution=z.settings.amount*(z.settings.blendDistance>0?glm::clamp(inside/z.settings.blendDistance,0.f,1.f):1.f);
      |   ^~
/home/conner/Documents/GitHub/Project-Judas/src/WorldAudio.cpp:74:25: note: ...this statement, but the latter is misleadingly indented as if it were guarded by the ‘if’
   74 |   if(inside<=0)continue;float contribution=z.settings.amount*(z.settings.blendDistance>0?glm::clamp(inside/z.settings.blendDistance,0.f,1.f):1.f);
      |                         ^~~~~
[ 50%] Building CXX object CMakeFiles/judas_engine.dir/src/PlayerController.cpp.o
[ 50%] Building CXX object CMakeFiles/judas_engine.dir/src/PlayerView.cpp.o
[ 50%] Building CXX object CMakeFiles/judas_engine.dir/src/StepClimb.cpp.o
[ 50%] Building CXX object CMakeFiles/judas_engine.dir/src/DynamicBody.cpp.o
[ 50%] Building CXX object CMakeFiles/judas_engine.dir/src/FlyingPrimitiveControl.cpp.o
[ 50%] Building CXX object CMakeFiles/judas_engine.dir/src/PilotAttachment.cpp.o
[ 50%] Building CXX object CMakeFiles/judas_engine.dir/src/PilotControl.cpp.o
[ 50%] Building CXX object CMakeFiles/judas_engine.dir/src/ReferenceFrame.cpp.o
[ 55%] Building CXX object CMakeFiles/judas_engine.dir/src/ModelLoader.cpp.o
[ 55%] Building CXX object CMakeFiles/judas_engine.dir/src/FontLoader.cpp.o
[ 55%] Building CXX object CMakeFiles/judas_engine.dir/src/UIWidgets.cpp.o
[ 55%] Building CXX object CMakeFiles/judas_engine.dir/src/PauseMenu.cpp.o
[ 55%] Building CXX object CMakeFiles/judas_engine.dir/src/HUD.cpp.o
[ 55%] Building CXX object CMakeFiles/judas_engine.dir/src/LightTransforms.cpp.o
[ 55%] Building CXX object CMakeFiles/judas_engine.dir/src/LightAttenuation.cpp.o
[ 55%] Building CXX object CMakeFiles/judas_engine.dir/src/ShadowTransforms.cpp.o
[ 55%] Building CXX object CMakeFiles/judas_engine.dir/src/HingeTransform.cpp.o
[ 55%] Building CXX object CMakeFiles/judas_engine.dir/src/InteractionSystem.cpp.o
[ 60%] Building CXX object CMakeFiles/judas_engine.dir/src/ObjectManipulation.cpp.o
[ 60%] Building CXX object CMakeFiles/judas_engine.dir/src/FluidWorld.cpp.o
[ 60%] Building CXX object CMakeFiles/judas_engine.dir/src/ProductionFluidCoupling.cpp.o
[ 60%] Building CXX object CMakeFiles/judas_engine.dir/src/FluidHydrostatics.cpp.o
[ 60%] Building CXX object CMakeFiles/judas_engine.dir/src/FluidSurface.cpp.o
[ 60%] Building CXX object CMakeFiles/judas_engine.dir/src/CombustionWorld.cpp.o
[ 60%] Building CXX object CMakeFiles/judas_engine.dir/src/FirePresentation.cpp.o
[ 60%] Building CXX object CMakeFiles/judas_engine.dir/src/TerrainDemo.cpp.o
[ 60%] Building CXX object CMakeFiles/judas_engine.dir/src/TerrainLibrary.cpp.o
[ 65%] Building CXX object CMakeFiles/judas_engine.dir/src/Door.cpp.o
[ 65%] Building CXX object CMakeFiles/judas_engine.dir/src/LightSwitch.cpp.o
[ 65%] Building CXX object CMakeFiles/judas_engine.dir/src/FaithfulGravity.cpp.o
[ 65%] Building CXX object CMakeFiles/judas_engine.dir/src/RadicalGravity.cpp.o
[ 65%] Building CXX object CMakeFiles/judas_engine.dir/src/SphericalVolume.cpp.o
[ 65%] Building CXX object CMakeFiles/judas_engine.dir/src/BoxVolume.cpp.o
[ 65%] Building CXX object CMakeFiles/judas_engine.dir/src/GravityContextMap.cpp.o
[ 65%] Building CXX object CMakeFiles/judas_engine.dir/src/CelestialGravity.cpp.o
[ 65%] Building CXX object CMakeFiles/judas_engine.dir/src/AtmosphereField.cpp.o
[ 65%] Building CXX object CMakeFiles/judas_engine.dir/src/AerodynamicDrag.cpp.o
[ 70%] Building CXX object CMakeFiles/judas_engine.dir/src/VisualParticles.cpp.o
[ 70%] Building CXX object CMakeFiles/judas_engine.dir/src/Prefab.cpp.o
[ 70%] Building CXX object CMakeFiles/judas_engine.dir/src/Scene.cpp.o
[ 70%] Building CXX object CMakeFiles/judas_engine.dir/src/Ragdoll.cpp.o
[ 70%] Building CXX object CMakeFiles/judas_engine.dir/src/SceneSerialization.cpp.o
[ 70%] Building CXX object CMakeFiles/judas_engine.dir/src/SceneFingerprint.cpp.o
[ 70%] Building CXX object CMakeFiles/judas_engine.dir/src/Project.cpp.o
[ 70%] Building CXX object CMakeFiles/judas_engine.dir/src/AssetDatabase.cpp.o
[ 70%] Building CXX object CMakeFiles/judas_engine.dir/src/JobSystem.cpp.o
[ 70%] Building CXX object CMakeFiles/judas_engine.dir/src/AsyncFile.cpp.o
[ 75%] Building CXX object CMakeFiles/judas_engine.dir/src/ResourceManager.cpp.o
[ 75%] Building CXX object CMakeFiles/judas_engine.dir/src/EnginePaths.cpp.o
[ 75%] Building CXX object CMakeFiles/judas_engine.dir/src/DebugDraw.cpp.o
[ 75%] Building CXX object CMakeFiles/judas_engine.dir/src/WorldDebugView.cpp.o
[ 75%] Building CXX object CMakeFiles/judas_engine.dir/src/SceneSession.cpp.o
[ 75%] Building CXX object CMakeFiles/judas_engine.dir/src/RuntimeWorld.cpp.o
[ 75%] Building CXX object CMakeFiles/judas_engine.dir/src/GameSession.cpp.o
[ 75%] Building CXX object CMakeFiles/judas_engine.dir/src/Simulation.cpp.o
[ 75%] Building CXX object CMakeFiles/judas_engine.dir/src/WorldPresentation.cpp.o
[ 80%] Building CXX object CMakeFiles/judas_engine.dir/src/GameplayHud.cpp.o
[ 80%] Building CXX object CMakeFiles/judas_engine.dir/src/EngineHost.cpp.o
[ 80%] Building CXX object CMakeFiles/judas_engine.dir/src/InteractivePlay.cpp.o
[ 80%] Building CXX object CMakeFiles/judas_engine.dir/src/ScreenshotWriter.cpp.o
[ 80%] Building CXX object CMakeFiles/judas_engine.dir/src/FidelityPolicy.cpp.o
[ 80%] Building CXX object CMakeFiles/judas_engine.dir/src/CoarseSimulation.cpp.o
[ 80%] Building CXX object CMakeFiles/judas_engine.dir/src/WorldState.cpp.o
[ 80%] Building CXX object CMakeFiles/judas_engine.dir/src/JointSolver.cpp.o
[ 80%] Building CXX object CMakeFiles/judas_engine.dir/src/PhysicsCastGeometry.cpp.o
[ 80%] Building CXX object CMakeFiles/judas_engine.dir/src/ImpactSolver.cpp.o
[ 85%] Building CXX object CMakeFiles/judas_engine.dir/src/RigidBody.cpp.o
[ 85%] Building CXX object CMakeFiles/judas_engine.dir/src/RigidBodyGravity.cpp.o
[ 85%] Building CXX object CMakeFiles/judas_engine.dir/src/Contacts.cpp.o
[ 85%] Building CXX object CMakeFiles/judas_engine.dir/src/ContactSolver.cpp.o
[ 85%] Building CXX object CMakeFiles/judas_engine.dir/src/RadialTerrain.cpp.o
[ 85%] Building CXX object CMakeFiles/judas_engine.dir/src/Broadphase.cpp.o
[ 85%] Building CXX object CMakeFiles/judas_engine.dir/src/Narrowphase.cpp.o
[ 85%] Building CXX object CMakeFiles/judas_engine.dir/src/PhysicsWorld.cpp.o
[ 85%] Linking CXX static library libjudas_engine.a
[100%] Built target judas_engine
[100%] Building CXX object CMakeFiles/judas_audio_tests.dir/src/editor/EditorHistory.cpp.o
[100%] Building CXX object CMakeFiles/judas_audio_tests.dir/tests/AudioTests.cpp.o
[100%] Linking CXX executable judas_audio_tests
[100%] Built target judas_audio_tests
