[  5%] Built target judas_icu_build
[ 10%] Built target judas_quickjs
[ 15%] Built target judas_app_icon
[ 35%] Built target freetype
[ 35%] Built target judas_glad
[ 35%] Built target judas_profiler
[ 45%] Built target judas_navigation_backend
[ 45%] Built target judas_audio_backend
[ 45%] Built target judas_materials
[ 45%] Built target harfbuzz
[ 45%] Building CXX object CMakeFiles/judas_engine.dir/src/WorldStreaming.cpp.o
[ 45%] Building CXX object CMakeFiles/judas_engine.dir/src/WorldScripts.cpp.o
[ 45%] Building CXX object CMakeFiles/judas_engine.dir/src/ScriptSystem.cpp.o
[ 50%] Building CXX object CMakeFiles/judas_engine.dir/src/ProjectExporter.cpp.o
In file included from /home/conner/Documents/GitHub/Project-Judas/src/SceneSession.h:2,
                 from /home/conner/Documents/GitHub/Project-Judas/src/WorldScripts.cpp:1:
/home/conner/Documents/GitHub/Project-Judas/src/Project.h:38:5: error: ‘ProjectAudioSettings’ does not name a type; did you mean ‘ProjectSettings’?
   38 |     ProjectAudioSettings audio;
      |     ^~~~~~~~~~~~~~~~~~~~
      |     ProjectSettings
gmake[3]: *** [CMakeFiles/judas_engine.dir/build.make:345: CMakeFiles/judas_engine.dir/src/WorldScripts.cpp.o] Error 1
gmake[3]: *** Waiting for unfinished jobs....
gmake[2]: *** [CMakeFiles/Makefile2:830: CMakeFiles/judas_engine.dir/all] Error 2
gmake[1]: *** [CMakeFiles/Makefile2:3642: CMakeFiles/judas_audio_tests.dir/rule] Error 2
gmake: *** [Makefile:1242: judas_audio_tests] Error 2
