[  5%] Built target judas_icu_build
[ 10%] Built target judas_app_icon
[ 15%] Built target judas_quickjs
[ 35%] Built target freetype
[ 35%] Built target judas_glad
[ 40%] Built target judas_profiler
[ 45%] Built target judas_navigation_backend
[ 45%] Built target judas_audio_backend
[ 45%] Built target judas_materials
[ 45%] Built target harfbuzz
[ 45%] Building CXX object CMakeFiles/judas_engine.dir/src/AudioSystem.cpp.o
/home/conner/Documents/GitHub/Project-Judas/src/AudioSystem.cpp: In static member function ‘static void AudioSystem::Impl::Effect::Process(ma_node*, const float**, ma_uint32*, float**, ma_uint32*)’:
/home/conner/Documents/GitHub/Project-Judas/src/AudioSystem.cpp:56:6: warning: this ‘if’ clause does not guard... [-Wmisleading-indentation]
   56 |      if(output[0])output[0][k]=x;if(output[1])output[1][k]=x*send;
      |      ^~
/home/conner/Documents/GitHub/Project-Judas/src/AudioSystem.cpp:56:34: note: ...this statement, but the latter is misleadingly indented as if it were guarded by the ‘if’
   56 |      if(output[0])output[0][k]=x;if(output[1])output[1][k]=x*send;
      |                                  ^~
/home/conner/Documents/GitHub/Project-Judas/src/AudioSystem.cpp: In member function ‘AudioVoiceHandle AudioSystem::CreateVoice(AudioClipHandle, const AudioSettings&, std::string&)’:
/home/conner/Documents/GitHub/Project-Judas/src/AudioSystem.cpp:140:2: warning: this ‘if’ clause does not guard... [-Wmisleading-indentation]
  140 |  if(!Init(error))return {};auto v=std::make_unique<Impl::Voice>();v->data=data->second;
      |  ^~
/home/conner/Documents/GitHub/Project-Judas/src/AudioSystem.cpp:140:28: note: ...this statement, but the latter is misleadingly indented as if it were guarded by the ‘if’
  140 |  if(!Init(error))return {};auto v=std::make_unique<Impl::Voice>();v->data=data->second;
      |                            ^~~~
/home/conner/Documents/GitHub/Project-Judas/src/AudioSystem.cpp:142:2: warning: this ‘if’ clause does not guard... [-Wmisleading-indentation]
  142 |  if(!m->Sound(*v,&v->buffer,error))return {};auto id=m->nextVoice++;m->voices[id]=std::move(v);SetSettings({id},s);error.clear();return {id};
      |  ^~
/home/conner/Documents/GitHub/Project-Judas/src/AudioSystem.cpp:142:46: note: ...this statement, but the latter is misleadingly indented as if it were guarded by the ‘if’
  142 |  if(!m->Sound(*v,&v->buffer,error))return {};auto id=m->nextVoice++;m->voices[id]=std::move(v);SetSettings({id},s);error.clear();return {id};
      |                                              ^~~~
/home/conner/Documents/GitHub/Project-Judas/src/AudioSystem.cpp: In member function ‘AudioVoiceHandle AudioSystem::CreateStreamVoice(const std::string&, const AudioSettings&, std::string&)’:
/home/conner/Documents/GitHub/Project-Judas/src/AudioSystem.cpp:146:2: warning: this ‘if’ clause does not guard... [-Wmisleading-indentation]
  146 |  if(!Init(error))return {};auto& meta=m->metadata[path];if(!meta)meta=std::make_shared<AudioStreamMetadata>(path);
      |  ^~
/home/conner/Documents/GitHub/Project-Judas/src/AudioSystem.cpp:146:28: note: ...this statement, but the latter is misleadingly indented as if it were guarded by the ‘if’
  146 |  if(!Init(error))return {};auto& meta=m->metadata[path];if(!meta)meta=std::make_shared<AudioStreamMetadata>(path);
      |                            ^~~~
/home/conner/Documents/GitHub/Project-Judas/src/AudioSystem.cpp: In member function ‘bool AudioSystem::Play(AudioVoiceHandle)’:
/home/conner/Documents/GitHub/Project-Judas/src/AudioSystem.cpp:160:2: warning: this ‘if’ clause does not guard... [-Wmisleading-indentation]
  160 |  if(!v.stream&&!v.groupPaused)return ma_sound_start(&v.sound)==MA_SUCCESS;return true;}
      |  ^~
/home/conner/Documents/GitHub/Project-Judas/src/AudioSystem.cpp:160:75: note: ...this statement, but the latter is misleadingly indented as if it were guarded by the ‘if’
  160 |  if(!v.stream&&!v.groupPaused)return ma_sound_start(&v.sound)==MA_SUCCESS;return true;}
      |                                                                           ^~~~~~
[ 45%] Linking CXX static library libjudas_engine.a
[100%] Built target judas_engine
[100%] Linking CXX executable judas_audio_tests
[100%] Built target judas_audio_tests
[  4%] Built target judas_icu_build
[  8%] Built target judas_quickjs
[ 13%] Built target judas_app_icon
[ 30%] Built target freetype
[ 30%] Built target judas_glad
[ 30%] Built target judas_profiler
[ 39%] Built target judas_navigation_backend
[ 39%] Built target judas_audio_backend
[ 39%] Built target judas_materials
[ 39%] Built target harfbuzz
[ 43%] Built target judas_imgui
[ 91%] Built target judas_engine
[ 95%] Building CXX object CMakeFiles/judas_navigation_baker.dir/third_party/recastnavigation/Recast/Source/RecastAlloc.cpp.o
[ 95%] Building CXX object CMakeFiles/judas_navigation_baker.dir/third_party/recastnavigation/Recast/Source/RecastArea.cpp.o
[ 95%] Building CXX object CMakeFiles/judas_navigation_baker.dir/src/NavigationBake.cpp.o
[ 95%] Building CXX object CMakeFiles/judas_navigation_baker.dir/third_party/recastnavigation/Recast/Source/Recast.cpp.o
[ 95%] Building CXX object CMakeFiles/judas_navigation_baker.dir/third_party/recastnavigation/Recast/Source/RecastAssert.cpp.o
[ 95%] Building CXX object CMakeFiles/judas_navigation_baker.dir/third_party/recastnavigation/Recast/Source/RecastContour.cpp.o
[ 95%] Building CXX object CMakeFiles/judas_navigation_baker.dir/third_party/recastnavigation/Recast/Source/RecastFilter.cpp.o
[ 95%] Building CXX object CMakeFiles/judas_navigation_baker.dir/third_party/recastnavigation/Recast/Source/RecastLayers.cpp.o
[ 95%] Building CXX object CMakeFiles/judas_navigation_baker.dir/third_party/recastnavigation/Recast/Source/RecastMesh.cpp.o
[ 95%] Building CXX object CMakeFiles/judas_navigation_baker.dir/third_party/recastnavigation/Recast/Source/RecastMeshDetail.cpp.o
[ 95%] Building CXX object CMakeFiles/judas_navigation_baker.dir/third_party/recastnavigation/Recast/Source/RecastRasterization.cpp.o
[ 95%] Building CXX object CMakeFiles/judas_navigation_baker.dir/third_party/recastnavigation/Recast/Source/RecastRegion.cpp.o
[ 95%] Linking CXX static library libjudas_navigation_baker.a
[ 95%] Built target judas_navigation_baker
[ 95%] Building CXX object CMakeFiles/judas_editor.dir/src/editor/ComponentEditors.cpp.o
[ 95%] Building CXX object CMakeFiles/judas_editor.dir/src/editor/EditorApplication.cpp.o
[ 95%] Building CXX object CMakeFiles/judas_editor.dir/src/editor/EditorCamera.cpp.o
[ 95%] Building CXX object CMakeFiles/judas_editor.dir/src/editor/EditorHistory.cpp.o
[ 95%] Building CXX object CMakeFiles/judas_editor.dir/src/editor/EditorMain.cpp.o
[ 95%] Building CXX object CMakeFiles/judas_editor.dir/src/editor/EditorPanels.cpp.o
[100%] Building CXX object CMakeFiles/judas_editor.dir/src/editor/EditorWidgets.cpp.o
[100%] Building CXX object CMakeFiles/judas_editor.dir/src/editor/GizmoMath.cpp.o
[100%] Building CXX object CMakeFiles/judas_editor.dir/src/editor/ProfilerView.cpp.o
[100%] Linking CXX executable judas_editor
[100%] Built target judas_editor
