[  4%] Built target judas_icu_build
[  9%] Built target judas_quickjs
[ 14%] Built target judas_app_icon
[ 33%] Built target freetype
[ 33%] Built target judas_glad
[ 42%] Built target judas_navigation_backend
[ 42%] Built target judas_profiler
[ 42%] Built target judas_audio_backend
[ 42%] Built target judas_materials
[ 42%] Built target harfbuzz
[ 42%] Building CXX object CMakeFiles/judas_engine.dir/src/AudioSystem.cpp.o
[ 42%] Building CXX object CMakeFiles/judas_engine.dir/src/ResourceManager.cpp.o
/home/conner/Documents/GitHub/Project-Judas/src/AudioSystem.cpp: In static member function ‘static void AudioSystem::Impl::Effect::Process(ma_node*, const float**, ma_uint32*, float**, ma_uint32*)’:
/home/conner/Documents/GitHub/Project-Judas/src/AudioSystem.cpp:61:6: warning: this ‘if’ clause does not guard... [-Wmisleading-indentation]
   61 |      if(output[0])output[0][k]=x;if(output[1])output[1][k]=x*send;
      |      ^~
/home/conner/Documents/GitHub/Project-Judas/src/AudioSystem.cpp:61:34: note: ...this statement, but the latter is misleadingly indented as if it were guarded by the ‘if’
   61 |      if(output[0])output[0][k]=x;if(output[1])output[1][k]=x*send;
      |                                  ^~
/home/conner/Documents/GitHub/Project-Judas/src/AudioSystem.cpp: In member function ‘AudioVoiceHandle AudioSystem::CreateVoice(AudioClipHandle, const AudioSettings&, std::string&)’:
/home/conner/Documents/GitHub/Project-Judas/src/AudioSystem.cpp:148:2: warning: this ‘if’ clause does not guard... [-Wmisleading-indentation]
  148 |  if(!Init(error))return {};auto v=std::make_unique<Impl::Voice>();v->data=data->second;
      |  ^~
/home/conner/Documents/GitHub/Project-Judas/src/AudioSystem.cpp:148:28: note: ...this statement, but the latter is misleadingly indented as if it were guarded by the ‘if’
  148 |  if(!Init(error))return {};auto v=std::make_unique<Impl::Voice>();v->data=data->second;
      |                            ^~~~
/home/conner/Documents/GitHub/Project-Judas/src/AudioSystem.cpp:150:2: warning: this ‘if’ clause does not guard... [-Wmisleading-indentation]
  150 |  if(!m->Sound(*v,&v->buffer,error))return {};auto id=m->nextVoice++;m->voices[id]=std::move(v);SetSettings({id},s);error.clear();return {id};
      |  ^~
/home/conner/Documents/GitHub/Project-Judas/src/AudioSystem.cpp:150:46: note: ...this statement, but the latter is misleadingly indented as if it were guarded by the ‘if’
  150 |  if(!m->Sound(*v,&v->buffer,error))return {};auto id=m->nextVoice++;m->voices[id]=std::move(v);SetSettings({id},s);error.clear();return {id};
      |                                              ^~~~
/home/conner/Documents/GitHub/Project-Judas/src/AudioSystem.cpp: In member function ‘AudioVoiceHandle AudioSystem::CreateStreamVoice(const std::string&, const AudioSettings&, std::string&)’:
/home/conner/Documents/GitHub/Project-Judas/src/AudioSystem.cpp:154:2: warning: this ‘if’ clause does not guard... [-Wmisleading-indentation]
  154 |  if(!Init(error))return {};auto& meta=m->metadata[path];if(!meta)meta=std::make_shared<AudioStreamMetadata>(path);
      |  ^~
/home/conner/Documents/GitHub/Project-Judas/src/AudioSystem.cpp:154:28: note: ...this statement, but the latter is misleadingly indented as if it were guarded by the ‘if’
  154 |  if(!Init(error))return {};auto& meta=m->metadata[path];if(!meta)meta=std::make_shared<AudioStreamMetadata>(path);
      |                            ^~~~
/home/conner/Documents/GitHub/Project-Judas/src/AudioSystem.cpp: In member function ‘bool AudioSystem::Play(AudioVoiceHandle)’:
/home/conner/Documents/GitHub/Project-Judas/src/AudioSystem.cpp:168:2: warning: this ‘if’ clause does not guard... [-Wmisleading-indentation]
  168 |  if(!v.stream&&!v.groupPaused)return ma_sound_start(&v.sound)==MA_SUCCESS;return true;}
      |  ^~
/home/conner/Documents/GitHub/Project-Judas/src/AudioSystem.cpp:168:75: note: ...this statement, but the latter is misleadingly indented as if it were guarded by the ‘if’
  168 |  if(!v.stream&&!v.groupPaused)return ma_sound_start(&v.sound)==MA_SUCCESS;return true;}
      |                                                                           ^~~~~~
[ 47%] Linking CXX static library libjudas_engine.a
[100%] Built target judas_engine
[100%] Building CXX object CMakeFiles/judas_audio_acoustics_tests.dir/tests/AudioAcousticsTests.cpp.o
/home/conner/Documents/GitHub/Project-Judas/tests/AudioAcousticsTests.cpp: In function ‘int main(int, char**)’:
/home/conner/Documents/GitHub/Project-Judas/tests/AudioAcousticsTests.cpp:36:3: warning: this ‘for’ clause does not guard... [-Wmisleading-indentation]
   36 |   for(double t:{2.,50.,5.})Check(a.Seek(v,t),"rapid seek accepted");Check(WaitReady(a,v),"only latest rapid seek generation readies");a.Snapshot(v,snap);Check(std::abs(snap.positionSeconds-5)<.001,"rapid seek final target wins");
      |   ^~~
/home/conner/Documents/GitHub/Project-Judas/tests/AudioAcousticsTests.cpp:36:69: note: ...this statement, but the latter is misleadingly indented as if it were guarded by the ‘for’
   36 |   for(double t:{2.,50.,5.})Check(a.Seek(v,t),"rapid seek accepted");Check(WaitReady(a,v),"only latest rapid seek generation readies");a.Snapshot(v,snap);Check(std::abs(snap.positionSeconds-5)<.001,"rapid seek final target wins");
      |                                                                     ^~~~~
[100%] Linking CXX executable judas_audio_acoustics_tests
[100%] Built target judas_audio_acoustics_tests
[  4%] Built target judas_icu_build
[  9%] Built target judas_quickjs
[ 14%] Built target judas_app_icon
[ 33%] Built target freetype
[ 33%] Built target judas_glad
[ 38%] Built target judas_profiler
[ 42%] Built target judas_navigation_backend
[ 42%] Built target judas_audio_backend
[ 42%] Built target judas_materials
[ 42%] Built target harfbuzz
[100%] Built target judas_engine
[100%] Linking CXX executable judas_audio_tests
[100%] Built target judas_audio_tests
