[  0%] Built target judas_icu_build
[  4%] Built target judas_quickjs
[  9%] Built target judas_app_icon
[ 14%] Built target judas_glad
[ 33%] Built target freetype
[ 33%] Built target judas_profiler
[ 42%] Built target judas_navigation_backend
[ 42%] Built target judas_audio_backend
[ 42%] Built target judas_materials
[ 42%] Built target harfbuzz
[ 42%] Building CXX object CMakeFiles/judas_engine.dir/src/AudioSystem.cpp.o
/home/conner/Documents/GitHub/Project-Judas/src/AudioSystem.cpp: In static member function ‘static void AudioSystem::Impl::Effect::Process(ma_node*, const float**, ma_uint32*, float**, ma_uint32*)’:
/home/conner/Documents/GitHub/Project-Judas/src/AudioSystem.cpp:61:6: warning: this ‘if’ clause does not guard... [-Wmisleading-indentation]
   61 |      if(output[0])output[0][k]=x;if(output[1])output[1][k]=x*send;
      |      ^~
/home/conner/Documents/GitHub/Project-Judas/src/AudioSystem.cpp:61:34: note: ...this statement, but the latter is misleadingly indented as if it were guarded by the ‘if’
   61 |      if(output[0])output[0][k]=x;if(output[1])output[1][k]=x*send;
      |                                  ^~
/home/conner/Documents/GitHub/Project-Judas/src/AudioSystem.cpp: In member function ‘AudioVoiceHandle AudioSystem::CreateVoice(AudioClipHandle, const AudioSettings&, std::string&)’:
/home/conner/Documents/GitHub/Project-Judas/src/AudioSystem.cpp:148:2: warning: this ‘if’ clause does not guard... [-Wmisleading-indentation]
  148 |  if(!Init(error))return {};auto v=std::make_unique<Impl::Voice>();v->data=data->second;
      |  ^~
/home/conner/Documents/GitHub/Project-Judas/src/AudioSystem.cpp:148:28: note: ...this statement, but the latter is misleadingly indented as if it were guarded by the ‘if’
  148 |  if(!Init(error))return {};auto v=std::make_unique<Impl::Voice>();v->data=data->second;
      |                            ^~~~
/home/conner/Documents/GitHub/Project-Judas/src/AudioSystem.cpp:150:2: warning: this ‘if’ clause does not guard... [-Wmisleading-indentation]
  150 |  if(!m->Sound(*v,&v->buffer,error))return {};auto id=m->nextVoice++;m->voices[id]=std::move(v);SetSettings({id},s);error.clear();return {id};
      |  ^~
/home/conner/Documents/GitHub/Project-Judas/src/AudioSystem.cpp:150:46: note: ...this statement, but the latter is misleadingly indented as if it were guarded by the ‘if’
  150 |  if(!m->Sound(*v,&v->buffer,error))return {};auto id=m->nextVoice++;m->voices[id]=std::move(v);SetSettings({id},s);error.clear();return {id};
      |                                              ^~~~
/home/conner/Documents/GitHub/Project-Judas/src/AudioSystem.cpp: In member function ‘AudioVoiceHandle AudioSystem::CreateStreamVoice(const std::string&, const AudioSettings&, std::string&)’:
/home/conner/Documents/GitHub/Project-Judas/src/AudioSystem.cpp:154:2: warning: this ‘if’ clause does not guard... [-Wmisleading-indentation]
  154 |  if(!Init(error))return {};auto& meta=m->metadata[path];if(!meta)meta=std::make_shared<AudioStreamMetadata>(path);
      |  ^~
/home/conner/Documents/GitHub/Project-Judas/src/AudioSystem.cpp:154:28: note: ...this statement, but the latter is misleadingly indented as if it were guarded by the ‘if’
  154 |  if(!Init(error))return {};auto& meta=m->metadata[path];if(!meta)meta=std::make_shared<AudioStreamMetadata>(path);
      |                            ^~~~
/home/conner/Documents/GitHub/Project-Judas/src/AudioSystem.cpp: In member function ‘bool AudioSystem::Play(AudioVoiceHandle)’:
/home/conner/Documents/GitHub/Project-Judas/src/AudioSystem.cpp:168:2: warning: this ‘if’ clause does not guard... [-Wmisleading-indentation]
  168 |  if(!v.stream&&!v.groupPaused)return ma_sound_start(&v.sound)==MA_SUCCESS;return true;}
      |  ^~
/home/conner/Documents/GitHub/Project-Judas/src/AudioSystem.cpp:168:75: note: ...this statement, but the latter is misleadingly indented as if it were guarded by the ‘if’
  168 |  if(!v.stream&&!v.groupPaused)return ma_sound_start(&v.sound)==MA_SUCCESS;return true;}
      |                                                                           ^~~~~~
[ 42%] Linking CXX static library libjudas_engine.a
[100%] Built target judas_engine
[100%] Building CXX object CMakeFiles/judas_audio_demo.dir/tools/AudioDemo.cpp.o
/home/conner/Documents/GitHub/Project-Judas/tools/AudioDemo.cpp:18:17: error: ‘EntityId’ was not declared in this scope
   18 | SceneObject Box(EntityId id,const char* name,glm::vec3 p,glm::vec3 half,glm::vec3 color){SceneObject o;o.id=id;o.name=name;o.transform.position=p;o.body=SceneBodyComponent{};o.body->halfExtents=half;o.render=SceneRenderComponent{};o.render->halfExtents=half;o.render->color=color;return o;}
      |                 ^~~~~~~~
/home/conner/Documents/GitHub/Project-Judas/tools/AudioDemo.cpp:18:29: error: expected primary-expression before ‘const’
   18 | SceneObject Box(EntityId id,const char* name,glm::vec3 p,glm::vec3 half,glm::vec3 color){SceneObject o;o.id=id;o.name=name;o.transform.position=p;o.body=SceneBodyComponent{};o.body->halfExtents=half;o.render=SceneRenderComponent{};o.render->halfExtents=half;o.render->color=color;return o;}
      |                             ^~~~~
/home/conner/Documents/GitHub/Project-Judas/tools/AudioDemo.cpp:18:56: error: expected primary-expression before ‘p’
   18 | SceneObject Box(EntityId id,const char* name,glm::vec3 p,glm::vec3 half,glm::vec3 color){SceneObject o;o.id=id;o.name=name;o.transform.position=p;o.body=SceneBodyComponent{};o.body->halfExtents=half;o.render=SceneRenderComponent{};o.render->halfExtents=half;o.render->color=color;return o;}
      |                                                        ^
/home/conner/Documents/GitHub/Project-Judas/tools/AudioDemo.cpp:18:68: error: expected primary-expression before ‘half’
   18 | SceneObject Box(EntityId id,const char* name,glm::vec3 p,glm::vec3 half,glm::vec3 color){SceneObject o;o.id=id;o.name=name;o.transform.position=p;o.body=SceneBodyComponent{};o.body->halfExtents=half;o.render=SceneRenderComponent{};o.render->halfExtents=half;o.render->color=color;return o;}
      |                                                                    ^~~~
/home/conner/Documents/GitHub/Project-Judas/tools/AudioDemo.cpp:18:83: error: expected primary-expression before ‘color’
   18 | SceneObject Box(EntityId id,const char* name,glm::vec3 p,glm::vec3 half,glm::vec3 color){SceneObject o;o.id=id;o.name=name;o.transform.position=p;o.body=SceneBodyComponent{};o.body->halfExtents=half;o.render=SceneRenderComponent{};o.render->halfExtents=half;o.render->color=color;return o;}
      |                                                                                   ^~~~~
/home/conner/Documents/GitHub/Project-Judas/tools/AudioDemo.cpp:18:89: error: expected ‘,’ or ‘;’ before ‘{’ token
   18 | SceneObject Box(EntityId id,const char* name,glm::vec3 p,glm::vec3 half,glm::vec3 color){SceneObject o;o.id=id;o.name=name;o.transform.position=p;o.body=SceneBodyComponent{};o.body->halfExtents=half;o.render=SceneRenderComponent{};o.render->halfExtents=half;o.render->color=color;return o;}
      |                                                                                         ^
/home/conner/Documents/GitHub/Project-Judas/tools/AudioDemo.cpp:19:20: error: ‘EntityId’ was not declared in this scope
   19 | SceneObject Source(EntityId id,const char* name,glm::vec3 p,const char* asset,bool stream,const char* group,float volume,bool spatial=true){SceneObject o;o.id=id;o.name=name;o.transform.position=p;o.audioEmitter=SceneAudioEmitterComponent{};auto& a=*o.audioEmitter;a.asset=asset;a.loading=stream?AudioLoading::Streamed:AudioLoading::Buffered;a.group=group;a.volume=volume;a.spatial=spatial;a.loop=true;a.playOnStart=true;a.attenuation=AudioAttenuation::None;return o;}
      |                    ^~~~~~~~
/home/conner/Documents/GitHub/Project-Judas/tools/AudioDemo.cpp:19:32: error: expected primary-expression before ‘const’
   19 | SceneObject Source(EntityId id,const char* name,glm::vec3 p,const char* asset,bool stream,const char* group,float volume,bool spatial=true){SceneObject o;o.id=id;o.name=name;o.transform.position=p;o.audioEmitter=SceneAudioEmitterComponent{};auto& a=*o.audioEmitter;a.asset=asset;a.loading=stream?AudioLoading::Streamed:AudioLoading::Buffered;a.group=group;a.volume=volume;a.spatial=spatial;a.loop=true;a.playOnStart=true;a.attenuation=AudioAttenuation::None;return o;}
      |                                ^~~~~
/home/conner/Documents/GitHub/Project-Judas/tools/AudioDemo.cpp:19:59: error: expected primary-expression before ‘p’
   19 | SceneObject Source(EntityId id,const char* name,glm::vec3 p,const char* asset,bool stream,const char* group,float volume,bool spatial=true){SceneObject o;o.id=id;o.name=name;o.transform.position=p;o.audioEmitter=SceneAudioEmitterComponent{};auto& a=*o.audioEmitter;a.asset=asset;a.loading=stream?AudioLoading::Streamed:AudioLoading::Buffered;a.group=group;a.volume=volume;a.spatial=spatial;a.loop=true;a.playOnStart=true;a.attenuation=AudioAttenuation::None;return o;}
      |                                                           ^
/home/conner/Documents/GitHub/Project-Judas/tools/AudioDemo.cpp:19:61: error: expected primary-expression before ‘const’
   19 | SceneObject Source(EntityId id,const char* name,glm::vec3 p,const char* asset,bool stream,const char* group,float volume,bool spatial=true){SceneObject o;o.id=id;o.name=name;o.transform.position=p;o.audioEmitter=SceneAudioEmitterComponent{};auto& a=*o.audioEmitter;a.asset=asset;a.loading=stream?AudioLoading::Streamed:AudioLoading::Buffered;a.group=group;a.volume=volume;a.spatial=spatial;a.loop=true;a.playOnStart=true;a.attenuation=AudioAttenuation::None;return o;}
      |                                                             ^~~~~
/home/conner/Documents/GitHub/Project-Judas/tools/AudioDemo.cpp:19:79: error: expected primary-expression before ‘bool’
   19 | SceneObject Source(EntityId id,const char* name,glm::vec3 p,const char* asset,bool stream,const char* group,float volume,bool spatial=true){SceneObject o;o.id=id;o.name=name;o.transform.position=p;o.audioEmitter=SceneAudioEmitterComponent{};auto& a=*o.audioEmitter;a.asset=asset;a.loading=stream?AudioLoading::Streamed:AudioLoading::Buffered;a.group=group;a.volume=volume;a.spatial=spatial;a.loop=true;a.playOnStart=true;a.attenuation=AudioAttenuation::None;return o;}
      |                                                                               ^~~~
/home/conner/Documents/GitHub/Project-Judas/tools/AudioDemo.cpp:19:91: error: expected primary-expression before ‘const’
   19 | SceneObject Source(EntityId id,const char* name,glm::vec3 p,const char* asset,bool stream,const char* group,float volume,bool spatial=true){SceneObject o;o.id=id;o.name=name;o.transform.position=p;o.audioEmitter=SceneAudioEmitterComponent{};auto& a=*o.audioEmitter;a.asset=asset;a.loading=stream?AudioLoading::Streamed:AudioLoading::Buffered;a.group=group;a.volume=volume;a.spatial=spatial;a.loop=true;a.playOnStart=true;a.attenuation=AudioAttenuation::None;return o;}
      |                                                                                           ^~~~~
/home/conner/Documents/GitHub/Project-Judas/tools/AudioDemo.cpp:19:109: error: expected primary-expression before ‘float’
   19 | SceneObject Source(EntityId id,const char* name,glm::vec3 p,const char* asset,bool stream,const char* group,float volume,bool spatial=true){SceneObject o;o.id=id;o.name=name;o.transform.position=p;o.audioEmitter=SceneAudioEmitterComponent{};auto& a=*o.audioEmitter;a.asset=asset;a.loading=stream?AudioLoading::Streamed:AudioLoading::Buffered;a.group=group;a.volume=volume;a.spatial=spatial;a.loop=true;a.playOnStart=true;a.attenuation=AudioAttenuation::None;return o;}
      |                                                                                                             ^~~~~
/home/conner/Documents/GitHub/Project-Judas/tools/AudioDemo.cpp:19:122: error: expected primary-expression before ‘bool’
   19 | SceneObject Source(EntityId id,const char* name,glm::vec3 p,const char* asset,bool stream,const char* group,float volume,bool spatial=true){SceneObject o;o.id=id;o.name=name;o.transform.position=p;o.audioEmitter=SceneAudioEmitterComponent{};auto& a=*o.audioEmitter;a.asset=asset;a.loading=stream?AudioLoading::Streamed:AudioLoading::Buffered;a.group=group;a.volume=volume;a.spatial=spatial;a.loop=true;a.playOnStart=true;a.attenuation=AudioAttenuation::None;return o;}
      |                                                                                                                          ^~~~
/home/conner/Documents/GitHub/Project-Judas/tools/AudioDemo.cpp:19:140: error: expected ‘,’ or ‘;’ before ‘{’ token
   19 | SceneObject Source(EntityId id,const char* name,glm::vec3 p,const char* asset,bool stream,const char* group,float volume,bool spatial=true){SceneObject o;o.id=id;o.name=name;o.transform.position=p;o.audioEmitter=SceneAudioEmitterComponent{};auto& a=*o.audioEmitter;a.asset=asset;a.loading=stream?AudioLoading::Streamed:AudioLoading::Buffered;a.group=group;a.volume=volume;a.spatial=spatial;a.loop=true;a.playOnStart=true;a.attenuation=AudioAttenuation::None;return o;}
      |                                                                                                                                            ^
/home/conner/Documents/GitHub/Project-Judas/tools/AudioDemo.cpp:20:18: error: ‘EntityId’ was not declared in this scope
   20 | SceneObject Zone(EntityId id,const char* name,glm::vec3 p,const char* asset,glm::vec3 half){SceneObject o;o.id=id;o.name=name;o.transform.position=p;o.audioZone=SceneAudioZoneComponent{};o.audioZone->asset=asset;o.audioZone->shape=SceneRegionShape::Box;o.audioZone->halfExtents=half;return o;}
      |                  ^~~~~~~~
/home/conner/Documents/GitHub/Project-Judas/tools/AudioDemo.cpp:20:30: error: expected primary-expression before ‘const’
   20 | SceneObject Zone(EntityId id,const char* name,glm::vec3 p,const char* asset,glm::vec3 half){SceneObject o;o.id=id;o.name=name;o.transform.position=p;o.audioZone=SceneAudioZoneComponent{};o.audioZone->asset=asset;o.audioZone->shape=SceneRegionShape::Box;o.audioZone->halfExtents=half;return o;}
      |                              ^~~~~
/home/conner/Documents/GitHub/Project-Judas/tools/AudioDemo.cpp:20:57: error: expected primary-expression before ‘p’
   20 | SceneObject Zone(EntityId id,const char* name,glm::vec3 p,const char* asset,glm::vec3 half){SceneObject o;o.id=id;o.name=name;o.transform.position=p;o.audioZone=SceneAudioZoneComponent{};o.audioZone->asset=asset;o.audioZone->shape=SceneRegionShape::Box;o.audioZone->halfExtents=half;return o;}
      |                                                         ^
/home/conner/Documents/GitHub/Project-Judas/tools/AudioDemo.cpp:20:59: error: expected primary-expression before ‘const’
   20 | SceneObject Zone(EntityId id,const char* name,glm::vec3 p,const char* asset,glm::vec3 half){SceneObject o;o.id=id;o.name=name;o.transform.position=p;o.audioZone=SceneAudioZoneComponent{};o.audioZone->asset=asset;o.audioZone->shape=SceneRegionShape::Box;o.audioZone->halfExtents=half;return o;}
      |                                                           ^~~~~
/home/conner/Documents/GitHub/Project-Judas/tools/AudioDemo.cpp:20:87: error: expected primary-expression before ‘half’
   20 | SceneObject Zone(EntityId id,const char* name,glm::vec3 p,const char* asset,glm::vec3 half){SceneObject o;o.id=id;o.name=name;o.transform.position=p;o.audioZone=SceneAudioZoneComponent{};o.audioZone->asset=asset;o.audioZone->shape=SceneRegionShape::Box;o.audioZone->halfExtents=half;return o;}
      |                                                                                       ^~~~
/home/conner/Documents/GitHub/Project-Judas/tools/AudioDemo.cpp:20:92: error: expected ‘,’ or ‘;’ before ‘{’ token
   20 | SceneObject Zone(EntityId id,const char* name,glm::vec3 p,const char* asset,glm::vec3 half){SceneObject o;o.id=id;o.name=name;o.transform.position=p;o.audioZone=SceneAudioZoneComponent{};o.audioZone->asset=asset;o.audioZone->shape=SceneRegionShape::Box;o.audioZone->halfExtents=half;return o;}
      |                                                                                            ^
/home/conner/Documents/GitHub/Project-Judas/tools/AudioDemo.cpp: In function ‘int main()’:
/home/conner/Documents/GitHub/Project-Judas/tools/AudioDemo.cpp:30:20: error: no match for call to ‘(SceneObject) (int, const char [6], <brace-enclosed initializer list>, <brace-enclosed initializer list>, <brace-enclosed initializer list>)’
   30 |  s.InsertObject(Box(1,"Floor",{0,-.5,0},{24,.5,24},{.16,.19,.22}));
      |                 ~~~^~~~~~~~~~~~~~~~~~~~~~~~~~~~~~~~~~~~~~~~~~~~~~
/home/conner/Documents/GitHub/Project-Judas/tools/AudioDemo.cpp:33:23: error: no match for call to ‘(SceneObject) (int, const char [20], <brace-enclosed initializer list>, const char*&, bool, const char [6], double, bool)’
   33 |  s.InsertObject(Source(20,"Long original music",{},music,true,"music",.14,false));
      |                 ~~~~~~^~~~~~~~~~~~~~~~~~~~~~~~~~~~~~~~~~~~~~~~~~~~~~~~~~~~~~~~~~
/home/conner/Documents/GitHub/Project-Judas/tools/AudioDemo.cpp:34:20: error: no match for call to ‘(SceneObject) (int, const char [12], <brace-enclosed initializer list>, const char*&, bool, const char [8], double)’
   34 |  auto moving=Source(21,"Moving tone",{0,2,-4},tone,false,"effects",.18);moving.audioEmitter->doppler=1;moving.render=SceneRenderComponent{};moving.render->shape=SceneShape::Sphere;moving.render->color={1,.45,.1};s.InsertObject(moving);
      |              ~~~~~~^~~~~~~~~~~~~~~~~~~~~~~~~~~~~~~~~~~~~~~~~~~~~~~~~~~~
/home/conner/Documents/GitHub/Project-Judas/tools/AudioDemo.cpp:35:20: error: no match for call to ‘(SceneObject) (int, const char [23], <brace-enclosed initializer list>, const char*&, bool, const char [8], double)’
   35 |  auto source=Source(22,"Noise behind real door",{-8,1.5,-5},noise,true,"effects",.16);source.audioEmitter->occlusion=true;source.audioEmitter->send=.65;source.audioEmitter->attenuation=AudioAttenuation::Inverse;source.audioEmitter->maximumDistance=60;source.render=SceneRenderComponent{};source.render->color={.2,.8,.3};s.InsertObject(source);
      |              ~~~~~~^~~~~~~~~~~~~~~~~~~~~~~~~~~~~~~~~~~~~~~~~~~~~~~~~~~~~~~~~~~~~~~~~~
/home/conner/Documents/GitHub/Project-Judas/tools/AudioDemo.cpp:36:17: error: no match for call to ‘(SceneObject) (int, const char [15], <brace-enclosed initializer list>, const char*&, bool, const char [8], double, bool)’
   36 |  auto hit=Source(23,"Reverb impulse",{},pulse,false,"effects",.25,false);hit.audioEmitter->playOnStart=false;hit.audioEmitter->loop=false;hit.audioEmitter->send=1;s.InsertObject(hit);
      |           ~~~~~~^~~~~~~~~~~~~~~~~~~~~~~~~~~~~~~~~~~~~~~~~~~~~~~~~~~~~~~~
/home/conner/Documents/GitHub/Project-Judas/tools/AudioDemo.cpp:37:19: error: no match for call to ‘(SceneObject) (int, const char [9], <brace-enclosed initializer list>, const char*&, bool, const char [3], double, bool)’
   37 |  auto click=Source(24,"UI click",{},pulse,false,"ui",.1,false);click.audioEmitter->playOnStart=false;click.audioEmitter->loop=false;s.InsertObject(click);
      |             ~~~~~~^~~~~~~~~~~~~~~~~~~~~~~~~~~~~~~~~~~~~~~~~~~~
/home/conner/Documents/GitHub/Project-Judas/tools/AudioDemo.cpp:38:20: error: no match for call to ‘(SceneObject) (int, const char [10], <brace-enclosed initializer list>, <brace-enclosed initializer list>, <brace-enclosed initializer list>)’
   38 |  s.InsertObject(Box(30,"Wall left",{-11,2,0},{2,2,.3},{.3,.35,.4}));s.InsertObject(Box(31,"Wall right",{-5,2,0},{2,2,.3},{.3,.35,.4}));s.InsertObject(Box(32,"Door header",{-8,3.5,0},{1, .5,.3},{.3,.35,.4}));
      |                 ~~~^~~~~~~~~~~~~~~~~~~~~~~~~~~~~~~~~~~~~~~~~~~~~~~
/home/conner/Documents/GitHub/Project-Judas/tools/AudioDemo.cpp:38:87: error: no match for call to ‘(SceneObject) (int, const char [11], <brace-enclosed initializer list>, <brace-enclosed initializer list>, <brace-enclosed initializer list>)’
   38 |  s.InsertObject(Box(30,"Wall left",{-11,2,0},{2,2,.3},{.3,.35,.4}));s.InsertObject(Box(31,"Wall right",{-5,2,0},{2,2,.3},{.3,.35,.4}));s.InsertObject(Box(32,"Door header",{-8,3.5,0},{1, .5,.3},{.3,.35,.4}));
      |                                                                                    ~~~^~~~~~~~~~~~~~~~~~~~~~~~~~~~~~~~~~~~~~~~~~~~~~~
/home/conner/Documents/GitHub/Project-Judas/tools/AudioDemo.cpp:38:154: error: no match for call to ‘(SceneObject) (int, const char [12], <brace-enclosed initializer list>, <brace-enclosed initializer list>, <brace-enclosed initializer list>)’
   38 |  s.InsertObject(Box(30,"Wall left",{-11,2,0},{2,2,.3},{.3,.35,.4}));s.InsertObject(Box(31,"Wall right",{-5,2,0},{2,2,.3},{.3,.35,.4}));s.InsertObject(Box(32,"Door header",{-8,3.5,0},{1, .5,.3},{.3,.35,.4}));
      |                                                                                                                                                       ~~~^~~~~~~~~~~~~~~~~~~~~~~~~~~~~~~~~~~~~~~~~~~~~~~~~~~~
/home/conner/Documents/GitHub/Project-Judas/tools/AudioDemo.cpp:39:15: error: no match for call to ‘(SceneObject) (int, const char [14], <brace-enclosed initializer list>, <brace-enclosed initializer list>, <brace-enclosed initializer list>)’
   39 |  auto door=Box(33,"Physical door",{-8,1.5,0},{1,1.5,.15},{.6,.32,.1});door.body->motion=SceneBodyMotion::Dynamic;door.body->mass=12;door.body->managed=true;s.InsertObject(door);
      |            ~~~^~~~~~~~~~~~~~~~~~~~~~~~~~~~~~~~~~~~~~~~~~~~~~~~~~~~~~~
/home/conner/Documents/GitHub/Project-Judas/tools/AudioDemo.cpp:41:21: error: no match for call to ‘(SceneObject) (int, const char [12], <brace-enclosed initializer list>, const char*&, <brace-enclosed initializer list>)’
   41 |  s.InsertObject(Zone(40,"Hall reverb",{-8,2,-5},hall,{5,3,6}));s.InsertObject(Zone(41,"Small damped booth",{8,2,-5},booth,{5,3,6}));
      |                 ~~~~^~~~~~~~~~~~~~~~~~~~~~~~~~~~~~~~~~~~~~~~~
/home/conner/Documents/GitHub/Project-Judas/tools/AudioDemo.cpp:41:83: error: no match for call to ‘(SceneObject) (int, const char [19], <brace-enclosed initializer list>, const char*&, <brace-enclosed initializer list>)’
   41 |  s.InsertObject(Zone(40,"Hall reverb",{-8,2,-5},hall,{5,3,6}));s.InsertObject(Zone(41,"Small damped booth",{8,2,-5},booth,{5,3,6}));
      |                                                                               ~~~~^~~~~~~~~~~~~~~~~~~~~~~~~~~~~~~~~~~~~~~~~~~~~~~~
/home/conner/Documents/GitHub/Project-Judas/tools/AudioDemo.cpp:42:20: error: no match for call to ‘(SceneObject) (int, const char [12], <brace-enclosed initializer list>, <brace-enclosed initializer list>, <brace-enclosed initializer list>)’
   42 |  s.InsertObject(Box(42,"Hall marker",{-8,.1,-5},{4,.1,4},{.2,.35,.6}));s.InsertObject(Box(43,"Booth marker",{8,.1,-5},{4,.1,4},{.6,.3,.2}));
      |                 ~~~^~~~~~~~~~~~~~~~~~~~~~~~~~~~~~~~~~~~~~~~~~~~~~~~~~
/home/conner/Documents/GitHub/Project-Judas/tools/AudioDemo.cpp:42:90: error: no match for call to ‘(SceneObject) (int, const char [13], <brace-enclosed initializer list>, <brace-enclosed initializer list>, <brace-enclosed initializer list>)’
   42 |  s.InsertObject(Box(42,"Hall marker",{-8,.1,-5},{4,.1,4},{.2,.35,.6}));s.InsertObject(Box(43,"Booth marker",{8,.1,-5},{4,.1,4},{.6,.3,.2}));
      |                                                                                       ~~~^~~~~~~~~~~~~~~~~~~~~~~~~~~~~~~~~~~~~~~~~~~~~~~~~
/home/conner/Documents/GitHub/Project-Judas/tools/AudioDemo.cpp:53:120: error: no match for call to ‘(SceneObject) (int, const char [22], <brace-enclosed initializer list>, const char*&, bool, const char [6], double, bool)’
   53 |  Scene bootstrap;if(!LoadSceneFromFile(range.StartupScenePath(),bootstrap,error))return 1;bootstrap.InsertObject(Source(610,"Persistent root music",{},music,true,"music",.12,false));for(auto& o:bootstrap.Objects())if(o.audioEmitter&&o.id!=610)o.audioEmitter->group="effects";if(!SaveSceneToFile(bootstrap,range.StartupScenePath(),error))return 1;
      |                                                                                                                  ~~~~~~^~~~~~~~~~~~~~~~~~~~~~~~~~~~~~~~~~~~~~~~~~~~~~~~~~~~~~~~~~~~~
/home/conner/Documents/GitHub/Project-Judas/tools/AudioDemo.cpp:54:200: error: no match for call to ‘(SceneObject) (int, const char [22], <brace-enclosed initializer list>, const char*&, bool, const char [8], double)’
   54 |  for(unsigned i=0;i<6;++i){auto path=fs::path(range.ScenesDir())/("gallery-"+std::to_string(i)+".judas");Scene gallery;if(!LoadSceneFromFile(path.string(),gallery,error))return 1;auto ambience=Source(610,"Region-local ambience",{0,2,-5},noise,true,"effects",.08);ambience.audioEmitter->occlusion=true;ambience.audioEmitter->send=.5;ambience.audioEmitter->attenuation=AudioAttenuation::Inverse;ambience.audioEmitter->maximumDistance=30;gallery.InsertObject(ambience);gallery.InsertObject(Zone(611,"Gallery acoustics",{},i%2?booth:hall,{11,4,11}));if(auto* prop=gallery.Find(30)){prop->audioEmitter=SceneAudioEmitterComponent{};prop->audioEmitter->asset=tone;prop->audioEmitter->playOnStart=true;prop->audioEmitter->loop=true;prop->audioEmitter->volume=.03;prop->audioEmitter->group="effects";prop->audioEmitter->doppler=1;prop->audioEmitter->send=.4;prop->audioEmitter->occlusion=true;}if(!SaveSceneToFile(gallery,path.string(),error))return 1;}
      |                                                                                                                                                                                                  ~~~~~~^~~~~~~~~~~~~~~~~~~~~~~~~~~~~~~~~~~~~~~~~~~~~~~~~~~~~~~~~~~~~~~
/home/conner/Documents/GitHub/Project-Judas/tools/AudioDemo.cpp:54:492: error: no match for call to ‘(SceneObject) (int, const char [18], <brace-enclosed initializer list>, const char*&, <brace-enclosed initializer list>)’
   54 |  for(unsigned i=0;i<6;++i){auto path=fs::path(range.ScenesDir())/("gallery-"+std::to_string(i)+".judas");Scene gallery;if(!LoadSceneFromFile(path.string(),gallery,error))return 1;auto ambience=Source(610,"Region-local ambience",{0,2,-5},noise,true,"effects",.08);ambience.audioEmitter->occlusion=true;ambience.audioEmitter->send=.5;ambience.audioEmitter->attenuation=AudioAttenuation::Inverse;ambience.audioEmitter->maximumDistance=30;gallery.InsertObject(ambience);gallery.InsertObject(Zone(611,"Gallery acoustics",{},i%2?booth:hall,{11,4,11}));if(auto* prop=gallery.Find(30)){prop->audioEmitter=SceneAudioEmitterComponent{};prop->audioEmitter->asset=tone;prop->audioEmitter->playOnStart=true;prop->audioEmitter->loop=true;prop->audioEmitter->volume=.03;prop->audioEmitter->group="effects";prop->audioEmitter->doppler=1;prop->audioEmitter->send=.4;prop->audioEmitter->occlusion=true;}if(!SaveSceneToFile(gallery,path.string(),error))return 1;}
      |                                                                                                                                                                                                                                                                                                                                                                                                                                                                                                        ~~~~^~~~~~~~~~~~~~~~~~~~~~~~~~~~~~~~~~~~~~~~~~~~~~~~~~~~~
gmake[3]: *** [CMakeFiles/judas_audio_demo.dir/build.make:79: CMakeFiles/judas_audio_demo.dir/tools/AudioDemo.cpp.o] Error 1
gmake[2]: *** [CMakeFiles/Makefile2:6249: CMakeFiles/judas_audio_demo.dir/all] Error 2
gmake[1]: *** [CMakeFiles/Makefile2:6256: CMakeFiles/judas_audio_demo.dir/rule] Error 2
gmake: *** [Makefile:2048: judas_audio_demo] Error 2
