[  0%] Built target judas_icu_build
[  4%] Built target judas_quickjs
[  9%] Built target judas_app_icon
[ 28%] Built target freetype
[ 28%] Built target judas_profiler
[ 33%] Built target judas_glad
[ 42%] Built target judas_navigation_backend
[ 42%] Built target judas_audio_backend
[ 42%] Built target judas_materials
[ 42%] Built target harfbuzz
[ 42%] Building CXX object CMakeFiles/judas_engine.dir/src/LiquidSystem.cpp.o
[ 42%] Building CXX object CMakeFiles/judas_engine.dir/src/NavigationSystem.cpp.o
[ 47%] Building CXX object CMakeFiles/judas_engine.dir/src/WorldAnimation.cpp.o
[ 47%] Building CXX object CMakeFiles/judas_engine.dir/src/WorldRagdoll.cpp.o
[ 47%] Building CXX object CMakeFiles/judas_engine.dir/src/WorldCharacter.cpp.o
[ 47%] Building CXX object CMakeFiles/judas_engine.dir/src/WorldStreaming.cpp.o
[ 47%] Building CXX object CMakeFiles/judas_engine.dir/src/WorldRegions.cpp.o
[ 47%] Building CXX object CMakeFiles/judas_engine.dir/src/WorldScripts.cpp.o
[ 52%] Building CXX object CMakeFiles/judas_engine.dir/src/ScriptSystem.cpp.o
/home/conner/Documents/GitHub/Project-Judas/src/ScriptSystem.cpp: In static member function ‘static JSValue ScriptSystem::Impl::Native(JSContext*, JSValue, int, JSValue*)’:
/home/conner/Documents/GitHub/Project-Judas/src/ScriptSystem.cpp:386:13: warning: this ‘for’ clause does not guard... [-Wmisleading-indentation]
  386 |             for(auto item:{std::pair<const char*,double>{"voices",double(d.voices)},{"streams",double(d.streams)},{"bufferedBytes",double(d.bufferedBytes)},{"streamBytes",double(d.streamBytes)},{"streamHighWater",double(d.streamHighWater)},{"pendingRetirements",double(d.pendingRetirements)},{"reverbProcessors",double(d.reverbProcessors)},{"underruns",double(d.underruns)},{"decodedFrames",double(d.decodedFrames)},{"occlusionQueries",double(world.AudioQueryCount())},{"maximumDetachMilliseconds",d.maximumDetachMilliseconds}})JS_SetPropertyStr(c,o,item.first,JS_NewFloat64(c,item.second));return o;
      |             ^~~
/home/conner/Documents/GitHub/Project-Judas/src/ScriptSystem.cpp:386:592: note: ...this statement, but the latter is misleadingly indented as if it were guarded by the ‘for’
  386 |             for(auto item:{std::pair<const char*,double>{"voices",double(d.voices)},{"streams",double(d.streams)},{"bufferedBytes",double(d.bufferedBytes)},{"streamBytes",double(d.streamBytes)},{"streamHighWater",double(d.streamHighWater)},{"pendingRetirements",double(d.pendingRetirements)},{"reverbProcessors",double(d.reverbProcessors)},{"underruns",double(d.underruns)},{"decodedFrames",double(d.decodedFrames)},{"occlusionQueries",double(world.AudioQueryCount())},{"maximumDetachMilliseconds",d.maximumDetachMilliseconds}})JS_SetPropertyStr(c,o,item.first,JS_NewFloat64(c,item.second));return o;
      |                                                                                                                                                                                                                                                                                                                                                                                                                                                                                                                                                                                                                ^~~~~~
/home/conner/Documents/GitHub/Project-Judas/src/ScriptSystem.cpp:388:9: warning: this ‘if’ clause does not guard... [-Wmisleading-indentation]
  388 |         if(!JS_IsString(arg(1)))return JS_ThrowTypeError(c,"sound group name required");auto name=String(c,arg(1));AudioGroupSettings group;
      |         ^~
/home/conner/Documents/GitHub/Project-Judas/src/ScriptSystem.cpp:388:89: note: ...this statement, but the latter is misleadingly indented as if it were guarded by the ‘if’
  388 |         if(!JS_IsString(arg(1)))return JS_ThrowTypeError(c,"sound group name required");auto name=String(c,arg(1));AudioGroupSettings group;
      |                                                                                         ^~~~
[ 52%] Building CXX object CMakeFiles/judas_engine.dir/src/WorldAudio.cpp.o
/home/conner/Documents/GitHub/Project-Judas/src/ScriptSystem.cpp:781:9: warning: this ‘for’ clause does not guard... [-Wmisleading-indentation]
  781 |         for(auto item:{std::pair<const char*,double>{"bufferBytes",double(snapshot.bufferBytes)},{"underruns",double(snapshot.underruns)},{"dopplerRatio",snapshot.dopplerRatio},{"occlusionGain",snapshot.occlusionGain},{"cutoff",snapshot.cutoff},{"distanceGain",snapshot.distanceGain}})JS_SetPropertyStr(c,o,item.first,JS_NewFloat64(c,item.second));return o;}return JS_NULL;}
      |         ^~~
/home/conner/Documents/GitHub/Project-Judas/src/ScriptSystem.cpp:781:349: note: ...this statement, but the latter is misleadingly indented as if it were guarded by the ‘for’
  781 |         for(auto item:{std::pair<const char*,double>{"bufferBytes",double(snapshot.bufferBytes)},{"underruns",double(snapshot.underruns)},{"dopplerRatio",snapshot.dopplerRatio},{"occlusionGain",snapshot.occlusionGain},{"cutoff",snapshot.cutoff},{"distanceGain",snapshot.distanceGain}})JS_SetPropertyStr(c,o,item.first,JS_NewFloat64(c,item.second));return o;}return JS_NULL;}
      |                                                                                                                                                                                                                                                                                                                                                             ^~~~~~
/home/conner/Documents/GitHub/Project-Judas/src/WorldAudio.cpp: In member function ‘void RuntimeWorld::UpdateAudio(const glm::mat4&, float, float)’:
/home/conner/Documents/GitHub/Project-Judas/src/WorldAudio.cpp:58:4: warning: this ‘if’ clause does not guard... [-Wmisleading-indentation]
   58 |    if(!error.empty()&&error!="loading"&&error!=e.error)std::fprintf(stderr,"audio emitter %llu: %s\n",static_cast<unsigned long long>(e.id),error.c_str());e.error=error;
      |    ^~
/home/conner/Documents/GitHub/Project-Judas/src/WorldAudio.cpp:58:156: note: ...this statement, but the latter is misleadingly indented as if it were guarded by the ‘if’
   58 |    if(!error.empty()&&error!="loading"&&error!=e.error)std::fprintf(stderr,"audio emitter %llu: %s\n",static_cast<unsigned long long>(e.id),error.c_str());e.error=error;
      |                                                                                                                                                            ^
/home/conner/Documents/GitHub/Project-Judas/src/WorldAudio.cpp:71:3: warning: this ‘for’ clause does not guard... [-Wmisleading-indentation]
   71 |   for(auto& e:m_audioEmitters)if(e.id==it->first){glm::vec3 p;glm::quat q;if(!e.settings.enabled||!Pose(*this,e.id,e.transform,alpha,p,q)){m_audioSystem->DestroyVoice(it->second);break;}auto once=static_cast<AudioSettings>(e.settings);once.loop=false;m_audioSystem->SetSettings(it->second,once);m_audioSystem->SetPosition(it->second,p);m_audioSystem->SetMotion(it->second,e.explicitVelocity.value_or(Motion(*this,e.id,p,e.lastPosition,dt,e.motionValid)));m_audioSystem->SetOcclusion(it->second,e.obstruction);break;}++it;
      |   ^~~
/home/conner/Documents/GitHub/Project-Judas/src/WorldAudio.cpp:71:517: note: ...this statement, but the latter is misleadingly indented as if it were guarded by the ‘for’
   71 |   for(auto& e:m_audioEmitters)if(e.id==it->first){glm::vec3 p;glm::quat q;if(!e.settings.enabled||!Pose(*this,e.id,e.transform,alpha,p,q)){m_audioSystem->DestroyVoice(it->second);break;}auto once=static_cast<AudioSettings>(e.settings);once.loop=false;m_audioSystem->SetSettings(it->second,once);m_audioSystem->SetPosition(it->second,p);m_audioSystem->SetMotion(it->second,e.explicitVelocity.value_or(Motion(*this,e.id,p,e.lastPosition,dt,e.motionValid)));m_audioSystem->SetOcclusion(it->second,e.obstruction);break;}++it;
      |                                                                                                                                                                                                                                                                                                                                                                                                                                                                                                                                     ^~
/home/conner/Documents/GitHub/Project-Judas/src/WorldAudio.cpp:90:3: warning: this ‘if’ clause does not guard... [-Wmisleading-indentation]
   90 |   if(inside<=0)continue;float contribution=z.settings.amount*(z.settings.blendDistance>0?glm::clamp(inside/z.settings.blendDistance,0.f,1.f):1.f);
      |   ^~
/home/conner/Documents/GitHub/Project-Judas/src/WorldAudio.cpp:90:25: note: ...this statement, but the latter is misleadingly indented as if it were guarded by the ‘if’
   90 |   if(inside<=0)continue;float contribution=z.settings.amount*(z.settings.blendDistance>0?glm::clamp(inside/z.settings.blendDistance,0.f,1.f):1.f);
      |                         ^~~~~
[ 52%] Building CXX object CMakeFiles/judas_engine.dir/src/ProductionFluidCoupling.cpp.o
[ 52%] Building CXX object CMakeFiles/judas_engine.dir/src/Project.cpp.o
[ 52%] Building CXX object CMakeFiles/judas_engine.dir/src/WorldDebugView.cpp.o
[ 52%] Building CXX object CMakeFiles/judas_engine.dir/src/SceneSession.cpp.o
[ 52%] Building CXX object CMakeFiles/judas_engine.dir/src/RuntimeWorld.cpp.o
[ 57%] Building CXX object CMakeFiles/judas_engine.dir/src/GameSession.cpp.o
[ 57%] Building CXX object CMakeFiles/judas_engine.dir/src/Simulation.cpp.o
[ 57%] Building CXX object CMakeFiles/judas_engine.dir/src/WorldPresentation.cpp.o
[ 57%] Building CXX object CMakeFiles/judas_engine.dir/src/GameplayHud.cpp.o
[ 57%] Building CXX object CMakeFiles/judas_engine.dir/src/InteractivePlay.cpp.o
[ 57%] Building CXX object CMakeFiles/judas_engine.dir/src/CoarseSimulation.cpp.o
[ 57%] Building CXX object CMakeFiles/judas_engine.dir/src/WorldState.cpp.o
[ 57%] Linking CXX static library libjudas_engine.a
[100%] Built target judas_engine
[100%] Linking CXX executable judas_audio_demo
[100%] Built target judas_audio_demo
[  4%] Built target judas_quickjs
[  9%] Built target judas_icu_build
[  9%] Built target judas_app_icon
[ 27%] Built target freetype
[ 31%] Built target judas_glad
[ 31%] Built target judas_profiler
[ 40%] Built target judas_navigation_backend
[ 40%] Built target judas_audio_backend
[ 40%] Built target judas_materials
[ 40%] Built target harfbuzz
[ 95%] Built target judas_engine
[ 95%] Building CXX object CMakeFiles/judasjs_examples_tests.dir/tests/JudasJSExamplesTests.cpp.o
[100%] Linking CXX executable judasjs_examples_tests
[100%] Built target judasjs_examples_tests
[  0%] Built target judas_icu_build
[  9%] Built target judas_quickjs
[  9%] Built target judas_app_icon
[ 28%] Built target freetype
[ 33%] Built target judas_glad
[ 33%] Built target judas_profiler
[ 42%] Built target judas_navigation_backend
[ 42%] Built target judas_audio_backend
[ 42%] Built target judas_materials
[ 42%] Built target harfbuzz
[100%] Built target judas_engine
[100%] Building CXX object CMakeFiles/judas_audio_acoustics_tests.dir/tests/AudioAcousticsTests.cpp.o
/home/conner/Documents/GitHub/Project-Judas/tests/AudioAcousticsTests.cpp: In function ‘int main(int, char**)’:
/home/conner/Documents/GitHub/Project-Judas/tests/AudioAcousticsTests.cpp:36:3: warning: this ‘for’ clause does not guard... [-Wmisleading-indentation]
   36 |   for(double t:{2.,50.,5.})Check(a.Seek(v,t),"rapid seek accepted");Check(WaitReady(a,v),"only latest rapid seek generation readies");a.Snapshot(v,snap);Check(std::abs(snap.positionSeconds-5)<.001,"rapid seek final target wins");
      |   ^~~
/home/conner/Documents/GitHub/Project-Judas/tests/AudioAcousticsTests.cpp:36:69: note: ...this statement, but the latter is misleadingly indented as if it were guarded by the ‘for’
   36 |   for(double t:{2.,50.,5.})Check(a.Seek(v,t),"rapid seek accepted");Check(WaitReady(a,v),"only latest rapid seek generation readies");a.Snapshot(v,snap);Check(std::abs(snap.positionSeconds-5)<.001,"rapid seek final target wins");
      |                                                                     ^~~~~
[100%] Linking CXX executable judas_audio_acoustics_tests
[100%] Built target judas_audio_acoustics_tests
