[  4%] Built target judas_quickjs
[  4%] Built target judas_app_icon
[  9%] Built target judas_icu_build
[ 28%] Built target freetype
[ 33%] Built target judas_glad
[ 33%] Built target judas_profiler
[ 38%] Built target judas_navigation_backend
[ 38%] Built target judas_audio_backend
[ 42%] Built target judas_materials
[ 42%] Built target harfbuzz
[ 42%] Building CXX object CMakeFiles/judas_engine.dir/src/TextLayout.cpp.o
[ 42%] Building CXX object CMakeFiles/judas_engine.dir/src/LiquidTypes.cpp.o
[ 42%] Building CXX object CMakeFiles/judas_engine.dir/src/Environment.cpp.o
[ 42%] Building CXX object CMakeFiles/judas_engine.dir/src/NavigationAsset.cpp.o
[ 42%] Building CXX object CMakeFiles/judas_engine.dir/src/WorldStreaming.cpp.o
[ 42%] Building CXX object CMakeFiles/judas_engine.dir/src/ScriptSystem.cpp.o
[ 42%] Building CXX object CMakeFiles/judas_engine.dir/src/ProjectExporter.cpp.o
[ 42%] Building CXX object CMakeFiles/judas_engine.dir/src/AudioEnvironment.cpp.o
[ 47%] Building CXX object CMakeFiles/judas_engine.dir/src/SceneFingerprint.cpp.o
[ 52%] Building CXX object CMakeFiles/judas_engine.dir/src/RuntimeWorld.cpp.o
[ 52%] Building CXX object CMakeFiles/judas_engine.dir/src/InteractivePlay.cpp.o
[ 57%] Building CXX object CMakeFiles/judas_engine.dir/src/WorldState.cpp.o
[ 57%] Linking CXX static library libjudas_engine.a
[100%] Built target judas_engine
[100%] Linking CXX executable judas_audio_world_tests
[100%] Built target judas_audio_world_tests
[  4%] Built target judas_icu_build
[  9%] Built target judas_app_icon
[  9%] Built target judas_quickjs
[ 28%] Built target freetype
[ 33%] Built target judas_profiler
[ 33%] Built target judas_glad
[ 38%] Built target judas_navigation_backend
[ 38%] Built target judas_audio_backend
[ 42%] Built target judas_materials
[ 42%] Built target harfbuzz
[100%] Built target judas_engine
[100%] Building CXX object CMakeFiles/judas_audio_acoustics_tests.dir/tests/AudioAcousticsTests.cpp.o
[100%] Linking CXX executable judas_audio_acoustics_tests
[100%] Built target judas_audio_acoustics_tests
[  4%] Built target judas_icu_build
[  9%] Built target judas_quickjs
[  9%] Built target judas_app_icon
[ 27%] Built target freetype
[ 31%] Built target judas_profiler
[ 31%] Built target judas_glad
[ 36%] Built target judas_navigation_backend
[ 36%] Built target judas_audio_backend
[ 40%] Built target judas_materials
[ 40%] Built target harfbuzz
[ 95%] Built target judas_engine
[ 95%] Building CXX object CMakeFiles/judas_audio_tests.dir/tests/AudioTests.cpp.o
[ 95%] Linking CXX executable judas_audio_tests
[100%] Built target judas_audio_tests
[  9%] Built target judas_app_icon
[  9%] Built target judas_quickjs
[  9%] Built target judas_icu_build
[ 27%] Built target freetype
[ 27%] Built target judas_profiler
[ 31%] Built target judas_glad
[ 36%] Built target judas_navigation_backend
[ 36%] Built target judas_audio_backend
[ 40%] Built target judas_materials
[ 40%] Built target harfbuzz
[ 95%] Built target judas_engine
[100%] Linking CXX executable judasjs_examples_tests
[100%] Built target judasjs_examples_tests
[  4%] Built target judas_icu_build
[  4%] Built target judas_quickjs
[  8%] Built target judas_app_icon
[ 25%] Built target freetype
[ 29%] Built target judas_glad
[ 33%] Built target judas_navigation_backend
[ 33%] Built target judas_profiler
[ 33%] Built target judas_audio_backend
[ 37%] Built target judas_materials
[ 37%] Built target harfbuzz
[ 37%] Built target judas_imgui
[ 87%] Built target judas_engine
[ 95%] Built target judas_navigation_baker
[100%] Building CXX object CMakeFiles/judas_editor.dir/src/editor/EditorApplication.cpp.o
[100%] Linking CXX executable judas_editor
[100%] Built target judas_editor
[  4%] Built target judas_quickjs
[  4%] Built target judas_icu_build
[  9%] Built target judas_app_icon
[ 27%] Built target freetype
[ 31%] Built target judas_glad
[ 36%] Built target judas_navigation_backend
[ 36%] Built target judas_profiler
[ 36%] Built target judas_audio_backend
[ 36%] Built target harfbuzz
[ 40%] Built target judas_materials
[ 95%] Built target judas_engine
[100%] Building CXX object CMakeFiles/judas.dir/src/Application.cpp.o
[100%] Building CXX object CMakeFiles/judas.dir/src/RuntimeDiagnostics.cpp.o
[100%] Building CXX object CMakeFiles/judas.dir/src/RuntimeOptions.cpp.o
[100%] Building CXX object CMakeFiles/judas.dir/src/TestHarness.cpp.o
[100%] Building CXX object CMakeFiles/judas.dir/src/main.cpp.o
[100%] Linking CXX executable judas
[100%] Built target judas
[  4%] Built target judas_icu_build
[  9%] Built target judas_app_icon
[  9%] Built target judas_quickjs
[ 28%] Built target freetype
[ 38%] Built target judas_navigation_backend
[ 38%] Built target judas_glad
[ 38%] Built target judas_profiler
[ 38%] Built target judas_audio_backend
[ 42%] Built target judas_materials
[ 42%] Built target harfbuzz
[100%] Built target judas_engine
[100%] Building CXX object CMakeFiles/judas_scene_fingerprint_tests.dir/tests/SceneFingerprintTests.cpp.o
[100%] Linking CXX executable judas_scene_fingerprint_tests
[100%] Built target judas_scene_fingerprint_tests
