[  4%] Built target judas_icu_build
[  4%] Built target judas_quickjs
[  9%] Built target judas_app_icon
[ 28%] Built target freetype
[ 33%] Built target judas_glad
[ 38%] Built target judas_navigation_backend
[ 38%] Built target judas_profiler
[ 38%] Built target judas_audio_backend
[ 42%] Built target harfbuzz
[ 42%] Built target judas_materials
[100%] Built target judas_engine
[100%] Building CXX object CMakeFiles/judas_audio_world_tests.dir/tests/AudioWorldTests.cpp.o
[100%] Linking CXX executable judas_audio_world_tests
[100%] Built target judas_audio_world_tests
[  4%] Built target judas_icu_build
[  9%] Built target judas_app_icon
[  9%] Built target judas_quickjs
[ 28%] Built target freetype
[ 33%] Built target judas_glad
[ 38%] Built target judas_navigation_backend
[ 38%] Built target judas_profiler
[ 38%] Built target judas_audio_backend
[ 42%] Built target judas_materials
[ 42%] Built target harfbuzz
[100%] Built target judas_engine
[100%] Building CXX object CMakeFiles/judas_audio_acoustics_tests.dir/tests/AudioAcousticsTests.cpp.o
[100%] Linking CXX executable judas_audio_acoustics_tests
[100%] Built target judas_audio_acoustics_tests
[  4%] Built target judas_icu_build
[  9%] Built target judas_app_icon
[  9%] Built target judas_quickjs
[ 27%] Built target freetype
[ 31%] Built target judas_glad
[ 31%] Built target judas_profiler
[ 36%] Built target judas_navigation_backend
[ 36%] Built target judas_audio_backend
[ 40%] Built target judas_materials
[ 40%] Built target harfbuzz
[ 95%] Built target judas_engine
[ 95%] Building CXX object CMakeFiles/judasjs_examples_tests.dir/tests/JudasJSExamplesTests.cpp.o
[100%] Linking CXX executable judasjs_examples_tests
[100%] Built target judasjs_examples_tests
