PASS production audio without device
PASS normal current lab project
PASS normal audio fixture builds using authoritative colliders
PASS real resident collider sets obstruction gain/filter
PASS bounded query diagnostics from actual PhysicsWorld
PASS disabled/open collider restores unblocked targets
PASS existing collision include mask filters wall
PASS normal sensor geometry excluded from audio ray
PASS wall without entity wrapper still obstructs
PASS repeated buffered shots have independent voices
PASS component disable releases every owned one-shot
PASS full Stop cleans normal voices and effects
PASS attached emitter hierarchy
PASS rotating attached offset uses angular point velocity
PASS teleport resets motion instead of making pitch spike
PASS current streamed game project
PASS registered streamed root scene
PASS audio root through ordinary world path
PASS normal world manifest coordinator
PASS root music streaming cursor advances
PASS independent demands activate one gallery
PASS ordinary carry ownership adoption
PASS adopted buffered source finishes independent readiness
PASS root voice identity remains unchanged
PASS second demand keeps gallery active
PASS gallery unload reaches unloaded without decoder wait
PASS root music continues without restart/duplication
PASS adopted emitter keeps original voice after birthplace removal
PASS local stream resources retire after each trip
PASS independent demands activate one gallery
PASS root voice identity remains unchanged
PASS second demand keeps gallery active
PASS gallery unload reaches unloaded without decoder wait
PASS root music continues without restart/duplication
PASS adopted emitter keeps original voice after birthplace removal
PASS local stream resources retire after each trip
PASS independent demands activate one gallery
PASS root voice identity remains unchanged
PASS second demand keeps gallery active
PASS gallery unload reaches unloaded without decoder wait
PASS root music continues without restart/duplication
PASS adopted emitter keeps original voice after birthplace removal
PASS local stream resources retire after each trip
PASS cancelled preparation cannot resurrect stream
PASS whole-world teardown clears voices/retirements/zones
SUMMARY checks=45 failures=0
