PASS production audio without device
PASS normal current lab project
PASS normal audio fixture builds using authoritative colliders
PASS real resident collider sets obstruction gain/filter
PASS bounded query diagnostics from actual PhysicsWorld
PASS disabled/open collider restores unblocked targets
PASS existing collision include mask filters wall
PASS normal sensor geometry excluded from audio ray
PASS wall without entity wrapper still obstructs
PASS repeated buffered shots have independent voices
PASS component disable releases every owned one-shot
PASS full Stop cleans normal voices and effects
PASS attached emitter hierarchy
PASS rotating attached offset uses angular point velocity
PASS teleport resets motion instead of making pitch spike
PASS normal bounded performance world
WORKLOAD mode=0 voices=0 streams=0 PCM=0 buffered=384000 reverb=0 rays=0 retirements=0 underruns=0 audio_work_median_ms=0.00283 audio_work_p95_ms=0.00523 audio_work_max_ms=0.01668 control_median_ms=0.00198 control_p95_ms=0.00353 control_max_ms=0.01288 DSP_median_ms=0.00084 DSP_p95_ms=0.00162 DSP_max_ms=0.01134
PASS requested modest workload voices created
PASS normal bounded performance world
WORKLOAD mode=1 voices=8 streams=0 PCM=0 buffered=384000 reverb=0 rays=0 retirements=0 underruns=0 audio_work_median_ms=0.06880 audio_work_p95_ms=0.13030 audio_work_max_ms=0.17358 control_median_ms=0.00668 control_p95_ms=0.01404 control_max_ms=0.02266 DSP_median_ms=0.06104 DSP_p95_ms=0.12022 DSP_max_ms=0.15954
PASS requested modest workload voices created
PASS normal bounded performance world
WORKLOAD mode=2 voices=8 streams=1 PCM=131072 buffered=384000 reverb=1 rays=420 retirements=0 underruns=0 audio_work_median_ms=0.13742 audio_work_p95_ms=0.27374 audio_work_max_ms=1.05134 control_median_ms=0.01245 control_p95_ms=0.03088 control_max_ms=0.07546 DSP_median_ms=0.12523 DSP_p95_ms=0.25152 DSP_max_ms=1.02728
PASS requested modest workload voices created
PASS normal bounded performance world
WORKLOAD mode=3 voices=32 streams=1 PCM=131072 buffered=384000 reverb=1 rays=480 retirements=0 underruns=0 audio_work_median_ms=0.38991 audio_work_p95_ms=0.61048 audio_work_max_ms=1.02225 control_median_ms=0.02825 control_p95_ms=0.06849 control_max_ms=0.12492 DSP_median_ms=0.35330 DSP_p95_ms=0.57277 DSP_max_ms=0.99430
PASS requested modest workload voices created
PASS current streamed game project
PASS registered streamed root scene
PASS audio root through ordinary world path
PASS normal world manifest coordinator
PASS root music streaming cursor advances
PASS independent demands activate one gallery
PASS ordinary carry ownership adoption
PASS adopted buffered source finishes independent readiness
PASS root voice identity remains unchanged
PASS second demand keeps gallery active
PASS gallery unload reaches unloaded without decoder wait
PASS root music continues without restart/duplication
PASS adopted emitter keeps original voice after birthplace removal
PASS local stream resources retire after each trip
PASS independent demands activate one gallery
PASS root voice identity remains unchanged
PASS second demand keeps gallery active
PASS gallery unload reaches unloaded without decoder wait
PASS root music continues without restart/duplication
PASS adopted emitter keeps original voice after birthplace removal
PASS local stream resources retire after each trip
PASS independent demands activate one gallery
PASS root voice identity remains unchanged
PASS second demand keeps gallery active
PASS gallery unload reaches unloaded without decoder wait
PASS root music continues without restart/duplication
PASS adopted emitter keeps original voice after birthplace removal
PASS local stream resources retire after each trip
PASS cancelled preparation cannot resurrect stream
PASS whole-world teardown clears voices/retirements/zones
SUMMARY checks=53 failures=0
