[  4%] Built target judas_icu_build
[  4%] Built target judas_quickjs
[  9%] Built target judas_app_icon
[ 28%] Built target freetype
[ 33%] Built target judas_glad
[ 38%] Built target judas_navigation_backend
[ 38%] Built target judas_profiler
[ 38%] Built target judas_audio_backend
[ 42%] Built target judas_materials
[ 42%] Built target harfbuzz
[ 47%] Building CXX object CMakeFiles/judas_engine.dir/src/AudioStream.cpp.o
[ 47%] Building CXX object CMakeFiles/judas_engine.dir/src/AudioSystem.cpp.o
[ 47%] Building CXX object CMakeFiles/judas_engine.dir/src/WorldAudio.cpp.o
[ 47%] Linking CXX static library libjudas_engine.a
[100%] Built target judas_engine
[100%] Building CXX object CMakeFiles/judas_audio_world_tests.dir/tests/AudioWorldTests.cpp.o
[100%] Linking CXX executable judas_audio_world_tests
[100%] Built target judas_audio_world_tests
[  4%] Built target judas_icu_build
[  4%] Built target judas_quickjs
[  9%] Built target judas_app_icon
[ 28%] Built target freetype
[ 33%] Built target judas_glad
[ 33%] Built target judas_profiler
[ 38%] Built target judas_navigation_backend
[ 38%] Built target judas_audio_backend
[ 42%] Built target judas_materials
[ 42%] Built target harfbuzz
[100%] Built target judas_engine
[100%] Building CXX object CMakeFiles/judas_audio_acoustics_tests.dir/tests/AudioAcousticsTests.cpp.o
[100%] Linking CXX executable judas_audio_acoustics_tests
[100%] Built target judas_audio_acoustics_tests
[  4%] Built target judas_icu_build
[  4%] Built target judas_quickjs
[  9%] Built target judas_app_icon
[ 27%] Built target freetype
[ 31%] Built target judas_glad
[ 31%] Built target judas_profiler
[ 36%] Built target judas_navigation_backend
[ 36%] Built target judas_audio_backend
[ 40%] Built target judas_materials
[ 40%] Built target harfbuzz
[ 95%] Built target judas_engine
[100%] Building CXX object CMakeFiles/judas_audio_tests.dir/src/editor/EditorHistory.cpp.o
[100%] Building CXX object CMakeFiles/judas_audio_tests.dir/tests/AudioTests.cpp.o
[100%] Linking CXX executable judas_audio_tests
[100%] Built target judas_audio_tests
[  4%] Built target judas_icu_build
[  4%] Built target judas_quickjs
[  9%] Built target judas_app_icon
[ 27%] Built target freetype
[ 31%] Built target judas_glad
[ 31%] Built target judas_profiler
[ 36%] Built target judas_navigation_backend
[ 36%] Built target judas_audio_backend
[ 40%] Built target judas_materials
[ 40%] Built target harfbuzz
[ 95%] Built target judas_engine
[ 95%] Building CXX object CMakeFiles/judasjs_examples_tests.dir/tests/JudasJSExamplesTests.cpp.o
[100%] Linking CXX executable judasjs_examples_tests
[100%] Built target judasjs_examples_tests
[  4%] Built target judas_icu_build
[  4%] Built target judas_quickjs
[  8%] Built target judas_app_icon
[ 25%] Built target freetype
[ 29%] Built target judas_glad
[ 29%] Built target judas_profiler
[ 33%] Built target judas_navigation_backend
[ 33%] Built target judas_audio_backend
[ 37%] Built target judas_materials
[ 37%] Built target harfbuzz
[ 37%] Built target judas_imgui
[ 87%] Built target judas_engine
[ 91%] Building CXX object CMakeFiles/judas_navigation_baker.dir/src/NavigationBake.cpp.o
[ 91%] Linking CXX static library libjudas_navigation_baker.a
[ 95%] Built target judas_navigation_baker
[ 95%] Building CXX object CMakeFiles/judas_editor.dir/src/editor/ComponentEditors.cpp.o
[100%] Building CXX object CMakeFiles/judas_editor.dir/src/editor/EditorApplication.cpp.o
[100%] Building CXX object CMakeFiles/judas_editor.dir/src/editor/EditorHistory.cpp.o
[100%] Building CXX object CMakeFiles/judas_editor.dir/src/editor/EditorMain.cpp.o
[100%] Building CXX object CMakeFiles/judas_editor.dir/src/editor/EditorPanels.cpp.o
/home/conner/Documents/GitHub/Project-Judas/src/editor/ComponentEditors.cpp: In lambda function:
/home/conner/Documents/GitHub/Project-Judas/src/editor/ComponentEditors.cpp:122:5: error: use of ‘integer’ before deduction of ‘auto’
  122 |     integer("Capacity",e.maxParticles,1,100000);integer("Startup burst",e.burst,0,e.maxParticles);
      |     ^~~~~~~
/home/conner/Documents/GitHub/Project-Judas/src/editor/ComponentEditors.cpp:122:49: error: use of ‘integer’ before deduction of ‘auto’
  122 |     integer("Capacity",e.maxParticles,1,100000);integer("Startup burst",e.burst,0,e.maxParticles);
      |                                                 ^~~~~~~
/home/conner/Documents/GitHub/Project-Judas/src/editor/ComponentEditors.cpp: In function ‘void {anonymous}::DrawParticleEmitter(EditorDocument&, SceneObject&, EditorPanelState&)’:
/home/conner/Documents/GitHub/Project-Judas/src/editor/ComponentEditors.cpp:131:1: error: expected ‘,’ or ‘;’ before ‘void’
  131 | void DrawAudioEmitter(EditorDocument& doc,SceneObject& o,EditorPanelState& state){
      | ^~~~
/home/conner/Documents/GitHub/Project-Judas/src/editor/ComponentEditors.cpp:153:79: error: a function-definition is not allowed here before ‘{’ token
  153 | void DrawAudioZone(EditorDocument& doc,SceneObject& o,EditorPanelState& state){
      |                                                                               ^
/home/conner/Documents/GitHub/Project-Judas/src/editor/ComponentEditors.cpp:161:77: error: a function-definition is not allowed here before ‘{’ token
  161 | void DrawAudioListener(EditorDocument& doc,SceneObject& o,EditorPanelState&){
      |                                                                             ^
/home/conner/Documents/GitHub/Project-Judas/src/editor/ComponentEditors.cpp:166:85: error: a function-definition is not allowed here before ‘{’ token
  166 | void DrawRenderCamera(EditorDocument& doc, SceneObject& o, EditorPanelState& state) {
      |                                                                                     ^
/home/conner/Documents/GitHub/Project-Judas/src/editor/ComponentEditors.cpp:179:79: error: a function-definition is not allowed here before ‘{’ token
  179 | void DrawRender(EditorDocument& doc, SceneObject& o, EditorPanelState& state) {
      |                                                                               ^
/home/conner/Documents/GitHub/Project-Judas/src/editor/ComponentEditors.cpp:618:2: error: expected ‘}’ at end of input
  618 | }
      |  ^
/home/conner/Documents/GitHub/Project-Judas/src/editor/ComponentEditors.cpp:115:85: note: to match this ‘{’
  115 | void DrawParticleEmitter(EditorDocument& doc,SceneObject& o,EditorPanelState& state){
      |                                                                                     ^
/home/conner/Documents/GitHub/Project-Judas/src/editor/ComponentEditors.cpp: At global scope:
/home/conner/Documents/GitHub/Project-Judas/src/editor/ComponentEditors.cpp:618:2: error: expected ‘}’ at end of input
  618 | }
      |  ^
/home/conner/Documents/GitHub/Project-Judas/src/editor/ComponentEditors.cpp:18:11: note: to match this ‘{’
   18 | namespace {
      |           ^
/home/conner/Documents/GitHub/Project-Judas/src/editor/ComponentEditors.cpp:115:6: warning: ‘void {anonymous}::DrawParticleEmitter(EditorDocument&, SceneObject&, EditorPanelState&)’ defined but not used [-Wunused-function]
  115 | void DrawParticleEmitter(EditorDocument& doc,SceneObject& o,EditorPanelState& state){
      |      ^~~~~~~~~~~~~~~~~~~
/home/conner/Documents/GitHub/Project-Judas/src/editor/ComponentEditors.cpp:84:6: warning: ‘void {anonymous}::DrawScripts(EditorDocument&, SceneObject&, EditorPanelState&)’ defined but not used [-Wunused-function]
   84 | void DrawScripts(EditorDocument& doc,SceneObject& o,EditorPanelState& state){
      |      ^~~~~~~~~~~
/home/conner/Documents/GitHub/Project-Judas/src/editor/ComponentEditors.cpp:72:6: warning: ‘void {anonymous}::DrawCharacter(EditorDocument&, SceneObject&, EditorPanelState&)’ defined but not used [-Wunused-function]
   72 | void DrawCharacter(EditorDocument& doc,SceneObject& object,EditorPanelState& state){
      |      ^~~~~~~~~~~~~
/home/conner/Documents/GitHub/Project-Judas/src/editor/ComponentEditors.cpp:67:6: warning: ‘void {anonymous}::DrawUIComponent(EditorDocument&, SceneObject&, EditorPanelState&)’ defined but not used [-Wunused-function]
   67 | void DrawUIComponent(EditorDocument& doc,SceneObject& o,EditorPanelState& state){
      |      ^~~~~~~~~~~~~~~
gmake[3]: *** [CMakeFiles/judas_editor.dir/build.make:177: CMakeFiles/judas_editor.dir/src/editor/ComponentEditors.cpp.o] Error 1
gmake[3]: *** Waiting for unfinished jobs....
gmake[2]: *** [CMakeFiles/Makefile2:989: CMakeFiles/judas_editor.dir/all] Error 2
gmake[1]: *** [CMakeFiles/Makefile2:996: CMakeFiles/judas_editor.dir/rule] Error 2
gmake: *** [Makefile:345: judas_editor] Error 2
