[  4%] Built target judas_icu_build
[  4%] Built target judas_quickjs
[  9%] Built target judas_app_icon
[ 28%] Built target freetype
[ 33%] Built target judas_glad
[ 33%] Built target judas_profiler
[ 38%] Built target judas_navigation_backend
[ 38%] Built target judas_audio_backend
[ 42%] Built target judas_materials
[ 42%] Built target harfbuzz
[100%] Built target judas_engine
[100%] Building CXX object CMakeFiles/judas_audio_world_tests.dir/tests/AudioWorldTests.cpp.o
[100%] Linking CXX executable judas_audio_world_tests
[100%] Built target judas_audio_world_tests
[  4%] Built target judas_icu_build
[  4%] Built target judas_quickjs
[  8%] Built target judas_app_icon
[ 25%] Built target freetype
[ 29%] Built target judas_glad
[ 33%] Built target judas_navigation_backend
[ 33%] Built target judas_profiler
[ 33%] Built target judas_audio_backend
[ 33%] Built target harfbuzz
[ 37%] Built target judas_materials
[ 37%] Built target judas_imgui
[ 87%] Built target judas_engine
[ 95%] Built target judas_navigation_baker
[ 95%] Building CXX object CMakeFiles/judas_editor.dir/src/editor/ComponentEditors.cpp.o
[ 95%] Building CXX object CMakeFiles/judas_editor.dir/src/editor/EditorWidgets.cpp.o
[ 95%] Building CXX object CMakeFiles/judas_editor.dir/src/editor/GizmoMath.cpp.o
[ 95%] Linking CXX executable judas_editor
[100%] Built target judas_editor
