PASS production audio without device
PASS normal current lab project
PASS normal audio fixture builds using authoritative colliders
PASS real resident collider sets obstruction gain/filter
PASS bounded query diagnostics from actual PhysicsWorld
PASS disabled/open collider restores unblocked targets
PASS existing collision include mask filters wall
PASS normal sensor geometry excluded from audio ray
PASS wall without entity wrapper still obstructs
PASS repeated buffered shots have independent voices
PASS component disable releases every owned one-shot
PASS full Stop cleans normal voices and effects
PASS attached emitter hierarchy
PASS rotating attached offset uses angular point velocity
PASS teleport resets motion instead of making pitch spike
PASS oriented equal-priority authored zones
PASS zone impulse actual PCM
PASS overlapping zones share one bounded processor
PASS oriented equal-priority authored zones
PASS zone impulse actual PCM
PASS overlapping zones share one bounded processor
PASS equal-priority zone selection independent from authored traversal order
PASS normal bounded performance world
WORKLOAD mode=0 voices=0 streams=0 PCM=0 buffered=576000 reverb=0 rays=0 retirements=0 underruns=0 audio_work_median_ms=0.00293 audio_work_p95_ms=0.01000 audio_work_max_ms=0.02890 control_median_ms=0.00212 control_p95_ms=0.00703 control_max_ms=0.02514 DSP_median_ms=0.00083 DSP_p95_ms=0.00285 DSP_max_ms=0.01123
PASS requested modest workload voices created
PASS normal bounded performance world
WORKLOAD mode=1 voices=8 streams=0 PCM=0 buffered=576000 reverb=0 rays=0 retirements=0 underruns=0 audio_work_median_ms=0.06750 audio_work_p95_ms=0.33657 audio_work_max_ms=0.63755 control_median_ms=0.00694 control_p95_ms=0.03399 control_max_ms=0.06082 DSP_median_ms=0.06057 DSP_p95_ms=0.30253 DSP_max_ms=0.58279
PASS requested modest workload voices created
PASS normal bounded performance world
WORKLOAD mode=2 voices=8 streams=1 PCM=131072 buffered=576000 reverb=1 rays=420 retirements=0 underruns=0 audio_work_median_ms=0.13511 audio_work_p95_ms=0.70186 audio_work_max_ms=1.17480 control_median_ms=0.01470 control_p95_ms=0.07192 control_max_ms=0.12822 DSP_median_ms=0.12259 DSP_p95_ms=0.66178 DSP_max_ms=1.04658
PASS requested modest workload voices created
PASS normal bounded performance world
WORKLOAD mode=3 voices=32 streams=1 PCM=131072 buffered=576000 reverb=1 rays=480 retirements=0 underruns=0 audio_work_median_ms=0.38070 audio_work_p95_ms=1.27719 audio_work_max_ms=2.08897 control_median_ms=0.03720 control_p95_ms=0.12455 control_max_ms=0.19942 DSP_median_ms=0.35310 DSP_p95_ms=1.18633 DSP_max_ms=1.88955
PASS requested modest workload voices created
PASS current streamed game project
PASS registered streamed root scene
PASS audio root through ordinary world path
PASS normal world manifest coordinator
PASS root music streaming cursor advances
PASS independent demands activate one gallery
PASS ordinary carry ownership adoption
PASS adopted buffered source finishes independent readiness
PASS root voice identity remains unchanged
PASS second demand keeps gallery active
PASS gallery unload reaches unloaded without decoder wait
PASS root music continues without restart/duplication
PASS adopted emitter keeps original voice after birthplace removal
PASS local stream resources retire after each trip
PASS independent demands activate one gallery
PASS root voice identity remains unchanged
PASS second demand keeps gallery active
PASS gallery unload reaches unloaded without decoder wait
PASS root music continues without restart/duplication
PASS adopted emitter keeps original voice after birthplace removal
PASS local stream resources retire after each trip
PASS independent demands activate one gallery
PASS root voice identity remains unchanged
PASS second demand keeps gallery active
PASS gallery unload reaches unloaded without decoder wait
PASS root music continues without restart/duplication
PASS adopted emitter keeps original voice after birthplace removal
PASS local stream resources retire after each trip
PASS cancelled preparation cannot resurrect stream
PASS whole-world teardown clears voices/retirements/zones
SUMMARY checks=60 failures=0
