[  4%] Built target judas_icu_build
[  4%] Built target judas_quickjs
[  9%] Built target judas_app_icon
[ 14%] Built target judas_glad
[ 33%] Built target freetype
[ 33%] Built target judas_profiler
[ 38%] Built target judas_navigation_backend
[ 38%] Built target judas_audio_backend
[ 42%] Built target judas_materials
[ 42%] Built target harfbuzz
[ 47%] Building CXX object CMakeFiles/judas_engine.dir/src/LiquidTypes.cpp.o
[ 47%] Building CXX object CMakeFiles/judas_engine.dir/src/LiquidSystem.cpp.o
[ 47%] Building CXX object CMakeFiles/judas_engine.dir/src/Localization.cpp.o
[ 47%] Building CXX object CMakeFiles/judas_engine.dir/src/NavigationSystem.cpp.o
[ 52%] Building CXX object CMakeFiles/judas_engine.dir/src/NavigationTypes.cpp.o
[ 52%] Building CXX object CMakeFiles/judas_engine.dir/src/NavigationAsset.cpp.o
[ 52%] Building CXX object CMakeFiles/judas_engine.dir/src/WorldAnimation.cpp.o
[ 52%] Building CXX object CMakeFiles/judas_engine.dir/src/WorldRagdoll.cpp.o
[ 52%] Building CXX object CMakeFiles/judas_engine.dir/src/WorldCharacter.cpp.o
[ 52%] Building CXX object CMakeFiles/judas_engine.dir/src/WorldStreaming.cpp.o
[ 52%] Building CXX object CMakeFiles/judas_engine.dir/src/WorldRegions.cpp.o
[ 52%] Building CXX object CMakeFiles/judas_engine.dir/src/WorldScripts.cpp.o
[ 57%] Building CXX object CMakeFiles/judas_engine.dir/src/RuntimeUI.cpp.o
[ 57%] Building CXX object CMakeFiles/judas_engine.dir/src/ScriptSystem.cpp.o
[ 57%] Building CXX object CMakeFiles/judas_engine.dir/src/Classification.cpp.o
[ 57%] Building CXX object CMakeFiles/judas_engine.dir/src/ProjectExporter.cpp.o
[ 57%] Building CXX object CMakeFiles/judas_engine.dir/src/AudioStream.cpp.o
[ 57%] Building CXX object CMakeFiles/judas_engine.dir/src/AudioEnvironment.cpp.o
[ 57%] Building CXX object CMakeFiles/judas_engine.dir/src/AudioSystem.cpp.o
[ 61%] Building CXX object CMakeFiles/judas_engine.dir/src/WorldAudio.cpp.o
[ 61%] Building CXX object CMakeFiles/judas_engine.dir/src/ProductionFluidCoupling.cpp.o
[ 61%] Building CXX object CMakeFiles/judas_engine.dir/src/Prefab.cpp.o
[ 61%] Building CXX object CMakeFiles/judas_engine.dir/src/Scene.cpp.o
[ 61%] Building CXX object CMakeFiles/judas_engine.dir/src/SceneSerialization.cpp.o
[ 66%] Building CXX object CMakeFiles/judas_engine.dir/src/SceneFingerprint.cpp.o
[ 66%] Building CXX object CMakeFiles/judas_engine.dir/src/AssetDatabase.cpp.o
[ 66%] Building CXX object CMakeFiles/judas_engine.dir/src/ResourceManager.cpp.o
[ 66%] Building CXX object CMakeFiles/judas_engine.dir/src/WorldDebugView.cpp.o
[ 66%] Building CXX object CMakeFiles/judas_engine.dir/src/SceneSession.cpp.o
[ 71%] Building CXX object CMakeFiles/judas_engine.dir/src/RuntimeWorld.cpp.o
[ 71%] Building CXX object CMakeFiles/judas_engine.dir/src/GameSession.cpp.o
[ 71%] Building CXX object CMakeFiles/judas_engine.dir/src/Simulation.cpp.o
[ 71%] Building CXX object CMakeFiles/judas_engine.dir/src/WorldPresentation.cpp.o
[ 71%] Building CXX object CMakeFiles/judas_engine.dir/src/GameplayHud.cpp.o
[ 71%] Building CXX object CMakeFiles/judas_engine.dir/src/EngineHost.cpp.o
[ 71%] Building CXX object CMakeFiles/judas_engine.dir/src/InteractivePlay.cpp.o
[ 71%] Building CXX object CMakeFiles/judas_engine.dir/src/FidelityPolicy.cpp.o
[ 71%] Building CXX object CMakeFiles/judas_engine.dir/src/CoarseSimulation.cpp.o
[ 76%] Building CXX object CMakeFiles/judas_engine.dir/src/WorldState.cpp.o
[ 76%] Linking CXX static library libjudas_engine.a
[100%] Built target judas_engine
[100%] Building CXX object CMakeFiles/judas_audio_world_tests.dir/tests/AudioWorldTests.cpp.o
/home/conner/Documents/GitHub/Project-Judas/tests/AudioWorldTests.cpp: In function ‘int main()’:
/home/conner/Documents/GitHub/Project-Judas/tests/AudioWorldTests.cpp:30:2: warning: this ‘for’ clause does not guard... [-Wmisleading-indentation]
   30 |  for(int i=0;i<30;++i)frame();AudioVoiceHandle music;for(auto& e:streamed.AudioEmitters())if(e.id==610)music=e.voice;audio.Snapshot(music,snap);double cursor=snap.positionSeconds;Check(music.IsValid()&&cursor>0,"root music streaming cursor advances");
      |  ^~~
/home/conner/Documents/GitHub/Project-Judas/tests/AudioWorldTests.cpp:30:31: note: ...this statement, but the latter is misleadingly indented as if it were guarded by the ‘for’
   30 |  for(int i=0;i<30;++i)frame();AudioVoiceHandle music;for(auto& e:streamed.AudioEmitters())if(e.id==610)music=e.voice;audio.Snapshot(music,snap);double cursor=snap.positionSeconds;Check(music.IsValid()&&cursor>0,"root music streaming cursor advances");
      |                               ^~~~~~~~~~~~~~~~
/home/conner/Documents/GitHub/Project-Judas/tests/AudioWorldTests.cpp:34:69: error: ‘any_of’ is not a member of ‘std’
   34 |   AudioVoiceSnapshot during;audio.Snapshot(music,during);Check(std::any_of(streamed.AudioEmitters().begin(),streamed.AudioEmitters().end(),[&](const auto& e){return e.id==610&&e.voice.id==music.id;}),"root voice identity remains unchanged");
      |                                                                     ^~~~~~
gmake[3]: *** [CMakeFiles/judas_audio_world_tests.dir/build.make:79: CMakeFiles/judas_audio_world_tests.dir/tests/AudioWorldTests.cpp.o] Error 1
gmake[2]: *** [CMakeFiles/Makefile2:6294: CMakeFiles/judas_audio_world_tests.dir/all] Error 2
gmake[1]: *** [CMakeFiles/Makefile2:6301: CMakeFiles/judas_audio_world_tests.dir/rule] Error 2
gmake: *** [Makefile:2061: judas_audio_world_tests] Error 2
