[  0%] Built target judas_quickjs
[  5%] Built target judas_icu_build
[ 10%] Built target judas_app_icon
[ 30%] Built target freetype
[ 30%] Built target judas_glad
[ 35%] Built target judas_profiler
[ 40%] Built target judas_navigation_backend
[ 45%] Built target judas_audio_backend
[ 45%] Built target judas_materials
[ 45%] Built target harfbuzz
[ 45%] Building CXX object CMakeFiles/judas_engine.dir/src/AudioSystem.cpp.o
[ 45%] Building CXX object CMakeFiles/judas_engine.dir/src/ScriptSystem.cpp.o
[ 45%] Linking CXX static library libjudas_engine.a
[100%] Built target judas_engine
[100%] Building CXX object CMakeFiles/judas_audio_world_tests.dir/tests/AudioWorldTests.cpp.o
/home/conner/Documents/GitHub/Project-Judas/tests/AudioWorldTests.cpp: In lambda function:
/home/conner/Documents/GitHub/Project-Judas/tests/AudioWorldTests.cpp:29:3: warning: this ‘if’ clause does not guard... [-Wmisleading-indentation]
   29 |   if(reversed)std::reverse(zones.Objects().begin(),zones.Objects().end());RuntimeWorld w;Check(w.Build(zones,&resources,error),"oriented equal-priority authored zones");resources.WaitForAll();w.BeginAudio();w.UpdateAudio(glm::mat4(1),1,.016);w.PlayAudio(2);std::vector<float> output(96000);Check(audio.ReadWithoutDevice(output.data(),48000),"zone impulse actual PCM");Check(audio.Diagnostics().reverbProcessors==1,"overlapping zones share one bounded processor");w.Destroy();return output;};
      |   ^~
/home/conner/Documents/GitHub/Project-Judas/tests/AudioWorldTests.cpp:29:75: note: ...this statement, but the latter is misleadingly indented as if it were guarded by the ‘if’
   29 |   if(reversed)std::reverse(zones.Objects().begin(),zones.Objects().end());RuntimeWorld w;Check(w.Build(zones,&resources,error),"oriented equal-priority authored zones");resources.WaitForAll();w.BeginAudio();w.UpdateAudio(glm::mat4(1),1,.016);w.PlayAudio(2);std::vector<float> output(96000);Check(audio.ReadWithoutDevice(output.data(),48000),"zone impulse actual PCM");Check(audio.Diagnostics().reverbProcessors==1,"overlapping zones share one bounded processor");w.Destroy();return output;};
      |                                                                           ^~~~~~~~~~~~
[100%] Linking CXX executable judas_audio_world_tests
[100%] Built target judas_audio_world_tests
[  5%] Built target judas_icu_build
[  5%] Built target judas_quickjs
[ 10%] Built target judas_app_icon
[ 30%] Built target freetype
[ 30%] Built target judas_glad
[ 40%] Built target judas_navigation_backend
[ 40%] Built target judas_profiler
[ 45%] Built target judas_audio_backend
[ 45%] Built target judas_materials
[ 45%] Built target harfbuzz
[100%] Built target judas_engine
[100%] Building CXX object CMakeFiles/judas_audio_application_tests.dir/tests/AudioApplicationTests.cpp.o
[100%] Linking CXX executable judas_audio_application_tests
[100%] Built target judas_audio_application_tests
[  4%] Built target judas_icu_build
[  4%] Built target judas_quickjs
[  9%] Built target judas_app_icon
[ 28%] Built target freetype
[ 28%] Built target judas_glad
[ 33%] Built target judas_navigation_backend
[ 38%] Built target judas_profiler
[ 42%] Built target judas_audio_backend
[ 42%] Built target judas_materials
[ 42%] Built target harfbuzz
[ 95%] Built target judas_engine
[ 95%] Linking CXX executable judas
[100%] Built target judas
