libEGL warning: Not allowed to force software rendering when API explicitly selects a hardware device.
PASS real engine host
PASS registered project copy loads
PASS probe uses normal registered JS asset
PASS actual project scene loads
PASS ordinary runtime builds
POSE shooter_game baseline=1 alpha=0.25 camera_error_m=0.020833015 avatar_error_m=0.020833492 camera_rotation_error=0.000000000
PASS presentation callback receives alpha in non-authoritative mode
PASS public getter uses engine presentation pose
PASS transform stays authoritative inside presentation callback
PASS presentation cannot submit fixed motor velocity intent
POSE shooter_game baseline=1 alpha=0.75 camera_error_m=0.062500000 avatar_error_m=0.062500000 camera_rotation_error=0.000000000
PASS presentation callback receives alpha in non-authoritative mode
PASS public getter uses engine presentation pose
PASS transform stays authoritative inside presentation callback
PASS presentation cannot submit fixed motor velocity intent
PASS original scripts reproduce camera/renderer mismatch
PASS original script model is a fixed-step behind
PASS presentation does not modify authoritative motion
PASS presented getter outside presentation is authoritative
PASS project and probe callbacks are fault-free
PASS Stop removes presentation callbacks and view state
PASS registered project copy loads
PASS probe uses normal registered JS asset
PASS actual project scene loads
PASS ordinary runtime builds
POSE boundary_demo baseline=1 alpha=0.25 camera_error_m=0.001725824 avatar_error_m=0.000000000 camera_rotation_error=0.000000000
PASS presentation callback receives alpha in non-authoritative mode
PASS public getter uses engine presentation pose
PASS transform stays authoritative inside presentation callback
PASS presentation cannot submit fixed motor velocity intent
POSE boundary_demo baseline=1 alpha=0.75 camera_error_m=0.005174242 avatar_error_m=0.000000000 camera_rotation_error=0.000001073
PASS presentation callback receives alpha in non-authoritative mode
PASS public getter uses engine presentation pose
PASS transform stays authoritative inside presentation callback
PASS presentation cannot submit fixed motor velocity intent
PASS original scripts reproduce camera/renderer mismatch
PASS presentation does not modify authoritative motion
PASS presented getter outside presentation is authoritative
PASS project and probe callbacks are fault-free
PASS Stop removes presentation callbacks and view state
SUMMARY 36 checks 0 failures
