libEGL warning: Not allowed to force software rendering when API explicitly selects a hardware device.
script asset=280a91035e80c372fb413f5ba555eee2 entity=10 slot=1 fixedUpdate: TypeError: No project scene session is active
    at __judas (native)
    at call (judas:2:51)
    at get (judas:108:50)
    at fixedUpdate (Assets/scripts/player.js:35:27)

PASS real engine host
PASS registered project copy loads
PASS probe uses normal registered JS asset
PASS actual project scene loads
PASS ordinary runtime builds
POSE shooter_game baseline=1 alpha=0.25 camera_error_m=0.128496543 avatar_error_m=0.128496915 camera_rotation_error=0.000000000
PASS presentation callback receives alpha in non-authoritative mode
PASS public getter uses engine presentation pose
PASS transform stays authoritative inside presentation callback
PASS presentation cannot submit fixed motor velocity intent
POSE shooter_game baseline=1 alpha=0.75 camera_error_m=0.129349425 avatar_error_m=0.129349053 camera_rotation_error=0.000000000
PASS presentation callback receives alpha in non-authoritative mode
PASS public getter uses engine presentation pose
PASS transform stays authoritative inside presentation callback
PASS presentation cannot submit fixed motor velocity intent
PASS original scripts reproduce camera/renderer mismatch
PASS original script model is a fixed-step behind
PASS presentation does not modify authoritative motion
PASS presented getter outside presentation is authoritative
FAIL project and probe callbacks are fault-free
PASS Stop removes presentation callbacks and view state
PASS registered project copy loads
PASS probe uses normal registered JS asset
PASS actual project scene loads
PASS ordinary runtime builds

