[  0%] Built target judas_audio_backend
[  0%] Built target judas_glad
[  7%] Built target judas_quickjs
[  7%] Building CXX object CMakeFiles/judas_engine.dir/src/WorldAnimation.cpp.o
[  7%] Building CXX object CMakeFiles/judas_engine.dir/src/WorldRagdoll.cpp.o
[  7%] Building CXX object CMakeFiles/judas_engine.dir/src/WorldCharacter.cpp.o
[ 15%] Building CXX object CMakeFiles/judas_engine.dir/src/WorldScripts.cpp.o
[ 15%] Building CXX object CMakeFiles/judas_engine.dir/src/ScriptSystem.cpp.o
[ 15%] Building CXX object CMakeFiles/judas_engine.dir/src/ProjectExporter.cpp.o
[ 23%] Building CXX object CMakeFiles/judas_engine.dir/src/WorldAudio.cpp.o
[ 23%] Building CXX object CMakeFiles/judas_engine.dir/src/ProductionFluidCoupling.cpp.o
[ 23%] Building CXX object CMakeFiles/judas_engine.dir/src/SceneFingerprint.cpp.o
[ 23%] Building CXX object CMakeFiles/judas_engine.dir/src/WorldDebugView.cpp.o
[ 23%] Building CXX object CMakeFiles/judas_engine.dir/src/SceneSession.cpp.o
[ 23%] Building CXX object CMakeFiles/judas_engine.dir/src/RuntimeWorld.cpp.o
[ 23%] Building CXX object CMakeFiles/judas_engine.dir/src/GameSession.cpp.o
[ 23%] Building CXX object CMakeFiles/judas_engine.dir/src/Simulation.cpp.o
[ 30%] Building CXX object CMakeFiles/judas_engine.dir/src/WorldPresentation.cpp.o
[ 30%] Building CXX object CMakeFiles/judas_engine.dir/src/GameplayHud.cpp.o
[ 30%] Building CXX object CMakeFiles/judas_engine.dir/src/InteractivePlay.cpp.o
[ 30%] Building CXX object CMakeFiles/judas_engine.dir/src/CoarseSimulation.cpp.o
[ 30%] Building CXX object CMakeFiles/judas_engine.dir/src/WorldState.cpp.o
[ 30%] Linking CXX static library libjudas_engine.a
[100%] Built target judas_engine
[100%] Building CXX object CMakeFiles/judas_script_presentation_tests.dir/tests/ScriptPresentationTests.cpp.o
[100%] Linking CXX executable judas_script_presentation_tests
[100%] Built target judas_script_presentation_tests
[  0%] Built target judas_audio_backend
[  0%] Built target judas_glad
[  7%] Built target judas_quickjs
[ 92%] Built target judas_engine
[ 92%] Building CXX object CMakeFiles/judas_shooter_game_tests.dir/tests/ShooterGameTests.cpp.o
[100%] Linking CXX executable judas_shooter_game_tests
[100%] Built target judas_shooter_game_tests
[  0%] Built target judas_glad
[  0%] Built target judas_audio_backend
[  7%] Built target judas_quickjs
[100%] Built target judas_engine
[100%] Building CXX object CMakeFiles/judas_shooter_application_tests.dir/src/RuntimeDiagnostics.cpp.o
[100%] Building CXX object CMakeFiles/judas_shooter_application_tests.dir/src/Application.cpp.o
[100%] Building CXX object CMakeFiles/judas_shooter_application_tests.dir/src/RuntimeOptions.cpp.o
[100%] Building CXX object CMakeFiles/judas_shooter_application_tests.dir/src/TestHarness.cpp.o
[100%] Building CXX object CMakeFiles/judas_shooter_application_tests.dir/tests/ShooterApplicationTests.cpp.o
[100%] Linking CXX executable judas_shooter_application_tests
[100%] Built target judas_shooter_application_tests
[  7%] Built target judas_glad
[  7%] Built target judas_audio_backend
[  7%] Built target judas_quickjs
[ 92%] Built target judas_engine
[100%] Building CXX object CMakeFiles/judas_boundary_migration_tests.dir/tests/BoundaryMigrationTests.cpp.o
[100%] Linking CXX executable judas_boundary_migration_tests
[100%] Built target judas_boundary_migration_tests
[  7%] Built target judas_audio_backend
[  7%] Built target judas_glad
[  7%] Built target judas_quickjs
[100%] Built target judas_engine
[100%] Building CXX object CMakeFiles/judas_script_tests.dir/tests/ScriptTests.cpp.o
[100%] Linking CXX executable judas_script_tests
[100%] Built target judas_script_tests
[  0%] Built target judas_glad
[  0%] Built target judas_audio_backend
[  7%] Built target judas_quickjs
[ 92%] Built target judas_engine
[ 92%] Building CXX object CMakeFiles/judasjs_examples_tests.dir/tests/JudasJSExamplesTests.cpp.o
[100%] Linking CXX executable judasjs_examples_tests
[100%] Built target judasjs_examples_tests
[  7%] Built target judas_glad
[  7%] Built target judas_audio_backend
[  7%] Built target judas_quickjs
[100%] Built target judas_engine
[100%] Building CXX object CMakeFiles/judas.dir/src/RuntimeDiagnostics.cpp.o
[100%] Building CXX object CMakeFiles/judas.dir/src/Application.cpp.o
[100%] Building CXX object CMakeFiles/judas.dir/src/RuntimeOptions.cpp.o
[100%] Building CXX object CMakeFiles/judas.dir/src/TestHarness.cpp.o
[100%] Linking CXX executable judas
[100%] Built target judas
[  0%] Built target judas_audio_backend
[  6%] Built target judas_quickjs
[  6%] Built target judas_glad
[ 13%] Built target judas_imgui
[ 93%] Built target judas_engine
[ 93%] Building CXX object CMakeFiles/judas_editor.dir/src/editor/ComponentEditors.cpp.o
[ 93%] Building CXX object CMakeFiles/judas_editor.dir/src/editor/EditorApplication.cpp.o
[ 93%] Building CXX object CMakeFiles/judas_editor.dir/src/editor/EditorPanels.cpp.o
[ 93%] Linking CXX executable judas_editor
[100%] Built target judas_editor
[  0%] Built target judas_glad
[  0%] Built target judas_audio_backend
[  7%] Built target judas_quickjs
[100%] Built target judas_engine
[100%] Linking CXX executable judas_export
[100%] Built target judas_export
