libEGL warning: Not allowed to force software rendering when API explicitly selects a hardware device.
script asset=280a91035e80c372fb413f5ba555eee2 entity=10 slot=1 fixedUpdate: TypeError: No project scene session is active
    at __judas (native)
    at call (judas:2:51)
    at get (judas:108:50)
    at fixedUpdate (Assets/scripts/player.js:31:27)

PASS real engine host
PASS registered project copy loads
PASS probe uses normal registered JS asset
PASS actual project scene loads
PASS ordinary runtime builds
POSE shooter_game baseline=0 alpha=0.25 camera_error_m=3.479740858 avatar_error_m=100.917320251 camera_rotation_error=0.000000000
FAIL script camera matches render-interpolated world position
PASS script camera matches interpolated orientation
FAIL cosmetic model shares camera/motor presentation timeline
PASS presentation callback receives alpha in non-authoritative mode
PASS public getter uses engine presentation pose
PASS transform stays authoritative inside presentation callback
PASS presentation cannot submit fixed motor velocity intent
POSE shooter_game baseline=0 alpha=0.75 camera_error_m=3.478653908 avatar_error_m=100.917320251 camera_rotation_error=0.000000000
FAIL script camera matches render-interpolated world position
PASS script camera matches interpolated orientation
FAIL cosmetic model shares camera/motor presentation timeline
PASS presentation callback receives alpha in non-authoritative mode
PASS public getter uses engine presentation pose
PASS transform stays authoritative inside presentation callback
PASS presentation cannot submit fixed motor velocity intent
PASS presentation does not modify authoritative motion
PASS presented getter outside presentation is authoritative
FAIL mouse look updates even without a new physics step
FAIL project and probe callbacks are fault-free
PASS Stop removes presentation callbacks and view state
PASS registered project copy loads
PASS probe uses normal registered JS asset
PASS actual project scene loads
PASS ordinary runtime builds

