FAIL half immersion despite particle exclusion
 observed=0.386857032776 expected=0.5 tolerance=2e-06
FAIL half immersion Archimedes force
 observed=3795.06787109 expected=4905 tolerance=0.02
FAIL half box immersed centroid
 observed=-0.213441610336 expected=-0.25 tolerance=2e-06
FAIL symmetric load has no torque
FAIL half-density equilibrium net force
 observed=-1109.93212891 expected=0 tolerance=0.02
FAIL fully submerged hole filled by envelope
 observed=0.547428190708 expected=1 tolerance=2e-06
FAIL neutral body zero net force
 observed=-4439.72949219 expected=0 tolerance=0.03
pool spacing=0.125 particles=23808 half_fraction=0.386857032776 half_force=3795.06787109 neutral_net_force=-4439.72949219
FAIL rotated translated immersion covariance
 observed=0.286825716496 expected=0.386857032776 tolerance=2e-05
FAIL rotated translated force covariance
FAIL rotated translated centroid covariance
FAIL half immersion despite particle exclusion
 observed=0.3178409338 expected=0.5 tolerance=2e-06
FAIL half immersion Archimedes force
 observed=3118.01953125 expected=4905 tolerance=0.02
FAIL half-density equilibrium net force
 observed=-1786.98046875 expected=0 tolerance=0.02
FAIL fully submerged hole filled by envelope
 observed=0.635681867599 expected=1 tolerance=2e-06
FAIL neutral body zero net force
 observed=-3573.9609375 expected=0 tolerance=0.03
pool spacing=0.25 particles=2976 half_fraction=0.3178409338 half_force=3118.01953125 neutral_net_force=-3573.9609375
scale body_volume=0.00800000035763 neutral_mass=8.00000035763 force=39.2400016785
scale body_volume=0.800000047933 neutral_mass=800.000047933 force=3924.00048828
row_entry fraction_low=1 fraction_high=1 acceleration_low=-4.80264949799 acceleration_high=-4.80273151398 acceleration_jump=8.20159912109e-05 velocity_jump=8.34465026855e-06
column_mean two_observed=0.75 two_expected=.75 three_observed=0.66666662693 three_expected=0.666666666667
SUMMARY checks=79 failures=15 seconds=0.198793203
