FTFT7 COARSE CHECK full_coarse serialized_scene PASS
FTFT7 COARSE CHECK full_coarse demote_A PASS
FTFT7 COARSE BUDGET full_coarse step=1 px=-7399392574519.9688 py=15437602.93359375 pz=-7718801.466796875 residual=607616514.98431778 normalized=6.935611005250051e-05
FTFT7 COARSE CHECK full_coarse coarse_initial_Newton_dv FAIL
FTFT7 COARSE CHECK full_coarse other_initial_Newton_dv PASS
FTFT7 COARSE CHECK full_coarse collision_free_step_0 PASS
FTFT7 COARSE BUDGET full_coarse step=2 px=-7398757427427.8438 py=32544135.9140625 pz=-16272067.95703125 residual=1243051054.7700369 normalized=0.00014188749586197905
FTFT7 COARSE CHECK full_coarse collision_free_step_1 PASS
FTFT7 COARSE BUDGET full_coarse step=3 px=-7398092358804.1641 py=51438808.23046875 pz=-25719404.115234375 residual=1908453763.5393071 normalized=0.00021783958465572184
FTFT7 COARSE CHECK full_coarse collision_free_step_2 PASS
FTFT7 COARSE BUDGET full_coarse step=4 px=-7397395759323.5273 py=72300433.81640625 pz=-36150216.908203125 residual=2605440777.2610645 normalized=0.00029739684953700559
FTFT7 COARSE CHECK full_coarse collision_free_step_3 PASS
FTFT7 COARSE BUDGET full_coarse step=5 px=-7396664648753.707 py=95367431.25 pz=-47683715.625 residual=3337000957.3205681 normalized=0.00038090045272584178
FTFT7 COARSE CHECK full_coarse collision_free_step_4 PASS
FTFT7 COARSE BUDGET full_coarse step=6 px=-7395897179350.7227 py=120878219.109375 pz=-60439109.5546875 residual=4104991761.1226373 normalized=0.00046856241285077251
FTFT7 COARSE CHECK full_coarse collision_free_step_5 PASS
FTFT7 COARSE BUDGET full_coarse step=7 px=-7395090668905.5703 py=149041413.65039062 pz=-74520706.825195312 residual=4912104108.5943069 normalized=0.00056068988373991042
FTFT7 COARSE CHECK full_coarse collision_free_step_6 PASS
FTFT7 COARSE BUDGET full_coarse step=8 px=-7394242077581.3789 py=180155038.09570312 pz=-90077519.047851562 residual=5761390176.8568306 normalized=0.00065763125475908242
FTFT7 COARSE CHECK full_coarse collision_free_step_7 PASS
FTFT7 COARSE BUDGET full_coarse step=9 px=-7393348782773.7891 py=214517115.66796875 pz=-107258557.83398438 residual=6655485874.6346016 normalized=0.00075968740050775879
FTFT7 COARSE CHECK full_coarse collision_free_step_8 PASS
FTFT7 COARSE BUDGET full_coarse step=10 px=-7392407148599.4844 py=252515076.55664062 pz=-126257538.27832031 residual=7598044148.5300617 normalized=0.00086727528491026826
FTFT7 COARSE CHECK full_coarse collision_free_step_9 PASS
FTFT7 COARSE BUDGET full_coarse step=11 px=-7391413241151.9258 py=294536350.95117188 pz=-147268175.47558594 residual=8593016764.2507877 normalized=0.00098084598046144504
FTFT7 COARSE CHECK full_coarse collision_free_step_10 PASS
FTFT7 COARSE BUDGET full_coarse step=12 px=-7390362292059.5508 py=341027973.68554688 pz=-170513986.84277344 residual=9645192877.2619801 normalized=0.0011009461431281886
FTFT7 COARSE CHECK full_coarse collision_free_step_11 PASS
FTFT7 COARSE CHECK full_coarse closed_system_momentum_budget FAIL
FTFT7 COARSE CHECK coarse_local_vehicle serialized_scene PASS
FTFT7 COARSE CHECK coarse_local_vehicle demote_A PASS
FTFT7 COARSE BUDGET coarse_local_vehicle step=1 px=-7422247260209.7422 py=0 pz=0 residual=22247314362 normalized=0.0025394095539079788
FTFT7 COARSE CHECK coarse_local_vehicle coarse_initial_Newton_dv FAIL
FTFT7 COARSE CHECK coarse_local_vehicle other_initial_Newton_dv PASS
FTFT7 COARSE CHECK coarse_local_vehicle collision_free_step_0 PASS
FTFT7 COARSE BUDGET coarse_local_vehicle step=2 px=-7445124953292.3047 py=-23186206.72265625 pz=11593103.361328125 residual=45125014890.546562 normalized=0.0051507742493639213
FTFT7 COARSE CHECK coarse_local_vehicle collision_free_step_1 PASS
FTFT7 COARSE BUDGET coarse_local_vehicle step=3 px=-7468661635324.8047 py=-71614980.404296875 pz=35807490.202148438 residual=68661736161.608444 normalized=0.0078373625669854886
FTFT7 COARSE CHECK coarse_local_vehicle collision_free_step_2 PASS
FTFT7 COARSE BUDGET coarse_local_vehicle step=4 px=-7492888777559.5547 py=-147461890.5703125 pz=73730945.28515625 residual=92888978022.405258 normalized=0.010602770042470809
FTFT7 COARSE CHECK coarse_local_vehicle collision_free_step_3 PASS
FTFT7 COARSE BUDGET coarse_local_vehicle step=5 px=-7517838804923.1797 py=-253140925.32421875 pz=126570462.66210938 residual=117839198947.59517 normalized=0.013450701633609893
FTFT7 COARSE CHECK coarse_local_vehicle collision_free_step_4 PASS
FTFT7 COARSE BUDGET coarse_local_vehicle step=6 px=-7543546049690.9297 py=-391304491.34765625 pz=195652245.67382812 residual=143546770522.93915 normalized=0.016385080669387268
FTFT7 COARSE CHECK coarse_local_vehicle collision_free_step_5 PASS
FTFT7 COARSE BUDGET coarse_local_vehicle step=7 px=-7570048658835.3047 py=-564813611.578125 pz=282406805.7890625 residual=170049885494.65768 normalized=0.019410266643405807
FTFT7 COARSE CHECK coarse_local_vehicle collision_free_step_6 PASS
FTFT7 COARSE BUDGET coarse_local_vehicle step=8 px=-7597385733003.1172 py=-776886936.8203125 pz=388443468.41015625 residual=197387698230.12717 normalized=0.022530728813076766
FTFT7 COARSE CHECK coarse_local_vehicle collision_free_step_7 PASS
FTFT7 COARSE BUDGET coarse_local_vehicle step=9 px=-7625601141212.7422 py=-1030981536.4570312 pz=515490768.22851562 residual=225604140041.30673 normalized=0.025751481697972686
FTFT7 COARSE CHECK coarse_local_vehicle collision_free_step_8 PASS
FTFT7 COARSE BUDGET coarse_local_vehicle step=10 px=-7654740659831.1797 py=-1330971712.3828125 pz=665485856.19140625 residual=254745060242.42249 normalized=0.029077758747160336
FTFT7 COARSE CHECK coarse_local_vehicle collision_free_step_9 PASS
FTFT7 COARSE BUDGET coarse_local_vehicle step=11 px=-7684852926248.3672 py=-1681089394.359375 pz=840544697.1796875 residual=284859181035.22424 normalized=0.032515121334142943
FTFT7 COARSE CHECK coarse_local_vehicle collision_free_step_10 PASS
FTFT7 COARSE BUDGET coarse_local_vehicle step=12 px=-7715991346225.8047 py=-2086013546.9824219 pz=1043006773.4912109 residual=316000007007.17834 normalized=0.036069676715660776
FTFT7 COARSE CHECK coarse_local_vehicle collision_free_step_11 PASS
FTFT7 COARSE CHECK coarse_local_vehicle closed_system_momentum_budget FAIL
FTFT7 COARSE CHECK coarse_coarse serialized_scene PASS
FTFT7 COARSE CHECK coarse_coarse demote_A PASS
FTFT7 COARSE CHECK coarse_coarse demote_B PASS
FTFT7 COARSE BUDGET coarse_coarse step=1 px=-7399999588219.875 py=0 pz=0 residual=357627.8671875 normalized=4.0821269835197702e-08
FTFT7 COARSE CHECK coarse_coarse coarse_initial_Newton_dv PASS
FTFT7 COARSE CHECK coarse_coarse other_initial_Newton_dv PASS
FTFT7 COARSE CHECK coarse_coarse collision_free_step_0 PASS
FTFT7 COARSE BUDGET coarse_coarse step=2 px=-7399999469010.5859 py=0 pz=0 residual=476837.15625 normalized=5.4428359780263605e-08
FTFT7 COARSE CHECK coarse_coarse collision_free_step_1 PASS
FTFT7 COARSE BUDGET coarse_coarse step=3 px=-7399999290196.6523 py=0 pz=0 residual=655651.08984375 normalized=7.4838994697862455e-08
FTFT7 COARSE CHECK coarse_coarse collision_free_step_2 PASS
FTFT7 COARSE BUDGET coarse_coarse step=4 px=-7399999528615.2305 py=0 pz=0 residual=417232.51171875 normalized=4.7624814807730656e-08
FTFT7 COARSE CHECK coarse_coarse collision_free_step_3 PASS
FTFT7 COARSE BUDGET coarse_coarse step=5 px=-7399999409405.9414 py=0 pz=0 residual=536441.80078125 normalized=6.1231904752796559e-08
FTFT7 COARSE CHECK coarse_coarse collision_free_step_4 PASS
FTFT7 COARSE BUDGET coarse_coarse step=6 px=-7399999588219.875 py=0 pz=0 residual=357627.8671875 normalized=4.0821269835197702e-08
FTFT7 COARSE CHECK coarse_coarse collision_free_step_5 PASS
FTFT7 COARSE BUDGET coarse_coarse step=7 px=-7399999945847.7422 py=0 pz=0 residual=0 normalized=0
FTFT7 COARSE CHECK coarse_coarse collision_free_step_6 PASS
FTFT7 COARSE BUDGET coarse_coarse step=8 px=-7399999469010.5859 py=0 pz=0 residual=476837.15625 normalized=5.4428359780263605e-08
FTFT7 COARSE CHECK coarse_coarse collision_free_step_7 PASS
FTFT7 COARSE BUDGET coarse_coarse step=9 px=-7399999707429.1641 py=0 pz=0 residual=238418.578125 normalized=2.7214179890131802e-08
FTFT7 COARSE CHECK coarse_coarse collision_free_step_8 PASS
FTFT7 COARSE BUDGET coarse_coarse step=10 px=-7399999647824.5195 py=0 pz=0 residual=298023.22265625 normalized=3.4017724862664754e-08
FTFT7 COARSE CHECK coarse_coarse collision_free_step_9 PASS
FTFT7 COARSE BUDGET coarse_coarse step=11 px=-7399999230592.0078 py=0 pz=0 residual=715255.734375 normalized=8.1642539670395403e-08
FTFT7 COARSE CHECK coarse_coarse collision_free_step_10 PASS
FTFT7 COARSE BUDGET coarse_coarse step=12 px=-7399998992173.4297 py=0 pz=0 residual=953674.3125 normalized=1.0885671956052721e-07
FTFT7 COARSE CHECK coarse_coarse collision_free_step_11 PASS
FTFT7 COARSE CHECK coarse_coarse closed_system_momentum_budget PASS
FTFT7 COARSE CHECK coarse_at_rest serialized_scene PASS
FTFT7 COARSE CHECK coarse_at_rest demote_A PASS
FTFT7 COARSE BUDGET coarse_at_rest step=1 px=-22247668264.576904 py=0 pz=0 residual=22247668264.576904 normalized=0.0074158894519011182
FTFT7 COARSE CHECK coarse_at_rest coarse_initial_Newton_dv FAIL
FTFT7 COARSE CHECK coarse_at_rest other_initial_Newton_dv PASS
FTFT7 COARSE CHECK coarse_at_rest collision_free_step_0 PASS
FTFT7 COARSE BUDGET coarse_at_rest step=2 px=-44496983107.458984 py=0 pz=0 residual=44496983107.458984 normalized=0.014832327763239542
FTFT7 COARSE CHECK coarse_at_rest collision_free_step_1 PASS
FTFT7 COARSE BUDGET coarse_at_rest step=3 px=-66749602282.822266 py=0 pz=0 residual=66749602282.822266 normalized=0.022249867518742878
FTFT7 COARSE CHECK coarse_at_rest collision_free_step_2 PASS
FTFT7 COARSE BUDGET coarse_at_rest step=4 px=-89007168643.681641 py=0 pz=0 residual=89007168643.681641 normalized=0.029669056336085003
FTFT7 COARSE CHECK coarse_at_rest collision_free_step_3 PASS
FTFT7 COARSE BUDGET coarse_at_rest step=5 px=-111271336218.92285 py=0 pz=0 residual=111271336218.92285 normalized=0.03709044555823008
FTFT7 COARSE CHECK coarse_at_rest collision_free_step_4 PASS
FTFT7 COARSE BUDGET coarse_at_rest step=6 px=-133543773938.59277 py=0 pz=0 residual=133543773938.59277 normalized=0.044514591495196022
FTFT7 COARSE CHECK coarse_at_rest collision_free_step_5 PASS
FTFT7 COARSE BUDGET coarse_at_rest step=7 px=-155826135831.57715 py=0 pz=0 residual=155826135831.57715 normalized=0.051942045489946999
FTFT7 COARSE CHECK coarse_at_rest collision_free_step_6 PASS
FTFT7 COARSE BUDGET coarse_at_rest step=8 px=-178120090827.92285 py=0 pz=0 residual=178120090827.92285 normalized=0.059373363852500916
FTFT7 COARSE CHECK coarse_at_rest collision_free_step_7 PASS
FTFT7 COARSE BUDGET coarse_at_rest step=9 px=-200427292956.51562 py=0 pz=0 residual=200427292956.51562 normalized=0.066809097925821945
FTFT7 COARSE CHECK coarse_at_rest collision_free_step_8 PASS
FTFT7 COARSE BUDGET coarse_at_rest step=10 px=-222749426048.56348 py=0 pz=0 residual=222749426048.56348 normalized=0.074249808986981705
FTFT7 COARSE CHECK coarse_at_rest collision_free_step_9 PASS
FTFT7 COARSE BUDGET coarse_at_rest step=11 px=-245088173935.27441 py=0 pz=0 residual=245088173935.27441 normalized=0.081696058313051864
FTFT7 COARSE CHECK coarse_at_rest collision_free_step_10 PASS
FTFT7 COARSE BUDGET coarse_at_rest step=12 px=-267445205546.69531 py=0 pz=0 residual=267445205546.69531 normalized=0.089148402214050293
FTFT7 COARSE CHECK coarse_at_rest collision_free_step_11 PASS
FTFT7 COARSE CHECK coarse_at_rest closed_system_momentum_budget FAIL
FTFT7 COARSE CHECK both_coarse_at_rest serialized_scene PASS
FTFT7 COARSE CHECK both_coarse_at_rest demote_A PASS
FTFT7 COARSE CHECK both_coarse_at_rest demote_B PASS
FTFT7 COARSE BUDGET both_coarse_at_rest step=1 px=0 py=0 pz=0 residual=0 normalized=0
FTFT7 COARSE CHECK both_coarse_at_rest coarse_initial_Newton_dv FAIL
FTFT7 COARSE CHECK both_coarse_at_rest other_initial_Newton_dv FAIL
FTFT7 COARSE CHECK both_coarse_at_rest collision_free_step_0 PASS
FTFT7 COARSE BUDGET both_coarse_at_rest step=2 px=0 py=0 pz=0 residual=0 normalized=0
FTFT7 COARSE CHECK both_coarse_at_rest collision_free_step_1 PASS
FTFT7 COARSE BUDGET both_coarse_at_rest step=3 px=0 py=0 pz=0 residual=0 normalized=0
FTFT7 COARSE CHECK both_coarse_at_rest collision_free_step_2 PASS
FTFT7 COARSE BUDGET both_coarse_at_rest step=4 px=0 py=0 pz=0 residual=0 normalized=0
FTFT7 COARSE CHECK both_coarse_at_rest collision_free_step_3 PASS
FTFT7 COARSE BUDGET both_coarse_at_rest step=5 px=0 py=0 pz=0 residual=0 normalized=0
FTFT7 COARSE CHECK both_coarse_at_rest collision_free_step_4 PASS
FTFT7 COARSE BUDGET both_coarse_at_rest step=6 px=0 py=0 pz=0 residual=0 normalized=0
FTFT7 COARSE CHECK both_coarse_at_rest collision_free_step_5 PASS
FTFT7 COARSE BUDGET both_coarse_at_rest step=7 px=0 py=0 pz=0 residual=0 normalized=0
FTFT7 COARSE CHECK both_coarse_at_rest collision_free_step_6 PASS
FTFT7 COARSE BUDGET both_coarse_at_rest step=8 px=0 py=0 pz=0 residual=0 normalized=0
FTFT7 COARSE CHECK both_coarse_at_rest collision_free_step_7 PASS
FTFT7 COARSE BUDGET both_coarse_at_rest step=9 px=0 py=0 pz=0 residual=0 normalized=0
FTFT7 COARSE CHECK both_coarse_at_rest collision_free_step_8 PASS
FTFT7 COARSE BUDGET both_coarse_at_rest step=10 px=0 py=0 pz=0 residual=0 normalized=0
FTFT7 COARSE CHECK both_coarse_at_rest collision_free_step_9 PASS
FTFT7 COARSE BUDGET both_coarse_at_rest step=11 px=0 py=0 pz=0 residual=0 normalized=0
FTFT7 COARSE CHECK both_coarse_at_rest collision_free_step_10 PASS
FTFT7 COARSE BUDGET both_coarse_at_rest step=12 px=0 py=0 pz=0 residual=0 normalized=0
FTFT7 COARSE CHECK both_coarse_at_rest collision_free_step_11 PASS
FTFT7 COARSE CHECK both_coarse_at_rest closed_system_momentum_budget PASS
FTFT7 COARSE CHECK rotated_translated serialized_scene PASS
FTFT7 COARSE CHECK rotated_translated demote_A PASS
FTFT7 COARSE BUDGET rotated_translated step=1 px=-6071262692379.1172 py=-3698368623605.373 pz=-2133446178042.334 residual=22247482919.248966 normalized=0.0025394288700825332
FTFT7 COARSE CHECK rotated_translated coarse_initial_Newton_dv FAIL
FTFT7 COARSE CHECK rotated_translated other_initial_Newton_dv PASS
FTFT7 COARSE CHECK rotated_translated collision_free_step_0 PASS
FTFT7 COARSE BUDGET rotated_translated step=2 px=-6089963768810.0859 py=-3709790780846.1855 pz=-2140018662985.5059 residual=45125270384.085846 normalized=0.0051508035672871684
FTFT7 COARSE CHECK rotated_translated collision_free_step_1 PASS
FTFT7 COARSE BUDGET rotated_translated step=3 px=-6109190796624.3984 py=-3721565797582.623 pz=-2146776637582.459 residual=68662448625.938545 normalized=0.0078374441263377448
FTFT7 COARSE CHECK rotated_translated collision_free_step_2 PASS
FTFT7 COARSE BUDGET rotated_translated step=4 px=-6128967140842.7109 py=-3733711078370.8887 pz=-2153728923320.584 residual=92889366516.634521 normalized=0.010602814705475121
FTFT7 COARSE CHECK rotated_translated collision_free_step_3 PASS
FTFT7 COARSE BUDGET rotated_translated step=5 px=-6149318550671.4609 py=-3746245458278.6543 pz=-2160884341687.2715 residual=117839041052.21347 normalized=0.013450684014770946
FTFT7 COARSE CHECK rotated_translated collision_free_step_4 PASS
FTFT7 COARSE BUDGET rotated_translated step=6 px=-6170272682665.7109 py=-3759188726047.9043 pz=-2168252667844.2246 residual=143546803170.5314 normalized=0.016385084888138352
FTFT7 COARSE CHECK rotated_translated collision_free_step_5 PASS
FTFT7 COARSE BUDGET rotated_translated step=7 px=-6191858147054.8359 py=-3772562577769.248 pz=-2175843915371.7246 residual=170049791632.18732 normalized=0.019410256512599377
FTFT7 COARSE CHECK rotated_translated collision_free_step_6 PASS
FTFT7 COARSE BUDGET rotated_translated step=8 px=-6214105938253.9922 py=-3786389901626.1855 pz=-2183669528361.5215 residual=197388106781.12256 normalized=0.022530776123766447
FTFT7 COARSE CHECK rotated_translated collision_free_step_7 PASS
FTFT7 COARSE BUDGET rotated_translated step=9 px=-6237049434864.1172 py=-3800695254732.2637 pz=-2191740950905.3652 residual=225604639002.72467 normalized=0.025751539425270281
FTFT7 COARSE CHECK rotated_translated collision_free_step_8 PASS
FTFT7 COARSE BUDGET rotated_translated step=10 px=-6260723922834.7734 py=-3815505578386.8105 pz=-2200071057606.4746 residual=254745451059.99362 normalized=0.029077804230348558
FTFT7 COARSE CHECK rotated_translated collision_free_step_9 PASS
FTFT7 COARSE BUDGET rotated_translated step=11 px=-6285167549138.4609 py=-3830849244400.623 pz=-2208673199905.2246 residual=284859804701.35956 normalized=0.032515193498983241
FTFT7 COARSE CHECK rotated_translated collision_free_step_10 PASS
FTFT7 COARSE BUDGET rotated_translated step=12 px=-6310421321770.6172 py=-3846757485607.4355 pz=-2217561921334.8809 residual=316001086649.92908 normalized=0.036069801034524035
FTFT7 COARSE CHECK rotated_translated collision_free_step_11 PASS
FTFT7 COARSE CHECK rotated_translated closed_system_momentum_budget FAIL
FTFT7 COARSE CHECK reversed_creation_boost serialized_scene PASS
FTFT7 COARSE CHECK reversed_creation_boost demote_A PASS
FTFT7 COARSE BUDGET reversed_creation_boost step=1 px=2928736913129.0156 py=-9698368509622.4062 pz=866553779867.34375 residual=22247677941.484062 normalized=0.0014788219535791663
FTFT7 COARSE CHECK reversed_creation_boost coarse_initial_Newton_dv FAIL
FTFT7 COARSE CHECK reversed_creation_boost other_initial_Newton_dv PASS
FTFT7 COARSE CHECK reversed_creation_boost collision_free_step_0 PASS
FTFT7 COARSE BUDGET reversed_creation_boost step=2 px=2910035598279.4688 py=-9709790666863.2188 pz=859981294924.17188 residual=45125660296.3125 normalized=0.0029995407741636505
FTFT7 COARSE CHECK reversed_creation_boost collision_free_step_1 PASS
FTFT7 COARSE BUDGET reversed_creation_boost step=3 px=2890808808883.7344 py=-9721565683599.6562 pz=853223201117.92969 residual=68662677760.791786 normalized=0.0045640662154163457
FTFT7 COARSE CHECK reversed_creation_boost collision_free_step_2 PASS
FTFT7 COARSE BUDGET reversed_creation_boost step=4 px=2871032464665.4219 py=-9733711202806.5 pz=846271034589.09375 residual=92889680501.485886 normalized=0.0061744555610637663
FTFT7 COARSE CHECK reversed_creation_boost collision_free_step_3 PASS
FTFT7 COARSE BUDGET reversed_creation_boost step=5 px=2850680816418.0938 py=-9746245344295.6875 pz=839115616222.40625 residual=117839430545.0318 normalized=0.0078328865307026249
FTFT7 COARSE CHECK reversed_creation_boost collision_free_step_4 PASS
FTFT7 COARSE BUDGET reversed_creation_boost step=6 px=2829726922842.4219 py=-9759188612064.9375 pz=831747409274.74219 residual=143546963626.93796 normalized=0.0095416879792797581
FTFT7 COARSE CHECK reversed_creation_boost collision_free_step_5 PASS
FTFT7 COARSE BUDGET reversed_creation_boost step=7 px=2808141458453.2969 py=-9772562463786.2812 pz=824156042537.95312 residual=170049986227.84335 normalized=0.011303366288427794
FTFT7 COARSE CHECK reversed_creation_boost collision_free_step_6 PASS
FTFT7 COARSE BUDGET reversed_creation_boost step=8 px=2785893667254.1406 py=-9786389787643.2188 pz=816330548757.44531 residual=197388267104.02261 normalized=0.013120564920983627
FTFT7 COARSE CHECK reversed_creation_boost collision_free_step_7 PASS
FTFT7 COARSE BUDGET reversed_creation_boost step=9 px=2762950409062.5938 py=-9800695379167.875 pz=808259126213.60156 residual=225604724674.66791 normalized=0.014996136700539954
FTFT7 COARSE CHECK reversed_creation_boost collision_free_step_8 PASS
FTFT7 COARSE BUDGET reversed_creation_boost step=10 px=2739275921091.9375 py=-9815505464403.8438 pz=799929138721.78125 residual=254745382720.25659 normalized=0.01693314086667835
FTFT7 COARSE CHECK reversed_creation_boost collision_free_step_9 PASS
FTFT7 COARSE BUDGET reversed_creation_boost step=11 px=2714832294788.25 py=-9830849130417.6562 pz=791326996423.03125 residual=284859736386.53467 normalized=0.01893486740356333
FTFT7 COARSE CHECK reversed_creation_boost collision_free_step_10 PASS
FTFT7 COARSE BUDGET reversed_creation_boost step=12 px=2689578522156.0938 py=-9846757371624.4688 pz=782438274993.375 residual=316001018360.97406 normalized=0.021004854732916415
FTFT7 COARSE CHECK reversed_creation_boost collision_free_step_11 PASS
FTFT7 COARSE CHECK reversed_creation_boost closed_system_momentum_budget FAIL
FTFT7 COARSE CHECK gravity_fidelity demote PASS
FTFT7 GRAVITY FIDELITY full=(1,1.95000005,3) coarse=(0.900749266,1.79119885,3) expected=(1,1.9499999973922968,3)
FTFT7 COARSE CHECK full_ordinary_uses_authored_local_gravity PASS
FTFT7 COARSE CHECK coarse_ordinary_uses_same_authored_local_gravity FAIL
FTFT7 COARSE CHECK gravity_fidelity_preserves_trajectory FAIL
FTFT7 coarse celestial: 125 checks, 14 failures, 86 steps
