[  0%] Built target judas_audio_backend
[  0%] Built target judas_glad
[  7%] Built target judas_quickjs
[ 15%] Building CXX object CMakeFiles/judas_engine.dir/src/RuntimeWorld.cpp.o
[ 15%] Linking CXX static library libjudas_engine.a
[100%] Built target judas_engine
[100%] Linking CXX executable judas_boundary_migration_tests
[100%] Built target judas_boundary_migration_tests
[  6%] Built target judas_audio_backend
[  6%] Built target judas_glad
[  6%] Built target judas_quickjs
[ 13%] Built target judas_imgui
[ 93%] Built target judas_engine
[ 93%] Building CXX object CMakeFiles/judas_editor.dir/src/editor/EditorApplication.cpp.o
[ 93%] Linking CXX executable judas_editor
[100%] Built target judas_editor
[  7%] Built target judas_glad
[  7%] Built target judas_audio_backend
[  7%] Built target judas_quickjs
[100%] Built target judas_engine
[100%] Linking CXX executable judas
[100%] Built target judas
