libEGL warning: Not allowed to force software rendering when API explicitly selects a hardware device.
M31 resource stress: generating 24 sphere meshes (160x160) and 16 1024x1024 textures under /tmp/judas_m31_stress_4108
  137.5 MB of asset files
  7 workers, scene 'Tiny game' playing (3 dynamic bodies)
  async: all 40 assets Ready after 0.84 s; per-asset latency (request->Ready) min 206 ms avg 567 ms max 833 ms; 40 uploads; resident 211.9 MB (peak 211.9 MB)
  cancel: 20 loads cancelled by dropped demand, 10 stale completions discarded, 20 ready, 0 loading
  evict: budget 53.2 MB -> resident 106.4 MB before, 85.3 MB after, 4 evictions; referenced textures survived: yes
  reload: 4 evicted meshes re-requested and Ready again after 0.15 s
  blocking: all 40 assets loaded on the main thread in 1.73 s (one per frame)

Per-phase main-thread measurements (frame = pump + play frame + swap; 60 Hz fixed step):
  baseline (no loads)          frames  120 | frame avg   6.26 ms p99  55.38 ms max  169.34 ms (pump max   0.00 ms) | >33 ms:  12 | fixed steps    46 (expected ~   49, 1 saturated) | queue max  0 avg   0.0 | worker util   0.0% | jobs done 0
  async load (40 assets)       frames   21 | frame avg  39.08 ms p99 177.54 ms max  177.54 ms (pump max  37.17 ms) | >33 ms:   7 | fixed steps    45 (expected ~   50, 1 saturated) | queue max 31 avg   8.0 | worker util  74.9% | jobs done 40
  cancel + release             frames    1 | frame avg   1.35 ms p99   1.35 ms max    1.35 ms (pump max   0.09 ms) | >33 ms:   0 | fixed steps     0 (expected ~    0, 0 saturated) | queue max  5 avg   5.0 | worker util   5.9% | jobs done 0
  evict + reload               frames   11 | frame avg  12.19 ms p99 106.25 ms max  106.25 ms (pump max   6.01 ms) | >33 ms:   1 | fixed steps     8 (expected ~    9, 0 saturated) | queue max  0 avg   0.0 | worker util  42.6% | jobs done 4
  BLOCKING load (40 assets)    frames   40 | frame avg  42.79 ms p99  68.77 ms max   68.77 ms (pump max   0.00 ms) | >33 ms:  28 | fixed steps   105 (expected ~  104, 0 saturated) | queue max  0 avg   0.0 | worker util   0.0% | jobs done 0

Claim under test: expensive resource preparation no longer forces the main thread to wait for the whole operation.
  async  : worst frame  177.54 ms,   7 frames over 33 ms, 1 saturated catch-up frames, wall 0.84 s
  blocking: worst frame   68.77 ms,  28 frames over 33 ms, 0 saturated catch-up frames, wall 1.73 s
  (the work itself is not free: worker busy time during the async phase was 4.39 s across 7 workers)

shutdown clean (resources, workers, renderer, window in that order); temporary project removed
