Renderer fragment texture units: 32 (material path uses 12)
World state: disk saves disabled for additive compositions
Project: Judas Developer Integration (/home/conner/Documents/GitHub/Project-Judas/projects/m65_integration/m65_integration.judasproj)
Scene: M65 developer integration (/home/conner/Documents/GitHub/Project-Judas/projects/m65_integration/Scenes/integration.judas)
World origin (m): 0.000, 0.000, 0.000
PASS runtime window uses project title
PASS real M35 input drives project motor script
PASS resolved joint queries through real resource pipeline
PASS moving board foot target reached without transitionFraction guess
PASS visual socket follows resolved hand
PASS interrupted crossfade retains IK/socket resolver path
PASS ordinary sensor checkpoint callback detects motor
PASS public JS creates normal runtime joint
PASS public JS reanchors owner-local world joint
SLEEP_TRACE slot=22 n=1 quiet=0 anchored=1 secs=0 v=3.99888 w=9.55528
PASS shared physical material identity and instance control
PASS ragdoll takes resolved IK/layer pose
PASS socket follows physical pose through same resolver
PASS return contribution preserves visual pose
PASS visual return retires physical articulation
SLEEP_TRACE slot=38 n=7 quiet=0 anchored=1 secs=0 v=2.87802 w=2.84171
SLEEP_TRACE slot=11 n=1 quiet=1 anchored=1 secs=0.733333 v=7.61722e-07 w=2.91187e-07
SLEEP_TRACE slot=45 n=14 quiet=0 anchored=1 secs=0 v=0.0232223 w=0.0785019
SLEEP_TRACE slot=31 n=7 quiet=0 anchored=1 secs=0 v=5.38054e-05 w=5.43394e-05
SLEEP_TRACE slot=22 n=1 quiet=0 anchored=1 secs=0 v=8.61022e-06 w=13.497
SLEEP_TRACE slot=19 n=1 quiet=1 anchored=1 secs=0.65 v=4.26745e-07 w=1.00797e-07
SLEEP_TRACE slot=17 n=1 quiet=1 anchored=1 secs=0.116667 v=5.37634e-07 w=2.5714e-07
SLEEP_TRACE slot=10 n=3 quiet=0 anchored=1 secs=0 v=0.0561437 w=0.0786962
SLEEP_TRACE slot=12 n=1 quiet=1 anchored=1 secs=0.166667 v=2.22508e-07 w=2.83382e-07
SLEEP_TRACE slot=15 n=1 quiet=1 anchored=1 secs=0.666667 v=6.07719e-07 w=4.32951e-07
SLEEP_TRACE slot=19 n=1 quiet=1 anchored=1 secs=0.6 v=3.83964e-07 w=1.00211e-06
SLEEP_TRACE slot=22 n=1 quiet=0 anchored=1 secs=0 v=8.61418e-06 w=13.497
SLEEP_TRACE slot=31 n=7 quiet=0 anchored=1 secs=0 v=3.11742e-05 w=2.79883e-05
SLEEP_TRACE slot=45 n=14 quiet=0 anchored=1 secs=0 v=0.0184117 w=0.0268619
SLEEP_TRACE slot=12 n=1 quiet=1 anchored=1 secs=0.2 v=1.09342e-07 w=6.92968e-07
SLEEP_TRACE slot=24 n=7 quiet=0 anchored=1 secs=0 v=3.12564e-05 w=1.89038e-05
SLEEP_TRACE slot=31 n=7 quiet=0 anchored=1 secs=0 v=3.34645e-05 w=1.6406e-05
SLEEP_TRACE slot=11 n=1 quiet=1 anchored=1 secs=0.733333 v=6.04772e-07 w=4.01742e-07
SLEEP_TRACE slot=13 n=3 quiet=1 anchored=1 secs=0.15 v=2.95344e-07 w=2.97579e-07
SETTLED sleeping=0/48
MOTION 10 0.00000 0.00000 0
MOTION 11 0.00000 0.00000 0
MOTION 12 0.00011 0.00052 0
MOTION 13 0.00000 0.00000 0
MOTION 14 0.15754 0.39488 0
MOTION 15 0.00000 0.00000 0
MOTION 16 0.00000 0.00000 0
MOTION 17 0.00000 0.00000 0
MOTION 18 0.47303 0.39486 0
MOTION 19 0.00000 0.00000 0
MOTION 20 0.00000 0.00000 0
MOTION 21 0.00000 0.00000 0
MOTION 22 0.00001 13.49703 0
MOTION 24 0.00003 0.00001 0
MOTION 25 0.00003 0.00002 0
MOTION 26 0.00002 0.00002 0
MOTION 27 0.00003 0.00001 0
MOTION 28 0.00003 0.00001 0
MOTION 29 0.00003 0.00001 0
MOTION 30 0.00002 0.13170 0
MOTION 31 0.00001 0.00004 0
MOTION 32 0.00001 0.00002 0
MOTION 33 0.00001 0.00001 0
MOTION 34 0.00000 0.00001 0
MOTION 35 0.00001 0.00001 0
MOTION 36 0.00007 0.00018 0
MOTION 37 0.00018 0.00059 0
MOTION 38 0.00003 0.00002 0
MOTION 39 0.00002 0.00002 0
MOTION 40 0.00002 0.00002 0
MOTION 41 0.00002 0.00002 0
MOTION 42 0.00002 0.00002 0
MOTION 43 0.00003 0.00001 0
MOTION 44 0.00003 0.13610 0
MOTION 45 0.00002 0.00004 0
MOTION 46 0.00002 0.00001 0
MOTION 47 0.00002 0.00001 0
MOTION 48 0.00002 0.00002 0
MOTION 49 0.00003 0.00002 0
MOTION 50 0.00001 0.00004 0
MOTION 51 0.00001 0.00004 0
MOTION 52 0.00001 0.00003 0
MOTION 53 0.00003 0.00002 0
MOTION 54 0.00003 0.00002 0
MOTION 55 0.00003 0.00002 0
MOTION 56 0.00003 0.00002 0
MOTION 57 0.00004 0.09234 0
MOTION 58 0.00006 0.09234 0
FAIL ragdoll/debris demonstration settles connected physical bodies
PASS normal M56 profiling export
SUMMARY 16 checks 1 failures
