PASS two-bone reaches known reachable target
PASS IK preserves actual segment lengths
PASS unreachable target reports actual residual without stretch
PASS folded/degenerate pole remains finite
PASS zero weight preserves incoming resolved pose
PASS UV instance overrides serializer round-trip
PASS shared physical resource uses existing coefficient limits
PASS typed entity inspector schema
PASS authored entity references remap, numeric properties untouched
uphill supports=45/45
PASS inclined tangent remains supported
PASS outward jump releases inclined support
uphill supports=45/45
PASS inclined tangent remains supported
PASS outward jump releases inclined support
sleep=1 v=0
PASS balanced gravity-supported crate sleeps
PASS sleeping geometry remains queryable
PASS impulse wakes resting crate
PASS woken crate physically moves
PASS moving support wakes contact island
PASS checkpoint script registered
PASS ordinary sensor/motor runtime
motor events {"enter":1,"stay":0,"exit":1,"safe":true,"impulse":null}
FAIL motor sensor enter/stay/exit coalesced
PASS massless motor event safe entity, absent solved impulse
PASS sensor callbacks fault-free
SUMMARY 23 checks 1 failures
