
This GDB supports auto-downloading debuginfo from the following URLs:
  <https://debuginfod.ubuntu.com>
Enable debuginfod for this session? (y or [n]) [answered N; input not from terminal]
Debuginfod has been disabled.
To make this setting permanent, add 'set debuginfod enabled off' to .gdbinit.
[Thread debugging using libthread_db enabled]
Using host libthread_db library "/usr/lib/x86_64-linux-gnu/libthread_db.so.1".
terminate called after throwing an instance of 'std::logic_error'
  what():  motion ledger not started

Program received signal SIGABRT, Aborted.
__pthread_kill_implementation (threadid=<optimized out>, signo=6, no_tid=0) at ./nptl/pthread_kill.c:44
warning: 44	./nptl/pthread_kill.c: No such file or directory
#0  __pthread_kill_implementation (threadid=<optimized out>, signo=6, no_tid=0) at ./nptl/pthread_kill.c:44
#1  __pthread_kill_internal (threadid=<optimized out>, signo=6) at ./nptl/pthread_kill.c:89
#2  __GI___pthread_kill (threadid=<optimized out>, signo=signo@entry=6) at ./nptl/pthread_kill.c:100
#3  0x00007ffff7845b7e in __GI_raise (sig=sig@entry=6) at ../sysdeps/posix/raise.c:26
#4  0x00007ffff78288ec in __GI_abort () at ./stdlib/abort.c:77
#5  0x00007ffff7cac275 in ?? () from /usr/lib/x86_64-linux-gnu/libstdc++.so.6
#6  0x00007ffff7cc364a in ?? () from /usr/lib/x86_64-linux-gnu/libstdc++.so.6
#7  0x00007ffff7cabc6c in std::terminate() () from /usr/lib/x86_64-linux-gnu/libstdc++.so.6
#8  0x00007ffff7cc3901 in __cxa_throw () from /usr/lib/x86_64-linux-gnu/libstdc++.so.6
#9  0x000055555560a74d in PhysicsWorld::Impl::AdvanceImpacts(float) ()
#10 0x00005555555f4637 in PhysicsWorld::Step(float) ()
#11 0x0000555555567b13 in (anonymous namespace)::TestPileEnergy() ()
#12 0x0000555555560d9d in main ()
