Renderer fragment texture units: 32 (material path uses 12)
World state: disk saves disabled for additive compositions
Project: Judas Developer Integration (/home/conner/Documents/GitHub/Project-Judas/projects/m65_integration/m65_integration.judasproj)
Scene: M65 developer integration (/home/conner/Documents/GitHub/Project-Judas/projects/m65_integration/Scenes/integration.judas)
World origin (m): 0.000, 0.000, 0.000
PASS runtime window uses project title
PASS real M35 input drives project motor script
PASS resolved joint queries through real resource pipeline
PASS moving board foot target reached without transitionFraction guess
PASS visual socket follows resolved hand
PASS interrupted crossfade retains IK/socket resolver path
PASS ordinary sensor checkpoint callback detects motor
PASS public JS creates normal runtime joint
PASS public JS reanchors owner-local world joint
PASS shared physical material identity and instance control
PASS ragdoll takes resolved IK/layer pose
PASS socket follows physical pose through same resolver
PASS return contribution preserves visual pose
CRITERIA 10 n=2 q=0 motion=1 anchor=0 axis=0 spring=0 anchored=1 secs=0
CRITERIA 11 n=1 q=1 motion=1 anchor=0 axis=0 spring=0 anchored=1 secs=0.183333
CRITERIA 12 n=8 q=0 motion=0 anchor=0 axis=0 spring=0 anchored=1 secs=0
CRITERIA 18 n=1 q=1 motion=1 anchor=0 axis=0 spring=0 anchored=1 secs=0
CRITERIA 22 n=1 q=0 motion=0 anchor=4.07305e-05 axis=0 spring=0 anchored=1 secs=0
CRITERIA 24 n=7 q=0 motion=0 anchor=0.00207693 axis=0.0193367 spring=0.0376637 anchored=1 secs=0
CRITERIA 31 n=7 q=0 motion=0 anchor=0.00207712 axis=0.0193554 spring=0.037664 anchored=1 secs=0
CRITERIA 38 n=7 q=0 motion=0 anchor=0.0020762 axis=0.019336 spring=0.0376639 anchored=1 secs=0
CRITERIA 45 n=14 q=0 motion=0 anchor=0.00817748 axis=0.0266 spring=0.23521 anchored=1 secs=0
PASS visual return retires physical articulation
WAKE 11 asleep=1 quiet=1.06667 reason=Step
WAKE 11 asleep=1 quiet=0.766667 reason=Step
CRITERIA 10 n=2 q=0 motion=1 anchor=0 axis=0 spring=0 anchored=1 secs=0
CRITERIA 11 n=1 q=1 motion=1 anchor=0 axis=0 spring=0 anchored=1 secs=0.0166667
CRITERIA 12 n=6 q=0 motion=0 anchor=0 axis=0 spring=0 anchored=1 secs=0
CRITERIA 17 n=1 q=1 motion=1 anchor=0 axis=0 spring=0 anchored=1 secs=0
CRITERIA 18 n=1 q=1 motion=1 anchor=0 axis=0 spring=0 anchored=1 secs=0
CRITERIA 21 n=1 q=0 motion=0 anchor=0 axis=0 spring=0 anchored=1 secs=0
CRITERIA 22 n=1 q=0 motion=0 anchor=4.76837e-07 axis=0 spring=0 anchored=1 secs=0
CRITERIA 24 n=7 q=0 motion=0 anchor=4.49394e-05 axis=0.000249782 spring=0.0190349 anchored=1 secs=0
CRITERIA 31 n=7 q=0 motion=0 anchor=4.56945e-05 axis=0.000248941 spring=0.01887 anchored=1 secs=0
CRITERIA 38 n=7 q=0 motion=0 anchor=4.40541e-05 axis=0.000249707 spring=0.0188732 anchored=1 secs=0
CRITERIA 45 n=14 q=0 motion=0 anchor=0.000207827 axis=0.00267028 spring=0.00902832 anchored=1 secs=0
WAKE 15 asleep=1 quiet=0.766667 reason=ResetBody
WAKE 19 asleep=1 quiet=0.766667 reason=ResetBody
CRITERIA 10 n=2 q=0 motion=1 anchor=0 axis=0 spring=0 anchored=1 secs=0
CRITERIA 11 n=1 q=1 motion=1 anchor=0 axis=0 spring=0 anchored=1 secs=1.68333
CRITERIA 12 n=1 q=1 motion=1 anchor=0 axis=0 spring=0 anchored=1 secs=1.5
CRITERIA 13 n=3 q=1 motion=1 anchor=0 axis=0 spring=0 anchored=1 secs=1.36667
CRITERIA 15 n=1 q=1 motion=1 anchor=0 axis=0 spring=0 anchored=1 secs=0.35
CRITERIA 17 n=1 q=1 motion=1 anchor=0 axis=0 spring=0 anchored=1 secs=1.61667
CRITERIA 18 n=1 q=1 motion=1 anchor=0 axis=0 spring=0 anchored=1 secs=0
CRITERIA 19 n=1 q=1 motion=1 anchor=0 axis=0 spring=0 anchored=1 secs=0.3
CRITERIA 21 n=1 q=1 motion=1 anchor=0 axis=0 spring=0 anchored=1 secs=1.2
CRITERIA 22 n=1 q=0 motion=0 anchor=4.76837e-07 axis=0 spring=0 anchored=1 secs=0
CRITERIA 24 n=7 q=0 motion=0 anchor=3.53578e-05 axis=0.000181738 spring=0.00492328 anchored=1 secs=0
CRITERIA 31 n=7 q=0 motion=0 anchor=3.56239e-05 axis=0.000184545 spring=0.00505894 anchored=1 secs=0
CRITERIA 38 n=7 q=0 motion=0 anchor=3.56439e-05 axis=0.000182655 spring=0.00500339 anchored=1 secs=0
CRITERIA 45 n=14 q=0 motion=0 anchor=0.00056155 axis=0.00300856 spring=0.00953609 anchored=1 secs=0
CRITERIA 10 n=2 q=0 motion=1 anchor=0 axis=0 spring=0 anchored=1 secs=0
CRITERIA 11 n=1 q=1 motion=1 anchor=0 axis=0 spring=0 anchored=1 secs=3.35
CRITERIA 12 n=1 q=1 motion=1 anchor=0 axis=0 spring=0 anchored=1 secs=3.16666
CRITERIA 13 n=3 q=1 motion=1 anchor=0 axis=0 spring=0 anchored=1 secs=3.03333
CRITERIA 15 n=1 q=1 motion=1 anchor=0 axis=0 spring=0 anchored=1 secs=2.01667
CRITERIA 17 n=1 q=1 motion=1 anchor=0 axis=0 spring=0 anchored=1 secs=3.28333
CRITERIA 18 n=1 q=0 motion=0 anchor=0 axis=0 spring=0 anchored=1 secs=0
CRITERIA 19 n=1 q=1 motion=1 anchor=0 axis=0 spring=0 anchored=1 secs=1.96667
CRITERIA 21 n=1 q=1 motion=1 anchor=0 axis=0 spring=0 anchored=1 secs=2.86666
CRITERIA 22 n=1 q=0 motion=0 anchor=4.76837e-07 axis=0 spring=0 anchored=1 secs=0
CRITERIA 24 n=7 q=0 motion=0 anchor=4.04757e-05 axis=0.000240003 spring=0.00824946 anchored=1 secs=0
CRITERIA 31 n=7 q=0 motion=0 anchor=4.27574e-05 axis=0.000245888 spring=0.00844505 anchored=1 secs=0
CRITERIA 38 n=7 q=0 motion=0 anchor=4.29484e-05 axis=0.000243834 spring=0.0083847 anchored=1 secs=0
CRITERIA 45 n=14 q=0 motion=0 anchor=0.000293426 axis=0.00106303 spring=0.0171494 anchored=1 secs=0
WAKE 11 asleep=1 quiet=3.45 reason=Step
WAKE 11 asleep=1 quiet=0.766667 reason=Step
WAKE 12 asleep=1 quiet=4.03333 reason=Step
WAKE 15 asleep=1 quiet=2.88333 reason=Step
WAKE 13 asleep=1 quiet=3.9 reason=Step
WAKE 17 asleep=1 quiet=4.15 reason=Step
WAKE 19 asleep=1 quiet=2.83333 reason=Step
WAKE 21 asleep=1 quiet=3.73333 reason=Step
CRITERIA 10 n=3 q=1 motion=1 anchor=0 axis=0 spring=0 anchored=1 secs=0.366667
CRITERIA 11 n=1 q=1 motion=1 anchor=0 axis=0 spring=0 anchored=1 secs=0.8
CRITERIA 12 n=1 q=1 motion=1 anchor=0 axis=0 spring=0 anchored=1 secs=0.8
CRITERIA 13 n=3 q=1 motion=1 anchor=0 axis=0 spring=0 anchored=1 secs=0.8
CRITERIA 15 n=1 q=1 motion=1 anchor=0 axis=0 spring=0 anchored=1 secs=0.8
CRITERIA 17 n=1 q=1 motion=1 anchor=0 axis=0 spring=0 anchored=1 secs=0.8
CRITERIA 19 n=1 q=1 motion=1 anchor=0 axis=0 spring=0 anchored=1 secs=0.8
CRITERIA 21 n=1 q=1 motion=1 anchor=0 axis=0 spring=0 anchored=1 secs=0.8
CRITERIA 22 n=1 q=0 motion=0 anchor=4.76837e-07 axis=0 spring=0 anchored=1 secs=0
CRITERIA 24 n=7 q=0 motion=0 anchor=7.36001e-05 axis=0.000307661 spring=0.0126709 anchored=1 secs=0
CRITERIA 31 n=7 q=0 motion=0 anchor=7.68238e-05 axis=0.00031628 spring=0.0130836 anchored=1 secs=0
CRITERIA 38 n=7 q=0 motion=0 anchor=7.62892e-05 axis=0.000313245 spring=0.0129508 anchored=1 secs=0
CRITERIA 45 n=14 q=0 motion=0 anchor=0.000605025 axis=0.00344069 spring=0.0362855 anchored=1 secs=0
CRITERIA 10 n=3 q=1 motion=1 anchor=0 axis=0 spring=0 anchored=1 secs=2.03333
CRITERIA 11 n=1 q=1 motion=1 anchor=0 axis=0 spring=0 anchored=1 secs=2.46667
CRITERIA 12 n=1 q=1 motion=1 anchor=0 axis=0 spring=0 anchored=1 secs=2.46667
CRITERIA 13 n=3 q=1 motion=1 anchor=0 axis=0 spring=0 anchored=1 secs=2.46667
CRITERIA 15 n=1 q=1 motion=1 anchor=0 axis=0 spring=0 anchored=1 secs=2.46667
CRITERIA 17 n=1 q=1 motion=1 anchor=0 axis=0 spring=0 anchored=1 secs=2.46667
CRITERIA 19 n=1 q=1 motion=1 anchor=0 axis=0 spring=0 anchored=1 secs=2.46667
CRITERIA 21 n=1 q=1 motion=1 anchor=0 axis=0 spring=0 anchored=1 secs=2.46667
CRITERIA 22 n=1 q=0 motion=0 anchor=4.76837e-07 axis=0 spring=0 anchored=1 secs=0
CRITERIA 24 n=7 q=0 motion=0 anchor=5.76688e-06 axis=4.42819e-05 spring=0.00258963 anchored=1 secs=0
CRITERIA 31 n=7 q=0 motion=0 anchor=7.16944e-06 axis=4.84642e-05 spring=0.00269705 anchored=1 secs=0
CRITERIA 38 n=7 q=0 motion=0 anchor=7.3189e-06 axis=4.73461e-05 spring=0.00266249 anchored=1 secs=0
CRITERIA 45 n=14 q=0 motion=0 anchor=0.000941588 axis=0.00556279 spring=0.0237125 anchored=1 secs=0
WAKE 18 asleep=1 quiet=3.33333 reason=ResetBody
CRITERIA 10 n=3 q=1 motion=1 anchor=0 axis=0 spring=0 anchored=1 secs=0.366667
CRITERIA 11 n=1 q=1 motion=1 anchor=0 axis=0 spring=0 anchored=1 secs=4.13333
CRITERIA 12 n=1 q=1 motion=1 anchor=0 axis=0 spring=0 anchored=1 secs=4.13333
CRITERIA 13 n=3 q=1 motion=1 anchor=0 axis=0 spring=0 anchored=1 secs=4.13333
CRITERIA 15 n=1 q=1 motion=1 anchor=0 axis=0 spring=0 anchored=1 secs=4.13333
CRITERIA 17 n=1 q=1 motion=1 anchor=0 axis=0 spring=0 anchored=1 secs=4.13333
CRITERIA 19 n=1 q=1 motion=1 anchor=0 axis=0 spring=0 anchored=1 secs=4.13333
CRITERIA 21 n=1 q=1 motion=1 anchor=0 axis=0 spring=0 anchored=1 secs=4.13333
CRITERIA 22 n=1 q=0 motion=0 anchor=4.76837e-07 axis=0 spring=0 anchored=1 secs=0
CRITERIA 24 n=7 q=0 motion=0 anchor=4.79069e-06 axis=4.39807e-05 spring=0.00248006 anchored=1 secs=0
CRITERIA 31 n=7 q=0 motion=0 anchor=6.42874e-06 axis=4.61713e-05 spring=0.00259623 anchored=1 secs=0
CRITERIA 38 n=7 q=0 motion=0 anchor=6.35181e-06 axis=4.49082e-05 spring=0.00255466 anchored=1 secs=0
CRITERIA 45 n=14 q=0 motion=0 anchor=0.00105843 axis=0.00589143 spring=0.0396747 anchored=1 secs=0
WAKE 14 asleep=1 quiet=0.766667 reason=ResetBody
CRITERIA 10 n=1 q=1 motion=1 anchor=0 axis=0 spring=0 anchored=1 secs=0.2
CRITERIA 11 n=3 q=0 motion=0 anchor=0 axis=0 spring=0 anchored=1 secs=0
CRITERIA 12 n=1 q=1 motion=1 anchor=0 axis=0 spring=0 anchored=1 secs=5.80002
CRITERIA 13 n=3 q=1 motion=1 anchor=0 axis=0 spring=0 anchored=1 secs=5.80002
CRITERIA 15 n=1 q=1 motion=1 anchor=0 axis=0 spring=0 anchored=1 secs=5.80002
CRITERIA 17 n=1 q=1 motion=1 anchor=0 axis=0 spring=0 anchored=1 secs=5.80002
CRITERIA 19 n=1 q=1 motion=1 anchor=0 axis=0 spring=0 anchored=1 secs=5.80002
CRITERIA 21 n=1 q=1 motion=1 anchor=0 axis=0 spring=0 anchored=1 secs=5.80002
CRITERIA 22 n=1 q=0 motion=0 anchor=4.76837e-07 axis=0 spring=0 anchored=1 secs=0
CRITERIA 24 n=7 q=0 motion=0 anchor=5.41329e-06 axis=4.25091e-05 spring=0.00236332 anchored=1 secs=0
CRITERIA 31 n=7 q=0 motion=0 anchor=5.58269e-06 axis=4.42978e-05 spring=0.00249946 anchored=1 secs=0
CRITERIA 38 n=7 q=0 motion=0 anchor=6.1989e-06 axis=4.3409e-05 spring=0.00245178 anchored=1 secs=0
CRITERIA 45 n=14 q=0 motion=0 anchor=0.000510131 axis=0.00328673 spring=0.00834167 anchored=1 secs=0
WAKE 19 asleep=1 quiet=6.63337 reason=ResetBody
WAKE 15 asleep=1 quiet=6.7167 reason=ResetBody
WAKE 19 asleep=1 quiet=0.766667 reason=ResetBody
CRITERIA 10 n=1 q=1 motion=1 anchor=0 axis=0 spring=0 anchored=1 secs=1.86667
CRITERIA 11 n=1 q=1 motion=1 anchor=0 axis=0 spring=0 anchored=1 secs=0.533333
CRITERIA 12 n=3 q=0 motion=0 anchor=0 axis=0 spring=0 anchored=1 secs=0
CRITERIA 13 n=3 q=1 motion=1 anchor=0 axis=0 spring=0 anchored=1 secs=7.46671
CRITERIA 15 n=1 q=1 motion=1 anchor=0 axis=0 spring=0 anchored=1 secs=0.75
CRITERIA 17 n=1 q=1 motion=1 anchor=0 axis=0 spring=0 anchored=1 secs=7.46671
CRITERIA 19 n=1 q=1 motion=1 anchor=0 axis=0 spring=0 anchored=1 secs=0.0666667
CRITERIA 21 n=1 q=1 motion=1 anchor=0 axis=0 spring=0 anchored=1 secs=7.46671
CRITERIA 22 n=1 q=0 motion=0 anchor=4.76837e-07 axis=0 spring=0 anchored=1 secs=0
CRITERIA 24 n=7 q=0 motion=0 anchor=5.07675e-06 axis=4.00954e-05 spring=0.00227529 anchored=1 secs=0
CRITERIA 31 n=7 q=0 motion=0 anchor=6.75969e-06 axis=4.23143e-05 spring=0.00239998 anchored=1 secs=0
CRITERIA 38 n=7 q=0 motion=0 anchor=5.32753e-06 axis=4.16286e-05 spring=0.00235736 anchored=1 secs=0
CRITERIA 45 n=14 q=0 motion=0 anchor=1.5053e-05 axis=5.66051e-05 spring=0.00114805 anchored=1 secs=0
WAKE 15 asleep=1 quiet=0.766667 reason=ResetBody
WAKE 19 asleep=1 quiet=0.766667 reason=ResetBody
WAKE 15 asleep=1 quiet=0.766667 reason=ResetBody
WAKE 16 asleep=1 quiet=8.25005 reason=Step
WAKE 17 asleep=1 quiet=8.25005 reason=Step
WAKE 21 asleep=1 quiet=8.25005 reason=Step
WAKE 11 asleep=1 quiet=1.35 reason=Step
WAKE 19 asleep=1 quiet=0.766667 reason=ResetBody
WAKE 15 asleep=1 quiet=0.766667 reason=ResetBody
WAKE 13 asleep=1 quiet=0.766667 reason=Step
WAKE 17 asleep=1 quiet=0.766667 reason=Step
WAKE 21 asleep=1 quiet=0.766667 reason=Step
WAKE 11 asleep=1 quiet=0.766667 reason=Step
CRITERIA 10 n=1 q=1 motion=1 anchor=0 axis=0 spring=0 anchored=1 secs=3.53333
CRITERIA 11 n=1 q=1 motion=1 anchor=0 axis=0 spring=0 anchored=1 secs=0.0833333
CRITERIA 12 n=3 q=0 motion=0 anchor=0 axis=0 spring=0 anchored=1 secs=0
CRITERIA 13 n=3 q=1 motion=1 anchor=0 axis=0 spring=0 anchored=1 secs=0.116667
CRITERIA 15 n=1 q=1 motion=1 anchor=0 axis=0 spring=0 anchored=1 secs=0.116667
CRITERIA 17 n=1 q=1 motion=1 anchor=0 axis=0 spring=0 anchored=1 secs=0.116667
CRITERIA 19 n=1 q=1 motion=1 anchor=0 axis=0 spring=0 anchored=1 secs=0.2
CRITERIA 21 n=1 q=1 motion=1 anchor=0 axis=0 spring=0 anchored=1 secs=0.116667
CRITERIA 22 n=1 q=0 motion=0 anchor=4.76837e-07 axis=0 spring=0 anchored=1 secs=0
CRITERIA 24 n=7 q=0 motion=0 anchor=3.97702e-06 axis=3.88114e-05 spring=0.00219584 anchored=1 secs=0
CRITERIA 31 n=7 q=1 motion=1 anchor=2.03841e-06 axis=4.88876e-06 spring=8.46386e-06 anchored=1 secs=0.166667
CRITERIA 38 n=7 q=0 motion=0 anchor=5.32038e-06 axis=3.98224e-05 spring=0.00226915 anchored=1 secs=0
CRITERIA 45 n=14 q=0 motion=0 anchor=1.17695e-05 axis=5.99174e-05 spring=0.00153458 anchored=1 secs=0
WAKE 19 asleep=1 quiet=0.766667 reason=ResetBody
WAKE 13 asleep=1 quiet=0.766667 reason=Step
WAKE 15 asleep=1 quiet=0.766667 reason=Step
WAKE 17 asleep=1 quiet=0.766667 reason=Step
WAKE 21 asleep=1 quiet=0.766667 reason=Step
WAKE 11 asleep=1 quiet=0.766667 reason=Step
CRITERIA 10 n=1 q=1 motion=1 anchor=0 axis=0 spring=0 anchored=1 secs=5.20001
CRITERIA 11 n=1 q=1 motion=1 anchor=0 axis=0 spring=0 anchored=1 secs=0.983333
CRITERIA 12 n=1 q=1 motion=1 anchor=0 axis=0 spring=0 anchored=1 secs=1.06667
CRITERIA 13 n=3 q=1 motion=1 anchor=0 axis=0 spring=0 anchored=1 secs=1.01667
CRITERIA 14 n=1 q=1 motion=1 anchor=0 axis=0 spring=0 anchored=1 secs=0.7
CRITERIA 15 n=1 q=1 motion=1 anchor=0 axis=0 spring=0 anchored=1 secs=1.01667
CRITERIA 17 n=1 q=1 motion=1 anchor=0 axis=0 spring=0 anchored=1 secs=1.01667
CRITERIA 18 n=1 q=1 motion=1 anchor=0 axis=0 spring=0 anchored=1 secs=0.616667
CRITERIA 19 n=1 q=1 motion=1 anchor=0 axis=0 spring=0 anchored=1 secs=1.1
CRITERIA 21 n=1 q=1 motion=1 anchor=0 axis=0 spring=0 anchored=1 secs=1.01667
CRITERIA 22 n=1 q=0 motion=0 anchor=4.76837e-07 axis=0 spring=0 anchored=1 secs=0
CRITERIA 24 n=7 q=1 motion=1 anchor=1.73187e-06 axis=6.10376e-06 spring=0 anchored=1 secs=1.11667
CRITERIA 31 n=7 q=1 motion=1 anchor=1.67557e-06 axis=5.10595e-06 spring=0 anchored=1 secs=1.83333
CRITERIA 38 n=7 q=1 motion=1 anchor=1.46031e-06 axis=4.06971e-06 spring=0 anchored=1 secs=1.55
CRITERIA 45 n=14 q=0 motion=0 anchor=1.68935e-05 axis=8.23675e-05 spring=0.00209594 anchored=1 secs=0
CRITERIA 10 n=1 q=1 motion=1 anchor=0 axis=0 spring=0 anchored=1 secs=6.8667
CRITERIA 11 n=1 q=1 motion=1 anchor=0 axis=0 spring=0 anchored=1 secs=2.65
CRITERIA 12 n=1 q=1 motion=1 anchor=0 axis=0 spring=0 anchored=1 secs=2.73333
CRITERIA 13 n=3 q=1 motion=1 anchor=0 axis=0 spring=0 anchored=1 secs=2.68333
CRITERIA 14 n=1 q=1 motion=1 anchor=0 axis=0 spring=0 anchored=1 secs=2.36667
CRITERIA 15 n=1 q=1 motion=1 anchor=0 axis=0 spring=0 anchored=1 secs=2.68333
CRITERIA 17 n=1 q=1 motion=1 anchor=0 axis=0 spring=0 anchored=1 secs=2.68333
CRITERIA 18 n=1 q=1 motion=1 anchor=0 axis=0 spring=0 anchored=1 secs=2.28333
CRITERIA 19 n=1 q=1 motion=1 anchor=0 axis=0 spring=0 anchored=1 secs=2.76666
CRITERIA 21 n=1 q=1 motion=1 anchor=0 axis=0 spring=0 anchored=1 secs=2.68333
CRITERIA 22 n=1 q=0 motion=0 anchor=4.76837e-07 axis=0 spring=0 anchored=1 secs=0
CRITERIA 24 n=7 q=1 motion=1 anchor=1.73187e-06 axis=6.10376e-06 spring=0 anchored=1 secs=2.78333
CRITERIA 31 n=7 q=1 motion=1 anchor=1.67557e-06 axis=5.10595e-06 spring=0 anchored=1 secs=3.5
CRITERIA 38 n=7 q=1 motion=1 anchor=1.46031e-06 axis=4.06971e-06 spring=0 anchored=1 secs=3.21666
CRITERIA 45 n=14 q=0 motion=0 anchor=2.09425e-05 axis=0.000109991 spring=0.00279826 anchored=1 secs=0
CRITERIA 10 n=1 q=1 motion=1 anchor=0 axis=0 spring=0 anchored=1 secs=8.53337
CRITERIA 11 n=1 q=1 motion=1 anchor=0 axis=0 spring=0 anchored=1 secs=4.31667
CRITERIA 12 n=1 q=1 motion=1 anchor=0 axis=0 spring=0 anchored=1 secs=4.4
CRITERIA 13 n=3 q=1 motion=1 anchor=0 axis=0 spring=0 anchored=1 secs=4.35
CRITERIA 14 n=1 q=1 motion=1 anchor=0 axis=0 spring=0 anchored=1 secs=4.03333
CRITERIA 15 n=1 q=1 motion=1 anchor=0 axis=0 spring=0 anchored=1 secs=4.35
CRITERIA 17 n=1 q=1 motion=1 anchor=0 axis=0 spring=0 anchored=1 secs=4.35
CRITERIA 18 n=1 q=1 motion=1 anchor=0 axis=0 spring=0 anchored=1 secs=3.95
CRITERIA 19 n=1 q=1 motion=1 anchor=0 axis=0 spring=0 anchored=1 secs=4.43334
CRITERIA 21 n=1 q=1 motion=1 anchor=0 axis=0 spring=0 anchored=1 secs=4.35
CRITERIA 22 n=1 q=0 motion=0 anchor=4.76837e-07 axis=0 spring=0 anchored=1 secs=0
CRITERIA 24 n=7 q=1 motion=1 anchor=1.73187e-06 axis=6.10376e-06 spring=0 anchored=1 secs=4.45
CRITERIA 31 n=7 q=1 motion=1 anchor=1.67557e-06 axis=5.10595e-06 spring=0 anchored=1 secs=5.16668
CRITERIA 38 n=7 q=1 motion=1 anchor=1.46031e-06 axis=4.06971e-06 spring=0 anchored=1 secs=4.88334
CRITERIA 45 n=14 q=0 motion=0 anchor=2.46729e-05 axis=0.000141972 spring=0.00359994 anchored=1 secs=0
CRITERIA 10 n=1 q=1 motion=1 anchor=0 axis=0 spring=0 anchored=1 secs=10.2
CRITERIA 11 n=1 q=1 motion=1 anchor=0 axis=0 spring=0 anchored=1 secs=5.98336
CRITERIA 12 n=1 q=1 motion=1 anchor=0 axis=0 spring=0 anchored=1 secs=6.06669
CRITERIA 13 n=3 q=1 motion=1 anchor=0 axis=0 spring=0 anchored=1 secs=6.01669
CRITERIA 14 n=1 q=1 motion=1 anchor=0 axis=0 spring=0 anchored=1 secs=5.70002
CRITERIA 15 n=1 q=1 motion=1 anchor=0 axis=0 spring=0 anchored=1 secs=6.01669
CRITERIA 17 n=1 q=1 motion=1 anchor=0 axis=0 spring=0 anchored=1 secs=6.01669
CRITERIA 18 n=1 q=1 motion=1 anchor=0 axis=0 spring=0 anchored=1 secs=5.61668
CRITERIA 19 n=1 q=1 motion=1 anchor=0 axis=0 spring=0 anchored=1 secs=6.10002
CRITERIA 21 n=1 q=1 motion=1 anchor=0 axis=0 spring=0 anchored=1 secs=6.01669
CRITERIA 22 n=1 q=0 motion=0 anchor=4.76837e-07 axis=0 spring=0 anchored=1 secs=0
CRITERIA 24 n=7 q=1 motion=1 anchor=1.73187e-06 axis=6.10376e-06 spring=0 anchored=1 secs=6.11669
CRITERIA 31 n=7 q=1 motion=1 anchor=1.67557e-06 axis=5.10595e-06 spring=0 anchored=1 secs=6.83337
CRITERIA 38 n=7 q=1 motion=1 anchor=1.46031e-06 axis=4.06971e-06 spring=0 anchored=1 secs=6.55003
CRITERIA 45 n=14 q=0 motion=0 anchor=3.16012e-05 axis=0.00017694 spring=0.00449041 anchored=1 secs=0
CRITERIA 10 n=1 q=1 motion=1 anchor=0 axis=0 spring=0 anchored=1 secs=11.8667
CRITERIA 11 n=1 q=1 motion=1 anchor=0 axis=0 spring=0 anchored=1 secs=7.65005
CRITERIA 12 n=1 q=1 motion=1 anchor=0 axis=0 spring=0 anchored=1 secs=7.73338
CRITERIA 13 n=3 q=1 motion=1 anchor=0 axis=0 spring=0 anchored=1 secs=7.68338
CRITERIA 14 n=1 q=1 motion=1 anchor=0 axis=0 spring=0 anchored=1 secs=7.36671
CRITERIA 15 n=1 q=1 motion=1 anchor=0 axis=0 spring=0 anchored=1 secs=7.68338
CRITERIA 17 n=1 q=1 motion=1 anchor=0 axis=0 spring=0 anchored=1 secs=7.68338
CRITERIA 18 n=1 q=1 motion=1 anchor=0 axis=0 spring=0 anchored=1 secs=7.28337
CRITERIA 19 n=1 q=1 motion=1 anchor=0 axis=0 spring=0 anchored=1 secs=7.76671
CRITERIA 21 n=1 q=1 motion=1 anchor=0 axis=0 spring=0 anchored=1 secs=7.68338
CRITERIA 22 n=1 q=0 motion=0 anchor=4.76837e-07 axis=0 spring=0 anchored=1 secs=0
CRITERIA 24 n=7 q=1 motion=1 anchor=1.73187e-06 axis=6.10376e-06 spring=0 anchored=1 secs=7.78338
CRITERIA 31 n=7 q=1 motion=1 anchor=1.67557e-06 axis=5.10595e-06 spring=0 anchored=1 secs=8.50004
CRITERIA 38 n=7 q=1 motion=1 anchor=1.46031e-06 axis=4.06971e-06 spring=0 anchored=1 secs=8.21671
CRITERIA 45 n=14 q=0 motion=0 anchor=4.07378e-05 axis=0.000217503 spring=0.00569034 anchored=1 secs=0
WAKE 18 asleep=1 quiet=8.63337 reason=ResetBody
WAKE 14 asleep=1 quiet=8.73337 reason=ResetBody
WAKE 19 asleep=1 quiet=9.30003 reason=ResetBody
WAKE 15 asleep=1 quiet=9.28336 reason=ResetBody
CRITERIA 10 n=1 q=1 motion=1 anchor=0 axis=0 spring=0 anchored=1 secs=13.5333
CRITERIA 11 n=1 q=1 motion=1 anchor=0 axis=0 spring=0 anchored=1 secs=9.3167
CRITERIA 12 n=1 q=1 motion=1 anchor=0 axis=0 spring=0 anchored=1 secs=9.40003
CRITERIA 13 n=3 q=1 motion=1 anchor=0 axis=0 spring=0 anchored=1 secs=9.35003
CRITERIA 14 n=1 q=1 motion=1 anchor=0 axis=0 spring=0 anchored=1 secs=0.3
CRITERIA 15 n=1 q=1 motion=1 anchor=0 axis=0 spring=0 anchored=1 secs=0.0666667
CRITERIA 17 n=1 q=1 motion=1 anchor=0 axis=0 spring=0 anchored=1 secs=9.35003
CRITERIA 18 n=1 q=1 motion=1 anchor=0 axis=0 spring=0 anchored=1 secs=0.316667
CRITERIA 19 n=1 q=1 motion=1 anchor=0 axis=0 spring=0 anchored=1 secs=0.133333
CRITERIA 21 n=1 q=1 motion=1 anchor=0 axis=0 spring=0 anchored=1 secs=9.35003
CRITERIA 22 n=1 q=0 motion=0 anchor=4.76837e-07 axis=0 spring=0 anchored=1 secs=0
CRITERIA 24 n=7 q=1 motion=1 anchor=1.73187e-06 axis=6.10376e-06 spring=0 anchored=1 secs=9.45003
CRITERIA 31 n=7 q=1 motion=1 anchor=1.67557e-06 axis=5.10595e-06 spring=0 anchored=1 secs=10.1667
CRITERIA 38 n=7 q=1 motion=1 anchor=1.46031e-06 axis=4.06971e-06 spring=0 anchored=1 secs=9.88335
CRITERIA 45 n=14 q=0 motion=0 anchor=1.29498e-05 axis=0.000122563 spring=0.00656253 anchored=1 secs=0
WAKE 18 asleep=1 quiet=0.766667 reason=ResetBody
WAKE 14 asleep=1 quiet=0.766667 reason=ResetBody
WAKE 19 asleep=1 quiet=0.766667 reason=ResetBody
WAKE 15 asleep=1 quiet=0.766667 reason=ResetBody
WAKE 18 asleep=1 quiet=0.766667 reason=ResetBody
WAKE 14 asleep=1 quiet=0.766667 reason=ResetBody
WAKE 19 asleep=1 quiet=0.766667 reason=ResetBody
WAKE 15 asleep=1 quiet=0.766667 reason=ResetBody
CRITERIA 10 n=1 q=1 motion=1 anchor=0 axis=0 spring=0 anchored=1 secs=15.1999
CRITERIA 11 n=1 q=1 motion=1 anchor=0 axis=0 spring=0 anchored=1 secs=10.9833
CRITERIA 12 n=1 q=1 motion=1 anchor=0 axis=0 spring=0 anchored=1 secs=11.0667
CRITERIA 13 n=3 q=1 motion=1 anchor=0 axis=0 spring=0 anchored=1 secs=11.0167
CRITERIA 14 n=1 q=1 motion=1 anchor=0 axis=0 spring=0 anchored=1 secs=0.433333
CRITERIA 15 n=1 q=1 motion=1 anchor=0 axis=0 spring=0 anchored=1 secs=0.2
CRITERIA 17 n=1 q=1 motion=1 anchor=0 axis=0 spring=0 anchored=1 secs=11.0167
CRITERIA 18 n=1 q=1 motion=1 anchor=0 axis=0 spring=0 anchored=1 secs=0.45
CRITERIA 19 n=1 q=1 motion=1 anchor=0 axis=0 spring=0 anchored=1 secs=0.266667
CRITERIA 21 n=1 q=1 motion=1 anchor=0 axis=0 spring=0 anchored=1 secs=11.0167
CRITERIA 22 n=1 q=0 motion=0 anchor=4.76837e-07 axis=0 spring=0 anchored=1 secs=0
CRITERIA 24 n=7 q=1 motion=1 anchor=1.73187e-06 axis=6.10376e-06 spring=0 anchored=1 secs=11.1167
CRITERIA 31 n=7 q=1 motion=1 anchor=1.67557e-06 axis=5.10595e-06 spring=0 anchored=1 secs=11.8333
CRITERIA 38 n=7 q=1 motion=1 anchor=1.46031e-06 axis=4.06971e-06 spring=0 anchored=1 secs=11.55
CRITERIA 45 n=14 q=0 motion=0 anchor=1.16567e-05 axis=0.00011189 spring=0.00627667 anchored=1 secs=0
WAKE 18 asleep=1 quiet=0.766667 reason=ResetBody
WAKE 14 asleep=1 quiet=0.766667 reason=ResetBody
WAKE 19 asleep=1 quiet=0.766667 reason=ResetBody
WAKE 15 asleep=1 quiet=0.766667 reason=ResetBody
WAKE 18 asleep=1 quiet=0.766667 reason=ResetBody
WAKE 14 asleep=1 quiet=0.766667 reason=ResetBody
WAKE 19 asleep=1 quiet=0.766667 reason=ResetBody
WAKE 15 asleep=1 quiet=0.766667 reason=ResetBody
CRITERIA 10 n=1 q=1 motion=1 anchor=0 axis=0 spring=0 anchored=1 secs=16.8666
CRITERIA 11 n=1 q=1 motion=1 anchor=0 axis=0 spring=0 anchored=1 secs=12.65
CRITERIA 12 n=1 q=1 motion=1 anchor=0 axis=0 spring=0 anchored=1 secs=12.7333
CRITERIA 13 n=3 q=1 motion=1 anchor=0 axis=0 spring=0 anchored=1 secs=12.6833
CRITERIA 14 n=1 q=1 motion=1 anchor=0 axis=0 spring=0 anchored=1 secs=0.566667
CRITERIA 15 n=1 q=1 motion=1 anchor=0 axis=0 spring=0 anchored=1 secs=0.333333
CRITERIA 17 n=1 q=1 motion=1 anchor=0 axis=0 spring=0 anchored=1 secs=12.6833
CRITERIA 18 n=1 q=1 motion=1 anchor=0 axis=0 spring=0 anchored=1 secs=0.583333
CRITERIA 19 n=1 q=1 motion=1 anchor=0 axis=0 spring=0 anchored=1 secs=0.4
CRITERIA 21 n=1 q=1 motion=1 anchor=0 axis=0 spring=0 anchored=1 secs=12.6833
CRITERIA 22 n=1 q=0 motion=0 anchor=4.76837e-07 axis=0 spring=0 anchored=1 secs=0
CRITERIA 24 n=7 q=1 motion=1 anchor=1.73187e-06 axis=6.10376e-06 spring=0 anchored=1 secs=12.7833
CRITERIA 31 n=7 q=1 motion=1 anchor=1.67557e-06 axis=5.10595e-06 spring=0 anchored=1 secs=13.5
CRITERIA 38 n=7 q=1 motion=1 anchor=1.46031e-06 axis=4.06971e-06 spring=0 anchored=1 secs=13.2166
CRITERIA 45 n=14 q=0 motion=0 anchor=1.128e-05 axis=0.000106173 spring=0.00597975 anchored=1 secs=0
CRITERIA 10 n=1 q=1 motion=1 anchor=0 axis=0 spring=0 anchored=1 secs=18.5332
CRITERIA 11 n=1 q=1 motion=1 anchor=0 axis=0 spring=0 anchored=1 secs=14.3166
CRITERIA 12 n=1 q=1 motion=1 anchor=0 axis=0 spring=0 anchored=1 secs=14.4
CRITERIA 13 n=3 q=1 motion=1 anchor=0 axis=0 spring=0 anchored=1 secs=14.35
CRITERIA 14 n=1 q=1 motion=1 anchor=0 axis=0 spring=0 anchored=1 secs=2.23333
CRITERIA 15 n=1 q=1 motion=1 anchor=0 axis=0 spring=0 anchored=1 secs=2
CRITERIA 17 n=1 q=1 motion=1 anchor=0 axis=0 spring=0 anchored=1 secs=14.35
CRITERIA 18 n=1 q=1 motion=1 anchor=0 axis=0 spring=0 anchored=1 secs=2.25
CRITERIA 19 n=1 q=1 motion=1 anchor=0 axis=0 spring=0 anchored=1 secs=2.06667
CRITERIA 21 n=1 q=1 motion=1 anchor=0 axis=0 spring=0 anchored=1 secs=14.35
CRITERIA 22 n=1 q=0 motion=0 anchor=4.76837e-07 axis=0 spring=0 anchored=1 secs=0
CRITERIA 24 n=7 q=1 motion=1 anchor=1.73187e-06 axis=6.10376e-06 spring=0 anchored=1 secs=14.45
CRITERIA 31 n=7 q=1 motion=1 anchor=1.67557e-06 axis=5.10595e-06 spring=0 anchored=1 secs=15.1666
CRITERIA 38 n=7 q=1 motion=1 anchor=1.46031e-06 axis=4.06971e-06 spring=0 anchored=1 secs=14.8833
CRITERIA 45 n=14 q=0 motion=0 anchor=1.08208e-05 axis=0.000101412 spring=0.00571615 anchored=1 secs=0
CRITERIA 10 n=1 q=1 motion=1 anchor=0 axis=0 spring=0 anchored=1 secs=20.1999
CRITERIA 11 n=1 q=1 motion=1 anchor=0 axis=0 spring=0 anchored=1 secs=15.9833
CRITERIA 12 n=1 q=1 motion=1 anchor=0 axis=0 spring=0 anchored=1 secs=16.0666
CRITERIA 13 n=3 q=1 motion=1 anchor=0 axis=0 spring=0 anchored=1 secs=16.0166
CRITERIA 14 n=1 q=1 motion=1 anchor=0 axis=0 spring=0 anchored=1 secs=3.9
CRITERIA 15 n=1 q=1 motion=1 anchor=0 axis=0 spring=0 anchored=1 secs=3.66666
CRITERIA 17 n=1 q=1 motion=1 anchor=0 axis=0 spring=0 anchored=1 secs=16.0166
CRITERIA 18 n=1 q=1 motion=1 anchor=0 axis=0 spring=0 anchored=1 secs=3.91666
CRITERIA 19 n=1 q=1 motion=1 anchor=0 axis=0 spring=0 anchored=1 secs=3.73333
CRITERIA 21 n=1 q=1 motion=1 anchor=0 axis=0 spring=0 anchored=1 secs=16.0166
CRITERIA 22 n=1 q=0 motion=0 anchor=4.76837e-07 axis=0 spring=0 anchored=1 secs=0
CRITERIA 24 n=7 q=1 motion=1 anchor=1.73187e-06 axis=6.10376e-06 spring=0 anchored=1 secs=16.1166
CRITERIA 31 n=7 q=1 motion=1 anchor=1.67557e-06 axis=5.10595e-06 spring=0 anchored=1 secs=16.8332
CRITERIA 38 n=7 q=1 motion=1 anchor=1.46031e-06 axis=4.06971e-06 spring=0 anchored=1 secs=16.5499
CRITERIA 45 n=14 q=1 motion=1 anchor=4.77768e-06 axis=4.54077e-06 spring=1.49012e-05 anchored=1 secs=0.7
SETTLED sleeping=33/48
MOTION 10 0.00000 0.00000 1
MOTION 11 0.00000 0.00000 1
MOTION 12 0.00000 0.00000 1
MOTION 13 0.00000 0.00000 1
MOTION 14 0.00000 0.00000 1
MOTION 15 0.00000 0.00000 1
MOTION 16 0.00000 0.00000 1
MOTION 17 0.00000 0.00000 1
MOTION 18 0.00000 0.00000 1
MOTION 19 0.00000 0.00000 1
MOTION 20 0.00000 0.00000 1
MOTION 21 0.00000 0.00000 1
MOTION 22 0.00001 13.49703 0
MOTION 24 0.00000 0.00000 1
MOTION 25 0.00000 0.00000 1
MOTION 26 0.00000 0.00000 1
MOTION 27 0.00000 0.00000 1
MOTION 28 0.00000 0.00000 1
MOTION 29 0.00000 0.00000 1
MOTION 30 0.00000 0.00000 1
MOTION 31 0.00000 0.00000 1
MOTION 32 0.00000 0.00000 1
MOTION 33 0.00000 0.00000 1
MOTION 34 0.00000 0.00000 1
MOTION 35 0.00000 0.00000 1
MOTION 36 0.00000 0.00000 1
MOTION 37 0.00000 0.00000 1
MOTION 38 0.00000 0.00000 1
MOTION 39 0.00000 0.00000 1
MOTION 40 0.00000 0.00000 1
MOTION 41 0.00000 0.00000 1
MOTION 42 0.00000 0.00000 1
MOTION 43 0.00000 0.00000 1
MOTION 44 0.00000 0.00000 1
MOTION 45 0.00002 0.00002 0
MOTION 46 0.00003 0.00001 0
MOTION 47 0.00002 0.00001 0
MOTION 48 0.00002 0.00001 0
MOTION 49 0.00001 0.00001 0
MOTION 50 0.00000 0.00002 0
MOTION 51 0.00000 0.00002 0
MOTION 52 0.00000 0.00001 0
MOTION 53 0.00000 0.00000 0
MOTION 54 0.00000 0.00000 0
MOTION 55 0.00001 0.00000 0
MOTION 56 0.00000 0.00000 0
MOTION 57 0.00002 0.00006 0
MOTION 58 0.00004 0.00087 0
PASS ragdoll/debris demonstration settles connected physical bodies
PASS normal M56 profiling export
WAKE 10 asleep=1 quiet=20.2165 reason=Wake
WAKE 11 asleep=1 quiet=15.9999 reason=Wake
WAKE 12 asleep=1 quiet=16.0833 reason=Wake
WAKE 13 asleep=1 quiet=16.0333 reason=Wake
WAKE 14 asleep=1 quiet=3.91666 reason=Wake
WAKE 15 asleep=1 quiet=3.68333 reason=Wake
WAKE 17 asleep=1 quiet=16.0333 reason=Wake
WAKE 18 asleep=1 quiet=3.93333 reason=Wake
WAKE 19 asleep=1 quiet=3.75 reason=Wake
WAKE 21 asleep=1 quiet=16.0333 reason=Wake
WAKE 24 asleep=1 quiet=16.1333 reason=Wake
WAKE 31 asleep=1 quiet=16.8499 reason=Wake
WAKE 38 asleep=1 quiet=16.5666 reason=Wake
WAKE 45 asleep=0 quiet=0.716667 reason=Wake
SUMMARY 16 checks 0 failures
