Renderer fragment texture units: 32 (material path uses 12)
World state: disk saves disabled for additive compositions
Project: Judas Developer Integration (/home/conner/Documents/GitHub/Project-Judas/projects/m65_integration/m65_integration.judasproj)
Scene: M65 developer integration (/home/conner/Documents/GitHub/Project-Judas/projects/m65_integration/Scenes/integration.judas)
World origin (m): 0.000, 0.000, 0.000
PASS runtime window uses project title
PASS real M35 input drives project motor script
PASS resolved joint queries through real resource pipeline
PASS moving board foot target reached without transitionFraction guess
PASS visual socket follows resolved hand
PASS interrupted crossfade retains IK/socket resolver path
PASS ordinary sensor checkpoint callback detects motor
PASS public JS creates normal runtime joint
PASS public JS reanchors owner-local world joint
PASS shared physical material identity and instance control
PASS ragdoll takes resolved IK/layer pose
PASS socket follows physical pose through same resolver
PASS return contribution preserves visual pose
PASS visual return retires physical articulation
WAKE 11 asleep=1 quiet=1.06667 reason=Step
WAKE 11 asleep=1 quiet=0.766667 reason=Step
WAKE 15 asleep=1 quiet=0.766667 reason=ResetBody
WAKE 19 asleep=1 quiet=0.766667 reason=ResetBody
WAKE 11 asleep=1 quiet=3.45 reason=Step
WAKE 11 asleep=1 quiet=0.766667 reason=Step
WAKE 12 asleep=1 quiet=4.03333 reason=Step
WAKE 15 asleep=1 quiet=2.88333 reason=Step
WAKE 13 asleep=1 quiet=3.9 reason=Step
WAKE 17 asleep=1 quiet=4.15 reason=Step
WAKE 19 asleep=1 quiet=2.83333 reason=Step
WAKE 21 asleep=1 quiet=3.73333 reason=Step
WAKE 18 asleep=1 quiet=3.33333 reason=ResetBody
WAKE 14 asleep=1 quiet=0.766667 reason=ResetBody
WAKE 19 asleep=1 quiet=6.63337 reason=ResetBody
WAKE 15 asleep=1 quiet=6.7167 reason=ResetBody
WAKE 19 asleep=1 quiet=0.766667 reason=ResetBody
WAKE 15 asleep=1 quiet=0.766667 reason=ResetBody
WAKE 19 asleep=1 quiet=0.766667 reason=ResetBody
WAKE 15 asleep=1 quiet=0.766667 reason=ResetBody
WAKE 16 asleep=1 quiet=8.25005 reason=Step
WAKE 17 asleep=1 quiet=8.25005 reason=Step
WAKE 21 asleep=1 quiet=8.25005 reason=Step
WAKE 11 asleep=1 quiet=1.35 reason=Step
WAKE 19 asleep=1 quiet=0.766667 reason=ResetBody
WAKE 15 asleep=1 quiet=0.766667 reason=ResetBody
WAKE 13 asleep=1 quiet=0.766667 reason=Step
WAKE 17 asleep=1 quiet=0.766667 reason=Step
WAKE 21 asleep=1 quiet=0.766667 reason=Step
WAKE 11 asleep=1 quiet=0.766667 reason=Step
SETTLED sleeping=1/48
MOTION 10 0.00000 0.00000 1
MOTION 11 0.00000 0.00000 0
MOTION 12 0.00018 0.00080 0
MOTION 13 0.00000 0.00000 0
MOTION 14 0.23269 0.58290 0
MOTION 15 0.00000 0.00000 0
MOTION 16 0.00000 0.00000 0
MOTION 17 0.00000 0.00000 0
MOTION 18 0.69852 0.58288 0
MOTION 19 0.00000 0.00000 0
MOTION 20 0.00000 0.00000 0
MOTION 21 0.00000 0.00000 0
MOTION 22 0.00001 13.49703 0
MOTION 24 0.00003 0.00001 0
MOTION 25 0.00003 0.00002 0
MOTION 26 0.00002 0.00002 0
MOTION 27 0.00003 0.00001 0
MOTION 28 0.00003 0.00001 0
MOTION 29 0.00003 0.00001 0
MOTION 30 0.00002 0.13170 0
MOTION 31 0.00001 0.00004 0
MOTION 32 0.00001 0.00002 0
MOTION 33 0.00001 0.00001 0
MOTION 34 0.00000 0.00001 0
MOTION 35 0.00001 0.00001 0
MOTION 36 0.00007 0.00018 0
MOTION 37 0.00018 0.00059 0
MOTION 38 0.00003 0.00002 0
MOTION 39 0.00002 0.00002 0
MOTION 40 0.00002 0.00002 0
MOTION 41 0.00002 0.00002 0
MOTION 42 0.00002 0.00002 0
MOTION 43 0.00003 0.00001 0
MOTION 44 0.00003 0.13610 0
MOTION 45 0.00002 0.00004 0
MOTION 46 0.00002 0.00001 0
MOTION 47 0.00002 0.00001 0
MOTION 48 0.00002 0.00002 0
MOTION 49 0.00003 0.00002 0
MOTION 50 0.00001 0.00004 0
MOTION 51 0.00001 0.00004 0
MOTION 52 0.00001 0.00003 0
MOTION 53 0.00003 0.00002 0
MOTION 54 0.00003 0.00002 0
MOTION 55 0.00003 0.00002 0
MOTION 56 0.00003 0.00002 0
MOTION 57 0.00004 0.09234 0
MOTION 58 0.00006 0.09234 0
FAIL ragdoll/debris demonstration settles connected physical bodies
PASS normal M56 profiling export
WAKE 10 asleep=1 quiet=3.55 reason=Wake
SUMMARY 16 checks 1 failures
