libEGL warning: Not allowed to force software rendering when API explicitly selects a hardware device.
M31 resource stress: generating 24 sphere meshes (160x160) and 16 1024x1024 textures under /tmp/judas_m31_stress_6353
  137.5 MB of asset files
  7 workers, scene 'Tiny game' playing (3 dynamic bodies)
  async: all 40 assets Ready after 0.74 s; per-asset latency (request->Ready) min 171 ms avg 510 ms max 739 ms; 40 uploads; resident 211.9 MB (peak 211.9 MB)
  cancel: 20 loads cancelled by dropped demand, 10 stale completions discarded, 20 ready, 0 loading
  evict: budget 53.2 MB -> resident 106.4 MB before, 85.3 MB after, 4 evictions; referenced textures survived: yes
  reload: 4 evicted meshes re-requested and Ready again after 0.15 s
  blocking: all 40 assets loaded on the main thread in 1.65 s (one per frame)

Per-phase main-thread measurements (frame = pump + play frame + swap; 60 Hz fixed step):
  baseline (no loads)          frames  120 | frame avg   8.09 ms p99  10.60 ms max  270.64 ms (pump max   0.00 ms) | >33 ms:   1 | fixed steps    52 (expected ~   62, 1 saturated) | queue max  0 avg   0.0 | worker util   0.0% | jobs done 0
  async load (40 assets)       frames   26 | frame avg  26.94 ms p99  66.80 ms max   66.80 ms (pump max  25.61 ms) | >33 ms:   8 | fixed steps    45 (expected ~   44, 0 saturated) | queue max 33 avg  11.3 | worker util  67.9% | jobs done 40
  cancel + release             frames    1 | frame avg  34.24 ms p99  34.24 ms max   34.24 ms (pump max   0.10 ms) | >33 ms:   1 | fixed steps     0 (expected ~    2, 0 saturated) | queue max  3 avg   3.0 | worker util   0.7% | jobs done 0
  evict + reload               frames    8 | frame avg  20.20 ms p99  28.20 ms max   28.20 ms (pump max  10.67 ms) | >33 ms:   0 | fixed steps    12 (expected ~   10, 0 saturated) | queue max  3 avg   0.4 | worker util 101.3% | jobs done 11
  BLOCKING load (40 assets)    frames   40 | frame avg  40.77 ms p99  58.57 ms max   58.57 ms (pump max   0.00 ms) | >33 ms:  29 | fixed steps   100 (expected ~   99, 0 saturated) | queue max  0 avg   0.0 | worker util   0.0% | jobs done 0

Claim under test: expensive resource preparation no longer forces the main thread to wait for the whole operation.
  async  : worst frame   66.80 ms,   8 frames over 33 ms, 0 saturated catch-up frames, wall 0.74 s
  blocking: worst frame   58.57 ms,  29 frames over 33 ms, 0 saturated catch-up frames, wall 1.65 s
  (the work itself is not free: worker busy time during the async phase was 3.52 s across 7 workers)

shutdown clean (resources, workers, renderer, window in that order); temporary project removed
