[  4%] Built target judas_app_icon
[ 22%] Built target freetype
[ 27%] Built target judas_icu_build
[ 31%] Built target judas_quickjs
[ 40%] Built target judas_navigation_backend
[ 40%] Built target judas_glad
[ 40%] Built target judas_profiler
[ 40%] Built target judas_audio_backend
[ 40%] Built target harfbuzz
[ 40%] Built target judas_materials
[ 95%] Built target judas_engine
[ 95%] Building CXX object CMakeFiles/judas_save_streaming_tests.dir/tests/SaveStreamingTests.cpp.o
/home/conner/Documents/GitHub/Project-Judas/tests/SaveStreamingTests.cpp: In lambda function:
/home/conner/Documents/GitHub/Project-Judas/tests/SaveStreamingTests.cpp:22:90: error: ‘class RuntimeWorld’ has no member named ‘ChildrenOf’
   22 |    if(elapsed<28){EntityPhysicalState player;w.GetEntityState(10,player);auto children=w.ChildrenOf(defeated);if(!children.empty()){auto target=w.Physics().GetTransform(w.RuntimeBody(children.front())).position;auto direction=glm::normalize(target-(player.position+glm::vec3(0,.7f,0)));auto old=w.view->pose.rotation*glm::vec3(0,0,-1);SDL_Event motion{};motion.type=SDL_MOUSEMOTION;motion.motion.xrel=int(std::round(-(std::atan2(-direction.x,-direction.z)-std::atan2(-old.x,-old.z))/.0021f));motion.motion.yrel=int(std::round(-(std::asin(direction.y)-std::asin(old.y))/.0021f));SDL_PushEvent(&motion);}}
      |                                                                                          ^~~~~~~~~~
gmake[3]: *** [CMakeFiles/judas_save_streaming_tests.dir/build.make:79: CMakeFiles/judas_save_streaming_tests.dir/tests/SaveStreamingTests.cpp.o] Error 1
gmake[2]: *** [CMakeFiles/Makefile2:6522: CMakeFiles/judas_save_streaming_tests.dir/all] Error 2
gmake[1]: *** [CMakeFiles/Makefile2:6529: CMakeFiles/judas_save_streaming_tests.dir/rule] Error 2
gmake: *** [Makefile:2126: judas_save_streaming_tests] Error 2
