[  4%] Built target judas_app_icon
[ 22%] Built target freetype
[ 27%] Built target judas_icu_build
[ 31%] Built target judas_quickjs
[ 40%] Built target judas_navigation_backend
[ 40%] Built target judas_glad
[ 40%] Built target judas_profiler
[ 40%] Built target judas_audio_backend
[ 40%] Built target harfbuzz
[ 40%] Built target judas_materials
[ 95%] Built target judas_engine
[ 95%] Building CXX object CMakeFiles/judas.dir/src/Application.cpp.o
[ 95%] Linking CXX executable judas
[100%] Built target judas
[  4%] Built target judas_app_icon
[ 20%] Built target freetype
[ 25%] Built target judas_icu_build
[ 29%] Built target judas_quickjs
[ 37%] Built target judas_navigation_backend
[ 37%] Built target judas_glad
[ 37%] Built target judas_profiler
[ 37%] Built target judas_audio_backend
[ 37%] Built target harfbuzz
[ 41%] Built target judas_imgui
[ 41%] Built target judas_materials
[ 91%] Built target judas_engine
[ 95%] Built target judas_navigation_baker
[ 95%] Building CXX object CMakeFiles/judas_editor.dir/src/editor/EditorApplication.cpp.o
[ 95%] Linking CXX executable judas_editor
[100%] Built target judas_editor
[  4%] Built target judas_app_icon
[ 23%] Built target freetype
[ 28%] Built target judas_icu_build
[ 33%] Built target judas_quickjs
[ 42%] Built target judas_navigation_backend
[ 42%] Built target judas_glad
[ 42%] Built target judas_profiler
[ 42%] Built target judas_audio_backend
[ 42%] Built target harfbuzz
[ 42%] Built target judas_materials
[100%] Built target judas_engine
[100%] Built target judas_export
[  4%] Built target judas_app_icon
[ 22%] Built target freetype
[ 27%] Built target judas_icu_build
[ 31%] Built target judas_quickjs
[ 40%] Built target judas_navigation_backend
[ 40%] Built target judas_glad
[ 40%] Built target judas_profiler
[ 40%] Built target judas_audio_backend
[ 40%] Built target harfbuzz
[ 40%] Built target judas_materials
[ 95%] Built target judas_engine
[ 95%] Building CXX object CMakeFiles/judas_save_streaming_tests.dir/src/Application.cpp.o
[ 95%] Linking CXX executable judas_save_streaming_tests
[100%] Built target judas_save_streaming_tests
[  4%] Built target judas_app_icon
[ 23%] Built target freetype
[ 28%] Built target judas_icu_build
[ 33%] Built target judas_quickjs
[ 42%] Built target judas_navigation_backend
[ 42%] Built target judas_glad
[ 42%] Built target judas_profiler
[ 42%] Built target judas_audio_backend
[ 42%] Built target harfbuzz
[ 42%] Built target judas_materials
[100%] Built target judas_engine
[100%] Building CXX object CMakeFiles/judas_save_application_tests.dir/src/Application.cpp.o
[100%] Linking CXX executable judas_save_application_tests
[100%] Built target judas_save_application_tests
[  4%] Built target judas_app_icon
[ 22%] Built target freetype
[ 27%] Built target judas_icu_build
[ 31%] Built target judas_quickjs
[ 40%] Built target judas_navigation_backend
[ 40%] Built target judas_glad
[ 40%] Built target judas_profiler
[ 40%] Built target judas_audio_backend
[ 40%] Built target harfbuzz
[ 40%] Built target judas_materials
[ 95%] Built target judas_engine
[100%] Linking CXX executable judas_input_tests
[100%] Built target judas_input_tests
