PASS ordinary project asynchronously publishes all seven deformable instances
PASS real animated target shares normal skeletal resource
PASS normal authored UI loaded
PASS cape resolves authored stable bone attachment
PASS cape pins consume exact resolved joint pose without another animation clock
PASS runtime scale change rejects unsupported deformable scale
PASS normal scene transition destroys old nodes and builds independent radial instances
PASS lab radial scene uses actual selected radial acceleration
PASS authored reload reconstructs fresh deformable handles
PASS destroyed skeleton target releases group instead of retaining a stale pose
PASS remaining scripts safely survive target destruction
FRAME median_ms=43.712186 p95_ms=55.546832 max_ms=75.016270
PHASE Deformable attachments 0.022743ms
PHASE Deformable edge edge contacts 0.821369ms
PHASE Deformable fixed step 14.635722ms
PHASE Deformable force prediction 0.132845ms
PHASE Deformable internal constraints 4.904887ms
PHASE Deformable plastic flow 0.059834ms
PHASE Deformable render mapping 0.349687ms
PHASE Deformable rigid contacts 5.836474ms
PHASE Deformable self pair cache 2.630473ms
PHASE Deformable surface candidates 0.153679ms
PHASE Deformable surface contacts 3.571918ms
PHASE Deformable vertex face contacts 0.078310ms
PASS normal startup and clean shutdown
SUMMARY mode=lifetime checks=12 failures=0 frames=140
libEGL warning: Not allowed to force software rendering when API explicitly selects a hardware device.
Renderer fragment texture units: 32 (material path uses 12)
World state: disk saves disabled for additive compositions
Project: Deformable Lab (/home/conner/Documents/GitHub/Project-Judas/projects/deformable_lab/deformable_lab.judasproj)
Scene: Deformable Lab / uniform (/home/conner/Documents/GitHub/Project-Judas/projects/deformable_lab/Scenes/flat.judas)
World origin (m): 0.000, 0.000, 0.000
