PASS ordinary project asynchronously publishes all seven deformable instances
PASS real animated target shares normal skeletal resource
PASS normal authored UI loaded
PASS cape resolves authored stable bone attachment
PASS cape pins consume exact resolved joint pose without another animation clock
PASS runtime scale change rejects unsupported deformable scale
PASS main/secondary/shadow presentation never advances or changes physics
PASS normal M33 camera renders deformable scene independently
PASS real VM controls airflow/load and prefab spawn safely
PASS runtime prefab adds independent deformable owner
LAB contacts=1069 bodies=6 fixed_ms=14.696449 draws=86
FRAME median_ms=42.582144 p95_ms=62.155529 max_ms=1548.906384
PHASE Deformable attachments 0.028150ms
PHASE Deformable edge edge contacts 1.104506ms
PHASE Deformable fixed step 14.974547ms
PHASE Deformable force prediction 0.178412ms
PHASE Deformable internal constraints 5.393162ms
PHASE Deformable plastic flow 0.249478ms
PHASE Deformable render mapping 0.392263ms
PHASE Deformable rigid contacts 4.688335ms
PHASE Deformable self pair cache 3.018728ms
PHASE Deformable surface candidates 0.140303ms
PHASE Deformable surface contacts 4.268811ms
PHASE Deformable vertex face contacts 0.121963ms
PASS normal startup and clean shutdown
SUMMARY mode=probe checks=11 failures=0 frames=120
libEGL warning: Not allowed to force software rendering when API explicitly selects a hardware device.
Renderer fragment texture units: 32 (material path uses 12)
World state: disk saves disabled for additive compositions
Project: Deformable Lab (/home/conner/Documents/GitHub/Project-Judas/projects/deformable_lab/deformable_lab.judasproj)
Scene: Deformable Lab / uniform (/home/conner/Documents/GitHub/Project-Judas/projects/deformable_lab/Scenes/flat.judas)
World origin (m): 0.000, 0.000, 0.000
