Renderer fragment texture units: 32 (material path uses 12)
M31 resource stress: generating 24 sphere meshes (160x160) and 16 1024x1024 textures under /tmp/judas_m31_stress_250702
  137.5 MB of asset files
  7 workers, scene 'Tiny game' playing (3 dynamic bodies)
  async: all 40 assets Ready after 1.28 s; per-asset latency (request->Ready) min 292 ms avg 814 ms max 1277 ms; 40 uploads; resident 268.1 MB (peak 268.1 MB)
  cancel: 20 loads cancelled by dropped demand, 7 stale completions discarded, 20 ready, 0 loading
  evict: budget 57.9 MB -> resident 115.8 MB before, 85.3 MB after, 4 evictions; referenced textures survived: yes
  reload: 4 evicted meshes re-requested and Ready again after 0.25 s
  blocking: all 40 assets loaded on the main thread in 3.86 s (one per frame)

Per-phase main-thread measurements (frame = pump + play frame + swap; 60 Hz fixed step):
  baseline (no loads)          frames  120 | frame avg   0.48 ms p99   3.36 ms max   35.04 ms (pump max   0.00 ms) | >33 ms:   1 | fixed steps     3 (expected ~    4, 0 saturated) | queue max  0 avg   0.0 | worker util   0.0% | jobs done 0
  async load (40 assets)       frames 2581 | frame avg   0.47 ms p99   7.45 ms max   77.75 ms (pump max  76.95 ms) | >33 ms:   5 | fixed steps    77 (expected ~   77, 0 saturated) | queue max 34 avg  21.5 | worker util  92.7% | jobs done 40
  cancel + release             frames    1 | frame avg   1.22 ms p99   1.22 ms max    1.22 ms (pump max   0.03 ms) | >33 ms:   0 | fixed steps     0 (expected ~    0, 0 saturated) | queue max  6 avg   6.0 | worker util   0.8% | jobs done 0
  evict + reload               frames  888 | frame avg   0.28 ms p99   1.36 ms max   20.65 ms (pump max  20.12 ms) | >33 ms:   0 | fixed steps    16 (expected ~   16, 0 saturated) | queue max  0 avg   0.0 | worker util  49.7% | jobs done 4
  BLOCKING load (40 assets)    frames   40 | frame avg  96.51 ms p99 173.75 ms max  173.75 ms (pump max   0.00 ms) | >33 ms:  24 | fixed steps   211 (expected ~  232, 20 saturated) | queue max  0 avg   0.0 | worker util   0.0% | jobs done 0

Claim under test: expensive resource preparation no longer forces the main thread to wait for the whole operation.
  async  : worst frame   77.75 ms,   5 frames over 33 ms, 0 saturated catch-up frames, wall 1.28 s
  blocking: worst frame  173.75 ms,  24 frames over 33 ms, 20 saturated catch-up frames, wall 3.86 s
  (the work itself is not free: worker busy time during the async phase was 8.30 s across 7 workers)

shutdown clean (resources, workers, renderer, window in that order); temporary project removed
