[  7%] Built target judas_audio_backend
[  7%] Built target judas_glad
[  7%] Built target judas_quickjs
[100%] Built target judas_engine
[100%] Building CXX object CMakeFiles/judas_boundary_migration_tests.dir/tests/BoundaryMigrationTests.cpp.o
/home/conner/Documents/GitHub/Project-Judas/tests/BoundaryMigrationTests.cpp: In function ‘int GravityProof(bool)’:
/home/conner/Documents/GitHub/Project-Judas/tests/BoundaryMigrationTests.cpp:29:138: error: no matching function for call to ‘PhysicsWorld::ResetBody(BodyHandle&, BodyTransform&)’
   29 |  auto body=world.RuntimeBody(40);auto transform=world.Physics().GetTransform(body);transform.position=flatPoint;world.Physics().ResetBody(body,transform);world.Physics().SetLinearVelocity(body,{0,0,0});
      |                                                                                                                 ~~~~~~~~~~~~~~~~~~~~~~~~~^~~~~~~~~~~~~~~~
/home/conner/Documents/GitHub/Project-Judas/tests/BoundaryMigrationTests.cpp:29:138: note: there is 1 candidate
In file included from /home/conner/Documents/GitHub/Project-Judas/src/CelestialGravity.h:8,
                 from /home/conner/Documents/GitHub/Project-Judas/src/RuntimeWorld.h:14,
                 from /home/conner/Documents/GitHub/Project-Judas/tests/BoundaryMigrationTests.cpp:3:
/home/conner/Documents/GitHub/Project-Judas/src/PhysicsWorld.h:416:10: note: candidate 1: ‘void PhysicsWorld::ResetBody(BodyHandle, const glm::vec3&, const glm::quat&)’
  416 |     void ResetBody(BodyHandle handle, const glm::vec3& position, const glm::quat& rotation);
      |          ^~~~~~~~~
/home/conner/Documents/GitHub/Project-Judas/src/PhysicsWorld.h:416:10: note: candidate expects 3 arguments, 2 provided
/home/conner/Documents/GitHub/Project-Judas/tests/BoundaryMigrationTests.cpp:40:4: warning: this ‘if’ clause does not guard... [-Wmisleading-indentation]
   40 |    if(!uniform&&!sawUniform)sawRadial=true;if(uniform&&sawRadial)sawUniform=true;if(!uniform&&sawUniform)sawRestored=true;
      |    ^~
/home/conner/Documents/GitHub/Project-Judas/tests/BoundaryMigrationTests.cpp:40:44: note: ...this statement, but the latter is misleadingly indented as if it were guarded by the ‘if’
   40 |    if(!uniform&&!sawUniform)sawRadial=true;if(uniform&&sawRadial)sawUniform=true;if(!uniform&&sawUniform)sawRestored=true;
      |                                            ^~
gmake[3]: *** [CMakeFiles/judas_boundary_migration_tests.dir/build.make:79: CMakeFiles/judas_boundary_migration_tests.dir/tests/BoundaryMigrationTests.cpp.o] Error 1
gmake[2]: *** [CMakeFiles/Makefile2:4098: CMakeFiles/judas_boundary_migration_tests.dir/all] Error 2
gmake[1]: *** [CMakeFiles/Makefile2:4105: CMakeFiles/judas_boundary_migration_tests.dir/rule] Error 2
gmake: *** [Makefile:1528: judas_boundary_migration_tests] Error 2
