
This GDB supports auto-downloading debuginfo from the following URLs:
  <https://debuginfod.ubuntu.com>
Enable debuginfod for this session? (y or [n]) [answered N; input not from terminal]
Debuginfod has been disabled.
To make this setting permanent, add 'set debuginfod enabled off' to .gdbinit.
[Thread debugging using libthread_db enabled]
Using host libthread_db library "/usr/lib/x86_64-linux-gnu/libthread_db.so.1".
[New Thread 0x7fffe2a386c0 (LWP 376875)]
[New Thread 0x7fffe22376c0 (LWP 376876)]
[New Thread 0x7fffe1a366c0 (LWP 376877)]
[New Thread 0x7fffe12356c0 (LWP 376878)]
[New Thread 0x7fffe0a346c0 (LWP 376879)]
[New Thread 0x7fffe02336c0 (LWP 376880)]
[New Thread 0x7fffdfa326c0 (LWP 376881)]

Thread 1 "judas_character" received signal SIGSEGV, Segmentation fault.
0x000055555560d90f in ProductionFluidCoupling::SampleField(glm::vec<3, float, (glm::qualifier)0>, glm::vec<3, float, (glm::qualifier)0>, float, float, glm::vec<3, float, (glm::qualifier)0>) const ()
#0  0x000055555560d90f in ProductionFluidCoupling::SampleField(glm::vec<3, float, (glm::qualifier)0>, glm::vec<3, float, (glm::qualifier)0>, float, float, glm::vec<3, float, (glm::qualifier)0>) const ()
#1  0x00005555555b6b03 in ScriptSystem::Impl::Native(JSContext*, JSValue, int, JSValue*) ()
#2  0x000055555596fc8a in js_call_c_function ()
#3  0x00005555558d7657 in JS_CallInternal ()
#4  0x000055555594f17d in js_function_apply ()
#5  0x00005555558da5d3 in JS_CallInternal ()
#6  0x00005555558d7265 in JS_CallInternal ()
#7  0x00005555558d7bfe in JS_CallInternal ()
#8  0x00005555558e2c27 in JS_Call ()
#9  0x00005555555c112a in ScriptSystem::Fixed(InputSystem const*, float) ()
#10 0x00005555556c88bb in StepPlayedWorld(GameSession&, Window const&, float, FixedStepMeasurements*) ()
#11 0x00005555555953dd in main ()
