PASS flat support / true geometry normal
PASS arbitrarily rotated equivalent support
PASS wall sweep and slide resolves inward velocity
PASS corner remains outside both walls
PASS signed-depth penetration recovery
STAIR f=0 x=0.05 y=0.917275 vx=3 vy=-0.1635 normal=0,1
STAIR f=1 x=0.1 y=0.917275 vx=3 vy=-0.1635 normal=0,1
STAIR f=2 x=0.15 y=0.917275 vx=3 vy=-0.1635 normal=0,1
STAIR f=3 x=0.28 y=1.22396 vx=3 vy=-0.1635 normal=-0.733333,0.679869
STAIR f=4 x=0.303111 y=1.24616 vx=1.38667 vy=1.33221 normal=-0.656296,0.754503
STAIR f=5 x=0.331575 y=1.26839 vx=1.70783 vy=1.32203 normal=-0.561417,0.827533
STAIR f=6 x=0.365815 y=1.28876 vx=2.05443 vy=1.23027 normal=-0.447282,0.894393
STAIR f=7 x=0.405812 y=1.3056 vx=2.39982 vy=1.03664 normal=-0.313959,0.949437
STAIR f=8 x=0.450884 y=1.31701 vx=2.70429 vy=0.730752 normal=-0.16372,0.986507
STAIR f=9 x=0.499544 y=1.3213 vx=2.91959 vy=0.321034 normal=-0.00152121,0.999999
STAIR f=10 x=0.549543 y=1.31735 vx=2.99999 vy=-0.158936 normal=0,1
STAIR f=11 x=0.599544 y=1.31728 vx=3 vy=-0.1635 normal=0,1
STAIR f=12 x=0.649544 y=1.31728 vx=3 vy=-0.1635 normal=0,1
STAIR f=13 x=0.699544 y=1.31728 vx=3 vy=-0.1635 normal=0,1
STAIR f=14 x=0.749544 y=1.31728 vx=3 vy=-0.1635 normal=0,1
STAIR f=15 x=0.799544 y=1.31728 vx=3 vy=-0.1635 normal=0,1
STEP 1.499543 1.317275 0.000000 support=1
PASS step up reuses proven up-forward-down sweeps
FAIL step down/support following
PASS steep contact is not accepted as support
PASS translating/rotating actual support carry
PASS support point velocity includes angular motion
PASS departing retains support world momentum
PASS destroyed support generation never aliases reused slot
PASS zero-gravity airborne motion retains explicit orientation
RADIAL -1.988827 10.734749 0.000000 support=1 r=10.917429
PASS radial gravity tangent movement follows real sphere
PASS dynamic push is finite bounded impulse, not velocity seeding
PASS M39 bilateral mask excludes body
PASS generation-aware ignored body
PASS motor component serialization round-trip
PASS motor authored settings change strict baseline fingerprint
PASS headless motor world needs no PlayerController/input/camera
PASS ordinary runtime entity publishes resolved motion
PASS disable retains pose and clears support
PASS authored reset discards stale motor state
PASS world destruction invalidates character access
PASS registered script asset
PASS scriptable world build
PASS JS fixedUpdate reads logical input and drives motor
PASS prefab runtime spawn contains normal motor
PASS independent motor/script instances
PASS destroy hierarchy safely retires motor entity
PASS reload starts fresh runtime state
PERF 1 motors whole_motor_batch_us 31.450 samples=120
PERF 10 motors whole_motor_batch_us 313.124 samples=120
PERF 100 motors whole_motor_batch_us 3153.345 samples=120
SUMMARY 31 checks 1 failures
