PASS flat support / true geometry normal
PASS arbitrarily rotated equivalent support
PASS wall sweep and slide resolves inward velocity
PASS corner remains outside both walls
PASS signed-depth penetration recovery
STAIR f=0 x=0.05 y=0.917275 vx=3 vy=-0.1635 normal=0,1
STAIR f=1 x=0.1 y=0.917275 vx=3 vy=-0.1635 normal=0,1
STAIR f=2 x=0.15 y=0.917275 vx=3 vy=-0.1635 normal=0,1
STAIR f=3 x=0.18003 y=0.917275 vx=0 vy=-0.1635 normal=0,1
STAIR f=4 x=0.18003 y=0.917275 vx=0 vy=-0.1635 normal=0,1
STAIR f=5 x=0.18003 y=0.917275 vx=0 vy=-0.1635 normal=0,1
STAIR f=6 x=0.18003 y=0.917275 vx=0 vy=-0.1635 normal=0,1
STAIR f=7 x=0.18003 y=0.917275 vx=0 vy=-0.1635 normal=0,1
STAIR f=8 x=0.18003 y=0.917275 vx=0 vy=-0.1635 normal=0,1
STAIR f=9 x=0.18003 y=0.917275 vx=0 vy=-0.1635 normal=0,1
STAIR f=10 x=0.18003 y=0.917275 vx=0 vy=-0.1635 normal=0,1
STAIR f=11 x=0.18003 y=0.917275 vx=0 vy=-0.1635 normal=0,1
STAIR f=12 x=0.18003 y=0.917275 vx=0 vy=-0.1635 normal=0,1
STAIR f=13 x=0.18003 y=0.917275 vx=0 vy=-0.1635 normal=0,1
STAIR f=14 x=0.18003 y=0.917275 vx=0 vy=-0.1635 normal=0,1
STAIR f=15 x=0.18003 y=0.917275 vx=0 vy=-0.1635 normal=0,1
STEP 0.180030 0.917275 0.000000 support=1
FAIL step up reuses proven up-forward-down sweeps
PASS step down/support following
PASS steep contact is not accepted as support
PASS translating/rotating actual support carry
PASS support point velocity includes angular motion
PASS departing retains support world momentum
PASS destroyed support generation never aliases reused slot
PASS zero-gravity airborne motion retains explicit orientation
RADIAL -1.988878 10.718564 0.000000 support=0 r=10.901525
FAIL radial gravity tangent movement follows real sphere
PASS dynamic push is finite bounded impulse, not velocity seeding
PASS M39 bilateral mask excludes body
PASS generation-aware ignored body
PASS motor component serialization round-trip
PASS motor authored settings change strict baseline fingerprint
PASS headless motor world needs no PlayerController/input/camera
PASS ordinary runtime entity publishes resolved motion
PASS disable retains pose and clears support
PASS authored reset discards stale motor state
PASS world destruction invalidates character access
PASS registered script asset
PASS scriptable world build
PASS JS fixedUpdate reads logical input and drives motor
PASS prefab runtime spawn contains normal motor
PASS independent motor/script instances
PASS destroy hierarchy safely retires motor entity
PASS reload starts fresh runtime state
PERF 1 motors whole_motor_batch_us 33.286 samples=120
PERF 10 motors whole_motor_batch_us 316.370 samples=120
PERF 100 motors whole_motor_batch_us 3136.645 samples=120
SUMMARY 31 checks 2 failures
