PASS flat support / true geometry normal
PASS arbitrarily rotated equivalent support
PASS wall sweep and slide resolves inward velocity
PASS corner remains outside both walls
PASS signed-depth penetration recovery
STEP 0.180030 0.917275 0.000000 support=1
FAIL step up reuses proven up-forward-down sweeps
PASS step down/support following
PASS steep contact is not accepted as support
PASS translating/rotating actual support carry
PASS support point velocity includes angular motion
PASS departing retains support world momentum
PASS destroyed support generation never aliases reused slot
PASS zero-gravity airborne motion retains explicit orientation
RADIAL -1.988878 10.718564 0.000000 support=0 r=10.901525
FAIL radial gravity tangent movement follows real sphere
PASS dynamic push is finite bounded impulse, not velocity seeding
PASS M39 bilateral mask excludes body
PASS generation-aware ignored body
PASS motor component serialization round-trip
PASS motor authored settings change strict baseline fingerprint
PASS headless motor world needs no PlayerController/input/camera
PASS ordinary runtime entity publishes resolved motion
PASS disable retains pose and clears support
PASS authored reset discards stale motor state
PASS world destruction invalidates character access
FAIL registered script asset
FAIL scriptable world build
