libEGL warning: Not allowed to force software rendering when API explicitly selects a hardware device.
M31 resource stress: generating 24 sphere meshes (160x160) and 16 1024x1024 textures under /tmp/judas_m31_stress_4688
  137.5 MB of asset files
  7 workers, scene 'Tiny game' playing (3 dynamic bodies)
  async: all 40 assets Ready after 0.68 s; per-asset latency (request->Ready) min 217 ms avg 470 ms max 678 ms; 40 uploads; resident 211.9 MB (peak 211.9 MB)
  cancel: 20 loads cancelled by dropped demand, 10 stale completions discarded, 20 ready, 0 loading
  evict: budget 53.2 MB -> resident 106.4 MB before, 85.3 MB after, 4 evictions; referenced textures survived: yes
  reload: 4 evicted meshes re-requested and Ready again after 0.15 s
  blocking: all 40 assets loaded on the main thread in 1.54 s (one per frame)

Per-phase main-thread measurements (frame = pump + play frame + swap; 60 Hz fixed step):
  baseline (no loads)          frames  120 | frame avg   4.76 ms p99  45.22 ms max  151.94 ms (pump max   0.01 ms) | >33 ms:   4 | fixed steps    35 (expected ~   37, 1 saturated) | queue max  0 avg   0.0 | worker util   0.0% | jobs done 0
  async load (40 assets)       frames   32 | frame avg  19.48 ms p99  83.19 ms max   83.19 ms (pump max  21.76 ms) | >33 ms:   6 | fixed steps    41 (expected ~   41, 0 saturated) | queue max 33 avg  15.0 | worker util  68.5% | jobs done 40
  cancel + release             frames    1 | frame avg   1.35 ms p99   1.35 ms max    1.35 ms (pump max   0.08 ms) | >33 ms:   0 | fixed steps     0 (expected ~    0, 0 saturated) | queue max  4 avg   4.0 | worker util   4.9% | jobs done 0
  evict + reload               frames   13 | frame avg  10.43 ms p99  60.65 ms max   60.65 ms (pump max   5.77 ms) | >33 ms:   2 | fixed steps     9 (expected ~    9, 0 saturated) | queue max  0 avg   0.0 | worker util  35.9% | jobs done 4
  BLOCKING load (40 assets)    frames   40 | frame avg  38.01 ms p99  58.06 ms max   58.06 ms (pump max   0.00 ms) | >33 ms:  24 | fixed steps    93 (expected ~   92, 0 saturated) | queue max  0 avg   0.0 | worker util   0.0% | jobs done 0

Claim under test: expensive resource preparation no longer forces the main thread to wait for the whole operation.
  async  : worst frame   83.19 ms,   6 frames over 33 ms, 0 saturated catch-up frames, wall 0.68 s
  blocking: worst frame   58.06 ms,  24 frames over 33 ms, 0 saturated catch-up frames, wall 1.54 s
  (the work itself is not free: worker busy time during the async phase was 3.26 s across 7 workers)

shutdown clean (resources, workers, renderer, window in that order); temporary project removed
