[  0%] Built target judas_audio_backend
[  0%] Built target judas_quickjs
[  0%] Built target judas_glad
[  7%] Built target judas_imgui
[ 92%] Built target judas_engine
[ 92%] Linking CXX executable judas_editor
[100%] Built target judas_editor
[  0%] Built target judas_glad
[  0%] Built target judas_audio_backend
[  0%] Built target judas_quickjs
[ 92%] Built target judas_engine
[ 92%] Linking CXX executable judas_export
[100%] Built target judas_export
[  0%] Built target judas_glad
[  0%] Built target judas_quickjs
[  0%] Built target judas_audio_backend
[ 92%] Built target judas_engine
[100%] Linking CXX executable judas_skeletal_animation_tests
[100%] Built target judas_skeletal_animation_tests
[  0%] Built target judas_glad
[  0%] Built target judas_quickjs
[  0%] Built target judas_audio_backend
[ 92%] Built target judas_engine
[ 92%] Linking CXX executable judas_animation_application_tests
[100%] Built target judas_animation_application_tests
[  0%] Built target judas_glad
[  0%] Built target judas_audio_backend
[  0%] Built target judas_quickjs
[100%] Built target judas_engine
[100%] Linking CXX executable judas_pose_composition_tests
[100%] Built target judas_pose_composition_tests
[  0%] Built target judas_glad
[  0%] Built target judas_quickjs
[  0%] Built target judas_audio_backend
[ 92%] Built target judas_engine
[ 92%] Linking CXX executable judas_pose_composition_application_tests
[100%] Built target judas_pose_composition_application_tests
[  0%] Built target judas_quickjs
[  0%] Built target judas_glad
[  0%] Built target judas_audio_backend
[100%] Built target judas_engine
[100%] Linking CXX executable judas_ragdoll_tests
[100%] Built target judas_ragdoll_tests
[  0%] Built target judas_glad
[  0%] Built target judas_quickjs
[  0%] Built target judas_audio_backend
[ 92%] Built target judas_engine
[ 92%] Linking CXX executable judas_ragdoll_application_tests
[100%] Built target judas_ragdoll_application_tests
