[  6%] Built target judas_glad
[  6%] Building CXX object CMakeFiles/judas_engine.dir/src/CombustionWorld.cpp.o
[  6%] Building CXX object CMakeFiles/judas_engine.dir/src/WorldDebugView.cpp.o
[  6%] Building CXX object CMakeFiles/judas_engine.dir/src/GameSession.cpp.o
[  6%] Building CXX object CMakeFiles/judas_engine.dir/src/RuntimeWorld.cpp.o
[  6%] Building CXX object CMakeFiles/judas_engine.dir/src/Simulation.cpp.o
[ 13%] Building CXX object CMakeFiles/judas_engine.dir/src/WorldPresentation.cpp.o
[ 13%] Building CXX object CMakeFiles/judas_engine.dir/src/GameplayHud.cpp.o
[ 13%] Building CXX object CMakeFiles/judas_engine.dir/src/InteractivePlay.cpp.o
[ 20%] Building CXX object CMakeFiles/judas_engine.dir/src/CoarseSimulation.cpp.o
[ 20%] Building CXX object CMakeFiles/judas_engine.dir/src/WorldState.cpp.o
[ 20%] Linking CXX static library libjudas_engine.a
[ 93%] Built target judas_engine
[100%] Building CXX object CMakeFiles/judas_thermal_accounting_tests.dir/tests/ThermalAccountingTests.cpp.o
[100%] Linking CXX executable judas_thermal_accounting_tests
[100%] Built target judas_thermal_accounting_tests
[  7%] Built target judas_glad
[100%] Built target judas_engine
[100%] Building CXX object CMakeFiles/judas_combustion_integration_tests.dir/tests/CombustionIntegrationTests.cpp.o
[100%] Linking CXX executable judas_combustion_integration_tests
[100%] Built target judas_combustion_integration_tests
[  0%] Building CXX object CMakeFiles/judas_combustion_tests.dir/src/CombustionWorld.cpp.o
[ 25%] Building CXX object CMakeFiles/judas_combustion_tests.dir/tests/CombustionTests.cpp.o
[ 25%] Linking CXX executable judas_combustion_tests
[100%] Built target judas_combustion_tests
