libEGL warning: Not allowed to force software rendering when API explicitly selects a hardware device.
M31 resource stress: generating 24 sphere meshes (160x160) and 16 1024x1024 textures under /tmp/judas_m31_stress_4556
  137.5 MB of asset files
  7 workers, scene 'Tiny game' playing (3 dynamic bodies)
  async: all 40 assets Ready after 1.08 s; per-asset latency (request->Ready) min 286 ms avg 663 ms max 1075 ms; 40 uploads; resident 211.9 MB (peak 211.9 MB)
  cancel: 20 loads cancelled by dropped demand, 10 stale completions discarded, 20 ready, 0 loading
  evict: budget 53.2 MB -> resident 106.4 MB before, 85.3 MB after, 4 evictions; referenced textures survived: yes
  reload: 4 evicted meshes re-requested and Ready again after 0.24 s
  blocking: all 40 assets loaded on the main thread in 2.95 s (one per frame)

Per-phase main-thread measurements (frame = pump + play frame + swap; 60 Hz fixed step):
  baseline (no loads)          frames  120 | frame avg  12.36 ms p99 158.28 ms max  254.56 ms (pump max   0.00 ms) | >33 ms:  13 | fixed steps    81 (expected ~   94, 4 saturated) | queue max  0 avg   0.0 | worker util   0.0% | jobs done 0
  async load (40 assets)       frames   31 | frame avg  33.61 ms p99 254.56 ms max  254.56 ms (pump max  69.68 ms) | >33 ms:  11 | fixed steps    58 (expected ~   65, 1 saturated) | queue max 33 avg  15.9 | worker util  64.5% | jobs done 40
  cancel + release             frames    1 | frame avg  39.37 ms p99  39.37 ms max   39.37 ms (pump max   0.08 ms) | >33 ms:   1 | fixed steps     0 (expected ~    2, 0 saturated) | queue max  3 avg   3.0 | worker util   0.2% | jobs done 0
  evict + reload               frames   12 | frame avg  18.60 ms p99 160.05 ms max  160.05 ms (pump max  17.61 ms) | >33 ms:   1 | fixed steps    14 (expected ~   15, 1 saturated) | queue max  4 avg   2.3 | worker util  83.5% | jobs done 11
  BLOCKING load (40 assets)    frames   40 | frame avg  72.75 ms p99 122.07 ms max  122.07 ms (pump max   0.00 ms) | >33 ms:  36 | fixed steps   177 (expected ~  177, 1 saturated) | queue max  0 avg   0.0 | worker util   0.0% | jobs done 0

Claim under test: expensive resource preparation no longer forces the main thread to wait for the whole operation.
  async  : worst frame  254.56 ms,  11 frames over 33 ms, 1 saturated catch-up frames, wall 1.08 s
  blocking: worst frame  122.07 ms,  36 frames over 33 ms, 1 saturated catch-up frames, wall 2.95 s
  (the work itself is not free: worker busy time during the async phase was 4.86 s across 7 workers)

shutdown clean (resources, workers, renderer, window in that order); temporary project removed
