[  6%] Built target judas_glad
[  6%] Built target judas_audio_backend
[ 12%] Built target judas_quickjs
[ 12%] Building CXX object CMakeFiles/judas_engine.dir/src/InteractivePlay.cpp.o
[ 12%] Building CXX object CMakeFiles/judas_engine.dir/src/SceneSession.cpp.o
[ 18%] Linking CXX static library libjudas_engine.a
[100%] Built target judas_engine
[100%] Building CXX object CMakeFiles/judas.dir/src/Application.cpp.o
[100%] Linking CXX executable judas
[100%] Built target judas
[  0%] Built target judas_audio_backend
[  5%] Built target judas_quickjs
[ 11%] Built target judas_glad
[ 16%] Built target judas_imgui
[ 94%] Built target judas_engine
[ 94%] Building CXX object CMakeFiles/judas_editor.dir/src/editor/EditorApplication.cpp.o
[ 94%] Linking CXX executable judas_editor
[100%] Built target judas_editor
[  5%] Built target judas_audio_backend
[  5%] Built target judas_quickjs
[ 11%] Built target judas_glad
[ 94%] Built target judas_engine
[ 94%] Building CXX object CMakeFiles/judas_scene_transition_tests.dir/src/Application.cpp.o
[ 94%] Building CXX object CMakeFiles/judas_scene_transition_tests.dir/tests/SceneTransitionTests.cpp.o
[ 94%] Linking CXX executable judas_scene_transition_tests
[100%] Built target judas_scene_transition_tests
[  0%] Built target judas_audio_backend
[  5%] Built target judas_glad
[ 11%] Built target judas_quickjs
[ 94%] Built target judas_engine
[ 94%] Building CXX object CMakeFiles/judas_runtime_ui_application_tests.dir/tests/RuntimeUIApplicationTests.cpp.o
[ 94%] Building CXX object CMakeFiles/judas_runtime_ui_application_tests.dir/src/Application.cpp.o
[ 94%] Linking CXX executable judas_runtime_ui_application_tests
[100%] Built target judas_runtime_ui_application_tests
[  5%] Built target judas_audio_backend
[  5%] Built target judas_glad
[ 11%] Built target judas_quickjs
[ 94%] Built target judas_engine
[100%] Linking CXX executable judas_input_tests
[100%] Built target judas_input_tests
[  0%] Built target judas_audio_backend
[ 12%] Built target judas_glad
[ 12%] Built target judas_quickjs
[100%] Built target judas_engine
[100%] Linking CXX executable judas_export
[100%] Built target judas_export
