[  0%] Built target judas_app_icon
[ 20%] Built target freetype
[ 25%] Built target judas_icu_build
[ 25%] Built target judas_quickjs
[ 30%] Built target judas_navigation_backend
[ 30%] Built target judas_glad
[ 35%] Built target judas_profiler
[ 35%] Built target judas_audio_backend
[ 35%] Built target harfbuzz
[ 40%] Built target judas_materials
[100%] Built target judas_engine
[100%] Building CXX object CMakeFiles/judas_deformable_tests.dir/tests/DeformableTests.cpp.o
[100%] Linking CXX executable judas_deformable_tests
[100%] Built target judas_deformable_tests
[  0%] Built target judas_app_icon
[ 19%] Built target freetype
[ 23%] Built target judas_icu_build
[ 23%] Built target judas_quickjs
[ 23%] Built target judas_glad
[ 28%] Built target judas_navigation_backend
[ 33%] Built target judas_audio_backend
[ 33%] Built target judas_profiler
[ 38%] Built target judas_materials
[ 38%] Built target harfbuzz
[ 95%] Built target judas_engine
[ 95%] Building CXX object CMakeFiles/judasjs_examples_tests.dir/tests/JudasJSExamplesTests.cpp.o
[100%] Linking CXX executable judasjs_examples_tests
[100%] Built target judasjs_examples_tests
