[  0%] Built target judas_app_icon
[  5%] Built target judas_icu_build
[ 25%] Built target freetype
[ 25%] Built target judas_quickjs
[ 25%] Built target judas_glad
[ 30%] Built target judas_navigation_backend
[ 35%] Built target judas_profiler
[ 35%] Built target judas_audio_backend
[ 40%] Built target harfbuzz
[ 40%] Built target judas_materials
[100%] Built target judas_engine
[100%] Building CXX object CMakeFiles/judas_deformable_tests.dir/tests/DeformableTests.cpp.o
/home/conner/Documents/GitHub/Project-Judas/tests/DeformableTests.cpp: In lambda function:
/home/conner/Documents/GitHub/Project-Judas/tests/DeformableTests.cpp:80:9: warning: this ‘for’ clause does not guard... [-Wmisleading-indentation]
   80 |         for(int i=0;i<300;++i)sample.Step(1./60,physics,zero,{anchor});double remaining=0;for(size_t n=0;n<specimen->nodes.size();++n)remaining=std::max(remaining,glm::length(sample.positions[n]-specimen->nodes[n]));
      |         ^~~
/home/conner/Documents/GitHub/Project-Judas/tests/DeformableTests.cpp:80:72: note: ...this statement, but the latter is misleadingly indented as if it were guarded by the ‘for’
   80 |         for(int i=0;i<300;++i)sample.Step(1./60,physics,zero,{anchor});double remaining=0;for(size_t n=0;n<specimen->nodes.size();++n)remaining=std::max(remaining,glm::length(sample.positions[n]-specimen->nodes[n]));
      |                                                                        ^~~~~~
/home/conner/Documents/GitHub/Project-Judas/tests/DeformableTests.cpp: In function ‘int main()’:
/home/conner/Documents/GitHub/Project-Judas/tests/DeformableTests.cpp:127:31: error: ‘std::vector<double> DeformableInstance::mass’ is private within this context
  127 |     auto priorMass=finiteMass.mass;auto rejectedMaterial=extreme.material;rejectedMaterial.density=1e308;
      |                               ^~~~
In file included from /home/conner/Documents/GitHub/Project-Judas/tests/DeformableTests.cpp:1:
/home/conner/Documents/GitHub/Project-Judas/src/Deformable.h:120:37: note: declared private here
  120 |     std::vector<double> inverseMass,mass,lambda,volumeLambda;
      |                                     ^~~~
/home/conner/Documents/GitHub/Project-Judas/tests/DeformableTests.cpp:129:22: error: ‘std::vector<double> DeformableInstance::mass’ is private within this context
  129 |     check(finiteMass.mass==priorMass&&finiteMass.settings.material.density==extreme.material.density,"rejected material change leaves existing mass and configuration unchanged");
      |                      ^~~~
/home/conner/Documents/GitHub/Project-Judas/src/Deformable.h:120:37: note: declared private here
  120 |     std::vector<double> inverseMass,mass,lambda,volumeLambda;
      |                                     ^~~~
gmake[3]: *** [CMakeFiles/judas_deformable_tests.dir/build.make:79: CMakeFiles/judas_deformable_tests.dir/tests/DeformableTests.cpp.o] Error 1
gmake[2]: *** [CMakeFiles/Makefile2:6618: CMakeFiles/judas_deformable_tests.dir/all] Error 2
gmake[1]: *** [CMakeFiles/Makefile2:6625: CMakeFiles/judas_deformable_tests.dir/rule] Error 2
gmake: *** [Makefile:2152: judas_deformable_tests] Error 2
