Renderer fragment texture units: 32 (material path uses 12)
World state: disk saves disabled for additive compositions
Project: Deformable Lab (/home/conner/Documents/GitHub/Project-Judas/projects/deformable_lab/deformable_lab.judasproj)
Scene: Deformable Lab / uniform (/home/conner/Documents/GitHub/Project-Judas/projects/deformable_lab/Scenes/flat.judas)
World origin (m): 0.000, 0.000, 0.000
PASS ordinary project asynchronously publishes all seven deformable instances
PASS real animated target shares normal skeletal resource
PASS normal authored UI loaded
PASS cape resolves authored stable bone attachment
Save service: saved clip unavailable
SAVE saved clip unavailable
FAIL save completes
FRAME median_ms=68.790267 p95_ms=81.008867 max_ms=86.683171
PHASE Deformable attachments 0.021064ms
PHASE Deformable edge edge contacts 21.889741ms
PHASE Deformable fixed step 36.369230ms
PHASE Deformable force prediction 0.109420ms
PHASE Deformable internal constraints 4.412135ms
PHASE Deformable plastic flow 0.242984ms
PHASE Deformable render mapping 0.340636ms
PHASE Deformable rigid contacts 3.747969ms
PHASE Deformable surface candidates 1.038358ms
PHASE Deformable surface contacts 27.672263ms
PHASE Deformable vertex face contacts 4.721327ms
PASS normal startup and clean shutdown
SUMMARY mode=write checks=6 failures=1 frames=152
