Renderer fragment texture units: 32 (material path uses 12)
World state: disk saves disabled for additive compositions
Project: Deformable Lab (/home/conner/Documents/GitHub/Project-Judas/projects/deformable_lab/deformable_lab.judasproj)
Scene: Deformable Lab / uniform (/home/conner/Documents/GitHub/Project-Judas/projects/deformable_lab/Scenes/flat.judas)
World origin (m): 0.000, 0.000, 0.000
PASS ordinary project asynchronously publishes all seven deformable instances
PASS real animated target shares normal skeletal resource
PASS normal authored UI loaded
PASS cape resolves authored stable bone attachment
PASS cold process reads committed M61 slot
PASS M61 required deformable participant present
PASS cold process reconstructs exact cloth motion and plastic rest state before resume
PASS cold process retains physical plastic deformation
PASS fresh deformable handle with saved attachment group
PASS resumed cloth/solid and restore-aware JS continue without explosion
FRAME median_ms=73.458947 p95_ms=97.399691 max_ms=1707.601671
PHASE Deformable attachments 0.039220ms
PHASE Deformable edge edge contacts 22.361797ms
PHASE Deformable fixed step 37.851368ms
PHASE Deformable force prediction 0.173831ms
PHASE Deformable internal constraints 5.125053ms
PHASE Deformable plastic flow 0.278937ms
PHASE Deformable render mapping 0.350324ms
PHASE Deformable rigid contacts 4.049076ms
PHASE Deformable surface candidates 2.390939ms
PHASE Deformable surface contacts 27.948792ms
PHASE Deformable vertex face contacts 4.332078ms
PASS normal startup and clean shutdown
SUMMARY mode=read checks=11 failures=0 frames=58
