Renderer fragment texture units: 32 (material path uses 12)
World state: disk saves disabled for additive compositions
Project: Deformable Lab (/home/conner/Documents/GitHub/Project-Judas/projects/deformable_lab/deformable_lab.judasproj)
Scene: Deformable Lab / uniform (/home/conner/Documents/GitHub/Project-Judas/projects/deformable_lab/Scenes/flat.judas)
World origin (m): 0.000, 0.000, 0.000
PASS ordinary project asynchronously publishes all seven deformable instances
PASS real animated target shares normal skeletal resource
PASS normal authored UI loaded
PASS cape resolves authored stable bone attachment
PASS public JS save commits M61 slot
SAVE capture_ms=5.25742 worker_ms=9.49939 bytes=110074 root=/tmp/m62-save-data/judas/games/5558c152ba4bdadd8f20c878b6146bd3a616847482b3e546d816f93338951ebe/Saves/Slots
FRAME median_ms=56.330788 p95_ms=74.872876 max_ms=88.701964
PHASE Deformable attachments 0.024332ms
PHASE Deformable edge edge contacts 19.036136ms
PHASE Deformable fixed step 33.072230ms
PHASE Deformable force prediction 0.119487ms
PHASE Deformable internal constraints 4.579404ms
PHASE Deformable plastic flow 0.263878ms
PHASE Deformable render mapping 0.232108ms
PHASE Deformable rigid contacts 4.062220ms
PHASE Deformable surface candidates 2.156877ms
PHASE Deformable surface contacts 23.862516ms
PHASE Deformable vertex face contacts 3.694080ms
PASS normal startup and clean shutdown
SUMMARY mode=write checks=6 failures=0 frames=153
