[  0%] Built target judas_app_icon
[ 20%] Built target freetype
[ 25%] Built target judas_icu_build
[ 25%] Built target judas_quickjs
[ 30%] Built target judas_navigation_backend
[ 30%] Built target judas_glad
[ 35%] Built target judas_profiler
[ 35%] Built target judas_audio_backend
[ 35%] Built target harfbuzz
[ 40%] Built target judas_materials
[ 40%] Building CXX object CMakeFiles/judas_engine.dir/src/Deformable.cpp.o
[ 40%] Building CXX object CMakeFiles/judas_engine.dir/src/DeformableAsset.cpp.o
[ 40%] Building CXX object CMakeFiles/judas_engine.dir/src/WorldDeformables.cpp.o
[ 40%] Building CXX object CMakeFiles/judas_engine.dir/src/RuntimeWorld.cpp.o
[ 40%] Linking CXX static library libjudas_engine.a
[100%] Built target judas_engine
[100%] Building CXX object CMakeFiles/judas_deformable_tests.dir/tests/DeformableTests.cpp.o
[100%] Linking CXX executable judas_deformable_tests
[100%] Built target judas_deformable_tests
[  0%] Built target judas_app_icon
[ 19%] Built target freetype
[ 23%] Built target judas_icu_build
[ 23%] Built target judas_quickjs
[ 28%] Built target judas_navigation_backend
[ 28%] Built target judas_glad
[ 33%] Built target judas_profiler
[ 33%] Built target judas_audio_backend
[ 33%] Built target harfbuzz
[ 38%] Built target judas_materials
[ 95%] Built target judas_engine
[100%] Linking CXX executable judasjs_examples_tests
[100%] Built target judasjs_examples_tests
[  0%] Built target judas_app_icon
[ 19%] Built target freetype
[ 23%] Built target judas_icu_build
[ 23%] Built target judas_quickjs
[ 28%] Built target judas_navigation_backend
[ 28%] Built target judas_glad
[ 33%] Built target judas_profiler
[ 33%] Built target judas_audio_backend
[ 33%] Built target harfbuzz
[ 38%] Built target judas_materials
[ 95%] Built target judas_engine
[100%] Linking CXX executable judas_deformable_application_tests
[100%] Built target judas_deformable_application_tests
[  0%] Built target judas_app_icon
[ 19%] Built target freetype
[ 23%] Built target judas_icu_build
[ 23%] Built target judas_quickjs
[ 28%] Built target judas_navigation_backend
[ 28%] Built target judas_glad
[ 33%] Built target judas_profiler
[ 33%] Built target judas_audio_backend
[ 33%] Built target harfbuzz
[ 38%] Built target judas_materials
[ 95%] Built target judas_engine
[ 95%] Linking CXX executable judas_save_application_tests
[100%] Built target judas_save_application_tests
[  0%] Built target judas_app_icon
[ 20%] Built target freetype
[ 25%] Built target judas_icu_build
[ 25%] Built target judas_quickjs
[ 30%] Built target judas_navigation_backend
[ 30%] Built target judas_glad
[ 35%] Built target judas_profiler
[ 35%] Built target judas_audio_backend
[ 40%] Built target judas_materials
[ 40%] Built target harfbuzz
[100%] Built target judas_engine
[100%] Linking CXX executable judas_save_streaming_tests
[100%] Built target judas_save_streaming_tests
[  0%] Built target judas_app_icon
[ 16%] Built target freetype
[ 20%] Built target judas_icu_build
[ 20%] Built target judas_quickjs
[ 25%] Built target judas_navigation_backend
[ 25%] Built target judas_glad
[ 29%] Built target judas_profiler
[ 29%] Built target judas_audio_backend
[ 29%] Built target harfbuzz
[ 33%] Built target judas_imgui
[ 37%] Built target judas_materials
[ 87%] Built target judas_engine
[ 95%] Built target judas_navigation_baker
[ 95%] Linking CXX executable judas_editor
[100%] Built target judas_editor
[  0%] Built target judas_app_icon
[ 19%] Built target freetype
[ 23%] Built target judas_icu_build
[ 23%] Built target judas_quickjs
[ 28%] Built target judas_navigation_backend
[ 28%] Built target judas_glad
[ 33%] Built target judas_profiler
[ 33%] Built target judas_audio_backend
[ 33%] Built target harfbuzz
[ 38%] Built target judas_materials
[ 95%] Built target judas_engine
[100%] Linking CXX executable judas
[100%] Built target judas
[  0%] Built target judas_app_icon
[ 20%] Built target freetype
[ 25%] Built target judas_icu_build
[ 25%] Built target judas_quickjs
[ 30%] Built target judas_navigation_backend
[ 30%] Built target judas_glad
[ 35%] Built target judas_profiler
[ 35%] Built target judas_audio_backend
[ 35%] Built target harfbuzz
[ 40%] Built target judas_materials
[100%] Built target judas_engine
[100%] Linking CXX executable judas_export
[100%] Built target judas_export
