Renderer fragment texture units: 32 (material path uses 12)
World state: disk saves disabled for additive compositions
Project: Deformable Lab (/home/conner/Documents/GitHub/Project-Judas/projects/deformable_lab/deformable_lab.judasproj)
Scene: Deformable Lab / uniform (/home/conner/Documents/GitHub/Project-Judas/projects/deformable_lab/Scenes/flat.judas)
World origin (m): 0.000, 0.000, 0.000
PASS ordinary project asynchronously publishes all seven deformable instances
PASS real animated target shares normal skeletal resource
PASS normal authored UI loaded
PASS cape resolves authored stable bone attachment
PASS cape pins consume exact resolved joint pose without another animation clock
PASS runtime scale change rejects unsupported deformable scale
PASS normal scene transition destroys old nodes and builds independent radial instances
PASS lab radial scene uses actual selected radial acceleration
PASS authored reload reconstructs fresh deformable handles
PASS destroyed skeleton target releases group instead of retaining a stale pose
PASS remaining scripts safely survive target destruction
FRAME median_ms=45.712093 p95_ms=62.020272 max_ms=72.692310
PHASE Deformable attachments 0.024328ms
PHASE Deformable edge edge contacts 0.841569ms
PHASE Deformable fixed step 16.208387ms
PHASE Deformable force prediction 0.130364ms
PHASE Deformable internal constraints 4.926118ms
PHASE Deformable plastic flow 0.253729ms
PHASE Deformable render mapping 0.346631ms
PHASE Deformable rigid contacts 6.333870ms
PHASE Deformable self pair cache 3.457798ms
PHASE Deformable surface candidates 0.185061ms
PHASE Deformable surface contacts 4.429052ms
PHASE Deformable vertex face contacts 0.090641ms
PASS normal startup and clean shutdown
SUMMARY mode=lifetime checks=12 failures=0 frames=140
