Renderer fragment texture units: 32 (material path uses 12)
World state: disk saves disabled for additive compositions
Project: Deformable Lab (/home/conner/Documents/GitHub/Project-Judas/projects/deformable_lab/deformable_lab.judasproj)
Scene: Deformable Lab / uniform (/home/conner/Documents/GitHub/Project-Judas/projects/deformable_lab/Scenes/flat.judas)
World origin (m): 0.000, 0.000, 0.000
PASS ordinary project asynchronously publishes all seven deformable instances
PASS real animated target shares normal skeletal resource
PASS normal authored UI loaded
PASS cape resolves authored stable bone attachment
PASS cape pins consume exact resolved joint pose without another animation clock
PASS runtime scale change rejects unsupported deformable scale
PASS main/secondary/shadow presentation never advances or changes physics
PASS normal M33 camera renders deformable scene independently
PASS real VM controls airflow/load and prefab spawn safely
PASS runtime prefab adds independent deformable owner
LAB nodes/contact=1069 bodies=6 fixed_ms=14.721443 draws=86
FRAME median_ms=18.407564 p95_ms=22.209000 max_ms=67.216250
PHASE Deformable attachments 0.022852ms
PHASE Deformable edge edge contacts 1.129255ms
PHASE Deformable fixed step 15.190178ms
PHASE Deformable force prediction 0.130194ms
PHASE Deformable internal constraints 5.553205ms
PHASE Deformable plastic flow 0.297485ms
PHASE Deformable render mapping 0.382119ms
PHASE Deformable rigid contacts 4.838750ms
PHASE Deformable self pair cache 2.896214ms
PHASE Deformable surface candidates 0.174059ms
PHASE Deformable surface contacts 4.172535ms
PHASE Deformable vertex face contacts 0.122182ms
PASS normal startup and clean shutdown
SUMMARY mode=probe checks=11 failures=0 frames=120
