PASS denser cloth render binding
PASS block six tetrahedra per cell
PASS independent unit cube volume reference
PASS asset versioned roundtrip
PASS degenerate tetrahedron rejects
PASS strain/volume rest state is stationary
PASS density derives surface and volume masses
PASS shared immutable solid independent motion
PASS normal authored component roundtrip
PASS stored weights map render surface and normals
PASS current deformed surface ray query
PASS validated location accepts physical impulse
PASS stale deformable location rejects
PASS authoritative state persists with fresh generation
PASS elastic solid contacts ordinary static box
COUPLING momentum=-4.33527079e-11 4.21247469e-10 -0.800000171 initialEnergy=0.4 maximumKineticEnergy=0.400000006
PASS two-way contact conserves closed linear momentum
PASS unforced finite-mass contact has no unexplained kinetic growth
PASS normal finite rigid body reacts to cloth
PLASTIC retainedRest=0.074932972 belowYieldRest=0 jacobian=0.992608282 maximumStrain=0.260991503
PASS physical force induces bounded irreversible material rest flow
PASS below-yield physical force leaves rest state unchanged
PASS deformation remains after unloading without a script pose swap
PASS plastic rule preserves each rest volume
SUMMARY 22 checks 0 failures
