Renderer fragment texture units: 32 (material path uses 12)
World state: disk saves disabled for additive compositions
Project: Deformable Lab (/home/conner/Documents/GitHub/Project-Judas/projects/deformable_lab/deformable_lab.judasproj)
Scene: Deformable Lab / uniform (/home/conner/Documents/GitHub/Project-Judas/projects/deformable_lab/Scenes/flat.judas)
World origin (m): 0.000, 0.000, 0.000
PASS ordinary project asynchronously publishes all seven deformable instances
PASS real animated target shares normal skeletal resource
PASS normal authored UI loaded
PASS cape resolves authored stable bone attachment
PASS cape pins consume exact resolved joint pose without another animation clock
PASS runtime scale change rejects unsupported deformable scale
PASS main/secondary/shadow presentation never advances or changes physics
PASS normal M33 camera renders deformable scene independently
PASS real VM controls airflow/load and prefab spawn safely
PASS runtime prefab adds independent deformable owner
LAB nodes/contact=1249 bodies=6 fixed_ms=15.010546 draws=86
FRAME median_ms=47.447416 p95_ms=61.122779 max_ms=1549.823649
PHASE Deformable attachments 0.023079ms
PHASE Deformable edge edge contacts 1.200511ms
PHASE Deformable fixed step 15.042118ms
PHASE Deformable force prediction 0.129268ms
PHASE Deformable internal constraints 5.426777ms
PHASE Deformable plastic flow 0.251875ms
PHASE Deformable render mapping 0.397021ms
PHASE Deformable rigid contacts 4.708888ms
PHASE Deformable self pair cache 2.942604ms
PHASE Deformable surface candidates 0.130016ms
PHASE Deformable surface contacts 4.329866ms
PHASE Deformable vertex face contacts 0.160614ms
PASS normal startup and clean shutdown
SUMMARY mode=probe checks=11 failures=0 frames=120
