Renderer fragment texture units: 32 (material path uses 12)
Localization catalog 080d5a0eff4ae2e45e0519ccd1ff96e3: bad: ICU MessageFormat at UTF-16 offset 0: U_UNMATCHED_BRACES
Renderer fragment texture units: 32 (material path uses 12)
Project: M58 Text lab (/home/conner/Documents/GitHub/Project-Judas/projects/text_lab/text_lab.judasproj)
Scene: M58 Unicode text lab (/home/conner/Documents/GitHub/Project-Judas/projects/text_lab/Scenes/lab.judas)
World origin (m): 0.000, 0.000, 0.000
Text coverage missing for 1 clusters; primary-font .notdef shown
Text coverage missing for 1 clusters; primary-font .notdef shown
Text coverage missing for 1 clusters; primary-font .notdef shown
Text coverage missing for 1 clusters; primary-font .notdef shown
Text coverage missing for 1 clusters; primary-font .notdef shown
Text coverage missing for 1 clusters; primary-font .notdef shown
Text coverage missing for 1 clusters; primary-font .notdef shown
Text coverage missing for 1 clusters; primary-font .notdef shown
Text coverage missing for 1 clusters; primary-font .notdef shown
Text coverage missing for 1 clusters; primary-font .notdef shown
Text coverage missing for 1 clusters; primary-font .notdef shown
Text coverage missing for 1 clusters; primary-font .notdef shown
Text coverage missing for 1 clusters; primary-font .notdef shown
Text coverage missing for 1 clusters; primary-font .notdef shown
Text coverage missing for 1 clusters; primary-font .notdef shown
Text coverage missing for 1 clusters; primary-font .notdef shown
Renderer fragment texture units: 32 (material path uses 12)
Project: Spring Range (/home/conner/Documents/GitHub/Project-Judas/projects/shooter_game/shooter_game.judasproj)
Scene: Spring Range (/home/conner/Documents/GitHub/Project-Judas/projects/shooter_game/Scenes/range.judas)
World origin (m): 0.000, 0.000, 0.000
PASS normal host
PASS ordinary text lab project
PASS invalid replacement never publishes partial catalog / prior message remains live
PASS valid replacement reload publishes revision and supplementary UTF-8
PASS real font decode worker reaches controlled completion
PASS delayed old-generation font cannot publish after project release
PASS lab scene parses
PASS session-bound world baseline builds
PASS prefab instance keeps ordinary UI document/font/catalog asset references
PASS authored localized fingerprint independent of project machine path
PASS authored catalog byte revision changes baseline fingerprint
PASS transient locale is not an authored fingerprint input
PASS fresh Play/project session starts from authored default rather than leaked override
PASS custom process C++ numeric locale does not change scene/project/UI serialization
PASS two documents have independent runtime elements
PASS authored horizontal row explicitly mirrors under RTL locale
PASS per-instance key/text override does not mutate shared authoring
PASS unloaded document handle remains invalid
GL application NVIDIA Corporation / NVIDIA GeForce GTX 970/PCIe/SSE2
PASS registered UI document loads in real application
PASS playing locale changes without script faults
PASS safe scene reload reconstructs world but retains session locale
APPLICATION text_lab fixed_ms=0.0168 glyph_rasters=290 atlas_bytes=4194304 font_bytes=5752416 layout_bytes=53424 bodies=0
PASS final application scripts fault-free
PASS M56 application text/locale profile exports
PASS application startup/render/reload/Stop completed
GL application NVIDIA Corporation / NVIDIA GeForce GTX 970/PCIe/SSE2
PASS registered UI document loads in real application
PASS playing locale changes without script faults
PASS paused language change preserves modal state and released capture
PASS paused localization does not advance gameplay time
PASS resume after locale change restores pointer policy
PASS safe scene reload reconstructs world but retains session locale
APPLICATION shooter_game fixed_ms=2.0933 glyph_rasters=420 atlas_bytes=4194304 font_bytes=5292748 layout_bytes=38061 bodies=45
PASS final application scripts fault-free
PASS M56 application text/locale profile exports
PASS application startup/render/reload/Stop completed
SUMMARY 33 checks 0 failures
