JS: {"t":0.02,"mode":"air","p":[0,20.2,-23],"v":[0,-0.22,0],"sup":false,"spd":0,"cr":false,"ev":""}
JS: {"t":0.03,"mode":"air","p":[0,20.2,-23],"v":[0,-0.44,0],"sup":false,"spd":0,"cr":false,"ev":""}
JS: {"t":0.05,"mode":"air","p":[0,20.19,-23],"v":[0,-0.66,0],"sup":false,"spd":0,"cr":false,"ev":""}
JS: {"t":0.07,"mode":"air","p":[0,20.18,-23],"v":[0,-0.88,0],"sup":false,"spd":0,"cr":false,"ev":""}
JS: {"t":0.08,"mode":"air","p":[0,20.16,-23],"v":[0,-1.1,0],"sup":false,"spd":0,"cr":false,"ev":""}
JS: {"t":0.1,"mode":"air","p":[0,20.14,-23],"v":[0,-1.32,0],"sup":false,"spd":0,"cr":false,"ev":""}
JS: {"t":0.12,"mode":"air","p":[0,20.12,-23],"v":[0,-1.55,0],"sup":false,"spd":0,"cr":false,"ev":""}
JS: {"t":0.13,"mode":"air","p":[0,20.1,-23],"v":[0,-1.77,0],"sup":false,"spd":0,"cr":false,"ev":""}
JS: {"t":0.15,"mode":"air","p":[0,20.07,-23],"v":[0,-1.99,0],"sup":false,"spd":0,"cr":false,"ev":""}
JS: {"t":0.17,"mode":"air","p":[0,20.03,-23],"v":[0,-2.21,0],"sup":false,"spd":0,"cr":false,"ev":""}
JS: {"t":0.18,"mode":"air","p":[0,20,-23],"v":[0,-2.43,0],"sup":false,"spd":0,"cr":false,"ev":""}
JS: {"t":0.2,"mode":"air","p":[0,19.96,-23],"v":[0,-2.65,0],"sup":false,"spd":0,"cr":false,"ev":""}
JS: {"t":0.22,"mode":"air","p":[0,19.91,-23],"v":[0,-2.87,0],"sup":false,"spd":0,"cr":false,"ev":""}
JS: {"t":0.23,"mode":"air","p":[0,19.87,-23],"v":[0,-3.09,0],"sup":false,"spd":0,"cr":false,"ev":""}
JS: {"t":0.25,"mode":"air","p":[0,19.81,-23],"v":[0,-3.31,0],"sup":false,"spd":0,"cr":false,"ev":""}
JS: {"t":0.27,"mode":"air","p":[0,19.76,-23],"v":[0,-3.53,0],"sup":false,"spd":0,"cr":false,"ev":""}
JS: {"t":0.28,"mode":"air","p":[0,19.7,-23],"v":[0,-3.75,0],"sup":false,"spd":0,"cr":false,"ev":""}
JS: {"t":0.3,"mode":"air","p":[0,19.64,-23],"v":[0,-3.97,0],"sup":false,"spd":0,"cr":false,"ev":""}
JS: {"t":0.32,"mode":"air","p":[0,19.57,-23],"v":[0,-4.19,0],"sup":false,"spd":0,"cr":false,"ev":""}
JS: {"t":0.33,"mode":"air","p":[0,19.5,-23],"v":[0,-4.41,0],"sup":false,"spd":0,"cr":false,"ev":""}
JS: {"t":0.35,"mode":"air","p":[0,19.43,-23],"v":[0,-4.64,0],"sup":false,"spd":0,"cr":false,"ev":""}
JS: {"t":0.37,"mode":"air","p":[0,19.35,-23],"v":[0,-4.86,0],"sup":false,"spd":0,"cr":false,"ev":""}
JS: {"t":0.38,"mode":"air","p":[0,19.27,-23],"v":[0,-5.08,0],"sup":false,"spd":0,"cr":false,"ev":""}
JS: {"t":0.4,"mode":"air","p":[0,19.18,-23],"v":[0,-5.3,0],"sup":false,"spd":0,"cr":false,"ev":""}
JS: {"t":0.42,"mode":"air","p":[0,19.1,-23],"v":[0,-5.52,0],"sup":false,"spd":0,"cr":false,"ev":""}
JS: {"t":0.43,"mode":"air","p":[0,19,-23],"v":[0,-5.74,0],"sup":false,"spd":0,"cr":false,"ev":""}
JS: {"t":0.45,"mode":"air","p":[0,18.91,-23],"v":[0,-5.96,0],"sup":false,"spd":0,"cr":false,"ev":""}
JS: {"t":0.47,"mode":"air","p":[0,18.81,-23],"v":[0,-6.18,0],"sup":false,"spd":0,"cr":false,"ev":""}
JS: {"t":0.48,"mode":"air","p":[0,18.71,-23],"v":[0,-6.4,0],"sup":false,"spd":0,"cr":false,"ev":""}
JS: {"t":0.5,"mode":"air","p":[0,18.6,-23],"v":[0,-6.62,0],"sup":false,"spd":0,"cr":false,"ev":""}
JS: {"t":0.52,"mode":"air","p":[0,18.49,-23],"v":[0,-6.84,0],"sup":false,"spd":0,"cr":false,"ev":""}
JS: {"t":0.53,"mode":"air","p":[0,18.38,-23],"v":[0,-7.06,0],"sup":false,"spd":0,"cr":false,"ev":""}
JS: {"t":0.55,"mode":"air","p":[0,18.26,-23],"v":[0,-7.28,0],"sup":false,"spd":0,"cr":false,"ev":""}
JS: {"t":0.57,"mode":"air","p":[0,18.14,-23],"v":[0,-7.5,0],"sup":false,"spd":0,"cr":false,"ev":""}
JS: {"t":0.58,"mode":"air","p":[0,18.01,-23],"v":[0,-7.73,0],"sup":false,"spd":0,"cr":false,"ev":""}
JS: {"t":0.6,"mode":"air","p":[0,17.88,-23],"v":[0,-7.95,0],"sup":false,"spd":0,"cr":false,"ev":""}
JS: {"t":0.62,"mode":"air","p":[0,17.75,-23],"v":[0,-8.17,0],"sup":false,"spd":0,"cr":false,"ev":""}
JS: {"t":0.63,"mode":"air","p":[0,17.61,-23],"v":[0,-8.39,0],"sup":false,"spd":0,"cr":false,"ev":""}
JS: {"t":0.65,"mode":"air","p":[0,17.47,-23],"v":[0,-8.61,0],"sup":false,"spd":0,"cr":false,"ev":""}
JS: {"t":0.67,"mode":"air","p":[0,17.33,-23],"v":[0,-8.83,0],"sup":false,"spd":0,"cr":false,"ev":""}
JS: {"t":0.68,"mode":"air","p":[0,17.18,-23],"v":[0,-9.05,0],"sup":false,"spd":0,"cr":false,"ev":""}
JS: {"t":0.7,"mode":"air","p":[0,17.03,-23],"v":[0,-9.27,0],"sup":false,"spd":0,"cr":false,"ev":""}
JS: {"t":0.72,"mode":"air","p":[0,16.88,-23],"v":[0,-9.49,0],"sup":false,"spd":0,"cr":false,"ev":""}
JS: {"t":0.73,"mode":"air","p":[0,16.72,-23],"v":[0,-9.71,0],"sup":false,"spd":0,"cr":false,"ev":""}
JS: {"t":0.75,"mode":"air","p":[0,16.56,-23],"v":[0,-9.93,0],"sup":false,"spd":0,"cr":false,"ev":""}
JS: {"t":0.77,"mode":"air","p":[0,16.39,-23],"v":[0,-10.15,0],"sup":false,"spd":0,"cr":false,"ev":""}
JS: {"t":0.78,"mode":"air","p":[0,16.22,-23],"v":[0,-10.37,0],"sup":false,"spd":0,"cr":false,"ev":""}
JS: {"t":0.8,"mode":"air","p":[0,16.05,-23],"v":[0,-10.59,0],"sup":false,"spd":0,"cr":false,"ev":""}
JS: {"t":0.82,"mode":"air","p":[0,15.87,-23],"v":[0,-10.82,0],"sup":false,"spd":0,"cr":false,"ev":""}
JS: {"t":0.83,"mode":"air","p":[0,15.69,-23],"v":[0,-11.04,0],"sup":false,"spd":0,"cr":false,"ev":""}
JS: {"t":0.85,"mode":"air","p":[0,15.51,-23],"v":[0,-11.26,0],"sup":false,"spd":0,"cr":false,"ev":""}
JS: {"t":0.87,"mode":"air","p":[0,15.32,-23],"v":[0,-11.48,0],"sup":false,"spd":0,"cr":false,"ev":""}
JS: {"t":0.88,"mode":"air","p":[0,15.13,-23],"v":[0,-11.7,0],"sup":false,"spd":0,"cr":false,"ev":""}
JS: {"t":0.9,"mode":"air","p":[0,14.94,-23],"v":[0,-11.92,0],"sup":false,"spd":0,"cr":false,"ev":""}
JS: {"t":0.92,"mode":"air","p":[0,14.74,-23],"v":[0,-12.14,0],"sup":false,"spd":0,"cr":false,"ev":""}
JS: {"t":0.93,"mode":"air","p":[0,14.53,-23],"v":[0,-12.36,0],"sup":false,"spd":0,"cr":false,"ev":""}
JS: {"t":0.95,"mode":"air","p":[0,14.33,-23],"v":[0,-12.58,0],"sup":false,"spd":0,"cr":false,"ev":""}
JS: {"t":0.97,"mode":"air","p":[0,14.12,-23],"v":[0,-12.8,0],"sup":false,"spd":0,"cr":false,"ev":""}
JS: {"t":0.98,"mode":"air","p":[0,13.91,-23],"v":[0,-13.02,0],"sup":false,"spd":0,"cr":false,"ev":""}
JS: {"t":1,"mode":"air","p":[0,13.69,-23],"v":[0,-13.24,-0.12],"sup":false,"spd":0.12,"cr":false,"ev":""}
JS: {"t":1.02,"mode":"air","p":[0,13.47,-23],"v":[0,-13.46,-0.23],"sup":false,"spd":0.23,"cr":false,"ev":""}
JS: {"t":1.03,"mode":"air","p":[0,13.24,-23.01],"v":[0,-13.68,-0.35],"sup":false,"spd":0.35,"cr":false,"ev":""}
JS: {"t":1.05,"mode":"air","p":[0,13.02,-23.01],"v":[0,-13.91,-0.47],"sup":false,"spd":0.47,"cr":false,"ev":""}
JS: {"t":1.07,"mode":"air","p":[0,12.78,-23.02],"v":[0,-14.13,-0.58],"sup":false,"spd":0.58,"cr":false,"ev":""}
JS: {"t":1.08,"mode":"air","p":[0,12.55,-23.03],"v":[0,-14.35,-0.7],"sup":false,"spd":0.7,"cr":false,"ev":""}
JS: {"t":1.1,"mode":"air","p":[0,12.31,-23.04],"v":[0,-14.57,-0.82],"sup":false,"spd":0.82,"cr":false,"ev":""}
JS: {"t":1.12,"mode":"air","p":[0,12.07,-23.05],"v":[0,-14.79,-0.93],"sup":false,"spd":0.93,"cr":false,"ev":""}
JS: {"t":1.13,"mode":"air","p":[0,11.82,-23.07],"v":[0,-15.01,-1.05],"sup":false,"spd":1.05,"cr":false,"ev":""}
JS: {"t":1.17,"mode":"ground","p":[0,20.92,8],"v":[0,-0.6,-0.3],"sup":true,"spd":0.3,"cr":false,"ev":"respawn"}
JS: {"t":1.18,"mode":"ground","p":[0,20.92,7.99],"v":[0,-0.6,-0.6],"sup":true,"spd":0.6,"cr":false,"ev":""}
JS: {"t":1.2,"mode":"ground","p":[0,20.92,7.98],"v":[0,-0.6,-0.9],"sup":true,"spd":0.9,"cr":false,"ev":""}
JS: {"t":1.22,"mode":"ground","p":[0,20.92,7.97],"v":[0,-0.6,-1.2],"sup":true,"spd":1.2,"cr":false,"ev":""}
JS: {"t":1.23,"mode":"ground","p":[0,20.92,7.95],"v":[0,-0.6,-1.5],"sup":true,"spd":1.5,"cr":false,"ev":""}
JS: {"t":1.25,"mode":"ground","p":[0,20.92,7.92],"v":[0,-0.6,-1.8],"sup":true,"spd":1.8,"cr":false,"ev":""}
JS: {"t":1.27,"mode":"ground","p":[0,20.92,7.89],"v":[0,-0.6,-2.1],"sup":true,"spd":2.1,"cr":false,"ev":""}
JS: {"t":1.28,"mode":"ground","p":[0,20.92,7.86],"v":[0,-0.6,-2.4],"sup":true,"spd":2.4,"cr":false,"ev":""}
JS: {"t":1.3,"mode":"ground","p":[0,20.92,7.82],"v":[0,-0.6,-2.7],"sup":true,"spd":2.7,"cr":false,"ev":""}
JS: {"t":1.32,"mode":"ground","p":[0,20.92,7.77],"v":[0,-0.6,-3],"sup":true,"spd":3,"cr":false,"ev":""}
JS: {"t":1.33,"mode":"ground","p":[0,20.92,7.72],"v":[0,-0.6,-3.3],"sup":true,"spd":3.3,"cr":false,"ev":""}
JS: {"t":1.35,"mode":"ground","p":[0,20.92,7.67],"v":[0,-0.6,-3.6],"sup":true,"spd":3.6,"cr":false,"ev":""}
JS: {"t":1.37,"mode":"ground","p":[0,20.92,7.61],"v":[0,-0.6,-3.9],"sup":true,"spd":3.9,"cr":false,"ev":""}
JS: {"t":1.38,"mode":"ground","p":[0,20.92,7.54],"v":[0,-0.6,-4.2],"sup":true,"spd":4.2,"cr":false,"ev":""}
JS: {"t":1.4,"mode":"ground","p":[0,20.92,7.47],"v":[0,-0.6,-4.3],"sup":true,"spd":4.3,"cr":false,"ev":""}
JS: {"t":1.42,"mode":"ground","p":[0,20.92,7.4],"v":[0,-0.6,-4.4],"sup":true,"spd":4.4,"cr":false,"ev":""}
JS: {"t":1.43,"mode":"ground","p":[0,20.92,7.33],"v":[0,-0.6,-4.5],"sup":true,"spd":4.5,"cr":false,"ev":""}
JS: {"t":1.45,"mode":"ground","p":[0,20.92,7.25],"v":[0,-0.6,-4.6],"sup":true,"spd":4.6,"cr":false,"ev":""}
JS: {"t":1.47,"mode":"ground","p":[0,20.92,7.18],"v":[0,-0.6,-4.7],"sup":true,"spd":4.7,"cr":false,"ev":""}
JS: {"t":1.48,"mode":"ground","p":[0,20.92,7.1],"v":[0,-0.6,-4.8],"sup":true,"spd":4.8,"cr":false,"ev":""}
JS: {"t":1.5,"mode":"ground","p":[0,20.92,7.02],"v":[0,-0.6,-4.9],"sup":true,"spd":4.9,"cr":false,"ev":""}
JS: {"t":1.52,"mode":"ground","p":[0,20.92,6.94],"v":[0,-0.6,-5],"sup":true,"spd":5,"cr":false,"ev":""}
JS: {"t":1.53,"mode":"ground","p":[0,20.92,6.85],"v":[0,-0.6,-5.1],"sup":true,"spd":5.1,"cr":false,"ev":""}
JS: {"t":1.55,"mode":"ground","p":[0,20.92,6.77],"v":[0,-0.6,-5.2],"sup":true,"spd":5.2,"cr":false,"ev":""}
JS: {"t":1.57,"mode":"ground","p":[0,20.92,6.68],"v":[0,-0.6,-5.3],"sup":true,"spd":5.3,"cr":false,"ev":""}
JS: {"t":1.58,"mode":"ground","p":[0,20.92,6.59],"v":[0,-0.6,-5.4],"sup":true,"spd":5.4,"cr":false,"ev":""}
JS: {"t":1.6,"mode":"ground","p":[0,20.92,6.5],"v":[0,-0.6,-5.5],"sup":true,"spd":5.5,"cr":false,"ev":""}
JS: {"t":1.62,"mode":"ground","p":[0,20.92,6.41],"v":[0,-0.6,-5.6],"sup":true,"spd":5.6,"cr":false,"ev":""}
JS: {"t":1.63,"mode":"ground","p":[0,20.92,6.32],"v":[0,-0.6,-5.7],"sup":true,"spd":5.7,"cr":false,"ev":""}
JS: {"t":1.65,"mode":"ground","p":[0,20.92,6.22],"v":[0,-0.6,-5.8],"sup":true,"spd":5.8,"cr":false,"ev":""}
JS: {"t":1.67,"mode":"ground","p":[0,20.92,6.13],"v":[0,-0.6,-5.9],"sup":true,"spd":5.9,"cr":false,"ev":""}
JS: {"t":1.68,"mode":"ground","p":[0,20.92,6.03],"v":[0,-0.6,-6],"sup":true,"spd":6,"cr":false,"ev":""}
JS: {"t":1.7,"mode":"ground","p":[0,20.92,5.93],"v":[0,-0.6,-6.1],"sup":true,"spd":6.1,"cr":false,"ev":""}
JS: {"t":1.72,"mode":"ground","p":[0,20.92,5.83],"v":[0,-0.6,-6.2],"sup":true,"spd":6.2,"cr":false,"ev":""}
JS: {"t":1.73,"mode":"ground","p":[0,20.92,5.72],"v":[0,-0.6,-6.3],"sup":true,"spd":6.3,"cr":false,"ev":""}
JS: {"t":1.75,"mode":"ground","p":[0,20.92,5.62],"v":[0,-0.6,-6.4],"sup":true,"spd":6.4,"cr":false,"ev":""}
JS: {"t":1.77,"mode":"ground","p":[0,20.92,5.51],"v":[0,-0.6,-6.5],"sup":true,"spd":6.5,"cr":false,"ev":""}
JS: {"t":1.78,"mode":"ground","p":[0,20.92,5.4],"v":[0,-0.6,-6.55],"sup":true,"spd":6.55,"cr":false,"ev":""}
JS: {"t":1.8,"mode":"ground","p":[0,20.92,5.3],"v":[0,-0.6,-6.6],"sup":true,"spd":6.6,"cr":false,"ev":""}
JS: {"t":1.82,"mode":"ground","p":[0,20.92,5.19],"v":[0,-0.6,-6.65],"sup":true,"spd":6.65,"cr":false,"ev":""}
JS: {"t":1.83,"mode":"ground","p":[0,20.92,5.07],"v":[0,-0.6,-6.7],"sup":true,"spd":6.7,"cr":false,"ev":""}
JS: {"t":1.85,"mode":"ground","p":[0,20.92,4.96],"v":[0,-0.6,-6.75],"sup":true,"spd":6.75,"cr":false,"ev":""}
JS: {"t":1.87,"mode":"ground","p":[0,20.92,4.85],"v":[0,-0.6,-6.8],"sup":true,"spd":6.8,"cr":false,"ev":""}
JS: {"t":1.88,"mode":"ground","p":[0,20.92,4.74],"v":[0,-0.6,-6.85],"sup":true,"spd":6.85,"cr":false,"ev":""}
JS: {"t":1.9,"mode":"ground","p":[0,20.92,4.62],"v":[0,-0.6,-6.9],"sup":true,"spd":6.9,"cr":false,"ev":""}
JS: {"t":1.92,"mode":"ground","p":[0,20.92,4.51],"v":[0,-0.6,-6.95],"sup":true,"spd":6.95,"cr":false,"ev":""}
JS: {"t":1.93,"mode":"ground","p":[0,20.92,4.39],"v":[0,-0.6,-7],"sup":true,"spd":7,"cr":false,"ev":""}
JS: {"t":1.95,"mode":"ground","p":[0,20.92,4.28],"v":[0,-0.6,-7.05],"sup":true,"spd":7.05,"cr":false,"ev":""}
JS: {"t":1.97,"mode":"ground","p":[0,20.92,4.16],"v":[0,-0.6,-7.1],"sup":true,"spd":7.1,"cr":false,"ev":""}
JS: {"t":1.98,"mode":"ground","p":[0,20.92,4.04],"v":[0,-0.6,-7.15],"sup":true,"spd":7.15,"cr":false,"ev":""}
JS: {"t":2,"mode":"ground","p":[0,20.92,3.92],"v":[0,-0.6,-6.78],"sup":true,"spd":6.78,"cr":false,"ev":""}
JS: {"t":2.02,"mode":"ground","p":[0,20.92,3.81],"v":[0,-0.6,-6.42],"sup":true,"spd":6.42,"cr":false,"ev":""}
JS: {"t":2.03,"mode":"ground","p":[0,20.92,3.7],"v":[0,-0.6,-6.05],"sup":true,"spd":6.05,"cr":false,"ev":""}
JS: {"t":2.05,"mode":"ground","p":[0,20.92,3.6],"v":[0,-0.6,-5.68],"sup":true,"spd":5.68,"cr":false,"ev":""}
JS: {"t":2.07,"mode":"ground","p":[0,20.92,3.51],"v":[0,-0.6,-5.32],"sup":true,"spd":5.32,"cr":false,"ev":""}
JS: {"t":2.08,"mode":"ground","p":[0,20.92,3.42],"v":[0,-0.6,-4.95],"sup":true,"spd":4.95,"cr":false,"ev":""}
JS: {"t":2.1,"mode":"ground","p":[0,20.92,3.33],"v":[0,-0.6,-4.58],"sup":true,"spd":4.58,"cr":false,"ev":""}
JS: {"t":2.12,"mode":"ground","p":[0,20.92,3.26],"v":[0,-0.6,-4.22],"sup":true,"spd":4.22,"cr":false,"ev":""}
JS: {"t":2.13,"mode":"ground","p":[0,20.92,3.19],"v":[0,-0.6,-3.85],"sup":true,"spd":3.85,"cr":false,"ev":""}
JS: {"t":2.15,"mode":"ground","p":[0,20.92,3.12],"v":[0,-0.6,-3.48],"sup":true,"spd":3.48,"cr":false,"ev":""}
JS: {"t":2.17,"mode":"ground","p":[0,20.92,3.07],"v":[0,-0.6,-3.12],"sup":true,"spd":3.12,"cr":false,"ev":""}
JS: {"t":2.18,"mode":"ground","p":[0,20.92,3.01],"v":[0,-0.6,-2.75],"sup":true,"spd":2.75,"cr":false,"ev":""}
JS: {"t":2.2,"mode":"ground","p":[0,20.92,2.97],"v":[0,-0.6,-2.38],"sup":true,"spd":2.38,"cr":false,"ev":""}
JS: {"t":2.22,"mode":"ground","p":[0,20.92,2.93],"v":[0,-0.6,-2.02],"sup":true,"spd":2.02,"cr":false,"ev":""}
JS: {"t":2.23,"mode":"ground","p":[0,20.92,2.89],"v":[0,-0.6,-1.65],"sup":true,"spd":1.65,"cr":false,"ev":""}
JS: {"t":2.25,"mode":"ground","p":[0,20.92,2.87],"v":[0,-0.6,-1.28],"sup":true,"spd":1.28,"cr":false,"ev":""}
JS: {"t":2.27,"mode":"ground","p":[0,20.92,2.85],"v":[0,-0.6,-0.92],"sup":true,"spd":0.92,"cr":false,"ev":""}
JS: {"t":2.28,"mode":"ground","p":[0,20.92,2.83],"v":[0,-0.6,-0.55],"sup":true,"spd":0.55,"cr":false,"ev":""}
JS: {"t":2.3,"mode":"ground","p":[0,20.92,2.82],"v":[0,-0.6,-0.18],"sup":true,"spd":0.18,"cr":false,"ev":""}
JS: {"t":2.32,"mode":"ground","p":[0,20.92,2.82],"v":[0,-0.6,0],"sup":true,"spd":0,"cr":false,"ev":""}
JS: {"t":2.33,"mode":"ground","p":[0,20.92,2.82],"v":[0,-0.6,0],"sup":true,"spd":0,"cr":false,"ev":""}
Consumer observation frames=140 scriptErrors=0
Renderer fragment texture units: 32 (material path uses 12)
World state: disk saves disabled for additive compositions
Project: Judas Three Games (/tmp/judas-post-m65-eok_xkrf/project/post_m65_consumers.judasproj)
Scene: Rooftop Run (/tmp/judas-post-m65-eok_xkrf/project/Scenes/rooftop/rooftops.judas)
World origin (m): 0.000, 0.000, 0.000
