JS: {"t":0.02,"mode":"air","p":[5.35,20.2,-42],"v":[0,-0.22,-0.12],"sup":false,"spd":0.12,"cr":false,"ev":""}
JS: {"t":0.03,"mode":"ground","p":[5.35,20.12,-42],"v":[0,-0.6,-0.42],"sup":true,"spd":0.42,"cr":false,"ev":""}
JS: {"t":0.05,"mode":"ground","p":[5.35,20.12,-42.01],"v":[0,-0.6,-0.72],"sup":true,"spd":0.72,"cr":false,"ev":""}
JS: {"t":0.07,"mode":"ground","p":[5.35,20.12,-42.02],"v":[0,-0.6,-1.02],"sup":true,"spd":1.02,"cr":false,"ev":""}
JS: {"t":0.08,"mode":"ground","p":[5.35,20.12,-42.04],"v":[0,-0.6,-1.32],"sup":true,"spd":1.32,"cr":false,"ev":""}
JS: {"t":0.1,"mode":"ground","p":[5.35,20.12,-42.06],"v":[0,-0.6,-1.62],"sup":true,"spd":1.62,"cr":false,"ev":""}
JS: {"t":0.12,"mode":"ground","p":[5.35,20.12,-42.09],"v":[0,-0.6,-1.92],"sup":true,"spd":1.92,"cr":false,"ev":""}
JS: {"t":0.13,"mode":"ground","p":[5.35,20.12,-42.12],"v":[0,-0.6,-2.22],"sup":true,"spd":2.22,"cr":false,"ev":""}
JS: {"t":0.15,"mode":"ground","p":[5.35,20.12,-42.16],"v":[0,-0.6,-2.52],"sup":true,"spd":2.52,"cr":false,"ev":""}
JS: {"t":0.17,"mode":"ground","p":[5.35,20.12,-42.2],"v":[0,-0.6,-2.82],"sup":true,"spd":2.82,"cr":false,"ev":""}
JS: {"t":0.18,"mode":"ground","p":[5.35,20.12,-42.24],"v":[0,-0.6,-3.12],"sup":true,"spd":3.12,"cr":false,"ev":""}
JS: {"t":0.2,"mode":"ground","p":[5.35,20.12,-42.3],"v":[0,-0.6,-3.42],"sup":true,"spd":3.42,"cr":false,"ev":""}
JS: {"t":0.22,"mode":"ground","p":[5.35,20.12,-42.35],"v":[0,-0.6,-3.72],"sup":true,"spd":3.72,"cr":false,"ev":""}
JS: {"t":0.23,"mode":"ground","p":[5.35,20.12,-42.42],"v":[0,-0.6,-4.02],"sup":true,"spd":4.02,"cr":false,"ev":""}
JS: {"t":0.25,"mode":"ground","p":[5.35,20.12,-42.48],"v":[0,-0.6,-4.12],"sup":true,"spd":4.12,"cr":false,"ev":""}
JS: {"t":0.27,"mode":"ground","p":[5.35,20.12,-42.55],"v":[0,-0.6,-4.22],"sup":true,"spd":4.22,"cr":false,"ev":""}
JS: {"t":0.28,"mode":"ground","p":[5.35,20.12,-42.62],"v":[0,-0.6,-4.32],"sup":true,"spd":4.32,"cr":false,"ev":""}
JS: {"t":0.3,"mode":"ground","p":[5.35,20.12,-42.69],"v":[0,-0.6,-4.42],"sup":true,"spd":4.42,"cr":false,"ev":""}
JS: {"t":0.32,"mode":"ground","p":[5.35,20.12,-42.77],"v":[0,-0.6,-4.52],"sup":true,"spd":4.52,"cr":false,"ev":""}
JS: {"t":0.33,"mode":"ground","p":[5.35,20.12,-42.84],"v":[0,-0.6,-4.62],"sup":true,"spd":4.62,"cr":false,"ev":""}
JS: {"t":0.35,"mode":"ground","p":[5.35,20.12,-42.92],"v":[0,-0.6,-4.72],"sup":true,"spd":4.72,"cr":false,"ev":""}
JS: {"t":0.37,"mode":"ground","p":[5.35,20.12,-43],"v":[0,-0.6,-4.82],"sup":true,"spd":4.82,"cr":false,"ev":""}
JS: {"t":0.38,"mode":"ground","p":[5.35,20.12,-43.08],"v":[0,-0.6,-4.92],"sup":true,"spd":4.92,"cr":false,"ev":""}
JS: {"t":0.4,"mode":"ground","p":[5.35,20.12,-43.16],"v":[0,-0.6,-5.02],"sup":true,"spd":5.02,"cr":false,"ev":""}
JS: {"t":0.42,"mode":"ground","p":[5.35,20.12,-43.24],"v":[0,-0.6,-5.12],"sup":true,"spd":5.12,"cr":false,"ev":""}
JS: {"t":0.43,"mode":"ground","p":[5.35,20.12,-43.33],"v":[0,-0.6,-5.22],"sup":true,"spd":5.22,"cr":false,"ev":""}
JS: {"t":0.45,"mode":"ground","p":[5.35,20.12,-43.42],"v":[0,-0.6,-5.32],"sup":true,"spd":5.32,"cr":false,"ev":""}
JS: {"t":0.47,"mode":"ground","p":[5.35,20.12,-43.5],"v":[0,-0.6,-5.42],"sup":true,"spd":5.42,"cr":false,"ev":""}
JS: {"t":0.48,"mode":"ground","p":[5.35,20.12,-43.59],"v":[0,-0.6,-5.52],"sup":true,"spd":5.52,"cr":false,"ev":""}
JS: {"t":0.5,"mode":"ground","p":[5.35,20.12,-43.69],"v":[0,-0.6,-5.62],"sup":true,"spd":5.62,"cr":false,"ev":""}
JS: {"t":0.52,"mode":"ground","p":[5.35,20.12,-43.78],"v":[0,-0.6,-5.72],"sup":true,"spd":5.72,"cr":false,"ev":""}
JS: {"t":0.53,"mode":"ground","p":[5.35,20.12,-43.88],"v":[0,-0.6,-5.82],"sup":true,"spd":5.82,"cr":false,"ev":""}
JS: {"t":0.55,"mode":"ground","p":[5.35,20.12,-43.97],"v":[0,-0.6,-5.92],"sup":true,"spd":5.92,"cr":false,"ev":""}
JS: {"t":0.57,"mode":"ground","p":[5.35,20.12,-44.07],"v":[0,-0.6,-6.02],"sup":true,"spd":6.02,"cr":false,"ev":""}
JS: {"t":0.58,"mode":"ground","p":[5.35,20.12,-44.17],"v":[0,-0.6,-6.12],"sup":true,"spd":6.12,"cr":false,"ev":""}
JS: {"t":0.6,"mode":"ground","p":[5.35,20.12,-44.27],"v":[0,-0.6,-6.22],"sup":true,"spd":6.22,"cr":false,"ev":""}
JS: {"t":0.62,"mode":"ground","p":[5.35,20.12,-44.38],"v":[0,-0.6,-6.32],"sup":true,"spd":6.32,"cr":false,"ev":""}
JS: {"t":0.63,"mode":"ground","p":[5.35,20.12,-44.48],"v":[0,-0.6,-6.42],"sup":true,"spd":6.42,"cr":false,"ev":""}
JS: {"t":0.65,"mode":"ground","p":[5.35,20.12,-44.59],"v":[0,-0.6,-6.52],"sup":true,"spd":6.52,"cr":false,"ev":""}
JS: {"t":0.67,"mode":"ground","p":[5.35,20.12,-44.7],"v":[0,-0.6,-6.57],"sup":true,"spd":6.57,"cr":false,"ev":""}
JS: {"t":0.68,"mode":"ground","p":[5.35,20.12,-44.81],"v":[0,-0.6,-6.62],"sup":true,"spd":6.62,"cr":false,"ev":""}
JS: {"t":0.7,"mode":"ground","p":[5.35,20.12,-44.92],"v":[0,-0.6,-6.67],"sup":true,"spd":6.67,"cr":false,"ev":""}
JS: {"t":0.72,"mode":"ground","p":[5.35,20.12,-45.03],"v":[0,-0.6,-6.72],"sup":true,"spd":6.72,"cr":false,"ev":""}
JS: {"t":0.73,"mode":"ground","p":[5.35,20.12,-45.14],"v":[0,-0.6,-6.77],"sup":true,"spd":6.77,"cr":false,"ev":""}
JS: {"t":0.75,"mode":"ground","p":[5.35,20.12,-45.25],"v":[0,-0.6,-6.82],"sup":true,"spd":6.82,"cr":false,"ev":""}
JS: {"t":0.77,"mode":"ground","p":[5.35,20.12,-45.37],"v":[0,-0.6,-6.87],"sup":true,"spd":6.87,"cr":false,"ev":""}
JS: {"t":0.78,"mode":"ground","p":[5.35,20.12,-45.48],"v":[0,-0.6,-6.92],"sup":true,"spd":6.92,"cr":false,"ev":""}
JS: {"t":0.8,"mode":"ground","p":[5.35,20.12,-45.6],"v":[0,-0.6,-6.97],"sup":true,"spd":6.97,"cr":false,"ev":""}
JS: {"t":0.82,"mode":"ground","p":[5.35,20.12,-45.71],"v":[0,-0.6,-7.02],"sup":true,"spd":7.02,"cr":false,"ev":""}
JS: {"t":0.83,"mode":"ground","p":[5.35,20.12,-45.83],"v":[0,-0.6,-7.07],"sup":true,"spd":7.07,"cr":false,"ev":""}
JS: {"t":0.85,"mode":"ground","p":[5.35,20.12,-45.95],"v":[0,-0.6,-7.12],"sup":true,"spd":7.12,"cr":false,"ev":""}
JS: {"t":0.87,"mode":"ground","p":[5.35,20.12,-46.07],"v":[0,-0.6,-7.17],"sup":true,"spd":7.17,"cr":false,"ev":""}
JS: {"t":0.88,"mode":"ground","p":[5.35,20.12,-46.19],"v":[0,-0.6,-7.22],"sup":true,"spd":7.22,"cr":false,"ev":""}
JS: {"t":0.9,"mode":"ground","p":[5.35,20.12,-46.31],"v":[0,-0.6,-7.27],"sup":true,"spd":7.27,"cr":false,"ev":""}
JS: {"t":0.92,"mode":"ground","p":[5.35,20.12,-46.43],"v":[0,-0.6,-7.32],"sup":true,"spd":7.32,"cr":false,"ev":""}
JS: {"t":0.93,"mode":"ground","p":[5.35,20.12,-46.55],"v":[0,-0.6,-7.37],"sup":true,"spd":7.37,"cr":false,"ev":""}
JS: {"t":0.95,"mode":"ground","p":[5.35,20.12,-46.67],"v":[0,-0.6,-7.42],"sup":true,"spd":7.42,"cr":false,"ev":""}
JS: {"t":0.97,"mode":"ground","p":[5.35,20.12,-46.8],"v":[0,-0.6,-7.47],"sup":true,"spd":7.47,"cr":false,"ev":""}
JS: {"t":0.98,"mode":"ground","p":[5.35,20.12,-46.92],"v":[0,-0.6,-7.52],"sup":true,"spd":7.52,"cr":false,"ev":""}
JS: {"t":1,"mode":"air","p":[5.35,20.12,-47.04],"v":[0,5.1,-7.52],"sup":true,"spd":7.77,"cr":false,"ev":"jump"}
JS: {"t":1.02,"mode":"wallrun","p":[5.35,20.2,-47.17],"v":[0.8,3.2,-7.52],"sup":false,"spd":7.77,"cr":false,"ev":"wallrun"}
JS: {"t":1.03,"mode":"wallrun","p":[5.36,20.26,-47.3],"v":[0.8,3.13,-7.51],"sup":false,"spd":7.77,"cr":false,"ev":""}
JS: {"t":1.05,"mode":"wallrun","p":[5.38,20.31,-47.42],"v":[0.8,3.06,-7.5],"sup":false,"spd":7.77,"cr":false,"ev":""}
JS: {"t":1.07,"mode":"wallrun","p":[5.39,20.36,-47.55],"v":[0.8,2.99,-7.49],"sup":false,"spd":7.77,"cr":false,"ev":""}
JS: {"t":1.08,"mode":"wallrun","p":[5.4,20.41,-47.67],"v":[0.8,2.93,-7.48],"sup":false,"spd":7.77,"cr":false,"ev":""}
JS: {"t":1.1,"mode":"wallrun","p":[5.42,20.46,-47.79],"v":[0.8,2.86,-7.47],"sup":false,"spd":7.77,"cr":false,"ev":""}
JS: {"t":1.12,"mode":"wallrun","p":[5.43,20.51,-47.92],"v":[0.8,2.79,-7.46],"sup":false,"spd":7.77,"cr":false,"ev":""}
JS: {"t":1.13,"mode":"wallrun","p":[5.44,20.55,-48.04],"v":[0.8,2.72,-7.45],"sup":false,"spd":7.77,"cr":false,"ev":""}
JS: {"t":1.15,"mode":"wallrun","p":[5.46,20.6,-48.17],"v":[0.8,2.65,-7.44],"sup":false,"spd":7.77,"cr":false,"ev":""}
JS: {"t":1.17,"mode":"wallrun","p":[5.47,20.64,-48.29],"v":[0.8,2.58,-7.43],"sup":false,"spd":7.77,"cr":false,"ev":""}
JS: {"t":1.18,"mode":"wallrun","p":[5.48,20.69,-48.42],"v":[0.8,2.51,-7.42],"sup":false,"spd":7.77,"cr":false,"ev":""}
JS: {"t":1.2,"mode":"wallrun","p":[5.5,20.73,-48.54],"v":[0.8,2.44,-7.41],"sup":false,"spd":7.77,"cr":false,"ev":""}
JS: {"t":1.22,"mode":"wallrun","p":[5.51,20.77,-48.66],"v":[0.8,2.38,-7.4],"sup":false,"spd":7.77,"cr":false,"ev":""}
JS: {"t":1.23,"mode":"wallrun","p":[5.52,20.81,-48.79],"v":[0.8,2.31,-7.39],"sup":false,"spd":7.77,"cr":false,"ev":""}
JS: {"t":1.25,"mode":"wallrun","p":[5.54,20.85,-48.91],"v":[0.8,2.24,-7.38],"sup":false,"spd":7.77,"cr":false,"ev":""}
JS: {"t":1.27,"mode":"wallrun","p":[5.55,20.88,-49.03],"v":[0.8,2.17,-7.37],"sup":false,"spd":7.77,"cr":false,"ev":""}
JS: {"t":1.28,"mode":"wallrun","p":[5.56,20.92,-49.15],"v":[0.8,2.1,-7.36],"sup":false,"spd":7.77,"cr":false,"ev":""}
JS: {"t":1.3,"mode":"wallrun","p":[5.58,20.96,-49.28],"v":[0.8,2.03,-7.35],"sup":false,"spd":7.77,"cr":false,"ev":""}
JS: {"t":1.32,"mode":"wallrun","p":[5.59,20.99,-49.4],"v":[0.8,1.96,-7.34],"sup":false,"spd":7.77,"cr":false,"ev":""}
JS: {"t":1.33,"mode":"wallrun","p":[5.6,21.02,-49.52],"v":[0.8,1.9,-7.33],"sup":false,"spd":7.77,"cr":false,"ev":""}
JS: {"t":1.35,"mode":"wallrun","p":[5.62,21.05,-49.64],"v":[0.8,1.83,-7.32],"sup":false,"spd":7.77,"cr":false,"ev":""}
JS: {"t":1.37,"mode":"wallrun","p":[5.63,21.08,-49.77],"v":[0.8,1.76,-7.31],"sup":false,"spd":7.77,"cr":false,"ev":""}
JS: {"t":1.38,"mode":"wallrun","p":[5.64,21.11,-49.89],"v":[0.8,1.69,-7.3],"sup":false,"spd":7.77,"cr":false,"ev":""}
JS: {"t":1.4,"mode":"wallrun","p":[5.66,21.14,-50.01],"v":[0.8,1.62,-7.29],"sup":false,"spd":7.77,"cr":false,"ev":""}
JS: {"t":1.42,"mode":"wallrun","p":[5.67,21.17,-50.13],"v":[0.8,1.55,-7.28],"sup":false,"spd":7.77,"cr":false,"ev":""}
JS: {"t":1.43,"mode":"wallrun","p":[5.68,21.19,-50.25],"v":[0.8,1.48,-7.27],"sup":false,"spd":7.77,"cr":false,"ev":""}
JS: {"t":1.45,"mode":"wallrun","p":[5.7,21.22,-50.37],"v":[0.8,1.41,-7.26],"sup":false,"spd":7.77,"cr":false,"ev":""}
JS: {"t":1.47,"mode":"wallrun","p":[5.7,21.24,-50.49],"v":[0.8,1.35,-7.25],"sup":false,"spd":7.77,"cr":false,"ev":""}
JS: {"t":1.48,"mode":"wallrun","p":[5.7,21.27,-50.61],"v":[0.8,1.28,-7.24],"sup":false,"spd":7.77,"cr":false,"ev":""}
JS: {"t":1.5,"mode":"wallrun","p":[5.7,21.29,-50.74],"v":[0.8,1.21,-7.23],"sup":false,"spd":7.77,"cr":false,"ev":""}
JS: {"t":1.52,"mode":"wallrun","p":[5.7,21.31,-50.86],"v":[0.8,1.14,-7.22],"sup":false,"spd":7.77,"cr":false,"ev":""}
JS: {"t":1.53,"mode":"wallrun","p":[5.7,21.33,-50.98],"v":[0.8,1.07,-7.21],"sup":false,"spd":7.77,"cr":false,"ev":""}
JS: {"t":1.55,"mode":"wallrun","p":[5.7,21.34,-51.1],"v":[0.8,1,-7.2],"sup":false,"spd":7.77,"cr":false,"ev":""}
JS: {"t":1.57,"mode":"wallrun","p":[5.7,21.36,-51.22],"v":[0.8,0.93,-7.19],"sup":false,"spd":7.77,"cr":false,"ev":""}
JS: {"t":1.58,"mode":"wallrun","p":[5.7,21.38,-51.34],"v":[0.8,0.87,-7.18],"sup":false,"spd":7.77,"cr":false,"ev":""}
JS: {"t":1.6,"mode":"wallrun","p":[5.7,21.39,-51.46],"v":[0.8,0.8,-7.17],"sup":false,"spd":7.77,"cr":false,"ev":""}
JS: {"t":1.62,"mode":"wallrun","p":[5.7,21.4,-51.58],"v":[0.8,0.73,-7.16],"sup":false,"spd":7.77,"cr":false,"ev":""}
JS: {"t":1.63,"mode":"wallrun","p":[5.7,21.42,-51.69],"v":[0.8,0.66,-7.15],"sup":false,"spd":7.77,"cr":false,"ev":""}
JS: {"t":1.65,"mode":"wallrun","p":[5.7,21.43,-51.81],"v":[0.8,0.59,-7.14],"sup":false,"spd":7.77,"cr":false,"ev":""}
JS: {"t":1.67,"mode":"wallrun","p":[5.7,21.44,-51.93],"v":[0.8,0.52,-7.13],"sup":false,"spd":7.77,"cr":false,"ev":""}
JS: {"t":1.68,"mode":"wallrun","p":[5.7,21.45,-52.05],"v":[0.8,0.45,-7.12],"sup":false,"spd":7.77,"cr":false,"ev":""}
JS: {"t":1.7,"mode":"wallrun","p":[5.7,21.45,-52.17],"v":[0.8,0.38,-7.11],"sup":false,"spd":7.77,"cr":false,"ev":""}
JS: {"t":1.72,"mode":"wallrun","p":[5.7,21.46,-52.29],"v":[0.8,0.32,-7.1],"sup":false,"spd":7.77,"cr":false,"ev":""}
JS: {"t":1.73,"mode":"wallrun","p":[5.7,21.46,-52.41],"v":[0.8,0.25,-7.09],"sup":false,"spd":7.77,"cr":false,"ev":""}
JS: {"t":1.75,"mode":"wallrun","p":[5.7,21.47,-52.52],"v":[0.8,0.18,-7.08],"sup":false,"spd":7.77,"cr":false,"ev":""}
JS: {"t":1.77,"mode":"wallrun","p":[5.7,21.47,-52.64],"v":[0.8,0.11,-7.07],"sup":false,"spd":7.77,"cr":false,"ev":""}
JS: {"t":1.78,"mode":"wallrun","p":[5.7,21.47,-52.76],"v":[0.8,0.04,-7.06],"sup":false,"spd":7.77,"cr":false,"ev":""}
JS: {"t":1.8,"mode":"wallrun","p":[5.7,21.47,-52.88],"v":[0.8,-0.03,-7.05],"sup":false,"spd":7.77,"cr":false,"ev":""}
JS: {"t":1.82,"mode":"wallrun","p":[5.7,21.47,-53],"v":[0.8,-0.07,-7.04],"sup":false,"spd":7.77,"cr":false,"ev":""}
JS: {"t":1.83,"mode":"wallrun","p":[5.7,21.47,-53.11],"v":[0.8,-0.11,-7.03],"sup":false,"spd":7.77,"cr":false,"ev":""}
JS: {"t":1.85,"mode":"wallrun","p":[5.7,21.47,-53.23],"v":[0.8,-0.15,-7.02],"sup":false,"spd":7.77,"cr":false,"ev":""}
JS: {"t":1.87,"mode":"wallrun","p":[5.7,21.47,-53.35],"v":[0.8,-0.19,-7.01],"sup":false,"spd":7.77,"cr":false,"ev":""}
JS: {"t":1.88,"mode":"wallrun","p":[5.7,21.47,-53.46],"v":[0.8,-0.23,-7],"sup":false,"spd":7.77,"cr":false,"ev":""}
JS: {"t":1.9,"mode":"wallrun","p":[5.7,21.46,-53.58],"v":[0.8,-0.27,-6.99],"sup":false,"spd":7.77,"cr":false,"ev":""}
JS: {"t":1.92,"mode":"wallrun","p":[5.7,21.46,-53.7],"v":[0.8,-0.32,-6.98],"sup":false,"spd":7.77,"cr":false,"ev":""}
JS: {"t":1.93,"mode":"wallrun","p":[5.7,21.45,-53.81],"v":[0.8,-0.36,-6.97],"sup":false,"spd":7.77,"cr":false,"ev":""}
JS: {"t":1.95,"mode":"wallrun","p":[5.7,21.45,-53.93],"v":[0.8,-0.4,-6.96],"sup":false,"spd":7.77,"cr":false,"ev":""}
JS: {"t":1.97,"mode":"wallrun","p":[5.7,21.44,-54.04],"v":[0.8,-0.44,-6.95],"sup":false,"spd":7.77,"cr":false,"ev":""}
JS: {"t":1.98,"mode":"wallrun","p":[5.7,21.43,-54.16],"v":[0.8,-0.48,-6.94],"sup":false,"spd":7.77,"cr":false,"ev":""}
JS: {"t":2,"mode":"wallrun","p":[5.7,21.42,-54.28],"v":[0.8,-0.52,-6.93],"sup":false,"spd":7.77,"cr":false,"ev":""}
JS: {"t":2.02,"mode":"wallrun","p":[5.7,21.41,-54.39],"v":[0.8,-0.56,-6.92],"sup":false,"spd":7.77,"cr":false,"ev":""}
JS: {"t":2.03,"mode":"wallrun","p":[5.7,21.41,-54.51],"v":[0.8,-0.6,-6.91],"sup":false,"spd":7.77,"cr":false,"ev":""}
JS: {"t":2.05,"mode":"wallrun","p":[5.7,21.4,-54.62],"v":[0.8,-0.65,-6.9],"sup":false,"spd":7.77,"cr":false,"ev":""}
JS: {"t":2.07,"mode":"wallrun","p":[5.7,21.38,-54.74],"v":[0.8,-0.69,-6.89],"sup":false,"spd":7.77,"cr":false,"ev":""}
JS: {"t":2.08,"mode":"wallrun","p":[5.7,21.37,-54.85],"v":[0.8,-0.73,-6.88],"sup":false,"spd":7.77,"cr":false,"ev":""}
JS: {"t":2.1,"mode":"wallrun","p":[5.7,21.36,-54.97],"v":[0.8,-0.77,-6.87],"sup":false,"spd":7.77,"cr":false,"ev":""}
JS: {"t":2.12,"mode":"wallrun","p":[5.7,21.35,-55.08],"v":[0.8,-0.81,-6.86],"sup":false,"spd":7.77,"cr":false,"ev":""}
JS: {"t":2.13,"mode":"wallrun","p":[5.7,21.33,-55.2],"v":[0.8,-0.85,-6.85],"sup":false,"spd":7.77,"cr":false,"ev":""}
JS: {"t":2.15,"mode":"wallrun","p":[5.7,21.32,-55.31],"v":[0.8,-0.89,-6.84],"sup":false,"spd":7.77,"cr":false,"ev":""}
JS: {"t":2.17,"mode":"wallrun","p":[5.7,21.31,-55.42],"v":[0.8,-0.93,-6.83],"sup":false,"spd":7.77,"cr":false,"ev":""}
JS: {"t":2.18,"mode":"wallrun","p":[5.7,21.29,-55.54],"v":[0.8,-0.98,-6.82],"sup":false,"spd":7.77,"cr":false,"ev":""}
JS: {"t":2.2,"mode":"wallrun","p":[5.7,21.27,-55.65],"v":[0.8,-1.02,-6.81],"sup":false,"spd":7.77,"cr":false,"ev":""}
JS: {"t":2.22,"mode":"wallrun","p":[5.7,21.26,-55.76],"v":[0.8,-1.06,-6.8],"sup":false,"spd":7.77,"cr":false,"ev":""}
JS: {"t":2.23,"mode":"wallrun","p":[5.7,21.24,-55.88],"v":[0.8,-1.1,-6.79],"sup":false,"spd":7.77,"cr":false,"ev":""}
JS: {"t":2.25,"mode":"wallrun","p":[5.7,21.22,-55.99],"v":[0.8,-1.14,-6.78],"sup":false,"spd":7.77,"cr":false,"ev":""}
JS: {"t":2.27,"mode":"air","p":[5.7,21.2,-56.1],"v":[-1.2,-1.14,-6.78],"sup":false,"spd":7.77,"cr":false,"ev":""}
JS: {"t":2.28,"mode":"air","p":[5.68,21.18,-56.22],"v":[-1.18,-1.36,-6.78],"sup":false,"spd":7.77,"cr":false,"ev":""}
JS: {"t":2.3,"mode":"air","p":[5.66,21.16,-56.33],"v":[-1.17,-1.58,-6.78],"sup":false,"spd":7.77,"cr":false,"ev":""}
JS: {"t":2.32,"mode":"air","p":[5.64,21.13,-56.44],"v":[-1.15,-1.8,-6.79],"sup":false,"spd":7.77,"cr":false,"ev":""}
JS: {"t":2.33,"mode":"air","p":[5.62,21.1,-56.56],"v":[-1.13,-2.02,-6.79],"sup":false,"spd":7.77,"cr":false,"ev":""}
JS: {"t":2.35,"mode":"air","p":[5.6,21.07,-56.67],"v":[-1.12,-2.24,-6.79],"sup":false,"spd":7.77,"cr":false,"ev":""}
JS: {"t":2.37,"mode":"air","p":[5.58,21.03,-56.78],"v":[-1.1,-2.46,-6.79],"sup":false,"spd":7.77,"cr":false,"ev":""}
JS: {"t":2.38,"mode":"air","p":[5.56,20.99,-56.89],"v":[-1.09,-2.69,-6.8],"sup":false,"spd":7.77,"cr":false,"ev":""}
JS: {"t":2.4,"mode":"air","p":[5.55,20.95,-57.01],"v":[-1.08,-2.91,-6.8],"sup":false,"spd":7.77,"cr":false,"ev":""}
JS: {"t":2.42,"mode":"air","p":[5.53,20.9,-57.12],"v":[-1.06,-3.13,-6.8],"sup":false,"spd":7.77,"cr":false,"ev":""}
JS: {"t":2.43,"mode":"air","p":[5.51,20.85,-57.23],"v":[-1.05,-3.35,-6.8],"sup":false,"spd":7.77,"cr":false,"ev":""}
JS: {"t":2.45,"mode":"air","p":[5.49,20.79,-57.35],"v":[-1.04,-3.57,-6.8],"sup":false,"spd":7.77,"cr":false,"ev":""}
JS: {"t":2.47,"mode":"air","p":[5.47,20.73,-57.46],"v":[-1.03,-3.79,-6.81],"sup":false,"spd":7.77,"cr":false,"ev":""}
JS: {"t":2.48,"mode":"air","p":[5.46,20.67,-57.57],"v":[-1.02,-4.01,-6.81],"sup":false,"spd":7.77,"cr":false,"ev":""}
JS: {"t":2.5,"mode":"air","p":[5.44,20.6,-57.69],"v":[-1.01,-4.23,-6.81],"sup":false,"spd":7.77,"cr":false,"ev":""}
JS: {"t":2.52,"mode":"air","p":[5.42,20.53,-57.8],"v":[-0.99,-4.45,-6.81],"sup":false,"spd":7.77,"cr":false,"ev":""}
JS: {"t":2.53,"mode":"air","p":[5.41,20.46,-57.92],"v":[-0.98,-4.67,-6.81],"sup":false,"spd":7.77,"cr":false,"ev":""}
JS: {"t":2.55,"mode":"air","p":[5.39,20.38,-58.03],"v":[-0.97,-4.89,-6.81],"sup":false,"spd":7.77,"cr":false,"ev":""}
JS: {"t":2.57,"mode":"air","p":[5.37,20.3,-58.14],"v":[-0.96,-5.11,-6.81],"sup":false,"spd":7.77,"cr":false,"ev":""}
JS: {"t":2.58,"mode":"air","p":[5.36,20.21,-58.26],"v":[-0.96,-5.33,-6.82],"sup":false,"spd":7.77,"cr":false,"ev":""}
JS: {"t":2.6,"mode":"air","p":[5.34,20.12,-58.37],"v":[-0.95,-5.55,-6.82],"sup":false,"spd":7.77,"cr":false,"ev":""}
JS: {"t":2.62,"mode":"air","p":[5.33,20.03,-58.48],"v":[-0.94,-5.78,-6.82],"sup":false,"spd":7.77,"cr":false,"ev":""}
JS: {"t":2.63,"mode":"air","p":[5.31,19.93,-58.6],"v":[-0.93,-6,-6.82],"sup":false,"spd":7.77,"cr":false,"ev":""}
JS: {"t":2.65,"mode":"air","p":[5.3,19.83,-58.71],"v":[-0.92,-6.22,-6.82],"sup":false,"spd":7.77,"cr":false,"ev":""}
JS: {"t":2.67,"mode":"air","p":[5.28,19.73,-58.82],"v":[-0.91,-6.44,-6.82],"sup":false,"spd":7.77,"cr":false,"ev":""}
JS: {"t":2.68,"mode":"air","p":[5.27,19.62,-58.94],"v":[-0.9,-6.66,-6.82],"sup":false,"spd":7.77,"cr":false,"ev":""}
JS: {"t":2.7,"mode":"traverse","p":[5.25,19.51,-59.05],"v":[0,3.6,0],"sup":false,"spd":7.77,"cr":false,"ev":"ledge"}
JS: {"t":2.72,"mode":"traverse","p":[5.25,19.57,-59.05],"v":[-0.05,3.6,-0.4],"sup":false,"spd":7.77,"cr":false,"ev":""}
JS: {"t":2.73,"mode":"traverse","p":[5.25,19.63,-59.06],"v":[-0.05,3.6,-0.4],"sup":false,"spd":7.77,"cr":false,"ev":""}
JS: {"t":2.75,"mode":"traverse","p":[5.25,19.69,-59.06],"v":[-0.05,3.6,-0.4],"sup":false,"spd":7.77,"cr":false,"ev":""}
JS: {"t":2.77,"mode":"traverse","p":[5.25,19.75,-59.07],"v":[-0.05,3.6,-0.4],"sup":false,"spd":7.77,"cr":false,"ev":""}
JS: {"t":2.78,"mode":"traverse","p":[5.25,19.81,-59.08],"v":[-0.05,3.6,-0.4],"sup":false,"spd":7.77,"cr":false,"ev":""}
JS: {"t":2.8,"mode":"traverse","p":[5.25,19.87,-59.08],"v":[-0.05,3.6,-0.4],"sup":false,"spd":7.77,"cr":false,"ev":""}
JS: {"t":2.82,"mode":"traverse","p":[5.25,19.93,-59.09],"v":[-0.05,3.6,-0.4],"sup":false,"spd":7.77,"cr":false,"ev":""}
JS: {"t":2.83,"mode":"traverse","p":[5.24,19.99,-59.1],"v":[-0.05,3.6,-0.4],"sup":false,"spd":7.77,"cr":false,"ev":""}
JS: {"t":2.85,"mode":"traverse","p":[5.24,20.05,-59.1],"v":[-0.05,3.6,-0.4],"sup":false,"spd":7.77,"cr":false,"ev":""}
JS: {"t":2.87,"mode":"traverse","p":[5.24,20.11,-59.11],"v":[-0.05,2.85,-0.4],"sup":false,"spd":7.77,"cr":false,"ev":""}
JS: {"t":2.88,"mode":"traverse","p":[5.24,20.16,-59.12],"v":[-0.53,0,-3.97],"sup":false,"spd":7.77,"cr":false,"ev":""}
JS: {"t":2.9,"mode":"traverse","p":[5.23,20.16,-59.18],"v":[-0.53,0,-3.97],"sup":false,"spd":7.77,"cr":false,"ev":""}
JS: {"t":2.92,"mode":"traverse","p":[5.22,20.16,-59.25],"v":[-0.53,0,-3.97],"sup":false,"spd":7.77,"cr":false,"ev":""}
JS: {"t":2.93,"mode":"traverse","p":[5.22,20.16,-59.32],"v":[-0.53,0,-3.97],"sup":false,"spd":7.77,"cr":false,"ev":""}
JS: {"t":2.95,"mode":"traverse","p":[5.21,20.16,-59.38],"v":[-0.53,0,-3.97],"sup":false,"spd":7.77,"cr":false,"ev":""}
JS: {"t":2.97,"mode":"traverse","p":[5.2,20.16,-59.45],"v":[-0.53,0,-3.97],"sup":false,"spd":7.77,"cr":false,"ev":""}
JS: {"t":2.98,"mode":"traverse","p":[5.19,20.16,-59.51],"v":[-0.53,0,-3.97],"sup":false,"spd":7.77,"cr":false,"ev":""}
JS: {"t":3,"mode":"traverse","p":[5.18,20.16,-59.58],"v":[-0.53,0,-3.97],"sup":false,"spd":7.77,"cr":false,"ev":""}
Consumer observation frames=180 scriptErrors=0
Renderer fragment texture units: 32 (material path uses 12)
World state: disk saves disabled for additive compositions
Project: Judas Three Games (/tmp/judas-post-m65-0i8yi6kp/project/post_m65_consumers.judasproj)
Scene: Rooftop Run (/tmp/judas-post-m65-0i8yi6kp/project/Scenes/rooftop/rooftops.judas)
World origin (m): 0.000, 0.000, 0.000
