libEGL warning: Not allowed to force software rendering when API explicitly selects a hardware device.
PASS ordinary host
PASS material lab project registered
PASS material lab scene loads
PASS scene/material/environment round trip
PASS lab world uses normal resources
PASS lab game begins
PASS lab script uses public API without faults
FAIL JS edits one shared-material instance only
PASS runtime revert restores shared parameters
PASS async material uploaded
PASS material decode uses worker
PASS derived environment uploaded
PASS embedded static mesh retains two imported slots
PASS main/secondary dimensions reuse HDR targets
PASS actual M33 material screen rendered
PASS lab skinned/static/secondary pass has no GL errors
PASS material source reload through normal resource workflow
PASS Stop clears scripts and camera ownership
PASS authored scene untouched by runtime edits
PASS M55 project loads unchanged
FAIL M55 scene loads
PASS M55 world builds
FAIL actual above/below camera intersects liquid boundary paths
PASS M55 optical composition and modern resolve agree
FAIL actual above/below camera intersects liquid boundary paths
PASS M55 optical composition and modern resolve agree
PASS M55 accounting/surface has no errors
libEGL warning: Not allowed to force software rendering when API explicitly selects a hardware device.
Scene '/home/conner/Documents/GitHub/Project-Judas/projects/shooter_game/Scenes/range.judas' could not be instantiated: /home/conner/Documents/GitHub/Project-Judas/projects/shooter_game/Assets/prefabs/navigator.judasprefab: scene line 11: missing required key 'linear-rendering'
PROFILE hardware Mesa renderer llvmpipe (LLVM 21.1.8, 256 bits) dimensions 1024x768
libEGL warning: Not allowed to force software rendering when API explicitly selects a hardware device.
Scene '/home/conner/Documents/GitHub/Project-Judas/projects/shooter_game/Scenes/range.judas' could not be instantiated: /home/conner/Documents/GitHub/Project-Judas/projects/shooter_game/Assets/prefabs/navigator.judasprefab: scene line 11: missing required key 'linear-rendering'
FAIL Spring Range real application startup/render/Stop
PROFILE hardware Mesa renderer llvmpipe (LLVM 21.1.8, 256 bits) dimensions 1024x768
libEGL warning: Not allowed to force software rendering when API explicitly selects a hardware device.
Scene '/home/conner/Documents/GitHub/Project-Judas/projects/shooter_game/Scenes/range.judas' could not be instantiated: /home/conner/Documents/GitHub/Project-Judas/projects/shooter_game/Assets/prefabs/navigator.judasprefab: scene line 11: missing required key 'linear-rendering'
FAIL Spring Range real application startup/render/Stop
PROFILE hardware Mesa renderer llvmpipe (LLVM 21.1.8, 256 bits) dimensions 1024x768
FAIL Spring Range real application startup/render/Stop
M57 integration 30 checks 7 failures
