[  5%] Built target judas_audio_backend
[ 11%] Built target judas_quickjs
[ 11%] Built target judas_glad
[ 11%] Built target judas_profiler
[ 23%] Built target judas_navigation_backend
[ 23%] Built target judas_materials
[ 23%] Building CXX object CMakeFiles/judas_engine.dir/src/Tangents.cpp.o
[ 23%] Building CXX object CMakeFiles/judas_engine.dir/src/LiquidSystem.cpp.o
[ 23%] Building CXX object CMakeFiles/judas_engine.dir/src/LiquidGeometry.cpp.o
[ 23%] Building CXX object CMakeFiles/judas_engine.dir/src/LiquidTypes.cpp.o
[ 29%] Building CXX object CMakeFiles/judas_engine.dir/src/NavigationSystem.cpp.o
[ 29%] Building CXX object CMakeFiles/judas_engine.dir/src/LiquidSurface.cpp.o
[ 29%] Building CXX object CMakeFiles/judas_engine.dir/src/NavigationTypes.cpp.o
[ 29%] Building CXX object CMakeFiles/judas_engine.dir/src/NavigationAsset.cpp.o
[ 29%] Building CXX object CMakeFiles/judas_engine.dir/src/WorldAnimation.cpp.o
[ 29%] Building CXX object CMakeFiles/judas_engine.dir/src/WorldRagdoll.cpp.o
[ 29%] Building CXX object CMakeFiles/judas_engine.dir/src/GltfLoader.cpp.o
[ 29%] Building CXX object CMakeFiles/judas_engine.dir/src/WorldCharacter.cpp.o
[ 35%] Building CXX object CMakeFiles/judas_engine.dir/src/WorldScripts.cpp.o
[ 35%] Building CXX object CMakeFiles/judas_engine.dir/src/RuntimeUI.cpp.o
[ 35%] Building CXX object CMakeFiles/judas_engine.dir/src/ScriptSystem.cpp.o
[ 35%] Building CXX object CMakeFiles/judas_engine.dir/src/Classification.cpp.o
[ 35%] Building CXX object CMakeFiles/judas_engine.dir/src/ProjectExporter.cpp.o
[ 35%] Building CXX object CMakeFiles/judas_engine.dir/src/WorldAudio.cpp.o
[ 35%] Building CXX object CMakeFiles/judas_engine.dir/src/Renderer.cpp.o
[ 35%] Building CXX object CMakeFiles/judas_engine.dir/src/ModelLoader.cpp.o
[ 35%] Building CXX object CMakeFiles/judas_engine.dir/src/UIWidgets.cpp.o
[ 41%] Building CXX object CMakeFiles/judas_engine.dir/src/PauseMenu.cpp.o
[ 41%] Building CXX object CMakeFiles/judas_engine.dir/src/HUD.cpp.o
[ 41%] Building CXX object CMakeFiles/judas_engine.dir/src/FluidWorld.cpp.o
[ 47%] Building CXX object CMakeFiles/judas_engine.dir/src/ProductionFluidCoupling.cpp.o
[ 47%] Building CXX object CMakeFiles/judas_engine.dir/src/FluidSurface.cpp.o
[ 47%] Building CXX object CMakeFiles/judas_engine.dir/src/TerrainDemo.cpp.o
[ 47%] Building CXX object CMakeFiles/judas_engine.dir/src/TerrainLibrary.cpp.o
[ 47%] Building CXX object CMakeFiles/judas_engine.dir/src/Door.cpp.o
[ 52%] Building CXX object CMakeFiles/judas_engine.dir/src/LightSwitch.cpp.o
[ 52%] Building CXX object CMakeFiles/judas_engine.dir/src/AtmosphereField.cpp.o
[ 52%] Building CXX object CMakeFiles/judas_engine.dir/src/Prefab.cpp.o
[ 52%] Building CXX object CMakeFiles/judas_engine.dir/src/Scene.cpp.o
[ 52%] Building CXX object CMakeFiles/judas_engine.dir/src/SceneSerialization.cpp.o
[ 52%] Building CXX object CMakeFiles/judas_engine.dir/src/SceneFingerprint.cpp.o
[ 52%] Building CXX object CMakeFiles/judas_engine.dir/src/AssetDatabase.cpp.o
[ 52%] Building CXX object CMakeFiles/judas_engine.dir/src/ResourceManager.cpp.o
[ 52%] Building CXX object CMakeFiles/judas_engine.dir/src/WorldDebugView.cpp.o
[ 52%] Building CXX object CMakeFiles/judas_engine.dir/src/SceneSession.cpp.o
[ 52%] Building CXX object CMakeFiles/judas_engine.dir/src/RuntimeWorld.cpp.o
[ 52%] Building CXX object CMakeFiles/judas_engine.dir/src/GameSession.cpp.o
[ 58%] Building CXX object CMakeFiles/judas_engine.dir/src/Simulation.cpp.o
[ 58%] Building CXX object CMakeFiles/judas_engine.dir/src/WorldPresentation.cpp.o
[ 58%] Building CXX object CMakeFiles/judas_engine.dir/src/GameplayHud.cpp.o
[ 58%] Building CXX object CMakeFiles/judas_engine.dir/src/EngineHost.cpp.o
[ 58%] Building CXX object CMakeFiles/judas_engine.dir/src/InteractivePlay.cpp.o
[ 58%] Building CXX object CMakeFiles/judas_engine.dir/src/FidelityPolicy.cpp.o
[ 58%] Building CXX object CMakeFiles/judas_engine.dir/src/CoarseSimulation.cpp.o
[ 58%] Building CXX object CMakeFiles/judas_engine.dir/src/WorldState.cpp.o
[ 58%] Building CXX object CMakeFiles/judas_engine.dir/src/PhysicsCastGeometry.cpp.o
[ 58%] Building CXX object CMakeFiles/judas_engine.dir/src/RadialTerrain.cpp.o
[ 58%] Building CXX object CMakeFiles/judas_engine.dir/src/Narrowphase.cpp.o
[ 58%] Building CXX object CMakeFiles/judas_engine.dir/src/PhysicsWorld.cpp.o
[ 58%] Linking CXX static library libjudas_engine.a
[ 94%] Built target judas_engine
[ 94%] Building CXX object CMakeFiles/judas_material_application_tests.dir/src/RuntimeDiagnostics.cpp.o
[ 94%] Building CXX object CMakeFiles/judas_material_application_tests.dir/src/Application.cpp.o
[ 94%] Building CXX object CMakeFiles/judas_material_application_tests.dir/tests/MaterialApplicationTests.cpp.o
[ 94%] Building CXX object CMakeFiles/judas_material_application_tests.dir/src/RuntimeOptions.cpp.o
[ 94%] Building CXX object CMakeFiles/judas_material_application_tests.dir/src/TestHarness.cpp.o
[100%] Linking CXX executable judas_material_application_tests
[100%] Built target judas_material_application_tests
[  6%] Built target judas_profiler
[  6%] Built target judas_glad
[ 18%] Built target judas_navigation_backend
[ 25%] Built target judas_audio_backend
[ 25%] Built target judas_quickjs
[ 25%] Built target judas_materials
[100%] Built target judas_engine
[100%] Building CXX object CMakeFiles/judas_material_tests.dir/tests/MaterialTests.cpp.o
[100%] Linking CXX executable judas_material_tests
[100%] Built target judas_material_tests
[  0%] Built target judas_profiler
[  0%] Built target judas_audio_backend
[  6%] Built target judas_quickjs
[ 12%] Built target judas_glad
[ 25%] Built target judas_navigation_backend
[ 25%] Built target judas_materials
[100%] Built target judas_engine
[100%] Building CXX object CMakeFiles/judas.dir/src/Application.cpp.o
[100%] Building CXX object CMakeFiles/judas.dir/src/RuntimeDiagnostics.cpp.o
[100%] Building CXX object CMakeFiles/judas.dir/src/TestHarness.cpp.o
[100%] Building CXX object CMakeFiles/judas.dir/src/RuntimeOptions.cpp.o
[100%] Linking CXX executable judas
[100%] Built target judas
[  5%] Built target judas_profiler
[  5%] Built target judas_glad
[ 10%] Built target judas_quickjs
[ 10%] Built target judas_audio_backend
[ 21%] Built target judas_navigation_backend
[ 21%] Built target judas_imgui
[ 21%] Built target judas_materials
[ 84%] Built target judas_engine
[ 84%] Building CXX object CMakeFiles/judas_navigation_baker.dir/src/NavigationBake.cpp.o
[ 89%] Linking CXX static library libjudas_navigation_baker.a
[ 94%] Built target judas_navigation_baker
[ 94%] Building CXX object CMakeFiles/judas_editor.dir/src/editor/ComponentEditors.cpp.o
[ 94%] Building CXX object CMakeFiles/judas_editor.dir/src/editor/EditorMain.cpp.o
[ 94%] Building CXX object CMakeFiles/judas_editor.dir/src/editor/EditorHistory.cpp.o
[ 94%] Building CXX object CMakeFiles/judas_editor.dir/src/editor/EditorApplication.cpp.o
[ 94%] Building CXX object CMakeFiles/judas_editor.dir/src/editor/EditorPanels.cpp.o
[ 94%] Building CXX object CMakeFiles/judas_editor.dir/src/editor/EditorWidgets.cpp.o
[100%] Building CXX object CMakeFiles/judas_editor.dir/src/editor/GizmoMath.cpp.o
[100%] Linking CXX executable judas_editor
[100%] Built target judas_editor
[  0%] Built target judas_audio_backend
[  6%] Built target judas_quickjs
[  6%] Built target judas_profiler
[ 12%] Built target judas_glad
[ 25%] Built target judas_navigation_backend
[ 25%] Built target judas_materials
[100%] Built target judas_engine
[100%] Linking CXX executable judas_export
[100%] Built target judas_export
[  0%] Built target judas_profiler
[  0%] Built target judas_audio_backend
[  5%] Built target judas_quickjs
[ 11%] Built target judas_glad
[ 23%] Built target judas_navigation_backend
[ 23%] Built target judas_materials
[ 94%] Built target judas_engine
[ 94%] Building CXX object CMakeFiles/judasjs_examples_tests.dir/tests/JudasJSExamplesTests.cpp.o
[100%] Linking CXX executable judasjs_examples_tests
[100%] Built target judasjs_examples_tests
