[  0%] Built target judas_audio_backend
[  0%] Built target judas_glad
[  6%] Built target judas_profiler
[ 18%] Built target judas_quickjs
[ 18%] Built target judas_navigation_backend
[ 25%] Built target judas_materials
[ 31%] Building CXX object CMakeFiles/judas_engine.dir/src/LiquidSystem.cpp.o
[ 31%] Building CXX object CMakeFiles/judas_engine.dir/src/WorldAnimation.cpp.o
[ 31%] Building CXX object CMakeFiles/judas_engine.dir/src/NavigationSystem.cpp.o
[ 37%] Building CXX object CMakeFiles/judas_engine.dir/src/WorldCharacter.cpp.o
[ 37%] Building CXX object CMakeFiles/judas_engine.dir/src/WorldRagdoll.cpp.o
[ 37%] Building CXX object CMakeFiles/judas_engine.dir/src/GltfLoader.cpp.o
/home/conner/Documents/GitHub/Project-Judas/src/GltfLoader.cpp: In function ‘bool ParseGltfMesh(const void*, size_t, MeshData&, std::string&)’:
/home/conner/Documents/GitHub/Project-Judas/src/GltfLoader.cpp:81:60: error: ‘meshNode’ was not declared in this scope
   81 |   else {glm::mat4 nodeTransform;cgltf_node_transform_world(meshNode, &nodeTransform[0][0]);auto linear=glm::mat3(nodeTransform);if(std::abs(glm::determinant(linear))<1e-8f)throw std::runtime_error("singular mesh-node transform");auto normal=glm::inverseTranspose(linear);for(auto& v:mesh.vertices){v.position=glm::vec3(nodeTransform*glm::vec4(v.position,1));v.normal=glm::normalize(normal*v.normal);v.tangent=glm::vec4(glm::normalize(linear*glm::vec3(v.tangent)),v.tangent.w*(glm::determinant(linear)<0?-1.f:1.f));}}
      |                                                            ^~~~~~~~
gmake[3]: *** [CMakeFiles/judas_engine.dir/build.make:261: CMakeFiles/judas_engine.dir/src/GltfLoader.cpp.o] Error 1
gmake[3]: *** Waiting for unfinished jobs....
gmake[2]: *** [CMakeFiles/Makefile2:680: CMakeFiles/judas_engine.dir/all] Error 2
gmake[1]: *** [CMakeFiles/Makefile2:5227: CMakeFiles/judas_material_tests.dir/rule] Error 2
gmake: *** [Makefile:1814: judas_material_tests] Error 2
