[  5%] Built target judas_quickjs
[ 11%] Built target judas_glad
[ 23%] Built target judas_navigation_backend
[ 23%] Built target judas_audio_backend
[ 23%] Built target judas_profiler
[ 23%] Built target judas_materials
[ 23%] Building CXX object CMakeFiles/judas_engine.dir/src/ScriptSystem.cpp.o
[ 23%] Building CXX object CMakeFiles/judas_engine.dir/src/SceneSerialization.cpp.o
[ 23%] Linking CXX static library libjudas_engine.a
[ 94%] Built target judas_engine
[100%] Linking CXX executable judas_material_application_tests
[100%] Built target judas_material_application_tests
[  6%] Built target judas_audio_backend
[  6%] Built target judas_quickjs
[ 12%] Built target judas_glad
[ 25%] Built target judas_navigation_backend
[ 25%] Built target judas_profiler
[ 25%] Built target judas_materials
[100%] Built target judas_engine
[100%] Linking CXX executable judas_material_tests
[100%] Built target judas_material_tests
[  6%] Built target judas_audio_backend
[  6%] Built target judas_quickjs
[  6%] Built target judas_profiler
[ 12%] Built target judas_glad
[ 25%] Built target judas_navigation_backend
[ 25%] Built target judas_materials
[100%] Built target judas_engine
[100%] Linking CXX executable judas
[100%] Built target judas
[ 11%] Built target judas_quickjs
[ 17%] Built target judas_navigation_backend
[ 23%] Built target judas_profiler
[ 23%] Built target judas_glad
[ 23%] Built target judas_audio_backend
[ 23%] Built target judas_materials
[ 94%] Built target judas_engine
[100%] Linking CXX executable judasjs_examples_tests
[100%] Built target judasjs_examples_tests
