[  0%] Built target judas_audio_backend
[  0%] Built target judas_profiler
[  6%] Built target judas_quickjs
[ 12%] Built target judas_glad
[ 25%] Built target judas_navigation_backend
[ 25%] Built target judas_materials
[100%] Built target judas_engine
[100%] Building CXX object CMakeFiles/judas_material_application_tests.dir/src/Application.cpp.o
[100%] Building CXX object CMakeFiles/judas_material_application_tests.dir/src/TestHarness.cpp.o
[100%] Building CXX object CMakeFiles/judas_material_application_tests.dir/tests/MaterialApplicationTests.cpp.o
[100%] Building CXX object CMakeFiles/judas_material_application_tests.dir/src/RuntimeDiagnostics.cpp.o
/home/conner/Documents/GitHub/Project-Judas/tests/MaterialApplicationTests.cpp: In function ‘int main(int, char**)’:
/home/conner/Documents/GitHub/Project-Judas/tests/MaterialApplicationTests.cpp:22:145: error: ‘class Project’ has no member named ‘Root’
   22 |  Project lab;Check(lab.Load("projects/material_lab/material_lab.judasproj",error),"material lab project registered");host.OpenProjectAssets(lab.Root(),lab.Resolve("Assets"));Scene scene,round;Check(LoadSceneFromFile(lab.StartupScenePath(),scene,error),"material lab scene loads");if(failures){std::puts(error.c_str());return 1;}std::string authored;SaveSceneToString(scene,authored);Check(LoadSceneFromString(authored,round,error)&&ScenesEqual(scene,round),"scene/material/environment round trip");
      |                                                                                                                                                 ^~~~
/home/conner/Documents/GitHub/Project-Judas/tests/MaterialApplicationTests.cpp:32:164: error: ‘class Project’ has no member named ‘Root’
   32 |  Project liquid;Check(liquid.Load("projects/liquid_surface_demo/liquid_surface_demo.judasproj",error),"M55 project loads unchanged");host.OpenProjectAssets(liquid.Root(),liquid.Resolve("Assets"));Scene water;Check(LoadSceneFromFile(liquid.StartupScenePath(),water,error),"M55 scene loads");RuntimeWorld wet;wet.legacyGameplay=false;Check(wet.Build(water,&host.Resources(),error,&liquid.Settings().classification,&liquid.Settings().navigation),"M55 world builds");host.Resources().WaitForAll();wet.UpdateLiquids(1./60);auto settings=wet.Settings();settings.linearRendering=true;wet.SetAppearance(settings);
      |                                                                                                                                                                    ^~~~
/home/conner/Documents/GitHub/Project-Judas/tests/MaterialApplicationTests.cpp: In lambda function:
/home/conner/Documents/GitHub/Project-Judas/tests/MaterialApplicationTests.cpp:36:1011: warning: format ‘%u’ expects argument of type ‘unsigned int’, but argument 2 has type ‘std::size_t’ {aka ‘long unsigned int’} [-Wformat=]
   36 |  for(int mode=0;mode<3;++mode){auto& profiler=PerformanceProfiler::Get();profiler.Freeze(false);profiler.Clear();setenv("JUDAS_PROFILE","1",1);setenv("JUDAS_WORLD_STATE","none",1);setenv("JUDAS_PROFILE_SCRIPT_ATTRIBUTION","1",1);unsetenv("JUDAS_PROFILE_OUTPUT");unsigned frame=0;ApplicationControl control;control.hidden=!desktop;control.frameSeconds=[](float){return 1.f/60;};control.hostReady=[&](EngineHost& h){SDL_GL_SetSwapInterval(0);std::printf("PROFILE hardware %s renderer %s dimensions %dx%d\n",glGetString(GL_VENDOR),glGetString(GL_RENDERER),h.GetWindow().Width(),h.GetWindow().Height());};control.worldReady=[&](EngineHost& h,RuntimeWorld& w,InteractivePlay&){h.Resources().WaitForAll();if(mode<2){auto s=w.Settings();s.environmentAsset.clear();s.environmentBackground=false;s.linearRendering=mode==1;w.SetAppearance(s);}if(mode==0){for(auto& o:w.ScriptObjects())if(o.render){for(unsigned slot=0;slot<o.render->materials.size();++slot)w.SetMaterialSlot(o.id,slot,{});}}std::printf("PROFILE bodies %u cameras %zu\n",w.CountLifecycle().physicsBodies,w.PresentationCameras().size());};
      |                                                                                                                                                                                                                                                                                                                                                                                                                                                                                                                                                                                                                                                                                                                                                                                                                                                                                                                                                                                                                                                  ~^                ~~~~~~~~~~~~~~~~~~~~~~~~~~~~~~~~
      |                                                                                                                                                                                                                                                                                                                                                                                                                                                                                                                                                                                                                                                                                                                                                                                                                                                                                                                                                                                                                                                   |                                   |
      |                                                                                                                                                                                                                                                                                                                                                                                                                                                                                                                                                                                                                                                                                                                                                                                                                                                                                                                                                                                                                                                   unsigned int                        std::size_t {aka long unsigned int}
      |                                                                                                                                                                                                                                                                                                                                                                                                                                                                                                                                                                                                                                                                                                                                                                                                                                                                                                                                                                                                                                                  %lu
gmake[3]: *** [CMakeFiles/judas_material_application_tests.dir/build.make:79: CMakeFiles/judas_material_application_tests.dir/tests/MaterialApplicationTests.cpp.o] Error 1
gmake[3]: *** Waiting for unfinished jobs....
gmake[2]: *** [CMakeFiles/Makefile2:5261: CMakeFiles/judas_material_application_tests.dir/all] Error 2
gmake[1]: *** [CMakeFiles/Makefile2:5268: CMakeFiles/judas_material_application_tests.dir/rule] Error 2
gmake: *** [Makefile:1827: judas_material_application_tests] Error 2
