[  0%] Built target judas_glad
[  0%] Built target judas_audio_backend
[  5%] Built target judas_profiler
[  5%] Built target judas_quickjs
[ 15%] Built target judas_navigation_backend
[ 21%] Built target judas_imgui
[ 21%] Built target judas_materials
[ 21%] Building CXX object CMakeFiles/judas_engine.dir/src/WorldScripts.cpp.o
[ 21%] Building CXX object CMakeFiles/judas_engine.dir/src/LiquidSystem.cpp.o
[ 21%] Building CXX object CMakeFiles/judas_engine.dir/src/NavigationSystem.cpp.o
[ 21%] Building CXX object CMakeFiles/judas_engine.dir/src/GltfLoader.cpp.o
[ 21%] Building CXX object CMakeFiles/judas_engine.dir/src/WorldAnimation.cpp.o
[ 26%] Building CXX object CMakeFiles/judas_engine.dir/src/RuntimeUI.cpp.o
[ 26%] Building CXX object CMakeFiles/judas_engine.dir/src/ScriptSystem.cpp.o
[ 26%] Building CXX object CMakeFiles/judas_engine.dir/src/WorldAudio.cpp.o
[ 26%] Building CXX object CMakeFiles/judas_engine.dir/src/Renderer.cpp.o
[ 26%] Building CXX object CMakeFiles/judas_engine.dir/src/ResourceManager.cpp.o
[ 26%] Building CXX object CMakeFiles/judas_engine.dir/src/SceneSession.cpp.o
[ 26%] Building CXX object CMakeFiles/judas_engine.dir/src/RuntimeWorld.cpp.o
[ 26%] Building CXX object CMakeFiles/judas_engine.dir/src/WorldPresentation.cpp.o
[ 26%] Building CXX object CMakeFiles/judas_engine.dir/src/EngineHost.cpp.o
[ 26%] Linking CXX static library libjudas_engine.a
[ 84%] Built target judas_engine
[ 94%] Built target judas_navigation_baker
[ 94%] Building CXX object CMakeFiles/judas_editor.dir/src/editor/EditorMain.cpp.o
[ 94%] Building CXX object CMakeFiles/judas_editor.dir/src/editor/EditorApplication.cpp.o
[ 94%] Building CXX object CMakeFiles/judas_editor.dir/src/editor/ComponentEditors.cpp.o
[ 94%] Building CXX object CMakeFiles/judas_editor.dir/src/editor/EditorPanels.cpp.o
[ 94%] Linking CXX executable judas_editor
[100%] Built target judas_editor
[  0%] Built target judas_glad
[  6%] Built target judas_quickjs
[  6%] Built target judas_audio_backend
[ 20%] Built target judas_navigation_backend
[ 20%] Built target judas_profiler
[ 20%] Built target judas_materials
[100%] Built target judas_engine
[100%] Building CXX object CMakeFiles/judas.dir/src/Application.cpp.o
[100%] Linking CXX executable judas
[100%] Built target judas
