[  6%] Built target judas_audio_backend
[  6%] Built target judas_glad
[  6%] Built target judas_quickjs
[ 12%] Built target judas_profiler
[ 18%] Built target judas_navigation_backend
[ 25%] Built target judas_materials
[ 25%] Building CXX object CMakeFiles/judas_engine.dir/src/WorldAnimation.cpp.o
[ 25%] Building CXX object CMakeFiles/judas_engine.dir/src/LiquidSystem.cpp.o
[ 25%] Building CXX object CMakeFiles/judas_engine.dir/src/NavigationSystem.cpp.o
[ 25%] Building CXX object CMakeFiles/judas_engine.dir/src/WorldScripts.cpp.o
[ 25%] Building CXX object CMakeFiles/judas_engine.dir/src/WorldCharacter.cpp.o
[ 25%] Building CXX object CMakeFiles/judas_engine.dir/src/WorldRagdoll.cpp.o
[ 25%] Building CXX object CMakeFiles/judas_engine.dir/src/RuntimeUI.cpp.o
[ 31%] Building CXX object CMakeFiles/judas_engine.dir/src/ScriptSystem.cpp.o
[ 31%] Building CXX object CMakeFiles/judas_engine.dir/src/ProjectExporter.cpp.o
[ 31%] Building CXX object CMakeFiles/judas_engine.dir/src/WorldAudio.cpp.o
[ 37%] Building CXX object CMakeFiles/judas_engine.dir/src/Renderer.cpp.o
[ 37%] Building CXX object CMakeFiles/judas_engine.dir/src/UIWidgets.cpp.o
[ 37%] Building CXX object CMakeFiles/judas_engine.dir/src/PauseMenu.cpp.o
[ 37%] Building CXX object CMakeFiles/judas_engine.dir/src/HUD.cpp.o
[ 37%] Building CXX object CMakeFiles/judas_engine.dir/src/ProductionFluidCoupling.cpp.o
[ 37%] Building CXX object CMakeFiles/judas_engine.dir/src/Door.cpp.o
[ 37%] Building CXX object CMakeFiles/judas_engine.dir/src/LightSwitch.cpp.o
[ 43%] Building CXX object CMakeFiles/judas_engine.dir/src/ResourceManager.cpp.o
[ 43%] Building CXX object CMakeFiles/judas_engine.dir/src/WorldDebugView.cpp.o
[ 43%] Building CXX object CMakeFiles/judas_engine.dir/src/SceneSession.cpp.o
[ 43%] Building CXX object CMakeFiles/judas_engine.dir/src/RuntimeWorld.cpp.o
[ 43%] Building CXX object CMakeFiles/judas_engine.dir/src/GameSession.cpp.o
[ 43%] Building CXX object CMakeFiles/judas_engine.dir/src/Simulation.cpp.o
[ 50%] Building CXX object CMakeFiles/judas_engine.dir/src/WorldPresentation.cpp.o
[ 50%] Building CXX object CMakeFiles/judas_engine.dir/src/GameplayHud.cpp.o
[ 50%] Building CXX object CMakeFiles/judas_engine.dir/src/EngineHost.cpp.o
[ 50%] Building CXX object CMakeFiles/judas_engine.dir/src/InteractivePlay.cpp.o
[ 50%] Building CXX object CMakeFiles/judas_engine.dir/src/CoarseSimulation.cpp.o
[ 50%] Building CXX object CMakeFiles/judas_engine.dir/src/WorldState.cpp.o
[ 50%] Linking CXX static library libjudas_engine.a
[100%] Built target judas_engine
[100%] Building CXX object CMakeFiles/judas_material_tests.dir/tests/MaterialTests.cpp.o
[100%] Linking CXX executable judas_material_tests
[100%] Built target judas_material_tests
[  0%] Built target judas_audio_backend
[  6%] Built target judas_profiler
[ 12%] Built target judas_navigation_backend
[ 18%] Built target judas_quickjs
[ 18%] Built target judas_glad
[ 25%] Built target judas_materials
[100%] Built target judas_engine
[100%] Building CXX object CMakeFiles/judas_environment_bake.dir/tools/EnvironmentBake.cpp.o
[100%] Linking CXX executable judas_environment_bake
/usr/bin/x86_64-linux-gnu-ld.bfd: libjudas_materials.a(Environment.cpp.o): in function `BakeEnvironment(std::__cxx11::basic_string<char, std::char_traits<char>, std::allocator<char> > const&, unsigned int, unsigned int, EnvironmentData&, std::__cxx11::basic_string<char, std::char_traits<char>, std::allocator<char> >&)':
Environment.cpp:(.text+0x1008): undefined reference to `stbi_set_flip_vertically_on_load_thread'
/usr/bin/x86_64-linux-gnu-ld.bfd: Environment.cpp:(.text+0x103a): undefined reference to `stbi_loadf_from_memory'
/usr/bin/x86_64-linux-gnu-ld.bfd: Environment.cpp:(.text+0x1099): undefined reference to `stbi_image_free'
/usr/bin/x86_64-linux-gnu-ld.bfd: Environment.cpp:(.text+0x174d): undefined reference to `SceneFingerprintSha256[abi:cxx11](std::basic_string_view<char, std::char_traits<char> >)'
/usr/bin/x86_64-linux-gnu-ld.bfd: Environment.cpp:(.text+0x3ba0): undefined reference to `stbi_image_free'
collect2: error: ld returned 1 exit status
gmake[3]: *** [CMakeFiles/judas_environment_bake.dir/build.make:109: judas_environment_bake] Error 1
gmake[2]: *** [CMakeFiles/Makefile2:5182: CMakeFiles/judas_environment_bake.dir/all] Error 2
gmake[1]: *** [CMakeFiles/Makefile2:5189: CMakeFiles/judas_environment_bake.dir/rule] Error 2
gmake: *** [Makefile:1801: judas_environment_bake] Error 2
