[  0%] Built target judas_profiler
[ 12%] Built target judas_navigation_backend
[ 18%] Built target judas_quickjs
[ 25%] Built target judas_audio_backend
[ 25%] Built target judas_glad
[ 25%] Built target judas_materials
[ 25%] Building CXX object CMakeFiles/judas_engine.dir/src/Renderer.cpp.o
[ 25%] Linking CXX static library libjudas_engine.a
[100%] Built target judas_engine
[100%] Building CXX object CMakeFiles/judas_material_tests.dir/tests/MaterialTests.cpp.o
[100%] Linking CXX executable judas_material_tests
[100%] Built target judas_material_tests
[  0%] Built target judas_audio_backend
[  5%] Built target judas_glad
[ 11%] Built target judas_quickjs
[ 11%] Built target judas_profiler
[ 23%] Built target judas_navigation_backend
[ 23%] Built target judas_materials
[ 94%] Built target judas_engine
[100%] Linking CXX executable judas_material_application_tests
[100%] Built target judas_material_application_tests
[  0%] Built target judas_audio_backend
[  5%] Built target judas_glad
[  5%] Built target judas_profiler
[ 10%] Built target judas_quickjs
[ 10%] Built target judas_imgui
[ 21%] Built target judas_navigation_backend
[ 21%] Built target judas_materials
[ 84%] Built target judas_engine
[ 94%] Built target judas_navigation_baker
[ 94%] Linking CXX executable judas_editor
[100%] Built target judas_editor
[ 12%] Built target judas_glad
[ 12%] Built target judas_quickjs
[ 12%] Built target judas_audio_backend
[ 12%] Built target judas_profiler
[ 25%] Built target judas_navigation_backend
[ 25%] Built target judas_materials
[100%] Built target judas_engine
[100%] Linking CXX executable judas_export
[100%] Built target judas_export
[  5%] Built target judas_audio_backend
[  5%] Built target judas_quickjs
[  5%] Built target judas_profiler
[ 11%] Built target judas_glad
[ 23%] Built target judas_navigation_backend
[ 23%] Built target judas_materials
[ 94%] Built target judas_engine
[100%] Linking CXX executable judasjs_examples_tests
[100%] Built target judasjs_examples_tests
