[ 12%] Built target judas_quickjs
[ 12%] Built target judas_profiler
[ 12%] Built target judas_audio_backend
[ 12%] Built target judas_glad
[ 18%] Built target judas_navigation_backend
[ 25%] Built target judas_materials
[100%] Built target judas_engine
[100%] Building CXX object CMakeFiles/judas_material_tests.dir/tests/MaterialTests.cpp.o
[100%] Linking CXX executable judas_material_tests
[100%] Built target judas_material_tests
[  0%] Built target judas_audio_backend
[  0%] Built target judas_glad
[  5%] Built target judas_quickjs
[ 11%] Built target judas_navigation_backend
[ 17%] Built target judas_profiler
[ 23%] Built target judas_materials
[ 94%] Built target judas_engine
[ 94%] Building CXX object CMakeFiles/judasjs_examples_tests.dir/tests/JudasJSExamplesTests.cpp.o
[100%] Linking CXX executable judasjs_examples_tests
[100%] Built target judasjs_examples_tests
[  0%] Built target judas_glad
[  0%] Built target judas_audio_backend
[  5%] Built target judas_profiler
[ 11%] Built target judas_quickjs
[ 17%] Built target judas_navigation_backend
[ 23%] Built target judas_materials
[ 94%] Built target judas_engine
[100%] Linking CXX executable judas_export
[100%] Built target judas_export
[  0%] Built target judas_glad
[  5%] Built target judas_audio_backend
[  5%] Built target judas_profiler
[ 10%] Built target judas_quickjs
[ 15%] Built target judas_navigation_backend
[ 21%] Built target judas_imgui
[ 26%] Built target judas_materials
[ 89%] Built target judas_engine
[ 94%] Built target judas_navigation_baker
[ 94%] Building CXX object CMakeFiles/judas_editor.dir/src/editor/EditorApplication.cpp.o
[ 94%] Building CXX object CMakeFiles/judas_editor.dir/src/editor/EditorMain.cpp.o
[100%] Building CXX object CMakeFiles/judas_editor.dir/src/editor/ComponentEditors.cpp.o
[100%] Building CXX object CMakeFiles/judas_editor.dir/src/editor/EditorPanels.cpp.o
[100%] Linking CXX executable judas_editor
[100%] Built target judas_editor
