[  0%] Built target judas_profiler
[  0%] Built target judas_audio_backend
[  0%] Built target judas_glad
[  5%] Built target judas_quickjs
[ 21%] Built target judas_imgui
[ 21%] Built target judas_navigation_backend
[ 21%] Building CXX object CMakeFiles/judas_materials.dir/src/Environment.cpp.o
[ 21%] Linking CXX static library libjudas_materials.a
[ 21%] Built target judas_materials
[ 21%] Building CXX object CMakeFiles/judas_engine.dir/src/LiquidGeometry.cpp.o
[ 21%] Building CXX object CMakeFiles/judas_engine.dir/src/LiquidSystem.cpp.o
[ 21%] Building CXX object CMakeFiles/judas_engine.dir/src/NavigationSystem.cpp.o
[ 21%] Building CXX object CMakeFiles/judas_engine.dir/src/LiquidSurface.cpp.o
[ 21%] Building CXX object CMakeFiles/judas_engine.dir/src/LiquidTypes.cpp.o
[ 26%] Building CXX object CMakeFiles/judas_engine.dir/src/NavigationTypes.cpp.o
[ 26%] Building CXX object CMakeFiles/judas_engine.dir/src/NavigationAsset.cpp.o
[ 26%] Building CXX object CMakeFiles/judas_engine.dir/src/WorldAnimation.cpp.o
[ 26%] Building CXX object CMakeFiles/judas_engine.dir/src/WorldRagdoll.cpp.o
[ 26%] Building CXX object CMakeFiles/judas_engine.dir/src/GltfLoader.cpp.o
/home/conner/Documents/GitHub/Project-Judas/src/GltfLoader.cpp: In function ‘bool ParseGltfMesh(const void*, size_t, MeshData&, std::string&)’:
/home/conner/Documents/GitHub/Project-Judas/src/GltfLoader.cpp:78:3: warning: this ‘if’ clause does not guard... [-Wmisleading-indentation]
   78 |   if(data->skins_count)mesh.skeletal=std::move(asset);result=std::move(mesh);error.clear();return true;
      |   ^~
/home/conner/Documents/GitHub/Project-Judas/src/GltfLoader.cpp:78:55: note: ...this statement, but the latter is misleadingly indented as if it were guarded by the ‘if’
   78 |   if(data->skins_count)mesh.skeletal=std::move(asset);result=std::move(mesh);error.clear();return true;
      |                                                       ^~~~~~
[ 26%] Building CXX object CMakeFiles/judas_engine.dir/src/WorldCharacter.cpp.o
[ 26%] Building CXX object CMakeFiles/judas_engine.dir/src/WorldScripts.cpp.o
[ 31%] Building CXX object CMakeFiles/judas_engine.dir/src/RuntimeUI.cpp.o
[ 31%] Building CXX object CMakeFiles/judas_engine.dir/src/ScriptSystem.cpp.o
[ 31%] Building CXX object CMakeFiles/judas_engine.dir/src/Classification.cpp.o
[ 31%] Building CXX object CMakeFiles/judas_engine.dir/src/ProjectExporter.cpp.o
[ 31%] Building CXX object CMakeFiles/judas_engine.dir/src/WorldAudio.cpp.o
[ 31%] Building CXX object CMakeFiles/judas_engine.dir/src/Renderer.cpp.o
[ 31%] Building CXX object CMakeFiles/judas_engine.dir/src/ModelLoader.cpp.o
[ 31%] Building CXX object CMakeFiles/judas_engine.dir/src/UIWidgets.cpp.o
[ 31%] Building CXX object CMakeFiles/judas_engine.dir/src/PauseMenu.cpp.o
[ 36%] Building CXX object CMakeFiles/judas_engine.dir/src/HUD.cpp.o
[ 36%] Building CXX object CMakeFiles/judas_engine.dir/src/FluidWorld.cpp.o
[ 42%] Building CXX object CMakeFiles/judas_engine.dir/src/ProductionFluidCoupling.cpp.o
[ 42%] Building CXX object CMakeFiles/judas_engine.dir/src/FluidSurface.cpp.o
[ 42%] Building CXX object CMakeFiles/judas_engine.dir/src/TerrainDemo.cpp.o
[ 42%] Building CXX object CMakeFiles/judas_engine.dir/src/TerrainLibrary.cpp.o
[ 42%] Building CXX object CMakeFiles/judas_engine.dir/src/Door.cpp.o
[ 42%] Building CXX object CMakeFiles/judas_engine.dir/src/LightSwitch.cpp.o
[ 42%] Building CXX object CMakeFiles/judas_engine.dir/src/AtmosphereField.cpp.o
[ 42%] Building CXX object CMakeFiles/judas_engine.dir/src/Prefab.cpp.o
[ 42%] Building CXX object CMakeFiles/judas_engine.dir/src/Scene.cpp.o
[ 42%] Building CXX object CMakeFiles/judas_engine.dir/src/SceneSerialization.cpp.o
[ 42%] Building CXX object CMakeFiles/judas_engine.dir/src/SceneFingerprint.cpp.o
[ 42%] Building CXX object CMakeFiles/judas_engine.dir/src/AssetDatabase.cpp.o
[ 42%] Building CXX object CMakeFiles/judas_engine.dir/src/ResourceManager.cpp.o
[ 42%] Building CXX object CMakeFiles/judas_engine.dir/src/WorldDebugView.cpp.o
[ 42%] Building CXX object CMakeFiles/judas_engine.dir/src/SceneSession.cpp.o
[ 42%] Building CXX object CMakeFiles/judas_engine.dir/src/RuntimeWorld.cpp.o
[ 42%] Building CXX object CMakeFiles/judas_engine.dir/src/GameSession.cpp.o
[ 47%] Building CXX object CMakeFiles/judas_engine.dir/src/Simulation.cpp.o
[ 47%] Building CXX object CMakeFiles/judas_engine.dir/src/WorldPresentation.cpp.o
[ 47%] Building CXX object CMakeFiles/judas_engine.dir/src/GameplayHud.cpp.o
[ 47%] Building CXX object CMakeFiles/judas_engine.dir/src/EngineHost.cpp.o
[ 47%] Building CXX object CMakeFiles/judas_engine.dir/src/InteractivePlay.cpp.o
[ 47%] Building CXX object CMakeFiles/judas_engine.dir/src/FidelityPolicy.cpp.o
[ 47%] Building CXX object CMakeFiles/judas_engine.dir/src/CoarseSimulation.cpp.o
[ 47%] Building CXX object CMakeFiles/judas_engine.dir/src/WorldState.cpp.o
[ 47%] Building CXX object CMakeFiles/judas_engine.dir/src/PhysicsCastGeometry.cpp.o
[ 47%] Building CXX object CMakeFiles/judas_engine.dir/src/RadialTerrain.cpp.o
[ 47%] Building CXX object CMakeFiles/judas_engine.dir/src/Narrowphase.cpp.o
[ 47%] Building CXX object CMakeFiles/judas_engine.dir/src/PhysicsWorld.cpp.o
[ 47%] Linking CXX static library libjudas_engine.a
[ 84%] Built target judas_engine
[ 89%] Building CXX object CMakeFiles/judas_navigation_baker.dir/src/NavigationBake.cpp.o
[ 89%] Linking CXX static library libjudas_navigation_baker.a
[ 94%] Built target judas_navigation_baker
[ 94%] Building CXX object CMakeFiles/judas_editor.dir/src/editor/ComponentEditors.cpp.o
[ 94%] Building CXX object CMakeFiles/judas_editor.dir/src/editor/EditorHistory.cpp.o
[ 94%] Building CXX object CMakeFiles/judas_editor.dir/src/editor/EditorApplication.cpp.o
[ 94%] Building CXX object CMakeFiles/judas_editor.dir/src/editor/EditorMain.cpp.o
[ 94%] Building CXX object CMakeFiles/judas_editor.dir/src/editor/EditorPanels.cpp.o
[100%] Building CXX object CMakeFiles/judas_editor.dir/src/editor/EditorWidgets.cpp.o
[100%] Building CXX object CMakeFiles/judas_editor.dir/src/editor/GizmoMath.cpp.o
[100%] Linking CXX executable judas_editor
[100%] Built target judas_editor
[  6%] Built target judas_quickjs
[  6%] Built target judas_profiler
[ 20%] Built target judas_navigation_backend
[ 20%] Built target judas_glad
[ 20%] Built target judas_audio_backend
[ 20%] Built target judas_materials
[100%] Built target judas_engine
[100%] Building CXX object CMakeFiles/judas.dir/src/Application.cpp.o
[100%] Building CXX object CMakeFiles/judas.dir/src/TestHarness.cpp.o
[100%] Building CXX object CMakeFiles/judas.dir/src/RuntimeDiagnostics.cpp.o
[100%] Building CXX object CMakeFiles/judas.dir/src/RuntimeOptions.cpp.o
[100%] Linking CXX executable judas
[100%] Built target judas
