[  0%] Built target judas_audio_backend
[  5%] Built target judas_glad
[  5%] Built target judas_profiler
[ 11%] Built target judas_quickjs
[ 23%] Built target judas_navigation_backend
[ 23%] Built target judas_materials
[ 23%] Building CXX object CMakeFiles/judas_engine.dir/src/ResourceManager.cpp.o
[ 23%] Linking CXX static library libjudas_engine.a
[ 94%] Built target judas_engine
[ 94%] Building CXX object CMakeFiles/judas_material_application_tests.dir/tests/MaterialApplicationTests.cpp.o
[100%] Linking CXX executable judas_material_application_tests
[100%] Built target judas_material_application_tests
[  6%] Built target judas_quickjs
[ 12%] Built target judas_glad
[ 12%] Built target judas_profiler
[ 12%] Built target judas_audio_backend
[ 25%] Built target judas_navigation_backend
[ 25%] Built target judas_materials
[100%] Built target judas_engine
[100%] Linking CXX executable judas_material_tests
[100%] Built target judas_material_tests
[  5%] Built target judas_profiler
[  5%] Built target judas_audio_backend
[  5%] Built target judas_glad
[ 11%] Built target judas_quickjs
[ 23%] Built target judas_navigation_backend
[ 23%] Built target judas_materials
[ 94%] Built target judas_engine
[100%] Linking CXX executable judasjs_examples_tests
[100%] Built target judasjs_examples_tests
