[  0%] Built target judas_glad
[  6%] Built target judas_audio_backend
[  6%] Built target judas_quickjs
[ 12%] Built target judas_profiler
[ 18%] Built target judas_navigation_backend
[ 25%] Building C object CMakeFiles/judas_materials.dir/third_party/mikktspace/mikktspace.c.o
[ 25%] Linking CXX static library libjudas_materials.a
[ 25%] Built target judas_materials
[ 25%] Building CXX object CMakeFiles/judas_engine.dir/src/Environment.cpp.o
[ 25%] Building CXX object CMakeFiles/judas_engine.dir/src/Material.cpp.o
[ 25%] Building CXX object CMakeFiles/judas_engine.dir/src/Tangents.cpp.o
[ 25%] Linking CXX static library libjudas_engine.a
[100%] Built target judas_engine
[100%] Linking CXX executable judas_material_tests
[100%] Built target judas_material_tests
[  6%] Built target judas_audio_backend
[  6%] Built target judas_quickjs
[  6%] Built target judas_glad
[ 12%] Built target judas_profiler
[ 18%] Built target judas_navigation_backend
[ 25%] Built target judas_materials
[100%] Built target judas_engine
[100%] Linking CXX executable judas_environment_bake
[100%] Built target judas_environment_bake
[  6%] Built target judas_audio_backend
[  6%] Built target judas_glad
[  6%] Built target judas_navigation_backend
[ 12%] Built target judas_quickjs
[ 18%] Built target judas_profiler
[ 25%] Built target judas_materials
[100%] Built target judas_engine
[100%] Building CXX object CMakeFiles/judas.dir/src/RuntimeDiagnostics.cpp.o
[100%] Building CXX object CMakeFiles/judas.dir/src/Application.cpp.o
[100%] Building CXX object CMakeFiles/judas.dir/src/TestHarness.cpp.o
[100%] Linking CXX executable judas
[100%] Built target judas
