[  0%] Built target judas_glad
[  0%] Built target judas_profiler
[  0%] Built target judas_audio_backend
[  5%] Built target judas_quickjs
[ 10%] Built target judas_imgui
[ 21%] Built target judas_navigation_backend
[ 21%] Building C object CMakeFiles/judas_materials.dir/third_party/mikktspace/mikktspace.c.o
[ 21%] Building CXX object CMakeFiles/judas_materials.dir/src/Tangents.cpp.o
[ 21%] Building CXX object CMakeFiles/judas_materials.dir/src/Environment.cpp.o
[ 21%] Building CXX object CMakeFiles/judas_materials.dir/src/Material.cpp.o
/home/conner/Documents/GitHub/Project-Judas/src/Environment.cpp: In function ‘bool BakeEnvironment(const std::string&, unsigned int, unsigned int, EnvironmentData&, std::string&)’:
/home/conner/Documents/GitHub/Project-Judas/src/Environment.cpp:36:409: error: no matching function for call to ‘max(double, float)’
   36 |  for(unsigned y=0;y<64;++y)for(unsigned x=0;x<64;++x){float nv=(x+.5f)/64,rough=(y+.5f)/64;glm::vec3 v(sqrt(1-nv*nv),0,nv);glm::vec2 sum(0);for(unsigned i=0;i<samples;++i){auto half=GGX(float(i)/samples,Radical(i),rough);auto l=2*glm::dot(v,half)*half-v;float nl=std::max(0.f,l.z),nh=std::max(0.f,half.z),vh=std::max(0.f,glm::dot(v,half));if(nl>0){float a=rough*rough,a2=a*a;float visibility=2*nl*nv/std::max(nl*sqrt(nv*nv*(1-a2)+a2)+nv*sqrt(nl*nl*(1-a2)+a2),1e-6f);float weight=visibility*vh/std::max(nh*nv,1e-6f),fc=pow(1-vh,5);sum+=glm::vec2((1-fc)*weight,fc*weight);}}result.brdf[y*64+x]=sum/float(samples);}
      |                                                                                                                                                                                                                                                                                                                                                                                                                 ~~~~~~~~^~~~~~~~~~~~~~~~~~~~~~~~~~~~~~~~~~~~~~~~~~~~~~~~~~~~~~~~~
/home/conner/Documents/GitHub/Project-Judas/src/Environment.cpp:36:409: note: there are 4 candidates
In file included from /usr/include/c++/15/vector:64,
                 from /home/conner/Documents/GitHub/Project-Judas/src/Environment.h:2,
                 from /home/conner/Documents/GitHub/Project-Judas/src/Environment.cpp:1:
/usr/include/c++/15/bits/stl_algobase.h:258:5: note: candidate 1: ‘template<class _Tp> constexpr const _Tp& std::max(const _Tp&, const _Tp&)’
  258 |     max(const _Tp& __a, const _Tp& __b)
      |     ^~~
/usr/include/c++/15/bits/stl_algobase.h:258:5: note: template argument deduction/substitution failed:
/home/conner/Documents/GitHub/Project-Judas/src/Environment.cpp:36:409: note:   deduced conflicting types for parameter ‘const _Tp’ (‘double’ and ‘float’)
   36 |  for(unsigned y=0;y<64;++y)for(unsigned x=0;x<64;++x){float nv=(x+.5f)/64,rough=(y+.5f)/64;glm::vec3 v(sqrt(1-nv*nv),0,nv);glm::vec2 sum(0);for(unsigned i=0;i<samples;++i){auto half=GGX(float(i)/samples,Radical(i),rough);auto l=2*glm::dot(v,half)*half-v;float nl=std::max(0.f,l.z),nh=std::max(0.f,half.z),vh=std::max(0.f,glm::dot(v,half));if(nl>0){float a=rough*rough,a2=a*a;float visibility=2*nl*nv/std::max(nl*sqrt(nv*nv*(1-a2)+a2)+nv*sqrt(nl*nl*(1-a2)+a2),1e-6f);float weight=visibility*vh/std::max(nh*nv,1e-6f),fc=pow(1-vh,5);sum+=glm::vec2((1-fc)*weight,fc*weight);}}result.brdf[y*64+x]=sum/float(samples);}
      |                                                                                                                                                                                                                                                                                                                                                                                                                 ~~~~~~~~^~~~~~~~~~~~~~~~~~~~~~~~~~~~~~~~~~~~~~~~~~~~~~~~~~~~~~~~~
/usr/include/c++/15/bits/stl_algobase.h:304:5: note: candidate 2: ‘template<class _Tp, class _Compare> constexpr const _Tp& std::max(const _Tp&, const _Tp&, _Compare)’
  304 |     max(const _Tp& __a, const _Tp& __b, _Compare __comp)
      |     ^~~
/usr/include/c++/15/bits/stl_algobase.h:304:5: note: candidate expects 3 arguments, 2 provided
In file included from /usr/include/c++/15/algorithm:63,
                 from /home/conner/Documents/GitHub/Project-Judas/src/PerformanceProfiler.h:2,
                 from /home/conner/Documents/GitHub/Project-Judas/src/Environment.cpp:3:
/usr/include/c++/15/bits/stl_algo.h:5784:5: note: candidate 3: ‘template<class _Tp> constexpr _Tp std::max(initializer_list<_Tp>)’
 5784 |     max(initializer_list<_Tp> __l)
      |     ^~~
/usr/include/c++/15/bits/stl_algo.h:5784:5: note: candidate expects 1 argument, 2 provided
/usr/include/c++/15/bits/stl_algo.h:5794:5: note: candidate 4: ‘template<class _Tp, class _Compare> constexpr _Tp std::max(initializer_list<_Tp>, _Compare)’
 5794 |     max(initializer_list<_Tp> __l, _Compare __comp)
      |     ^~~
/usr/include/c++/15/bits/stl_algo.h:5794:5: note: template argument deduction/substitution failed:
/home/conner/Documents/GitHub/Project-Judas/src/Environment.cpp:36:409: note:   mismatched types ‘std::initializer_list<_Tp>’ and ‘double’
   36 |  for(unsigned y=0;y<64;++y)for(unsigned x=0;x<64;++x){float nv=(x+.5f)/64,rough=(y+.5f)/64;glm::vec3 v(sqrt(1-nv*nv),0,nv);glm::vec2 sum(0);for(unsigned i=0;i<samples;++i){auto half=GGX(float(i)/samples,Radical(i),rough);auto l=2*glm::dot(v,half)*half-v;float nl=std::max(0.f,l.z),nh=std::max(0.f,half.z),vh=std::max(0.f,glm::dot(v,half));if(nl>0){float a=rough*rough,a2=a*a;float visibility=2*nl*nv/std::max(nl*sqrt(nv*nv*(1-a2)+a2)+nv*sqrt(nl*nl*(1-a2)+a2),1e-6f);float weight=visibility*vh/std::max(nh*nv,1e-6f),fc=pow(1-vh,5);sum+=glm::vec2((1-fc)*weight,fc*weight);}}result.brdf[y*64+x]=sum/float(samples);}
      |                                                                                                                                                                                                                                                                                                                                                                                                                 ~~~~~~~~^~~~~~~~~~~~~~~~~~~~~~~~~~~~~~~~~~~~~~~~~~~~~~~~~~~~~~~~~
gmake[3]: *** [CMakeFiles/judas_materials.dir/build.make:93: CMakeFiles/judas_materials.dir/src/Environment.cpp.o] Error 1
gmake[3]: *** Waiting for unfinished jobs....
gmake[2]: *** [CMakeFiles/Makefile2:637: CMakeFiles/judas_materials.dir/all] Error 2
gmake[1]: *** [CMakeFiles/Makefile2:823: CMakeFiles/judas_editor.dir/rule] Error 2
gmake: *** [Makefile:254: judas_editor] Error 2
