[  0%] Built target judas_audio_backend
[ 12%] Built target judas_quickjs
[ 12%] Built target judas_profiler
[ 12%] Built target judas_glad
[ 18%] Built target judas_navigation_backend
[ 25%] Built target judas_materials
[ 25%] Building CXX object CMakeFiles/judas_engine.dir/src/GltfLoader.cpp.o
[ 25%] Building CXX object CMakeFiles/judas_engine.dir/src/WorldScripts.cpp.o
[ 25%] Building CXX object CMakeFiles/judas_engine.dir/src/RuntimeUI.cpp.o
[ 25%] Building CXX object CMakeFiles/judas_engine.dir/src/ScriptSystem.cpp.o
[ 31%] Building CXX object CMakeFiles/judas_engine.dir/src/WorldAudio.cpp.o
[ 31%] Building CXX object CMakeFiles/judas_engine.dir/src/Renderer.cpp.o
[ 37%] Building CXX object CMakeFiles/judas_engine.dir/src/UIWidgets.cpp.o
[ 37%] Building CXX object CMakeFiles/judas_engine.dir/src/PauseMenu.cpp.o
[ 37%] Building CXX object CMakeFiles/judas_engine.dir/src/HUD.cpp.o
[ 37%] Building CXX object CMakeFiles/judas_engine.dir/src/ProductionFluidCoupling.cpp.o
[ 43%] Building CXX object CMakeFiles/judas_engine.dir/src/Door.cpp.o
[ 43%] Building CXX object CMakeFiles/judas_engine.dir/src/LightSwitch.cpp.o
[ 43%] Building CXX object CMakeFiles/judas_engine.dir/src/ResourceManager.cpp.o
[ 43%] Building CXX object CMakeFiles/judas_engine.dir/src/WorldDebugView.cpp.o
[ 43%] Building CXX object CMakeFiles/judas_engine.dir/src/SceneSession.cpp.o
[ 50%] Building CXX object CMakeFiles/judas_engine.dir/src/RuntimeWorld.cpp.o
[ 50%] Building CXX object CMakeFiles/judas_engine.dir/src/GameSession.cpp.o
[ 50%] Building CXX object CMakeFiles/judas_engine.dir/src/Simulation.cpp.o
[ 50%] Building CXX object CMakeFiles/judas_engine.dir/src/WorldPresentation.cpp.o
[ 50%] Building CXX object CMakeFiles/judas_engine.dir/src/GameplayHud.cpp.o
[ 50%] Building CXX object CMakeFiles/judas_engine.dir/src/EngineHost.cpp.o
[ 50%] Building CXX object CMakeFiles/judas_engine.dir/src/InteractivePlay.cpp.o
[ 56%] Building CXX object CMakeFiles/judas_engine.dir/src/CoarseSimulation.cpp.o
[ 56%] Building CXX object CMakeFiles/judas_engine.dir/src/WorldState.cpp.o
[ 56%] Linking CXX static library libjudas_engine.a
[100%] Built target judas_engine
[100%] Building CXX object CMakeFiles/judas_material_tests.dir/tests/MaterialTests.cpp.o
[100%] Linking CXX executable judas_material_tests
[100%] Built target judas_material_tests
[  0%] Built target judas_audio_backend
[  0%] Built target judas_glad
[ 12%] Built target judas_profiler
[ 12%] Built target judas_quickjs
[ 18%] Built target judas_navigation_backend
[ 25%] Built target judas_materials
[100%] Built target judas_engine
[100%] Building CXX object CMakeFiles/judas.dir/src/Application.cpp.o
[100%] Building CXX object CMakeFiles/judas.dir/src/RuntimeDiagnostics.cpp.o
[100%] Building CXX object CMakeFiles/judas.dir/src/TestHarness.cpp.o
[100%] Linking CXX executable judas
[100%] Built target judas
[  0%] Built target judas_audio_backend
[  5%] Built target judas_quickjs
[ 15%] Built target judas_navigation_backend
[ 15%] Built target judas_profiler
[ 15%] Built target judas_glad
[ 21%] Built target judas_imgui
[ 26%] Built target judas_materials
[ 89%] Built target judas_engine
[ 94%] Built target judas_navigation_baker
[100%] Building CXX object CMakeFiles/judas_editor.dir/src/editor/ComponentEditors.cpp.o
[100%] Building CXX object CMakeFiles/judas_editor.dir/src/editor/EditorMain.cpp.o
[100%] Building CXX object CMakeFiles/judas_editor.dir/src/editor/EditorApplication.cpp.o
[100%] Building CXX object CMakeFiles/judas_editor.dir/src/editor/EditorPanels.cpp.o
[100%] Linking CXX executable judas_editor
[100%] Built target judas_editor
[  0%] Built target judas_glad
[  5%] Built target judas_profiler
[  5%] Built target judas_audio_backend
[ 11%] Built target judas_quickjs
[ 17%] Built target judas_navigation_backend
[ 23%] Built target judas_materials
[ 94%] Built target judas_engine
[100%] Linking CXX executable judas_export
[100%] Built target judas_export
[  0%] Built target judas_audio_backend
[  5%] Built target judas_quickjs
[ 11%] Built target judas_profiler
[ 11%] Built target judas_glad
[ 17%] Built target judas_navigation_backend
[ 23%] Built target judas_materials
[ 94%] Built target judas_engine
[ 94%] Building CXX object CMakeFiles/judasjs_examples_tests.dir/tests/JudasJSExamplesTests.cpp.o
[100%] Linking CXX executable judasjs_examples_tests
[100%] Built target judasjs_examples_tests
