[  6%] Built target judas_quickjs
[  6%] Built target judas_profiler
[  6%] Built target judas_audio_backend
[ 12%] Built target judas_glad
[ 25%] Built target judas_navigation_backend
[ 25%] Built target judas_materials
[100%] Built target judas_engine
[100%] Building CXX object CMakeFiles/judas_material_tests.dir/tests/MaterialTests.cpp.o
[100%] Linking CXX executable judas_material_tests
[100%] Built target judas_material_tests
[  0%] Built target judas_audio_backend
[  0%] Built target judas_profiler
[  5%] Built target judas_glad
[ 11%] Built target judas_quickjs
[ 23%] Built target judas_navigation_backend
[ 23%] Built target judas_materials
[ 94%] Built target judas_engine
[ 94%] Building CXX object CMakeFiles/judas_material_application_tests.dir/tests/MaterialApplicationTests.cpp.o
[100%] Linking CXX executable judas_material_application_tests
[100%] Built target judas_material_application_tests
