libEGL warning: Not allowed to force software rendering when API explicitly selects a hardware device.
PASS material round trip
PASS invalid parameter rejected
PASS isolated instance override
PASS revert returns source
PASS slot overrides round trip
PASS actual OpenGL host
GPU Mesa / llvmpipe (LLVM 21.1.8, 256 bits)
PASS linear .214 -> Reinhard -> sRGB known output
PASS exposure changes world output
PASS sRGB image decoded exactly once
FAIL alpha cutout discards actual fragments
FAIL metallic changes actual GPU response at finite zero roughness
PASS roughness changes GPU specular response
PASS tangent normal map affects actual direct light
PASS baked HDR environment loads
PASS roughness selects prefiltered environment mip
PASS environment authored orientation changes reflection
PASS normal GL3.3 material path produces no GL errors
M57 17 checks 2 failures
