-- Configuring done (0.1s)
-- Generating done (0.4s)
-- Build files have been written to: /home/conner/Documents/GitHub/Project-Judas/build
[  6%] Built target judas_audio_backend
[  6%] Built target judas_glad
[  6%] Building CXX object CMakeFiles/judas_engine.dir/src/InputSystem.cpp.o
[  6%] Building CXX object CMakeFiles/judas_engine.dir/src/PlayerController.cpp.o
[  6%] Building CXX object CMakeFiles/judas_engine.dir/src/Window.cpp.o
[  6%] Building CXX object CMakeFiles/judas_engine.dir/src/FlyingPrimitiveControl.cpp.o
[  6%] Building CXX object CMakeFiles/judas_engine.dir/src/PilotControl.cpp.o
[  6%] Building CXX object CMakeFiles/judas_engine.dir/src/ProductionFluidCoupling.cpp.o
[  6%] Building CXX object CMakeFiles/judas_engine.dir/src/Project.cpp.o
[ 13%] Building CXX object CMakeFiles/judas_engine.dir/src/WorldDebugView.cpp.o
[ 13%] Building CXX object CMakeFiles/judas_engine.dir/src/GameSession.cpp.o
[ 13%] Building CXX object CMakeFiles/judas_engine.dir/src/Simulation.cpp.o
[ 13%] Building CXX object CMakeFiles/judas_engine.dir/src/WorldPresentation.cpp.o
[ 13%] Building CXX object CMakeFiles/judas_engine.dir/src/GameplayHud.cpp.o
[ 20%] Building CXX object CMakeFiles/judas_engine.dir/src/EngineHost.cpp.o
[ 20%] Building CXX object CMakeFiles/judas_engine.dir/src/InteractivePlay.cpp.o
[ 20%] Linking CXX static library libjudas_engine.a
[ 93%] Built target judas_engine
[ 93%] Building CXX object CMakeFiles/judas.dir/src/TestHarness.cpp.o
[ 93%] Building CXX object CMakeFiles/judas.dir/src/Application.cpp.o
[ 93%] Building CXX object CMakeFiles/judas.dir/src/RuntimeOptions.cpp.o
[ 93%] Building CXX object CMakeFiles/judas.dir/src/RuntimeDiagnostics.cpp.o
[100%] Linking CXX executable judas
[100%] Built target judas
[  5%] Built target judas_glad
[  5%] Built target judas_audio_backend
[ 11%] Built target judas_imgui
[ 88%] Built target judas_engine
[ 88%] Building CXX object CMakeFiles/judas_editor.dir/src/editor/EditorCamera.cpp.o
[ 88%] Building CXX object CMakeFiles/judas_editor.dir/src/editor/EditorPanels.cpp.o
[ 94%] Building CXX object CMakeFiles/judas_editor.dir/src/editor/EditorApplication.cpp.o
[ 94%] Building CXX object CMakeFiles/judas_editor.dir/src/editor/EditorMain.cpp.o
[ 94%] Linking CXX executable judas_editor
[100%] Built target judas_editor
