[  0%] Built target judas_audio_backend
[  7%] Built target judas_glad
[  7%] Building CXX object CMakeFiles/judas_engine.dir/src/PlayerController.cpp.o
[ 14%] Building CXX object CMakeFiles/judas_engine.dir/src/Window.cpp.o
[ 21%] Building CXX object CMakeFiles/judas_engine.dir/src/FlyingPrimitiveControl.cpp.o
[ 21%] Building CXX object CMakeFiles/judas_engine.dir/src/GameSession.cpp.o
[ 21%] Building CXX object CMakeFiles/judas_engine.dir/src/Simulation.cpp.o
[ 21%] Building CXX object CMakeFiles/judas_engine.dir/src/EngineHost.cpp.o
[ 28%] Building CXX object CMakeFiles/judas_engine.dir/src/InteractivePlay.cpp.o
[ 28%] Linking CXX static library libjudas_engine.a
[100%] Built target judas_engine
[100%] Building CXX object CMakeFiles/judas_input_tests.dir/tests/InputTests.cpp.o
[100%] Linking CXX executable judas_input_tests
[100%] Built target judas_input_tests
[  5%] Built target judas_glad
[  5%] Built target judas_audio_backend
[ 11%] Built target judas_imgui
[ 88%] Built target judas_engine
[ 94%] Building CXX object CMakeFiles/judas_editor.dir/src/editor/EditorApplication.cpp.o
[ 94%] Building CXX object CMakeFiles/judas_editor.dir/src/editor/EditorCamera.cpp.o
[ 94%] Linking CXX executable judas_editor
[100%] Built target judas_editor
[  6%] Built target judas_glad
[  6%] Built target judas_audio_backend
[ 93%] Built target judas_engine
[ 93%] Building CXX object CMakeFiles/judas.dir/src/Application.cpp.o
[ 93%] Building CXX object CMakeFiles/judas.dir/src/TestHarness.cpp.o
[100%] Linking CXX executable judas
[100%] Built target judas
