libEGL warning: Not allowed to force software rendering when API explicitly selects a hardware device.
PASS generic map installs
PASS digital pressed and held
PASS press lasts one frame
PASS overlapping bindings do not duplicate or prematurely release
PASS last binding releases action
PASS release lasts one frame
PASS keyboard negative axis
PASS opposed keyboard axis cancels
PASS relative delta/wheel accumulate without joystick clamping
PASS relative input resets each frame
PASS configured deadzone removes small deflection
PASS linear deadzone normalization
PASS negative full stick endpoint
PASS disconnect clears button and axis state
PASS runtime binding replacement
PASS old replaced binding inactive
PASS new binding works
PASS add/remove/query bindings
PASS rename/delete logical entries
PASS input map exact serialization round-trip
PASS duplicate logical names reject atomically
PASS short press survives zero-step frame into fixed snapshot
PASS multiple fixed consumers see same edge
PASS catch-up step does not repeat press
PASS ownership transition discards stale edge
PASS ordinary project round-trips input map
PASS legacy projects use explicit default bindings
PASS create real project
PASS save project input
PASS project reload restores rebinding
PASS real SDL window backend starts
PASS actual SDL short press feeds logical input and existing gameplay handoff
PASS window consumers honor project rebind
PASS raw release clears rebound axis
PASS representative player consumes named look axis through normal frame input
PASS editor-owned input does not create gameplay press
PASS tiny SDL virtual pad exercises normal controller adapter
PAD raw=0 button=0 logical=0.000000000 held=0 focusFlags=42
FAIL actual SDL button/axis reaches named action and normalized deadzone
FAIL actual SDL negative axis endpoint normalizes exactly
PASS actual SDL disconnect clears active-controller logical state
PERFORMANCE bindings=46 update_query_mean_us=7.238172 checksum=5000
PERFORMANCE bindings=100 update_query_mean_us=21.581485 checksum=5000
SUMMARY checks=40 failures=2
