libEGL warning: Not allowed to force software rendering when API explicitly selects a hardware device.
M31 resource stress: generating 24 sphere meshes (160x160) and 16 1024x1024 textures under /tmp/judas_m31_stress_3949
  137.5 MB of asset files
  7 workers, scene 'Tiny game' playing (3 dynamic bodies)
  async: all 40 assets Ready after 0.79 s; per-asset latency (request->Ready) min 416 ms avg 608 ms max 782 ms; 40 uploads; resident 211.9 MB (peak 211.9 MB)
  cancel: 20 loads cancelled by dropped demand, 4 stale completions discarded, 20 ready, 0 loading
  evict: budget 53.2 MB -> resident 106.4 MB before, 85.3 MB after, 4 evictions; referenced textures survived: yes
  reload: 4 evicted meshes re-requested and Ready again after 0.20 s
  blocking: all 40 assets loaded on the main thread in 1.53 s (one per frame)

Per-phase main-thread measurements (frame = pump + play frame + swap; 60 Hz fixed step):
  baseline (no loads)          frames  120 | frame avg   4.81 ms p99  64.97 ms max  161.05 ms (pump max   0.00 ms) | >33 ms:   8 | fixed steps    32 (expected ~   35, 1 saturated) | queue max  0 avg   0.0 | worker util   0.0% | jobs done 0
  async load (40 assets)       frames   30 | frame avg  26.17 ms p99 400.14 ms max  400.14 ms (pump max  20.65 ms) | >33 ms:   2 | fixed steps    30 (expected ~   47, 1 saturated) | queue max 38 avg  11.6 | worker util  66.7% | jobs done 40
  cancel + release             frames    1 | frame avg   0.70 ms p99   0.70 ms max    0.70 ms (pump max   0.01 ms) | >33 ms:   0 | fixed steps     0 (expected ~    0, 0 saturated) | queue max  4 avg   4.0 | worker util  36.3% | jobs done 0
  evict + reload               frames   33 | frame avg   6.12 ms p99 174.29 ms max  174.29 ms (pump max   3.83 ms) | >33 ms:   1 | fixed steps     9 (expected ~   12, 1 saturated) | queue max  0 avg   0.0 | worker util  24.7% | jobs done 4
  BLOCKING load (40 assets)    frames   40 | frame avg  38.33 ms p99  48.50 ms max   48.50 ms (pump max   0.00 ms) | >33 ms:  24 | fixed steps    92 (expected ~   92, 0 saturated) | queue max  0 avg   0.0 | worker util   0.0% | jobs done 0

Claim under test: expensive resource preparation no longer forces the main thread to wait for the whole operation.
  async  : worst frame  400.14 ms,   2 frames over 33 ms, 1 saturated catch-up frames, wall 0.79 s
  blocking: worst frame   48.50 ms,  24 frames over 33 ms, 0 saturated catch-up frames, wall 1.53 s
  (the work itself is not free: worker busy time during the async phase was 3.67 s across 7 workers)

shutdown clean (resources, workers, renderer, window in that order); temporary project removed
