{
  "status": "PASS",
  "counts": {
    "cases": 817,
    "primitive_pairs": 881,
    "contacts": 1221,
    "exact_touching": 85,
    "positive_gap_contacts": 302,
    "bounds": 1634,
    "world_pairs": 817,
    "query_candidates": 1634
  },
  "maxima": {
    "surface_error": 5.684341886080802e-14,
    "anchor_midpoint_error": 1.2710574864626038e-13,
    "anchor_witness_gap_error": 5.684341886080802e-14,
    "normal_length_error": 2.220446049250313e-16,
    "gap_error": 9.769962616701378e-15
  },
  "diagnostics": {
    "predicates": 16072,
    "interval_resolved": 16054,
    "exact_fallbacks": 18,
    "unresolved": 0,
    "invalid_inputs": 0
  }
}
failures 0
