[  0%] Building CXX object CMakeFiles/judas_physics_tests.dir/tests/PhysicsPrimitiveTests.cpp.o
[  0%] Building C object CMakeFiles/judas_audio_backend.dir/src/AudioBackend.c.o
[  0%] Building CXX object CMakeFiles/judas_imgui.dir/third_party/imgui/imgui.cpp.o
[  1%] Building C object CMakeFiles/judas_glad.dir/third_party/glad/src/gl.c.o
[  1%] Linking C static library libjudas_glad.a
[  1%] Built target judas_glad
[  2%] Building CXX object CMakeFiles/judas_rigid_contact_tests.dir/tests/RigidContactTests.cpp.o
[  2%] Building CXX object CMakeFiles/judas_physics_tests.dir/src/ImpactSolver.cpp.o
[  2%] Building CXX object CMakeFiles/judas_rigid_contact_tests.dir/src/ImpactSolver.cpp.o
[  2%] Building CXX object CMakeFiles/judas_physics_tests.dir/src/RigidBody.cpp.o
[  3%] Building CXX object CMakeFiles/judas_physics_tests.dir/src/RigidBodyGravity.cpp.o
[  3%] Building CXX object CMakeFiles/judas_rigid_contact_tests.dir/src/RigidBody.cpp.o
[  3%] Building CXX object CMakeFiles/judas_physics_tests.dir/src/Contacts.cpp.o
[  3%] Building CXX object CMakeFiles/judas_rigid_contact_tests.dir/src/RigidBodyGravity.cpp.o
[  3%] Building CXX object CMakeFiles/judas_rigid_contact_tests.dir/src/Contacts.cpp.o
[  3%] Building CXX object CMakeFiles/judas_physics_tests.dir/src/ContactSolver.cpp.o
[  3%] Building CXX object CMakeFiles/judas_rigid_contact_tests.dir/src/ContactSolver.cpp.o
[  3%] Building CXX object CMakeFiles/judas_physics_tests.dir/src/RadialTerrain.cpp.o
[  3%] Building CXX object CMakeFiles/judas_physics_tests.dir/src/Broadphase.cpp.o
[  4%] Building CXX object CMakeFiles/judas_rigid_contact_tests.dir/src/RadialTerrain.cpp.o
[  5%] Building CXX object CMakeFiles/judas_physics_tests.dir/src/Narrowphase.cpp.o
[  5%] Building CXX object CMakeFiles/judas_rigid_contact_tests.dir/src/Broadphase.cpp.o
[  5%] Building CXX object CMakeFiles/judas_rigid_contact_tests.dir/src/Narrowphase.cpp.o
[  5%] Building CXX object CMakeFiles/judas_imgui.dir/third_party/imgui/imgui_draw.cpp.o
[  5%] Building CXX object CMakeFiles/judas_physics_tests.dir/src/FaithfulGravity.cpp.o
[  5%] Building CXX object CMakeFiles/judas_physics_tests.dir/src/RadicalGravity.cpp.o
[  5%] Building CXX object CMakeFiles/judas_rigid_contact_tests.dir/src/PhysicsWorld.cpp.o
[  5%] Building CXX object CMakeFiles/judas_physics_tests.dir/src/SphericalVolume.cpp.o
[  5%] Building CXX object CMakeFiles/judas_physics_tests.dir/src/BoxVolume.cpp.o
[  5%] Building CXX object CMakeFiles/judas_physics_tests.dir/src/GravityContextMap.cpp.o
[  6%] Linking CXX executable judas_physics_tests
[  6%] Built target judas_physics_tests
[  6%] Building CXX object CMakeFiles/judas_imgui.dir/third_party/imgui/imgui_tables.cpp.o
[  6%] Building CXX object CMakeFiles/judas_imgui.dir/third_party/imgui/imgui_widgets.cpp.o
[  7%] Building CXX object CMakeFiles/judas_imgui.dir/third_party/imgui/backends/imgui_impl_sdl2.cpp.o
[  7%] Building CXX object CMakeFiles/judas_broadphase_tests.dir/tests/BroadphaseTests.cpp.o
[  7%] Building CXX object CMakeFiles/judas_broadphase_tests.dir/src/ImpactSolver.cpp.o
[  7%] Linking C static library libjudas_audio_backend.a
[  7%] Built target judas_audio_backend
[  7%] Building CXX object CMakeFiles/judas_collision_tests.dir/tests/CollisionTests.cpp.o
[  7%] Linking CXX executable judas_rigid_contact_tests
[  7%] Building CXX object CMakeFiles/judas_broadphase_tests.dir/src/RigidBody.cpp.o
[  7%] Built target judas_rigid_contact_tests
[  7%] Building CXX object CMakeFiles/judas_imgui.dir/third_party/imgui/backends/imgui_impl_opengl3.cpp.o
[  7%] Building CXX object CMakeFiles/judas_collision_tests.dir/src/ImpactSolver.cpp.o
[  7%] Building CXX object CMakeFiles/judas_broadphase_tests.dir/src/RigidBodyGravity.cpp.o
[  7%] Building CXX object CMakeFiles/judas_celestial_gravity_tests.dir/tests/CelestialGravityTests.cpp.o
[  8%] Building CXX object CMakeFiles/judas_broadphase_tests.dir/src/Contacts.cpp.o
[  9%] Building CXX object CMakeFiles/judas_collision_tests.dir/src/RigidBody.cpp.o
[  9%] Building CXX object CMakeFiles/judas_celestial_gravity_tests.dir/src/ImpactSolver.cpp.o
[  9%] Linking CXX static library libjudas_imgui.a
[  9%] Building CXX object CMakeFiles/judas_collision_tests.dir/src/RigidBodyGravity.cpp.o
[  9%] Built target judas_imgui
[  9%] Building CXX object CMakeFiles/judas_broadphase_tests.dir/src/ContactSolver.cpp.o
[  9%] Building CXX object CMakeFiles/judas_collision_tests.dir/src/Contacts.cpp.o
[  9%] Building CXX object CMakeFiles/judas_celestial_gravity_tests.dir/src/RigidBody.cpp.o
[  9%] Building CXX object CMakeFiles/judas_celestial_gravity_tests.dir/src/RigidBodyGravity.cpp.o
[  9%] Building CXX object CMakeFiles/judas_celestial_gravity_tests.dir/src/Contacts.cpp.o
[ 10%] Building CXX object CMakeFiles/judas_celestial_gravity_tests.dir/src/ContactSolver.cpp.o
[ 10%] Building CXX object CMakeFiles/judas_asset_tests.dir/tests/AssetTests.cpp.o
[ 10%] Building CXX object CMakeFiles/judas_asset_tests.dir/src/ModelLoader.cpp.o
[ 10%] Building CXX object CMakeFiles/judas_broadphase_tests.dir/src/RadialTerrain.cpp.o
[ 10%] Building CXX object CMakeFiles/judas_broadphase_tests.dir/src/Broadphase.cpp.o
[ 10%] Building CXX object CMakeFiles/judas_collision_tests.dir/src/ContactSolver.cpp.o
[ 10%] Building CXX object CMakeFiles/judas_broadphase_tests.dir/src/Narrowphase.cpp.o
[ 10%] Building CXX object CMakeFiles/judas_collision_tests.dir/src/RadialTerrain.cpp.o
[ 10%] Building CXX object CMakeFiles/judas_celestial_gravity_tests.dir/src/RadialTerrain.cpp.o
[ 10%] Building CXX object CMakeFiles/judas_collision_tests.dir/src/Broadphase.cpp.o
[ 10%] Building CXX object CMakeFiles/judas_celestial_gravity_tests.dir/src/Broadphase.cpp.o
[ 11%] Building CXX object CMakeFiles/judas_collision_tests.dir/src/Narrowphase.cpp.o
[ 11%] Building CXX object CMakeFiles/judas_celestial_gravity_tests.dir/src/Narrowphase.cpp.o
[ 11%] Building CXX object CMakeFiles/judas_broadphase_tests.dir/src/PhysicsWorld.cpp.o
[ 11%] Building CXX object CMakeFiles/judas_collision_tests.dir/src/FaithfulGravity.cpp.o
[ 11%] Building CXX object CMakeFiles/judas_collision_tests.dir/src/RadicalGravity.cpp.o
[ 11%] Building CXX object CMakeFiles/judas_collision_tests.dir/src/SphericalVolume.cpp.o
[ 11%] Building CXX object CMakeFiles/judas_celestial_gravity_tests.dir/src/PhysicsWorld.cpp.o
[ 11%] Building CXX object CMakeFiles/judas_collision_tests.dir/src/BoxVolume.cpp.o
[ 11%] Building CXX object CMakeFiles/judas_collision_tests.dir/src/GravityContextMap.cpp.o
[ 12%] Linking CXX executable judas_collision_tests
[ 12%] Built target judas_collision_tests
[ 12%] Building CXX object CMakeFiles/judas_step_climb_tests.dir/tests/StepClimbTests.cpp.o
[ 12%] Building CXX object CMakeFiles/judas_step_climb_tests.dir/src/StepClimb.cpp.o
[ 12%] Building CXX object CMakeFiles/judas_step_climb_tests.dir/src/ImpactSolver.cpp.o
[ 12%] Building CXX object CMakeFiles/judas_step_climb_tests.dir/src/RigidBody.cpp.o
[ 12%] Building CXX object CMakeFiles/judas_step_climb_tests.dir/src/RigidBodyGravity.cpp.o
[ 13%] Building CXX object CMakeFiles/judas_step_climb_tests.dir/src/Contacts.cpp.o
[ 14%] Linking CXX executable judas_broadphase_tests
[ 14%] Built target judas_broadphase_tests
[ 14%] Building CXX object CMakeFiles/judas_pilot_attachment_tests.dir/tests/PilotAttachmentTests.cpp.o
[ 14%] Building CXX object CMakeFiles/judas_pilot_attachment_tests.dir/src/PilotAttachment.cpp.o
[ 14%] Linking CXX executable judas_pilot_attachment_tests
[ 14%] Built target judas_pilot_attachment_tests
[ 15%] Building CXX object CMakeFiles/judas_celestial_gravity_tests.dir/src/CelestialGravity.cpp.o
[ 15%] Building CXX object CMakeFiles/judas_step_climb_tests.dir/src/ContactSolver.cpp.o
[ 15%] Building CXX object CMakeFiles/judas_asset_tests.dir/src/TextureLoader.cpp.o
[ 15%] Building CXX object CMakeFiles/judas_step_climb_tests.dir/src/RadialTerrain.cpp.o
[ 15%] Linking CXX executable judas_celestial_gravity_tests
[ 15%] Built target judas_celestial_gravity_tests
[ 15%] Building CXX object CMakeFiles/judas_pilot_dismount_tests.dir/tests/PilotDismountTests.cpp.o
[ 15%] Building CXX object CMakeFiles/judas_pilot_dismount_tests.dir/src/PilotAttachment.cpp.o
[ 15%] Building CXX object CMakeFiles/judas_step_climb_tests.dir/src/Broadphase.cpp.o
[ 15%] Building CXX object CMakeFiles/judas_spacecraft_control_tests.dir/tests/SpacecraftControlTests.cpp.o
[ 16%] Building CXX object CMakeFiles/judas_pilot_dismount_tests.dir/src/ImpactSolver.cpp.o
[ 16%] Building CXX object CMakeFiles/judas_step_climb_tests.dir/src/Narrowphase.cpp.o
[ 16%] Building CXX object CMakeFiles/judas_pilot_dismount_tests.dir/src/RigidBody.cpp.o
[ 16%] Building CXX object CMakeFiles/judas_pilot_dismount_tests.dir/src/RigidBodyGravity.cpp.o
[ 16%] Building CXX object CMakeFiles/judas_pilot_dismount_tests.dir/src/Contacts.cpp.o
[ 17%] Building CXX object CMakeFiles/judas_spacecraft_control_tests.dir/src/FlyingPrimitiveControl.cpp.o
[ 17%] Building CXX object CMakeFiles/judas_spacecraft_control_tests.dir/src/Window.cpp.o
[ 18%] Linking CXX executable judas_asset_tests
[ 18%] Built target judas_asset_tests
[ 18%] Building CXX object CMakeFiles/judas_pilot_dismount_tests.dir/src/ContactSolver.cpp.o
[ 18%] Building CXX object CMakeFiles/judas_spacecraft_control_tests.dir/src/InputSystem.cpp.o
[ 18%] Building CXX object CMakeFiles/judas_pilot_dismount_tests.dir/src/RadialTerrain.cpp.o
[ 19%] Building CXX object CMakeFiles/judas_pilot_dismount_tests.dir/src/Broadphase.cpp.o
[ 19%] Building CXX object CMakeFiles/judas_step_climb_tests.dir/src/PhysicsWorld.cpp.o
[ 19%] Building CXX object CMakeFiles/judas_pilot_dismount_tests.dir/src/Narrowphase.cpp.o
[ 19%] Building CXX object CMakeFiles/judas_spacecraft_flight_tests.dir/tests/SpacecraftFlightTests.cpp.o
[ 19%] Building CXX object CMakeFiles/judas_spacecraft_control_tests.dir/src/ImpactSolver.cpp.o
[ 19%] Building CXX object CMakeFiles/judas_spacecraft_flight_tests.dir/src/FlyingPrimitiveControl.cpp.o
[ 19%] Building CXX object CMakeFiles/judas_spacecraft_control_tests.dir/src/RigidBody.cpp.o
[ 19%] Building CXX object CMakeFiles/judas_spacecraft_control_tests.dir/src/RigidBodyGravity.cpp.o
[ 20%] Building CXX object CMakeFiles/judas_spacecraft_control_tests.dir/src/Contacts.cpp.o
[ 20%] Building CXX object CMakeFiles/judas_spacecraft_flight_tests.dir/src/Window.cpp.o
[ 20%] Building CXX object CMakeFiles/judas_spacecraft_flight_tests.dir/src/InputSystem.cpp.o
[ 20%] Building CXX object CMakeFiles/judas_pilot_dismount_tests.dir/src/PhysicsWorld.cpp.o
[ 20%] Building CXX object CMakeFiles/judas_spacecraft_control_tests.dir/src/ContactSolver.cpp.o
[ 20%] Building CXX object CMakeFiles/judas_spacecraft_flight_tests.dir/src/ImpactSolver.cpp.o
[ 20%] Building CXX object CMakeFiles/judas_spacecraft_control_tests.dir/src/RadialTerrain.cpp.o
[ 21%] Building CXX object CMakeFiles/judas_spacecraft_flight_tests.dir/src/RigidBody.cpp.o
[ 21%] Building CXX object CMakeFiles/judas_spacecraft_control_tests.dir/src/Broadphase.cpp.o
[ 21%] Building CXX object CMakeFiles/judas_spacecraft_flight_tests.dir/src/RigidBodyGravity.cpp.o
[ 22%] Linking CXX executable judas_step_climb_tests
[ 22%] Built target judas_step_climb_tests
[ 23%] Building CXX object CMakeFiles/judas_reference_frame_tests.dir/tests/ReferenceFrameTests.cpp.o
[ 23%] Building CXX object CMakeFiles/judas_spacecraft_control_tests.dir/src/Narrowphase.cpp.o
[ 23%] Building CXX object CMakeFiles/judas_spacecraft_flight_tests.dir/src/Contacts.cpp.o
[ 23%] Building CXX object CMakeFiles/judas_reference_frame_tests.dir/src/ReferenceFrame.cpp.o
[ 23%] Building CXX object CMakeFiles/judas_reference_frame_tests.dir/src/PilotAttachment.cpp.o
[ 23%] Building CXX object CMakeFiles/judas_reference_frame_tests.dir/src/ImpactSolver.cpp.o
[ 23%] Building CXX object CMakeFiles/judas_reference_frame_tests.dir/src/RigidBody.cpp.o
[ 23%] Building CXX object CMakeFiles/judas_reference_frame_tests.dir/src/RigidBodyGravity.cpp.o
[ 24%] Building CXX object CMakeFiles/judas_reference_frame_tests.dir/src/Contacts.cpp.o
[ 24%] Building CXX object CMakeFiles/judas_spacecraft_flight_tests.dir/src/ContactSolver.cpp.o
[ 24%] Building CXX object CMakeFiles/judas_spacecraft_control_tests.dir/src/PhysicsWorld.cpp.o
[ 24%] Building CXX object CMakeFiles/judas_spacecraft_flight_tests.dir/src/RadialTerrain.cpp.o
[ 24%] Linking CXX executable judas_pilot_dismount_tests
[ 25%] Building CXX object CMakeFiles/judas_spacecraft_flight_tests.dir/src/Broadphase.cpp.o
[ 25%] Built target judas_pilot_dismount_tests
[ 25%] Building CXX object CMakeFiles/judas_ui_tests.dir/tests/UITests.cpp.o
[ 25%] Building CXX object CMakeFiles/judas_spacecraft_flight_tests.dir/src/Narrowphase.cpp.o
[ 25%] Building CXX object CMakeFiles/judas_ui_tests.dir/src/UIWidgets.cpp.o
[ 25%] Building CXX object CMakeFiles/judas_reference_frame_tests.dir/src/ContactSolver.cpp.o
[ 25%] Building CXX object CMakeFiles/judas_ui_tests.dir/src/PauseMenu.cpp.o
[ 25%] Building CXX object CMakeFiles/judas_ui_tests.dir/src/HUD.cpp.o
[ 25%] Building CXX object CMakeFiles/judas_reference_frame_tests.dir/src/RadialTerrain.cpp.o
[ 25%] Building CXX object CMakeFiles/judas_ui_tests.dir/src/Renderer.cpp.o
[ 25%] Building CXX object CMakeFiles/judas_reference_frame_tests.dir/src/Broadphase.cpp.o
[ 25%] Building CXX object CMakeFiles/judas_reference_frame_tests.dir/src/Narrowphase.cpp.o
[ 25%] Building CXX object CMakeFiles/judas_spacecraft_flight_tests.dir/src/PhysicsWorld.cpp.o
[ 26%] Building CXX object CMakeFiles/judas_ui_tests.dir/src/FontLoader.cpp.o
[ 27%] Linking CXX executable judas_spacecraft_control_tests
[ 27%] Built target judas_spacecraft_control_tests
[ 27%] Building CXX object CMakeFiles/judas_spacecraft_flight_tests.dir/src/CelestialGravity.cpp.o
[ 27%] Linking CXX executable judas_ui_tests
[ 27%] Built target judas_ui_tests
[ 27%] Building CXX object CMakeFiles/judas_reference_frame_tests.dir/src/PhysicsWorld.cpp.o
[ 28%] Building CXX object CMakeFiles/judas_lighting_tests.dir/tests/LightingTests.cpp.o
[ 28%] Building CXX object CMakeFiles/judas_shadow_tests.dir/tests/ShadowTests.cpp.o
[ 28%] Building CXX object CMakeFiles/judas_shadow_tests.dir/src/ShadowTransforms.cpp.o
[ 28%] Building CXX object CMakeFiles/judas_lighting_tests.dir/src/LightTransforms.cpp.o
[ 28%] Linking CXX executable judas_shadow_tests
[ 28%] Built target judas_shadow_tests
[ 28%] Building CXX object CMakeFiles/judas_interactable_tests.dir/tests/InteractableTests.cpp.o
[ 28%] Building CXX object CMakeFiles/judas_lighting_tests.dir/src/LightAttenuation.cpp.o
[ 28%] Building CXX object CMakeFiles/judas_lighting_tests.dir/src/PauseMenu.cpp.o
[ 28%] Building CXX object CMakeFiles/judas_interactable_tests.dir/src/HingeTransform.cpp.o
[ 28%] Building CXX object CMakeFiles/judas_lighting_tests.dir/src/UIWidgets.cpp.o
[ 29%] Building CXX object CMakeFiles/judas_interactable_tests.dir/src/InteractionSystem.cpp.o
[ 30%] Building CXX object CMakeFiles/judas_lighting_tests.dir/src/HUD.cpp.o
[ 30%] Building CXX object CMakeFiles/judas_interactable_tests.dir/src/Door.cpp.o
[ 30%] Building CXX object CMakeFiles/judas_lighting_tests.dir/src/Renderer.cpp.o
[ 30%] Building CXX object CMakeFiles/judas_interactable_tests.dir/src/LightSwitch.cpp.o
[ 30%] Building CXX object CMakeFiles/judas_interactable_tests.dir/src/PauseMenu.cpp.o
[ 30%] Building CXX object CMakeFiles/judas_interactable_tests.dir/src/UIWidgets.cpp.o
[ 30%] Linking CXX executable judas_spacecraft_flight_tests
[ 30%] Built target judas_spacecraft_flight_tests
[ 30%] Building CXX object CMakeFiles/judas_lighting_tests.dir/src/FontLoader.cpp.o
[ 30%] Building CXX object CMakeFiles/judas_interactable_tests.dir/src/HUD.cpp.o
[ 31%] Building CXX object CMakeFiles/judas_interactable_tests.dir/src/Renderer.cpp.o
[ 31%] Building CXX object CMakeFiles/judas_interactable_tests.dir/src/FontLoader.cpp.o
[ 31%] Linking CXX executable judas_lighting_tests
[ 31%] Built target judas_lighting_tests
[ 31%] Building CXX object CMakeFiles/judas_interactable_tests.dir/src/ImpactSolver.cpp.o
[ 31%] Building CXX object CMakeFiles/judas_interactable_tests.dir/src/RigidBody.cpp.o
[ 32%] Building CXX object CMakeFiles/judas_player_view_tests.dir/tests/PlayerViewTests.cpp.o
[ 33%] Linking CXX executable judas_reference_frame_tests
[ 33%] Built target judas_reference_frame_tests
[ 33%] Building CXX object CMakeFiles/judas_interactable_tests.dir/src/RigidBodyGravity.cpp.o
[ 33%] Building CXX object CMakeFiles/judas_object_manipulation_tests.dir/tests/ObjectManipulationTests.cpp.o
[ 33%] Building CXX object CMakeFiles/judas_object_manipulation_tests.dir/src/ObjectManipulation.cpp.o
[ 33%] Building CXX object CMakeFiles/judas_player_view_tests.dir/src/PlayerView.cpp.o
[ 33%] Building CXX object CMakeFiles/judas_interactable_tests.dir/src/Contacts.cpp.o
[ 33%] Building CXX object CMakeFiles/judas_player_view_tests.dir/src/LightTransforms.cpp.o
[ 34%] Building CXX object CMakeFiles/judas_object_manipulation_tests.dir/src/InteractionSystem.cpp.o
[ 34%] Building CXX object CMakeFiles/judas_player_curved_locomotion_tests.dir/tests/PlayerCurvedLocomotionTests.cpp.o
[ 34%] Linking CXX executable judas_player_view_tests
[ 34%] Built target judas_player_view_tests
[ 34%] Building CXX object CMakeFiles/judas_world_coordinates_tests.dir/tests/WorldCoordinatesTests.cpp.o
[ 34%] Building CXX object CMakeFiles/judas_object_manipulation_tests.dir/src/DynamicBody.cpp.o
[ 34%] Building CXX object CMakeFiles/judas_object_manipulation_tests.dir/src/ImpactSolver.cpp.o
[ 34%] Building CXX object CMakeFiles/judas_object_manipulation_tests.dir/src/RigidBody.cpp.o
[ 34%] Building CXX object CMakeFiles/judas_player_curved_locomotion_tests.dir/src/PlayerController.cpp.o
[ 35%] Building CXX object CMakeFiles/judas_world_coordinates_tests.dir/src/CelestialGravity.cpp.o
[ 35%] Building CXX object CMakeFiles/judas_object_manipulation_tests.dir/src/RigidBodyGravity.cpp.o
[ 35%] Building CXX object CMakeFiles/judas_world_coordinates_tests.dir/src/DynamicBody.cpp.o
[ 35%] Building CXX object CMakeFiles/judas_object_manipulation_tests.dir/src/Contacts.cpp.o
[ 35%] Building CXX object CMakeFiles/judas_world_coordinates_tests.dir/src/FlyingPrimitiveControl.cpp.o
[ 36%] Building CXX object CMakeFiles/judas_interactable_tests.dir/src/ContactSolver.cpp.o
[ 37%] Building CXX object CMakeFiles/judas_player_curved_locomotion_tests.dir/src/PlayerView.cpp.o
[ 37%] Building CXX object CMakeFiles/judas_player_curved_locomotion_tests.dir/src/LightTransforms.cpp.o
[ 37%] Building CXX object CMakeFiles/judas_world_coordinates_tests.dir/src/InteractionSystem.cpp.o
[ 37%] Building CXX object CMakeFiles/judas_interactable_tests.dir/src/RadialTerrain.cpp.o
[ 37%] Building CXX object CMakeFiles/judas_player_curved_locomotion_tests.dir/src/PilotControl.cpp.o
[ 37%] Building CXX object CMakeFiles/judas_world_coordinates_tests.dir/src/ObjectManipulation.cpp.o
[ 37%] Building CXX object CMakeFiles/judas_player_curved_locomotion_tests.dir/src/PilotAttachment.cpp.o
[ 37%] Building CXX object CMakeFiles/judas_interactable_tests.dir/src/Broadphase.cpp.o
[ 37%] Building CXX object CMakeFiles/judas_player_curved_locomotion_tests.dir/src/FlyingPrimitiveControl.cpp.o
[ 37%] Building CXX object CMakeFiles/judas_world_coordinates_tests.dir/src/PlayerController.cpp.o
[ 37%] Building CXX object CMakeFiles/judas_interactable_tests.dir/src/Narrowphase.cpp.o
[ 38%] Building CXX object CMakeFiles/judas_object_manipulation_tests.dir/src/ContactSolver.cpp.o
[ 38%] Building CXX object CMakeFiles/judas_player_curved_locomotion_tests.dir/src/Window.cpp.o
[ 39%] Building CXX object CMakeFiles/judas_world_coordinates_tests.dir/src/PlayerView.cpp.o
[ 39%] Building CXX object CMakeFiles/judas_world_coordinates_tests.dir/src/LightTransforms.cpp.o
[ 39%] Building CXX object CMakeFiles/judas_object_manipulation_tests.dir/src/RadialTerrain.cpp.o
[ 39%] Building CXX object CMakeFiles/judas_world_coordinates_tests.dir/src/ReferenceFrame.cpp.o
[ 39%] Building CXX object CMakeFiles/judas_world_coordinates_tests.dir/src/ShadowTransforms.cpp.o
[ 40%] Building CXX object CMakeFiles/judas_player_curved_locomotion_tests.dir/src/InputSystem.cpp.o
[ 40%] Building CXX object CMakeFiles/judas_object_manipulation_tests.dir/src/Broadphase.cpp.o
[ 40%] Building CXX object CMakeFiles/judas_world_coordinates_tests.dir/src/Window.cpp.o
[ 40%] Building CXX object CMakeFiles/judas_object_manipulation_tests.dir/src/Narrowphase.cpp.o
[ 40%] Building CXX object CMakeFiles/judas_world_coordinates_tests.dir/src/InputSystem.cpp.o
[ 40%] Building CXX object CMakeFiles/judas_player_curved_locomotion_tests.dir/src/StepClimb.cpp.o
[ 40%] Building CXX object CMakeFiles/judas_interactable_tests.dir/src/PhysicsWorld.cpp.o
[ 40%] Building CXX object CMakeFiles/judas_player_curved_locomotion_tests.dir/src/PhysicsWorld.cpp.o
[ 41%] Building CXX object CMakeFiles/judas_world_coordinates_tests.dir/src/StepClimb.cpp.o
[ 41%] Building CXX object CMakeFiles/judas_world_coordinates_tests.dir/src/PhysicsWorld.cpp.o
[ 41%] Building CXX object CMakeFiles/judas_object_manipulation_tests.dir/src/FaithfulGravity.cpp.o
[ 41%] Building CXX object CMakeFiles/judas_object_manipulation_tests.dir/src/RadicalGravity.cpp.o
[ 42%] Building CXX object CMakeFiles/judas_object_manipulation_tests.dir/src/SphericalVolume.cpp.o
[ 42%] Building CXX object CMakeFiles/judas_object_manipulation_tests.dir/src/BoxVolume.cpp.o
[ 42%] Building CXX object CMakeFiles/judas_object_manipulation_tests.dir/src/GravityContextMap.cpp.o
[ 42%] Building CXX object CMakeFiles/judas_object_manipulation_tests.dir/src/PhysicsWorld.cpp.o
[ 42%] Linking CXX executable judas_interactable_tests
[ 42%] Built target judas_interactable_tests
[ 42%] Building CXX object CMakeFiles/judas_compound_body_tests.dir/tests/CompoundBodyTests.cpp.o
[ 42%] Building CXX object CMakeFiles/judas_player_curved_locomotion_tests.dir/src/ImpactSolver.cpp.o
[ 42%] Building CXX object CMakeFiles/judas_compound_body_tests.dir/src/ImpactSolver.cpp.o
[ 42%] Building CXX object CMakeFiles/judas_compound_body_tests.dir/src/RigidBody.cpp.o
[ 42%] Building CXX object CMakeFiles/judas_player_curved_locomotion_tests.dir/src/RigidBody.cpp.o
[ 43%] Building CXX object CMakeFiles/judas_player_curved_locomotion_tests.dir/src/RigidBodyGravity.cpp.o
[ 43%] Building CXX object CMakeFiles/judas_compound_body_tests.dir/src/RigidBodyGravity.cpp.o
[ 43%] Building CXX object CMakeFiles/judas_player_curved_locomotion_tests.dir/src/Contacts.cpp.o
[ 43%] Building CXX object CMakeFiles/judas_compound_body_tests.dir/src/Contacts.cpp.o
[ 43%] Building CXX object CMakeFiles/judas_world_coordinates_tests.dir/src/ImpactSolver.cpp.o
[ 43%] Building CXX object CMakeFiles/judas_world_coordinates_tests.dir/src/RigidBody.cpp.o
[ 43%] Building CXX object CMakeFiles/judas_world_coordinates_tests.dir/src/RigidBodyGravity.cpp.o
[ 43%] Building CXX object CMakeFiles/judas_world_coordinates_tests.dir/src/Contacts.cpp.o
[ 43%] Linking CXX executable judas_object_manipulation_tests
[ 43%] Built target judas_object_manipulation_tests
[ 43%] Building CXX object CMakeFiles/judas_fluid_world_tests.dir/tests/FluidWorldTests.cpp.o
[ 43%] Building CXX object CMakeFiles/judas_player_curved_locomotion_tests.dir/src/ContactSolver.cpp.o
[ 44%] Building CXX object CMakeFiles/judas_compound_body_tests.dir/src/ContactSolver.cpp.o
[ 44%] Building CXX object CMakeFiles/judas_fluid_world_tests.dir/src/FluidWorld.cpp.o
[ 44%] Building CXX object CMakeFiles/judas_compound_body_tests.dir/src/RadialTerrain.cpp.o
[ 44%] Building CXX object CMakeFiles/judas_player_curved_locomotion_tests.dir/src/RadialTerrain.cpp.o
[ 44%] Building CXX object CMakeFiles/judas_player_curved_locomotion_tests.dir/src/Broadphase.cpp.o
[ 44%] Building CXX object CMakeFiles/judas_compound_body_tests.dir/src/Broadphase.cpp.o
[ 44%] Building CXX object CMakeFiles/judas_compound_body_tests.dir/src/Narrowphase.cpp.o
[ 44%] Building CXX object CMakeFiles/judas_player_curved_locomotion_tests.dir/src/Narrowphase.cpp.o
[ 45%] Building CXX object CMakeFiles/judas_world_coordinates_tests.dir/src/ContactSolver.cpp.o
[ 45%] Building CXX object CMakeFiles/judas_world_coordinates_tests.dir/src/RadialTerrain.cpp.o
[ 45%] Building CXX object CMakeFiles/judas_fluid_world_tests.dir/src/ImpactSolver.cpp.o
[ 45%] Building CXX object CMakeFiles/judas_world_coordinates_tests.dir/src/Broadphase.cpp.o
[ 45%] Building CXX object CMakeFiles/judas_fluid_world_tests.dir/src/RigidBody.cpp.o
[ 45%] Building CXX object CMakeFiles/judas_world_coordinates_tests.dir/src/Narrowphase.cpp.o
[ 45%] Building CXX object CMakeFiles/judas_fluid_world_tests.dir/src/RigidBodyGravity.cpp.o
[ 46%] Building CXX object CMakeFiles/judas_fluid_world_tests.dir/src/Contacts.cpp.o
[ 47%] Building CXX object CMakeFiles/judas_player_curved_locomotion_tests.dir/src/RadicalGravity.cpp.o
[ 47%] Linking CXX executable judas_player_curved_locomotion_tests
[ 47%] Built target judas_player_curved_locomotion_tests
[ 47%] Building CXX object CMakeFiles/judas_fluid_rigid_coupling_tests.dir/tests/FluidRigidCouplingTests.cpp.o
[ 47%] Building CXX object CMakeFiles/judas_compound_body_tests.dir/src/PhysicsWorld.cpp.o
[ 48%] Building CXX object CMakeFiles/judas_fluid_rigid_coupling_tests.dir/src/FluidWorld.cpp.o
[ 48%] Building CXX object CMakeFiles/judas_fluid_world_tests.dir/src/ContactSolver.cpp.o
[ 48%] Building CXX object CMakeFiles/judas_world_coordinates_tests.dir/src/FaithfulGravity.cpp.o
[ 48%] Building CXX object CMakeFiles/judas_world_coordinates_tests.dir/src/RadicalGravity.cpp.o
[ 49%] Building CXX object CMakeFiles/judas_world_coordinates_tests.dir/src/SphericalVolume.cpp.o
[ 49%] Building CXX object CMakeFiles/judas_world_coordinates_tests.dir/src/BoxVolume.cpp.o
[ 49%] Building CXX object CMakeFiles/judas_fluid_world_tests.dir/src/RadialTerrain.cpp.o
[ 49%] Building CXX object CMakeFiles/judas_world_coordinates_tests.dir/src/GravityContextMap.cpp.o
[ 49%] Linking CXX executable judas_world_coordinates_tests
[ 49%] Built target judas_world_coordinates_tests
[ 49%] Building CXX object CMakeFiles/judas_fluid_surface_tests.dir/tests/FluidSurfaceTests.cpp.o
[ 49%] Building CXX object CMakeFiles/judas_fluid_world_tests.dir/src/Broadphase.cpp.o
[ 49%] Building CXX object CMakeFiles/judas_fluid_rigid_coupling_tests.dir/src/ObjectManipulation.cpp.o
[ 49%] Building CXX object CMakeFiles/judas_fluid_surface_tests.dir/src/FluidSurface.cpp.o
[ 49%] Building CXX object CMakeFiles/judas_fluid_world_tests.dir/src/Narrowphase.cpp.o
[ 49%] Building CXX object CMakeFiles/judas_fluid_rigid_coupling_tests.dir/src/DynamicBody.cpp.o
[ 50%] Linking CXX executable judas_fluid_surface_tests
[ 50%] Built target judas_fluid_surface_tests
[ 50%] Building CXX object CMakeFiles/judas_fluid_world_tests.dir/src/FaithfulGravity.cpp.o
[ 51%] Building CXX object CMakeFiles/judas_fluid_world_tests.dir/src/RadicalGravity.cpp.o
[ 51%] Building CXX object CMakeFiles/judas_fluid_rigid_coupling_tests.dir/src/ImpactSolver.cpp.o
[ 51%] Building CXX object CMakeFiles/judas_fluid_world_tests.dir/src/SphericalVolume.cpp.o
[ 51%] Building CXX object CMakeFiles/judas_fluid_world_tests.dir/src/BoxVolume.cpp.o
[ 51%] Building CXX object CMakeFiles/judas_fluid_rigid_coupling_tests.dir/src/RigidBody.cpp.o
[ 51%] Building CXX object CMakeFiles/judas_fluid_world_tests.dir/src/GravityContextMap.cpp.o
[ 51%] Building CXX object CMakeFiles/judas_fluid_rigid_coupling_tests.dir/src/RigidBodyGravity.cpp.o
[ 51%] Building CXX object CMakeFiles/judas_terrain_physics_tests.dir/tests/TerrainPhysicsTests.cpp.o
[ 52%] Building CXX object CMakeFiles/judas_fluid_rigid_coupling_tests.dir/src/Contacts.cpp.o
[ 52%] Linking CXX executable judas_compound_body_tests
[ 52%] Built target judas_compound_body_tests
[ 52%] Building CXX object CMakeFiles/judas_terrain_fluid_tests.dir/tests/TerrainFluidTests.cpp.o
[ 52%] Building CXX object CMakeFiles/judas_terrain_physics_tests.dir/src/TerrainDemo.cpp.o
[ 52%] Building CXX object CMakeFiles/judas_terrain_physics_tests.dir/src/PlayerController.cpp.o
[ 52%] Building CXX object CMakeFiles/judas_fluid_world_tests.dir/src/PhysicsWorld.cpp.o
[ 52%] Building CXX object CMakeFiles/judas_terrain_fluid_tests.dir/src/TerrainDemo.cpp.o
[ 52%] Building CXX object CMakeFiles/judas_terrain_fluid_tests.dir/src/FluidWorld.cpp.o
[ 52%] Building CXX object CMakeFiles/judas_fluid_rigid_coupling_tests.dir/src/ContactSolver.cpp.o
[ 52%] Building CXX object CMakeFiles/judas_terrain_physics_tests.dir/src/PlayerView.cpp.o
[ 53%] Building CXX object CMakeFiles/judas_terrain_physics_tests.dir/src/LightTransforms.cpp.o
[ 53%] Building CXX object CMakeFiles/judas_fluid_rigid_coupling_tests.dir/src/RadialTerrain.cpp.o
[ 53%] Building CXX object CMakeFiles/judas_terrain_physics_tests.dir/src/StepClimb.cpp.o
[ 53%] Building CXX object CMakeFiles/judas_terrain_physics_tests.dir/src/Window.cpp.o
[ 53%] Building CXX object CMakeFiles/judas_fluid_rigid_coupling_tests.dir/src/Broadphase.cpp.o
[ 53%] Building CXX object CMakeFiles/judas_fluid_rigid_coupling_tests.dir/src/Narrowphase.cpp.o
[ 53%] Building CXX object CMakeFiles/judas_terrain_physics_tests.dir/src/InputSystem.cpp.o
[ 53%] Building CXX object CMakeFiles/judas_terrain_fluid_tests.dir/src/ImpactSolver.cpp.o
[ 53%] Building CXX object CMakeFiles/judas_terrain_fluid_tests.dir/src/RigidBody.cpp.o
[ 54%] Building CXX object CMakeFiles/judas_terrain_fluid_tests.dir/src/RigidBodyGravity.cpp.o
[ 54%] Building CXX object CMakeFiles/judas_terrain_physics_tests.dir/src/ImpactSolver.cpp.o
[ 54%] Building CXX object CMakeFiles/judas_terrain_fluid_tests.dir/src/Contacts.cpp.o
[ 54%] Building CXX object CMakeFiles/judas_terrain_physics_tests.dir/src/RigidBody.cpp.o
[ 55%] Building CXX object CMakeFiles/judas_terrain_physics_tests.dir/src/RigidBodyGravity.cpp.o
[ 55%] Building CXX object CMakeFiles/judas_terrain_physics_tests.dir/src/Contacts.cpp.o
[ 55%] Building CXX object CMakeFiles/judas_fluid_rigid_coupling_tests.dir/src/PhysicsWorld.cpp.o
[ 55%] Linking CXX executable judas_fluid_world_tests
[ 55%] Built target judas_fluid_world_tests
[ 55%] Building CXX object CMakeFiles/judas_terrain_physics_tests.dir/src/ContactSolver.cpp.o
[ 55%] Building CXX object CMakeFiles/judas_terrain_fluid_tests.dir/src/ContactSolver.cpp.o
[ 55%] Building CXX object CMakeFiles/judas_terrain_physics_tests.dir/src/RadialTerrain.cpp.o
[ 55%] Building CXX object CMakeFiles/judas_terrain_fluid_tests.dir/src/RadialTerrain.cpp.o
[ 55%] Building CXX object CMakeFiles/judas_terrain_physics_tests.dir/src/Broadphase.cpp.o
[ 55%] Building CXX object CMakeFiles/judas_terrain_physics_tests.dir/src/Narrowphase.cpp.o
[ 55%] Building CXX object CMakeFiles/judas_terrain_fluid_tests.dir/src/Broadphase.cpp.o
[ 55%] Building CXX object CMakeFiles/judas_terrain_fluid_tests.dir/src/Narrowphase.cpp.o
[ 55%] Building CXX object CMakeFiles/judas_atmosphere_tests.dir/tests/AtmosphereTests.cpp.o
[ 55%] Building CXX object CMakeFiles/judas_atmosphere_tests.dir/src/AtmosphereField.cpp.o
[ 55%] Building CXX object CMakeFiles/judas_atmosphere_tests.dir/src/ReferenceFrame.cpp.o
[ 55%] Building CXX object CMakeFiles/judas_atmosphere_tests.dir/src/TerrainDemo.cpp.o
[ 55%] Building CXX object CMakeFiles/judas_atmosphere_tests.dir/src/RadialTerrain.cpp.o
[ 56%] Linking CXX executable judas_atmosphere_tests
[ 56%] Built target judas_atmosphere_tests
[ 57%] Building CXX object CMakeFiles/judas_terrain_fluid_tests.dir/src/FaithfulGravity.cpp.o
[ 57%] Building CXX object CMakeFiles/judas_atmospheric_flight_tests.dir/tests/AtmosphericFlightTests.cpp.o
[ 58%] Building CXX object CMakeFiles/judas_terrain_physics_tests.dir/src/PhysicsWorld.cpp.o
[ 58%] Building CXX object CMakeFiles/judas_terrain_fluid_tests.dir/src/RadicalGravity.cpp.o
[ 58%] Building CXX object CMakeFiles/judas_terrain_fluid_tests.dir/src/SphericalVolume.cpp.o
[ 59%] Linking CXX executable judas_fluid_rigid_coupling_tests
[ 59%] Built target judas_fluid_rigid_coupling_tests
[ 59%] Building CXX object CMakeFiles/judas_combustion_tests.dir/tests/CombustionTests.cpp.o
[ 59%] Building CXX object CMakeFiles/judas_terrain_fluid_tests.dir/src/BoxVolume.cpp.o
[ 59%] Building CXX object CMakeFiles/judas_terrain_fluid_tests.dir/src/GravityContextMap.cpp.o
[ 59%] Building CXX object CMakeFiles/judas_atmospheric_flight_tests.dir/src/AtmosphereField.cpp.o
[ 60%] Building CXX object CMakeFiles/judas_terrain_fluid_tests.dir/src/PhysicsWorld.cpp.o
[ 60%] Building CXX object CMakeFiles/judas_atmospheric_flight_tests.dir/src/AerodynamicDrag.cpp.o
[ 60%] Building CXX object CMakeFiles/judas_atmospheric_flight_tests.dir/src/ReferenceFrame.cpp.o
[ 60%] Building CXX object CMakeFiles/judas_combustion_tests.dir/src/CombustionWorld.cpp.o
[ 60%] Building CXX object CMakeFiles/judas_atmospheric_flight_tests.dir/src/CelestialGravity.cpp.o
[ 61%] Building CXX object CMakeFiles/judas_atmospheric_flight_tests.dir/src/DynamicBody.cpp.o
[ 61%] Building CXX object CMakeFiles/judas_combustion_tests.dir/src/FirePresentation.cpp.o
[ 61%] Building CXX object CMakeFiles/judas_atmospheric_flight_tests.dir/src/FlyingPrimitiveControl.cpp.o
[ 62%] Building CXX object CMakeFiles/judas_combustion_tests.dir/src/AtmosphereField.cpp.o
[ 62%] Building CXX object CMakeFiles/judas_combustion_tests.dir/src/TerrainDemo.cpp.o
[ 62%] Building CXX object CMakeFiles/judas_atmospheric_flight_tests.dir/src/Window.cpp.o
[ 62%] Building CXX object CMakeFiles/judas_combustion_tests.dir/src/ReferenceFrame.cpp.o
[ 62%] Building CXX object CMakeFiles/judas_combustion_tests.dir/src/CelestialGravity.cpp.o
[ 62%] Building CXX object CMakeFiles/judas_combustion_tests.dir/src/RadicalGravity.cpp.o
[ 62%] Building CXX object CMakeFiles/judas_combustion_tests.dir/src/FlyingPrimitiveControl.cpp.o
[ 62%] Building CXX object CMakeFiles/judas_atmospheric_flight_tests.dir/src/InputSystem.cpp.o
[ 63%] Building CXX object CMakeFiles/judas_combustion_tests.dir/src/Window.cpp.o
[ 63%] Building CXX object CMakeFiles/judas_terrain_physics_tests.dir/src/RadicalGravity.cpp.o
[ 63%] Linking CXX executable judas_terrain_physics_tests
[ 63%] Built target judas_terrain_physics_tests
[ 64%] Building CXX object CMakeFiles/judas_engine.dir/src/AudioData.cpp.o
[ 64%] Building CXX object CMakeFiles/judas_atmospheric_flight_tests.dir/src/ImpactSolver.cpp.o
[ 64%] Building CXX object CMakeFiles/judas_engine.dir/src/AudioSystem.cpp.o
[ 64%] Linking CXX executable judas_terrain_fluid_tests
[ 64%] Built target judas_terrain_fluid_tests
[ 64%] Building CXX object CMakeFiles/judas_engine.dir/src/WorldAudio.cpp.o
[ 64%] Building CXX object CMakeFiles/judas_combustion_tests.dir/src/InputSystem.cpp.o
[ 65%] Building CXX object CMakeFiles/judas_atmospheric_flight_tests.dir/src/RigidBody.cpp.o
[ 65%] Building CXX object CMakeFiles/judas_engine.dir/src/Window.cpp.o
[ 65%] Building CXX object CMakeFiles/judas_atmospheric_flight_tests.dir/src/RigidBodyGravity.cpp.o
[ 65%] Building CXX object CMakeFiles/judas_engine.dir/src/InputSystem.cpp.o
[ 65%] Building CXX object CMakeFiles/judas_atmospheric_flight_tests.dir/src/Contacts.cpp.o
[ 65%] Building CXX object CMakeFiles/judas_engine.dir/src/Renderer.cpp.o
[ 65%] Building CXX object CMakeFiles/judas_combustion_tests.dir/src/ImpactSolver.cpp.o
[ 66%] Building CXX object CMakeFiles/judas_engine.dir/src/PlayerController.cpp.o
[ 66%] Building CXX object CMakeFiles/judas_combustion_tests.dir/src/RigidBody.cpp.o
[ 66%] Building CXX object CMakeFiles/judas_combustion_tests.dir/src/RigidBodyGravity.cpp.o
[ 67%] Building CXX object CMakeFiles/judas_combustion_tests.dir/src/Contacts.cpp.o
[ 67%] Building CXX object CMakeFiles/judas_atmospheric_flight_tests.dir/src/ContactSolver.cpp.o
[ 67%] Building CXX object CMakeFiles/judas_combustion_tests.dir/src/ContactSolver.cpp.o
[ 67%] Building CXX object CMakeFiles/judas_engine.dir/src/PlayerView.cpp.o
[ 67%] Building CXX object CMakeFiles/judas_engine.dir/src/StepClimb.cpp.o
[ 67%] Building CXX object CMakeFiles/judas_engine.dir/src/DynamicBody.cpp.o
[ 67%] Building CXX object CMakeFiles/judas_combustion_tests.dir/src/RadialTerrain.cpp.o
[ 67%] Building CXX object CMakeFiles/judas_atmospheric_flight_tests.dir/src/RadialTerrain.cpp.o
[ 67%] Building CXX object CMakeFiles/judas_engine.dir/src/FlyingPrimitiveControl.cpp.o
[ 67%] Building CXX object CMakeFiles/judas_engine.dir/src/PilotAttachment.cpp.o
[ 67%] Building CXX object CMakeFiles/judas_atmospheric_flight_tests.dir/src/Broadphase.cpp.o
[ 68%] Building CXX object CMakeFiles/judas_engine.dir/src/PilotControl.cpp.o
[ 69%] Building CXX object CMakeFiles/judas_atmospheric_flight_tests.dir/src/Narrowphase.cpp.o
[ 69%] Building CXX object CMakeFiles/judas_combustion_tests.dir/src/Broadphase.cpp.o
[ 69%] Building CXX object CMakeFiles/judas_engine.dir/src/ReferenceFrame.cpp.o
[ 69%] Building CXX object CMakeFiles/judas_atmospheric_flight_tests.dir/src/PhysicsWorld.cpp.o
[ 69%] Building CXX object CMakeFiles/judas_combustion_tests.dir/src/Narrowphase.cpp.o
[ 69%] Building CXX object CMakeFiles/judas_engine.dir/src/ModelLoader.cpp.o
[ 69%] Building CXX object CMakeFiles/judas_combustion_tests.dir/src/PhysicsWorld.cpp.o
[ 69%] Building CXX object CMakeFiles/judas_engine.dir/src/TextureLoader.cpp.o
[ 69%] Linking CXX executable judas_atmospheric_flight_tests
[ 69%] Built target judas_atmospheric_flight_tests
[ 69%] Building CXX object CMakeFiles/judas_engine.dir/src/FontLoader.cpp.o
[ 69%] Building CXX object CMakeFiles/judas_engine.dir/src/UIWidgets.cpp.o
[ 70%] Building CXX object CMakeFiles/judas_engine.dir/src/PauseMenu.cpp.o
[ 70%] Building CXX object CMakeFiles/judas_engine.dir/src/HUD.cpp.o
[ 71%] Linking CXX executable judas_combustion_tests
[ 71%] Built target judas_combustion_tests
[ 71%] Building CXX object CMakeFiles/judas_engine.dir/src/LightTransforms.cpp.o
[ 71%] Building CXX object CMakeFiles/judas_engine.dir/src/LightAttenuation.cpp.o
[ 71%] Building CXX object CMakeFiles/judas_engine.dir/src/ShadowTransforms.cpp.o
[ 71%] Building CXX object CMakeFiles/judas_engine.dir/src/HingeTransform.cpp.o
[ 72%] Building CXX object CMakeFiles/judas_engine.dir/src/InteractionSystem.cpp.o
[ 72%] Building CXX object CMakeFiles/judas_engine.dir/src/ObjectManipulation.cpp.o
[ 72%] Building CXX object CMakeFiles/judas_engine.dir/src/FluidWorld.cpp.o
[ 72%] Building CXX object CMakeFiles/judas_engine.dir/src/ProductionFluidCoupling.cpp.o
[ 72%] Building CXX object CMakeFiles/judas_engine.dir/src/FluidHydrostatics.cpp.o
[ 72%] Building CXX object CMakeFiles/judas_engine.dir/src/FluidSurface.cpp.o
[ 73%] Building CXX object CMakeFiles/judas_engine.dir/src/CombustionWorld.cpp.o
[ 73%] Building CXX object CMakeFiles/judas_engine.dir/src/FirePresentation.cpp.o
[ 73%] Building CXX object CMakeFiles/judas_engine.dir/src/TerrainLibrary.cpp.o
[ 73%] Building CXX object CMakeFiles/judas_engine.dir/src/TerrainDemo.cpp.o
[ 73%] Building CXX object CMakeFiles/judas_engine.dir/src/Door.cpp.o
[ 74%] Building CXX object CMakeFiles/judas_engine.dir/src/LightSwitch.cpp.o
[ 74%] Building CXX object CMakeFiles/judas_engine.dir/src/FaithfulGravity.cpp.o
[ 74%] Building CXX object CMakeFiles/judas_engine.dir/src/RadicalGravity.cpp.o
[ 74%] Building CXX object CMakeFiles/judas_engine.dir/src/SphericalVolume.cpp.o
[ 74%] Building CXX object CMakeFiles/judas_engine.dir/src/BoxVolume.cpp.o
[ 74%] Building CXX object CMakeFiles/judas_engine.dir/src/GravityContextMap.cpp.o
[ 75%] Building CXX object CMakeFiles/judas_engine.dir/src/CelestialGravity.cpp.o
[ 75%] Building CXX object CMakeFiles/judas_engine.dir/src/AtmosphereField.cpp.o
[ 75%] Building CXX object CMakeFiles/judas_engine.dir/src/AerodynamicDrag.cpp.o
[ 75%] Building CXX object CMakeFiles/judas_engine.dir/src/Prefab.cpp.o
[ 75%] Building CXX object CMakeFiles/judas_engine.dir/src/Scene.cpp.o
[ 75%] Building CXX object CMakeFiles/judas_engine.dir/src/SceneSerialization.cpp.o
[ 76%] Building CXX object CMakeFiles/judas_engine.dir/src/SceneFingerprint.cpp.o
[ 76%] Building CXX object CMakeFiles/judas_engine.dir/src/Project.cpp.o
[ 76%] Building CXX object CMakeFiles/judas_engine.dir/src/AssetDatabase.cpp.o
[ 76%] Building CXX object CMakeFiles/judas_engine.dir/src/JobSystem.cpp.o
[ 76%] Building CXX object CMakeFiles/judas_engine.dir/src/AsyncFile.cpp.o
[ 76%] Building CXX object CMakeFiles/judas_engine.dir/src/ResourceManager.cpp.o
[ 77%] Building CXX object CMakeFiles/judas_engine.dir/src/EnginePaths.cpp.o
[ 77%] Building CXX object CMakeFiles/judas_engine.dir/src/DebugDraw.cpp.o
[ 77%] Building CXX object CMakeFiles/judas_engine.dir/src/WorldDebugView.cpp.o
[ 77%] Building CXX object CMakeFiles/judas_engine.dir/src/RuntimeWorld.cpp.o
[ 77%] Building CXX object CMakeFiles/judas_engine.dir/src/GameSession.cpp.o
[ 77%] Building CXX object CMakeFiles/judas_engine.dir/src/Simulation.cpp.o
[ 78%] Building CXX object CMakeFiles/judas_engine.dir/src/WorldPresentation.cpp.o
[ 78%] Building CXX object CMakeFiles/judas_engine.dir/src/GameplayHud.cpp.o
[ 78%] Building CXX object CMakeFiles/judas_engine.dir/src/EngineHost.cpp.o
[ 78%] Building CXX object CMakeFiles/judas_engine.dir/src/InteractivePlay.cpp.o
[ 78%] Building CXX object CMakeFiles/judas_engine.dir/src/ScreenshotWriter.cpp.o
[ 78%] Building CXX object CMakeFiles/judas_engine.dir/src/FidelityPolicy.cpp.o
[ 79%] Building CXX object CMakeFiles/judas_engine.dir/src/CoarseSimulation.cpp.o
[ 79%] Building CXX object CMakeFiles/judas_engine.dir/src/WorldState.cpp.o
[ 79%] Building CXX object CMakeFiles/judas_engine.dir/src/ImpactSolver.cpp.o
[ 79%] Building CXX object CMakeFiles/judas_engine.dir/src/RigidBody.cpp.o
[ 79%] Building CXX object CMakeFiles/judas_engine.dir/src/RigidBodyGravity.cpp.o
[ 80%] Building CXX object CMakeFiles/judas_engine.dir/src/Contacts.cpp.o
[ 80%] Building CXX object CMakeFiles/judas_engine.dir/src/ContactSolver.cpp.o
[ 80%] Building CXX object CMakeFiles/judas_engine.dir/src/RadialTerrain.cpp.o
[ 80%] Building CXX object CMakeFiles/judas_engine.dir/src/Broadphase.cpp.o
[ 80%] Building CXX object CMakeFiles/judas_engine.dir/src/Narrowphase.cpp.o
[ 80%] Building CXX object CMakeFiles/judas_engine.dir/src/PhysicsWorld.cpp.o
[ 81%] Linking CXX static library libjudas_engine.a
[ 81%] Built target judas_engine
[ 81%] Building CXX object CMakeFiles/judas.dir/src/main.cpp.o
[ 81%] Building CXX object CMakeFiles/judas_scene_author.dir/tools/SceneAuthor.cpp.o
[ 81%] Building CXX object CMakeFiles/judas_editor.dir/src/editor/EditorMain.cpp.o
[ 81%] Building CXX object CMakeFiles/judas_resource_stress.dir/tools/ResourceStress.cpp.o
[ 81%] Building CXX object CMakeFiles/judas.dir/src/Application.cpp.o
In file included from /home/conner/Documents/GitHub/Project-Judas/src/editor/EditorApplication.h:10,
                 from /home/conner/Documents/GitHub/Project-Judas/src/editor/EditorMain.cpp:1:
/home/conner/Documents/GitHub/Project-Judas/src/editor/EditorPanels.h:121:5: error: ‘EntityId’ does not name a type
  121 |     EntityId lastPrefabSpawn = 0;
      |     ^~~~~~~~
gmake[2]: *** [CMakeFiles/judas_editor.dir/build.make:79: CMakeFiles/judas_editor.dir/src/editor/EditorMain.cpp.o] Error 1
gmake[1]: *** [CMakeFiles/Makefile2:484: CMakeFiles/judas_editor.dir/all] Error 2
gmake[1]: *** Waiting for unfinished jobs....
[ 81%] Building CXX object CMakeFiles/judas.dir/src/RuntimeOptions.cpp.o
[ 81%] Building CXX object CMakeFiles/judas.dir/src/RuntimeDiagnostics.cpp.o
[ 81%] Building CXX object CMakeFiles/judas.dir/src/TestHarness.cpp.o
[ 81%] Linking CXX executable judas_scene_author
[ 81%] Built target judas_scene_author
[ 81%] Linking CXX executable judas_resource_stress
[ 81%] Built target judas_resource_stress
[ 82%] Linking CXX executable judas
[ 82%] Built target judas
gmake: *** [Makefile:91: all] Error 2
