libEGL warning: Not allowed to force software rendering when API explicitly selects a hardware device.
M31 resource stress: generating 24 sphere meshes (160x160) and 16 1024x1024 textures under /tmp/judas_m31_stress_5686
  137.5 MB of asset files
  7 workers, scene 'Tiny game' playing (3 dynamic bodies)
  async: all 40 assets Ready after 0.68 s; per-asset latency (request->Ready) min 174 ms avg 473 ms max 680 ms; 40 uploads; resident 211.9 MB (peak 211.9 MB)
  cancel: 20 loads cancelled by dropped demand, 10 stale completions discarded, 20 ready, 0 loading
  evict: budget 53.2 MB -> resident 106.4 MB before, 85.3 MB after, 4 evictions; referenced textures survived: yes
  reload: 4 evicted meshes re-requested and Ready again after 0.12 s
  blocking: all 40 assets loaded on the main thread in 1.43 s (one per frame)

Per-phase main-thread measurements (frame = pump + play frame + swap; 60 Hz fixed step):
  baseline (no loads)          frames  120 | frame avg   5.63 ms p99  31.78 ms max  248.10 ms (pump max   0.00 ms) | >33 ms:   1 | fixed steps    35 (expected ~   43, 1 saturated) | queue max  0 avg   0.0 | worker util   0.0% | jobs done 0
  async load (40 assets)       frames   27 | frame avg  23.92 ms p99  90.58 ms max   90.58 ms (pump max  25.85 ms) | >33 ms:   7 | fixed steps    41 (expected ~   41, 0 saturated) | queue max 33 avg  11.6 | worker util  66.1% | jobs done 40
  cancel + release             frames    1 | frame avg   3.39 ms p99   3.39 ms max    3.39 ms (pump max   0.11 ms) | >33 ms:   0 | fixed steps     1 (expected ~    0, 0 saturated) | queue max  3 avg   3.0 | worker util   6.8% | jobs done 0
  evict + reload               frames   17 | frame avg   6.47 ms p99  54.00 ms max   54.00 ms (pump max   3.69 ms) | >33 ms:   2 | fixed steps     7 (expected ~    7, 0 saturated) | queue max  4 avg   0.8 | worker util  49.5% | jobs done 4
  BLOCKING load (40 assets)    frames   40 | frame avg  35.29 ms p99  45.53 ms max   45.53 ms (pump max   0.00 ms) | >33 ms:  24 | fixed steps    87 (expected ~   86, 0 saturated) | queue max  0 avg   0.0 | worker util   0.0% | jobs done 0

Claim under test: expensive resource preparation no longer forces the main thread to wait for the whole operation.
  async  : worst frame   90.58 ms,   7 frames over 33 ms, 0 saturated catch-up frames, wall 0.68 s
  blocking: worst frame   45.53 ms,  24 frames over 33 ms, 0 saturated catch-up frames, wall 1.43 s
  (the work itself is not free: worker busy time during the async phase was 3.16 s across 7 workers)

shutdown clean (resources, workers, renderer, window in that order); temporary project removed
