JS: SKATER start rails=8 autopilot=false
JS: STREAM t=0.00 street-0 - -> preparing entities=0 prepMs=0.00 integMs=0.00 largestUnitMs=0.00 skater=(0.00,3.26,23.50) v=0.0
JS: STREAM t=0.00 street-1 - -> unloaded entities=0 prepMs=0.00 integMs=0.00 largestUnitMs=0.00 skater=(0.00,3.26,23.50) v=0.0
JS: STREAM t=0.00 street-2 - -> unloaded entities=0 prepMs=0.00 integMs=0.00 largestUnitMs=0.00 skater=(0.00,3.26,23.50) v=0.0
JS: STREAM t=0.00 street-3 - -> unloaded entities=0 prepMs=0.00 integMs=0.00 largestUnitMs=0.00 skater=(0.00,3.26,23.50) v=0.0
JS: STREAM t=0.00 street-4 - -> unloaded entities=0 prepMs=0.00 integMs=0.00 largestUnitMs=0.00 skater=(0.00,3.26,23.50) v=0.0
JS: STREAM t=0.00 street-0 preparing -> installing entities=11 prepMs=3.00 integMs=0.01 largestUnitMs=0.00 skater=(0.00,3.24,23.50) v=0.2
JS: STREAM t=0.00 street-0 installing -> active entities=11 prepMs=3.00 integMs=0.45 largestUnitMs=0.06 skater=(0.00,3.23,23.50) v=0.2
JS: RESIDENT [{"id":"street-0","state":"active","pins":[]},{"id":"street-1","state":"unloaded","pins":[]},{"id":"street-2","state":"unloaded","pins":[]},{"id":"street-3","state":"unloaded","pins":[]},{"id":"street-4","state":"unloaded","pins":[]}]
JS: RESIDENT [{"id":"street-0","state":"active","pins":[]},{"id":"street-1","state":"unloaded","pins":[]},{"id":"street-2","state":"unloaded","pins":[]},{"id":"street-3","state":"unloaded","pins":[]},{"id":"street-4","state":"unloaded","pins":[]}]
JS: RESIDENT [{"id":"street-0","state":"active","pins":[]},{"id":"street-1","state":"unloaded","pins":[]},{"id":"street-2","state":"unloaded","pins":[]},{"id":"street-3","state":"unloaded","pins":[]},{"id":"street-4","state":"unloaded","pins":[]}]
JS: RESIDENT [{"id":"street-0","state":"active","pins":[]},{"id":"street-1","state":"unloaded","pins":[]},{"id":"street-2","state":"unloaded","pins":[]},{"id":"street-3","state":"unloaded","pins":[]},{"id":"street-4","state":"unloaded","pins":[]}]
JS: RESIDENT [{"id":"street-0","state":"active","pins":[]},{"id":"street-1","state":"unloaded","pins":[]},{"id":"street-2","state":"unloaded","pins":[]},{"id":"street-3","state":"unloaded","pins":[]},{"id":"street-4","state":"unloaded","pins":[]}]
JS: RESIDENT [{"id":"street-0","state":"active","pins":[]},{"id":"street-1","state":"unloaded","pins":[]},{"id":"street-2","state":"unloaded","pins":[]},{"id":"street-3","state":"unloaded","pins":[]},{"id":"street-4","state":"unloaded","pins":[]}]
Renderer fragment texture units: 32 (material path uses 12)
World state: disk saves disabled for additive compositions
Project: Judas Three Games (/tmp/judas-repair-app-49jssa6k/project/post_m65_consumers.judasproj)
Scene: Judas Skate Park (/tmp/judas-repair-app-49jssa6k/project/Scenes/skate/park.judas)
World origin (m): 0.000, 0.000, 0.000
asset 97c3acdb99c5ffefb002c03ecec7a8ed: Optional extension ignored: KHR_materials_specular
