PASS CPU collision asset published as real static mesh
PASS dynamic hull resource sharing / geometry
PASS normal compound independent rotations/types/keys
PASS doorway opening stays open to ordinary audio/physics ray
PASS doorway material obstructs ordinary audio/physics ray
PASS new process reads M61 storage
PASS normal M61 cold load queued
PASS restored lifecycle defers before script start
PASS cold reload retains stable cooked identity
PASS cold reload exact hull velocity before resumed step
PASS cold process cooked geometry participates in real query
PASS restored dynamic hull continues contacting ordinary floor
PASS mesh is one body, not one body per triangle
PASS normal M56 profiling export
PASS ordinary application clean shutdown
SUMMARY 15 checks 0 failures
Renderer fragment texture units: 32 (material path uses 12)
Project: Collision Geometry Lab (root saves) (/home/conner/Documents/GitHub/Project-Judas/projects/collision_lab/collision_lab_local.judasproj)
Scene: Collision geometry lab (/home/conner/Documents/GitHub/Project-Judas/projects/collision_lab/Scenes/flat.judas)
World origin (m): 0.000, 0.000, 0.000
