libEGL warning: Not allowed to force software rendering when API explicitly selects a hardware device.
Project: Spring Range (/home/conner/Documents/GitHub/Project-Judas/projects/shooter_game/shooter_game.judasproj)
Scene: Spring Range (/home/conner/Documents/GitHub/Project-Judas/projects/shooter_game/Scenes/range.judas)
World origin (m): 0.000, 0.000, 0.000
ALSA lib confmisc.c:855:(parse_card) [error.core] cannot find card '0'
ALSA lib conf.c:5211:(_snd_config_evaluate) [error.core] function snd_func_card_id returned error: No such file or directory
ALSA lib confmisc.c:422:(snd_func_concat) [error.core] error evaluating strings
ALSA lib conf.c:5211:(_snd_config_evaluate) [error.core] function snd_func_concat returned error: No such file or directory
ALSA lib confmisc.c:1342:(snd_func_refer) [error.core] error evaluating name
ALSA lib conf.c:5211:(_snd_config_evaluate) [error.core] function snd_func_refer returned error: No such file or directory
ALSA lib conf.c:5734:(snd_config_expand) [error.core] Evaluate error: No such file or directory
ALSA lib pcm.c:2722:(snd_pcm_open_noupdate) [error.pcm] Unknown PCM dmix
ALSA lib confmisc.c:855:(parse_card) [error.core] cannot find card '0'
ALSA lib conf.c:5211:(_snd_config_evaluate) [error.core] function snd_func_card_id returned error: No such file or directory
ALSA lib confmisc.c:422:(snd_func_concat) [error.core] error evaluating strings
ALSA lib conf.c:5211:(_snd_config_evaluate) [error.core] function snd_func_concat returned error: No such file or directory
ALSA lib confmisc.c:1342:(snd_func_refer) [error.core] error evaluating name
ALSA lib conf.c:5211:(_snd_config_evaluate) [error.core] function snd_func_refer returned error: No such file or directory
ALSA lib conf.c:5734:(snd_config_expand) [error.core] Evaluate error: No such file or directory
ALSA lib pcm.c:2722:(snd_pcm_open_noupdate) [error.pcm] Unknown PCM dmix:0
ALSA lib confmisc.c:855:(parse_card) [error.core] cannot find card '0'
ALSA lib conf.c:5211:(_snd_config_evaluate) [error.core] function snd_func_card_id returned error: No such file or directory
ALSA lib confmisc.c:422:(snd_func_concat) [error.core] error evaluating strings
ALSA lib conf.c:5211:(_snd_config_evaluate) [error.core] function snd_func_concat returned error: No such file or directory
ALSA lib confmisc.c:1342:(snd_func_refer) [error.core] error evaluating name
ALSA lib conf.c:5211:(_snd_config_evaluate) [error.core] function snd_func_refer returned error: No such file or directory
ALSA lib conf.c:5734:(snd_config_expand) [error.core] Evaluate error: No such file or directory
ALSA lib pcm.c:2722:(snd_pcm_open_noupdate) [error.pcm] Unknown PCM dmix:0,0
ALSA lib confmisc.c:165:(snd_config_get_card) [error.core] Cannot get card index for 0
ALSA lib confmisc.c:165:(snd_config_get_card) [error.core] Cannot get card index for 0
ALSA lib confmisc.c:165:(snd_config_get_card) [error.core] Cannot get card index for 0
Cannot connect to server socket err = Operation not permitted
Cannot connect to server request channel
jack server is not running or cannot be started
JackShmReadWritePtr::~JackShmReadWritePtr - Init not done for -1, skipping unlock
JackShmReadWritePtr::~JackShmReadWritePtr - Init not done for -1, skipping unlock
libEGL warning: Not allowed to force software rendering when API explicitly selects a hardware device.
Project: Spring Range (/home/conner/Documents/GitHub/Project-Judas/projects/shooter_game/shooter_game.judasproj)
Scene: Spring Range (/home/conner/Documents/GitHub/Project-Judas/projects/shooter_game/Scenes/range.judas)
World origin (m): 0.000, 0.000, 0.000
ALSA lib confmisc.c:855:(parse_card) [error.core] cannot find card '0'
ALSA lib conf.c:5211:(_snd_config_evaluate) [error.core] function snd_func_card_id returned error: No such file or directory
ALSA lib confmisc.c:422:(snd_func_concat) [error.core] error evaluating strings
ALSA lib conf.c:5211:(_snd_config_evaluate) [error.core] function snd_func_concat returned error: No such file or directory
ALSA lib confmisc.c:1342:(snd_func_refer) [error.core] error evaluating name
ALSA lib conf.c:5211:(_snd_config_evaluate) [error.core] function snd_func_refer returned error: No such file or directory
ALSA lib conf.c:5734:(snd_config_expand) [error.core] Evaluate error: No such file or directory
ALSA lib pcm.c:2722:(snd_pcm_open_noupdate) [error.pcm] Unknown PCM dmix
ALSA lib confmisc.c:855:(parse_card) [error.core] cannot find card '0'
ALSA lib conf.c:5211:(_snd_config_evaluate) [error.core] function snd_func_card_id returned error: No such file or directory
ALSA lib confmisc.c:422:(snd_func_concat) [error.core] error evaluating strings
ALSA lib conf.c:5211:(_snd_config_evaluate) [error.core] function snd_func_concat returned error: No such file or directory
ALSA lib confmisc.c:1342:(snd_func_refer) [error.core] error evaluating name
ALSA lib conf.c:5211:(_snd_config_evaluate) [error.core] function snd_func_refer returned error: No such file or directory
ALSA lib conf.c:5734:(snd_config_expand) [error.core] Evaluate error: No such file or directory
ALSA lib pcm.c:2722:(snd_pcm_open_noupdate) [error.pcm] Unknown PCM dmix:0
ALSA lib confmisc.c:855:(parse_card) [error.core] cannot find card '0'
ALSA lib conf.c:5211:(_snd_config_evaluate) [error.core] function snd_func_card_id returned error: No such file or directory
ALSA lib confmisc.c:422:(snd_func_concat) [error.core] error evaluating strings
ALSA lib conf.c:5211:(_snd_config_evaluate) [error.core] function snd_func_concat returned error: No such file or directory
ALSA lib confmisc.c:1342:(snd_func_refer) [error.core] error evaluating name
ALSA lib conf.c:5211:(_snd_config_evaluate) [error.core] function snd_func_refer returned error: No such file or directory
ALSA lib conf.c:5734:(snd_config_expand) [error.core] Evaluate error: No such file or directory
ALSA lib pcm.c:2722:(snd_pcm_open_noupdate) [error.pcm] Unknown PCM dmix:0,0
ALSA lib confmisc.c:165:(snd_config_get_card) [error.core] Cannot get card index for 0
ALSA lib confmisc.c:165:(snd_config_get_card) [error.core] Cannot get card index for 0
ALSA lib confmisc.c:165:(snd_config_get_card) [error.core] Cannot get card index for 0
Cannot connect to server socket err = Operation not permitted
Cannot connect to server request channel
jack server is not running or cannot be started
JackShmReadWritePtr::~JackShmReadWritePtr - Init not done for -1, skipping unlock
JackShmReadWritePtr::~JackShmReadWritePtr - Init not done for -1, skipping unlock
libEGL warning: Not allowed to force software rendering when API explicitly selects a hardware device.
Project: Spring Range (/home/conner/Documents/GitHub/Project-Judas/projects/shooter_game/shooter_game.judasproj)
Scene: Spring Range (/home/conner/Documents/GitHub/Project-Judas/projects/shooter_game/Scenes/range.judas)
World origin (m): 0.000, 0.000, 0.000
ALSA lib confmisc.c:855:(parse_card) [error.core] cannot find card '0'
ALSA lib conf.c:5211:(_snd_config_evaluate) [error.core] function snd_func_card_id returned error: No such file or directory
ALSA lib confmisc.c:422:(snd_func_concat) [error.core] error evaluating strings
ALSA lib conf.c:5211:(_snd_config_evaluate) [error.core] function snd_func_concat returned error: No such file or directory
ALSA lib confmisc.c:1342:(snd_func_refer) [error.core] error evaluating name
ALSA lib conf.c:5211:(_snd_config_evaluate) [error.core] function snd_func_refer returned error: No such file or directory
ALSA lib conf.c:5734:(snd_config_expand) [error.core] Evaluate error: No such file or directory
ALSA lib pcm.c:2722:(snd_pcm_open_noupdate) [error.pcm] Unknown PCM dmix
ALSA lib confmisc.c:855:(parse_card) [error.core] cannot find card '0'
ALSA lib conf.c:5211:(_snd_config_evaluate) [error.core] function snd_func_card_id returned error: No such file or directory
ALSA lib confmisc.c:422:(snd_func_concat) [error.core] error evaluating strings
ALSA lib conf.c:5211:(_snd_config_evaluate) [error.core] function snd_func_concat returned error: No such file or directory
ALSA lib confmisc.c:1342:(snd_func_refer) [error.core] error evaluating name
ALSA lib conf.c:5211:(_snd_config_evaluate) [error.core] function snd_func_refer returned error: No such file or directory
ALSA lib conf.c:5734:(snd_config_expand) [error.core] Evaluate error: No such file or directory
ALSA lib pcm.c:2722:(snd_pcm_open_noupdate) [error.pcm] Unknown PCM dmix:0
ALSA lib confmisc.c:855:(parse_card) [error.core] cannot find card '0'
ALSA lib conf.c:5211:(_snd_config_evaluate) [error.core] function snd_func_card_id returned error: No such file or directory
ALSA lib confmisc.c:422:(snd_func_concat) [error.core] error evaluating strings
ALSA lib conf.c:5211:(_snd_config_evaluate) [error.core] function snd_func_concat returned error: No such file or directory
ALSA lib confmisc.c:1342:(snd_func_refer) [error.core] error evaluating name
ALSA lib conf.c:5211:(_snd_config_evaluate) [error.core] function snd_func_refer returned error: No such file or directory
ALSA lib conf.c:5734:(snd_config_expand) [error.core] Evaluate error: No such file or directory
ALSA lib pcm.c:2722:(snd_pcm_open_noupdate) [error.pcm] Unknown PCM dmix:0,0
ALSA lib confmisc.c:165:(snd_config_get_card) [error.core] Cannot get card index for 0
ALSA lib confmisc.c:165:(snd_config_get_card) [error.core] Cannot get card index for 0
ALSA lib confmisc.c:165:(snd_config_get_card) [error.core] Cannot get card index for 0
Cannot connect to server socket err = Operation not permitted
Cannot connect to server request channel
jack server is not running or cannot be started
JackShmReadWritePtr::~JackShmReadWritePtr - Init not done for -1, skipping unlock
JackShmReadWritePtr::~JackShmReadWritePtr - Init not done for -1, skipping unlock
libEGL warning: Not allowed to force software rendering when API explicitly selects a hardware device.
Project: Spring Range (/home/conner/Documents/GitHub/Project-Judas/projects/shooter_game/shooter_game.judasproj)
Scene: Spring Range (/home/conner/Documents/GitHub/Project-Judas/projects/shooter_game/Scenes/range.judas)
World origin (m): 0.000, 0.000, 0.000
ALSA lib confmisc.c:855:(parse_card) [error.core] cannot find card '0'
ALSA lib conf.c:5211:(_snd_config_evaluate) [error.core] function snd_func_card_id returned error: No such file or directory
ALSA lib confmisc.c:422:(snd_func_concat) [error.core] error evaluating strings
ALSA lib conf.c:5211:(_snd_config_evaluate) [error.core] function snd_func_concat returned error: No such file or directory
ALSA lib confmisc.c:1342:(snd_func_refer) [error.core] error evaluating name
ALSA lib conf.c:5211:(_snd_config_evaluate) [error.core] function snd_func_refer returned error: No such file or directory
ALSA lib conf.c:5734:(snd_config_expand) [error.core] Evaluate error: No such file or directory
ALSA lib pcm.c:2722:(snd_pcm_open_noupdate) [error.pcm] Unknown PCM dmix
ALSA lib confmisc.c:855:(parse_card) [error.core] cannot find card '0'
ALSA lib conf.c:5211:(_snd_config_evaluate) [error.core] function snd_func_card_id returned error: No such file or directory
ALSA lib confmisc.c:422:(snd_func_concat) [error.core] error evaluating strings
ALSA lib conf.c:5211:(_snd_config_evaluate) [error.core] function snd_func_concat returned error: No such file or directory
ALSA lib confmisc.c:1342:(snd_func_refer) [error.core] error evaluating name
ALSA lib conf.c:5211:(_snd_config_evaluate) [error.core] function snd_func_refer returned error: No such file or directory
ALSA lib conf.c:5734:(snd_config_expand) [error.core] Evaluate error: No such file or directory
ALSA lib pcm.c:2722:(snd_pcm_open_noupdate) [error.pcm] Unknown PCM dmix:0
ALSA lib confmisc.c:855:(parse_card) [error.core] cannot find card '0'
ALSA lib conf.c:5211:(_snd_config_evaluate) [error.core] function snd_func_card_id returned error: No such file or directory
ALSA lib confmisc.c:422:(snd_func_concat) [error.core] error evaluating strings
ALSA lib conf.c:5211:(_snd_config_evaluate) [error.core] function snd_func_concat returned error: No such file or directory
ALSA lib confmisc.c:1342:(snd_func_refer) [error.core] error evaluating name
ALSA lib conf.c:5211:(_snd_config_evaluate) [error.core] function snd_func_refer returned error: No such file or directory
ALSA lib conf.c:5734:(snd_config_expand) [error.core] Evaluate error: No such file or directory
ALSA lib pcm.c:2722:(snd_pcm_open_noupdate) [error.pcm] Unknown PCM dmix:0,0
ALSA lib confmisc.c:165:(snd_config_get_card) [error.core] Cannot get card index for 0
ALSA lib confmisc.c:165:(snd_config_get_card) [error.core] Cannot get card index for 0
ALSA lib confmisc.c:165:(snd_config_get_card) [error.core] Cannot get card index for 0
Cannot connect to server socket err = Operation not permitted
Cannot connect to server request channel
jack server is not running or cannot be started
JackShmReadWritePtr::~JackShmReadWritePtr - Init not done for -1, skipping unlock
JackShmReadWritePtr::~JackShmReadWritePtr - Init not done for -1, skipping unlock
libEGL warning: Not allowed to force software rendering when API explicitly selects a hardware device.
Project: Spring Range (/home/conner/Documents/GitHub/Project-Judas/projects/shooter_game/shooter_game.judasproj)
Scene: Spring Range (/home/conner/Documents/GitHub/Project-Judas/projects/shooter_game/Scenes/range.judas)
World origin (m): 0.000, 0.000, 0.000
ALSA lib confmisc.c:855:(parse_card) [error.core] cannot find card '0'
ALSA lib conf.c:5211:(_snd_config_evaluate) [error.core] function snd_func_card_id returned error: No such file or directory
ALSA lib confmisc.c:422:(snd_func_concat) [error.core] error evaluating strings
ALSA lib conf.c:5211:(_snd_config_evaluate) [error.core] function snd_func_concat returned error: No such file or directory
ALSA lib confmisc.c:1342:(snd_func_refer) [error.core] error evaluating name
ALSA lib conf.c:5211:(_snd_config_evaluate) [error.core] function snd_func_refer returned error: No such file or directory
ALSA lib conf.c:5734:(snd_config_expand) [error.core] Evaluate error: No such file or directory
ALSA lib pcm.c:2722:(snd_pcm_open_noupdate) [error.pcm] Unknown PCM dmix
ALSA lib confmisc.c:855:(parse_card) [error.core] cannot find card '0'
ALSA lib conf.c:5211:(_snd_config_evaluate) [error.core] function snd_func_card_id returned error: No such file or directory
ALSA lib confmisc.c:422:(snd_func_concat) [error.core] error evaluating strings
ALSA lib conf.c:5211:(_snd_config_evaluate) [error.core] function snd_func_concat returned error: No such file or directory
ALSA lib confmisc.c:1342:(snd_func_refer) [error.core] error evaluating name
ALSA lib conf.c:5211:(_snd_config_evaluate) [error.core] function snd_func_refer returned error: No such file or directory
ALSA lib conf.c:5734:(snd_config_expand) [error.core] Evaluate error: No such file or directory
ALSA lib pcm.c:2722:(snd_pcm_open_noupdate) [error.pcm] Unknown PCM dmix:0
ALSA lib confmisc.c:855:(parse_card) [error.core] cannot find card '0'
ALSA lib conf.c:5211:(_snd_config_evaluate) [error.core] function snd_func_card_id returned error: No such file or directory
ALSA lib confmisc.c:422:(snd_func_concat) [error.core] error evaluating strings
ALSA lib conf.c:5211:(_snd_config_evaluate) [error.core] function snd_func_concat returned error: No such file or directory
ALSA lib confmisc.c:1342:(snd_func_refer) [error.core] error evaluating name
ALSA lib conf.c:5211:(_snd_config_evaluate) [error.core] function snd_func_refer returned error: No such file or directory
ALSA lib conf.c:5734:(snd_config_expand) [error.core] Evaluate error: No such file or directory
ALSA lib pcm.c:2722:(snd_pcm_open_noupdate) [error.pcm] Unknown PCM dmix:0,0
ALSA lib confmisc.c:165:(snd_config_get_card) [error.core] Cannot get card index for 0
ALSA lib confmisc.c:165:(snd_config_get_card) [error.core] Cannot get card index for 0
ALSA lib confmisc.c:165:(snd_config_get_card) [error.core] Cannot get card index for 0
Cannot connect to server socket err = Operation not permitted
Cannot connect to server request channel
jack server is not running or cannot be started
JackShmReadWritePtr::~JackShmReadWritePtr - Init not done for -1, skipping unlock
JackShmReadWritePtr::~JackShmReadWritePtr - Init not done for -1, skipping unlock
libEGL warning: Not allowed to force software rendering when API explicitly selects a hardware device.
Project: Spring Range (/home/conner/Documents/GitHub/Project-Judas/projects/shooter_game/shooter_game.judasproj)
Scene: Spring Range (/home/conner/Documents/GitHub/Project-Judas/projects/shooter_game/Scenes/range.judas)
World origin (m): 0.000, 0.000, 0.000
ALSA lib confmisc.c:855:(parse_card) [error.core] cannot find card '0'
ALSA lib conf.c:5211:(_snd_config_evaluate) [error.core] function snd_func_card_id returned error: No such file or directory
ALSA lib confmisc.c:422:(snd_func_concat) [error.core] error evaluating strings
ALSA lib conf.c:5211:(_snd_config_evaluate) [error.core] function snd_func_concat returned error: No such file or directory
ALSA lib confmisc.c:1342:(snd_func_refer) [error.core] error evaluating name
ALSA lib conf.c:5211:(_snd_config_evaluate) [error.core] function snd_func_refer returned error: No such file or directory
ALSA lib conf.c:5734:(snd_config_expand) [error.core] Evaluate error: No such file or directory
ALSA lib pcm.c:2722:(snd_pcm_open_noupdate) [error.pcm] Unknown PCM dmix
ALSA lib confmisc.c:855:(parse_card) [error.core] cannot find card '0'
ALSA lib conf.c:5211:(_snd_config_evaluate) [error.core] function snd_func_card_id returned error: No such file or directory
ALSA lib confmisc.c:422:(snd_func_concat) [error.core] error evaluating strings
ALSA lib conf.c:5211:(_snd_config_evaluate) [error.core] function snd_func_concat returned error: No such file or directory
ALSA lib confmisc.c:1342:(snd_func_refer) [error.core] error evaluating name
ALSA lib conf.c:5211:(_snd_config_evaluate) [error.core] function snd_func_refer returned error: No such file or directory
ALSA lib conf.c:5734:(snd_config_expand) [error.core] Evaluate error: No such file or directory
ALSA lib pcm.c:2722:(snd_pcm_open_noupdate) [error.pcm] Unknown PCM dmix:0
ALSA lib confmisc.c:855:(parse_card) [error.core] cannot find card '0'
ALSA lib conf.c:5211:(_snd_config_evaluate) [error.core] function snd_func_card_id returned error: No such file or directory
ALSA lib confmisc.c:422:(snd_func_concat) [error.core] error evaluating strings
ALSA lib conf.c:5211:(_snd_config_evaluate) [error.core] function snd_func_concat returned error: No such file or directory
ALSA lib confmisc.c:1342:(snd_func_refer) [error.core] error evaluating name
ALSA lib conf.c:5211:(_snd_config_evaluate) [error.core] function snd_func_refer returned error: No such file or directory
ALSA lib conf.c:5734:(snd_config_expand) [error.core] Evaluate error: No such file or directory
ALSA lib pcm.c:2722:(snd_pcm_open_noupdate) [error.pcm] Unknown PCM dmix:0,0
ALSA lib confmisc.c:165:(snd_config_get_card) [error.core] Cannot get card index for 0
ALSA lib confmisc.c:165:(snd_config_get_card) [error.core] Cannot get card index for 0
ALSA lib confmisc.c:165:(snd_config_get_card) [error.core] Cannot get card index for 0
Cannot connect to server socket err = Operation not permitted
Cannot connect to server request channel
jack server is not running or cannot be started
JackShmReadWritePtr::~JackShmReadWritePtr - Init not done for -1, skipping unlock
JackShmReadWritePtr::~JackShmReadWritePtr - Init not done for -1, skipping unlock
libEGL warning: Not allowed to force software rendering when API explicitly selects a hardware device.
Project: Dynamic Liquid Surface Lab (/home/conner/Documents/GitHub/Project-Judas/projects/liquid_surface_demo/liquid_surface_demo.judasproj)
Scene: Dynamic Surface / Flat Pool (/home/conner/Documents/GitHub/Project-Judas/projects/liquid_surface_demo/Scenes/lab.judas)
World origin (m): 1000000000000.000, -2000000000000.000, 3000000000000.000
PASS ordinary integration project
PASS profiled project scripts remain fault-free
PASS profiled liquid path retains accepted solve behaviour
PASS real outer application lifecycle
PASS same actual fixed-step input count for every mode
M56 shooter_game trial 1 mode 0 outer interval incl collection/swap median 18.39748 p95 21.61490 max 22.68585 ms
M56 shooter_game trial 1 mode 0 fixed median 1.28999 p95 2.04669 max 2.38307 ms
M56 shooter_game trial 1 mode 0 profiler UI median 0.00000 p95 0.00000 max 0.00000 ms
PASS ordinary integration project
PASS profiled project scripts remain fault-free
PASS profiled liquid path retains accepted solve behaviour
PASS real outer application lifecycle
PASS same actual fixed-step input count for every mode
PASS capture/UI do not alter deterministic physics and script state
M56 shooter_game trial 2 mode 1 outer interval incl collection/swap median 19.17362 p95 20.81377 max 22.07317 ms
M56 shooter_game trial 2 mode 1 fixed median 1.36736 p95 1.88471 max 2.68775 ms
M56 shooter_game trial 2 mode 1 profiler UI median 0.00000 p95 0.00000 max 0.00000 ms
PASS outer frames contain fixed identities and completed delayed GPU results
PASS bounded structured integration capture
M56 capacity 70603008 bytes drops 0 truncated 0 GPU dropped 0
PASS ordinary integration project
PASS profiled project scripts remain fault-free
PASS profiled liquid path retains accepted solve behaviour
PASS real outer application lifecycle
PASS same actual fixed-step input count for every mode
PASS capture/UI do not alter deterministic physics and script state
M56 shooter_game trial 3 mode 2 outer interval incl collection/swap median 22.49247 p95 26.68444 max 31.66344 ms
M56 shooter_game trial 3 mode 2 fixed median 1.30633 p95 1.94465 max 2.19097 ms
M56 shooter_game trial 3 mode 2 profiler UI median 0.73277 p95 1.15323 max 1.22032 ms
PASS outer frames contain fixed identities and completed delayed GPU results
PASS bounded structured integration capture
M56 capacity 70603368 bytes drops 0 truncated 0 GPU dropped 0
PASS ordinary integration project
PASS profiled project scripts remain fault-free
PASS profiled liquid path retains accepted solve behaviour
PASS real outer application lifecycle
PASS same actual fixed-step input count for every mode
PASS capture/UI do not alter deterministic physics and script state
M56 shooter_game trial 4 mode 1 outer interval incl collection/swap median 18.36834 p95 19.87483 max 21.22476 ms
M56 shooter_game trial 4 mode 1 fixed median 1.28679 p95 1.79625 max 1.93633 ms
M56 shooter_game trial 4 mode 1 profiler UI median 0.00000 p95 0.00000 max 0.00000 ms
PASS outer frames contain fixed identities and completed delayed GPU results
M56 capacity 70603096 bytes drops 0 truncated 0 GPU dropped 0
PASS ordinary integration project
PASS profiled project scripts remain fault-free
PASS profiled liquid path retains accepted solve behaviour
PASS real outer application lifecycle
PASS same actual fixed-step input count for every mode
PASS capture/UI do not alter deterministic physics and script state
M56 shooter_game trial 5 mode 0 outer interval incl collection/swap median 18.41002 p95 20.02981 max 20.23744 ms
M56 shooter_game trial 5 mode 0 fixed median 1.30949 p95 1.78381 max 2.00120 ms
M56 shooter_game trial 5 mode 0 profiler UI median 0.00000 p95 0.00000 max 0.00000 ms
PASS ordinary integration project
PASS profiled project scripts remain fault-free
PASS profiled liquid path retains accepted solve behaviour
PASS real outer application lifecycle
PASS same actual fixed-step input count for every mode
PASS capture/UI do not alter deterministic physics and script state
M56 shooter_game trial 6 mode 2 outer interval incl collection/swap median 23.00484 p95 33.09878 max 53.73803 ms
M56 shooter_game trial 6 mode 2 fixed median 1.35612 p95 1.93910 max 5.69856 ms
M56 shooter_game trial 6 mode 2 profiler UI median 0.74471 p95 1.20325 max 1.38211 ms
PASS outer frames contain fixed identities and completed delayed GPU results
M56 capacity 70843336 bytes drops 0 truncated 0 GPU dropped 0
PASS ordinary integration project
libEGL warning: Not allowed to force software rendering when API explicitly selects a hardware device.
Project: Dynamic Liquid Surface Lab (/home/conner/Documents/GitHub/Project-Judas/projects/liquid_surface_demo/liquid_surface_demo.judasproj)
Scene: Dynamic Surface / Flat Pool (/home/conner/Documents/GitHub/Project-Judas/projects/liquid_surface_demo/Scenes/lab.judas)
World origin (m): 1000000000000.000, -2000000000000.000, 3000000000000.000
libEGL warning: Not allowed to force software rendering when API explicitly selects a hardware device.
Project: Dynamic Liquid Surface Lab (/home/conner/Documents/GitHub/Project-Judas/projects/liquid_surface_demo/liquid_surface_demo.judasproj)
Scene: Dynamic Surface / Flat Pool (/home/conner/Documents/GitHub/Project-Judas/projects/liquid_surface_demo/Scenes/lab.judas)
World origin (m): 1000000000000.000, -2000000000000.000, 3000000000000.000
libEGL warning: Not allowed to force software rendering when API explicitly selects a hardware device.
Project: Dynamic Liquid Surface Lab (/home/conner/Documents/GitHub/Project-Judas/projects/liquid_surface_demo/liquid_surface_demo.judasproj)
Scene: Dynamic Surface / Flat Pool (/home/conner/Documents/GitHub/Project-Judas/projects/liquid_surface_demo/Scenes/lab.judas)
World origin (m): 1000000000000.000, -2000000000000.000, 3000000000000.000
libEGL warning: Not allowed to force software rendering when API explicitly selects a hardware device.
Project: Dynamic Liquid Surface Lab (/home/conner/Documents/GitHub/Project-Judas/projects/liquid_surface_demo/liquid_surface_demo.judasproj)
Scene: Dynamic Surface / Flat Pool (/home/conner/Documents/GitHub/Project-Judas/projects/liquid_surface_demo/Scenes/lab.judas)
World origin (m): 1000000000000.000, -2000000000000.000, 3000000000000.000
libEGL warning: Not allowed to force software rendering when API explicitly selects a hardware device.
Project: Dynamic Liquid Surface Lab (/home/conner/Documents/GitHub/Project-Judas/projects/liquid_surface_demo/liquid_surface_demo.judasproj)
Scene: Dynamic Surface / Flat Pool (/home/conner/Documents/GitHub/Project-Judas/projects/liquid_surface_demo/Scenes/lab.judas)
World origin (m): 1000000000000.000, -2000000000000.000, 3000000000000.000
PASS profiled project scripts remain fault-free
PASS profiled liquid path retains accepted solve behaviour
PASS real outer application lifecycle
PASS same actual fixed-step input count for every mode
M56 liquid_surface_demo trial 1 mode 0 outer interval incl collection/swap median 40.57070 p95 45.05024 max 60.82854 ms
M56 liquid_surface_demo trial 1 mode 0 fixed median 5.26029 p95 6.99583 max 9.91232 ms
M56 liquid_surface_demo trial 1 mode 0 profiler UI median 0.00000 p95 0.00000 max 0.00000 ms
PASS ordinary integration project
PASS profiled project scripts remain fault-free
PASS profiled liquid path retains accepted solve behaviour
PASS real outer application lifecycle
PASS same actual fixed-step input count for every mode
PASS capture/UI do not alter deterministic physics and script state
M56 liquid_surface_demo trial 2 mode 1 outer interval incl collection/swap median 39.81072 p95 45.99856 max 59.93381 ms
M56 liquid_surface_demo trial 2 mode 1 fixed median 5.63173 p95 7.02034 max 7.64846 ms
M56 liquid_surface_demo trial 2 mode 1 profiler UI median 0.00000 p95 0.00000 max 0.00000 ms
PASS outer frames contain fixed identities and completed delayed GPU results
PASS moving storage is distinguishable from water presentation
PASS bounded structured integration capture
M56 capacity 70889256 bytes drops 0 truncated 0 GPU dropped 0
PASS ordinary integration project
PASS profiled project scripts remain fault-free
PASS profiled liquid path retains accepted solve behaviour
PASS real outer application lifecycle
PASS same actual fixed-step input count for every mode
PASS capture/UI do not alter deterministic physics and script state
M56 liquid_surface_demo trial 3 mode 2 outer interval incl collection/swap median 45.59502 p95 56.93907 max 78.24968 ms
M56 liquid_surface_demo trial 3 mode 2 fixed median 5.81593 p95 8.31829 max 9.98227 ms
M56 liquid_surface_demo trial 3 mode 2 profiler UI median 0.74113 p95 1.16776 max 1.29173 ms
PASS outer frames contain fixed identities and completed delayed GPU results
PASS moving storage is distinguishable from water presentation
PASS bounded structured integration capture
M56 capacity 70889920 bytes drops 0 truncated 0 GPU dropped 0
PASS ordinary integration project
PASS profiled project scripts remain fault-free
PASS profiled liquid path retains accepted solve behaviour
PASS real outer application lifecycle
PASS same actual fixed-step input count for every mode
PASS capture/UI do not alter deterministic physics and script state
M56 liquid_surface_demo trial 4 mode 1 outer interval incl collection/swap median 40.64401 p95 46.72524 max 65.11173 ms
M56 liquid_surface_demo trial 4 mode 1 fixed median 5.56248 p95 7.36445 max 9.50249 ms
M56 liquid_surface_demo trial 4 mode 1 profiler UI median 0.00000 p95 0.00000 max 0.00000 ms
PASS outer frames contain fixed identities and completed delayed GPU results
PASS moving storage is distinguishable from water presentation
M56 capacity 70889920 bytes drops 0 truncated 0 GPU dropped 0
PASS ordinary integration project
PASS profiled project scripts remain fault-free
PASS profiled liquid path retains accepted solve behaviour
PASS real outer application lifecycle
PASS same actual fixed-step input count for every mode
PASS capture/UI do not alter deterministic physics and script state
M56 liquid_surface_demo trial 5 mode 0 outer interval incl collection/swap median 42.01662 p95 49.65423 max 64.89410 ms
M56 liquid_surface_demo trial 5 mode 0 fixed median 5.97644 p95 8.19359 max 11.53896 ms
M56 liquid_surface_demo trial 5 mode 0 profiler UI median 0.00000 p95 0.00000 max 0.00000 ms
PASS ordinary integration project
PASS profiled project scripts remain fault-free
PASS profiled liquid path retains accepted solve behaviour
PASS real outer application lifecycle
PASS same actual fixed-step input count for every mode
PASS capture/UI do not alter deterministic physics and script state
M56 liquid_surface_demo trial 6 mode 2 outer interval incl collection/swap median 48.76187 p95 73.64947 max 110.29293 ms
M56 liquid_surface_demo trial 6 mode 2 fixed median 6.25192 p95 9.87553 max 17.75132 ms
M56 liquid_surface_demo trial 6 mode 2 profiler UI median 0.84732 p95 1.19418 max 4.60750 ms
PASS outer frames contain fixed identities and completed delayed GPU results
PASS moving storage is distinguishable from water presentation
M56 capacity 70889920 bytes drops 0 truncated 0 GPU dropped 0
PASS captured workload actually acquires liquid through physical bucket opening
M56 application 87 checks 0 failures
