PASS registered custom scope script
PASS headless normal script world
PASS nested/throw/counter behaviour stays safe
PASS callback executes once and preserves return/exception
PASS script/entity destruction leaves no open scopes
PASS registered custom scope script
PASS headless normal script world
PASS nested/throw/counter behaviour stays safe
PASS callback executes once and preserves return/exception
PASS disabled and enabled custom callbacks have identical game state
PASS script/entity destruction leaves no open scopes
PASS unique JS markers exhaust bounded cache visibly
script asset=fee9d511ea349133d5c0458377dc4640 entity=1 slot=1 start: InternalError: interrupted
    at <anonymous> (Assets/interrupt.js:1:1)
    at __judas (native)
    at call (judas:2:51)
    at scope (judas:153:74)
    at start (Assets/interrupt.js:1:70)

PASS runaway interruption is preserved
PASS interrupt and destroy cannot unbalance recording
M56 JS 14 checks 0 failures
