[ 10%] Built target judas_glad
[ 10%] Built target judas_profiler
[ 10%] Built target judas_quickjs
[ 10%] Built target judas_audio_backend
[ 10%] Built target judas_imgui
[ 21%] Built target judas_navigation_backend
[ 21%] Building CXX object CMakeFiles/judas_engine.dir/src/WorldPresentation.cpp.o
[ 21%] Linking CXX static library libjudas_engine.a
[ 84%] Built target judas_engine
[ 94%] Built target judas_navigation_baker
[100%] Building CXX object CMakeFiles/judas_editor.dir/src/editor/ProfilerView.cpp.o
[100%] Linking CXX executable judas_editor
[100%] Built target judas_editor
[ 17%] Built target judas_audio_backend
[ 17%] Built target judas_navigation_backend
[ 23%] Built target judas_glad
[ 23%] Built target judas_profiler
[ 23%] Built target judas_quickjs
[ 23%] Built target judas_imgui
[ 94%] Built target judas_engine
[100%] Building CXX object CMakeFiles/judas_profiler_application_tests.dir/tests/ProfilerApplicationTests.cpp.o
[100%] Building CXX object CMakeFiles/judas_profiler_application_tests.dir/src/editor/ProfilerView.cpp.o
[100%] Linking CXX executable judas_profiler_application_tests
[100%] Built target judas_profiler_application_tests
[  0%] Built target judas_profiler
[  6%] Built target judas_glad
[ 12%] Built target judas_audio_backend
[ 25%] Built target judas_navigation_backend
[ 25%] Built target judas_quickjs
[100%] Built target judas_engine
[100%] Linking CXX executable judas
[100%] Built target judas
