[  0%] Built target judas_quickjs
[ 12%] Built target judas_navigation_backend
[ 18%] Built target judas_audio_backend
[ 25%] Built target judas_glad
[ 25%] Built target judas_profiler
[100%] Built target judas_engine
[100%] Building CXX object CMakeFiles/judas.dir/src/Application.cpp.o
[100%] Linking CXX executable judas
[100%] Built target judas
[  6%] Built target judas_profiler
[  6%] Built target judas_glad
[  6%] Built target judas_quickjs
[ 12%] Built target judas_audio_backend
[ 25%] Built target judas_navigation_backend
[100%] Built target judas_engine
[100%] Linking CXX executable judas_export
[100%] Built target judas_export
[  6%] Built target judas_glad
[ 12%] Built target judas_profiler
[ 12%] Built target judas_audio_backend
[ 12%] Built target judas_quickjs
[ 25%] Built target judas_navigation_backend
[100%] Built target judas_engine
[100%] Linking CXX executable judas_profiler_script_tests
[100%] Built target judas_profiler_script_tests
[  5%] Built target judas_glad
[ 17%] Built target judas_navigation_backend
[ 17%] Built target judas_quickjs
[ 23%] Built target judas_audio_backend
[ 23%] Built target judas_profiler
[ 94%] Built target judas_engine
[100%] Linking CXX executable judasjs_examples_tests
[100%] Built target judasjs_examples_tests
