[  7%] Built target judas_quickjs
[  7%] Built target judas_glad
[  7%] Built target judas_audio_backend
[  7%] Building CXX object CMakeFiles/judas_engine.dir/src/WorldAnimation.cpp.o
[  7%] Building CXX object CMakeFiles/judas_engine.dir/src/WorldCharacter.cpp.o
[  7%] Building CXX object CMakeFiles/judas_engine.dir/src/WorldRagdoll.cpp.o
[  7%] Building CXX object CMakeFiles/judas_engine.dir/src/WorldScripts.cpp.o
[  7%] Building CXX object CMakeFiles/judas_engine.dir/src/ScriptSystem.cpp.o
[  7%] Building CXX object CMakeFiles/judas_engine.dir/src/WorldAudio.cpp.o
[  7%] Building CXX object CMakeFiles/judas_engine.dir/src/ProductionFluidCoupling.cpp.o
[  7%] Building CXX object CMakeFiles/judas_engine.dir/src/WorldDebugView.cpp.o
[  7%] Building CXX object CMakeFiles/judas_engine.dir/src/SceneSession.cpp.o
[ 15%] Building CXX object CMakeFiles/judas_engine.dir/src/RuntimeWorld.cpp.o
[ 15%] Building CXX object CMakeFiles/judas_engine.dir/src/GameSession.cpp.o
[ 15%] Building CXX object CMakeFiles/judas_engine.dir/src/Simulation.cpp.o
/home/conner/Documents/GitHub/Project-Judas/src/GameSession.cpp: In member function ‘std::vector<long unsigned int> GameSession::PinnedEntities() const’:
/home/conner/Documents/GitHub/Project-Judas/src/GameSession.cpp:136:43: error: ‘class CharacterMotor’ has no member named ‘motor’
  136 |             if (!character || !character->motor.result.supported) continue;
      |                                           ^~~~~
/home/conner/Documents/GitHub/Project-Judas/src/GameSession.cpp:137:64: error: ‘class CharacterMotor’ has no member named ‘motor’
  137 |             const auto id = m_world->EntityIdOfBody(character->motor.result.support);
      |                                                                ^~~~~
gmake[3]: *** [CMakeFiles/judas_engine.dir/build.make:1101: CMakeFiles/judas_engine.dir/src/GameSession.cpp.o] Error 1
gmake[3]: *** Waiting for unfinished jobs....
gmake[2]: *** [CMakeFiles/Makefile2:477: CMakeFiles/judas_engine.dir/all] Error 2
gmake[1]: *** [CMakeFiles/Makefile2:4105: CMakeFiles/judas_boundary_migration_tests.dir/rule] Error 2
gmake: *** [Makefile:1528: judas_boundary_migration_tests] Error 2
