[  0%] Built target judas_glad
[  7%] Building CXX object CMakeFiles/judas_engine.dir/src/ProductionFluidCoupling.cpp.o
[  7%] Building CXX object CMakeFiles/judas_engine.dir/src/FluidWorld.cpp.o
[  7%] Building CXX object CMakeFiles/judas_engine.dir/src/FluidHydrostatics.cpp.o
[ 14%] Building CXX object CMakeFiles/judas_engine.dir/src/WorldDebugView.cpp.o
[ 14%] Building CXX object CMakeFiles/judas_engine.dir/src/RuntimeWorld.cpp.o
[ 14%] Building CXX object CMakeFiles/judas_engine.dir/src/GameSession.cpp.o
[ 14%] Building CXX object CMakeFiles/judas_engine.dir/src/Simulation.cpp.o
[ 14%] Building CXX object CMakeFiles/judas_engine.dir/src/WorldPresentation.cpp.o
[ 21%] Building CXX object CMakeFiles/judas_engine.dir/src/GameplayHud.cpp.o
[ 21%] Building CXX object CMakeFiles/judas_engine.dir/src/InteractivePlay.cpp.o
[ 21%] Building CXX object CMakeFiles/judas_engine.dir/src/CoarseSimulation.cpp.o
[ 28%] Building CXX object CMakeFiles/judas_engine.dir/src/WorldState.cpp.o
[ 28%] Linking CXX static library libjudas_engine.a
[ 92%] Built target judas_engine
[100%] Building CXX object CMakeFiles/judas_fluid_boundary_contact_tests.dir/tests/FluidBoundaryContactTests.cpp.o
/home/conner/Documents/GitHub/Project-Judas/tests/FluidBoundaryContactTests.cpp: In function ‘void {anonymous}::SqueezedBox(bool, bool)’:
/home/conner/Documents/GitHub/Project-Judas/tests/FluidBoundaryContactTests.cpp:77:17: error: no matching function for call to ‘max(<brace-enclosed initializer list>)’
   77 |   Check(std::max({margin.x,margin.y,margin.z})>=-2e-6f,"squeezed particle is excluded from every expanded solid");
      |         ~~~~~~~~^~~~~~~~~~~~~~~~~~~~~~~~~~~~~~
/home/conner/Documents/GitHub/Project-Judas/tests/FluidBoundaryContactTests.cpp:77:17: note: there are 2 candidates
In file included from /usr/include/c++/15/bits/specfun.h:43,
                 from /usr/include/c++/15/cmath:3913,
                 from /home/conner/Documents/GitHub/Project-Judas/tests/FluidBoundaryContactTests.cpp:4:
/usr/include/c++/15/bits/stl_algobase.h:258:5: note: candidate 1: ‘template<class _Tp> constexpr const _Tp& std::max(const _Tp&, const _Tp&)’
  258 |     max(const _Tp& __a, const _Tp& __b)
      |     ^~~
/usr/include/c++/15/bits/stl_algobase.h:258:5: note: candidate expects 2 arguments, 1 provided
/usr/include/c++/15/bits/stl_algobase.h:304:5: note: candidate 2: ‘template<class _Tp, class _Compare> constexpr const _Tp& std::max(const _Tp&, const _Tp&, _Compare)’
  304 |     max(const _Tp& __a, const _Tp& __b, _Compare __comp)
      |     ^~~
/usr/include/c++/15/bits/stl_algobase.h:304:5: note: candidate expects 3 arguments, 1 provided
gmake[3]: *** [CMakeFiles/judas_fluid_boundary_contact_tests.dir/build.make:79: CMakeFiles/judas_fluid_boundary_contact_tests.dir/tests/FluidBoundaryContactTests.cpp.o] Error 1
gmake[2]: *** [CMakeFiles/Makefile2:2547: CMakeFiles/judas_fluid_boundary_contact_tests.dir/all] Error 2
gmake[1]: *** [CMakeFiles/Makefile2:2554: CMakeFiles/judas_fluid_boundary_contact_tests.dir/rule] Error 2
gmake: *** [Makefile:1021: judas_fluid_boundary_contact_tests] Error 2
