[  5%] Built target judas_icu_build
[ 10%] Built target judas_quickjs
[ 10%] Built target judas_app_icon
[ 30%] Built target freetype
[ 35%] Built target judas_glad
[ 35%] Built target judas_profiler
[ 40%] Built target judas_navigation_backend
[ 45%] Built target judas_audio_backend
[ 45%] Built target judas_materials
[ 45%] Built target harfbuzz
[ 45%] Building CXX object CMakeFiles/judas_engine.dir/src/WorldAudio.cpp.o
[ 45%] Linking CXX static library libjudas_engine.a
[100%] Built target judas_engine
[100%] Building CXX object CMakeFiles/judas_audio_world_tests.dir/tests/AudioWorldTests.cpp.o
[100%] Linking CXX executable judas_audio_world_tests
[100%] Built target judas_audio_world_tests
[  5%] Built target judas_icu_build
[  5%] Built target judas_quickjs
[ 10%] Built target judas_app_icon
[ 30%] Built target freetype
[ 35%] Built target judas_navigation_backend
[ 35%] Built target judas_glad
[ 40%] Built target judas_profiler
[ 45%] Built target judas_audio_backend
[ 45%] Built target judas_materials
[ 45%] Built target harfbuzz
[100%] Built target judas_engine
[100%] Building CXX object CMakeFiles/judas_audio_acoustics_tests.dir/tests/AudioAcousticsTests.cpp.o
[100%] Linking CXX executable judas_audio_acoustics_tests
[100%] Built target judas_audio_acoustics_tests
[  5%] Built target judas_icu_build
[  5%] Built target judas_quickjs
[ 10%] Built target judas_app_icon
[ 30%] Built target freetype
[ 30%] Built target judas_glad
[ 40%] Built target judas_navigation_backend
[ 40%] Built target judas_profiler
[ 45%] Built target judas_audio_backend
[ 45%] Built target judas_materials
[ 45%] Built target harfbuzz
[100%] Built target judas_engine
[100%] Linking CXX executable judas_audio_application_tests
[100%] Built target judas_audio_application_tests
[  4%] Built target judas_icu_build
[  9%] Built target judas_quickjs
[  9%] Built target judas_app_icon
[ 28%] Built target freetype
[ 28%] Built target judas_glad
[ 33%] Built target judas_navigation_backend
[ 38%] Built target judas_profiler
[ 42%] Built target judas_audio_backend
[ 42%] Built target harfbuzz
[ 42%] Built target judas_materials
[ 95%] Built target judas_engine
[ 95%] Linking CXX executable judas
[100%] Built target judas
[  4%] Built target judas_icu_build
[  4%] Built target judas_quickjs
[  8%] Built target judas_app_icon
[ 26%] Built target freetype
[ 26%] Built target judas_glad
[ 30%] Built target judas_navigation_backend
[ 34%] Built target judas_profiler
[ 39%] Built target judas_audio_backend
[ 39%] Built target harfbuzz
[ 39%] Built target judas_materials
[ 43%] Built target judas_imgui
[ 91%] Built target judas_engine
[ 95%] Built target judas_navigation_baker
[ 95%] Linking CXX executable judas_editor
[100%] Built target judas_editor
[  9%] Built target judas_app_icon
[  9%] Built target judas_icu_build
[  9%] Built target judas_quickjs
[ 28%] Built target freetype
[ 33%] Built target judas_glad
[ 33%] Built target judas_profiler
[ 38%] Built target judas_navigation_backend
[ 42%] Built target judas_audio_backend
[ 42%] Built target harfbuzz
[ 42%] Built target judas_materials
[ 95%] Built target judas_engine
[ 95%] Linking CXX executable judas_export
[100%] Built target judas_export
