Renderer fragment texture units: 32 (material path uses 12)
World state: /home/conner/Documents/GitHub/Project-Judas/projects/audio_lab/Saves/listening.judasstate (none saved; F6 saves, F7 deletes)
Project: Judas Audio Listening Lab (/home/conner/Documents/GitHub/Project-Judas/projects/audio_lab/audio_lab.judasproj)
Scene: Audio listening lab (/home/conner/Documents/GitHub/Project-Judas/projects/audio_lab/Scenes/listening.judas)
World origin (m): 0.000, 0.000, 0.000
PASS actual desktop audio backend initialized
PASS long original music starts incrementally in actual project
PASS normal JS/UI/motor callbacks healthy
PASS normal stream seek control
PASS seek preserves independent live voice and advances
PASS logical pause opens authored UI controls
PASS effects pause while music keeps playing
PASS persistent music is independent from effects pause
PASS logical resume closes menu
PASS authored source remains immutable under JS setting changes
PASS Doppler/bypass/physical-door controls leave callbacks healthy
PASS actual rendered listening lab screenshot
PASS normal outer-boundary scene reload
PASS reload invalidates old stream voice
PASS replacement leaves no ghost callback or decoder retirement
APPLICATION frame_work_median_ms=1.2168 p95_ms=2.5566 max_ms=7.6789 device=1 voices=5 streams=2 PCM=262144 underruns=0 rays=26 detach_max_ms=0.0124
APPLICATION frame_work_median_ms=1.2133 p95_ms=2.5566 max_ms=7.6789 device=1 voices=5 streams=2 PCM=262144 underruns=0 rays=27 detach_max_ms=0.0124
PASS runtime script destroy ordering has a live audio service
PASS normal standalone exits and drains safely
SUMMARY checks=17 failures=0
