CMakeLists.txt: OK
assets/branding/judas-icon.png.judasmeta: OK
docs/ARCHITECTURE.md: OK
docs/JUDASJS.md: OK
docs/M59_WORLD_STREAMING.md: OK
docs/M60_AUDIO.md: OK
docs/judas.d.ts: OK
docs/judasjs/API_INVENTORY.md: OK
docs/judasjs/api-inventory.json: OK
docs/judasjs/audio.md: OK
docs/judasjs/effects-camera.md: OK
docs/judasjs/examples/audio.js: OK
projects/audio_lab/Assets/audio/LICENSE.txt: OK
projects/audio_lab/Assets/audio/ambience.flac: OK
projects/audio_lab/Assets/audio/ambience.flac.judasmeta: OK
projects/audio_lab/Assets/audio/booth.judasreverb: OK
projects/audio_lab/Assets/audio/booth.judasreverb.judasmeta: OK
projects/audio_lab/Assets/audio/hall.judasreverb: OK
projects/audio_lab/Assets/audio/hall.judasreverb.judasmeta: OK
projects/audio_lab/Assets/audio/music.flac: OK
projects/audio_lab/Assets/audio/music.flac.judasmeta: OK
projects/audio_lab/Assets/audio/pulse.wav: OK
projects/audio_lab/Assets/audio/pulse.wav.judasmeta: OK
projects/audio_lab/Assets/audio/tone.wav: OK
projects/audio_lab/Assets/audio/tone.wav.judasmeta: OK
projects/audio_lab/Assets/scripts/lab.js: OK
projects/audio_lab/Assets/scripts/lab.js.judasmeta: OK
projects/audio_lab/Assets/scripts/math.js: OK
projects/audio_lab/Assets/scripts/math.js.judasmeta: OK
projects/audio_lab/Assets/ui/lab.judasui: OK
projects/audio_lab/Assets/ui/lab.judasui.judasmeta: OK
projects/audio_lab/README.md: OK
projects/audio_lab/Scenes/listening.judas: OK
projects/audio_lab/audio_lab.judasproj: OK
projects/streamed_range/Assets/audio/M60-LICENSE.txt: OK
projects/streamed_range/Assets/audio/ambience.flac: OK
projects/streamed_range/Assets/audio/ambience.flac.judasmeta: OK
projects/streamed_range/Assets/audio/booth.judasreverb: OK
projects/streamed_range/Assets/audio/booth.judasreverb.judasmeta: OK
projects/streamed_range/Assets/audio/hall.judasreverb: OK
projects/streamed_range/Assets/audio/hall.judasreverb.judasmeta: OK
projects/streamed_range/Assets/audio/music.flac: OK
projects/streamed_range/Assets/audio/music.flac.judasmeta: OK
projects/streamed_range/Assets/audio/pulse.wav: OK
projects/streamed_range/Assets/audio/pulse.wav.judasmeta: OK
projects/streamed_range/Assets/audio/tone.wav: OK
projects/streamed_range/Assets/audio/tone.wav.judasmeta: OK
projects/streamed_range/Assets/scripts/hud.js: OK
projects/streamed_range/Assets/scripts/weapon.js: OK
projects/streamed_range/README.md: OK
projects/streamed_range/Scenes/bootstrap.judas: OK
projects/streamed_range/Scenes/gallery-0.judas: OK
projects/streamed_range/Scenes/gallery-1.judas: OK
projects/streamed_range/Scenes/gallery-2.judas: OK
projects/streamed_range/Scenes/gallery-3.judas: OK
projects/streamed_range/Scenes/gallery-4.judas: OK
projects/streamed_range/Scenes/gallery-5.judas: OK
projects/streamed_range/streamed_range.judasproj: OK
scripts/check_judasjs_api.mjs: OK
scripts/m60_package_smoke.py: OK
scripts/m60_validation.py: OK
src/Application.cpp: OK
src/AssetDatabase.cpp: OK
src/AssetDatabase.h: OK
src/AudioData.cpp: OK
src/AudioData.h: OK
src/AudioEnvironment.cpp: OK
src/AudioEnvironment.h: OK
src/AudioStream.cpp: OK
src/AudioStream.h: OK
src/AudioSystem.cpp: OK
src/AudioSystem.h: OK
src/AudioTypes.h: OK
src/EngineHost.cpp: OK
src/InteractivePlay.cpp: OK
src/Project.cpp: OK
src/Project.h: OK
src/ProjectExporter.cpp: OK
src/ResourceManager.cpp: OK
src/ResourceManager.h: OK
src/ReverbBackend.c: OK
src/RuntimeWorld.cpp: OK
src/RuntimeWorld.h: OK
src/Scene.h: OK
src/SceneFingerprint.cpp: OK
src/SceneFingerprint.h: OK
src/SceneSerialization.cpp: OK
src/SceneSession.cpp: OK
src/ScriptSystem.cpp: OK
src/WorldAudio.cpp: OK
src/WorldRegions.cpp: OK
src/WorldStreaming.cpp: OK
src/editor/ComponentEditors.cpp: OK
src/editor/EditorApplication.cpp: OK
src/editor/EditorPanels.cpp: OK
tests/AudioAcousticsTests.cpp: OK
tests/AudioApplicationTests.cpp: OK
tests/AudioWorldTests.cpp: OK
tests/JudasJSExamplesTests.cpp: OK
tests/ProjectTests.cpp: OK
third_party/RUNTIME_NOTICES.txt: OK
third_party/verblib/LICENSE: OK
third_party/verblib/PROVENANCE.md: OK
third_party/verblib/verblib.h: OK
tools/AudioDemo.cpp: OK
tools/CreateAudioAssets.py: OK
tools/CreateAudioFixtures.py: OK
