PASS production audio without device
PASS normal current lab project
PASS normal audio fixture builds using authoritative colliders
PASS real resident collider sets obstruction gain/filter
PASS bounded query diagnostics from actual PhysicsWorld
PASS muted master does not spend obstruction queries
PASS disabled/open collider restores unblocked targets
PASS real collider drives audible PCM attenuation/filter rather than just a flag
OCCLUSION blocked_rms=0.000980602 open_rms=0.004415260
PASS existing collision include mask filters wall
PASS normal sensor geometry excluded from audio ray
PASS wall without entity wrapper still obstructs
PASS repeated buffered shots have independent voices
PASS component disable releases every owned one-shot
PASS full Stop cleans normal voices and effects
PASS manual shot world
PASS stopped emitter has no ray until independent shot plays
PASS independent shot participates in bounded obstruction demand
PASS attached emitter hierarchy
PASS rotating attached offset uses angular point velocity
PASS teleport resets motion instead of making pitch spike
PASS oriented equal-priority authored zones
PASS zone impulse actual PCM
PASS overlapping zones share one bounded processor
PASS oriented equal-priority authored zones
PASS zone impulse actual PCM
PASS overlapping zones share one bounded processor
PASS equal-priority zone selection independent from authored traversal order
PASS normal bounded performance world
WORKLOAD mode=0 voices=0 streams=0 PCM=0 buffered=576000 reverb=0 rays=0 retirements=0 underruns=0 audio_work_median_ms=0.00330 audio_work_p95_ms=0.00729 audio_work_max_ms=0.01366 control_median_ms=0.00233 control_p95_ms=0.00521 control_max_ms=0.01219 DSP_median_ms=0.00095 DSP_p95_ms=0.00214 DSP_max_ms=0.01108
PASS requested modest workload voices created
PASS normal bounded performance world
WORKLOAD mode=1 voices=8 streams=0 PCM=0 buffered=576000 reverb=0 rays=0 retirements=0 underruns=0 audio_work_median_ms=0.08625 audio_work_p95_ms=0.15227 audio_work_max_ms=0.32137 control_median_ms=0.00962 control_p95_ms=0.02035 control_max_ms=0.19854 DSP_median_ms=0.07381 DSP_p95_ms=0.13261 DSP_max_ms=0.17994
PASS requested modest workload voices created
PASS normal bounded performance world
WORKLOAD mode=2 voices=8 streams=1 PCM=131072 buffered=576000 reverb=1 rays=420 retirements=0 underruns=0 audio_work_median_ms=0.15474 audio_work_p95_ms=0.33591 audio_work_max_ms=0.58820 control_median_ms=0.01514 control_p95_ms=0.04090 control_max_ms=0.07831 DSP_median_ms=0.13648 DSP_p95_ms=0.30277 DSP_max_ms=0.54730
PASS requested modest workload voices created
PASS normal bounded performance world
WORKLOAD mode=3 voices=32 streams=1 PCM=131072 buffered=576000 reverb=1 rays=480 retirements=0 underruns=0 audio_work_median_ms=0.68800 audio_work_p95_ms=0.82088 audio_work_max_ms=0.87784 control_median_ms=0.06044 control_p95_ms=0.12976 control_max_ms=0.20919 DSP_median_ms=0.62468 DSP_p95_ms=0.69372 DSP_max_ms=0.78037
PASS requested modest workload voices created
PASS current streamed game project
PASS registered streamed root scene
PASS audio root through ordinary world path
PASS normal world manifest coordinator
PASS root music streaming cursor advances
PASS independent demands activate one gallery
PASS ordinary carry ownership adoption
PASS adopted buffered source finishes independent readiness
PASS root voice identity remains unchanged
PASS second demand keeps gallery active
PASS gallery unload reaches unloaded without decoder wait
PASS root music continues without restart/duplication
PASS adopted emitter keeps original voice after birthplace removal
PASS local stream resources retire after each trip
PASS independent demands activate one gallery
PASS root voice identity remains unchanged
PASS second demand keeps gallery active
PASS gallery unload reaches unloaded without decoder wait
PASS root music continues without restart/duplication
PASS adopted emitter keeps original voice after birthplace removal
PASS local stream resources retire after each trip
PASS independent demands activate one gallery
PASS root voice identity remains unchanged
PASS second demand keeps gallery active
PASS gallery unload reaches unloaded without decoder wait
PASS root music continues without restart/duplication
PASS adopted emitter keeps original voice after birthplace removal
PASS local stream resources retire after each trip
PASS cancelled preparation cannot resurrect stream
PASS whole-world teardown clears voices/retirements/zones
SUMMARY checks=65 failures=0
