PASS production audio without device
PASS normal current lab project
PASS normal audio fixture builds using authoritative colliders
PASS real resident collider sets obstruction gain/filter
PASS bounded query diagnostics from actual PhysicsWorld
PASS muted master does not spend obstruction queries
PASS disabled/open collider restores unblocked targets
PASS real collider drives audible PCM attenuation/filter rather than just a flag
OCCLUSION blocked_rms=0.000980602 open_rms=0.004415260
PASS existing collision include mask filters wall
PASS normal sensor geometry excluded from audio ray
PASS wall without entity wrapper still obstructs
PASS repeated buffered shots have independent voices
PASS component disable releases every owned one-shot
PASS full Stop cleans normal voices and effects
PASS manual shot world
PASS stopped emitter has no ray until independent shot plays
PASS independent shot participates in bounded obstruction demand
PASS attached emitter hierarchy
PASS rotating attached offset uses angular point velocity
PASS teleport resets motion instead of making pitch spike
PASS oriented equal-priority authored zones
PASS zone impulse actual PCM
PASS overlapping zones share one bounded processor
PASS oriented equal-priority authored zones
PASS zone impulse actual PCM
PASS overlapping zones share one bounded processor
PASS equal-priority zone selection independent from authored traversal order
PASS normal bounded performance world
WORKLOAD mode=0 voices=0 streams=0 PCM=0 buffered=576000 reverb=0 rays=0 retirements=0 underruns=0 audio_work_median_ms=0.00706 audio_work_p95_ms=0.01546 audio_work_max_ms=0.02740 control_median_ms=0.00477 control_p95_ms=0.01128 control_max_ms=0.02424 DSP_median_ms=0.00201 DSP_p95_ms=0.00446 DSP_max_ms=0.01184
PASS requested modest workload voices created
PASS normal bounded performance world
WORKLOAD mode=1 voices=8 streams=0 PCM=0 buffered=576000 reverb=0 rays=0 retirements=0 underruns=0 audio_work_median_ms=0.09000 audio_work_p95_ms=0.17308 audio_work_max_ms=0.23512 control_median_ms=0.01180 control_p95_ms=0.03085 control_max_ms=0.06344 DSP_median_ms=0.07827 DSP_p95_ms=0.14955 DSP_max_ms=0.21370
PASS requested modest workload voices created
PASS normal bounded performance world
WORKLOAD mode=2 voices=8 streams=1 PCM=131072 buffered=576000 reverb=1 rays=420 retirements=0 underruns=0 audio_work_median_ms=0.20388 audio_work_p95_ms=0.40311 audio_work_max_ms=0.58601 control_median_ms=0.02405 control_p95_ms=0.06208 control_max_ms=0.10732 DSP_median_ms=0.17472 DSP_p95_ms=0.36376 DSP_max_ms=0.47869
PASS requested modest workload voices created
PASS normal bounded performance world
WORKLOAD mode=3 voices=32 streams=1 PCM=131072 buffered=576000 reverb=1 rays=480 retirements=0 underruns=0 audio_work_median_ms=0.51582 audio_work_p95_ms=0.79936 audio_work_max_ms=1.03790 control_median_ms=0.05623 control_p95_ms=0.12084 control_max_ms=0.17209 DSP_median_ms=0.45400 DSP_p95_ms=0.70877 DSP_max_ms=0.92600
PASS requested modest workload voices created
PASS current streamed game project
PASS registered streamed root scene
PASS audio root through ordinary world path
PASS normal world manifest coordinator
PASS root music streaming cursor advances
PASS independent demands activate one gallery
PASS ordinary carry ownership adoption
PASS adopted buffered source finishes independent readiness
PASS root voice identity remains unchanged
PASS second demand keeps gallery active
PASS gallery unload reaches unloaded without decoder wait
PASS root music continues without restart/duplication
PASS adopted emitter keeps original voice after birthplace removal
PASS local stream resources retire after each trip
PASS independent demands activate one gallery
PASS root voice identity remains unchanged
PASS second demand keeps gallery active
PASS gallery unload reaches unloaded without decoder wait
PASS root music continues without restart/duplication
PASS adopted emitter keeps original voice after birthplace removal
PASS local stream resources retire after each trip
PASS independent demands activate one gallery
PASS root voice identity remains unchanged
PASS second demand keeps gallery active
PASS gallery unload reaches unloaded without decoder wait
PASS root music continues without restart/duplication
PASS adopted emitter keeps original voice after birthplace removal
PASS local stream resources retire after each trip
PASS cancelled preparation cannot resurrect stream
PASS whole-world teardown clears voices/retirements/zones
SUMMARY checks=65 failures=0
