[  0%] Built target judas_glad
[  0%] Built target judas_quickjs
[  0%] Built target judas_audio_backend
[100%] Built target judas_engine
[100%] Building CXX object CMakeFiles/judas_shooter_game_tests.dir/tests/ShooterGameTests.cpp.o
[100%] Linking CXX executable judas_shooter_game_tests
[100%] Built target judas_shooter_game_tests
[  0%] Built target judas_audio_backend
[  0%] Built target judas_glad
[  0%] Built target judas_quickjs
[100%] Built target judas_engine
[100%] Linking CXX executable judas
[100%] Built target judas
[  0%] Built target judas_glad
[  0%] Built target judas_quickjs
[  0%] Built target judas_audio_backend
[  7%] Built target judas_imgui
[ 92%] Built target judas_engine
[ 92%] Linking CXX executable judas_editor
[100%] Built target judas_editor
[  0%] Built target judas_audio_backend
[  0%] Built target judas_glad
[  0%] Built target judas_quickjs
[ 92%] Built target judas_engine
[ 92%] Linking CXX executable judas_export
[100%] Built target judas_export
[  0%] Built target judas_quickjs
[  0%] Built target judas_glad
[  0%] Built target judas_audio_backend
[ 92%] Built target judas_engine
[ 92%] Building CXX object CMakeFiles/judasjs_examples_tests.dir/tests/JudasJSExamplesTests.cpp.o
[100%] Linking CXX executable judasjs_examples_tests
[100%] Built target judasjs_examples_tests
