[  0%] Building C object CMakeFiles/judas_audio_backend.dir/src/AudioBackend.c.o
[  0%] Building C object CMakeFiles/judas_quickjs.dir/third_party/quickjs/quickjs.c.o
[  0%] Building C object CMakeFiles/judas_glad.dir/third_party/glad/src/gl.c.o
[  0%] Building C object CMakeFiles/judas_quickjs.dir/third_party/quickjs/dtoa.c.o
[  0%] Linking C static library libjudas_glad.a
[  0%] Built target judas_glad
[  7%] Building C object CMakeFiles/judas_quickjs.dir/third_party/quickjs/libregexp.c.o
[  7%] Building C object CMakeFiles/judas_quickjs.dir/third_party/quickjs/libunicode.c.o
[  7%] Linking C static library libjudas_audio_backend.a
[  7%] Built target judas_audio_backend
[  7%] Linking C static library libjudas_quickjs.a
[  7%] Built target judas_quickjs
[  7%] Building CXX object CMakeFiles/judas_engine.dir/src/PoseComposition.cpp.o
[  7%] Building CXX object CMakeFiles/judas_engine.dir/src/WorldAnimation.cpp.o
[  7%] Building CXX object CMakeFiles/judas_engine.dir/src/GltfLoader.cpp.o
[  7%] Building CXX object CMakeFiles/judas_engine.dir/src/WorldRagdoll.cpp.o
[  7%] Building CXX object CMakeFiles/judas_engine.dir/src/WorldCharacter.cpp.o
[ 15%] Building CXX object CMakeFiles/judas_engine.dir/src/WorldScripts.cpp.o
[ 15%] Building CXX object CMakeFiles/judas_engine.dir/src/RuntimeUI.cpp.o
[ 15%] Building CXX object CMakeFiles/judas_engine.dir/src/ScriptSystem.cpp.o
[ 15%] Building CXX object CMakeFiles/judas_engine.dir/src/Classification.cpp.o
[ 15%] Building CXX object CMakeFiles/judas_engine.dir/src/GamePackage.cpp.o
[ 15%] Building CXX object CMakeFiles/judas_engine.dir/src/ProjectExporter.cpp.o
[ 15%] Building CXX object CMakeFiles/judas_engine.dir/src/AudioData.cpp.o
[ 15%] Building CXX object CMakeFiles/judas_engine.dir/src/AudioSystem.cpp.o
[ 23%] Building CXX object CMakeFiles/judas_engine.dir/src/WorldAudio.cpp.o
[ 23%] Building CXX object CMakeFiles/judas_engine.dir/src/Window.cpp.o
[ 23%] Building CXX object CMakeFiles/judas_engine.dir/src/InputSystem.cpp.o
[ 23%] Building CXX object CMakeFiles/judas_engine.dir/src/Renderer.cpp.o
[ 23%] Building CXX object CMakeFiles/judas_engine.dir/src/SkeletalAnimation.cpp.o
[ 23%] Building CXX object CMakeFiles/judas_engine.dir/src/CharacterMotor.cpp.o
[ 23%] Building CXX object CMakeFiles/judas_engine.dir/src/PlayerController.cpp.o
[ 30%] Building CXX object CMakeFiles/judas_engine.dir/src/PlayerView.cpp.o
[ 30%] Building CXX object CMakeFiles/judas_engine.dir/src/StepClimb.cpp.o
[ 30%] Building CXX object CMakeFiles/judas_engine.dir/src/DynamicBody.cpp.o
[ 30%] Building CXX object CMakeFiles/judas_engine.dir/src/FlyingPrimitiveControl.cpp.o
[ 30%] Building CXX object CMakeFiles/judas_engine.dir/src/PilotAttachment.cpp.o
[ 30%] Building CXX object CMakeFiles/judas_engine.dir/src/PilotControl.cpp.o
[ 30%] Building CXX object CMakeFiles/judas_engine.dir/src/ReferenceFrame.cpp.o
[ 30%] Building CXX object CMakeFiles/judas_engine.dir/src/ModelLoader.cpp.o
[ 38%] Building CXX object CMakeFiles/judas_engine.dir/src/TextureLoader.cpp.o
[ 38%] Building CXX object CMakeFiles/judas_engine.dir/src/FontLoader.cpp.o
[ 38%] Building CXX object CMakeFiles/judas_engine.dir/src/UIWidgets.cpp.o
[ 38%] Building CXX object CMakeFiles/judas_engine.dir/src/PauseMenu.cpp.o
[ 38%] Building CXX object CMakeFiles/judas_engine.dir/src/HUD.cpp.o
[ 38%] Building CXX object CMakeFiles/judas_engine.dir/src/LightTransforms.cpp.o
[ 38%] Building CXX object CMakeFiles/judas_engine.dir/src/LightAttenuation.cpp.o
[ 38%] Building CXX object CMakeFiles/judas_engine.dir/src/ShadowTransforms.cpp.o
[ 46%] Building CXX object CMakeFiles/judas_engine.dir/src/HingeTransform.cpp.o
[ 46%] Building CXX object CMakeFiles/judas_engine.dir/src/InteractionSystem.cpp.o
[ 46%] Building CXX object CMakeFiles/judas_engine.dir/src/ObjectManipulation.cpp.o
[ 46%] Building CXX object CMakeFiles/judas_engine.dir/src/FluidWorld.cpp.o
[ 46%] Building CXX object CMakeFiles/judas_engine.dir/src/ProductionFluidCoupling.cpp.o
[ 46%] Building CXX object CMakeFiles/judas_engine.dir/src/FluidHydrostatics.cpp.o
[ 46%] Building CXX object CMakeFiles/judas_engine.dir/src/FluidSurface.cpp.o
[ 53%] Building CXX object CMakeFiles/judas_engine.dir/src/CombustionWorld.cpp.o
[ 53%] Building CXX object CMakeFiles/judas_engine.dir/src/FirePresentation.cpp.o
[ 53%] Building CXX object CMakeFiles/judas_engine.dir/src/TerrainDemo.cpp.o
[ 53%] Building CXX object CMakeFiles/judas_engine.dir/src/TerrainLibrary.cpp.o
[ 53%] Building CXX object CMakeFiles/judas_engine.dir/src/Door.cpp.o
[ 53%] Building CXX object CMakeFiles/judas_engine.dir/src/LightSwitch.cpp.o
[ 53%] Building CXX object CMakeFiles/judas_engine.dir/src/FaithfulGravity.cpp.o
[ 53%] Building CXX object CMakeFiles/judas_engine.dir/src/RadicalGravity.cpp.o
[ 61%] Building CXX object CMakeFiles/judas_engine.dir/src/SphericalVolume.cpp.o
[ 61%] Building CXX object CMakeFiles/judas_engine.dir/src/BoxVolume.cpp.o
[ 61%] Building CXX object CMakeFiles/judas_engine.dir/src/GravityContextMap.cpp.o
[ 61%] Building CXX object CMakeFiles/judas_engine.dir/src/CelestialGravity.cpp.o
[ 61%] Building CXX object CMakeFiles/judas_engine.dir/src/AtmosphereField.cpp.o
[ 61%] Building CXX object CMakeFiles/judas_engine.dir/src/AerodynamicDrag.cpp.o
[ 61%] Building CXX object CMakeFiles/judas_engine.dir/src/VisualParticles.cpp.o
[ 61%] Building CXX object CMakeFiles/judas_engine.dir/src/Prefab.cpp.o
[ 69%] Building CXX object CMakeFiles/judas_engine.dir/src/Scene.cpp.o
[ 69%] Building CXX object CMakeFiles/judas_engine.dir/src/Ragdoll.cpp.o
[ 69%] Building CXX object CMakeFiles/judas_engine.dir/src/SceneSerialization.cpp.o
[ 69%] Building CXX object CMakeFiles/judas_engine.dir/src/SceneFingerprint.cpp.o
[ 69%] Building CXX object CMakeFiles/judas_engine.dir/src/Project.cpp.o
[ 69%] Building CXX object CMakeFiles/judas_engine.dir/src/AssetDatabase.cpp.o
[ 69%] Building CXX object CMakeFiles/judas_engine.dir/src/JobSystem.cpp.o
[ 76%] Building CXX object CMakeFiles/judas_engine.dir/src/AsyncFile.cpp.o
[ 76%] Building CXX object CMakeFiles/judas_engine.dir/src/ResourceManager.cpp.o
[ 76%] Building CXX object CMakeFiles/judas_engine.dir/src/EnginePaths.cpp.o
[ 76%] Building CXX object CMakeFiles/judas_engine.dir/src/DebugDraw.cpp.o
[ 76%] Building CXX object CMakeFiles/judas_engine.dir/src/WorldDebugView.cpp.o
[ 76%] Building CXX object CMakeFiles/judas_engine.dir/src/SceneSession.cpp.o
[ 76%] Building CXX object CMakeFiles/judas_engine.dir/src/RuntimeWorld.cpp.o
[ 76%] Building CXX object CMakeFiles/judas_engine.dir/src/GameSession.cpp.o
[ 84%] Building CXX object CMakeFiles/judas_engine.dir/src/Simulation.cpp.o
[ 84%] Building CXX object CMakeFiles/judas_engine.dir/src/WorldPresentation.cpp.o
[ 84%] Building CXX object CMakeFiles/judas_engine.dir/src/GameplayHud.cpp.o
[ 84%] Building CXX object CMakeFiles/judas_engine.dir/src/EngineHost.cpp.o
[ 84%] Building CXX object CMakeFiles/judas_engine.dir/src/InteractivePlay.cpp.o
[ 84%] Building CXX object CMakeFiles/judas_engine.dir/src/ScreenshotWriter.cpp.o
[ 84%] Building CXX object CMakeFiles/judas_engine.dir/src/FidelityPolicy.cpp.o
[ 84%] Building CXX object CMakeFiles/judas_engine.dir/src/CoarseSimulation.cpp.o
[ 92%] Building CXX object CMakeFiles/judas_engine.dir/src/WorldState.cpp.o
[ 92%] Building CXX object CMakeFiles/judas_engine.dir/src/JointSolver.cpp.o
[ 92%] Building CXX object CMakeFiles/judas_engine.dir/src/PhysicsCastGeometry.cpp.o
[ 92%] Building CXX object CMakeFiles/judas_engine.dir/src/ImpactSolver.cpp.o
[ 92%] Building CXX object CMakeFiles/judas_engine.dir/src/RigidBody.cpp.o
[ 92%] Building CXX object CMakeFiles/judas_engine.dir/src/RigidBodyGravity.cpp.o
[ 92%] Building CXX object CMakeFiles/judas_engine.dir/src/Contacts.cpp.o
[ 92%] Building CXX object CMakeFiles/judas_engine.dir/src/ContactSolver.cpp.o
[100%] Building CXX object CMakeFiles/judas_engine.dir/src/RadialTerrain.cpp.o
[100%] Building CXX object CMakeFiles/judas_engine.dir/src/Broadphase.cpp.o
[100%] Building CXX object CMakeFiles/judas_engine.dir/src/Narrowphase.cpp.o
[100%] Building CXX object CMakeFiles/judas_engine.dir/src/PhysicsWorld.cpp.o
[100%] Linking CXX static library libjudas_engine.a
[100%] Built target judas_engine
[100%] Building CXX object CMakeFiles/judas.dir/src/Application.cpp.o
[100%] Building CXX object CMakeFiles/judas.dir/src/RuntimeOptions.cpp.o
[100%] Building CXX object CMakeFiles/judas.dir/src/main.cpp.o
[100%] Building CXX object CMakeFiles/judas.dir/src/RuntimeDiagnostics.cpp.o
[100%] Building CXX object CMakeFiles/judas.dir/src/TestHarness.cpp.o
[100%] Linking CXX executable judas
[100%] Built target judas
[  6%] Building CXX object CMakeFiles/judas_imgui.dir/third_party/imgui/imgui.cpp.o
[  6%] Built target judas_glad
[  6%] Built target judas_audio_backend
[ 13%] Built target judas_quickjs
[ 13%] Building CXX object CMakeFiles/judas_imgui.dir/third_party/imgui/imgui_widgets.cpp.o
[ 13%] Building CXX object CMakeFiles/judas_imgui.dir/third_party/imgui/imgui_draw.cpp.o
[ 13%] Building CXX object CMakeFiles/judas_imgui.dir/third_party/imgui/imgui_tables.cpp.o
[ 13%] Building CXX object CMakeFiles/judas_imgui.dir/third_party/imgui/backends/imgui_impl_sdl2.cpp.o
[ 13%] Building CXX object CMakeFiles/judas_imgui.dir/third_party/imgui/backends/imgui_impl_opengl3.cpp.o
[ 93%] Built target judas_engine
[ 93%] Linking CXX static library libjudas_imgui.a
[ 93%] Built target judas_imgui
[ 93%] Building CXX object CMakeFiles/judas_editor.dir/src/editor/EditorHistory.cpp.o
[ 93%] Building CXX object CMakeFiles/judas_editor.dir/src/editor/EditorCamera.cpp.o
[ 93%] Building CXX object CMakeFiles/judas_editor.dir/src/editor/EditorApplication.cpp.o
[ 93%] Building CXX object CMakeFiles/judas_editor.dir/src/editor/EditorMain.cpp.o
[ 93%] Building CXX object CMakeFiles/judas_editor.dir/src/editor/EditorPanels.cpp.o
[ 93%] Building CXX object CMakeFiles/judas_editor.dir/src/editor/EditorWidgets.cpp.o
[100%] Building CXX object CMakeFiles/judas_editor.dir/src/editor/ComponentEditors.cpp.o
[100%] Building CXX object CMakeFiles/judas_editor.dir/src/editor/GizmoMath.cpp.o
[100%] Linking CXX executable judas_editor
[100%] Built target judas_editor
[  7%] Built target judas_glad
[  7%] Built target judas_audio_backend
[  7%] Built target judas_quickjs
[100%] Built target judas_engine
[100%] Building CXX object CMakeFiles/judas_export.dir/src/ExportMain.cpp.o
[100%] Linking CXX executable judas_export
[100%] Built target judas_export
[  0%] Built target judas_glad
[  0%] Built target judas_audio_backend
[  7%] Built target judas_quickjs
[ 92%] Built target judas_engine
[ 92%] Building CXX object CMakeFiles/judas_shooter_game_tests.dir/tests/ShooterGameTests.cpp.o
[100%] Linking CXX executable judas_shooter_game_tests
[100%] Built target judas_shooter_game_tests
[  0%] Built target judas_glad
[  0%] Built target judas_audio_backend
[  7%] Built target judas_quickjs
[ 92%] Built target judas_engine
[100%] Building CXX object CMakeFiles/judas_shooter_application_tests.dir/src/RuntimeDiagnostics.cpp.o
[100%] Building CXX object CMakeFiles/judas_shooter_application_tests.dir/src/RuntimeOptions.cpp.o
[100%] Building CXX object CMakeFiles/judas_shooter_application_tests.dir/src/Application.cpp.o
[100%] Building CXX object CMakeFiles/judas_shooter_application_tests.dir/tests/ShooterApplicationTests.cpp.o
[100%] Building CXX object CMakeFiles/judas_shooter_application_tests.dir/src/TestHarness.cpp.o
[100%] Linking CXX executable judas_shooter_application_tests
[100%] Built target judas_shooter_application_tests
[  7%] Built target judas_glad
[  7%] Built target judas_audio_backend
[  7%] Built target judas_quickjs
[ 92%] Built target judas_engine
[ 92%] Building CXX object CMakeFiles/judasjs_examples_tests.dir/tests/JudasJSExamplesTests.cpp.o
[100%] Linking CXX executable judasjs_examples_tests
[100%] Built target judasjs_examples_tests
[  7%] Built target judas_glad
[  7%] Built target judas_audio_backend
[  7%] Built target judas_quickjs
[ 92%] Built target judas_engine
[100%] Building CXX object CMakeFiles/judas_joint_tests.dir/tests/JointTests.cpp.o
[100%] Linking CXX executable judas_joint_tests
[100%] Built target judas_joint_tests
[  7%] Built target judas_glad
[  7%] Built target judas_audio_backend
[  7%] Built target judas_quickjs
[100%] Built target judas_engine
[100%] Building CXX object CMakeFiles/judas_script_tests.dir/tests/ScriptTests.cpp.o
[100%] Linking CXX executable judas_script_tests
[100%] Built target judas_script_tests
