[  0%] Built target judas_audio_backend
[  0%] Built target judas_glad
[  0%] Built target judas_quickjs
[  0%] Building CXX object CMakeFiles/judas_engine.dir/src/ScriptSystem.cpp.o
[  0%] Linking CXX static library libjudas_engine.a
[100%] Built target judas_engine
[100%] Building CXX object CMakeFiles/judas_shooter_game_tests.dir/tests/ShooterGameTests.cpp.o
/home/conner/Documents/GitHub/Project-Judas/tests/ShooterGameTests.cpp: In function ‘int main()’:
/home/conner/Documents/GitHub/Project-Judas/tests/ShooterGameTests.cpp:33:105: error: ‘class RuntimeWorld’ has no member named ‘QueryTags’
   33 |  Check(world.Scripts()->Diagnostics().empty(),"all real game scripts start without errors");Check(world.QueryTags({0},{}).size()==12,"twelve independently tagged plates");
      |                                                                                                         ^~~~~~~~~
/home/conner/Documents/GitHub/Project-Judas/tests/ShooterGameTests.cpp:38:14: error: ‘class RuntimeWorld’ has no member named ‘mainView’
   38 |  Check(world.mainView&&world.mainView->position.z>world.RuntimeDefinition(10)->transform.position.z+2,"third-person view uses separate camera boom");
      |              ^~~~~~~~
/home/conner/Documents/GitHub/Project-Judas/tests/ShooterGameTests.cpp:38:30: error: ‘class RuntimeWorld’ has no member named ‘mainView’
   38 |  Check(world.mainView&&world.mainView->position.z>world.RuntimeDefinition(10)->transform.position.z+2,"third-person view uses separate camera boom");
      |                              ^~~~~~~~
/home/conner/Documents/GitHub/Project-Judas/tests/ShooterGameTests.cpp:58:125: error: inconsistent deduction for ‘auto’: ‘double’ and then ‘glm::vec<3, float, glm::packed_highp>’
   58 |  press("key:Escape");Check(world.UI().Paused()&&!world.pointerCapture,"pause owns modal UI and releases requested pointer");auto pausedShots=Number(state(),"shots"),pausedPos=world.RuntimeDefinition(10)->transform.position;
      |                                                                                                                             ^~~~
gmake[3]: *** [CMakeFiles/judas_shooter_game_tests.dir/build.make:79: CMakeFiles/judas_shooter_game_tests.dir/tests/ShooterGameTests.cpp.o] Error 1
gmake[2]: *** [CMakeFiles/Makefile2:4136: CMakeFiles/judas_shooter_game_tests.dir/all] Error 2
gmake[1]: *** [CMakeFiles/Makefile2:4143: CMakeFiles/judas_shooter_game_tests.dir/rule] Error 2
gmake: *** [Makefile:1541: judas_shooter_game_tests] Error 2
