[  0%] Built target judas_audio_backend
[  0%] Built target judas_glad
[  7%] Built target judas_quickjs
[ 92%] Built target judas_engine
[100%] Building CXX object CMakeFiles/judas_shooter_application_tests.dir/src/RuntimeDiagnostics.cpp.o
[100%] Building CXX object CMakeFiles/judas_shooter_application_tests.dir/src/RuntimeOptions.cpp.o
[100%] Building CXX object CMakeFiles/judas_shooter_application_tests.dir/tests/ShooterApplicationTests.cpp.o
[100%] Building CXX object CMakeFiles/judas_shooter_application_tests.dir/src/Application.cpp.o
[100%] Building CXX object CMakeFiles/judas_shooter_application_tests.dir/src/TestHarness.cpp.o
/home/conner/Documents/GitHub/Project-Judas/tests/ShooterApplicationTests.cpp: In lambda function:
/home/conner/Documents/GitHub/Project-Judas/tests/ShooterApplicationTests.cpp:23:3: warning: this ‘if’ clause does not guard... [-Wmisleading-indentation]
   23 |   if(perf)return;auto& i=h.GetWindow().Input();
      |   ^~
/home/conner/Documents/GitHub/Project-Judas/tests/ShooterApplicationTests.cpp:23:18: note: ...this statement, but the latter is misleadingly indented as if it were guarded by the ‘if’
   23 |   if(perf)return;auto& i=h.GetWindow().Input();
      |                  ^~~~
/home/conner/Documents/GitHub/Project-Judas/tests/ShooterApplicationTests.cpp:26:3: warning: this ‘if’ clause does not guard... [-Wmisleading-indentation]
   26 |   if(frame==60)i.SetPhysical("key:V",1);if(frame==61)i.SetPhysical("key:V",0);
      |   ^~
/home/conner/Documents/GitHub/Project-Judas/tests/ShooterApplicationTests.cpp:26:41: note: ...this statement, but the latter is misleadingly indented as if it were guarded by the ‘if’
   26 |   if(frame==60)i.SetPhysical("key:V",1);if(frame==61)i.SetPhysical("key:V",0);
      |                                         ^~
/home/conner/Documents/GitHub/Project-Judas/tests/ShooterApplicationTests.cpp:27:3: warning: this ‘if’ clause does not guard... [-Wmisleading-indentation]
   27 |   if(frame==85)i.SetPhysical("key:Escape",1);if(frame==86)i.SetPhysical("key:Escape",0);
      |   ^~
/home/conner/Documents/GitHub/Project-Judas/tests/ShooterApplicationTests.cpp:27:46: note: ...this statement, but the latter is misleadingly indented as if it were guarded by the ‘if’
   27 |   if(frame==85)i.SetPhysical("key:Escape",1);if(frame==86)i.SetPhysical("key:Escape",0);
      |                                              ^~
/home/conner/Documents/GitHub/Project-Judas/tests/ShooterApplicationTests.cpp:28:3: warning: this ‘if’ clause does not guard... [-Wmisleading-indentation]
   28 |   if(frame==105)i.SetPhysical("key:Return",1);if(frame==106)i.SetPhysical("key:Return",0);
      |   ^~
/home/conner/Documents/GitHub/Project-Judas/tests/ShooterApplicationTests.cpp:28:47: note: ...this statement, but the latter is misleadingly indented as if it were guarded by the ‘if’
   28 |   if(frame==105)i.SetPhysical("key:Return",1);if(frame==106)i.SetPhysical("key:Return",0);
      |                                               ^~
/home/conner/Documents/GitHub/Project-Judas/tests/ShooterApplicationTests.cpp:29:3: warning: this ‘if’ clause does not guard... [-Wmisleading-indentation]
   29 |   if(frame==140)i.SetPhysical("key:R",1);if(frame==141)i.SetPhysical("key:R",0);
      |   ^~
/home/conner/Documents/GitHub/Project-Judas/tests/ShooterApplicationTests.cpp:29:42: note: ...this statement, but the latter is misleadingly indented as if it were guarded by the ‘if’
   29 |   if(frame==140)i.SetPhysical("key:R",1);if(frame==141)i.SetPhysical("key:R",0);
      |                                          ^~
/home/conner/Documents/GitHub/Project-Judas/tests/ShooterApplicationTests.cpp: In lambda function:
/home/conner/Documents/GitHub/Project-Judas/tests/ShooterApplicationTests.cpp:32:3: warning: this ‘if’ clause does not guard... [-Wmisleading-indentation]
   32 |   if(perf&&frame>=30)ms.push_back(wall);csv<<frame<<','<<cpu<<','<<play.LastSceneMilliseconds()<<','<<play.LastFixedStepsThisFrame()<<','<<wall<<'\n';
      |   ^~
/home/conner/Documents/GitHub/Project-Judas/tests/ShooterApplicationTests.cpp:32:41: note: ...this statement, but the latter is misleadingly indented as if it were guarded by the ‘if’
   32 |   if(perf&&frame>=30)ms.push_back(wall);csv<<frame<<','<<cpu<<','<<play.LastSceneMilliseconds()<<','<<play.LastFixedStepsThisFrame()<<','<<wall<<'\n';
      |                                         ^~~
[100%] Linking CXX executable judas_shooter_application_tests
[100%] Built target judas_shooter_application_tests
