IDLE service_ns=3.33200 entities=56 bodies=41 owners=0
SAMPLE save capture=6.117077 worker=94.590703 restore=0.000000 frame=32.121457 bytes=82747 entities=56 bodies=41 owners=9 rss=239341568
SAMPLE load capture=0.000000 worker=13.459703 restore=65.247058 frame=50.194658 bytes=82747 entities=56 bodies=41 owners=9 rss=255229952
FIRST_RESUME frame_ms=71.879380 entities=56 bodies=41 owners=9 voices=1 jobs=0
SAMPLE save capture=4.598987 worker=101.418685 restore=0.000000 frame=31.523003 bytes=89072 entities=56 bodies=41 owners=9 rss=255229952
SAMPLE load capture=0.000000 worker=15.490504 restore=92.369140 frame=49.332159 bytes=89072 entities=56 bodies=41 owners=9 rss=255229952
FIRST_RESUME frame_ms=43.067328 entities=56 bodies=41 owners=9 voices=1 jobs=1
SAMPLE save capture=4.359159 worker=121.227122 restore=0.000000 frame=37.358265 bytes=89072 entities=56 bodies=41 owners=9 rss=271831040
SAMPLE load capture=0.000000 worker=21.173062 restore=101.789432 frame=59.186923 bytes=89072 entities=56 bodies=41 owners=9 rss=271831040
FIRST_RESUME frame_ms=44.068318 entities=56 bodies=41 owners=9 voices=1 jobs=1
SAMPLE save capture=6.460883 worker=135.803194 restore=0.000000 frame=39.583345 bytes=89075 entities=56 bodies=41 owners=9 rss=282116096
SAMPLE load capture=0.000000 worker=15.490055 restore=105.001708 frame=57.437902 bytes=89075 entities=56 bodies=41 owners=9 rss=282116096
FIRST_RESUME frame_ms=48.459403 entities=56 bodies=41 owners=9 voices=1 jobs=1
SAMPLE save capture=4.564065 worker=130.705966 restore=0.000000 frame=39.402514 bytes=89075 entities=56 bodies=41 owners=9 rss=283623424
SAMPLE load capture=0.000000 worker=15.308395 restore=104.383088 frame=61.072094 bytes=89075 entities=56 bodies=41 owners=9 rss=283623424
FIRST_RESUME frame_ms=51.023795 entities=56 bodies=41 owners=9 voices=1 jobs=1
SAMPLE save capture=6.531278 worker=110.478616 restore=0.000000 frame=37.490248 bytes=89075 entities=56 bodies=41 owners=9 rss=283623424
SAMPLE load capture=0.000000 worker=14.672405 restore=106.021471 frame=69.245287 bytes=89075 entities=56 bodies=41 owners=9 rss=283672576
FIRST_RESUME frame_ms=49.751623 entities=56 bodies=41 owners=9 voices=1 jobs=1
SAMPLE save capture=8.366018 worker=130.102424 restore=0.000000 frame=40.844113 bytes=89075 entities=56 bodies=41 owners=9 rss=283672576
SAMPLE load capture=0.000000 worker=15.130258 restore=98.027057 frame=57.628203 bytes=89075 entities=56 bodies=41 owners=9 rss=283734016
FIRST_RESUME frame_ms=44.830127 entities=56 bodies=41 owners=9 voices=1 jobs=1
PASS seven save/load cycles complete with bounded native counts
libEGL warning: Not allowed to force software rendering when API explicitly selects a hardware device.
Renderer fragment texture units: 32 (material path uses 12)
Project: Judas Save / Load State Lab (/home/conner/Documents/GitHub/Project-Judas/projects/save_lab/save_lab.judasproj)
Scene: Save Lab / waves, cup, poses and music (/home/conner/Documents/GitHub/Project-Judas/projects/save_lab/Scenes/lab.judas)
World origin (m): 1000000000000.000, -2000000000000.000, 3000000000000.000
