IDLE service_ns=6.54300 entities=27 bodies=10 owners=0
SAMPLE save capture=7.423384 worker=90.516109 restore=0.000000 frame=18.713725 bytes=23833 entities=27 bodies=10 owners=0 rss=248074240
SAMPLE load capture=0.000000 worker=14.038060 restore=113.005447 frame=48.998034 bytes=23833 entities=27 bodies=10 owners=0 rss=248074240
FIRST_RESUME frame_ms=21.826932 entities=27 bodies=10 owners=0 voices=5 jobs=1
SAMPLE save capture=7.948133 worker=111.051230 restore=0.000000 frame=19.686483 bytes=23890 entities=27 bodies=10 owners=0 rss=248074240
SAMPLE load capture=0.000000 worker=13.823422 restore=105.447745 frame=43.142436 bytes=23890 entities=27 bodies=10 owners=0 rss=262348800
FIRST_RESUME frame_ms=22.336025 entities=27 bodies=10 owners=0 voices=5 jobs=1
SAMPLE save capture=8.389156 worker=108.762142 restore=0.000000 frame=17.683328 bytes=23928 entities=27 bodies=10 owners=0 rss=262348800
SAMPLE load capture=0.000000 worker=15.413392 restore=112.799682 frame=43.914650 bytes=23928 entities=27 bodies=10 owners=0 rss=262348800
FIRST_RESUME frame_ms=20.475230 entities=27 bodies=10 owners=0 voices=5 jobs=1
SAMPLE save capture=7.406851 worker=101.003546 restore=0.000000 frame=21.090288 bytes=23937 entities=27 bodies=10 owners=0 rss=282320896
SAMPLE load capture=0.000000 worker=13.381935 restore=106.569708 frame=43.293228 bytes=23937 entities=27 bodies=10 owners=0 rss=282320896
FIRST_RESUME frame_ms=20.640309 entities=27 bodies=10 owners=0 voices=5 jobs=1
SAMPLE save capture=7.566552 worker=126.729511 restore=0.000000 frame=16.887137 bytes=23937 entities=27 bodies=10 owners=0 rss=283394048
SAMPLE load capture=0.000000 worker=13.571101 restore=104.330219 frame=57.226707 bytes=23937 entities=27 bodies=10 owners=0 rss=283394048
FIRST_RESUME frame_ms=22.555249 entities=27 bodies=10 owners=0 voices=5 jobs=1
SAMPLE save capture=7.889118 worker=99.380800 restore=0.000000 frame=18.231704 bytes=23936 entities=27 bodies=10 owners=0 rss=283394048
SAMPLE load capture=0.000000 worker=11.066932 restore=112.955568 frame=57.960544 bytes=23936 entities=27 bodies=10 owners=0 rss=284467200
FIRST_RESUME frame_ms=24.180520 entities=27 bodies=10 owners=0 voices=5 jobs=1
SAMPLE save capture=8.569435 worker=373.680218 restore=0.000000 frame=15.766067 bytes=23936 entities=27 bodies=10 owners=0 rss=284467200
SAMPLE load capture=0.000000 worker=12.355993 restore=105.599456 frame=40.686091 bytes=23936 entities=27 bodies=10 owners=0 rss=284508160
FIRST_RESUME frame_ms=20.445832 entities=27 bodies=10 owners=0 voices=5 jobs=1
PASS seven save/load cycles complete with bounded native counts
libEGL warning: Not allowed to force software rendering when API explicitly selects a hardware device.
Renderer fragment texture units: 32 (material path uses 12)
World state: disk saves disabled for additive compositions
Project: Streamed Spring Range (/home/conner/Documents/GitHub/Project-Judas/projects/streamed_range/streamed_range.judasproj)
Scene: Streamed Spring Range (/home/conner/Documents/GitHub/Project-Judas/projects/streamed_range/Scenes/bootstrap.judas)
World origin (m): 0.000, 0.000, 0.000
Localization: missing localization key save.queued
Localization: missing localization key save.selected
Localization: missing localization key range.score
Localization: missing localization key range.progress
Localization: missing localization key range.start
Localization: missing localization key range.language
Localization: missing localization key range.title
Localization: missing localization key range.controls
Localization: missing localization key stream.wait
Localization: missing localization key save.working
Localization: missing localization key save.selected
Localization: missing localization key save.completed
Localization: missing localization key save.selected
