IDLE service_ns=6.56200 entities=1 bodies=1 owners=0
SAMPLE save capture=0.110621 worker=98.654146 restore=0.000000 frame=1.533518 bytes=1316 entities=1 bodies=1 owners=0 rss=181530624
SAMPLE load capture=0.000000 worker=6.772673 restore=0.216781 frame=0.768296 bytes=1316 entities=1 bodies=1 owners=0 rss=181530624
FIRST_RESUME frame_ms=1.026677 entities=1 bodies=1 owners=0 voices=0 jobs=0
SAMPLE save capture=0.058610 worker=90.611018 restore=0.000000 frame=1.096087 bytes=1316 entities=1 bodies=1 owners=0 rss=181530624
SAMPLE load capture=0.000000 worker=7.424282 restore=0.379615 frame=1.321436 bytes=1316 entities=1 bodies=1 owners=0 rss=181530624
FIRST_RESUME frame_ms=0.827438 entities=1 bodies=1 owners=0 voices=0 jobs=0
SAMPLE save capture=0.070591 worker=94.299262 restore=0.000000 frame=1.055448 bytes=1316 entities=1 bodies=1 owners=0 rss=181530624
SAMPLE load capture=0.000000 worker=6.809249 restore=0.205721 frame=1.302671 bytes=1316 entities=1 bodies=1 owners=0 rss=181530624
FIRST_RESUME frame_ms=1.413626 entities=1 bodies=1 owners=0 voices=0 jobs=0
SAMPLE save capture=0.061153 worker=97.674705 restore=0.000000 frame=0.842930 bytes=1316 entities=1 bodies=1 owners=0 rss=181530624
SAMPLE load capture=0.000000 worker=7.535589 restore=0.256066 frame=1.417730 bytes=1316 entities=1 bodies=1 owners=0 rss=181530624
FIRST_RESUME frame_ms=1.545892 entities=1 bodies=1 owners=0 voices=0 jobs=0
SAMPLE save capture=0.067322 worker=105.240778 restore=0.000000 frame=2.062910 bytes=1316 entities=1 bodies=1 owners=0 rss=181530624
SAMPLE load capture=0.000000 worker=8.199614 restore=0.271862 frame=1.371232 bytes=1316 entities=1 bodies=1 owners=0 rss=181530624
FIRST_RESUME frame_ms=1.895922 entities=1 bodies=1 owners=0 voices=0 jobs=0
SAMPLE save capture=0.098588 worker=107.903985 restore=0.000000 frame=1.876476 bytes=1316 entities=1 bodies=1 owners=0 rss=224473088
SAMPLE load capture=0.000000 worker=7.188462 restore=0.237336 frame=1.058100 bytes=1316 entities=1 bodies=1 owners=0 rss=224473088
FIRST_RESUME frame_ms=1.738676 entities=1 bodies=1 owners=0 voices=0 jobs=0
SAMPLE save capture=0.059970 worker=99.353188 restore=0.000000 frame=1.081249 bytes=1316 entities=1 bodies=1 owners=0 rss=224473088
SAMPLE load capture=0.000000 worker=6.971269 restore=0.411239 frame=1.162015 bytes=1316 entities=1 bodies=1 owners=0 rss=224473088
FIRST_RESUME frame_ms=1.401040 entities=1 bodies=1 owners=0 voices=0 jobs=0
PASS seven save/load cycles complete with bounded native counts
libEGL warning: Not allowed to force software rendering when API explicitly selects a hardware device.
Renderer fragment texture units: 32 (material path uses 12)
Project: M61 simple measurement (/home/conner/Documents/GitHub/Project-Judas/.cache/m61-simple/simple.judasproj)
Scene: M61 simple (/home/conner/Documents/GitHub/Project-Judas/.cache/m61-simple/Scenes/main.judas)
World origin (m): 0.000, 0.000, 0.000
