JS: {"t":0.02,"mode":"air","p":[0,19.32,-134],"v":[0,-0.22,0],"sup":false,"spd":0,"cr":false,"ev":""}
JS: checkpoint 4 0.00
JS: {"t":0.03,"mode":"air","p":[0,19.32,-134],"v":[0,-0.44,0],"sup":false,"spd":0,"cr":false,"ev":""}
JS: {"t":0.05,"mode":"air","p":[0,19.31,-134],"v":[0,-0.66,0],"sup":false,"spd":0,"cr":false,"ev":""}
JS: {"t":0.07,"mode":"air","p":[0,19.3,-134],"v":[0,-0.88,0],"sup":false,"spd":0,"cr":false,"ev":""}
JS: {"t":0.08,"mode":"air","p":[0,19.28,-134],"v":[0,-1.1,0],"sup":false,"spd":0,"cr":false,"ev":""}
JS: {"t":0.1,"mode":"air","p":[0,19.26,-134],"v":[0,-1.32,0],"sup":false,"spd":0,"cr":false,"ev":""}
JS: {"t":0.12,"mode":"air","p":[0,19.24,-134],"v":[0,-1.55,0],"sup":false,"spd":0,"cr":false,"ev":""}
JS: {"t":0.13,"mode":"air","p":[0,19.22,-134],"v":[0,-1.77,0],"sup":false,"spd":0,"cr":false,"ev":""}
JS: {"t":0.15,"mode":"air","p":[0,19.19,-134],"v":[0,-1.99,0],"sup":false,"spd":0,"cr":false,"ev":""}
JS: {"t":0.17,"mode":"air","p":[0,19.15,-134],"v":[0,-2.21,0],"sup":false,"spd":0,"cr":false,"ev":""}
JS: {"t":0.18,"mode":"air","p":[0,19.12,-134],"v":[0,-2.43,0],"sup":false,"spd":0,"cr":false,"ev":""}
JS: {"t":0.2,"mode":"air","p":[0,19.08,-134],"v":[0,-2.65,0],"sup":false,"spd":0,"cr":false,"ev":""}
JS: {"t":0.22,"mode":"air","p":[0,19.03,-134],"v":[0,-2.87,0],"sup":false,"spd":0,"cr":false,"ev":""}
JS: {"t":0.23,"mode":"air","p":[0,18.99,-134],"v":[0,-3.09,0],"sup":false,"spd":0,"cr":false,"ev":""}
JS: {"t":0.25,"mode":"air","p":[0,18.93,-134],"v":[0,-3.31,0],"sup":false,"spd":0,"cr":false,"ev":""}
JS: {"t":0.27,"mode":"air","p":[0,18.88,-134],"v":[0,-3.53,0],"sup":false,"spd":0,"cr":false,"ev":""}
JS: {"t":0.28,"mode":"air","p":[0,18.82,-134],"v":[0,-3.75,0],"sup":false,"spd":0,"cr":false,"ev":""}
JS: {"t":0.3,"mode":"air","p":[0,18.76,-134],"v":[0,-3.97,0],"sup":false,"spd":0,"cr":false,"ev":""}
JS: {"t":0.32,"mode":"air","p":[0,18.69,-134],"v":[0,-4.19,0],"sup":false,"spd":0,"cr":false,"ev":""}
JS: {"t":0.33,"mode":"air","p":[0,18.62,-134],"v":[0,-4.41,0],"sup":false,"spd":0,"cr":false,"ev":""}
JS: {"t":0.35,"mode":"ground","p":[0,18.55,-134],"v":[0,-0.6,0],"sup":true,"spd":0,"cr":false,"ev":""}
JS: {"t":0.37,"mode":"ground","p":[0,18.45,-134],"v":[0,-0.6,0],"sup":true,"spd":0,"cr":false,"ev":""}
JS: {"t":0.38,"mode":"ground","p":[0,18.45,-134],"v":[0,-0.6,0],"sup":true,"spd":0,"cr":false,"ev":""}
JS: {"t":0.4,"mode":"ground","p":[0,18.45,-133.99],"v":[0,-0.6,0],"sup":true,"spd":0,"cr":false,"ev":""}
JS: {"t":0.42,"mode":"ground","p":[0,18.45,-133.99],"v":[0,-0.6,0],"sup":true,"spd":0,"cr":false,"ev":""}
JS: {"t":0.43,"mode":"ground","p":[0,18.45,-133.99],"v":[0,-0.6,0],"sup":true,"spd":0,"cr":false,"ev":""}
JS: {"t":0.45,"mode":"ground","p":[0,18.45,-133.99],"v":[0,-0.6,0],"sup":true,"spd":0,"cr":false,"ev":""}
JS: {"t":0.47,"mode":"ground","p":[0,18.45,-133.99],"v":[0,-0.6,0],"sup":true,"spd":0,"cr":false,"ev":""}
JS: {"t":0.48,"mode":"ground","p":[0,18.45,-133.98],"v":[0,-0.6,0],"sup":true,"spd":0,"cr":false,"ev":""}
JS: {"t":0.5,"mode":"ground","p":[0,18.45,-133.98],"v":[0,-0.6,0],"sup":true,"spd":0,"cr":false,"ev":""}
JS: {"t":0.52,"mode":"ground","p":[0,18.45,-133.98],"v":[0,-0.6,0],"sup":true,"spd":0,"cr":false,"ev":""}
JS: {"t":0.53,"mode":"ground","p":[0,18.45,-133.98],"v":[0,-0.6,0],"sup":true,"spd":0,"cr":false,"ev":""}
JS: {"t":0.55,"mode":"ground","p":[0,18.45,-133.98],"v":[0,-0.6,0],"sup":true,"spd":0,"cr":false,"ev":""}
JS: {"t":0.57,"mode":"ground","p":[0,18.44,-133.98],"v":[0,-0.6,0],"sup":true,"spd":0,"cr":false,"ev":""}
JS: {"t":0.58,"mode":"ground","p":[0,18.44,-133.97],"v":[0,-0.6,0],"sup":true,"spd":0,"cr":false,"ev":""}
JS: {"t":0.6,"mode":"ground","p":[0,18.44,-133.97],"v":[0,-0.6,0],"sup":true,"spd":0,"cr":false,"ev":""}
JS: {"t":0.62,"mode":"ground","p":[0,18.44,-133.97],"v":[0,-0.6,0],"sup":true,"spd":0,"cr":false,"ev":""}
JS: {"t":0.63,"mode":"ground","p":[0,18.44,-133.97],"v":[0,-0.6,0],"sup":true,"spd":0,"cr":false,"ev":""}
JS: {"t":0.65,"mode":"ground","p":[0,18.44,-133.97],"v":[0,-0.6,0],"sup":true,"spd":0,"cr":false,"ev":""}
JS: {"t":0.67,"mode":"ground","p":[0,18.44,-133.96],"v":[0,-0.6,0],"sup":true,"spd":0,"cr":false,"ev":""}
JS: {"t":0.68,"mode":"ground","p":[0,18.44,-133.96],"v":[0,-0.6,0],"sup":true,"spd":0,"cr":false,"ev":""}
JS: {"t":0.7,"mode":"ground","p":[0,18.44,-133.96],"v":[0,-0.6,0],"sup":true,"spd":0,"cr":false,"ev":""}
JS: {"t":0.72,"mode":"ground","p":[0,18.44,-133.96],"v":[0,-0.6,0],"sup":true,"spd":0,"cr":false,"ev":""}
JS: {"t":0.73,"mode":"ground","p":[0,18.44,-133.96],"v":[0,-0.6,0],"sup":true,"spd":0,"cr":false,"ev":""}
JS: {"t":0.75,"mode":"ground","p":[0,18.44,-133.95],"v":[0,-0.6,0],"sup":true,"spd":0,"cr":false,"ev":""}
JS: {"t":0.77,"mode":"ground","p":[0,18.44,-133.95],"v":[0,-0.6,0],"sup":true,"spd":0,"cr":false,"ev":""}
JS: {"t":0.78,"mode":"ground","p":[0,18.44,-133.95],"v":[0,-0.6,0],"sup":true,"spd":0,"cr":false,"ev":""}
JS: {"t":0.8,"mode":"ground","p":[0,18.44,-133.95],"v":[0,-0.6,0],"sup":true,"spd":0,"cr":false,"ev":""}
JS: {"t":0.82,"mode":"ground","p":[0,18.44,-133.95],"v":[0,-0.6,0],"sup":true,"spd":0,"cr":false,"ev":""}
JS: {"t":0.83,"mode":"ground","p":[0,18.44,-133.94],"v":[0,-0.6,0],"sup":true,"spd":0,"cr":false,"ev":""}
JS: {"t":0.85,"mode":"ground","p":[0,18.44,-133.94],"v":[0,-0.6,0],"sup":true,"spd":0,"cr":false,"ev":""}
JS: {"t":0.87,"mode":"ground","p":[0,18.44,-133.94],"v":[0,-0.6,0],"sup":true,"spd":0,"cr":false,"ev":""}
JS: {"t":0.88,"mode":"ground","p":[0,18.44,-133.94],"v":[0,-0.6,0],"sup":true,"spd":0,"cr":false,"ev":""}
JS: {"t":0.9,"mode":"ground","p":[0,18.44,-133.94],"v":[0,-0.6,0],"sup":true,"spd":0,"cr":false,"ev":""}
JS: {"t":0.92,"mode":"ground","p":[0,18.44,-133.93],"v":[0,-0.6,0],"sup":true,"spd":0,"cr":false,"ev":""}
JS: {"t":0.93,"mode":"ground","p":[0,18.44,-133.93],"v":[0,-0.6,0],"sup":true,"spd":0,"cr":false,"ev":""}
JS: {"t":0.95,"mode":"ground","p":[0,18.44,-133.93],"v":[0,-0.6,0],"sup":true,"spd":0,"cr":false,"ev":""}
JS: {"t":0.97,"mode":"ground","p":[0,18.44,-133.93],"v":[0,-0.6,0],"sup":true,"spd":0,"cr":false,"ev":""}
JS: {"t":0.98,"mode":"ground","p":[0,18.44,-133.93],"v":[0,-0.6,0],"sup":true,"spd":0,"cr":false,"ev":""}
JS: {"t":1,"mode":"ground","p":[0,18.43,-133.93],"v":[0,-0.54,-0.29],"sup":true,"spd":0.3,"cr":false,"ev":""}
JS: {"t":1.02,"mode":"ground","p":[0,18.44,-133.93],"v":[0,-0.48,-0.59],"sup":true,"spd":0.6,"cr":false,"ev":""}
JS: {"t":1.03,"mode":"ground","p":[0,18.44,-133.94],"v":[0,-0.42,-0.88],"sup":true,"spd":0.9,"cr":false,"ev":""}
JS: {"t":1.05,"mode":"ground","p":[0,18.44,-133.95],"v":[0,-0.36,-1.18],"sup":true,"spd":1.2,"cr":false,"ev":""}
JS: {"t":1.07,"mode":"ground","p":[0,18.44,-133.97],"v":[0,-0.31,-1.47],"sup":true,"spd":1.5,"cr":false,"ev":""}
JS: {"t":1.08,"mode":"ground","p":[0,18.45,-133.99],"v":[0,-0.25,-1.77],"sup":true,"spd":1.8,"cr":false,"ev":""}
JS: {"t":1.1,"mode":"ground","p":[0,18.45,-134.02],"v":[0,-0.19,-2.06],"sup":true,"spd":2.1,"cr":false,"ev":""}
JS: {"t":1.12,"mode":"ground","p":[0,18.46,-134.05],"v":[0,-0.13,-2.35],"sup":true,"spd":2.4,"cr":false,"ev":""}
JS: {"t":1.13,"mode":"ground","p":[0,18.47,-134.09],"v":[0,-0.07,-2.65],"sup":true,"spd":2.7,"cr":false,"ev":""}
JS: {"t":1.15,"mode":"ground","p":[0,18.48,-134.13],"v":[0,-0.01,-2.94],"sup":true,"spd":3,"cr":false,"ev":""}
JS: {"t":1.17,"mode":"ground","p":[0,18.48,-134.18],"v":[0,0.05,-3.24],"sup":true,"spd":3.3,"cr":false,"ev":""}
JS: {"t":1.18,"mode":"ground","p":[0,18.5,-134.23],"v":[0,0.11,-3.53],"sup":true,"spd":3.6,"cr":false,"ev":""}
JS: {"t":1.2,"mode":"ground","p":[0,18.51,-134.28],"v":[0,0.16,-3.82],"sup":true,"spd":3.9,"cr":false,"ev":""}
JS: {"t":1.22,"mode":"ground","p":[0,18.52,-134.35],"v":[0,0.22,-4.12],"sup":true,"spd":4.2,"cr":false,"ev":""}
JS: {"t":1.23,"mode":"ground","p":[0,18.53,-134.41],"v":[0,0.24,-4.22],"sup":true,"spd":4.3,"cr":false,"ev":""}
JS: {"t":1.25,"mode":"ground","p":[0,18.55,-134.48],"v":[0,0.26,-4.31],"sup":true,"spd":4.4,"cr":false,"ev":""}
JS: {"t":1.27,"mode":"ground","p":[0,18.56,-134.55],"v":[0,0.28,-4.41],"sup":true,"spd":4.5,"cr":false,"ev":""}
JS: {"t":1.28,"mode":"ground","p":[0,18.57,-134.62],"v":[0,0.3,-4.51],"sup":true,"spd":4.6,"cr":false,"ev":""}
JS: {"t":1.3,"mode":"ground","p":[0,18.59,-134.7],"v":[0,0.32,-4.61],"sup":true,"spd":4.7,"cr":false,"ev":""}
JS: {"t":1.32,"mode":"ground","p":[0,18.6,-134.77],"v":[0,0.34,-4.71],"sup":true,"spd":4.8,"cr":false,"ev":""}
JS: {"t":1.33,"mode":"ground","p":[0,18.62,-134.85],"v":[0,0.36,-4.8],"sup":true,"spd":4.9,"cr":false,"ev":""}
JS: {"t":1.35,"mode":"ground","p":[0,18.63,-134.93],"v":[0,0.38,-4.9],"sup":true,"spd":5,"cr":false,"ev":""}
JS: {"t":1.37,"mode":"ground","p":[0,18.65,-135.01],"v":[0,0.4,-5],"sup":true,"spd":5.1,"cr":false,"ev":""}
JS: {"t":1.38,"mode":"ground","p":[0,18.67,-135.09],"v":[0,0.42,-5.1],"sup":true,"spd":5.2,"cr":false,"ev":""}
JS: {"t":1.4,"mode":"ground","p":[0,18.68,-135.17],"v":[0,0.44,-5.2],"sup":true,"spd":5.3,"cr":false,"ev":""}
JS: {"t":1.42,"mode":"ground","p":[0,18.7,-135.25],"v":[0,0.46,-5.3],"sup":true,"spd":5.4,"cr":false,"ev":""}
JS: {"t":1.43,"mode":"ground","p":[0,18.72,-135.34],"v":[0,0.48,-5.39],"sup":true,"spd":5.5,"cr":false,"ev":""}
JS: {"t":1.45,"mode":"ground","p":[0,18.74,-135.43],"v":[0,0.5,-5.49],"sup":true,"spd":5.6,"cr":false,"ev":""}
JS: {"t":1.47,"mode":"ground","p":[0,18.75,-135.52],"v":[0,0.52,-5.59],"sup":true,"spd":5.7,"cr":false,"ev":""}
JS: {"t":1.48,"mode":"ground","p":[0,18.77,-135.61],"v":[0,0.54,-5.69],"sup":true,"spd":5.8,"cr":false,"ev":""}
JS: {"t":1.5,"mode":"ground","p":[0,18.79,-135.7],"v":[0,0.56,-5.79],"sup":true,"spd":5.9,"cr":false,"ev":""}
JS: {"t":1.52,"mode":"ground","p":[0,18.81,-135.8],"v":[0,0.58,-5.88],"sup":true,"spd":6,"cr":false,"ev":""}
JS: {"t":1.53,"mode":"ground","p":[0,18.83,-135.89],"v":[0,0.6,-5.98],"sup":true,"spd":6.1,"cr":false,"ev":""}
JS: {"t":1.55,"mode":"ground","p":[0,18.85,-135.99],"v":[0,0.62,-6.08],"sup":true,"spd":6.2,"cr":false,"ev":""}
JS: {"t":1.57,"mode":"ground","p":[0,18.87,-136.09],"v":[0,0.64,-6.18],"sup":true,"spd":6.3,"cr":false,"ev":""}
JS: {"t":1.58,"mode":"ground","p":[0,18.89,-136.19],"v":[0,0.66,-6.28],"sup":true,"spd":6.4,"cr":false,"ev":""}
JS: {"t":1.6,"mode":"ground","p":[0,18.91,-136.29],"v":[0,0.67,-6.37],"sup":true,"spd":6.5,"cr":false,"ev":""}
JS: {"t":1.62,"mode":"ground","p":[0,18.93,-136.4],"v":[0,0.68,-6.42],"sup":true,"spd":6.55,"cr":false,"ev":""}
JS: {"t":1.63,"mode":"ground","p":[0,18.95,-136.5],"v":[0,0.69,-6.47],"sup":true,"spd":6.6,"cr":false,"ev":""}
JS: {"t":1.65,"mode":"ground","p":[0,18.97,-136.61],"v":[0,0.7,-6.52],"sup":true,"spd":6.65,"cr":false,"ev":""}
JS: {"t":1.67,"mode":"ground","p":[0,18.99,-136.72],"v":[0,0.71,-6.57],"sup":true,"spd":6.7,"cr":false,"ev":""}
JS: {"t":1.68,"mode":"ground","p":[0,19.01,-136.82],"v":[0,0.72,-6.62],"sup":true,"spd":6.75,"cr":false,"ev":""}
JS: {"t":1.7,"mode":"ground","p":[0,19.04,-136.93],"v":[0,0.73,-6.67],"sup":true,"spd":6.8,"cr":false,"ev":""}
JS: {"t":1.72,"mode":"ground","p":[0,19.06,-137.04],"v":[0,0.74,-6.72],"sup":true,"spd":6.85,"cr":false,"ev":""}
JS: {"t":1.73,"mode":"ground","p":[0,19.08,-137.15],"v":[0,0.75,-6.77],"sup":true,"spd":6.9,"cr":false,"ev":""}
JS: {"t":1.75,"mode":"ground","p":[0,19.1,-137.26],"v":[0,0.76,-6.82],"sup":true,"spd":6.95,"cr":false,"ev":""}
JS: {"t":1.77,"mode":"ground","p":[0,19.12,-137.37],"v":[0,0.77,-6.86],"sup":true,"spd":7,"cr":false,"ev":""}
JS: {"t":1.78,"mode":"ground","p":[0,19.15,-137.49],"v":[0,0.78,-6.91],"sup":true,"spd":7.05,"cr":false,"ev":""}
JS: {"t":1.8,"mode":"ground","p":[0,19.17,-137.6],"v":[0,0.79,-6.96],"sup":true,"spd":7.1,"cr":false,"ev":""}
JS: {"t":1.82,"mode":"ground","p":[0,19.19,-137.71],"v":[0,0.8,-7.01],"sup":true,"spd":7.15,"cr":false,"ev":""}
JS: {"t":1.83,"mode":"ground","p":[0,19.22,-137.83],"v":[0,0.81,-7.06],"sup":true,"spd":7.2,"cr":false,"ev":""}
JS: {"t":1.85,"mode":"ground","p":[0,19.24,-137.94],"v":[0,0.82,-7.11],"sup":true,"spd":7.25,"cr":false,"ev":""}
JS: {"t":1.87,"mode":"ground","p":[0,19.26,-138.06],"v":[0,0.83,-7.16],"sup":true,"spd":7.3,"cr":false,"ev":""}
JS: {"t":1.88,"mode":"ground","p":[0,19.29,-138.18],"v":[0,0.84,-7.21],"sup":true,"spd":7.35,"cr":false,"ev":""}
JS: {"t":1.9,"mode":"ground","p":[0,19.31,-138.3],"v":[0,0.85,-7.26],"sup":true,"spd":7.4,"cr":false,"ev":""}
JS: {"t":1.92,"mode":"ground","p":[0,19.33,-138.42],"v":[0,0.86,-7.31],"sup":true,"spd":7.45,"cr":false,"ev":""}
JS: {"t":1.93,"mode":"ground","p":[0,19.36,-138.54],"v":[0,0.87,-7.35],"sup":true,"spd":7.5,"cr":false,"ev":""}
JS: {"t":1.95,"mode":"ground","p":[0,19.38,-138.66],"v":[0,0.88,-7.4],"sup":true,"spd":7.55,"cr":false,"ev":""}
JS: {"t":1.97,"mode":"ground","p":[0,19.41,-138.78],"v":[0,0.89,-7.45],"sup":true,"spd":7.6,"cr":false,"ev":""}
JS: {"t":1.98,"mode":"ground","p":[0,19.43,-138.9],"v":[0,0.9,-7.5],"sup":true,"spd":7.65,"cr":false,"ev":""}
JS: {"t":2,"mode":"ground","p":[0,19.45,-139.02],"v":[0,0.91,-7.55],"sup":true,"spd":7.7,"cr":false,"ev":""}
JS: {"t":2.02,"mode":"ground","p":[0,19.48,-139.15],"v":[0,0.92,-7.6],"sup":true,"spd":7.75,"cr":false,"ev":""}
JS: {"t":2.03,"mode":"ground","p":[0,19.5,-139.27],"v":[0,0.93,-7.65],"sup":true,"spd":7.8,"cr":false,"ev":""}
JS: {"t":2.05,"mode":"ground","p":[0,19.53,-139.4],"v":[0,0.94,-7.7],"sup":true,"spd":7.85,"cr":false,"ev":""}
JS: {"t":2.07,"mode":"ground","p":[0,19.55,-139.52],"v":[0,0.95,-7.75],"sup":true,"spd":7.9,"cr":false,"ev":""}
JS: {"t":2.08,"mode":"ground","p":[0,19.58,-139.65],"v":[0,0.96,-7.8],"sup":true,"spd":7.95,"cr":false,"ev":""}
JS: {"t":2.1,"mode":"ground","p":[0,19.61,-139.78],"v":[0,0.97,-7.84],"sup":true,"spd":8,"cr":false,"ev":""}
JS: {"t":2.12,"mode":"ground","p":[0,19.63,-139.91],"v":[0,0.98,-7.89],"sup":true,"spd":8.05,"cr":false,"ev":""}
JS: {"t":2.13,"mode":"ground","p":[0,19.66,-140.04],"v":[0,0.99,-7.94],"sup":true,"spd":8.1,"cr":false,"ev":""}
JS: {"t":2.15,"mode":"ground","p":[0,19.68,-140.17],"v":[0,1,-7.99],"sup":true,"spd":8.15,"cr":false,"ev":""}
JS: {"t":2.17,"mode":"ground","p":[0,19.71,-140.3],"v":[0,1.01,-8.04],"sup":true,"spd":8.2,"cr":false,"ev":""}
JS: {"t":2.18,"mode":"ground","p":[0,19.74,-140.43],"v":[0,1.02,-8.09],"sup":true,"spd":8.25,"cr":false,"ev":""}
JS: {"t":2.2,"mode":"ground","p":[0,19.76,-140.56],"v":[0,1.03,-8.14],"sup":true,"spd":8.3,"cr":false,"ev":""}
JS: {"t":2.22,"mode":"ground","p":[0,19.79,-140.7],"v":[0,1.04,-8.19],"sup":true,"spd":8.35,"cr":false,"ev":""}
JS: {"t":2.23,"mode":"ground","p":[0,19.82,-140.83],"v":[0,1.05,-8.24],"sup":true,"spd":8.4,"cr":false,"ev":""}
JS: {"t":2.25,"mode":"ground","p":[0,19.84,-140.97],"v":[0,1.05,-8.24],"sup":true,"spd":8.4,"cr":false,"ev":""}
JS: {"t":2.27,"mode":"ground","p":[0,19.87,-141.1],"v":[0,1.05,-8.24],"sup":true,"spd":8.4,"cr":false,"ev":""}
JS: {"t":2.28,"mode":"ground","p":[0,19.9,-141.24],"v":[0,1.05,-8.24],"sup":true,"spd":8.4,"cr":false,"ev":""}
JS: {"t":2.3,"mode":"ground","p":[0,19.92,-141.37],"v":[0,1.05,-8.24],"sup":true,"spd":8.4,"cr":false,"ev":""}
JS: {"t":2.32,"mode":"ground","p":[0,19.95,-141.51],"v":[0,-0.6,-8.4],"sup":true,"spd":8.4,"cr":false,"ev":""}
JS: {"t":2.33,"mode":"ground","p":[0,19.93,-141.65],"v":[0,-0.6,-8.4],"sup":true,"spd":8.4,"cr":false,"ev":""}
JS: {"t":2.35,"mode":"ground","p":[0,19.88,-141.79],"v":[0,-0.6,-8.4],"sup":true,"spd":8.4,"cr":false,"ev":""}
JS: {"t":2.37,"mode":"ground","p":[0,19.87,-141.93],"v":[0,-0.6,-8.4],"sup":true,"spd":8.4,"cr":false,"ev":""}
JS: {"t":2.38,"mode":"ground","p":[0,19.87,-142.07],"v":[0,-0.6,-8.4],"sup":true,"spd":8.4,"cr":false,"ev":""}
JS: {"t":2.4,"mode":"ground","p":[0,19.85,-142.21],"v":[0,-0.6,-8.4],"sup":true,"spd":8.4,"cr":false,"ev":""}
JS: {"t":2.42,"mode":"air","p":[0,19.78,-142.35],"v":[0,-0.82,-8.4],"sup":false,"spd":8.4,"cr":false,"ev":""}
JS: {"t":2.43,"mode":"air","p":[0,19.76,-142.49],"v":[0,-1.04,-8.4],"sup":false,"spd":8.4,"cr":false,"ev":""}
JS: {"t":2.45,"mode":"air","p":[0,19.74,-142.63],"v":[0,-1.26,-8.4],"sup":false,"spd":8.4,"cr":false,"ev":""}
JS: {"t":2.47,"mode":"air","p":[0,19.72,-142.77],"v":[0,-1.48,-8.4],"sup":false,"spd":8.4,"cr":false,"ev":""}
JS: {"t":2.48,"mode":"air","p":[0,19.7,-142.91],"v":[0,-1.7,-8.4],"sup":false,"spd":8.4,"cr":false,"ev":""}
JS: {"t":2.5,"mode":"air","p":[0,19.67,-143.05],"v":[0,-1.92,-8.4],"sup":false,"spd":8.4,"cr":false,"ev":""}
JS: {"t":2.52,"mode":"air","p":[0,19.64,-143.19],"v":[0,-2.15,-8.4],"sup":false,"spd":8.4,"cr":false,"ev":""}
JS: {"t":2.53,"mode":"air","p":[0,19.6,-143.33],"v":[0,-2.37,-8.4],"sup":false,"spd":8.4,"cr":false,"ev":""}
JS: {"t":2.55,"mode":"air","p":[0,19.56,-143.47],"v":[0,-2.59,-8.4],"sup":false,"spd":8.4,"cr":false,"ev":""}
JS: {"t":2.57,"mode":"air","p":[0,19.52,-143.61],"v":[0,-2.81,-8.4],"sup":false,"spd":8.4,"cr":false,"ev":""}
JS: {"t":2.58,"mode":"air","p":[0,19.47,-143.75],"v":[0,-3.03,-8.4],"sup":false,"spd":8.4,"cr":false,"ev":""}
JS: {"t":2.6,"mode":"air","p":[0,19.42,-143.89],"v":[0,-3.25,-8.4],"sup":false,"spd":8.4,"cr":false,"ev":""}
JS: {"t":2.62,"mode":"air","p":[0,19.37,-144.03],"v":[0,-3.47,-8.4],"sup":false,"spd":8.4,"cr":false,"ev":""}
JS: {"t":2.63,"mode":"air","p":[0,19.31,-144.17],"v":[0,-3.69,-8.4],"sup":false,"spd":8.4,"cr":false,"ev":""}
JS: {"t":2.65,"mode":"air","p":[0,19.25,-144.31],"v":[0,-3.91,-8.4],"sup":false,"spd":8.4,"cr":false,"ev":""}
JS: {"t":2.67,"mode":"air","p":[0,19.18,-144.45],"v":[0,-4.13,-8.4],"sup":false,"spd":8.4,"cr":false,"ev":""}
JS: {"t":2.68,"mode":"air","p":[0,19.11,-144.59],"v":[0,-4.35,-8.4],"sup":false,"spd":8.4,"cr":false,"ev":""}
JS: {"t":2.7,"mode":"air","p":[0,19.04,-144.73],"v":[0,-4.57,-8.4],"sup":false,"spd":8.4,"cr":false,"ev":""}
JS: {"t":2.72,"mode":"air","p":[0,18.97,-144.87],"v":[0,-4.79,-8.4],"sup":false,"spd":8.4,"cr":false,"ev":""}
JS: {"t":2.73,"mode":"air","p":[0,18.89,-145.01],"v":[0,-5.01,-8.4],"sup":false,"spd":8.4,"cr":false,"ev":""}
JS: {"t":2.75,"mode":"air","p":[0,18.8,-145.15],"v":[0,-5.24,-8.4],"sup":false,"spd":8.4,"cr":false,"ev":""}
JS: {"t":2.77,"mode":"air","p":[0,18.72,-145.29],"v":[0,-5.46,-8.4],"sup":false,"spd":8.4,"cr":false,"ev":""}
JS: {"t":2.78,"mode":"air","p":[0,18.62,-145.43],"v":[0,-5.68,-8.4],"sup":false,"spd":8.4,"cr":false,"ev":""}
JS: {"t":2.8,"mode":"air","p":[0,18.53,-145.57],"v":[0,-5.9,-8.4],"sup":false,"spd":8.4,"cr":false,"ev":""}
JS: {"t":2.82,"mode":"air","p":[0,18.43,-145.71],"v":[0,-6.12,-8.4],"sup":false,"spd":8.4,"cr":false,"ev":""}
JS: {"t":2.83,"mode":"air","p":[0,18.33,-145.85],"v":[0,-6.34,-8.4],"sup":false,"spd":8.4,"cr":false,"ev":""}
JS: {"t":2.85,"mode":"air","p":[0,18.22,-145.99],"v":[0,-6.56,-8.4],"sup":false,"spd":8.4,"cr":false,"ev":""}
JS: {"t":2.87,"mode":"air","p":[0,18.11,-146.13],"v":[0,-6.78,-8.4],"sup":false,"spd":8.4,"cr":false,"ev":""}
JS: {"t":2.88,"mode":"air","p":[0,18,-146.27],"v":[0,-7,-8.4],"sup":false,"spd":8.4,"cr":false,"ev":""}
JS: {"t":2.9,"mode":"air","p":[0,17.88,-146.41],"v":[0,-7.22,-8.4],"sup":false,"spd":8.4,"cr":false,"ev":""}
JS: {"t":2.92,"mode":"air","p":[0,17.76,-146.55],"v":[0,-7.44,-8.4],"sup":false,"spd":8.4,"cr":false,"ev":""}
JS: {"t":2.93,"mode":"air","p":[0,17.64,-146.69],"v":[0,-7.66,-8.4],"sup":false,"spd":8.4,"cr":false,"ev":""}
JS: {"t":2.95,"mode":"air","p":[0,17.51,-146.83],"v":[0,-7.88,-8.4],"sup":false,"spd":8.4,"cr":false,"ev":""}
JS: {"t":2.97,"mode":"air","p":[0,17.38,-146.97],"v":[0,-8.1,-8.4],"sup":false,"spd":8.4,"cr":false,"ev":""}
JS: {"t":2.98,"mode":"air","p":[0,17.25,-147.11],"v":[0,-8.33,-8.4],"sup":false,"spd":8.4,"cr":false,"ev":""}
JS: {"t":3,"mode":"air","p":[0,17.11,-147.25],"v":[0,-8.55,-8.4],"sup":false,"spd":8.4,"cr":false,"ev":""}
Consumer observation frames=180 scriptErrors=0
Renderer fragment texture units: 32 (material path uses 12)
World state: disk saves disabled for additive compositions
Project: Judas Three Games (/tmp/judas-post-m65-wzam6zyz/project/post_m65_consumers.judasproj)
Scene: Rooftop Run (/tmp/judas-post-m65-wzam6zyz/project/Scenes/rooftop/rooftops.judas)
World origin (m): 0.000, 0.000, 0.000
