step,time,posX,posY,posZ,upX,upY,upZ,grounded,velX,velY,velZ,gravX,gravY,gravZ,controlled,frame,steps,paused
JS: {"t":0.02,"mode":"air","p":[0,20.2,-77],"v":[0,-0.22,0],"sup":false,"spd":0,"cr":false,"ev":""}
JS: checkpoint 2 0.00
0,0.00000,0.000000,20.120001,-77.000000,0.000000,1.000000,0.000000,1,0.000000,0.000000,0.000000,0.000000,-9.810000,0.000000,0,0,1,0
JS: {"t":0.03,"mode":"ground","p":[0,20.12,-77],"v":[0,-0.6,-0.3],"sup":true,"spd":0.3,"cr":false,"ev":""}
1,0.01667,0.000000,20.120001,-77.004997,0.000000,1.000000,0.000000,1,0.000000,0.000000,-0.300000,0.000000,-9.810000,0.000000,0,1,1,0
JS: {"t":0.05,"mode":"ground","p":[0,20.12,-77],"v":[0,-0.6,-0.6],"sup":true,"spd":0.6,"cr":false,"ev":""}
2,0.03333,0.000000,20.120001,-77.014999,0.000000,1.000000,0.000000,1,0.000000,0.000000,-0.600000,0.000000,-9.810000,0.000000,0,2,1,0
JS: {"t":0.07,"mode":"ground","p":[0,20.12,-77.01],"v":[0,-0.6,-0.9],"sup":true,"spd":0.9,"cr":false,"ev":""}
3,0.05000,0.000000,20.120001,-77.029999,0.000000,1.000000,0.000000,1,0.000000,0.000000,-0.900000,0.000000,-9.810000,0.000000,0,3,1,0
JS: {"t":0.08,"mode":"ground","p":[0,20.12,-77.03],"v":[0,-0.6,-1.2],"sup":true,"spd":1.2,"cr":false,"ev":""}
4,0.06667,0.000000,20.120001,-77.049995,0.000000,1.000000,0.000000,1,0.000000,0.000000,-1.200000,0.000000,-9.810000,0.000000,0,4,1,0
JS: {"t":0.1,"mode":"ground","p":[0,20.12,-77.05],"v":[0,-0.6,-1.5],"sup":true,"spd":1.5,"cr":false,"ev":""}
5,0.08333,0.000000,20.120001,-77.074997,0.000000,1.000000,0.000000,1,0.000000,0.000000,-1.500000,0.000000,-9.810000,0.000000,0,5,1,0
JS: {"t":0.12,"mode":"ground","p":[0,20.12,-77.07],"v":[0,-0.6,-1.8],"sup":true,"spd":1.8,"cr":false,"ev":""}
6,0.10000,0.000000,20.120001,-77.104996,0.000000,1.000000,0.000000,1,0.000000,0.000000,-1.800000,0.000000,-9.810000,0.000000,0,6,1,0
JS: {"t":0.13,"mode":"ground","p":[0,20.12,-77.1],"v":[0,-0.6,-2.1],"sup":true,"spd":2.1,"cr":false,"ev":""}
7,0.11667,0.000000,20.120001,-77.139999,0.000000,1.000000,0.000000,1,0.000000,0.000000,-2.100000,0.000000,-9.810000,0.000000,0,7,1,0
JS: {"t":0.15,"mode":"ground","p":[0,20.12,-77.14],"v":[0,-0.6,-2.4],"sup":true,"spd":2.4,"cr":false,"ev":""}
8,0.13333,0.000000,20.120001,-77.180000,0.000000,1.000000,0.000000,1,0.000000,0.000000,-2.400000,0.000000,-9.810000,0.000000,0,8,1,0
JS: {"t":0.17,"mode":"ground","p":[0,20.12,-77.18],"v":[0,-0.6,-2.7],"sup":true,"spd":2.7,"cr":false,"ev":""}
9,0.15000,0.000000,20.120001,-77.224998,0.000000,1.000000,0.000000,1,0.000000,0.000000,-2.700000,0.000000,-9.810000,0.000000,0,9,1,0
JS: {"t":0.18,"mode":"ground","p":[0,20.12,-77.22],"v":[0,-0.6,-3],"sup":true,"spd":3,"cr":false,"ev":""}
10,0.16667,0.000000,20.120001,-77.275002,0.000000,1.000000,0.000000,1,0.000000,0.000000,-3.000000,0.000000,-9.810000,0.000000,0,10,1,0
JS: {"t":0.2,"mode":"ground","p":[0,20.12,-77.28],"v":[0,-0.6,-3.3],"sup":true,"spd":3.3,"cr":false,"ev":""}
11,0.18333,0.000000,20.120001,-77.330002,0.000000,1.000000,0.000000,1,0.000000,0.000000,-3.300000,0.000000,-9.810000,0.000000,0,11,1,0
JS: {"t":0.22,"mode":"ground","p":[0,20.12,-77.33],"v":[0,-0.6,-3.6],"sup":true,"spd":3.6,"cr":false,"ev":""}
12,0.20000,0.000000,20.120001,-77.389999,0.000000,1.000000,0.000000,1,0.000000,0.000000,-3.600000,0.000000,-9.810000,0.000000,0,12,1,0
JS: {"t":0.23,"mode":"ground","p":[0,20.12,-77.39],"v":[0,-0.6,-3.9],"sup":true,"spd":3.9,"cr":false,"ev":""}
13,0.21667,0.000000,20.120001,-77.455002,0.000000,1.000000,0.000000,1,0.000000,0.000000,-3.900000,0.000000,-9.810000,0.000000,0,13,1,0
JS: {"t":0.25,"mode":"ground","p":[0,20.12,-77.46],"v":[0,-0.6,-4.2],"sup":true,"spd":4.2,"cr":false,"ev":""}
14,0.23333,0.000000,20.120001,-77.525002,0.000000,1.000000,0.000000,1,0.000000,0.000000,-4.200000,0.000000,-9.810000,0.000000,0,14,1,0
JS: {"t":0.27,"mode":"ground","p":[0,20.12,-77.53],"v":[0,-0.6,-4.3],"sup":true,"spd":4.3,"cr":false,"ev":""}
15,0.25000,0.000000,20.120001,-77.596664,0.000000,1.000000,0.000000,1,0.000000,0.000000,-4.300000,0.000000,-9.810000,0.000000,0,15,1,0
JS: {"t":0.28,"mode":"ground","p":[0,20.12,-77.6],"v":[0,-0.6,-4.4],"sup":true,"spd":4.4,"cr":false,"ev":""}
16,0.26667,0.000000,20.120001,-77.669998,0.000000,1.000000,0.000000,1,0.000000,0.000000,-4.400000,0.000000,-9.810000,0.000000,0,16,1,0
JS: {"t":0.3,"mode":"ground","p":[0,20.12,-77.67],"v":[0,-0.6,-4.5],"sup":true,"spd":4.5,"cr":false,"ev":""}
17,0.28333,0.000000,20.120001,-77.744995,0.000000,1.000000,0.000000,1,0.000000,0.000000,-4.500000,0.000000,-9.810000,0.000000,0,17,1,0
JS: {"t":0.32,"mode":"ground","p":[0,20.12,-77.74],"v":[0,-0.6,-4.6],"sup":true,"spd":4.6,"cr":false,"ev":""}
18,0.30000,0.000000,20.120001,-77.821663,0.000000,1.000000,0.000000,1,0.000000,0.000000,-4.600000,0.000000,-9.810000,0.000000,0,18,1,0
JS: {"t":0.33,"mode":"ground","p":[0,20.12,-77.82],"v":[0,-0.6,-4.7],"sup":true,"spd":4.7,"cr":false,"ev":""}
19,0.31667,0.000000,20.120001,-77.899994,0.000000,1.000000,0.000000,1,0.000000,0.000000,-4.700000,0.000000,-9.810000,0.000000,0,19,1,0
JS: {"t":0.35,"mode":"ground","p":[0,20.12,-77.9],"v":[0,-0.6,-4.8],"sup":true,"spd":4.8,"cr":false,"ev":""}
20,0.33333,0.000000,20.120001,-77.979996,0.000000,1.000000,0.000000,1,0.000000,0.000000,-4.800000,0.000000,-9.810000,0.000000,0,20,1,0
JS: {"t":0.37,"mode":"ground","p":[0,20.12,-77.98],"v":[0,-0.6,-4.9],"sup":true,"spd":4.9,"cr":false,"ev":""}
21,0.35000,0.000000,20.120001,-78.061661,0.000000,1.000000,0.000000,1,0.000000,0.000000,-4.900000,0.000000,-9.810000,0.000000,0,21,1,0
JS: {"t":0.38,"mode":"ground","p":[0,20.12,-78.06],"v":[0,-0.6,-5],"sup":true,"spd":5,"cr":false,"ev":""}
22,0.36667,0.000000,20.120001,-78.144997,0.000000,1.000000,0.000000,1,0.000000,0.000000,-5.000000,0.000000,-9.810000,0.000000,0,22,1,0
JS: {"t":0.4,"mode":"ground","p":[0,20.12,-78.14],"v":[0,-0.6,-5.1],"sup":true,"spd":5.1,"cr":false,"ev":""}
23,0.38333,0.000000,20.120001,-78.229996,0.000000,1.000000,0.000000,1,0.000000,0.000000,-5.100000,0.000000,-9.810000,0.000000,0,23,1,0
JS: {"t":0.42,"mode":"ground","p":[0,20.12,-78.23],"v":[0,-0.6,-5.2],"sup":true,"spd":5.2,"cr":false,"ev":""}
24,0.40000,0.000000,20.120001,-78.316666,0.000000,1.000000,0.000000,1,0.000000,0.000000,-5.200000,0.000000,-9.810000,0.000000,0,24,1,0
JS: {"t":0.43,"mode":"ground","p":[0,20.12,-78.32],"v":[0,-0.6,-5.3],"sup":true,"spd":5.3,"cr":false,"ev":""}
25,0.41667,0.000000,20.120001,-78.404999,0.000000,1.000000,0.000000,1,0.000000,0.000000,-5.300000,0.000000,-9.810000,0.000000,0,25,1,0
JS: {"t":0.45,"mode":"ground","p":[0,20.12,-78.4],"v":[0,-0.6,-5.4],"sup":true,"spd":5.4,"cr":false,"ev":""}
26,0.43333,0.000000,20.120001,-78.494995,0.000000,1.000000,0.000000,1,0.000000,0.000000,-5.400000,0.000000,-9.810000,0.000000,0,26,1,0
JS: {"t":0.47,"mode":"ground","p":[0,20.12,-78.49],"v":[0,-0.6,-5.5],"sup":true,"spd":5.5,"cr":false,"ev":""}
27,0.45000,0.000000,20.120001,-78.586662,0.000000,1.000000,0.000000,1,0.000000,0.000000,-5.500000,0.000000,-9.810000,0.000000,0,27,1,0
JS: {"t":0.48,"mode":"ground","p":[0,20.12,-78.59],"v":[0,-0.6,-5.6],"sup":true,"spd":5.6,"cr":false,"ev":""}
28,0.46667,0.000000,20.120001,-78.679993,0.000000,1.000000,0.000000,1,0.000000,0.000000,-5.600000,0.000000,-9.810000,0.000000,0,28,1,0
JS: {"t":0.5,"mode":"ground","p":[0,20.12,-78.68],"v":[0,-0.6,-5.7],"sup":true,"spd":5.7,"cr":false,"ev":""}
29,0.48333,0.000000,20.120001,-78.774994,0.000000,1.000000,0.000000,1,0.000000,0.000000,-5.700000,0.000000,-9.810000,0.000000,0,29,1,0
JS: {"t":0.52,"mode":"ground","p":[0,20.12,-78.77],"v":[0,-0.6,-5.8],"sup":true,"spd":5.8,"cr":false,"ev":""}
30,0.50000,0.000000,20.120001,-78.871658,0.000000,1.000000,0.000000,1,0.000000,0.000000,-5.800000,0.000000,-9.810000,0.000000,0,30,1,0
JS: {"t":0.53,"mode":"ground","p":[0,20.12,-78.87],"v":[0,-0.6,-5.9],"sup":true,"spd":5.9,"cr":false,"ev":""}
31,0.51667,0.000000,20.120001,-78.969994,0.000000,1.000000,0.000000,1,0.000000,0.000000,-5.900000,0.000000,-9.810000,0.000000,0,31,1,0
JS: {"t":0.55,"mode":"ground","p":[0,20.12,-78.97],"v":[0,-0.6,-6],"sup":true,"spd":6,"cr":false,"ev":""}
32,0.53333,0.000000,20.120001,-79.069992,0.000000,1.000000,0.000000,1,0.000000,0.000000,-6.000000,0.000000,-9.810000,0.000000,0,32,1,0
JS: {"t":0.57,"mode":"ground","p":[0,20.12,-79.07],"v":[0,-0.6,-6.1],"sup":true,"spd":6.1,"cr":false,"ev":""}
33,0.55000,0.000000,20.120001,-79.171661,0.000000,1.000000,0.000000,1,0.000000,0.000000,-6.100000,0.000000,-9.810000,0.000000,0,33,1,0
JS: {"t":0.58,"mode":"ground","p":[0,20.12,-79.17],"v":[0,-0.6,-6.2],"sup":true,"spd":6.2,"cr":false,"ev":""}
34,0.56667,0.000000,20.120001,-79.274994,0.000000,1.000000,0.000000,1,0.000000,0.000000,-6.200000,0.000000,-9.810000,0.000000,0,34,1,0
JS: {"t":0.6,"mode":"ground","p":[0,20.12,-79.27],"v":[0,-0.6,-6.3],"sup":true,"spd":6.3,"cr":false,"ev":""}
35,0.58333,0.000000,20.120001,-79.379997,0.000000,1.000000,0.000000,1,0.000000,0.000000,-6.300000,0.000000,-9.810000,0.000000,0,35,1,0
JS: {"t":0.62,"mode":"ground","p":[0,20.12,-79.38],"v":[0,-0.6,-6.4],"sup":true,"spd":6.4,"cr":false,"ev":""}
36,0.60000,0.000000,20.120001,-79.486664,0.000000,1.000000,0.000000,1,0.000000,0.000000,-6.400001,0.000000,-9.810000,0.000000,0,36,1,0
JS: {"t":0.63,"mode":"ground","p":[0,20.12,-79.49],"v":[0,-0.6,-6.5],"sup":true,"spd":6.5,"cr":false,"ev":""}
37,0.61667,0.000000,20.120001,-79.594994,0.000000,1.000000,0.000000,1,0.000000,0.000000,-6.500000,0.000000,-9.810000,0.000000,0,37,1,0
JS: {"t":0.65,"mode":"ground","p":[0,20.12,-79.59],"v":[0,-0.6,-6.55],"sup":true,"spd":6.55,"cr":false,"ev":""}
38,0.63333,0.000000,20.120001,-79.704163,0.000000,1.000000,0.000000,1,0.000000,0.000000,-6.550000,0.000000,-9.810000,0.000000,0,38,1,0
JS: {"t":0.67,"mode":"ground","p":[0,20.12,-79.7],"v":[0,-0.6,-6.6],"sup":true,"spd":6.6,"cr":false,"ev":""}
39,0.65000,0.000000,20.120001,-79.814163,0.000000,1.000000,0.000000,1,0.000000,0.000000,-6.600000,0.000000,-9.810000,0.000000,0,39,1,0
JS: {"t":0.68,"mode":"ground","p":[0,20.12,-79.81],"v":[0,-0.6,-6.65],"sup":true,"spd":6.65,"cr":false,"ev":""}
40,0.66667,0.000000,20.120001,-79.924995,0.000000,1.000000,0.000000,1,0.000000,0.000000,-6.650001,0.000000,-9.810000,0.000000,0,40,1,0
JS: {"t":0.7,"mode":"ground","p":[0,20.12,-79.92],"v":[0,-0.6,-6.7],"sup":true,"spd":6.7,"cr":false,"ev":""}
41,0.68333,0.000000,20.120001,-80.036659,0.000000,1.000000,0.000000,1,0.000000,0.000000,-6.700000,0.000000,-9.810000,0.000000,0,41,1,0
JS: {"t":0.72,"mode":"air","p":[0,20.12,-80.04],"v":[0,5.1,-6.7],"sup":true,"spd":6.95,"cr":false,"ev":"jump"}
42,0.70000,0.000000,20.205000,-80.148323,0.000000,1.000000,0.000000,0,0.000000,5.100000,-6.700000,0.000000,-9.810000,0.000000,0,42,1,0
JS: {"t":0.73,"mode":"air","p":[0,20.2,-80.15],"v":[0,4.94,-6.7],"sup":false,"spd":6.95,"cr":false,"ev":""}
43,0.71667,0.000000,20.287275,-80.259987,0.000000,1.000000,0.000000,0,0.000000,4.936500,-6.700000,0.000000,-9.810000,0.000000,0,43,1,0
JS: {"t":0.75,"mode":"air","p":[0,20.29,-80.26],"v":[0,4.77,-6.7],"sup":false,"spd":6.95,"cr":false,"ev":""}
44,0.73333,0.000000,20.366825,-80.371651,0.000000,1.000000,0.000000,0,0.000000,4.773000,-6.700000,0.000000,-9.810000,0.000000,0,44,1,0
JS: {"t":0.77,"mode":"air","p":[0,20.37,-80.37],"v":[0,4.61,-6.7],"sup":false,"spd":6.95,"cr":false,"ev":""}
45,0.75000,0.000000,20.443649,-80.483315,0.000000,1.000000,0.000000,0,0.000000,4.609500,-6.700000,0.000000,-9.810000,0.000000,0,45,1,0
JS: {"t":0.78,"mode":"air","p":[0,20.44,-80.48],"v":[0,4.45,-6.7],"sup":false,"spd":6.95,"cr":false,"ev":""}
46,0.76667,0.000000,20.517750,-80.594978,0.000000,1.000000,0.000000,0,0.000000,4.446001,-6.700000,0.000000,-9.810000,0.000000,0,46,1,0
JS: {"t":0.8,"mode":"air","p":[0,20.52,-80.59],"v":[0,4.28,-6.7],"sup":false,"spd":6.95,"cr":false,"ev":""}
47,0.78333,0.000000,20.589125,-80.706642,0.000000,1.000000,0.000000,0,0.000000,4.282501,-6.700000,0.000000,-9.810000,0.000000,0,47,1,0
JS: {"t":0.82,"mode":"air","p":[0,20.59,-80.71],"v":[0,4.12,-6.7],"sup":false,"spd":6.95,"cr":false,"ev":""}
48,0.80000,0.000000,20.657774,-80.818306,0.000000,1.000000,0.000000,0,0.000000,4.119001,-6.700000,0.000000,-9.810000,0.000000,0,48,1,0
JS: {"t":0.83,"mode":"air","p":[0,20.66,-80.82],"v":[0,3.96,-6.7],"sup":false,"spd":6.95,"cr":false,"ev":""}
49,0.81667,0.000000,20.723700,-80.929970,0.000000,1.000000,0.000000,0,0.000000,3.955501,-6.700000,0.000000,-9.810000,0.000000,0,49,1,0
JS: {"t":0.85,"mode":"air","p":[0,20.72,-80.93],"v":[0,3.79,-6.7],"sup":false,"spd":6.95,"cr":false,"ev":""}
50,0.83333,0.000000,20.786900,-81.041634,0.000000,1.000000,0.000000,0,0.000000,3.792001,-6.700000,0.000000,-9.810000,0.000000,0,50,1,0
JS: {"t":0.87,"mode":"air","p":[0,20.79,-81.04],"v":[0,3.63,-6.7],"sup":false,"spd":6.95,"cr":false,"ev":""}
51,0.85000,0.000000,20.847374,-81.153297,0.000000,1.000000,0.000000,0,0.000000,3.628501,-6.700000,0.000000,-9.810000,0.000000,0,51,1,0
JS: {"t":0.88,"mode":"air","p":[0,20.85,-81.15],"v":[0,3.47,-6.7],"sup":false,"spd":6.95,"cr":false,"ev":""}
52,0.86667,0.000000,20.905125,-81.264961,0.000000,1.000000,0.000000,0,0.000000,3.465001,-6.700000,0.000000,-9.810000,0.000000,0,52,1,0
JS: {"t":0.9,"mode":"climb","p":[0,20.91,-81.26],"v":[0,5.4,-0.5],"sup":false,"spd":6.95,"cr":false,"ev":"climb"}
53,0.88333,0.000000,20.995125,-81.273293,0.000000,1.000000,0.000000,0,0.000000,5.400000,-0.500000,0.000000,-9.810000,0.000000,0,53,1,0
JS: {"t":0.92,"mode":"climb","p":[0,21,-81.27],"v":[0,5.34,-0.6],"sup":false,"spd":6.95,"cr":false,"ev":""}
54,0.90000,0.000000,21.084074,-81.283295,0.000000,1.000000,0.000000,0,0.000000,5.337000,-0.600000,0.000000,-9.810000,0.000000,0,54,1,0
JS: {"t":0.93,"mode":"climb","p":[0,21.08,-81.28],"v":[0,5.27,-0.6],"sup":false,"spd":6.95,"cr":false,"ev":""}
55,0.91667,0.000000,21.171974,-81.293297,0.000000,1.000000,0.000000,0,0.000000,5.274000,-0.600000,0.000000,-9.810000,0.000000,0,55,1,0
JS: {"t":0.95,"mode":"climb","p":[0,21.17,-81.29],"v":[0,5.21,-0.6],"sup":false,"spd":6.95,"cr":false,"ev":""}
56,0.93333,0.000000,21.258823,-81.303299,0.000000,1.000000,0.000000,0,0.000000,5.211000,-0.600000,0.000000,-9.810000,0.000000,0,56,1,0
JS: {"t":0.97,"mode":"climb","p":[0,21.26,-81.3],"v":[0,5.15,-0.6],"sup":false,"spd":6.95,"cr":false,"ev":""}
57,0.95000,0.000000,21.344624,-81.313301,0.000000,1.000000,0.000000,0,0.000000,5.148000,-0.600000,0.000000,-9.810000,0.000000,0,57,1,0
JS: {"t":0.98,"mode":"climb","p":[0,21.34,-81.31],"v":[0,5.08,-0.6],"sup":false,"spd":6.95,"cr":false,"ev":""}
58,0.96667,0.000000,21.429373,-81.323303,0.000000,1.000000,0.000000,0,0.000000,5.085000,-0.600000,0.000000,-9.810000,0.000000,0,58,1,0
JS: {"t":1,"mode":"climb","p":[0,21.43,-81.32],"v":[0,5.02,-0.6],"sup":false,"spd":6.95,"cr":false,"ev":""}
59,0.98333,0.000000,21.513073,-81.333305,0.000000,1.000000,0.000000,0,0.000000,5.022000,-0.600000,0.000000,-9.810000,0.000000,0,59,1,0
JS: {"t":1.02,"mode":"climb","p":[0,21.51,-81.33],"v":[0,4.96,-0.6],"sup":false,"spd":6.95,"cr":false,"ev":""}
60,1.00000,0.000000,21.595722,-81.343307,0.000000,1.000000,0.000000,0,0.000000,4.959000,-0.600000,0.000000,-9.810000,0.000000,0,60,1,0
JS: {"t":1.03,"mode":"climb","p":[0,21.6,-81.34],"v":[0,4.9,-0.6],"sup":false,"spd":6.95,"cr":false,"ev":""}
61,1.01667,0.000000,21.677322,-81.353310,0.000000,1.000000,0.000000,0,0.000000,4.896000,-0.600000,0.000000,-9.810000,0.000000,0,61,1,0
JS: {"t":1.05,"mode":"traverse","p":[0,21.68,-81.35],"v":[0,5.43,0],"sup":false,"spd":6.95,"cr":false,"ev":"ledge"}
62,1.03333,0.000000,21.767904,-81.353310,0.000000,1.000000,0.000000,0,0.000000,5.434945,0.000000,0.000000,-9.810000,0.000000,0,62,1,0
JS: {"t":1.07,"mode":"traverse","p":[0,21.77,-81.35],"v":[0,5.43,-0.4],"sup":false,"spd":6.95,"cr":false,"ev":""}
63,1.05000,0.000000,21.858486,-81.359978,0.000000,1.000000,0.000000,0,0.000000,5.434945,-0.400000,0.000000,-9.810000,0.000000,0,63,1,0
JS: {"t":1.08,"mode":"traverse","p":[0,21.86,-81.36],"v":[0,5.43,-0.4],"sup":false,"spd":6.95,"cr":false,"ev":""}
64,1.06667,0.000000,21.949068,-81.366646,0.000000,1.000000,0.000000,0,0.000000,5.434945,-0.400000,0.000000,-9.810000,0.000000,0,64,1,0
JS: {"t":1.1,"mode":"traverse","p":[0,21.95,-81.37],"v":[0,5.43,-0.4],"sup":false,"spd":6.95,"cr":false,"ev":""}
65,1.08333,0.000000,22.039650,-81.373314,0.000000,1.000000,0.000000,0,0.000000,5.434945,-0.400000,0.000000,-9.810000,0.000000,0,65,1,0
JS: {"t":1.12,"mode":"traverse","p":[0,22.04,-81.37],"v":[0,5.43,-0.4],"sup":false,"spd":6.95,"cr":false,"ev":""}
66,1.10000,0.000000,22.130232,-81.379982,0.000000,1.000000,0.000000,0,0.000000,5.434945,-0.400000,0.000000,-9.810000,0.000000,0,66,1,0
JS: {"t":1.13,"mode":"traverse","p":[0,22.13,-81.38],"v":[0,5.43,-0.4],"sup":false,"spd":6.95,"cr":false,"ev":""}
67,1.11667,0.000000,22.220814,-81.386650,0.000000,1.000000,0.000000,0,0.000000,5.434945,-0.400000,0.000000,-9.810000,0.000000,0,67,1,0
JS: {"t":1.15,"mode":"traverse","p":[0,22.22,-81.39],"v":[0,5.43,-0.4],"sup":false,"spd":6.95,"cr":false,"ev":""}
68,1.13333,0.000000,22.311396,-81.393318,0.000000,1.000000,0.000000,0,0.000000,5.434945,-0.400000,0.000000,-9.810000,0.000000,0,68,1,0
JS: {"t":1.17,"mode":"traverse","p":[0,22.31,-81.39],"v":[0,5.43,-0.4],"sup":false,"spd":6.95,"cr":false,"ev":""}
69,1.15000,0.000000,22.401978,-81.399986,0.000000,1.000000,0.000000,0,0.000000,5.434945,-0.400000,0.000000,-9.810000,0.000000,0,69,1,0
JS: {"t":1.18,"mode":"traverse","p":[0,22.4,-81.4],"v":[0,5.43,-0.4],"sup":false,"spd":6.95,"cr":false,"ev":""}
70,1.16667,0.000000,22.492559,-81.406654,0.000000,1.000000,0.000000,0,0.000000,5.434945,-0.400000,0.000000,-9.810000,0.000000,0,70,1,0
JS: {"t":1.2,"mode":"traverse","p":[0,22.49,-81.41],"v":[0,5.43,-0.4],"sup":false,"spd":6.95,"cr":false,"ev":""}
71,1.18333,0.000000,22.583141,-81.413322,0.000000,1.000000,0.000000,0,0.000000,5.434945,-0.400000,0.000000,-9.810000,0.000000,0,71,1,0
JS: {"t":1.22,"mode":"traverse","p":[0,22.58,-81.41],"v":[0,5.43,-0.4],"sup":false,"spd":6.95,"cr":false,"ev":""}
72,1.20000,0.000000,22.673723,-81.419991,0.000000,1.000000,0.000000,0,0.000000,5.434945,-0.400000,0.000000,-9.810000,0.000000,0,72,1,0
JS: {"t":1.23,"mode":"traverse","p":[0,22.67,-81.42],"v":[0,5.43,-0.4],"sup":false,"spd":6.95,"cr":false,"ev":""}
73,1.21667,0.000000,22.764305,-81.426659,0.000000,1.000000,0.000000,0,0.000000,5.434945,-0.400000,0.000000,-9.810000,0.000000,0,73,1,0
JS: {"t":1.25,"mode":"traverse","p":[0,22.76,-81.43],"v":[0,5.43,-0.4],"sup":false,"spd":6.95,"cr":false,"ev":""}
74,1.23333,0.000000,22.854887,-81.433327,0.000000,1.000000,0.000000,0,0.000000,5.434945,-0.400000,0.000000,-9.810000,0.000000,0,74,1,0
JS: {"t":1.27,"mode":"traverse","p":[0,22.85,-81.43],"v":[0,5.43,-0.4],"sup":false,"spd":6.95,"cr":false,"ev":""}
75,1.25000,0.000000,22.945469,-81.439995,0.000000,1.000000,0.000000,0,0.000000,5.434945,-0.400000,0.000000,-9.810000,0.000000,0,75,1,0
JS: {"t":1.28,"mode":"traverse","p":[0,22.95,-81.44],"v":[0,5.43,-0.4],"sup":false,"spd":6.95,"cr":false,"ev":""}
76,1.26667,0.000000,23.036051,-81.446663,0.000000,1.000000,0.000000,0,0.000000,5.434945,-0.400000,0.000000,-9.810000,0.000000,0,76,1,0
JS: {"t":1.3,"mode":"traverse","p":[0,23.04,-81.45],"v":[0,5.43,-0.4],"sup":false,"spd":6.95,"cr":false,"ev":""}
77,1.28333,0.000000,23.126633,-81.453331,0.000000,1.000000,0.000000,0,0.000000,5.434945,-0.400000,0.000000,-9.810000,0.000000,0,77,1,0
JS: {"t":1.32,"mode":"traverse","p":[0,23.13,-81.45],"v":[0,5.43,-0.4],"sup":false,"spd":6.95,"cr":false,"ev":""}
78,1.30000,0.000000,23.217215,-81.459999,0.000000,1.000000,0.000000,0,0.000000,5.434945,-0.400000,0.000000,-9.810000,0.000000,0,78,1,0
JS: {"t":1.33,"mode":"traverse","p":[0,23.22,-81.46],"v":[0,5.43,-0.4],"sup":false,"spd":6.95,"cr":false,"ev":""}
79,1.31667,0.000000,23.307796,-81.466667,0.000000,1.000000,0.000000,0,0.000000,5.434945,-0.400000,0.000000,-9.810000,0.000000,0,79,1,0
JS: {"t":1.35,"mode":"traverse","p":[0,23.31,-81.47],"v":[0,5.43,-0.4],"sup":false,"spd":6.95,"cr":false,"ev":""}
80,1.33333,0.000000,23.398378,-81.473335,0.000000,1.000000,0.000000,0,0.000000,5.434945,-0.400000,0.000000,-9.810000,0.000000,0,80,1,0
JS: {"t":1.37,"mode":"traverse","p":[0,23.4,-81.47],"v":[0,5.43,-0.4],"sup":false,"spd":6.95,"cr":false,"ev":""}
81,1.35000,0.000000,23.488960,-81.480003,0.000000,1.000000,0.000000,0,0.000000,5.434945,-0.400000,0.000000,-9.810000,0.000000,0,81,1,0
JS: {"t":1.38,"mode":"traverse","p":[0,23.49,-81.48],"v":[0,5.43,-0.4],"sup":false,"spd":6.95,"cr":false,"ev":""}
82,1.36667,0.000000,23.579542,-81.486671,0.000000,1.000000,0.000000,0,0.000000,5.434945,-0.400000,0.000000,-9.810000,0.000000,0,82,1,0
JS: {"t":1.4,"mode":"traverse","p":[0,23.58,-81.49],"v":[0,5.43,-0.4],"sup":false,"spd":6.95,"cr":false,"ev":""}
83,1.38333,0.000000,23.670124,-81.493340,0.000000,1.000000,0.000000,0,0.000000,5.434945,-0.400000,0.000000,-9.810000,0.000000,0,83,1,0
JS: {"t":1.42,"mode":"traverse","p":[0,23.67,-81.49],"v":[0,5.43,-0.4],"sup":false,"spd":6.95,"cr":false,"ev":""}
84,1.40000,0.000000,23.760706,-81.500008,0.000000,1.000000,0.000000,0,0.000000,5.434945,-0.400000,0.000000,-9.810000,0.000000,0,84,1,0
JS: {"t":1.43,"mode":"traverse","p":[0,23.76,-81.5],"v":[0,5.43,-0.4],"sup":false,"spd":6.95,"cr":false,"ev":""}
85,1.41667,0.000000,23.851288,-81.506676,0.000000,1.000000,0.000000,0,0.000000,5.434945,-0.400000,0.000000,-9.810000,0.000000,0,85,1,0
JS: {"t":1.45,"mode":"traverse","p":[0,23.85,-81.51],"v":[0,5.43,-0.4],"sup":false,"spd":6.95,"cr":false,"ev":""}
86,1.43333,0.000000,23.941870,-81.513344,0.000000,1.000000,0.000000,0,0.000000,5.434945,-0.400000,0.000000,-9.810000,0.000000,0,86,1,0
JS: {"t":1.47,"mode":"traverse","p":[0,23.94,-81.51],"v":[0,1.09,-0.4],"sup":false,"spd":6.95,"cr":false,"ev":""}
87,1.45000,0.000000,23.959999,-81.520012,0.000000,1.000000,0.000000,0,0.000000,1.087770,-0.400000,0.000000,-9.810000,0.000000,0,87,1,0
JS: {"t":1.48,"mode":"traverse","p":[0,23.96,-81.52],"v":[0,0,-3],"sup":false,"spd":6.95,"cr":false,"ev":""}
88,1.46667,0.000000,23.959999,-81.570015,0.000000,1.000000,0.000000,0,0.000000,0.000000,-3.000000,0.000000,-9.810000,0.000000,0,88,1,0
JS: {"t":1.5,"mode":"traverse","p":[0,23.96,-81.57],"v":[0,0,-3],"sup":false,"spd":6.95,"cr":false,"ev":""}
89,1.48333,0.000000,23.959999,-81.620018,0.000000,1.000000,0.000000,0,0.000000,0.000000,-3.000000,0.000000,-9.810000,0.000000,0,89,1,0
JS: {"t":1.52,"mode":"traverse","p":[0,23.96,-81.62],"v":[0,0,-3],"sup":false,"spd":6.95,"cr":false,"ev":""}
90,1.50000,0.000000,23.959999,-81.670021,0.000000,1.000000,0.000000,0,0.000000,0.000000,-3.000000,0.000000,-9.810000,0.000000,0,90,1,0
JS: {"t":1.53,"mode":"traverse","p":[0,23.96,-81.67],"v":[0,0,-3],"sup":false,"spd":6.95,"cr":false,"ev":""}
JS: checkpoint 3 1.22
91,1.51667,0.000000,23.959999,-81.720024,0.000000,1.000000,0.000000,0,0.000000,0.000000,-3.000000,0.000000,-9.810000,0.000000,0,91,1,0
JS: {"t":1.55,"mode":"traverse","p":[0,23.96,-81.72],"v":[0,0,-3],"sup":false,"spd":6.95,"cr":false,"ev":""}
92,1.53333,0.000000,23.959999,-81.770027,0.000000,1.000000,0.000000,0,0.000000,0.000000,-3.000000,0.000000,-9.810000,0.000000,0,92,1,0
JS: {"t":1.57,"mode":"traverse","p":[0,23.96,-81.77],"v":[0,0,-3],"sup":false,"spd":6.95,"cr":false,"ev":""}
93,1.55000,0.000000,23.959999,-81.820030,0.000000,1.000000,0.000000,1,0.000000,0.000000,-3.000000,0.000000,-9.810000,0.000000,0,93,1,0
JS: {"t":1.58,"mode":"traverse","p":[0,23.96,-81.82],"v":[0,0,-3],"sup":true,"spd":6.95,"cr":false,"ev":""}
94,1.56667,0.000000,23.884022,-81.852036,0.000000,1.000000,0.000000,1,0.000000,1.439894,-1.920362,0.000000,-9.810000,0.000000,0,94,1,0
JS: {"t":1.6,"mode":"traverse","p":[0,23.88,-81.85],"v":[0,0,-3],"sup":true,"spd":6.95,"cr":false,"ev":""}
95,1.58333,0.000000,23.902424,-81.889870,0.000000,1.000000,0.000000,1,0.000000,1.287157,-2.270212,0.000000,-9.810000,0.000000,0,95,1,0
JS: {"t":1.62,"mode":"traverse","p":[0,23.9,-81.89],"v":[0,0,-3],"sup":true,"spd":6.95,"cr":false,"ev":""}
96,1.60000,0.000000,23.916126,-81.933128,0.000000,1.000000,0.000000,1,0.000000,1.024415,-2.595706,0.000000,-9.810000,0.000000,0,96,1,0
JS: {"t":1.63,"mode":"traverse","p":[0,23.92,-81.93],"v":[0,0,-3],"sup":true,"spd":6.95,"cr":false,"ev":""}
97,1.61667,0.000000,23.923317,-81.980644,0.000000,1.000000,0.000000,1,0.000000,0.651892,-2.850939,0.000000,-9.810000,0.000000,0,97,1,0
JS: {"t":1.65,"mode":"traverse","p":[0,23.92,-81.98],"v":[0,0,-3],"sup":true,"spd":6.95,"cr":false,"ev":""}
98,1.63333,0.000000,23.922594,-82.030434,0.000000,1.000000,0.000000,1,0.000000,0.193155,-2.987512,0.000000,-9.810000,0.000000,0,98,1,0
JS: {"t":1.67,"mode":"traverse","p":[0,23.92,-82.03],"v":[0,0,-3],"sup":true,"spd":6.95,"cr":false,"ev":""}
99,1.65000,0.000000,23.920000,-82.080437,0.000000,1.000000,0.000000,1,0.000000,0.000000,-3.000000,0.000000,-9.810000,0.000000,0,99,1,0
JS: {"t":1.68,"mode":"air","p":[0,23.92,-82.08],"v":[0,-0.5,-3],"sup":true,"spd":6.95,"cr":false,"ev":""}
100,1.66667,0.000000,23.920000,-82.130440,0.000000,1.000000,0.000000,1,0.000000,0.000000,-3.000000,0.000000,-9.810000,0.000000,0,100,1,0
JS: {"t":1.7,"mode":"ground","p":[0,23.92,-82.13],"v":[0,-0.6,-3.75],"sup":true,"spd":5.6,"cr":false,"ev":""}
101,1.68333,0.000000,23.920000,-82.192940,0.000000,1.000000,0.000000,1,0.000000,0.000000,-3.750000,0.000000,-9.810000,0.000000,0,101,1,0
JS: {"t":1.72,"mode":"ground","p":[0,23.92,-82.19],"v":[0,-0.6,-4.5],"sup":true,"spd":5.7,"cr":false,"ev":""}
102,1.70000,0.000000,23.920000,-82.267937,0.000000,1.000000,0.000000,1,0.000000,0.000000,-4.500000,0.000000,-9.810000,0.000000,0,102,1,0
JS: {"t":1.73,"mode":"ground","p":[0,23.92,-82.27],"v":[0,-0.6,-5.25],"sup":true,"spd":5.8,"cr":false,"ev":""}
103,1.71667,0.000000,23.920000,-82.355438,0.000000,1.000000,0.000000,1,0.000000,0.000000,-5.250000,0.000000,-9.810000,0.000000,0,103,1,0
JS: {"t":1.75,"mode":"ground","p":[0,23.92,-82.36],"v":[0,-0.6,-5.9],"sup":true,"spd":5.9,"cr":false,"ev":""}
104,1.73333,0.000000,23.920000,-82.453773,0.000000,1.000000,0.000000,1,0.000000,0.000000,-5.900000,0.000000,-9.810000,0.000000,0,104,1,0
JS: {"t":1.77,"mode":"ground","p":[0,23.92,-82.45],"v":[0,-0.6,-6],"sup":true,"spd":6,"cr":false,"ev":""}
105,1.75000,0.000000,23.920000,-82.553772,0.000000,1.000000,0.000000,1,0.000000,0.000000,-6.000000,0.000000,-9.810000,0.000000,0,105,1,0
JS: {"t":1.78,"mode":"ground","p":[0,23.92,-82.55],"v":[0,-0.6,-6.1],"sup":true,"spd":6.1,"cr":false,"ev":""}
106,1.76667,0.000000,23.920000,-82.655441,0.000000,1.000000,0.000000,1,0.000000,0.000000,-6.100000,0.000000,-9.810000,0.000000,0,106,1,0
JS: {"t":1.8,"mode":"ground","p":[0,23.92,-82.66],"v":[0,-0.6,-6.2],"sup":true,"spd":6.2,"cr":false,"ev":""}
107,1.78333,0.000000,23.920000,-82.758774,0.000000,1.000000,0.000000,1,0.000000,0.000000,-6.200000,0.000000,-9.810000,0.000000,0,107,1,0
JS: {"t":1.82,"mode":"ground","p":[0,23.92,-82.76],"v":[0,-0.6,-6.3],"sup":true,"spd":6.3,"cr":false,"ev":""}
108,1.80000,0.000000,23.920000,-82.863777,0.000000,1.000000,0.000000,1,0.000000,0.000000,-6.300000,0.000000,-9.810000,0.000000,0,108,1,0
JS: {"t":1.83,"mode":"ground","p":[0,23.92,-82.86],"v":[0,-0.6,-6.4],"sup":true,"spd":6.4,"cr":false,"ev":""}
109,1.81667,0.000000,23.920000,-82.970444,0.000000,1.000000,0.000000,1,0.000000,0.000000,-6.400000,0.000000,-9.810000,0.000000,0,109,1,0
JS: {"t":1.85,"mode":"ground","p":[0,23.92,-82.97],"v":[0,-0.6,-6.5],"sup":true,"spd":6.5,"cr":false,"ev":""}
110,1.83333,0.000000,23.920000,-83.078773,0.000000,1.000000,0.000000,1,0.000000,0.000000,-6.500000,0.000000,-9.810000,0.000000,0,110,1,0
JS: {"t":1.87,"mode":"ground","p":[0,23.92,-83.08],"v":[0,-0.6,-6.55],"sup":true,"spd":6.55,"cr":false,"ev":""}
111,1.85000,0.000000,23.920000,-83.187943,0.000000,1.000000,0.000000,1,0.000000,0.000000,-6.550000,0.000000,-9.810000,0.000000,0,111,1,0
JS: {"t":1.88,"mode":"ground","p":[0,23.92,-83.19],"v":[0,-0.6,-6.6],"sup":true,"spd":6.6,"cr":false,"ev":""}
112,1.86667,0.000000,23.920000,-83.297943,0.000000,1.000000,0.000000,1,0.000000,0.000000,-6.600000,0.000000,-9.810000,0.000000,0,112,1,0
JS: {"t":1.9,"mode":"ground","p":[0,23.92,-83.3],"v":[0,-0.6,-6.65],"sup":true,"spd":6.65,"cr":false,"ev":""}
113,1.88333,0.000000,23.920000,-83.408775,0.000000,1.000000,0.000000,1,0.000000,0.000000,-6.650000,0.000000,-9.810000,0.000000,0,113,1,0
JS: {"t":1.92,"mode":"ground","p":[0,23.92,-83.41],"v":[0,-0.6,-6.7],"sup":true,"spd":6.7,"cr":false,"ev":""}
114,1.90000,0.000000,23.920000,-83.520439,0.000000,1.000000,0.000000,1,0.000000,0.000000,-6.700000,0.000000,-9.810000,0.000000,0,114,1,0
JS: {"t":1.93,"mode":"ground","p":[0,23.92,-83.52],"v":[0,-0.6,-6.75],"sup":true,"spd":6.75,"cr":false,"ev":""}
115,1.91667,0.000000,23.920000,-83.632942,0.000000,1.000000,0.000000,1,0.000000,0.000000,-6.750000,0.000000,-9.810000,0.000000,0,115,1,0
JS: {"t":1.95,"mode":"ground","p":[0,23.92,-83.63],"v":[0,-0.6,-6.8],"sup":true,"spd":6.8,"cr":false,"ev":""}
116,1.93333,0.000000,23.920000,-83.746277,0.000000,1.000000,0.000000,1,0.000000,0.000000,-6.800000,0.000000,-9.810000,0.000000,0,116,1,0
JS: {"t":1.97,"mode":"ground","p":[0,23.92,-83.75],"v":[0,-0.6,-6.85],"sup":true,"spd":6.85,"cr":false,"ev":""}
117,1.95000,0.000000,23.920000,-83.860443,0.000000,1.000000,0.000000,1,0.000000,0.000000,-6.850000,0.000000,-9.810000,0.000000,0,117,1,0
JS: {"t":1.98,"mode":"ground","p":[0,23.92,-83.86],"v":[0,-0.6,-6.9],"sup":true,"spd":6.9,"cr":false,"ev":""}
118,1.96667,0.000000,23.920000,-83.975441,0.000000,1.000000,0.000000,1,0.000000,0.000000,-6.900000,0.000000,-9.810000,0.000000,0,118,1,0
JS: {"t":2,"mode":"ground","p":[0,23.92,-83.98],"v":[0,-0.6,-6.95],"sup":true,"spd":6.95,"cr":false,"ev":""}
119,1.98333,0.000000,23.920000,-84.091278,0.000000,1.000000,0.000000,1,0.000000,0.000000,-6.950000,0.000000,-9.810000,0.000000,0,119,1,0
JS: {"t":2.02,"mode":"ground","p":[0,23.92,-84.09],"v":[0,-0.6,-7],"sup":true,"spd":7,"cr":false,"ev":""}
120,2.00000,0.000000,23.920000,-84.207947,0.000000,1.000000,0.000000,1,0.000000,0.000000,-7.000000,0.000000,-9.810000,0.000000,0,120,1,0
JS: {"t":2.03,"mode":"ground","p":[0,23.92,-84.21],"v":[0,-0.6,-7.05],"sup":true,"spd":7.05,"cr":false,"ev":""}
121,2.01667,0.000000,23.920000,-84.325447,0.000000,1.000000,0.000000,1,0.000000,0.000000,-7.050000,0.000000,-9.810000,0.000000,0,121,1,0
JS: {"t":2.05,"mode":"ground","p":[0,23.92,-84.33],"v":[0,-0.6,-7.1],"sup":true,"spd":7.1,"cr":false,"ev":""}
122,2.03333,0.000000,23.920000,-84.443779,0.000000,1.000000,0.000000,1,0.000000,0.000000,-7.100000,0.000000,-9.810000,0.000000,0,122,1,0
JS: {"t":2.07,"mode":"ground","p":[0,23.92,-84.44],"v":[0,-0.6,-7.15],"sup":true,"spd":7.15,"cr":false,"ev":""}
123,2.05000,0.000000,23.920000,-84.562943,0.000000,1.000000,0.000000,1,0.000000,0.000000,-7.150000,0.000000,-9.810000,0.000000,0,123,1,0
JS: {"t":2.08,"mode":"ground","p":[0,23.92,-84.56],"v":[0,-0.6,-7.2],"sup":true,"spd":7.2,"cr":false,"ev":""}
124,2.06667,0.000000,23.920000,-84.682945,0.000000,1.000000,0.000000,1,0.000000,0.000000,-7.200000,0.000000,-9.810000,0.000000,0,124,1,0
JS: {"t":2.1,"mode":"ground","p":[0,23.92,-84.68],"v":[0,-0.6,-7.25],"sup":true,"spd":7.25,"cr":false,"ev":""}
125,2.08333,0.000000,23.920000,-84.803780,0.000000,1.000000,0.000000,1,0.000000,0.000000,-7.250000,0.000000,-9.810000,0.000000,0,125,1,0
JS: {"t":2.12,"mode":"ground","p":[0,23.92,-84.8],"v":[0,-0.6,-7.3],"sup":true,"spd":7.3,"cr":false,"ev":""}
126,2.10000,0.000000,23.920000,-84.925446,0.000000,1.000000,0.000000,1,0.000000,0.000000,-7.300000,0.000000,-9.810000,0.000000,0,126,1,0
JS: {"t":2.13,"mode":"ground","p":[0,23.92,-84.93],"v":[0,-0.6,-7.35],"sup":true,"spd":7.35,"cr":false,"ev":""}
127,2.11667,0.000000,23.920000,-85.047943,0.000000,1.000000,0.000000,1,0.000000,0.000000,-7.350000,0.000000,-9.810000,0.000000,0,127,1,0
JS: {"t":2.15,"mode":"ground","p":[0,23.92,-85.05],"v":[0,-0.6,-7.4],"sup":true,"spd":7.4,"cr":false,"ev":""}
128,2.13333,0.000000,23.920000,-85.171280,0.000000,1.000000,0.000000,1,0.000000,0.000000,-7.400000,0.000000,-9.810000,0.000000,0,128,1,0
JS: {"t":2.17,"mode":"ground","p":[0,23.92,-85.17],"v":[0,-0.6,-7.45],"sup":true,"spd":7.45,"cr":false,"ev":""}
129,2.15000,0.000000,23.920000,-85.295448,0.000000,1.000000,0.000000,1,0.000000,0.000000,-7.450000,0.000000,-9.810000,0.000000,0,129,1,0
JS: {"t":2.18,"mode":"ground","p":[0,23.92,-85.3],"v":[0,-0.6,-7.5],"sup":true,"spd":7.5,"cr":false,"ev":""}
130,2.16667,0.000000,23.920000,-85.420448,0.000000,1.000000,0.000000,1,0.000000,0.000000,-7.500000,0.000000,-9.810000,0.000000,0,130,1,0
JS: {"t":2.2,"mode":"ground","p":[0,23.92,-85.42],"v":[0,-0.6,-7.55],"sup":true,"spd":7.55,"cr":false,"ev":""}
131,2.18333,0.000000,23.920000,-85.546280,0.000000,1.000000,0.000000,1,0.000000,0.000000,-7.550000,0.000000,-9.810000,0.000000,0,131,1,0
JS: {"t":2.22,"mode":"ground","p":[0,23.92,-85.55],"v":[0,-0.6,-7.6],"sup":true,"spd":7.6,"cr":false,"ev":""}
132,2.20000,0.000000,23.920000,-85.672943,0.000000,1.000000,0.000000,1,0.000000,0.000000,-7.600000,0.000000,-9.810000,0.000000,0,132,1,0
JS: {"t":2.23,"mode":"ground","p":[0,23.92,-85.67],"v":[0,-0.6,-7.65],"sup":true,"spd":7.65,"cr":false,"ev":""}
133,2.21667,0.000000,23.920000,-85.800446,0.000000,1.000000,0.000000,1,0.000000,0.000000,-7.650000,0.000000,-9.810000,0.000000,0,133,1,0
JS: {"t":2.25,"mode":"ground","p":[0,23.92,-85.8],"v":[0,-0.6,-7.7],"sup":true,"spd":7.7,"cr":false,"ev":""}
134,2.23333,0.000000,23.920000,-85.928780,0.000000,1.000000,0.000000,1,0.000000,0.000000,-7.700000,0.000000,-9.810000,0.000000,0,134,1,0
JS: {"t":2.27,"mode":"ground","p":[0,23.92,-85.93],"v":[0,-0.6,-7.75],"sup":true,"spd":7.75,"cr":false,"ev":""}
135,2.25000,0.000000,23.920000,-86.057945,0.000000,1.000000,0.000000,1,0.000000,0.000000,-7.750000,0.000000,-9.810000,0.000000,0,135,1,0
JS: {"t":2.28,"mode":"ground","p":[0,23.92,-86.06],"v":[0,-0.6,-7.8],"sup":true,"spd":7.8,"cr":false,"ev":""}
136,2.26667,0.000000,23.920000,-86.187943,0.000000,1.000000,0.000000,1,0.000000,0.000000,-7.800000,0.000000,-9.810000,0.000000,0,136,1,0
JS: {"t":2.3,"mode":"ground","p":[0,23.92,-86.19],"v":[0,-0.6,-7.85],"sup":true,"spd":7.85,"cr":false,"ev":""}
137,2.28333,0.000000,23.920000,-86.318779,0.000000,1.000000,0.000000,1,0.000000,0.000000,-7.850000,0.000000,-9.810000,0.000000,0,137,1,0
JS: {"t":2.32,"mode":"ground","p":[0,23.92,-86.32],"v":[0,-0.6,-7.9],"sup":true,"spd":7.9,"cr":false,"ev":""}
138,2.30000,0.000000,23.920000,-86.450447,0.000000,1.000000,0.000000,1,0.000000,0.000000,-7.900000,0.000000,-9.810000,0.000000,0,138,1,0
JS: {"t":2.33,"mode":"ground","p":[0,23.92,-86.45],"v":[0,-0.6,-7.95],"sup":true,"spd":7.95,"cr":false,"ev":""}
139,2.31667,0.000000,23.920000,-86.582947,0.000000,1.000000,0.000000,1,0.000000,0.000000,-7.950000,0.000000,-9.810000,0.000000,0,139,1,0
libEGL warning: Not allowed to force software rendering when API explicitly selects a hardware device.
Renderer fragment texture units: 32 (material path uses 12)
World state: disk saves disabled for additive compositions
Project: Judas Developer Integration (/tmp/judas-m65-rooftop-yanccshc/climb/m65_integration.judasproj)
Scene: Rooftop Run (/tmp/judas-m65-rooftop-yanccshc/climb/Scenes/rooftops.judas)
World origin (m): 0.000, 0.000, 0.000
ALSA lib confmisc.c:855:(parse_card) [error.core] cannot find card '0'
ALSA lib conf.c:5211:(_snd_config_evaluate) [error.core] function snd_func_card_id returned error: No such file or directory
ALSA lib confmisc.c:422:(snd_func_concat) [error.core] error evaluating strings
ALSA lib conf.c:5211:(_snd_config_evaluate) [error.core] function snd_func_concat returned error: No such file or directory
ALSA lib confmisc.c:1342:(snd_func_refer) [error.core] error evaluating name
ALSA lib conf.c:5211:(_snd_config_evaluate) [error.core] function snd_func_refer returned error: No such file or directory
ALSA lib conf.c:5734:(snd_config_expand) [error.core] Evaluate error: No such file or directory
ALSA lib pcm.c:2722:(snd_pcm_open_noupdate) [error.pcm] Unknown PCM dmix
ALSA lib confmisc.c:855:(parse_card) [error.core] cannot find card '0'
ALSA lib conf.c:5211:(_snd_config_evaluate) [error.core] function snd_func_card_id returned error: No such file or directory
ALSA lib confmisc.c:422:(snd_func_concat) [error.core] error evaluating strings
ALSA lib conf.c:5211:(_snd_config_evaluate) [error.core] function snd_func_concat returned error: No such file or directory
ALSA lib confmisc.c:1342:(snd_func_refer) [error.core] error evaluating name
ALSA lib conf.c:5211:(_snd_config_evaluate) [error.core] function snd_func_refer returned error: No such file or directory
ALSA lib conf.c:5734:(snd_config_expand) [error.core] Evaluate error: No such file or directory
ALSA lib pcm.c:2722:(snd_pcm_open_noupdate) [error.pcm] Unknown PCM dmix:0
ALSA lib confmisc.c:855:(parse_card) [error.core] cannot find card '0'
ALSA lib conf.c:5211:(_snd_config_evaluate) [error.core] function snd_func_card_id returned error: No such file or directory
ALSA lib confmisc.c:422:(snd_func_concat) [error.core] error evaluating strings
ALSA lib conf.c:5211:(_snd_config_evaluate) [error.core] function snd_func_concat returned error: No such file or directory
ALSA lib confmisc.c:1342:(snd_func_refer) [error.core] error evaluating name
ALSA lib conf.c:5211:(_snd_config_evaluate) [error.core] function snd_func_refer returned error: No such file or directory
ALSA lib conf.c:5734:(snd_config_expand) [error.core] Evaluate error: No such file or directory
ALSA lib pcm.c:2722:(snd_pcm_open_noupdate) [error.pcm] Unknown PCM dmix:0,0
ALSA lib confmisc.c:165:(snd_config_get_card) [error.core] Cannot get card index for 0
ALSA lib confmisc.c:165:(snd_config_get_card) [error.core] Cannot get card index for 0
ALSA lib confmisc.c:165:(snd_config_get_card) [error.core] Cannot get card index for 0
Cannot connect to server socket err = Operation not permitted
Cannot connect to server request channel
jack server is not running or cannot be started
JackShmReadWritePtr::~JackShmReadWritePtr - Init not done for -1, skipping unlock
JackShmReadWritePtr::~JackShmReadWritePtr - Init not done for -1, skipping unlock
