step,time,posX,posY,posZ,upX,upY,upZ,grounded,velX,velY,velZ,gravX,gravY,gravZ,controlled,frame,steps,paused
0,0.00000,0.000000,20.920000,8.000000,0.000000,1.000000,0.000000,1,0.000000,0.000000,0.000000,0.000000,-9.810000,0.000000,0,0,1,0
1,0.01667,0.000000,20.920000,8.000000,0.000000,1.000000,0.000000,1,0.000000,0.000000,0.000000,0.000000,-9.810000,0.000000,0,1,1,0
2,0.03333,0.000000,20.920000,8.000000,0.000000,1.000000,0.000000,1,0.000000,0.000000,0.000000,0.000000,-9.810000,0.000000,0,2,1,0
3,0.05000,0.000000,20.920000,8.000000,0.000000,1.000000,0.000000,1,0.000000,0.000000,0.000000,0.000000,-9.810000,0.000000,0,3,1,0
4,0.06667,0.000000,20.920000,8.000000,0.000000,1.000000,0.000000,1,0.000000,0.000000,0.000000,0.000000,-9.810000,0.000000,0,4,1,0
5,0.08333,0.000000,20.920000,8.000000,0.000000,1.000000,0.000000,1,0.000000,0.000000,0.000000,0.000000,-9.810000,0.000000,0,5,1,0
6,0.10000,0.000000,20.920000,8.000000,0.000000,1.000000,0.000000,1,0.000000,0.000000,0.000000,0.000000,-9.810000,0.000000,0,6,1,0
7,0.11667,0.000000,20.920000,8.000000,0.000000,1.000000,0.000000,1,0.000000,0.000000,0.000000,0.000000,-9.810000,0.000000,0,7,1,0
8,0.13333,0.000000,20.920000,8.000000,0.000000,1.000000,0.000000,1,0.000000,0.000000,0.000000,0.000000,-9.810000,0.000000,0,8,1,0
9,0.15000,0.000000,20.920000,8.000000,0.000000,1.000000,0.000000,1,0.000000,0.000000,0.000000,0.000000,-9.810000,0.000000,0,9,1,0
10,0.16667,0.000000,20.920000,8.000000,0.000000,1.000000,0.000000,1,0.000000,0.000000,0.000000,0.000000,-9.810000,0.000000,0,10,1,0
11,0.18333,0.000000,20.920000,8.000000,0.000000,1.000000,0.000000,1,0.000000,0.000000,0.000000,0.000000,-9.810000,0.000000,0,11,1,0
12,0.20000,0.000000,20.920000,8.000000,0.000000,1.000000,0.000000,1,0.000000,0.000000,0.000000,0.000000,-9.810000,0.000000,0,12,1,0
13,0.21667,0.000000,20.920000,8.000000,0.000000,1.000000,0.000000,1,0.000000,0.000000,0.000000,0.000000,-9.810000,0.000000,0,13,1,0
14,0.23333,0.000000,20.920000,8.000000,0.000000,1.000000,0.000000,1,0.000000,0.000000,0.000000,0.000000,-9.810000,0.000000,0,14,1,0
15,0.25000,0.000000,20.920000,7.995000,0.000000,1.000000,0.000000,1,0.000000,0.000000,-0.300000,0.000000,-9.810000,0.000000,0,15,1,0
16,0.26667,0.000000,20.920000,7.985000,0.000000,1.000000,0.000000,1,0.000000,0.000000,-0.600000,0.000000,-9.810000,0.000000,0,16,1,0
17,0.28333,0.000000,20.920000,7.970000,0.000000,1.000000,0.000000,1,0.000000,0.000000,-0.900000,0.000000,-9.810000,0.000000,0,17,1,0
18,0.30000,0.000000,20.920000,7.950000,0.000000,1.000000,0.000000,1,0.000000,0.000000,-1.200000,0.000000,-9.810000,0.000000,0,18,1,0
19,0.31667,0.000000,20.920000,7.925000,0.000000,1.000000,0.000000,1,0.000000,0.000000,-1.500000,0.000000,-9.810000,0.000000,0,19,1,0
20,0.33333,0.000000,20.920000,7.895000,0.000000,1.000000,0.000000,1,0.000000,0.000000,-1.800000,0.000000,-9.810000,0.000000,0,20,1,0
21,0.35000,0.000000,20.920000,7.860000,0.000000,1.000000,0.000000,1,0.000000,0.000000,-2.100000,0.000000,-9.810000,0.000000,0,21,1,0
22,0.36667,0.000000,20.920000,7.820000,0.000000,1.000000,0.000000,1,0.000000,0.000000,-2.400000,0.000000,-9.810000,0.000000,0,22,1,0
23,0.38333,0.000000,20.920000,7.775000,0.000000,1.000000,0.000000,1,0.000000,0.000000,-2.700000,0.000000,-9.810000,0.000000,0,23,1,0
24,0.40000,0.000000,20.920000,7.724999,0.000000,1.000000,0.000000,1,0.000000,0.000000,-3.000000,0.000000,-9.810000,0.000000,0,24,1,0
25,0.41667,0.000000,20.920000,7.670000,0.000000,1.000000,0.000000,1,0.000000,0.000000,-3.300000,0.000000,-9.810000,0.000000,0,25,1,0
26,0.43333,0.000000,20.920000,7.610000,0.000000,1.000000,0.000000,1,0.000000,0.000000,-3.600000,0.000000,-9.810000,0.000000,0,26,1,0
27,0.45000,0.000000,20.920000,7.545000,0.000000,1.000000,0.000000,1,0.000000,0.000000,-3.900000,0.000000,-9.810000,0.000000,0,27,1,0
28,0.46667,0.000000,20.920000,7.474999,0.000000,1.000000,0.000000,1,0.000000,0.000000,-4.200000,0.000000,-9.810000,0.000000,0,28,1,0
29,0.48333,0.000000,20.920000,7.403333,0.000000,1.000000,0.000000,1,0.000000,0.000000,-4.300000,0.000000,-9.810000,0.000000,0,29,1,0
30,0.50000,0.000000,20.920000,7.329999,0.000000,1.000000,0.000000,1,0.000000,0.000000,-4.400000,0.000000,-9.810000,0.000000,0,30,1,0
31,0.51667,0.000000,20.920000,7.255000,0.000000,1.000000,0.000000,1,0.000000,0.000000,-4.500000,0.000000,-9.810000,0.000000,0,31,1,0
32,0.53333,0.000000,20.920000,7.178333,0.000000,1.000000,0.000000,1,0.000000,0.000000,-4.600000,0.000000,-9.810000,0.000000,0,32,1,0
33,0.55000,0.000000,20.920000,7.099999,0.000000,1.000000,0.000000,1,0.000000,0.000000,-4.700000,0.000000,-9.810000,0.000000,0,33,1,0
34,0.56667,0.000000,20.920000,7.020000,0.000000,1.000000,0.000000,1,0.000000,0.000000,-4.800000,0.000000,-9.810000,0.000000,0,34,1,0
35,0.58333,0.000000,21.004999,6.940000,0.000000,1.000000,0.000000,0,0.000000,5.100000,-4.800000,0.000000,-9.810000,0.000000,0,35,1,0
36,0.60000,0.000000,21.087275,6.858055,0.000000,1.000000,0.000000,0,0.000000,4.936500,-4.916667,0.000000,-9.810000,0.000000,0,36,1,0
37,0.61667,0.000000,21.166824,6.774166,0.000000,1.000000,0.000000,0,0.000000,4.773000,-5.033334,0.000000,-9.810000,0.000000,0,37,1,0
38,0.63333,0.000000,21.241468,6.688333,0.000000,1.000000,0.000000,0,0.000000,4.478700,-5.150001,0.000000,-9.810000,0.000000,0,38,1,0
39,0.65000,0.000000,21.311209,6.600555,0.000000,1.000000,0.000000,0,0.000000,4.184400,-5.266667,0.000000,-9.810000,0.000000,0,39,1,0
40,0.66667,0.000000,21.376043,6.510833,0.000000,1.000000,0.000000,0,0.000000,3.890100,-5.383334,0.000000,-9.810000,0.000000,0,40,1,0
41,0.68333,0.000000,21.435974,6.419166,0.000000,1.000000,0.000000,0,0.000000,3.595800,-5.500000,0.000000,-9.810000,0.000000,0,41,1,0
42,0.70000,0.000000,21.490999,6.327499,0.000000,1.000000,0.000000,0,0.000000,3.301500,-5.500000,0.000000,-9.810000,0.000000,0,42,1,0
43,0.71667,0.000000,21.541119,6.235833,0.000000,1.000000,0.000000,0,0.000000,3.007200,-5.500000,0.000000,-9.810000,0.000000,0,43,1,0
44,0.73333,0.000000,21.586334,6.144166,0.000000,1.000000,0.000000,0,0.000000,2.712900,-5.500000,0.000000,-9.810000,0.000000,0,44,1,0
45,0.75000,0.000000,21.626644,6.052499,0.000000,1.000000,0.000000,0,0.000000,2.418600,-5.500000,0.000000,-9.810000,0.000000,0,45,1,0
46,0.76667,0.000000,21.662048,5.960833,0.000000,1.000000,0.000000,0,0.000000,2.124300,-5.500000,0.000000,-9.810000,0.000000,0,46,1,0
47,0.78333,0.000000,21.692549,5.869166,0.000000,1.000000,0.000000,0,0.000000,1.829999,-5.500000,0.000000,-9.810000,0.000000,0,47,1,0
48,0.80000,0.000000,21.718143,5.777499,0.000000,1.000000,0.000000,0,0.000000,1.535699,-5.500000,0.000000,-9.810000,0.000000,0,48,1,0
49,0.81667,0.000000,21.738834,5.685833,0.000000,1.000000,0.000000,0,0.000000,1.241399,-5.500000,0.000000,-9.810000,0.000000,0,49,1,0
50,0.83333,0.000000,21.754620,5.594166,0.000000,1.000000,0.000000,0,0.000000,0.947099,-5.500000,0.000000,-9.810000,0.000000,0,50,1,0
51,0.85000,0.000000,21.765499,5.502499,0.000000,1.000000,0.000000,0,0.000000,0.652799,-5.500000,0.000000,-9.810000,0.000000,0,51,1,0
52,0.86667,0.000000,21.771475,5.410832,0.000000,1.000000,0.000000,0,0.000000,0.358499,-5.500000,0.000000,-9.810000,0.000000,0,52,1,0
53,0.88333,0.000000,21.772545,5.319166,0.000000,1.000000,0.000000,0,0.000000,0.064199,-5.500000,0.000000,-9.810000,0.000000,0,53,1,0
54,0.90000,0.000000,21.768709,5.227499,0.000000,1.000000,0.000000,0,0.000000,-0.230101,-5.500000,0.000000,-9.810000,0.000000,0,54,1,0
55,0.91667,0.000000,21.761196,5.135832,0.000000,1.000000,0.000000,0,0.000000,-0.450826,-5.500000,0.000000,-9.810000,0.000000,0,55,1,0
56,0.93333,0.000000,21.750004,5.044166,0.000000,1.000000,0.000000,0,0.000000,-0.671551,-5.500000,0.000000,-9.810000,0.000000,0,56,1,0
57,0.95000,0.000000,21.735132,4.952499,0.000000,1.000000,0.000000,0,0.000000,-0.892276,-5.500000,0.000000,-9.810000,0.000000,0,57,1,0
58,0.96667,0.000000,21.716581,4.860832,0.000000,1.000000,0.000000,0,0.000000,-1.113001,-5.500000,0.000000,-9.810000,0.000000,0,58,1,0
59,0.98333,0.000000,21.694353,4.769166,0.000000,1.000000,0.000000,0,0.000000,-1.333726,-5.500000,0.000000,-9.810000,0.000000,0,59,1,0
60,1.00000,0.000000,21.668446,4.677499,0.000000,1.000000,0.000000,0,0.000000,-1.554451,-5.500000,0.000000,-9.810000,0.000000,0,60,1,0
61,1.01667,0.000000,21.638859,4.585832,0.000000,1.000000,0.000000,0,0.000000,-1.775176,-5.500000,0.000000,-9.810000,0.000000,0,61,1,0
62,1.03333,0.000000,21.605595,4.494165,0.000000,1.000000,0.000000,0,0.000000,-1.995901,-5.500000,0.000000,-9.810000,0.000000,0,62,1,0
63,1.05000,0.000000,21.568651,4.402499,0.000000,1.000000,0.000000,0,0.000000,-2.216626,-5.500000,0.000000,-9.810000,0.000000,0,63,1,0
64,1.06667,0.000000,21.528028,4.310832,0.000000,1.000000,0.000000,0,0.000000,-2.437351,-5.500000,0.000000,-9.810000,0.000000,0,64,1,0
[TestHarness] Wrote screenshot: /home/conner/Documents/GitHub/Project-Judas/docs/evidence/m65/rooftop-wall-followup/moved-direct-rooftops.png
65,1.08333,0.000000,21.483727,4.219165,0.000000,1.000000,0.000000,0,0.000000,-2.658076,-5.500000,0.000000,-9.810000,0.000000,0,65,1,0
66,1.10000,0.000000,21.435747,4.127499,0.000000,1.000000,0.000000,0,0.000000,-2.878801,-5.500000,0.000000,-9.810000,0.000000,0,66,1,0
67,1.11667,0.000000,21.384089,4.035832,0.000000,1.000000,0.000000,0,0.000000,-3.099526,-5.500000,0.000000,-9.810000,0.000000,0,67,1,0
68,1.13333,0.000000,21.328751,3.944165,0.000000,1.000000,0.000000,0,0.000000,-3.320251,-5.500000,0.000000,-9.810000,0.000000,0,68,1,0
69,1.15000,0.000000,21.269733,3.852499,0.000000,1.000000,0.000000,0,0.000000,-3.540977,-5.500000,0.000000,-9.810000,0.000000,0,69,1,0
70,1.16667,0.000000,21.207039,3.760832,0.000000,1.000000,0.000000,0,0.000000,-3.761702,-5.500000,0.000000,-9.810000,0.000000,0,70,1,0
71,1.18333,0.000000,21.140665,3.669165,0.000000,1.000000,0.000000,0,0.000000,-3.982427,-5.500000,0.000000,-9.810000,0.000000,0,71,1,0
72,1.20000,0.000000,21.070612,3.577498,0.000000,1.000000,0.000000,0,0.000000,-4.203152,-5.500000,0.000000,-9.810000,0.000000,0,72,1,0
73,1.21667,0.000000,20.996881,3.485832,0.000000,1.000000,0.000000,1,0.000000,-4.423877,-5.500000,0.000000,-9.810000,0.000000,0,73,1,0
74,1.23333,0.000000,20.920000,3.400276,0.000000,1.000000,0.000000,1,0.000000,0.000000,-5.133333,0.000000,-9.810000,0.000000,0,74,1,0
75,1.25000,0.000000,20.920000,3.320832,0.000000,1.000000,0.000000,1,0.000000,0.000000,-4.766666,0.000000,-9.810000,0.000000,0,75,1,0
76,1.26667,0.000000,20.920000,3.247499,0.000000,1.000000,0.000000,1,0.000000,0.000000,-4.400000,0.000000,-9.810000,0.000000,0,76,1,0
77,1.28333,0.000000,20.920000,3.180276,0.000000,1.000000,0.000000,1,0.000000,0.000000,-4.033333,0.000000,-9.810000,0.000000,0,77,1,0
78,1.30000,0.000000,20.920000,3.119165,0.000000,1.000000,0.000000,1,0.000000,0.000000,-3.666667,0.000000,-9.810000,0.000000,0,78,1,0
79,1.31667,0.000000,20.920000,3.064165,0.000000,1.000000,0.000000,1,0.000000,0.000000,-3.300000,0.000000,-9.810000,0.000000,0,79,1,0
80,1.33333,0.000000,20.920000,3.064165,0.000000,1.000000,0.000000,1,0.000000,0.000000,-3.300000,0.000000,-9.810000,0.000000,0,80,0,1
81,1.35000,0.000000,20.920000,3.064165,0.000000,1.000000,0.000000,1,0.000000,0.000000,-3.300000,0.000000,-9.810000,0.000000,0,81,0,1
82,1.36667,0.000000,20.920000,3.064165,0.000000,1.000000,0.000000,1,0.000000,0.000000,-3.300000,0.000000,-9.810000,0.000000,0,82,0,1
83,1.38333,0.000000,20.920000,3.064165,0.000000,1.000000,0.000000,1,0.000000,0.000000,-3.300000,0.000000,-9.810000,0.000000,0,83,0,1
84,1.40000,0.000000,20.920000,3.064165,0.000000,1.000000,0.000000,1,0.000000,0.000000,-3.300000,0.000000,-9.810000,0.000000,0,84,0,1
85,1.41667,0.000000,20.920000,3.064165,0.000000,1.000000,0.000000,1,0.000000,0.000000,-3.300000,0.000000,-9.810000,0.000000,0,85,0,1
86,1.43333,0.000000,20.920000,3.064165,0.000000,1.000000,0.000000,1,0.000000,0.000000,-3.300000,0.000000,-9.810000,0.000000,0,86,0,1
87,1.45000,0.000000,20.920000,3.064165,0.000000,1.000000,0.000000,1,0.000000,0.000000,-3.300000,0.000000,-9.810000,0.000000,0,87,0,1
88,1.46667,0.000000,20.920000,3.064165,0.000000,1.000000,0.000000,1,0.000000,0.000000,-3.300000,0.000000,-9.810000,0.000000,0,88,0,1
89,1.48333,0.000000,20.920000,3.064165,0.000000,1.000000,0.000000,1,0.000000,0.000000,-3.300000,0.000000,-9.810000,0.000000,0,89,0,1
[TestHarness] Wrote screenshot: /home/conner/Documents/GitHub/Project-Judas/docs/evidence/m65/rooftop-wall-followup/moved-direct-paused.png
90,1.50000,0.000000,20.920000,3.064165,0.000000,1.000000,0.000000,1,0.000000,0.000000,-3.300000,0.000000,-9.810000,0.000000,0,90,0,1
91,1.51667,0.000000,20.920000,3.064165,0.000000,1.000000,0.000000,1,0.000000,0.000000,-3.300000,0.000000,-9.810000,0.000000,0,91,0,1
92,1.53333,0.000000,20.920000,3.064165,0.000000,1.000000,0.000000,1,0.000000,0.000000,-3.300000,0.000000,-9.810000,0.000000,0,92,0,1
93,1.55000,0.000000,20.920000,3.064165,0.000000,1.000000,0.000000,1,0.000000,0.000000,-3.300000,0.000000,-9.810000,0.000000,0,93,0,1
94,1.56667,0.000000,20.920000,3.064165,0.000000,1.000000,0.000000,1,0.000000,0.000000,-3.300000,0.000000,-9.810000,0.000000,0,94,0,1
95,1.58333,0.000000,20.920000,3.015276,0.000000,1.000000,0.000000,1,0.000000,0.000000,-2.933333,0.000000,-9.810000,0.000000,0,95,1,0
96,1.60000,0.000000,20.920000,2.972498,0.000000,1.000000,0.000000,1,0.000000,0.000000,-2.566667,0.000000,-9.810000,0.000000,0,96,1,0
97,1.61667,0.000000,20.920000,2.935832,0.000000,1.000000,0.000000,1,0.000000,0.000000,-2.200000,0.000000,-9.810000,0.000000,0,97,1,0
98,1.63333,0.000000,20.920000,2.905276,0.000000,1.000000,0.000000,1,0.000000,0.000000,-1.833333,0.000000,-9.810000,0.000000,0,98,1,0
99,1.65000,0.000000,20.920000,2.880832,0.000000,1.000000,0.000000,1,0.000000,0.000000,-1.466666,0.000000,-9.810000,0.000000,0,99,1,0
100,1.66667,0.000000,20.920000,2.862499,0.000000,1.000000,0.000000,1,0.000000,0.000000,-1.100000,0.000000,-9.810000,0.000000,0,100,1,0
101,1.68333,0.000000,20.920000,2.850276,0.000000,1.000000,0.000000,1,0.000000,0.000000,-0.733333,0.000000,-9.810000,0.000000,0,101,1,0
102,1.70000,0.000000,20.920000,2.844165,0.000000,1.000000,0.000000,1,0.000000,0.000000,-0.366666,0.000000,-9.810000,0.000000,0,102,1,0
103,1.71667,0.000000,20.920000,2.844165,0.000000,1.000000,0.000000,1,0.000000,0.000000,0.000000,0.000000,-9.810000,0.000000,0,103,1,0
104,1.73333,0.000000,20.920000,2.844165,0.000000,1.000000,0.000000,1,0.000000,0.000000,0.000000,0.000000,-9.810000,0.000000,0,104,1,0
105,1.75000,0.000000,20.920000,2.844165,0.000000,1.000000,0.000000,1,0.000000,0.000000,0.000000,0.000000,-9.810000,0.000000,0,105,1,0
106,1.76667,0.000000,20.920000,2.844165,0.000000,1.000000,0.000000,1,0.000000,0.000000,0.000000,0.000000,-9.810000,0.000000,0,106,1,0
107,1.78333,0.000000,20.920000,2.844165,0.000000,1.000000,0.000000,1,0.000000,0.000000,0.000000,0.000000,-9.810000,0.000000,0,107,1,0
108,1.80000,0.000000,20.920000,2.844165,0.000000,1.000000,0.000000,1,0.000000,0.000000,0.000000,0.000000,-9.810000,0.000000,0,108,1,0
109,1.81667,0.000000,20.920000,2.844165,0.000000,1.000000,0.000000,1,0.000000,0.000000,0.000000,0.000000,-9.810000,0.000000,0,109,1,0
110,1.83333,0.000000,20.920000,2.844165,0.000000,1.000000,0.000000,1,0.000000,0.000000,0.000000,0.000000,-9.810000,0.000000,0,110,1,0
111,1.85000,0.000000,20.920000,2.844165,0.000000,1.000000,0.000000,1,0.000000,0.000000,0.000000,0.000000,-9.810000,0.000000,0,111,1,0
112,1.86667,0.000000,20.920000,2.844165,0.000000,1.000000,0.000000,1,0.000000,0.000000,0.000000,0.000000,-9.810000,0.000000,0,112,1,0
113,1.88333,0.000000,20.920000,2.844165,0.000000,1.000000,0.000000,1,0.000000,0.000000,0.000000,0.000000,-9.810000,0.000000,0,113,1,0
114,1.90000,0.000000,20.920000,2.844165,0.000000,1.000000,0.000000,1,0.000000,0.000000,0.000000,0.000000,-9.810000,0.000000,0,114,1,0
115,1.91667,0.000000,20.920000,2.844165,0.000000,1.000000,0.000000,1,0.000000,0.000000,0.000000,0.000000,-9.810000,0.000000,0,115,1,0
116,1.93333,0.000000,20.920000,2.844165,0.000000,1.000000,0.000000,1,0.000000,0.000000,0.000000,0.000000,-9.810000,0.000000,0,116,1,0
117,1.95000,0.000000,20.920000,2.844165,0.000000,1.000000,0.000000,1,0.000000,0.000000,0.000000,0.000000,-9.810000,0.000000,0,117,1,0
118,1.96667,0.000000,20.920000,2.844165,0.000000,1.000000,0.000000,1,0.000000,0.000000,0.000000,0.000000,-9.810000,0.000000,0,118,1,0
119,1.98333,0.000000,20.920000,2.844165,0.000000,1.000000,0.000000,1,0.000000,0.000000,0.000000,0.000000,-9.810000,0.000000,0,119,1,0
libEGL warning: Not allowed to force software rendering when API explicitly selects a hardware device.
Renderer fragment texture units: 32 (material path uses 12)
World state: disk saves disabled for additive compositions
Project: Judas Developer Integration (/tmp/judas-m65-rooftop-export/Moved Rooftop/game.judasproj)
Scene: Rooftop Run (/tmp/judas-m65-rooftop-export/Moved Rooftop/Scenes/rooftops.judas)
World origin (m): 0.000, 0.000, 0.000
ALSA lib confmisc.c:855:(parse_card) [error.core] cannot find card '0'
ALSA lib conf.c:5211:(_snd_config_evaluate) [error.core] function snd_func_card_id returned error: No such file or directory
ALSA lib confmisc.c:422:(snd_func_concat) [error.core] error evaluating strings
ALSA lib conf.c:5211:(_snd_config_evaluate) [error.core] function snd_func_concat returned error: No such file or directory
ALSA lib confmisc.c:1342:(snd_func_refer) [error.core] error evaluating name
ALSA lib conf.c:5211:(_snd_config_evaluate) [error.core] function snd_func_refer returned error: No such file or directory
ALSA lib conf.c:5734:(snd_config_expand) [error.core] Evaluate error: No such file or directory
ALSA lib pcm.c:2722:(snd_pcm_open_noupdate) [error.pcm] Unknown PCM dmix
ALSA lib confmisc.c:855:(parse_card) [error.core] cannot find card '0'
ALSA lib conf.c:5211:(_snd_config_evaluate) [error.core] function snd_func_card_id returned error: No such file or directory
ALSA lib confmisc.c:422:(snd_func_concat) [error.core] error evaluating strings
ALSA lib conf.c:5211:(_snd_config_evaluate) [error.core] function snd_func_concat returned error: No such file or directory
ALSA lib confmisc.c:1342:(snd_func_refer) [error.core] error evaluating name
ALSA lib conf.c:5211:(_snd_config_evaluate) [error.core] function snd_func_refer returned error: No such file or directory
ALSA lib conf.c:5734:(snd_config_expand) [error.core] Evaluate error: No such file or directory
ALSA lib pcm.c:2722:(snd_pcm_open_noupdate) [error.pcm] Unknown PCM dmix:0
ALSA lib confmisc.c:855:(parse_card) [error.core] cannot find card '0'
ALSA lib conf.c:5211:(_snd_config_evaluate) [error.core] function snd_func_card_id returned error: No such file or directory
ALSA lib confmisc.c:422:(snd_func_concat) [error.core] error evaluating strings
ALSA lib conf.c:5211:(_snd_config_evaluate) [error.core] function snd_func_concat returned error: No such file or directory
ALSA lib confmisc.c:1342:(snd_func_refer) [error.core] error evaluating name
ALSA lib conf.c:5211:(_snd_config_evaluate) [error.core] function snd_func_refer returned error: No such file or directory
ALSA lib conf.c:5734:(snd_config_expand) [error.core] Evaluate error: No such file or directory
ALSA lib pcm.c:2722:(snd_pcm_open_noupdate) [error.pcm] Unknown PCM dmix:0,0
ALSA lib confmisc.c:165:(snd_config_get_card) [error.core] Cannot get card index for 0
ALSA lib confmisc.c:165:(snd_config_get_card) [error.core] Cannot get card index for 0
ALSA lib confmisc.c:165:(snd_config_get_card) [error.core] Cannot get card index for 0
Cannot connect to server socket err = Operation not permitted
Cannot connect to server request channel
jack server is not running or cannot be started
JackShmReadWritePtr::~JackShmReadWritePtr - Init not done for -1, skipping unlock
JackShmReadWritePtr::~JackShmReadWritePtr - Init not done for -1, skipping unlock
