step,time,posX,posY,posZ,upX,upY,upZ,grounded,velX,velY,velZ,gravX,gravY,gravZ,controlled,frame,steps,paused
JS: {"t":0.02,"mode":"air","p":[5.35,20.2,-42],"v":[0,-0.22,0],"sup":false,"spd":0,"cr":false,"ev":""}
JS: {"t":0.03,"mode":"ground","p":[5.35,20.12,-42],"v":[0,-0.6,-0.3],"sup":true,"spd":0.3,"cr":false,"ev":""}
JS: {"t":0.05,"mode":"ground","p":[5.35,20.12,-42.01],"v":[0,-0.6,-0.6],"sup":true,"spd":0.6,"cr":false,"ev":""}
JS: {"t":0.07,"mode":"ground","p":[5.35,20.12,-42.01],"v":[0,-0.6,-0.9],"sup":true,"spd":0.9,"cr":false,"ev":""}
JS: {"t":0.08,"mode":"ground","p":[5.35,20.12,-42.03],"v":[0,-0.6,-1.2],"sup":true,"spd":1.2,"cr":false,"ev":""}
JS: {"t":0.1,"mode":"ground","p":[5.35,20.12,-42.05],"v":[0,-0.6,-1.5],"sup":true,"spd":1.5,"cr":false,"ev":""}
JS: {"t":0.12,"mode":"ground","p":[5.35,20.12,-42.08],"v":[0,-0.6,-1.8],"sup":true,"spd":1.8,"cr":false,"ev":""}
JS: {"t":0.13,"mode":"ground","p":[5.35,20.12,-42.1],"v":[0,-0.6,-2.1],"sup":true,"spd":2.1,"cr":false,"ev":""}
JS: {"t":0.15,"mode":"ground","p":[5.35,20.12,-42.14],"v":[0,-0.6,-2.4],"sup":true,"spd":2.4,"cr":false,"ev":""}
JS: {"t":0.17,"mode":"ground","p":[5.35,20.12,-42.18],"v":[0,-0.6,-2.7],"sup":true,"spd":2.7,"cr":false,"ev":""}
JS: {"t":0.18,"mode":"ground","p":[5.35,20.12,-42.22],"v":[0,-0.6,-3],"sup":true,"spd":3,"cr":false,"ev":""}
JS: {"t":0.2,"mode":"ground","p":[5.35,20.12,-42.27],"v":[0,-0.6,-3.3],"sup":true,"spd":3.3,"cr":false,"ev":""}
JS: {"t":0.22,"mode":"ground","p":[5.35,20.12,-42.33],"v":[0,-0.6,-3.6],"sup":true,"spd":3.6,"cr":false,"ev":""}
JS: {"t":0.23,"mode":"ground","p":[5.35,20.12,-42.39],"v":[0,-0.6,-3.9],"sup":true,"spd":3.9,"cr":false,"ev":""}
JS: {"t":0.25,"mode":"ground","p":[5.35,20.12,-42.45],"v":[0,-0.6,-4.2],"sup":true,"spd":4.2,"cr":false,"ev":""}
JS: {"t":0.27,"mode":"ground","p":[5.35,20.12,-42.52],"v":[0,-0.6,-4.3],"sup":true,"spd":4.3,"cr":false,"ev":""}
JS: {"t":0.28,"mode":"ground","p":[5.35,20.12,-42.6],"v":[0,-0.6,-4.4],"sup":true,"spd":4.4,"cr":false,"ev":""}
JS: {"t":0.3,"mode":"ground","p":[5.35,20.12,-42.67],"v":[0,-0.6,-4.5],"sup":true,"spd":4.5,"cr":false,"ev":""}
JS: {"t":0.32,"mode":"ground","p":[5.35,20.12,-42.74],"v":[0,-0.6,-4.6],"sup":true,"spd":4.6,"cr":false,"ev":""}
JS: {"t":0.33,"mode":"ground","p":[5.35,20.12,-42.82],"v":[0,-0.6,-4.7],"sup":true,"spd":4.7,"cr":false,"ev":""}
JS: {"t":0.35,"mode":"ground","p":[5.35,20.12,-42.9],"v":[0,-0.6,-4.8],"sup":true,"spd":4.8,"cr":false,"ev":""}
JS: {"t":0.37,"mode":"ground","p":[5.35,20.12,-42.98],"v":[0,-0.6,-4.9],"sup":true,"spd":4.9,"cr":false,"ev":""}
JS: {"t":0.38,"mode":"ground","p":[5.35,20.12,-43.06],"v":[0,-0.6,-5],"sup":true,"spd":5,"cr":false,"ev":""}
JS: {"t":0.4,"mode":"ground","p":[5.35,20.12,-43.15],"v":[0,-0.6,-5.1],"sup":true,"spd":5.1,"cr":false,"ev":""}
JS: {"t":0.42,"mode":"ground","p":[5.35,20.12,-43.23],"v":[0,-0.6,-5.2],"sup":true,"spd":5.2,"cr":false,"ev":""}
JS: {"t":0.43,"mode":"ground","p":[5.35,20.12,-43.32],"v":[0,-0.6,-5.3],"sup":true,"spd":5.3,"cr":false,"ev":""}
JS: {"t":0.45,"mode":"ground","p":[5.35,20.12,-43.4],"v":[0,-0.6,-5.4],"sup":true,"spd":5.4,"cr":false,"ev":""}
JS: {"t":0.47,"mode":"ground","p":[5.35,20.12,-43.49],"v":[0,-0.6,-5.5],"sup":true,"spd":5.5,"cr":false,"ev":""}
JS: {"t":0.48,"mode":"ground","p":[5.35,20.12,-43.59],"v":[0,-0.6,-5.6],"sup":true,"spd":5.6,"cr":false,"ev":""}
JS: {"t":0.5,"mode":"ground","p":[5.35,20.12,-43.68],"v":[0,-0.6,-5.7],"sup":true,"spd":5.7,"cr":false,"ev":""}
JS: {"t":0.52,"mode":"ground","p":[5.35,20.12,-43.78],"v":[0,-0.6,-5.8],"sup":true,"spd":5.8,"cr":false,"ev":""}
JS: {"t":0.53,"mode":"ground","p":[5.35,20.12,-43.87],"v":[0,-0.6,-5.9],"sup":true,"spd":5.9,"cr":false,"ev":""}
JS: {"t":0.55,"mode":"ground","p":[5.35,20.12,-43.97],"v":[0,-0.6,-6],"sup":true,"spd":6,"cr":false,"ev":""}
JS: {"t":0.57,"mode":"ground","p":[5.35,20.12,-44.07],"v":[0,-0.6,-6.1],"sup":true,"spd":6.1,"cr":false,"ev":""}
JS: {"t":0.58,"mode":"ground","p":[5.35,20.12,-44.17],"v":[0,-0.6,-6.2],"sup":true,"spd":6.2,"cr":false,"ev":""}
JS: {"t":0.6,"mode":"ground","p":[5.35,20.12,-44.27],"v":[0,-0.6,-6.3],"sup":true,"spd":6.3,"cr":false,"ev":""}
JS: {"t":0.62,"mode":"ground","p":[5.35,20.12,-44.38],"v":[0,-0.6,-6.4],"sup":true,"spd":6.4,"cr":false,"ev":""}
JS: {"t":0.63,"mode":"ground","p":[5.35,20.12,-44.49],"v":[0,-0.6,-6.5],"sup":true,"spd":6.5,"cr":false,"ev":""}
JS: {"t":0.65,"mode":"ground","p":[5.35,20.12,-44.59],"v":[0,-0.6,-6.55],"sup":true,"spd":6.55,"cr":false,"ev":""}
JS: {"t":0.67,"mode":"ground","p":[5.35,20.12,-44.7],"v":[0,-0.6,-6.6],"sup":true,"spd":6.6,"cr":false,"ev":""}
JS: {"t":0.68,"mode":"ground","p":[5.35,20.12,-44.81],"v":[0,-0.6,-6.65],"sup":true,"spd":6.65,"cr":false,"ev":""}
JS: {"t":0.7,"mode":"ground","p":[5.35,20.12,-44.92],"v":[0,-0.6,-6.7],"sup":true,"spd":6.7,"cr":false,"ev":""}
JS: {"t":0.72,"mode":"ground","p":[5.35,20.12,-45.04],"v":[0,-0.6,-6.75],"sup":true,"spd":6.75,"cr":false,"ev":""}
JS: {"t":0.73,"mode":"ground","p":[5.35,20.12,-45.15],"v":[0,-0.6,-6.8],"sup":true,"spd":6.8,"cr":false,"ev":""}
JS: {"t":0.75,"mode":"ground","p":[5.35,20.12,-45.26],"v":[0,-0.6,-6.85],"sup":true,"spd":6.85,"cr":false,"ev":""}
JS: {"t":0.77,"mode":"ground","p":[5.35,20.12,-45.38],"v":[0,-0.6,-6.9],"sup":true,"spd":6.9,"cr":false,"ev":""}
JS: {"t":0.78,"mode":"ground","p":[5.35,20.12,-45.49],"v":[0,-0.6,-6.95],"sup":true,"spd":6.95,"cr":false,"ev":""}
JS: {"t":0.8,"mode":"ground","p":[5.35,20.12,-45.61],"v":[0,-0.6,-7],"sup":true,"spd":7,"cr":false,"ev":""}
JS: {"t":0.82,"mode":"ground","p":[5.35,20.12,-45.72],"v":[0,-0.6,-7.05],"sup":true,"spd":7.05,"cr":false,"ev":""}
JS: {"t":0.83,"mode":"ground","p":[5.35,20.12,-45.84],"v":[0,-0.6,-7.1],"sup":true,"spd":7.1,"cr":false,"ev":""}
JS: {"t":0.85,"mode":"ground","p":[5.35,20.12,-45.96],"v":[0,-0.6,-7.15],"sup":true,"spd":7.15,"cr":false,"ev":""}
JS: {"t":0.87,"mode":"ground","p":[5.35,20.12,-46.08],"v":[0,-0.6,-7.2],"sup":true,"spd":7.2,"cr":false,"ev":""}
JS: {"t":0.88,"mode":"ground","p":[5.35,20.12,-46.2],"v":[0,-0.6,-7.25],"sup":true,"spd":7.25,"cr":false,"ev":""}
JS: {"t":0.9,"mode":"ground","p":[5.35,20.12,-46.32],"v":[0,-0.6,-7.3],"sup":true,"spd":7.3,"cr":false,"ev":""}
JS: {"t":0.92,"mode":"ground","p":[5.35,20.12,-46.44],"v":[0,-0.6,-7.35],"sup":true,"spd":7.35,"cr":false,"ev":""}
JS: {"t":0.93,"mode":"ground","p":[5.35,20.12,-46.56],"v":[0,-0.6,-7.4],"sup":true,"spd":7.4,"cr":false,"ev":""}
JS: {"t":0.95,"mode":"ground","p":[5.35,20.12,-46.69],"v":[0,-0.6,-7.45],"sup":true,"spd":7.45,"cr":false,"ev":""}
JS: {"t":0.97,"mode":"ground","p":[5.35,20.12,-46.81],"v":[0,-0.6,-7.5],"sup":true,"spd":7.5,"cr":false,"ev":""}
JS: {"t":0.98,"mode":"ground","p":[5.35,20.12,-46.94],"v":[0,-0.6,-7.55],"sup":true,"spd":7.55,"cr":false,"ev":""}
JS: {"t":1,"mode":"ground","p":[5.35,20.12,-47.06],"v":[0,-0.6,-7.6],"sup":true,"spd":7.6,"cr":false,"ev":""}
JS: {"t":1.02,"mode":"air","p":[5.35,20.12,-47.19],"v":[0,5.1,-7.6],"sup":true,"spd":7.85,"cr":false,"ev":"jump"}
JS: PROBE {"dir":{"x":1,"y":0,"z":0},"raw":{"id":"10","distance":0,"normal":{"x":1,"y":0,"z":0},"overlap":true},"ignored":{"id":"111","distance":0.6500000953674316,"normal":{"x":-1,"y":0,"z":0},"overlap":false}}
JS: PROBE {"dir":{"x":-1,"y":0,"z":0},"raw":{"id":"10","distance":0,"normal":{"x":1,"y":0,"z":0},"overlap":true},"ignored":null}
JS: PROBE {"dir":{"x":0,"y":-1,"z":0},"raw":{"id":"10","distance":0,"normal":{"x":1,"y":0,"z":0},"overlap":true},"ignored":{"id":"107","distance":1.0049991607666016,"normal":{"x":0,"y":1,"z":0},"overlap":false}}
JS: {"t":1.03,"mode":"wallrun","p":[5.35,20.2,-47.32],"v":[-0.8,3.2,-7.6],"sup":false,"spd":7.85,"cr":false,"ev":"wallrun"}
JS: {"t":1.05,"mode":"wallrun","p":[5.34,20.26,-47.44],"v":[-0.8,3.13,-7.59],"sup":false,"spd":7.85,"cr":false,"ev":""}
JS: {"t":1.07,"mode":"wallrun","p":[5.32,20.31,-47.57],"v":[-0.8,3.06,-7.58],"sup":false,"spd":7.85,"cr":false,"ev":""}
JS: {"t":1.08,"mode":"wallrun","p":[5.31,20.36,-47.7],"v":[-0.8,2.99,-7.57],"sup":false,"spd":7.85,"cr":false,"ev":""}
JS: {"t":1.1,"mode":"wallrun","p":[5.3,20.41,-47.82],"v":[-0.8,2.93,-7.56],"sup":false,"spd":7.85,"cr":false,"ev":""}
JS: {"t":1.12,"mode":"wallrun","p":[5.28,20.46,-47.95],"v":[-0.8,2.86,-7.55],"sup":false,"spd":7.85,"cr":false,"ev":""}
JS: {"t":1.13,"mode":"wallrun","p":[5.27,20.51,-48.07],"v":[-0.8,2.79,-7.54],"sup":false,"spd":7.85,"cr":false,"ev":""}
JS: {"t":1.15,"mode":"wallrun","p":[5.26,20.55,-48.2],"v":[-0.8,2.72,-7.53],"sup":false,"spd":7.85,"cr":false,"ev":""}
JS: {"t":1.17,"mode":"wallrun","p":[5.24,20.6,-48.32],"v":[-0.8,2.65,-7.52],"sup":false,"spd":7.85,"cr":false,"ev":""}
JS: {"t":1.18,"mode":"wallrun","p":[5.23,20.64,-48.45],"v":[-0.8,2.58,-7.51],"sup":false,"spd":7.85,"cr":false,"ev":""}
JS: {"t":1.2,"mode":"wallrun","p":[5.22,20.69,-48.57],"v":[-0.8,2.51,-7.5],"sup":false,"spd":7.85,"cr":false,"ev":""}
JS: {"t":1.22,"mode":"wallrun","p":[5.2,20.73,-48.7],"v":[-0.8,2.44,-7.49],"sup":false,"spd":7.85,"cr":false,"ev":""}
JS: {"t":1.23,"mode":"wallrun","p":[5.19,20.77,-48.82],"v":[-0.8,2.38,-7.48],"sup":false,"spd":7.85,"cr":false,"ev":""}
JS: {"t":1.25,"mode":"wallrun","p":[5.18,20.81,-48.95],"v":[-0.8,2.31,-7.47],"sup":false,"spd":7.85,"cr":false,"ev":""}
JS: {"t":1.27,"mode":"wallrun","p":[5.16,20.85,-49.07],"v":[-0.8,2.24,-7.46],"sup":false,"spd":7.85,"cr":false,"ev":""}
JS: {"t":1.28,"mode":"wallrun","p":[5.15,20.88,-49.2],"v":[-0.8,2.17,-7.45],"sup":false,"spd":7.85,"cr":false,"ev":""}
JS: {"t":1.3,"mode":"wallrun","p":[5.14,20.92,-49.32],"v":[-0.8,2.1,-7.44],"sup":false,"spd":7.85,"cr":false,"ev":""}
JS: {"t":1.32,"mode":"wallrun","p":[5.12,20.96,-49.45],"v":[-0.8,2.03,-7.43],"sup":false,"spd":7.85,"cr":false,"ev":""}
JS: {"t":1.33,"mode":"wallrun","p":[5.11,20.99,-49.57],"v":[-0.8,1.96,-7.42],"sup":false,"spd":7.85,"cr":false,"ev":""}
JS: {"t":1.35,"mode":"wallrun","p":[5.1,21.02,-49.69],"v":[-0.8,1.9,-7.41],"sup":false,"spd":7.85,"cr":false,"ev":""}
JS: {"t":1.37,"mode":"wallrun","p":[5.08,21.05,-49.82],"v":[-0.8,1.83,-7.4],"sup":false,"spd":7.85,"cr":false,"ev":""}
JS: {"t":1.38,"mode":"wallrun","p":[5.07,21.08,-49.94],"v":[-0.8,1.76,-7.39],"sup":false,"spd":7.85,"cr":false,"ev":""}
JS: {"t":1.4,"mode":"wallrun","p":[5.06,21.11,-50.06],"v":[-0.8,1.69,-7.38],"sup":false,"spd":7.85,"cr":false,"ev":""}
JS: {"t":1.42,"mode":"wallrun","p":[5.04,21.14,-50.19],"v":[-0.8,1.62,-7.37],"sup":false,"spd":7.85,"cr":false,"ev":""}
JS: {"t":1.43,"mode":"wallrun","p":[5.03,21.17,-50.31],"v":[-0.8,1.55,-7.36],"sup":false,"spd":7.85,"cr":false,"ev":""}
JS: {"t":1.45,"mode":"wallrun","p":[5.02,21.19,-50.43],"v":[-0.8,1.48,-7.35],"sup":false,"spd":7.85,"cr":false,"ev":""}
JS: {"t":1.47,"mode":"wallrun","p":[5,21.22,-50.55],"v":[-0.8,1.41,-7.34],"sup":false,"spd":7.85,"cr":false,"ev":""}
JS: {"t":1.48,"mode":"wallrun","p":[4.99,21.24,-50.68],"v":[-0.8,1.35,-7.33],"sup":false,"spd":7.85,"cr":false,"ev":""}
JS: {"t":1.5,"mode":"wallrun","p":[4.98,21.27,-50.8],"v":[-0.8,1.28,-7.32],"sup":false,"spd":7.85,"cr":false,"ev":""}
JS: {"t":1.52,"mode":"wallrun","p":[4.96,21.29,-50.92],"v":[-0.8,1.21,-7.31],"sup":false,"spd":7.85,"cr":false,"ev":""}
JS: {"t":1.53,"mode":"wallrun","p":[4.95,21.31,-51.04],"v":[-0.8,1.14,-7.3],"sup":false,"spd":7.85,"cr":false,"ev":""}
JS: {"t":1.55,"mode":"wallrun","p":[4.94,21.33,-51.16],"v":[-0.8,1.07,-7.29],"sup":false,"spd":7.85,"cr":false,"ev":""}
JS: {"t":1.57,"mode":"wallrun","p":[4.92,21.34,-51.29],"v":[-0.8,1,-7.28],"sup":false,"spd":7.85,"cr":false,"ev":""}
JS: {"t":1.58,"mode":"wallrun","p":[4.91,21.36,-51.41],"v":[-0.8,0.93,-7.27],"sup":false,"spd":7.85,"cr":false,"ev":""}
JS: {"t":1.6,"mode":"wallrun","p":[4.9,21.38,-51.53],"v":[-0.8,0.87,-7.26],"sup":false,"spd":7.85,"cr":false,"ev":""}
JS: {"t":1.62,"mode":"wallrun","p":[4.88,21.39,-51.65],"v":[-0.8,0.8,-7.25],"sup":false,"spd":7.85,"cr":false,"ev":""}
JS: {"t":1.63,"mode":"wallrun","p":[4.87,21.4,-51.77],"v":[-0.8,0.73,-7.24],"sup":false,"spd":7.85,"cr":false,"ev":""}
JS: {"t":1.65,"mode":"wallrun","p":[4.86,21.42,-51.89],"v":[-0.8,0.66,-7.23],"sup":false,"spd":7.85,"cr":false,"ev":""}
JS: {"t":1.67,"mode":"wallrun","p":[4.84,21.43,-52.01],"v":[-0.8,0.59,-7.22],"sup":false,"spd":7.85,"cr":false,"ev":""}
JS: {"t":1.68,"mode":"wallrun","p":[4.83,21.44,-52.13],"v":[-0.8,0.52,-7.21],"sup":false,"spd":7.85,"cr":false,"ev":""}
JS: {"t":1.7,"mode":"wallrun","p":[4.82,21.45,-52.25],"v":[-0.8,0.45,-7.2],"sup":false,"spd":7.85,"cr":false,"ev":""}
JS: {"t":1.72,"mode":"wallrun","p":[4.8,21.45,-52.37],"v":[-0.8,0.38,-7.19],"sup":false,"spd":7.85,"cr":false,"ev":""}
JS: {"t":1.73,"mode":"wallrun","p":[4.79,21.46,-52.49],"v":[-0.8,0.32,-7.18],"sup":false,"spd":7.85,"cr":false,"ev":""}
JS: {"t":1.75,"mode":"wallrun","p":[4.78,21.46,-52.61],"v":[-0.8,0.25,-7.17],"sup":false,"spd":7.85,"cr":false,"ev":""}
JS: {"t":1.77,"mode":"wallrun","p":[4.76,21.47,-52.73],"v":[-0.8,0.18,-7.16],"sup":false,"spd":7.85,"cr":false,"ev":""}
JS: {"t":1.78,"mode":"wallrun","p":[4.75,21.47,-52.85],"v":[-0.8,0.11,-7.15],"sup":false,"spd":7.85,"cr":false,"ev":""}
JS: {"t":1.8,"mode":"wallrun","p":[4.74,21.47,-52.97],"v":[-0.8,0.04,-7.14],"sup":false,"spd":7.85,"cr":false,"ev":""}
JS: {"t":1.82,"mode":"wallrun","p":[4.72,21.47,-53.09],"v":[-0.8,-0.03,-7.13],"sup":false,"spd":7.85,"cr":false,"ev":""}
JS: {"t":1.83,"mode":"wallrun","p":[4.71,21.47,-53.21],"v":[-0.8,-0.07,-7.12],"sup":false,"spd":7.85,"cr":false,"ev":""}
JS: {"t":1.85,"mode":"wallrun","p":[4.7,21.47,-53.33],"v":[-0.8,-0.11,-7.11],"sup":false,"spd":7.85,"cr":false,"ev":""}
JS: {"t":1.87,"mode":"wallrun","p":[4.68,21.47,-53.44],"v":[-0.8,-0.15,-7.1],"sup":false,"spd":7.85,"cr":false,"ev":""}
JS: {"t":1.88,"mode":"wallrun","p":[4.67,21.47,-53.56],"v":[-0.8,-0.19,-7.09],"sup":false,"spd":7.85,"cr":false,"ev":""}
JS: {"t":1.9,"mode":"wallrun","p":[4.66,21.47,-53.68],"v":[-0.8,-0.23,-7.08],"sup":false,"spd":7.85,"cr":false,"ev":""}
JS: {"t":1.92,"mode":"wallrun","p":[4.64,21.46,-53.8],"v":[-0.8,-0.27,-7.07],"sup":false,"spd":7.85,"cr":false,"ev":""}
JS: {"t":1.93,"mode":"wallrun","p":[4.63,21.46,-53.92],"v":[-0.8,-0.32,-7.06],"sup":false,"spd":7.85,"cr":false,"ev":""}
JS: {"t":1.95,"mode":"wallrun","p":[4.62,21.45,-54.03],"v":[-0.8,-0.36,-7.05],"sup":false,"spd":7.85,"cr":false,"ev":""}
JS: {"t":1.97,"mode":"wallrun","p":[4.6,21.45,-54.15],"v":[-0.8,-0.4,-7.04],"sup":false,"spd":7.85,"cr":false,"ev":""}
JS: {"t":1.98,"mode":"wallrun","p":[4.59,21.44,-54.27],"v":[-0.8,-0.44,-7.03],"sup":false,"spd":7.85,"cr":false,"ev":""}
JS: {"t":2,"mode":"wallrun","p":[4.58,21.43,-54.39],"v":[-0.8,-0.48,-7.02],"sup":false,"spd":7.85,"cr":false,"ev":""}
JS: {"t":2.02,"mode":"wallrun","p":[4.56,21.42,-54.5],"v":[-0.8,-0.52,-7.01],"sup":false,"spd":7.85,"cr":false,"ev":""}
JS: {"t":2.03,"mode":"wallrun","p":[4.55,21.41,-54.62],"v":[-0.8,-0.56,-7],"sup":false,"spd":7.85,"cr":false,"ev":""}
JS: {"t":2.05,"mode":"wallrun","p":[4.54,21.41,-54.74],"v":[-0.8,-0.6,-6.99],"sup":false,"spd":7.85,"cr":false,"ev":""}
JS: {"t":2.07,"mode":"wallrun","p":[4.52,21.4,-54.85],"v":[-0.8,-0.65,-6.98],"sup":false,"spd":7.85,"cr":false,"ev":""}
JS: {"t":2.08,"mode":"wallrun","p":[4.51,21.38,-54.97],"v":[-0.8,-0.69,-6.97],"sup":false,"spd":7.85,"cr":false,"ev":""}
JS: {"t":2.1,"mode":"wallrun","p":[4.5,21.37,-55.09],"v":[-0.8,-0.73,-6.96],"sup":false,"spd":7.85,"cr":false,"ev":""}
JS: {"t":2.12,"mode":"wallrun","p":[4.48,21.36,-55.2],"v":[-0.8,-0.77,-6.95],"sup":false,"spd":7.85,"cr":false,"ev":""}
JS: {"t":2.13,"mode":"wallrun","p":[4.47,21.35,-55.32],"v":[-0.8,-0.81,-6.94],"sup":false,"spd":7.85,"cr":false,"ev":""}
JS: {"t":2.15,"mode":"wallrun","p":[4.46,21.33,-55.43],"v":[-0.8,-0.85,-6.93],"sup":false,"spd":7.85,"cr":false,"ev":""}
JS: {"t":2.17,"mode":"wallrun","p":[4.44,21.32,-55.55],"v":[-0.8,-0.89,-6.92],"sup":false,"spd":7.85,"cr":false,"ev":""}
JS: {"t":2.18,"mode":"wallrun","p":[4.43,21.31,-55.66],"v":[-0.8,-0.93,-6.91],"sup":false,"spd":7.85,"cr":false,"ev":""}
JS: {"t":2.2,"mode":"wallrun","p":[4.42,21.29,-55.78],"v":[-0.8,-0.98,-6.9],"sup":false,"spd":7.85,"cr":false,"ev":""}
JS: {"t":2.22,"mode":"wallrun","p":[4.4,21.27,-55.9],"v":[-0.8,-1.02,-6.89],"sup":false,"spd":7.85,"cr":false,"ev":""}
JS: {"t":2.23,"mode":"wallrun","p":[4.39,21.26,-56.01],"v":[-0.8,-1.06,-6.88],"sup":false,"spd":7.85,"cr":false,"ev":""}
JS: {"t":2.25,"mode":"wallrun","p":[4.38,21.24,-56.12],"v":[-0.8,-1.1,-6.87],"sup":false,"spd":7.85,"cr":false,"ev":""}
JS: {"t":2.27,"mode":"wallrun","p":[4.36,21.22,-56.24],"v":[-0.8,-1.14,-6.86],"sup":false,"spd":7.85,"cr":false,"ev":""}
JS: {"t":2.28,"mode":"air","p":[4.35,21.2,-56.35],"v":[1.2,-1.14,-6.86],"sup":false,"spd":7.85,"cr":false,"ev":""}
JS: {"t":2.3,"mode":"air","p":[4.37,21.18,-56.47],"v":[1.18,-1.36,-6.86],"sup":false,"spd":7.85,"cr":false,"ev":""}
JS: {"t":2.32,"mode":"air","p":[4.39,21.16,-56.58],"v":[1.17,-1.58,-6.87],"sup":false,"spd":7.85,"cr":false,"ev":""}
JS: {"t":2.33,"mode":"air","p":[4.41,21.13,-56.7],"v":[1.15,-1.8,-6.87],"sup":false,"spd":7.85,"cr":false,"ev":""}
JS: {"t":2.35,"mode":"air","p":[4.43,21.1,-56.81],"v":[1.13,-2.02,-6.87],"sup":false,"spd":7.85,"cr":false,"ev":""}
JS: {"t":2.37,"mode":"air","p":[4.45,21.07,-56.93],"v":[1.12,-2.24,-6.87],"sup":false,"spd":7.85,"cr":false,"ev":""}
JS: {"t":2.38,"mode":"air","p":[4.47,21.03,-57.04],"v":[1.11,-2.46,-6.88],"sup":false,"spd":7.85,"cr":false,"ev":""}
JS: {"t":2.4,"mode":"air","p":[4.48,20.99,-57.15],"v":[1.09,-2.69,-6.88],"sup":false,"spd":7.85,"cr":false,"ev":""}
JS: {"t":2.42,"mode":"air","p":[4.5,20.95,-57.27],"v":[1.08,-2.91,-6.88],"sup":false,"spd":7.85,"cr":false,"ev":""}
JS: {"t":2.43,"mode":"air","p":[4.52,20.9,-57.38],"v":[1.07,-3.13,-6.88],"sup":false,"spd":7.85,"cr":false,"ev":""}
JS: {"t":2.45,"mode":"air","p":[4.54,20.85,-57.5],"v":[1.05,-3.35,-6.88],"sup":false,"spd":7.85,"cr":false,"ev":""}
JS: {"t":2.47,"mode":"air","p":[4.56,20.79,-57.61],"v":[1.04,-3.57,-6.89],"sup":false,"spd":7.85,"cr":false,"ev":""}
JS: {"t":2.48,"mode":"air","p":[4.57,20.73,-57.73],"v":[1.03,-3.79,-6.89],"sup":false,"spd":7.85,"cr":false,"ev":""}
JS: {"t":2.5,"mode":"air","p":[4.59,20.67,-57.84],"v":[1.02,-4.01,-6.89],"sup":false,"spd":7.85,"cr":false,"ev":""}
JS: {"t":2.52,"mode":"air","p":[4.61,20.6,-57.96],"v":[1.01,-4.23,-6.89],"sup":false,"spd":7.85,"cr":false,"ev":""}
JS: {"t":2.53,"mode":"air","p":[4.62,20.53,-58.07],"v":[1,-4.45,-6.89],"sup":false,"spd":7.85,"cr":false,"ev":""}
JS: {"t":2.55,"mode":"air","p":[4.64,20.46,-58.19],"v":[0.99,-4.67,-6.89],"sup":false,"spd":7.85,"cr":false,"ev":""}
JS: {"t":2.57,"mode":"air","p":[4.66,20.38,-58.3],"v":[0.98,-4.89,-6.9],"sup":false,"spd":7.85,"cr":false,"ev":""}
JS: {"t":2.58,"mode":"air","p":[4.67,20.3,-58.42],"v":[0.97,-5.11,-6.9],"sup":false,"spd":7.85,"cr":false,"ev":""}
JS: {"t":2.6,"mode":"air","p":[4.69,20.21,-58.53],"v":[0.96,-5.33,-6.9],"sup":false,"spd":7.85,"cr":false,"ev":""}
JS: {"t":2.62,"mode":"air","p":[4.71,20.12,-58.65],"v":[0.95,-5.55,-6.9],"sup":false,"spd":7.85,"cr":false,"ev":""}
JS: {"t":2.63,"mode":"air","p":[4.72,20.03,-58.76],"v":[0.94,-5.78,-6.9],"sup":false,"spd":7.85,"cr":false,"ev":""}
JS: {"t":2.65,"mode":"air","p":[4.74,19.93,-58.88],"v":[0.93,-6,-6.9],"sup":false,"spd":7.85,"cr":false,"ev":""}
JS: {"t":2.67,"mode":"air","p":[4.75,19.83,-58.99],"v":[0.93,-6.22,-6.9],"sup":false,"spd":7.85,"cr":false,"ev":""}
JS: {"t":2.68,"mode":"air","p":[4.77,19.73,-59.11],"v":[0.92,-6.44,-6.9],"sup":false,"spd":7.85,"cr":false,"ev":""}
JS: {"t":2.7,"mode":"air","p":[4.78,19.62,-59.22],"v":[0.91,-6.66,-6.9],"sup":false,"spd":7.85,"cr":false,"ev":""}
JS: {"t":2.72,"mode":"air","p":[4.8,19.51,-59.34],"v":[0.9,-6.88,-6.91],"sup":false,"spd":7.85,"cr":false,"ev":""}
JS: {"t":2.73,"mode":"air","p":[4.81,19.4,-59.45],"v":[0.89,-7.1,-6.91],"sup":false,"spd":7.85,"cr":false,"ev":""}
JS: {"t":2.75,"mode":"air","p":[4.83,19.28,-59.57],"v":[0.89,-7.32,-6.91],"sup":false,"spd":7.85,"cr":false,"ev":""}
JS: {"t":2.77,"mode":"air","p":[4.84,19.16,-59.68],"v":[0.88,-7.54,-6.91],"sup":false,"spd":7.85,"cr":false,"ev":""}
JS: {"t":2.78,"mode":"air","p":[4.86,19.03,-59.69],"v":[0.88,-7.76,-0.12],"sup":false,"spd":7.85,"cr":false,"ev":""}
JS: {"t":2.8,"mode":"air","p":[4.87,18.9,-59.69],"v":[0.88,-7.98,-0.23],"sup":false,"spd":7.85,"cr":false,"ev":""}
JS: {"t":2.82,"mode":"air","p":[4.89,18.77,-59.69],"v":[0.88,-8.2,-0.35],"sup":false,"spd":7.85,"cr":false,"ev":""}
JS: {"t":2.83,"mode":"air","p":[4.9,18.63,-59.7],"v":[0.88,-8.42,-0.47],"sup":false,"spd":7.85,"cr":false,"ev":""}
JS: {"t":2.85,"mode":"air","p":[4.92,18.49,-59.7],"v":[0.88,-8.64,-0.12],"sup":false,"spd":7.85,"cr":false,"ev":""}
JS: {"t":2.87,"mode":"air","p":[4.93,18.35,-59.7],"v":[0.88,-8.87,-0.12],"sup":false,"spd":7.85,"cr":false,"ev":""}
JS: {"t":2.88,"mode":"air","p":[4.95,18.2,-59.7],"v":[0.88,-9.09,-0.12],"sup":false,"spd":7.85,"cr":false,"ev":""}
JS: {"t":2.9,"mode":"air","p":[4.96,18.05,-59.7],"v":[0.88,-9.31,-0.12],"sup":false,"spd":7.85,"cr":false,"ev":""}
JS: {"t":2.92,"mode":"air","p":[4.98,17.89,-59.7],"v":[0.88,-9.53,-0.12],"sup":false,"spd":7.85,"cr":false,"ev":""}
JS: {"t":2.93,"mode":"air","p":[4.99,17.74,-59.7],"v":[0.88,-9.75,-0.12],"sup":false,"spd":7.85,"cr":false,"ev":""}
JS: {"t":2.95,"mode":"air","p":[5,17.57,-59.7],"v":[0.88,-9.97,-0.12],"sup":false,"spd":7.85,"cr":false,"ev":""}
JS: {"t":2.97,"mode":"air","p":[5.02,17.41,-59.7],"v":[0.88,-10.19,-0.12],"sup":false,"spd":7.85,"cr":false,"ev":""}
JS: {"t":2.98,"mode":"air","p":[5.03,17.24,-59.7],"v":[0.88,-10.41,-0.12],"sup":false,"spd":7.85,"cr":false,"ev":""}
JS: {"t":3,"mode":"air","p":[5.05,17.06,-59.7],"v":[0.88,-10.63,-0.12],"sup":false,"spd":7.85,"cr":false,"ev":""}
libEGL warning: Not allowed to force software rendering when API explicitly selects a hardware device.
Renderer fragment texture units: 32 (material path uses 12)
World state: disk saves disabled for additive compositions
Project: Judas Developer Integration (/tmp/judas-m65-wall-repro/m65_integration.judasproj)
Scene: Rooftop Run (/tmp/judas-m65-wall-repro/Scenes/rooftops.judas)
World origin (m): 0.000, 0.000, 0.000
ALSA lib confmisc.c:855:(parse_card) [error.core] cannot find card '0'
ALSA lib conf.c:5211:(_snd_config_evaluate) [error.core] function snd_func_card_id returned error: No such file or directory
ALSA lib confmisc.c:422:(snd_func_concat) [error.core] error evaluating strings
ALSA lib conf.c:5211:(_snd_config_evaluate) [error.core] function snd_func_concat returned error: No such file or directory
ALSA lib confmisc.c:1342:(snd_func_refer) [error.core] error evaluating name
ALSA lib conf.c:5211:(_snd_config_evaluate) [error.core] function snd_func_refer returned error: No such file or directory
ALSA lib conf.c:5734:(snd_config_expand) [error.core] Evaluate error: No such file or directory
ALSA lib pcm.c:2722:(snd_pcm_open_noupdate) [error.pcm] Unknown PCM dmix
ALSA lib confmisc.c:855:(parse_card) [error.core] cannot find card '0'
ALSA lib conf.c:5211:(_snd_config_evaluate) [error.core] function snd_func_card_id returned error: No such file or directory
ALSA lib confmisc.c:422:(snd_func_concat) [error.core] error evaluating strings
ALSA lib conf.c:5211:(_snd_config_evaluate) [error.core] function snd_func_concat returned error: No such file or directory
ALSA lib confmisc.c:1342:(snd_func_refer) [error.core] error evaluating name
ALSA lib conf.c:5211:(_snd_config_evaluate) [error.core] function snd_func_refer returned error: No such file or directory
ALSA lib conf.c:5734:(snd_config_expand) [error.core] Evaluate error: No such file or directory
ALSA lib pcm.c:2722:(snd_pcm_open_noupdate) [error.pcm] Unknown PCM dmix:0
ALSA lib confmisc.c:855:(parse_card) [error.core] cannot find card '0'
ALSA lib conf.c:5211:(_snd_config_evaluate) [error.core] function snd_func_card_id returned error: No such file or directory
ALSA lib confmisc.c:422:(snd_func_concat) [error.core] error evaluating strings
ALSA lib conf.c:5211:(_snd_config_evaluate) [error.core] function snd_func_concat returned error: No such file or directory
ALSA lib confmisc.c:1342:(snd_func_refer) [error.core] error evaluating name
ALSA lib conf.c:5211:(_snd_config_evaluate) [error.core] function snd_func_refer returned error: No such file or directory
ALSA lib conf.c:5734:(snd_config_expand) [error.core] Evaluate error: No such file or directory
ALSA lib pcm.c:2722:(snd_pcm_open_noupdate) [error.pcm] Unknown PCM dmix:0,0
ALSA lib confmisc.c:165:(snd_config_get_card) [error.core] Cannot get card index for 0
ALSA lib confmisc.c:165:(snd_config_get_card) [error.core] Cannot get card index for 0
ALSA lib confmisc.c:165:(snd_config_get_card) [error.core] Cannot get card index for 0
Cannot connect to server socket err = Operation not permitted
Cannot connect to server request channel
jack server is not running or cannot be started
JackShmReadWritePtr::~JackShmReadWritePtr - Init not done for -1, skipping unlock
JackShmReadWritePtr::~JackShmReadWritePtr - Init not done for -1, skipping unlock
