step,time,posX,posY,posZ,upX,upY,upZ,grounded,velX,velY,velZ,gravX,gravY,gravZ,controlled,frame,steps,paused
JS: {"t":0.02,"mode":"air","p":[0,24,-84],"v":[0,-0.22,0],"sup":false,"spd":0,"cr":false,"ev":""}
JS: checkpoint 3 0.00
0,0.00000,0.000000,23.920000,-84.000000,0.000000,1.000000,0.000000,1,0.000000,0.000000,0.000000,0.000000,-9.810000,0.000000,0,0,1,0
JS: {"t":0.03,"mode":"ground","p":[0,23.92,-84],"v":[0,-0.6,-0.3],"sup":true,"spd":0.3,"cr":false,"ev":""}
1,0.01667,0.000000,23.920000,-84.004997,0.000000,1.000000,0.000000,1,0.000000,0.000000,-0.300000,0.000000,-9.810000,0.000000,0,1,1,0
JS: {"t":0.05,"mode":"ground","p":[0,23.92,-84],"v":[0,-0.6,-0.6],"sup":true,"spd":0.6,"cr":false,"ev":""}
2,0.03333,0.000000,23.920000,-84.014999,0.000000,1.000000,0.000000,1,0.000000,0.000000,-0.600000,0.000000,-9.810000,0.000000,0,2,1,0
JS: {"t":0.07,"mode":"ground","p":[0,23.92,-84.01],"v":[0,-0.6,-0.9],"sup":true,"spd":0.9,"cr":false,"ev":""}
3,0.05000,0.000000,23.920000,-84.029999,0.000000,1.000000,0.000000,1,0.000000,0.000000,-0.900000,0.000000,-9.810000,0.000000,0,3,1,0
JS: {"t":0.08,"mode":"ground","p":[0,23.92,-84.03],"v":[0,-0.6,-1.2],"sup":true,"spd":1.2,"cr":false,"ev":""}
4,0.06667,0.000000,23.920000,-84.049995,0.000000,1.000000,0.000000,1,0.000000,0.000000,-1.200000,0.000000,-9.810000,0.000000,0,4,1,0
JS: {"t":0.1,"mode":"ground","p":[0,23.92,-84.05],"v":[0,-0.6,-1.5],"sup":true,"spd":1.5,"cr":false,"ev":""}
5,0.08333,0.000000,23.920000,-84.074997,0.000000,1.000000,0.000000,1,0.000000,0.000000,-1.500000,0.000000,-9.810000,0.000000,0,5,1,0
JS: {"t":0.12,"mode":"ground","p":[0,23.92,-84.07],"v":[0,-0.6,-1.8],"sup":true,"spd":1.8,"cr":false,"ev":""}
6,0.10000,0.000000,23.920000,-84.104996,0.000000,1.000000,0.000000,1,0.000000,0.000000,-1.800000,0.000000,-9.810000,0.000000,0,6,1,0
JS: {"t":0.13,"mode":"ground","p":[0,23.92,-84.1],"v":[0,-0.6,-2.1],"sup":true,"spd":2.1,"cr":false,"ev":""}
7,0.11667,0.000000,23.920000,-84.139999,0.000000,1.000000,0.000000,1,0.000000,0.000000,-2.100000,0.000000,-9.810000,0.000000,0,7,1,0
JS: {"t":0.15,"mode":"ground","p":[0,23.92,-84.14],"v":[0,-0.6,-2.4],"sup":true,"spd":2.4,"cr":false,"ev":""}
8,0.13333,0.000000,23.920000,-84.180000,0.000000,1.000000,0.000000,1,0.000000,0.000000,-2.400000,0.000000,-9.810000,0.000000,0,8,1,0
JS: {"t":0.17,"mode":"ground","p":[0,23.92,-84.18],"v":[0,-0.6,-2.7],"sup":true,"spd":2.7,"cr":false,"ev":""}
9,0.15000,0.000000,23.920000,-84.224998,0.000000,1.000000,0.000000,1,0.000000,0.000000,-2.700000,0.000000,-9.810000,0.000000,0,9,1,0
JS: {"t":0.18,"mode":"ground","p":[0,23.92,-84.22],"v":[0,-0.6,-3],"sup":true,"spd":3,"cr":false,"ev":""}
10,0.16667,0.000000,23.920000,-84.275002,0.000000,1.000000,0.000000,1,0.000000,0.000000,-3.000000,0.000000,-9.810000,0.000000,0,10,1,0
JS: {"t":0.2,"mode":"ground","p":[0,23.92,-84.28],"v":[0,-0.6,-3.3],"sup":true,"spd":3.3,"cr":false,"ev":""}
11,0.18333,0.000000,23.920000,-84.330002,0.000000,1.000000,0.000000,1,0.000000,0.000000,-3.300000,0.000000,-9.810000,0.000000,0,11,1,0
JS: {"t":0.22,"mode":"ground","p":[0,23.92,-84.33],"v":[0,-0.6,-3.6],"sup":true,"spd":3.6,"cr":false,"ev":""}
12,0.20000,0.000000,23.920000,-84.389999,0.000000,1.000000,0.000000,1,0.000000,0.000000,-3.600000,0.000000,-9.810000,0.000000,0,12,1,0
JS: {"t":0.23,"mode":"ground","p":[0,23.92,-84.39],"v":[0,-0.6,-3.9],"sup":true,"spd":3.9,"cr":false,"ev":""}
13,0.21667,0.000000,23.920000,-84.455002,0.000000,1.000000,0.000000,1,0.000000,0.000000,-3.900000,0.000000,-9.810000,0.000000,0,13,1,0
JS: {"t":0.25,"mode":"ground","p":[0,23.92,-84.46],"v":[0,-0.6,-4.2],"sup":true,"spd":4.2,"cr":false,"ev":""}
14,0.23333,0.000000,23.920000,-84.525002,0.000000,1.000000,0.000000,1,0.000000,0.000000,-4.200000,0.000000,-9.810000,0.000000,0,14,1,0
JS: {"t":0.27,"mode":"ground","p":[0,23.92,-84.53],"v":[0,-0.6,-4.3],"sup":true,"spd":4.3,"cr":false,"ev":""}
15,0.25000,0.000000,23.920000,-84.596664,0.000000,1.000000,0.000000,1,0.000000,0.000000,-4.300000,0.000000,-9.810000,0.000000,0,15,1,0
JS: {"t":0.28,"mode":"ground","p":[0,23.92,-84.6],"v":[0,-0.6,-4.4],"sup":true,"spd":4.4,"cr":false,"ev":""}
16,0.26667,0.000000,23.920000,-84.669998,0.000000,1.000000,0.000000,1,0.000000,0.000000,-4.400000,0.000000,-9.810000,0.000000,0,16,1,0
JS: {"t":0.3,"mode":"ground","p":[0,23.92,-84.67],"v":[0,-0.6,-4.5],"sup":true,"spd":4.5,"cr":false,"ev":""}
17,0.28333,0.000000,23.920000,-84.744995,0.000000,1.000000,0.000000,1,0.000000,0.000000,-4.500000,0.000000,-9.810000,0.000000,0,17,1,0
JS: {"t":0.32,"mode":"ground","p":[0,23.92,-84.74],"v":[0,-0.6,-4.6],"sup":true,"spd":4.6,"cr":false,"ev":""}
18,0.30000,0.000000,23.920000,-84.821663,0.000000,1.000000,0.000000,1,0.000000,0.000000,-4.600000,0.000000,-9.810000,0.000000,0,18,1,0
JS: {"t":0.33,"mode":"ground","p":[0,23.92,-84.82],"v":[0,-0.6,-4.7],"sup":true,"spd":4.7,"cr":false,"ev":""}
19,0.31667,0.000000,23.920000,-84.899994,0.000000,1.000000,0.000000,1,0.000000,0.000000,-4.700000,0.000000,-9.810000,0.000000,0,19,1,0
JS: {"t":0.35,"mode":"ground","p":[0,23.92,-84.9],"v":[0,-0.6,-4.8],"sup":true,"spd":4.8,"cr":false,"ev":""}
20,0.33333,0.000000,23.920000,-84.979996,0.000000,1.000000,0.000000,1,0.000000,0.000000,-4.800000,0.000000,-9.810000,0.000000,0,20,1,0
JS: {"t":0.37,"mode":"ground","p":[0,23.92,-84.98],"v":[0,-0.6,-4.9],"sup":true,"spd":4.9,"cr":false,"ev":""}
21,0.35000,0.000000,23.920000,-85.061661,0.000000,1.000000,0.000000,1,0.000000,0.000000,-4.900000,0.000000,-9.810000,0.000000,0,21,1,0
JS: {"t":0.38,"mode":"ground","p":[0,23.92,-85.06],"v":[0,-0.6,-5],"sup":true,"spd":5,"cr":false,"ev":""}
22,0.36667,0.000000,23.920000,-85.144997,0.000000,1.000000,0.000000,1,0.000000,0.000000,-5.000000,0.000000,-9.810000,0.000000,0,22,1,0
JS: {"t":0.4,"mode":"ground","p":[0,23.92,-85.14],"v":[0,-0.6,-5.1],"sup":true,"spd":5.1,"cr":false,"ev":""}
23,0.38333,0.000000,23.920000,-85.229996,0.000000,1.000000,0.000000,1,0.000000,0.000000,-5.100000,0.000000,-9.810000,0.000000,0,23,1,0
JS: {"t":0.42,"mode":"ground","p":[0,23.92,-85.23],"v":[0,-0.6,-5.2],"sup":true,"spd":5.2,"cr":false,"ev":""}
24,0.40000,0.000000,23.920000,-85.316666,0.000000,1.000000,0.000000,1,0.000000,0.000000,-5.200000,0.000000,-9.810000,0.000000,0,24,1,0
JS: {"t":0.43,"mode":"ground","p":[0,23.92,-85.32],"v":[0,-0.6,-5.3],"sup":true,"spd":5.3,"cr":false,"ev":""}
25,0.41667,0.000000,23.920000,-85.404999,0.000000,1.000000,0.000000,1,0.000000,0.000000,-5.300000,0.000000,-9.810000,0.000000,0,25,1,0
JS: {"t":0.45,"mode":"ground","p":[0,23.92,-85.4],"v":[0,-0.6,-5.4],"sup":true,"spd":5.4,"cr":false,"ev":""}
26,0.43333,0.000000,23.920000,-85.494995,0.000000,1.000000,0.000000,1,0.000000,0.000000,-5.400000,0.000000,-9.810000,0.000000,0,26,1,0
JS: {"t":0.47,"mode":"ground","p":[0,23.92,-85.49],"v":[0,-0.6,-5.5],"sup":true,"spd":5.5,"cr":false,"ev":""}
27,0.45000,0.000000,23.920000,-85.586662,0.000000,1.000000,0.000000,1,0.000000,0.000000,-5.500000,0.000000,-9.810000,0.000000,0,27,1,0
JS: {"t":0.48,"mode":"ground","p":[0,23.92,-85.59],"v":[0,-0.6,-5.6],"sup":true,"spd":5.6,"cr":false,"ev":""}
28,0.46667,0.000000,23.920000,-85.679993,0.000000,1.000000,0.000000,1,0.000000,0.000000,-5.600000,0.000000,-9.810000,0.000000,0,28,1,0
JS: {"t":0.5,"mode":"ground","p":[0,23.92,-85.68],"v":[0,-0.6,-5.7],"sup":true,"spd":5.7,"cr":false,"ev":""}
29,0.48333,0.000000,23.920000,-85.774994,0.000000,1.000000,0.000000,1,0.000000,0.000000,-5.700000,0.000000,-9.810000,0.000000,0,29,1,0
JS: {"t":0.52,"mode":"ground","p":[0,23.92,-85.77],"v":[0,-0.6,-5.8],"sup":true,"spd":5.8,"cr":false,"ev":""}
30,0.50000,0.000000,23.920000,-85.871658,0.000000,1.000000,0.000000,1,0.000000,0.000000,-5.800000,0.000000,-9.810000,0.000000,0,30,1,0
JS: {"t":0.53,"mode":"ground","p":[0,23.92,-85.87],"v":[0,-0.6,-5.9],"sup":true,"spd":5.9,"cr":false,"ev":""}
31,0.51667,0.000000,23.920000,-85.969994,0.000000,1.000000,0.000000,1,0.000000,0.000000,-5.900000,0.000000,-9.810000,0.000000,0,31,1,0
JS: {"t":0.55,"mode":"ground","p":[0,23.92,-85.97],"v":[0,-0.6,-6],"sup":true,"spd":6,"cr":false,"ev":""}
32,0.53333,0.000000,23.920000,-86.069992,0.000000,1.000000,0.000000,1,0.000000,0.000000,-6.000000,0.000000,-9.810000,0.000000,0,32,1,0
JS: {"t":0.57,"mode":"ground","p":[0,23.92,-86.07],"v":[0,-0.6,-6.1],"sup":true,"spd":6.1,"cr":false,"ev":""}
33,0.55000,0.000000,23.920000,-86.171661,0.000000,1.000000,0.000000,1,0.000000,0.000000,-6.100000,0.000000,-9.810000,0.000000,0,33,1,0
JS: {"t":0.58,"mode":"ground","p":[0,23.92,-86.17],"v":[0,-0.6,-6.2],"sup":true,"spd":6.2,"cr":false,"ev":""}
34,0.56667,0.000000,23.920000,-86.274994,0.000000,1.000000,0.000000,1,0.000000,0.000000,-6.200000,0.000000,-9.810000,0.000000,0,34,1,0
JS: {"t":0.6,"mode":"ground","p":[0,23.92,-86.27],"v":[0,-0.6,-6.3],"sup":true,"spd":6.3,"cr":false,"ev":""}
35,0.58333,0.000000,23.920000,-86.379997,0.000000,1.000000,0.000000,1,0.000000,0.000000,-6.300000,0.000000,-9.810000,0.000000,0,35,1,0
JS: {"t":0.62,"mode":"ground","p":[0,23.92,-86.38],"v":[0,-0.6,-6.4],"sup":true,"spd":6.4,"cr":false,"ev":""}
36,0.60000,0.000000,23.920000,-86.486664,0.000000,1.000000,0.000000,1,0.000000,0.000000,-6.400001,0.000000,-9.810000,0.000000,0,36,1,0
JS: {"t":0.63,"mode":"ground","p":[0,23.92,-86.49],"v":[0,-0.6,-6.5],"sup":true,"spd":6.5,"cr":false,"ev":""}
37,0.61667,0.000000,23.920000,-86.594994,0.000000,1.000000,0.000000,1,0.000000,0.000000,-6.500000,0.000000,-9.810000,0.000000,0,37,1,0
JS: {"t":0.65,"mode":"ground","p":[0,23.92,-86.59],"v":[0,-0.6,-6.55],"sup":true,"spd":6.55,"cr":false,"ev":""}
38,0.63333,0.000000,23.920000,-86.704163,0.000000,1.000000,0.000000,1,0.000000,0.000000,-6.550000,0.000000,-9.810000,0.000000,0,38,1,0
JS: {"t":0.67,"mode":"ground","p":[0,23.92,-86.7],"v":[0,-0.6,-6.6],"sup":true,"spd":6.6,"cr":false,"ev":""}
39,0.65000,0.000000,23.920000,-86.814163,0.000000,1.000000,0.000000,1,0.000000,0.000000,-6.600000,0.000000,-9.810000,0.000000,0,39,1,0
JS: {"t":0.68,"mode":"ground","p":[0,23.92,-86.81],"v":[0,-0.6,-6.65],"sup":true,"spd":6.65,"cr":false,"ev":""}
40,0.66667,0.000000,23.920000,-86.924995,0.000000,1.000000,0.000000,1,0.000000,0.000000,-6.650001,0.000000,-9.810000,0.000000,0,40,1,0
JS: {"t":0.7,"mode":"ground","p":[0,23.92,-86.92],"v":[0,-0.6,-6.7],"sup":true,"spd":6.7,"cr":false,"ev":""}
41,0.68333,0.000000,23.920000,-87.036659,0.000000,1.000000,0.000000,1,0.000000,0.000000,-6.700000,0.000000,-9.810000,0.000000,0,41,1,0
JS: {"t":0.72,"mode":"ground","p":[0,23.92,-87.04],"v":[0,-0.6,-6.75],"sup":true,"spd":6.75,"cr":false,"ev":""}
42,0.70000,0.000000,23.920000,-87.149162,0.000000,1.000000,0.000000,1,0.000000,0.000000,-6.750000,0.000000,-9.810000,0.000000,0,42,1,0
JS: {"t":0.73,"mode":"ground","p":[0,23.92,-87.15],"v":[0,-0.6,-6.8],"sup":true,"spd":6.8,"cr":false,"ev":""}
43,0.71667,0.000000,23.920000,-87.262497,0.000000,1.000000,0.000000,1,0.000000,0.000000,-6.800000,0.000000,-9.810000,0.000000,0,43,1,0
JS: {"t":0.75,"mode":"ground","p":[0,23.92,-87.26],"v":[0,-0.6,-6.85],"sup":true,"spd":6.85,"cr":false,"ev":""}
44,0.73333,0.000000,23.920000,-87.376663,0.000000,1.000000,0.000000,1,0.000000,0.000000,-6.850000,0.000000,-9.810000,0.000000,0,44,1,0
JS: {"t":0.77,"mode":"ground","p":[0,23.92,-87.38],"v":[0,-0.6,-6.9],"sup":true,"spd":6.9,"cr":false,"ev":""}
45,0.75000,0.000000,23.920000,-87.491661,0.000000,1.000000,0.000000,1,0.000000,0.000000,-6.900001,0.000000,-9.810000,0.000000,0,45,1,0
JS: {"t":0.78,"mode":"ground","p":[0,23.92,-87.49],"v":[0,-0.6,-6.95],"sup":true,"spd":6.95,"cr":false,"ev":""}
46,0.76667,0.000000,23.920000,-87.607498,0.000000,1.000000,0.000000,1,0.000000,0.000000,-6.950000,0.000000,-9.810000,0.000000,0,46,1,0
JS: {"t":0.8,"mode":"ground","p":[0,23.92,-87.61],"v":[0,-0.6,-7],"sup":true,"spd":7,"cr":false,"ev":""}
47,0.78333,0.000000,23.920000,-87.724167,0.000000,1.000000,0.000000,1,0.000000,0.000000,-7.000000,0.000000,-9.810000,0.000000,0,47,1,0
JS: {"t":0.82,"mode":"ground","p":[0,23.92,-87.72],"v":[0,-0.6,-7.05],"sup":true,"spd":7.05,"cr":false,"ev":""}
48,0.80000,0.000000,23.920000,-87.841667,0.000000,1.000000,0.000000,1,0.000000,0.000000,-7.050000,0.000000,-9.810000,0.000000,0,48,1,0
JS: {"t":0.83,"mode":"ground","p":[0,23.92,-87.84],"v":[0,-0.6,-7.1],"sup":true,"spd":7.1,"cr":false,"ev":""}
49,0.81667,0.000000,23.920000,-87.959999,0.000000,1.000000,0.000000,1,0.000000,0.000000,-7.100000,0.000000,-9.810000,0.000000,0,49,1,0
JS: {"t":0.85,"mode":"ground","p":[0,23.92,-87.96],"v":[0,-0.6,-7.15],"sup":true,"spd":7.15,"cr":false,"ev":""}
50,0.83333,0.000000,23.920000,-88.079163,0.000000,1.000000,0.000000,1,0.000000,0.000000,-7.150001,0.000000,-9.810000,0.000000,0,50,1,0
JS: {"t":0.87,"mode":"ground","p":[0,23.92,-88.08],"v":[0,-0.6,-7.2],"sup":true,"spd":7.2,"cr":false,"ev":""}
51,0.85000,0.000000,23.920000,-88.199165,0.000000,1.000000,0.000000,1,0.000000,0.000000,-7.200000,0.000000,-9.810000,0.000000,0,51,1,0
JS: {"t":0.88,"mode":"ground","p":[0,23.92,-88.2],"v":[0,-0.6,-7.25],"sup":true,"spd":7.25,"cr":false,"ev":""}
52,0.86667,0.000000,23.920000,-88.320000,0.000000,1.000000,0.000000,1,0.000000,0.000000,-7.250000,0.000000,-9.810000,0.000000,0,52,1,0
JS: {"t":0.9,"mode":"ground","p":[0,23.92,-88.32],"v":[0,-0.6,-7.3],"sup":true,"spd":7.3,"cr":false,"ev":""}
53,0.88333,0.000000,23.920000,-88.441666,0.000000,1.000000,0.000000,1,0.000000,0.000000,-7.300000,0.000000,-9.810000,0.000000,0,53,1,0
JS: {"t":0.92,"mode":"ground","p":[0,23.92,-88.44],"v":[0,-0.6,-7.35],"sup":true,"spd":7.35,"cr":false,"ev":""}
54,0.90000,0.000000,23.920000,-88.564163,0.000000,1.000000,0.000000,1,0.000000,0.000000,-7.350000,0.000000,-9.810000,0.000000,0,54,1,0
JS: {"t":0.93,"mode":"ground","p":[0,23.92,-88.56],"v":[0,-0.6,-7.4],"sup":true,"spd":7.4,"cr":false,"ev":""}
55,0.91667,0.000000,23.920000,-88.687500,0.000000,1.000000,0.000000,1,0.000000,0.000000,-7.400001,0.000000,-9.810000,0.000000,0,55,1,0
JS: {"t":0.95,"mode":"ground","p":[0,23.92,-88.69],"v":[0,-0.6,-7.45],"sup":true,"spd":7.45,"cr":false,"ev":""}
56,0.93333,0.000000,23.920000,-88.811668,0.000000,1.000000,0.000000,1,0.000000,0.000000,-7.450000,0.000000,-9.810000,0.000000,0,56,1,0
JS: {"t":0.97,"mode":"ground","p":[0,23.92,-88.81],"v":[0,-0.6,-7.5],"sup":true,"spd":7.5,"cr":false,"ev":""}
57,0.95000,0.000000,23.920000,-88.936668,0.000000,1.000000,0.000000,1,0.000000,0.000000,-7.500000,0.000000,-9.810000,0.000000,0,57,1,0
JS: {"t":0.98,"mode":"ground","p":[0,23.92,-88.94],"v":[0,-0.6,-7.55],"sup":true,"spd":7.55,"cr":false,"ev":""}
58,0.96667,0.000000,23.920000,-89.062500,0.000000,1.000000,0.000000,1,0.000000,0.000000,-7.550000,0.000000,-9.810000,0.000000,0,58,1,0
JS: {"t":1,"mode":"ground","p":[0,23.92,-89.06],"v":[0,-0.6,-7.6],"sup":true,"spd":7.6,"cr":false,"ev":""}
59,0.98333,0.000000,23.920000,-89.189163,0.000000,1.000000,0.000000,1,0.000000,0.000000,-7.600000,0.000000,-9.810000,0.000000,0,59,1,0
JS: {"t":1.02,"mode":"slide","p":[0,23.92,-89.19],"v":[0,-0.6,-9],"sup":true,"spd":7.6,"cr":true,"ev":"slide"}
60,1.00000,0.000000,23.920000,-89.339165,0.000000,1.000000,0.000000,1,0.000000,0.000000,-9.000000,0.000000,-9.810000,0.000000,0,60,1,0
JS: {"t":1.03,"mode":"slide","p":[0,23.92,-89.34],"v":[0,-0.6,-8.95],"sup":true,"spd":7.6,"cr":true,"ev":""}
61,1.01667,0.000000,23.920000,-89.488274,0.000000,1.000000,0.000000,1,0.000000,0.000000,-8.946667,0.000000,-9.810000,0.000000,0,61,1,0
JS: {"t":1.05,"mode":"slide","p":[0,23.92,-89.49],"v":[0,-0.6,-8.89],"sup":true,"spd":7.6,"cr":true,"ev":""}
62,1.03333,0.000000,23.920000,-89.636497,0.000000,1.000000,0.000000,1,0.000000,0.000000,-8.893333,0.000000,-9.810000,0.000000,0,62,1,0
JS: {"t":1.07,"mode":"slide","p":[0,23.92,-89.64],"v":[0,-0.6,-8.84],"sup":true,"spd":7.6,"cr":true,"ev":""}
63,1.05000,0.000000,23.920000,-89.783829,0.000000,1.000000,0.000000,1,0.000000,0.000000,-8.840000,0.000000,-9.810000,0.000000,0,63,1,0
JS: {"t":1.08,"mode":"slide","p":[0,23.92,-89.78],"v":[0,-0.6,-8.79],"sup":true,"spd":7.6,"cr":true,"ev":""}
64,1.06667,0.000000,23.920000,-89.930275,0.000000,1.000000,0.000000,1,0.000000,0.000000,-8.786667,0.000000,-9.810000,0.000000,0,64,1,0
JS: {"t":1.1,"mode":"slide","p":[0,23.92,-89.93],"v":[0,-0.6,-8.73],"sup":true,"spd":7.6,"cr":true,"ev":""}
65,1.08333,0.000000,23.920000,-90.075829,0.000000,1.000000,0.000000,1,0.000000,0.000000,-8.733334,0.000000,-9.810000,0.000000,0,65,1,0
JS: {"t":1.12,"mode":"slide","p":[0,23.92,-90.08],"v":[0,-0.6,-8.68],"sup":true,"spd":7.6,"cr":true,"ev":""}
66,1.10000,0.000000,23.920000,-90.220497,0.000000,1.000000,0.000000,1,0.000000,0.000000,-8.680000,0.000000,-9.810000,0.000000,0,66,1,0
JS: {"t":1.13,"mode":"slide","p":[0,23.92,-90.22],"v":[0,-0.6,-8.63],"sup":true,"spd":7.6,"cr":true,"ev":""}
67,1.11667,0.000000,23.920000,-90.364273,0.000000,1.000000,0.000000,1,0.000000,0.000000,-8.626667,0.000000,-9.810000,0.000000,0,67,1,0
JS: {"t":1.15,"mode":"slide","p":[0,23.92,-90.36],"v":[0,-0.6,-8.57],"sup":true,"spd":7.6,"cr":true,"ev":""}
68,1.13333,0.000000,23.920000,-90.507164,0.000000,1.000000,0.000000,1,0.000000,0.000000,-8.573334,0.000000,-9.810000,0.000000,0,68,1,0
JS: {"t":1.17,"mode":"slide","p":[0,23.92,-90.51],"v":[0,-0.6,-8.52],"sup":true,"spd":7.6,"cr":true,"ev":""}
69,1.15000,0.000000,23.920000,-90.649162,0.000000,1.000000,0.000000,1,0.000000,0.000000,-8.520000,0.000000,-9.810000,0.000000,0,69,1,0
JS: {"t":1.18,"mode":"slide","p":[0,23.92,-90.65],"v":[0,-0.6,-8.47],"sup":true,"spd":7.6,"cr":true,"ev":""}
70,1.16667,0.000000,23.920000,-90.790276,0.000000,1.000000,0.000000,1,0.000000,0.000000,-8.466667,0.000000,-9.810000,0.000000,0,70,1,0
JS: {"t":1.2,"mode":"slide","p":[0,23.92,-90.79],"v":[0,-0.6,-8.41],"sup":true,"spd":7.6,"cr":true,"ev":""}
71,1.18333,0.000000,23.920000,-90.930496,0.000000,1.000000,0.000000,1,0.000000,0.000000,-8.413334,0.000000,-9.810000,0.000000,0,71,1,0
JS: {"t":1.22,"mode":"slide","p":[0,23.92,-90.93],"v":[0,-0.6,-8.36],"sup":true,"spd":7.6,"cr":true,"ev":""}
72,1.20000,0.000000,23.920000,-91.069832,0.000000,1.000000,0.000000,1,0.000000,0.000000,-8.360001,0.000000,-9.810000,0.000000,0,72,1,0
JS: {"t":1.23,"mode":"slide","p":[0,23.92,-91.07],"v":[0,-0.6,-8.31],"sup":true,"spd":7.6,"cr":true,"ev":""}
73,1.21667,0.000000,23.920000,-91.208275,0.000000,1.000000,0.000000,1,0.000000,0.000000,-8.306667,0.000000,-9.810000,0.000000,0,73,1,0
JS: {"t":1.25,"mode":"slide","p":[0,23.92,-91.21],"v":[0,-0.6,-8.25],"sup":true,"spd":7.6,"cr":true,"ev":""}
74,1.23333,0.000000,23.920000,-91.345833,0.000000,1.000000,0.000000,1,0.000000,0.000000,-8.253334,0.000000,-9.810000,0.000000,0,74,1,0
JS: {"t":1.27,"mode":"slide","p":[0,23.92,-91.35],"v":[0,-0.6,-8.2],"sup":true,"spd":7.6,"cr":true,"ev":""}
75,1.25000,0.000000,23.920000,-91.482498,0.000000,1.000000,0.000000,1,0.000000,0.000000,-8.200001,0.000000,-9.810000,0.000000,0,75,1,0
JS: {"t":1.28,"mode":"slide","p":[0,23.92,-91.48],"v":[0,-0.6,-8.15],"sup":true,"spd":7.6,"cr":true,"ev":""}
76,1.26667,0.000000,23.920000,-91.618279,0.000000,1.000000,0.000000,1,0.000000,0.000000,-8.146667,0.000000,-9.810000,0.000000,0,76,1,0
JS: {"t":1.3,"mode":"slide","p":[0,23.92,-91.62],"v":[0,-0.6,-8.09],"sup":true,"spd":7.6,"cr":true,"ev":""}
77,1.28333,0.000000,23.920000,-91.753166,0.000000,1.000000,0.000000,1,0.000000,0.000000,-8.093333,0.000000,-9.810000,0.000000,0,77,1,0
JS: {"t":1.32,"mode":"slide","p":[0,23.92,-91.75],"v":[0,-0.6,-8.04],"sup":true,"spd":7.6,"cr":true,"ev":""}
78,1.30000,0.000000,23.920000,-91.887169,0.000000,1.000000,0.000000,1,0.000000,0.000000,-8.040000,0.000000,-9.810000,0.000000,0,78,1,0
JS: {"t":1.33,"mode":"slide","p":[0,23.92,-91.89],"v":[0,-0.6,-7.99],"sup":true,"spd":7.6,"cr":true,"ev":""}
79,1.31667,0.000000,23.920000,-92.020279,0.000000,1.000000,0.000000,1,0.000000,0.000000,-7.986667,0.000000,-9.810000,0.000000,0,79,1,0
JS: {"t":1.35,"mode":"slide","p":[0,23.92,-92.02],"v":[0,-0.6,-7.93],"sup":true,"spd":7.6,"cr":true,"ev":""}
80,1.33333,0.000000,23.920000,-92.152504,0.000000,1.000000,0.000000,1,0.000000,0.000000,-7.933334,0.000000,-9.810000,0.000000,0,80,1,0
JS: {"t":1.37,"mode":"slide","p":[0,23.92,-92.15],"v":[0,-0.6,-7.88],"sup":true,"spd":7.6,"cr":true,"ev":""}
81,1.35000,0.000000,23.920000,-92.283836,0.000000,1.000000,0.000000,1,0.000000,0.000000,-7.880000,0.000000,-9.810000,0.000000,0,81,1,0
JS: {"t":1.38,"mode":"slide","p":[0,23.92,-92.28],"v":[0,-0.6,-7.83],"sup":true,"spd":7.6,"cr":true,"ev":""}
82,1.36667,0.000000,23.920000,-92.414284,0.000000,1.000000,0.000000,1,0.000000,0.000000,-7.826667,0.000000,-9.810000,0.000000,0,82,1,0
JS: {"t":1.4,"mode":"slide","p":[0,23.92,-92.41],"v":[0,-0.6,-7.77],"sup":true,"spd":7.6,"cr":true,"ev":""}
83,1.38333,0.000000,23.920000,-92.543839,0.000000,1.000000,0.000000,1,0.000000,0.000000,-7.773334,0.000000,-9.810000,0.000000,0,83,1,0
JS: {"t":1.42,"mode":"slide","p":[0,23.92,-92.54],"v":[0,-0.6,-7.72],"sup":true,"spd":7.6,"cr":true,"ev":""}
84,1.40000,0.000000,23.920000,-92.672508,0.000000,1.000000,0.000000,1,0.000000,0.000000,-7.720000,0.000000,-9.810000,0.000000,0,84,1,0
JS: {"t":1.43,"mode":"slide","p":[0,23.92,-92.67],"v":[0,-0.6,-7.67],"sup":true,"spd":7.6,"cr":true,"ev":""}
85,1.41667,0.000000,23.920000,-92.800285,0.000000,1.000000,0.000000,1,0.000000,0.000000,-7.666667,0.000000,-9.810000,0.000000,0,85,1,0
JS: {"t":1.45,"mode":"slide","p":[0,23.92,-92.8],"v":[0,-0.6,-7.61],"sup":true,"spd":7.6,"cr":true,"ev":""}
86,1.43333,0.000000,23.920000,-92.927177,0.000000,1.000000,0.000000,1,0.000000,0.000000,-7.613334,0.000000,-9.810000,0.000000,0,86,1,0
JS: {"t":1.47,"mode":"ground","p":[0,23.92,-92.93],"v":[0,-0.6,-7.56],"sup":true,"spd":7.56,"cr":false,"ev":""}
87,1.45000,0.000000,23.920000,-93.053177,0.000000,1.000000,0.000000,1,0.000000,0.000000,-7.560000,0.000000,-9.810000,0.000000,0,87,1,0
JS: {"t":1.48,"mode":"ground","p":[0,23.92,-93.05],"v":[0,-0.6,-7.61],"sup":true,"spd":7.61,"cr":false,"ev":""}
88,1.46667,0.000000,23.920000,-93.180008,0.000000,1.000000,0.000000,1,0.000000,0.000000,-7.610000,0.000000,-9.810000,0.000000,0,88,1,0
JS: {"t":1.5,"mode":"ground","p":[0,23.92,-93.18],"v":[0,-0.6,-7.66],"sup":true,"spd":7.66,"cr":false,"ev":""}
89,1.48333,0.000000,23.920000,-93.307678,0.000000,1.000000,0.000000,1,0.000000,0.000000,-7.660000,0.000000,-9.810000,0.000000,0,89,1,0
JS: {"t":1.52,"mode":"ground","p":[0,23.92,-93.31],"v":[0,-0.6,-7.71],"sup":true,"spd":7.71,"cr":false,"ev":""}
90,1.50000,0.000000,23.920000,-93.436180,0.000000,1.000000,0.000000,1,0.000000,0.000000,-7.710001,0.000000,-9.810000,0.000000,0,90,1,0
JS: {"t":1.53,"mode":"ground","p":[0,23.92,-93.44],"v":[0,-0.6,-7.76],"sup":true,"spd":7.76,"cr":false,"ev":""}
91,1.51667,0.000000,23.920000,-93.565514,0.000000,1.000000,0.000000,1,0.000000,0.000000,-7.760000,0.000000,-9.810000,0.000000,0,91,1,0
JS: {"t":1.55,"mode":"ground","p":[0,23.92,-93.57],"v":[0,-0.6,-7.81],"sup":true,"spd":7.81,"cr":false,"ev":""}
92,1.53333,0.000000,23.920000,-93.695679,0.000000,1.000000,0.000000,1,0.000000,0.000000,-7.810000,0.000000,-9.810000,0.000000,0,92,1,0
JS: {"t":1.57,"mode":"ground","p":[0,23.92,-93.7],"v":[0,-0.6,-7.86],"sup":true,"spd":7.86,"cr":false,"ev":""}
93,1.55000,0.000000,23.920000,-93.826675,0.000000,1.000000,0.000000,1,0.000000,0.000000,-7.860000,0.000000,-9.810000,0.000000,0,93,1,0
JS: {"t":1.58,"mode":"ground","p":[0,23.92,-93.83],"v":[0,-0.6,-7.91],"sup":true,"spd":7.91,"cr":false,"ev":""}
94,1.56667,0.000000,23.920000,-93.958511,0.000000,1.000000,0.000000,1,0.000000,0.000000,-7.910000,0.000000,-9.810000,0.000000,0,94,1,0
JS: {"t":1.6,"mode":"ground","p":[0,23.92,-93.96],"v":[0,-0.6,-7.96],"sup":true,"spd":7.96,"cr":false,"ev":""}
95,1.58333,0.000000,23.920000,-94.091179,0.000000,1.000000,0.000000,1,0.000000,0.000000,-7.960001,0.000000,-9.810000,0.000000,0,95,1,0
JS: {"t":1.62,"mode":"ground","p":[0,23.92,-94.09],"v":[0,-0.6,-8.01],"sup":true,"spd":8.01,"cr":false,"ev":""}
96,1.60000,0.000000,23.920000,-94.224678,0.000000,1.000000,0.000000,1,0.000000,0.000000,-8.010000,0.000000,-9.810000,0.000000,0,96,1,0
JS: {"t":1.63,"mode":"ground","p":[0,23.92,-94.22],"v":[0,-0.6,-8.06],"sup":true,"spd":8.06,"cr":false,"ev":""}
97,1.61667,0.000000,23.920000,-94.359009,0.000000,1.000000,0.000000,1,0.000000,0.000000,-8.060000,0.000000,-9.810000,0.000000,0,97,1,0
JS: {"t":1.65,"mode":"ground","p":[0,23.92,-94.36],"v":[0,-0.6,-8.11],"sup":true,"spd":8.11,"cr":false,"ev":""}
98,1.63333,0.000000,23.920000,-94.494179,0.000000,1.000000,0.000000,1,0.000000,0.000000,-8.110001,0.000000,-9.810000,0.000000,0,98,1,0
JS: {"t":1.67,"mode":"ground","p":[0,23.92,-94.49],"v":[0,-0.6,-8.16],"sup":true,"spd":8.16,"cr":false,"ev":""}
99,1.65000,0.000000,23.920000,-94.630180,0.000000,1.000000,0.000000,1,0.000000,0.000000,-8.160001,0.000000,-9.810000,0.000000,0,99,1,0
JS: {"t":1.68,"mode":"ground","p":[0,23.92,-94.63],"v":[0,-0.6,-8.21],"sup":true,"spd":8.21,"cr":false,"ev":""}
100,1.66667,0.000000,23.920000,-94.767014,0.000000,1.000000,0.000000,1,0.000000,0.000000,-8.210000,0.000000,-9.810000,0.000000,0,100,1,0
JS: {"t":1.7,"mode":"ground","p":[0,23.92,-94.77],"v":[0,-0.6,-8.26],"sup":true,"spd":8.26,"cr":false,"ev":""}
101,1.68333,0.000000,23.920000,-94.904678,0.000000,1.000000,0.000000,1,0.000000,0.000000,-8.260000,0.000000,-9.810000,0.000000,0,101,1,0
JS: {"t":1.72,"mode":"ground","p":[0,23.92,-94.9],"v":[0,-0.6,-8.31],"sup":true,"spd":8.31,"cr":false,"ev":""}
102,1.70000,0.000000,23.920000,-95.043175,0.000000,1.000000,0.000000,1,0.000000,0.000000,-8.310000,0.000000,-9.810000,0.000000,0,102,1,0
JS: {"t":1.73,"mode":"ground","p":[0,23.92,-95.04],"v":[0,-0.6,-8.36],"sup":true,"spd":8.36,"cr":false,"ev":""}
103,1.71667,0.000000,23.920000,-95.182510,0.000000,1.000000,0.000000,1,0.000000,0.000000,-8.360001,0.000000,-9.810000,0.000000,0,103,1,0
JS: {"t":1.75,"mode":"ground","p":[0,23.92,-95.18],"v":[0,-0.6,-8.4],"sup":true,"spd":8.4,"cr":false,"ev":""}
104,1.73333,0.000000,23.920000,-95.322510,0.000000,1.000000,0.000000,1,0.000000,0.000000,-8.400000,0.000000,-9.810000,0.000000,0,104,1,0
JS: {"t":1.77,"mode":"ground","p":[0,23.92,-95.32],"v":[0,-0.6,-8.4],"sup":true,"spd":8.4,"cr":false,"ev":""}
105,1.75000,0.000000,23.920000,-95.462509,0.000000,1.000000,0.000000,1,0.000000,0.000000,-8.400000,0.000000,-9.810000,0.000000,0,105,1,0
JS: {"t":1.78,"mode":"ground","p":[0,23.92,-95.46],"v":[0,-0.6,-8.4],"sup":true,"spd":8.4,"cr":false,"ev":""}
106,1.76667,0.000000,23.920000,-95.602509,0.000000,1.000000,0.000000,1,0.000000,0.000000,-8.400000,0.000000,-9.810000,0.000000,0,106,1,0
JS: {"t":1.8,"mode":"ground","p":[0,23.92,-95.6],"v":[0,-0.6,-8.4],"sup":true,"spd":8.4,"cr":false,"ev":""}
107,1.78333,0.000000,23.920000,-95.742508,0.000000,1.000000,0.000000,1,0.000000,0.000000,-8.400000,0.000000,-9.810000,0.000000,0,107,1,0
JS: {"t":1.82,"mode":"ground","p":[0,23.92,-95.74],"v":[0,-0.6,-8.4],"sup":true,"spd":8.4,"cr":false,"ev":""}
108,1.80000,0.000000,23.920000,-95.882507,0.000000,1.000000,0.000000,1,0.000000,0.000000,-8.400000,0.000000,-9.810000,0.000000,0,108,1,0
JS: {"t":1.83,"mode":"ground","p":[0,23.92,-95.88],"v":[0,-0.6,-8.4],"sup":true,"spd":8.4,"cr":false,"ev":""}
109,1.81667,0.000000,23.920000,-96.022507,0.000000,1.000000,0.000000,1,0.000000,0.000000,-8.400000,0.000000,-9.810000,0.000000,0,109,1,0
JS: {"t":1.85,"mode":"ground","p":[0,23.92,-96.02],"v":[0,-0.6,-8.4],"sup":true,"spd":8.4,"cr":false,"ev":""}
110,1.83333,0.000000,23.920000,-96.162506,0.000000,1.000000,0.000000,1,0.000000,0.000000,-8.400000,0.000000,-9.810000,0.000000,0,110,1,0
JS: {"t":1.87,"mode":"ground","p":[0,23.92,-96.16],"v":[0,-0.6,-8.4],"sup":true,"spd":8.4,"cr":false,"ev":""}
111,1.85000,0.000000,23.920000,-96.302505,0.000000,1.000000,0.000000,1,0.000000,0.000000,-8.400000,0.000000,-9.810000,0.000000,0,111,1,0
JS: {"t":1.88,"mode":"ground","p":[0,23.92,-96.3],"v":[0,-0.6,-8.4],"sup":true,"spd":8.4,"cr":false,"ev":""}
112,1.86667,0.000000,23.920000,-96.442505,0.000000,1.000000,0.000000,1,0.000000,0.000000,-8.400000,0.000000,-9.810000,0.000000,0,112,1,0
JS: {"t":1.9,"mode":"ground","p":[0,23.92,-96.44],"v":[0,-0.6,-8.4],"sup":true,"spd":8.4,"cr":false,"ev":""}
113,1.88333,0.000000,23.920000,-96.582504,0.000000,1.000000,0.000000,1,0.000000,0.000000,-8.400000,0.000000,-9.810000,0.000000,0,113,1,0
JS: {"t":1.92,"mode":"ground","p":[0,23.92,-96.58],"v":[0,-0.6,-8.4],"sup":true,"spd":8.4,"cr":false,"ev":""}
114,1.90000,0.000000,23.920000,-96.722504,0.000000,1.000000,0.000000,1,0.000000,0.000000,-8.400000,0.000000,-9.810000,0.000000,0,114,1,0
JS: {"t":1.93,"mode":"ground","p":[0,23.92,-96.72],"v":[0,-0.6,-8.4],"sup":true,"spd":8.4,"cr":false,"ev":""}
115,1.91667,0.000000,23.920000,-96.862503,0.000000,1.000000,0.000000,1,0.000000,0.000000,-8.400000,0.000000,-9.810000,0.000000,0,115,1,0
JS: {"t":1.95,"mode":"ground","p":[0,23.92,-96.86],"v":[0,-0.6,-8.4],"sup":true,"spd":8.4,"cr":false,"ev":""}
116,1.93333,0.000000,23.920000,-97.002502,0.000000,1.000000,0.000000,1,0.000000,0.000000,-8.400000,0.000000,-9.810000,0.000000,0,116,1,0
JS: {"t":1.97,"mode":"ground","p":[0,23.92,-97],"v":[0,-0.6,-8.4],"sup":true,"spd":8.4,"cr":false,"ev":""}
117,1.95000,0.000000,23.920000,-97.142502,0.000000,1.000000,0.000000,1,0.000000,0.000000,-8.400000,0.000000,-9.810000,0.000000,0,117,1,0
JS: {"t":1.98,"mode":"ground","p":[0,23.92,-97.14],"v":[0,-0.6,-8.4],"sup":true,"spd":8.4,"cr":false,"ev":""}
118,1.96667,0.000000,23.920000,-97.282501,0.000000,1.000000,0.000000,1,0.000000,0.000000,-8.400000,0.000000,-9.810000,0.000000,0,118,1,0
JS: {"t":2,"mode":"ground","p":[0,23.92,-97.28],"v":[0,-0.6,-8.4],"sup":true,"spd":8.4,"cr":false,"ev":""}
119,1.98333,0.000000,23.920000,-97.422501,0.000000,1.000000,0.000000,1,0.000000,0.000000,-8.400000,0.000000,-9.810000,0.000000,0,119,1,0
JS: {"t":2.02,"mode":"ground","p":[0,23.92,-97.42],"v":[0,-0.6,-8.4],"sup":true,"spd":8.4,"cr":false,"ev":""}
120,2.00000,0.000000,23.920000,-97.562500,0.000000,1.000000,0.000000,1,0.000000,0.000000,-8.400000,0.000000,-9.810000,0.000000,0,120,1,0
JS: {"t":2.03,"mode":"ground","p":[0,23.92,-97.56],"v":[0,-0.6,-8.4],"sup":true,"spd":8.4,"cr":false,"ev":""}
121,2.01667,0.000000,23.920000,-97.702499,0.000000,1.000000,0.000000,1,0.000000,0.000000,-8.400000,0.000000,-9.810000,0.000000,0,121,1,0
JS: {"t":2.05,"mode":"ground","p":[0,23.92,-97.7],"v":[0,-0.6,-8.4],"sup":true,"spd":8.4,"cr":false,"ev":""}
122,2.03333,0.000000,23.920000,-97.842499,0.000000,1.000000,0.000000,1,0.000000,0.000000,-8.400000,0.000000,-9.810000,0.000000,0,122,1,0
JS: {"t":2.07,"mode":"ground","p":[0,23.92,-97.84],"v":[0,-0.6,-8.4],"sup":true,"spd":8.4,"cr":false,"ev":""}
123,2.05000,0.000000,23.920000,-97.982498,0.000000,1.000000,0.000000,1,0.000000,0.000000,-8.400000,0.000000,-9.810000,0.000000,0,123,1,0
JS: {"t":2.08,"mode":"ground","p":[0,23.92,-97.98],"v":[0,-0.6,-8.4],"sup":true,"spd":8.4,"cr":false,"ev":""}
124,2.06667,0.000000,23.920000,-98.122498,0.000000,1.000000,0.000000,1,0.000000,0.000000,-8.400000,0.000000,-9.810000,0.000000,0,124,1,0
JS: {"t":2.1,"mode":"ground","p":[0,23.92,-98.12],"v":[0,-0.6,-8.4],"sup":true,"spd":8.4,"cr":false,"ev":""}
125,2.08333,0.000000,23.920000,-98.262497,0.000000,1.000000,0.000000,1,0.000000,0.000000,-8.400000,0.000000,-9.810000,0.000000,0,125,1,0
JS: {"t":2.12,"mode":"ground","p":[0,23.92,-98.26],"v":[0,-0.6,-8.4],"sup":true,"spd":8.4,"cr":false,"ev":""}
126,2.10000,0.000000,23.920000,-98.402496,0.000000,1.000000,0.000000,1,0.000000,0.000000,-8.400000,0.000000,-9.810000,0.000000,0,126,1,0
JS: {"t":2.13,"mode":"ground","p":[0,23.92,-98.4],"v":[0,-0.6,-8.4],"sup":true,"spd":8.4,"cr":false,"ev":""}
127,2.11667,0.000000,23.920000,-98.542496,0.000000,1.000000,0.000000,1,0.000000,0.000000,-8.400000,0.000000,-9.810000,0.000000,0,127,1,0
JS: {"t":2.15,"mode":"ground","p":[0,23.92,-98.54],"v":[0,-0.6,-8.4],"sup":true,"spd":8.4,"cr":false,"ev":""}
128,2.13333,0.000000,23.920000,-98.682495,0.000000,1.000000,0.000000,1,0.000000,0.000000,-8.400000,0.000000,-9.810000,0.000000,0,128,1,0
JS: {"t":2.17,"mode":"ground","p":[0,23.92,-98.68],"v":[0,-0.6,-8.4],"sup":true,"spd":8.4,"cr":false,"ev":""}
129,2.15000,0.000000,23.920000,-98.822495,0.000000,1.000000,0.000000,1,0.000000,0.000000,-8.400000,0.000000,-9.810000,0.000000,0,129,1,0
JS: {"t":2.18,"mode":"ground","p":[0,23.92,-98.82],"v":[0,-0.6,-8.4],"sup":true,"spd":8.4,"cr":false,"ev":""}
130,2.16667,0.000000,23.920000,-98.962494,0.000000,1.000000,0.000000,1,0.000000,0.000000,-8.400000,0.000000,-9.810000,0.000000,0,130,1,0
JS: {"t":2.2,"mode":"ground","p":[0,23.92,-98.96],"v":[0,-0.6,-8.4],"sup":true,"spd":8.4,"cr":false,"ev":""}
131,2.18333,0.000000,23.920000,-99.102493,0.000000,1.000000,0.000000,1,0.000000,0.000000,-8.400000,0.000000,-9.810000,0.000000,0,131,1,0
JS: {"t":2.22,"mode":"ground","p":[0,23.92,-99.1],"v":[0,-0.6,-8.4],"sup":true,"spd":8.4,"cr":false,"ev":""}
132,2.20000,0.000000,23.920000,-99.242493,0.000000,1.000000,0.000000,1,0.000000,0.000000,-8.400000,0.000000,-9.810000,0.000000,0,132,1,0
JS: {"t":2.23,"mode":"ground","p":[0,23.92,-99.24],"v":[0,-0.6,-8.4],"sup":true,"spd":8.4,"cr":false,"ev":""}
133,2.21667,0.000000,23.920000,-99.382492,0.000000,1.000000,0.000000,1,0.000000,0.000000,-8.400000,0.000000,-9.810000,0.000000,0,133,1,0
JS: {"t":2.25,"mode":"ground","p":[0,23.92,-99.38],"v":[0,-0.6,-8.4],"sup":true,"spd":8.4,"cr":false,"ev":""}
134,2.23333,0.000000,23.920000,-99.522491,0.000000,1.000000,0.000000,1,0.000000,0.000000,-8.400000,0.000000,-9.810000,0.000000,0,134,1,0
JS: {"t":2.27,"mode":"ground","p":[0,23.92,-99.52],"v":[0,-0.6,-8.4],"sup":true,"spd":8.4,"cr":false,"ev":""}
135,2.25000,0.000000,23.920000,-99.662491,0.000000,1.000000,0.000000,1,0.000000,0.000000,-8.400000,0.000000,-9.810000,0.000000,0,135,1,0
JS: {"t":2.28,"mode":"ground","p":[0,23.92,-99.66],"v":[0,-0.6,-8.4],"sup":true,"spd":8.4,"cr":false,"ev":""}
136,2.26667,0.000000,23.920000,-99.802490,0.000000,1.000000,0.000000,1,0.000000,0.000000,-8.400000,0.000000,-9.810000,0.000000,0,136,1,0
JS: {"t":2.3,"mode":"ground","p":[0,23.92,-99.8],"v":[0,-0.6,-8.4],"sup":true,"spd":8.4,"cr":false,"ev":""}
137,2.28333,0.000000,23.920000,-99.942490,0.000000,1.000000,0.000000,1,0.000000,0.000000,-8.400000,0.000000,-9.810000,0.000000,0,137,1,0
JS: {"t":2.32,"mode":"ground","p":[0,23.92,-99.94],"v":[0,-0.6,-8.4],"sup":true,"spd":8.4,"cr":false,"ev":""}
138,2.30000,0.000000,23.920000,-100.082489,0.000000,1.000000,0.000000,1,0.000000,0.000000,-8.400000,0.000000,-9.810000,0.000000,0,138,1,0
JS: {"t":2.33,"mode":"ground","p":[0,23.92,-100.08],"v":[0,-0.6,-8.4],"sup":true,"spd":8.4,"cr":false,"ev":""}
139,2.31667,0.000000,23.920000,-100.222488,0.000000,1.000000,0.000000,1,0.000000,0.000000,-8.400000,0.000000,-9.810000,0.000000,0,139,1,0
JS: {"t":2.35,"mode":"ground","p":[0,23.92,-100.22],"v":[0,-0.6,-8.4],"sup":true,"spd":8.4,"cr":false,"ev":""}
140,2.33333,0.000000,23.920000,-100.362488,0.000000,1.000000,0.000000,1,0.000000,0.000000,-8.400000,0.000000,-9.810000,0.000000,0,140,1,0
JS: {"t":2.37,"mode":"ground","p":[0,23.92,-100.36],"v":[0,-0.6,-8.4],"sup":true,"spd":8.4,"cr":false,"ev":""}
141,2.35000,0.000000,23.920000,-100.502487,0.000000,1.000000,0.000000,1,0.000000,0.000000,-8.400000,0.000000,-9.810000,0.000000,0,141,1,0
JS: {"t":2.38,"mode":"ground","p":[0,23.92,-100.5],"v":[0,-0.6,-8.4],"sup":true,"spd":8.4,"cr":false,"ev":""}
142,2.36667,0.000000,23.920000,-100.642487,0.000000,1.000000,0.000000,1,0.000000,0.000000,-8.400000,0.000000,-9.810000,0.000000,0,142,1,0
JS: {"t":2.4,"mode":"ground","p":[0,23.92,-100.64],"v":[0,-0.6,-8.4],"sup":true,"spd":8.4,"cr":false,"ev":""}
143,2.38333,0.000000,23.920000,-100.782486,0.000000,1.000000,0.000000,1,0.000000,0.000000,-8.400000,0.000000,-9.810000,0.000000,0,143,1,0
JS: {"t":2.42,"mode":"ground","p":[0,23.92,-100.78],"v":[0,-0.6,-8.4],"sup":true,"spd":8.4,"cr":false,"ev":""}
144,2.40000,0.000000,23.920000,-100.922485,0.000000,1.000000,0.000000,1,0.000000,0.000000,-8.400000,0.000000,-9.810000,0.000000,0,144,1,0
JS: {"t":2.43,"mode":"ground","p":[0,23.92,-100.92],"v":[0,-0.6,-8.4],"sup":true,"spd":8.4,"cr":false,"ev":""}
145,2.41667,0.000000,23.920000,-101.062485,0.000000,1.000000,0.000000,1,0.000000,0.000000,-8.400000,0.000000,-9.810000,0.000000,0,145,1,0
JS: {"t":2.45,"mode":"ground","p":[0,23.92,-101.06],"v":[0,-0.6,-8.4],"sup":true,"spd":8.4,"cr":false,"ev":""}
146,2.43333,0.000000,23.920000,-101.202484,0.000000,1.000000,0.000000,1,0.000000,0.000000,-8.400000,0.000000,-9.810000,0.000000,0,146,1,0
JS: {"t":2.47,"mode":"ground","p":[0,23.92,-101.2],"v":[0,-0.6,-8.4],"sup":true,"spd":8.4,"cr":false,"ev":""}
147,2.45000,0.000000,23.920000,-101.342484,0.000000,1.000000,0.000000,1,0.000000,0.000000,-8.400000,0.000000,-9.810000,0.000000,0,147,1,0
JS: {"t":2.48,"mode":"ground","p":[0,23.92,-101.34],"v":[0,-0.6,-8.4],"sup":true,"spd":8.4,"cr":false,"ev":""}
148,2.46667,0.000000,23.920000,-101.482483,0.000000,1.000000,0.000000,1,0.000000,0.000000,-8.400000,0.000000,-9.810000,0.000000,0,148,1,0
JS: {"t":2.5,"mode":"ground","p":[0,23.92,-101.48],"v":[0,-0.6,-8.4],"sup":true,"spd":8.4,"cr":false,"ev":""}
149,2.48333,0.000000,23.920000,-101.622482,0.000000,1.000000,0.000000,1,0.000000,0.000000,-8.400000,0.000000,-9.810000,0.000000,0,149,1,0
JS: {"t":2.52,"mode":"ground","p":[0,23.92,-101.62],"v":[0,-0.6,-8.4],"sup":true,"spd":8.4,"cr":false,"ev":""}
150,2.50000,0.000000,23.920000,-101.762482,0.000000,1.000000,0.000000,1,0.000000,0.000000,-8.400000,0.000000,-9.810000,0.000000,0,150,1,0
JS: {"t":2.53,"mode":"ground","p":[0,23.92,-101.76],"v":[0,-0.6,-8.4],"sup":true,"spd":8.4,"cr":false,"ev":""}
151,2.51667,0.000000,23.920000,-101.902481,0.000000,1.000000,0.000000,1,0.000000,0.000000,-8.400000,0.000000,-9.810000,0.000000,0,151,1,0
JS: {"t":2.55,"mode":"ground","p":[0,23.92,-101.9],"v":[0,-0.6,-8.4],"sup":true,"spd":8.4,"cr":false,"ev":""}
152,2.53333,0.000000,23.920000,-102.042480,0.000000,1.000000,0.000000,1,0.000000,0.000000,-8.400000,0.000000,-9.810000,0.000000,0,152,1,0
JS: {"t":2.57,"mode":"ground","p":[0,23.92,-102.04],"v":[0,-0.6,-8.4],"sup":true,"spd":8.4,"cr":false,"ev":""}
153,2.55000,0.000000,23.920000,-102.182480,0.000000,1.000000,0.000000,1,0.000000,0.000000,-8.400000,0.000000,-9.810000,0.000000,0,153,1,0
JS: {"t":2.58,"mode":"ground","p":[0,23.92,-102.18],"v":[0,-0.6,-8.4],"sup":true,"spd":8.4,"cr":false,"ev":""}
154,2.56667,0.000000,23.920000,-102.322479,0.000000,1.000000,0.000000,1,0.000000,0.000000,-8.400000,0.000000,-9.810000,0.000000,0,154,1,0
JS: {"t":2.6,"mode":"ground","p":[0,23.92,-102.32],"v":[0,-0.6,-8.4],"sup":true,"spd":8.4,"cr":false,"ev":""}
155,2.58333,0.000000,23.920000,-102.462479,0.000000,1.000000,0.000000,1,0.000000,0.000000,-8.400000,0.000000,-9.810000,0.000000,0,155,1,0
JS: {"t":2.62,"mode":"ground","p":[0,23.92,-102.46],"v":[0,-0.6,-8.4],"sup":true,"spd":8.4,"cr":false,"ev":""}
156,2.60000,0.000000,23.920000,-102.602478,0.000000,1.000000,0.000000,1,0.000000,0.000000,-8.400000,0.000000,-9.810000,0.000000,0,156,1,0
JS: {"t":2.63,"mode":"ground","p":[0,23.92,-102.6],"v":[0,-0.6,-8.4],"sup":true,"spd":8.4,"cr":false,"ev":""}
157,2.61667,0.000000,23.920000,-102.742477,0.000000,1.000000,0.000000,1,0.000000,0.000000,-8.400000,0.000000,-9.810000,0.000000,0,157,1,0
JS: {"t":2.65,"mode":"ground","p":[0,23.92,-102.74],"v":[0,-0.6,-8.4],"sup":true,"spd":8.4,"cr":false,"ev":""}
158,2.63333,0.000000,23.920000,-102.882477,0.000000,1.000000,0.000000,1,0.000000,0.000000,-8.400000,0.000000,-9.810000,0.000000,0,158,1,0
JS: {"t":2.67,"mode":"ground","p":[0,23.92,-102.88],"v":[0,-0.6,-8.4],"sup":true,"spd":8.4,"cr":false,"ev":""}
159,2.65000,0.000000,23.920000,-103.022476,0.000000,1.000000,0.000000,1,0.000000,0.000000,-8.400000,0.000000,-9.810000,0.000000,0,159,1,0
libEGL warning: Not allowed to force software rendering when API explicitly selects a hardware device.
Renderer fragment texture units: 32 (material path uses 12)
World state: disk saves disabled for additive compositions
Project: Judas Developer Integration (/tmp/judas-m65-rooftop-yanccshc/slide-stand/m65_integration.judasproj)
Scene: Rooftop Run (/tmp/judas-m65-rooftop-yanccshc/slide-stand/Scenes/rooftops.judas)
World origin (m): 0.000, 0.000, 0.000
ALSA lib confmisc.c:855:(parse_card) [error.core] cannot find card '0'
ALSA lib conf.c:5211:(_snd_config_evaluate) [error.core] function snd_func_card_id returned error: No such file or directory
ALSA lib confmisc.c:422:(snd_func_concat) [error.core] error evaluating strings
ALSA lib conf.c:5211:(_snd_config_evaluate) [error.core] function snd_func_concat returned error: No such file or directory
ALSA lib confmisc.c:1342:(snd_func_refer) [error.core] error evaluating name
ALSA lib conf.c:5211:(_snd_config_evaluate) [error.core] function snd_func_refer returned error: No such file or directory
ALSA lib conf.c:5734:(snd_config_expand) [error.core] Evaluate error: No such file or directory
ALSA lib pcm.c:2722:(snd_pcm_open_noupdate) [error.pcm] Unknown PCM dmix
ALSA lib confmisc.c:855:(parse_card) [error.core] cannot find card '0'
ALSA lib conf.c:5211:(_snd_config_evaluate) [error.core] function snd_func_card_id returned error: No such file or directory
ALSA lib confmisc.c:422:(snd_func_concat) [error.core] error evaluating strings
ALSA lib conf.c:5211:(_snd_config_evaluate) [error.core] function snd_func_concat returned error: No such file or directory
ALSA lib confmisc.c:1342:(snd_func_refer) [error.core] error evaluating name
ALSA lib conf.c:5211:(_snd_config_evaluate) [error.core] function snd_func_refer returned error: No such file or directory
ALSA lib conf.c:5734:(snd_config_expand) [error.core] Evaluate error: No such file or directory
ALSA lib pcm.c:2722:(snd_pcm_open_noupdate) [error.pcm] Unknown PCM dmix:0
ALSA lib confmisc.c:855:(parse_card) [error.core] cannot find card '0'
ALSA lib conf.c:5211:(_snd_config_evaluate) [error.core] function snd_func_card_id returned error: No such file or directory
ALSA lib confmisc.c:422:(snd_func_concat) [error.core] error evaluating strings
ALSA lib conf.c:5211:(_snd_config_evaluate) [error.core] function snd_func_concat returned error: No such file or directory
ALSA lib confmisc.c:1342:(snd_func_refer) [error.core] error evaluating name
ALSA lib conf.c:5211:(_snd_config_evaluate) [error.core] function snd_func_refer returned error: No such file or directory
ALSA lib conf.c:5734:(snd_config_expand) [error.core] Evaluate error: No such file or directory
ALSA lib pcm.c:2722:(snd_pcm_open_noupdate) [error.pcm] Unknown PCM dmix:0,0
ALSA lib confmisc.c:165:(snd_config_get_card) [error.core] Cannot get card index for 0
ALSA lib confmisc.c:165:(snd_config_get_card) [error.core] Cannot get card index for 0
ALSA lib confmisc.c:165:(snd_config_get_card) [error.core] Cannot get card index for 0
Cannot connect to server socket err = Operation not permitted
Cannot connect to server request channel
jack server is not running or cannot be started
JackShmReadWritePtr::~JackShmReadWritePtr - Init not done for -1, skipping unlock
JackShmReadWritePtr::~JackShmReadWritePtr - Init not done for -1, skipping unlock
