step,time,posX,posY,posZ,upX,upY,upZ,grounded,velX,velY,velZ,gravX,gravY,gravZ,controlled,frame,steps,paused
JS: {"t":0.02,"mode":"air","p":[0,21,0],"v":[0,-0.22,0],"sup":false,"spd":0,"cr":false,"ev":""}
0,0.00000,0.000000,20.920000,0.000000,0.000000,1.000000,0.000000,1,0.000000,0.000000,0.000000,0.000000,-9.810000,0.000000,0,0,1,0
JS: {"t":0.03,"mode":"ground","p":[0,20.92,0],"v":[0,-0.6,-0.3],"sup":true,"spd":0.3,"cr":false,"ev":""}
1,0.01667,0.000000,20.920000,-0.005000,0.000000,1.000000,0.000000,1,0.000000,0.000000,-0.300000,0.000000,-9.810000,0.000000,0,1,1,0
JS: {"t":0.05,"mode":"ground","p":[0,20.92,-0.01],"v":[0,-0.6,-0.6],"sup":true,"spd":0.6,"cr":false,"ev":""}
2,0.03333,0.000000,20.920000,-0.015000,0.000000,1.000000,0.000000,1,0.000000,0.000000,-0.600000,0.000000,-9.810000,0.000000,0,2,1,0
JS: {"t":0.07,"mode":"ground","p":[0,20.92,-0.02],"v":[0,-0.6,-0.9],"sup":true,"spd":0.9,"cr":false,"ev":""}
3,0.05000,0.000000,20.920000,-0.030000,0.000000,1.000000,0.000000,1,0.000000,0.000000,-0.900000,0.000000,-9.810000,0.000000,0,3,1,0
JS: {"t":0.08,"mode":"ground","p":[0,20.92,-0.03],"v":[0,-0.6,-1.2],"sup":true,"spd":1.2,"cr":false,"ev":""}
4,0.06667,0.000000,20.920000,-0.050000,0.000000,1.000000,0.000000,1,0.000000,0.000000,-1.200000,0.000000,-9.810000,0.000000,0,4,1,0
JS: {"t":0.1,"mode":"ground","p":[0,20.92,-0.05],"v":[0,-0.6,-1.5],"sup":true,"spd":1.5,"cr":false,"ev":""}
5,0.08333,0.000000,20.920000,-0.075000,0.000000,1.000000,0.000000,1,0.000000,0.000000,-1.500000,0.000000,-9.810000,0.000000,0,5,1,0
JS: {"t":0.12,"mode":"ground","p":[0,20.92,-0.08],"v":[0,-0.6,-1.8],"sup":true,"spd":1.8,"cr":false,"ev":""}
6,0.10000,0.000000,20.920000,-0.105000,0.000000,1.000000,0.000000,1,0.000000,0.000000,-1.800000,0.000000,-9.810000,0.000000,0,6,1,0
JS: {"t":0.13,"mode":"ground","p":[0,20.92,-0.11],"v":[0,-0.6,-2.1],"sup":true,"spd":2.1,"cr":false,"ev":""}
7,0.11667,0.000000,20.920000,-0.140000,0.000000,1.000000,0.000000,1,0.000000,0.000000,-2.100000,0.000000,-9.810000,0.000000,0,7,1,0
JS: {"t":0.15,"mode":"ground","p":[0,20.92,-0.14],"v":[0,-0.6,-2.4],"sup":true,"spd":2.4,"cr":false,"ev":""}
8,0.13333,0.000000,20.920000,-0.180000,0.000000,1.000000,0.000000,1,0.000000,0.000000,-2.400000,0.000000,-9.810000,0.000000,0,8,1,0
JS: {"t":0.17,"mode":"ground","p":[0,20.92,-0.18],"v":[0,-0.6,-2.7],"sup":true,"spd":2.7,"cr":false,"ev":""}
9,0.15000,0.000000,20.920000,-0.225000,0.000000,1.000000,0.000000,1,0.000000,0.000000,-2.700000,0.000000,-9.810000,0.000000,0,9,1,0
JS: {"t":0.18,"mode":"ground","p":[0,20.92,-0.23],"v":[0,-0.6,-3],"sup":true,"spd":3,"cr":false,"ev":""}
10,0.16667,0.000000,20.920000,-0.275000,0.000000,1.000000,0.000000,1,0.000000,0.000000,-3.000000,0.000000,-9.810000,0.000000,0,10,1,0
JS: {"t":0.2,"mode":"ground","p":[0,20.92,-0.28],"v":[0,-0.6,-3.3],"sup":true,"spd":3.3,"cr":false,"ev":""}
11,0.18333,0.000000,20.920000,-0.330000,0.000000,1.000000,0.000000,1,0.000000,0.000000,-3.300000,0.000000,-9.810000,0.000000,0,11,1,0
JS: {"t":0.22,"mode":"ground","p":[0,20.92,-0.33],"v":[0,-0.6,-3.6],"sup":true,"spd":3.6,"cr":false,"ev":""}
12,0.20000,0.000000,20.920000,-0.390000,0.000000,1.000000,0.000000,1,0.000000,0.000000,-3.600000,0.000000,-9.810000,0.000000,0,12,1,0
JS: {"t":0.23,"mode":"ground","p":[0,20.92,-0.39],"v":[0,-0.6,-3.9],"sup":true,"spd":3.9,"cr":false,"ev":""}
13,0.21667,0.000000,20.920000,-0.455000,0.000000,1.000000,0.000000,1,0.000000,0.000000,-3.900000,0.000000,-9.810000,0.000000,0,13,1,0
JS: {"t":0.25,"mode":"ground","p":[0,20.92,-0.46],"v":[0,-0.6,-4.2],"sup":true,"spd":4.2,"cr":false,"ev":""}
14,0.23333,0.000000,20.920000,-0.525000,0.000000,1.000000,0.000000,1,0.000000,0.000000,-4.200000,0.000000,-9.810000,0.000000,0,14,1,0
JS: {"t":0.27,"mode":"ground","p":[0,20.92,-0.53],"v":[0,-0.6,-4.3],"sup":true,"spd":4.3,"cr":false,"ev":""}
15,0.25000,0.000000,20.920000,-0.596667,0.000000,1.000000,0.000000,1,0.000000,0.000000,-4.300000,0.000000,-9.810000,0.000000,0,15,1,0
JS: {"t":0.28,"mode":"ground","p":[0,20.92,-0.6],"v":[0,-0.6,-4.4],"sup":true,"spd":4.4,"cr":false,"ev":""}
16,0.26667,0.000000,20.920000,-0.670000,0.000000,1.000000,0.000000,1,0.000000,0.000000,-4.400000,0.000000,-9.810000,0.000000,0,16,1,0
JS: {"t":0.3,"mode":"ground","p":[0,20.92,-0.67],"v":[0,-0.6,-4.5],"sup":true,"spd":4.5,"cr":false,"ev":""}
17,0.28333,0.000000,20.920000,-0.745000,0.000000,1.000000,0.000000,1,0.000000,0.000000,-4.500000,0.000000,-9.810000,0.000000,0,17,1,0
JS: {"t":0.32,"mode":"ground","p":[0,20.92,-0.75],"v":[0,-0.6,-4.6],"sup":true,"spd":4.6,"cr":false,"ev":""}
18,0.30000,0.000000,20.920000,-0.821667,0.000000,1.000000,0.000000,1,0.000000,0.000000,-4.600000,0.000000,-9.810000,0.000000,0,18,1,0
JS: {"t":0.33,"mode":"ground","p":[0,20.92,-0.82],"v":[0,-0.6,-4.7],"sup":true,"spd":4.7,"cr":false,"ev":""}
19,0.31667,0.000000,20.920000,-0.900000,0.000000,1.000000,0.000000,1,0.000000,0.000000,-4.700000,0.000000,-9.810000,0.000000,0,19,1,0
JS: {"t":0.35,"mode":"ground","p":[0,20.92,-0.9],"v":[0,-0.6,-4.8],"sup":true,"spd":4.8,"cr":false,"ev":""}
20,0.33333,0.000000,20.920000,-0.980000,0.000000,1.000000,0.000000,1,0.000000,0.000000,-4.800000,0.000000,-9.810000,0.000000,0,20,1,0
JS: {"t":0.37,"mode":"ground","p":[0,20.92,-0.98],"v":[0,-0.6,-4.9],"sup":true,"spd":4.9,"cr":false,"ev":""}
21,0.35000,0.000000,20.920000,-1.061667,0.000000,1.000000,0.000000,1,0.000000,0.000000,-4.900000,0.000000,-9.810000,0.000000,0,21,1,0
JS: {"t":0.38,"mode":"ground","p":[0,20.92,-1.06],"v":[0,-0.6,-5],"sup":true,"spd":5,"cr":false,"ev":""}
22,0.36667,0.000000,20.920000,-1.145000,0.000000,1.000000,0.000000,1,0.000000,0.000000,-5.000000,0.000000,-9.810000,0.000000,0,22,1,0
JS: {"t":0.4,"mode":"ground","p":[0,20.92,-1.14],"v":[0,-0.6,-5.1],"sup":true,"spd":5.1,"cr":false,"ev":""}
23,0.38333,0.000000,20.920000,-1.230000,0.000000,1.000000,0.000000,1,0.000000,0.000000,-5.100000,0.000000,-9.810000,0.000000,0,23,1,0
JS: {"t":0.42,"mode":"ground","p":[0,20.92,-1.23],"v":[0,-0.6,-5.2],"sup":true,"spd":5.2,"cr":false,"ev":""}
24,0.40000,0.000000,20.920000,-1.316667,0.000000,1.000000,0.000000,1,0.000000,0.000000,-5.200000,0.000000,-9.810000,0.000000,0,24,1,0
JS: {"t":0.43,"mode":"ground","p":[0,20.92,-1.32],"v":[0,-0.6,-5.3],"sup":true,"spd":5.3,"cr":false,"ev":""}
25,0.41667,0.000000,20.920000,-1.405000,0.000000,1.000000,0.000000,1,0.000000,0.000000,-5.300000,0.000000,-9.810000,0.000000,0,25,1,0
JS: {"t":0.45,"mode":"ground","p":[0,20.92,-1.41],"v":[0,-0.6,-5.4],"sup":true,"spd":5.4,"cr":false,"ev":""}
26,0.43333,0.000000,20.920000,-1.495000,0.000000,1.000000,0.000000,1,0.000000,0.000000,-5.400000,0.000000,-9.810000,0.000000,0,26,1,0
JS: {"t":0.47,"mode":"ground","p":[0,20.92,-1.5],"v":[0,-0.6,-5.5],"sup":true,"spd":5.5,"cr":false,"ev":""}
27,0.45000,0.000000,20.920000,-1.586667,0.000000,1.000000,0.000000,1,0.000000,0.000000,-5.500000,0.000000,-9.810000,0.000000,0,27,1,0
JS: {"t":0.48,"mode":"ground","p":[0,20.92,-1.59],"v":[0,-0.6,-5.6],"sup":true,"spd":5.6,"cr":false,"ev":""}
28,0.46667,0.000000,20.920000,-1.680000,0.000000,1.000000,0.000000,1,0.000000,0.000000,-5.600000,0.000000,-9.810000,0.000000,0,28,1,0
JS: {"t":0.5,"mode":"ground","p":[0,20.92,-1.68],"v":[0,-0.6,-5.7],"sup":true,"spd":5.7,"cr":false,"ev":""}
29,0.48333,0.000000,20.920000,-1.775000,0.000000,1.000000,0.000000,1,0.000000,0.000000,-5.700000,0.000000,-9.810000,0.000000,0,29,1,0
JS: {"t":0.52,"mode":"ground","p":[0,20.92,-1.78],"v":[0,-0.6,-5.8],"sup":true,"spd":5.8,"cr":false,"ev":""}
30,0.50000,0.000000,20.920000,-1.871667,0.000000,1.000000,0.000000,1,0.000000,0.000000,-5.800000,0.000000,-9.810000,0.000000,0,30,1,0
JS: {"t":0.53,"mode":"ground","p":[0,20.92,-1.87],"v":[0,-0.6,-5.9],"sup":true,"spd":5.9,"cr":false,"ev":""}
31,0.51667,0.000000,20.920000,-1.970000,0.000000,1.000000,0.000000,1,0.000000,0.000000,-5.900000,0.000000,-9.810000,0.000000,0,31,1,0
JS: {"t":0.55,"mode":"ground","p":[0,20.92,-1.97],"v":[0,-0.6,-6],"sup":true,"spd":6,"cr":false,"ev":""}
32,0.53333,0.000000,20.920000,-2.070000,0.000000,1.000000,0.000000,1,0.000000,0.000000,-6.000000,0.000000,-9.810000,0.000000,0,32,1,0
JS: {"t":0.57,"mode":"ground","p":[0,20.92,-2.07],"v":[0,-0.6,-6.1],"sup":true,"spd":6.1,"cr":false,"ev":""}
33,0.55000,0.000000,20.920000,-2.171667,0.000000,1.000000,0.000000,1,0.000000,0.000000,-6.100000,0.000000,-9.810000,0.000000,0,33,1,0
JS: {"t":0.58,"mode":"ground","p":[0,20.92,-2.17],"v":[0,-0.6,-6.2],"sup":true,"spd":6.2,"cr":false,"ev":""}
34,0.56667,0.000000,20.920000,-2.275000,0.000000,1.000000,0.000000,1,0.000000,0.000000,-6.200000,0.000000,-9.810000,0.000000,0,34,1,0
JS: {"t":0.6,"mode":"air","p":[0,20.92,-2.28],"v":[0,5.1,-6.2],"sup":true,"spd":6.45,"cr":false,"ev":"jump"}
35,0.58333,0.000000,21.004999,-2.378333,0.000000,1.000000,0.000000,0,0.000000,5.100000,-6.200000,0.000000,-9.810000,0.000000,0,35,1,0
JS: {"t":0.62,"mode":"air","p":[0,21,-2.38],"v":[0,4.94,-6.2],"sup":false,"spd":6.45,"cr":false,"ev":""}
36,0.60000,0.000000,21.087275,-2.481667,0.000000,1.000000,0.000000,0,0.000000,4.936500,-6.200000,0.000000,-9.810000,0.000000,0,36,1,0
JS: {"t":0.63,"mode":"air","p":[0,21.09,-2.48],"v":[0,4.77,-6.2],"sup":false,"spd":6.45,"cr":false,"ev":""}
37,0.61667,0.000000,21.166824,-2.585000,0.000000,1.000000,0.000000,0,0.000000,4.773000,-6.200000,0.000000,-9.810000,0.000000,0,37,1,0
JS: {"t":0.65,"mode":"air","p":[0,21.17,-2.58],"v":[0,4.61,-6.2],"sup":false,"spd":6.45,"cr":false,"ev":""}
38,0.63333,0.000000,21.243649,-2.688333,0.000000,1.000000,0.000000,0,0.000000,4.609500,-6.200000,0.000000,-9.810000,0.000000,0,38,1,0
JS: {"t":0.67,"mode":"air","p":[0,21.24,-2.69],"v":[0,4.45,-6.2],"sup":false,"spd":6.45,"cr":false,"ev":""}
39,0.65000,0.000000,21.317749,-2.791666,0.000000,1.000000,0.000000,0,0.000000,4.446001,-6.200000,0.000000,-9.810000,0.000000,0,39,1,0
JS: {"t":0.68,"mode":"air","p":[0,21.32,-2.79],"v":[0,4.28,-6.2],"sup":false,"spd":6.45,"cr":false,"ev":""}
40,0.66667,0.000000,21.389124,-2.895000,0.000000,1.000000,0.000000,0,0.000000,4.282501,-6.200000,0.000000,-9.810000,0.000000,0,40,1,0
JS: {"t":0.7,"mode":"air","p":[0,21.39,-2.89],"v":[0,4.12,-6.2],"sup":false,"spd":6.45,"cr":false,"ev":""}
41,0.68333,0.000000,21.457773,-2.998333,0.000000,1.000000,0.000000,0,0.000000,4.119001,-6.200000,0.000000,-9.810000,0.000000,0,41,1,0
JS: {"t":0.72,"mode":"air","p":[0,21.46,-3],"v":[0,3.96,-6.2],"sup":false,"spd":6.45,"cr":false,"ev":""}
42,0.70000,0.000000,21.523699,-3.101666,0.000000,1.000000,0.000000,0,0.000000,3.955501,-6.200000,0.000000,-9.810000,0.000000,0,42,1,0
JS: {"t":0.73,"mode":"air","p":[0,21.52,-3.1],"v":[0,3.79,-6.2],"sup":false,"spd":6.45,"cr":false,"ev":""}
43,0.71667,0.000000,21.586899,-3.204999,0.000000,1.000000,0.000000,0,0.000000,3.792001,-6.200000,0.000000,-9.810000,0.000000,0,43,1,0
JS: {"t":0.75,"mode":"air","p":[0,21.59,-3.2],"v":[0,3.63,-6.2],"sup":false,"spd":6.45,"cr":false,"ev":""}
44,0.73333,0.000000,21.647373,-3.308332,0.000000,1.000000,0.000000,0,0.000000,3.628501,-6.200000,0.000000,-9.810000,0.000000,0,44,1,0
JS: {"t":0.77,"mode":"air","p":[0,21.65,-3.31],"v":[0,3.33,-6.2],"sup":false,"spd":6.45,"cr":false,"ev":""}
45,0.75000,0.000000,21.702944,-3.411666,0.000000,1.000000,0.000000,0,0.000000,3.334201,-6.200000,0.000000,-9.810000,0.000000,0,45,1,0
JS: {"t":0.78,"mode":"air","p":[0,21.7,-3.41],"v":[0,3.04,-6.2],"sup":false,"spd":6.45,"cr":false,"ev":""}
46,0.76667,0.000000,21.753609,-3.514999,0.000000,1.000000,0.000000,0,0.000000,3.039901,-6.200000,0.000000,-9.810000,0.000000,0,46,1,0
JS: {"t":0.8,"mode":"air","p":[0,21.75,-3.51],"v":[0,2.75,-6.2],"sup":false,"spd":6.45,"cr":false,"ev":""}
47,0.78333,0.000000,21.799368,-3.618332,0.000000,1.000000,0.000000,0,0.000000,2.745600,-6.200000,0.000000,-9.810000,0.000000,0,47,1,0
JS: {"t":0.82,"mode":"air","p":[0,21.8,-3.62],"v":[0,2.45,-6.2],"sup":false,"spd":6.45,"cr":false,"ev":""}
48,0.80000,0.000000,21.840223,-3.721665,0.000000,1.000000,0.000000,0,0.000000,2.451300,-6.200000,0.000000,-9.810000,0.000000,0,48,1,0
JS: {"t":0.83,"mode":"air","p":[0,21.84,-3.72],"v":[0,2.16,-6.2],"sup":false,"spd":6.45,"cr":false,"ev":""}
49,0.81667,0.000000,21.876173,-3.824999,0.000000,1.000000,0.000000,0,0.000000,2.157000,-6.200000,0.000000,-9.810000,0.000000,0,49,1,0
JS: {"t":0.85,"mode":"air","p":[0,21.88,-3.82],"v":[0,1.86,-6.2],"sup":false,"spd":6.45,"cr":false,"ev":""}
50,0.83333,0.000000,21.907219,-3.928332,0.000000,1.000000,0.000000,0,0.000000,1.862700,-6.200000,0.000000,-9.810000,0.000000,0,50,1,0
JS: {"t":0.87,"mode":"air","p":[0,21.91,-3.93],"v":[0,1.57,-6.2],"sup":false,"spd":6.45,"cr":false,"ev":""}
51,0.85000,0.000000,21.933359,-4.031665,0.000000,1.000000,0.000000,0,0.000000,1.568400,-6.200000,0.000000,-9.810000,0.000000,0,51,1,0
JS: {"t":0.88,"mode":"air","p":[0,21.93,-4.03],"v":[0,1.27,-6.2],"sup":false,"spd":6.45,"cr":false,"ev":""}
52,0.86667,0.000000,21.954594,-4.134999,0.000000,1.000000,0.000000,0,0.000000,1.274100,-6.200000,0.000000,-9.810000,0.000000,0,52,1,0
JS: {"t":0.9,"mode":"air","p":[0,21.95,-4.13],"v":[0,0.98,-6.2],"sup":false,"spd":6.45,"cr":false,"ev":""}
53,0.88333,0.000000,21.970924,-4.238332,0.000000,1.000000,0.000000,0,0.000000,0.979800,-6.200000,0.000000,-9.810000,0.000000,0,53,1,0
JS: {"t":0.92,"mode":"air","p":[0,21.97,-4.24],"v":[0,0.69,-6.2],"sup":false,"spd":6.45,"cr":false,"ev":""}
54,0.90000,0.000000,21.982349,-4.341666,0.000000,1.000000,0.000000,0,0.000000,0.685500,-6.200000,0.000000,-9.810000,0.000000,0,54,1,0
JS: {"t":0.93,"mode":"air","p":[0,21.98,-4.34],"v":[0,0.39,-6.2],"sup":false,"spd":6.45,"cr":false,"ev":""}
55,0.91667,0.000000,21.988869,-4.444999,0.000000,1.000000,0.000000,0,0.000000,0.391200,-6.200000,0.000000,-9.810000,0.000000,0,55,1,0
JS: {"t":0.95,"mode":"air","p":[0,21.99,-4.44],"v":[0,0.1,-6.2],"sup":false,"spd":6.45,"cr":false,"ev":""}
56,0.93333,0.000000,21.990484,-4.548333,0.000000,1.000000,0.000000,0,0.000000,0.096900,-6.200000,0.000000,-9.810000,0.000000,0,56,1,0
JS: {"t":0.97,"mode":"air","p":[0,21.99,-4.55],"v":[0,-0.2,-6.2],"sup":false,"spd":6.45,"cr":false,"ev":""}
57,0.95000,0.000000,21.987194,-4.651666,0.000000,1.000000,0.000000,0,0.000000,-0.197400,-6.200000,0.000000,-9.810000,0.000000,0,57,1,0
JS: {"t":0.98,"mode":"air","p":[0,21.99,-4.65],"v":[0,-0.42,-6.2],"sup":false,"spd":6.45,"cr":false,"ev":""}
58,0.96667,0.000000,21.980225,-4.755000,0.000000,1.000000,0.000000,0,0.000000,-0.418125,-6.200000,0.000000,-9.810000,0.000000,0,58,1,0
JS: {"t":1,"mode":"air","p":[0,21.98,-4.75],"v":[0,-0.64,-6.2],"sup":false,"spd":6.45,"cr":false,"ev":""}
59,0.98333,0.000000,21.969578,-4.858333,0.000000,1.000000,0.000000,1,0.000000,-0.638850,-6.200000,0.000000,-9.810000,0.000000,0,59,1,0
JS: {"t":1.02,"mode":"ground","p":[0,21.97,-4.86],"v":[0,-0.6,-6.55],"sup":true,"spd":6.55,"cr":false,"ev":""}
60,1.00000,0.000000,21.927654,-4.938993,0.000000,1.000000,0.000000,1,0.000000,2.592678,-4.839622,0.000000,-9.810000,0.000000,0,60,1,0
JS: {"t":1.03,"mode":"ground","p":[0,21.93,-4.94],"v":[0,-0.6,-5.59],"sup":true,"spd":6.6,"cr":false,"ev":""}
61,1.01667,0.000000,21.931866,-5.026310,0.000000,1.000000,0.000000,1,0.000000,1.088121,-5.239005,0.000000,-9.810000,0.000000,0,61,1,0
JS: {"t":1.05,"mode":"ground","p":[0,21.93,-5.03],"v":[0,-0.6,-5.99],"sup":true,"spd":6.65,"cr":false,"ev":""}
62,1.03333,0.000000,21.920000,-5.126127,0.000000,1.000000,0.000000,1,0.000000,0.000000,-5.989005,0.000000,-9.810000,0.000000,0,62,1,0
JS: {"t":1.07,"mode":"ground","p":[0,21.92,-5.13],"v":[0,-0.6,-6.7],"sup":true,"spd":6.7,"cr":false,"ev":""}
63,1.05000,0.000000,21.920000,-5.237794,0.000000,1.000000,0.000000,1,0.000000,0.000000,-6.700000,0.000000,-9.810000,0.000000,0,63,1,0
JS: {"t":1.08,"mode":"ground","p":[0,21.92,-5.24],"v":[0,-0.6,-6.75],"sup":true,"spd":6.75,"cr":false,"ev":""}
64,1.06667,0.000000,21.920000,-5.350294,0.000000,1.000000,0.000000,1,0.000000,0.000000,-6.750000,0.000000,-9.810000,0.000000,0,64,1,0
JS: {"t":1.1,"mode":"ground","p":[0,21.92,-5.35],"v":[0,-0.6,-6.8],"sup":true,"spd":6.8,"cr":false,"ev":""}
65,1.08333,0.000000,21.920000,-5.463627,0.000000,1.000000,0.000000,1,0.000000,0.000000,-6.800000,0.000000,-9.810000,0.000000,0,65,1,0
JS: {"t":1.12,"mode":"ground","p":[0,21.92,-5.46],"v":[0,-0.6,-6.85],"sup":true,"spd":6.85,"cr":false,"ev":""}
66,1.10000,0.000000,21.920000,-5.577794,0.000000,1.000000,0.000000,1,0.000000,0.000000,-6.850000,0.000000,-9.810000,0.000000,0,66,1,0
JS: {"t":1.13,"mode":"ground","p":[0,21.92,-5.58],"v":[0,-0.6,-6.9],"sup":true,"spd":6.9,"cr":false,"ev":""}
67,1.11667,0.000000,21.920000,-5.692794,0.000000,1.000000,0.000000,1,0.000000,0.000000,-6.900001,0.000000,-9.810000,0.000000,0,67,1,0
JS: {"t":1.15,"mode":"ground","p":[0,21.92,-5.69],"v":[0,-0.6,-6.95],"sup":true,"spd":6.95,"cr":false,"ev":""}
68,1.13333,0.000000,21.920000,-5.808628,0.000000,1.000000,0.000000,1,0.000000,0.000000,-6.950000,0.000000,-9.810000,0.000000,0,68,1,0
JS: {"t":1.17,"mode":"ground","p":[0,21.92,-5.81],"v":[0,-0.6,-7],"sup":true,"spd":7,"cr":false,"ev":""}
69,1.15000,0.000000,21.920000,-5.925294,0.000000,1.000000,0.000000,1,0.000000,0.000000,-7.000000,0.000000,-9.810000,0.000000,0,69,1,0
JS: {"t":1.18,"mode":"ground","p":[0,21.92,-5.93],"v":[0,-0.6,-7.05],"sup":true,"spd":7.05,"cr":false,"ev":""}
70,1.16667,0.000000,21.920000,-6.042794,0.000000,1.000000,0.000000,1,0.000000,0.000000,-7.050000,0.000000,-9.810000,0.000000,0,70,1,0
JS: {"t":1.2,"mode":"ground","p":[0,21.92,-6.04],"v":[0,-0.6,-7.1],"sup":true,"spd":7.1,"cr":false,"ev":""}
71,1.18333,0.000000,21.920000,-6.161128,0.000000,1.000000,0.000000,1,0.000000,0.000000,-7.100000,0.000000,-9.810000,0.000000,0,71,1,0
JS: {"t":1.22,"mode":"ground","p":[0,21.92,-6.16],"v":[0,-0.6,-7.15],"sup":true,"spd":7.15,"cr":false,"ev":""}
72,1.20000,0.000000,21.920000,-6.280294,0.000000,1.000000,0.000000,1,0.000000,0.000000,-7.150001,0.000000,-9.810000,0.000000,0,72,1,0
JS: {"t":1.23,"mode":"ground","p":[0,21.92,-6.28],"v":[0,-0.6,-7.2],"sup":true,"spd":7.2,"cr":false,"ev":""}
73,1.21667,0.000000,21.899055,-6.400294,0.000000,1.000000,0.000000,1,0.000000,-0.600000,-7.200000,0.000000,-9.810000,0.000000,0,73,1,0
JS: {"t":1.25,"mode":"ground","p":[0,21.9,-6.4],"v":[0,-0.6,-7.25],"sup":true,"spd":7.25,"cr":false,"ev":""}
74,1.23333,0.000000,21.833344,-6.521128,0.000000,1.000000,0.000000,0,0.000000,-0.600000,-7.250000,0.000000,-9.810000,0.000000,0,74,1,0
JS: {"t":1.27,"mode":"air","p":[0,21.83,-6.52],"v":[0,-0.82,-7.25],"sup":false,"spd":7.25,"cr":false,"ev":""}
75,1.25000,0.000000,21.819664,-6.641961,0.000000,1.000000,0.000000,0,0.000000,-0.820725,-7.250000,0.000000,-9.810000,0.000000,0,75,1,0
JS: {"t":1.28,"mode":"air","p":[0,21.82,-6.64],"v":[0,-1.04,-7.25],"sup":false,"spd":7.25,"cr":false,"ev":""}
76,1.26667,0.000000,21.802307,-6.762794,0.000000,1.000000,0.000000,0,0.000000,-1.041450,-7.250000,0.000000,-9.810000,0.000000,0,76,1,0
JS: {"t":1.3,"mode":"air","p":[0,21.8,-6.76],"v":[0,-1.26,-7.25],"sup":false,"spd":7.25,"cr":false,"ev":""}
77,1.28333,0.000000,21.781271,-6.883628,0.000000,1.000000,0.000000,0,0.000000,-1.262175,-7.250000,0.000000,-9.810000,0.000000,0,77,1,0
JS: {"t":1.32,"mode":"air","p":[0,21.78,-6.88],"v":[0,-1.48,-7.25],"sup":false,"spd":7.25,"cr":false,"ev":""}
78,1.30000,0.000000,21.756556,-7.004461,0.000000,1.000000,0.000000,0,0.000000,-1.482900,-7.250000,0.000000,-9.810000,0.000000,0,78,1,0
JS: {"t":1.33,"mode":"air","p":[0,21.76,-7],"v":[0,-1.7,-7.25],"sup":false,"spd":7.25,"cr":false,"ev":""}
79,1.31667,0.000000,21.728161,-7.125295,0.000000,1.000000,0.000000,0,0.000000,-1.703625,-7.250000,0.000000,-9.810000,0.000000,0,79,1,0
JS: {"t":1.35,"mode":"air","p":[0,21.73,-7.13],"v":[0,-1.92,-7.25],"sup":false,"spd":7.25,"cr":false,"ev":""}
80,1.33333,0.000000,21.696089,-7.246128,0.000000,1.000000,0.000000,0,0.000000,-1.924350,-7.250000,0.000000,-9.810000,0.000000,0,80,1,0
JS: {"t":1.37,"mode":"air","p":[0,21.7,-7.25],"v":[0,-2.15,-7.25],"sup":false,"spd":7.25,"cr":false,"ev":""}
81,1.35000,0.000000,21.660337,-7.366961,0.000000,1.000000,0.000000,0,0.000000,-2.145075,-7.250000,0.000000,-9.810000,0.000000,0,81,1,0
JS: {"t":1.38,"mode":"air","p":[0,21.66,-7.37],"v":[0,-2.37,-7.25],"sup":false,"spd":7.25,"cr":false,"ev":""}
82,1.36667,0.000000,21.620907,-7.487795,0.000000,1.000000,0.000000,0,0.000000,-2.365800,-7.250000,0.000000,-9.810000,0.000000,0,82,1,0
JS: {"t":1.4,"mode":"air","p":[0,21.62,-7.49],"v":[0,-2.59,-7.25],"sup":false,"spd":7.25,"cr":false,"ev":""}
83,1.38333,0.000000,21.577799,-7.608628,0.000000,1.000000,0.000000,0,0.000000,-2.586525,-7.250000,0.000000,-9.810000,0.000000,0,83,1,0
JS: {"t":1.42,"mode":"air","p":[0,21.58,-7.61],"v":[0,-2.81,-7.25],"sup":false,"spd":7.25,"cr":false,"ev":""}
84,1.40000,0.000000,21.531012,-7.729462,0.000000,1.000000,0.000000,0,0.000000,-2.807250,-7.250000,0.000000,-9.810000,0.000000,0,84,1,0
JS: {"t":1.43,"mode":"air","p":[0,21.53,-7.73],"v":[0,-3.03,-7.25],"sup":false,"spd":7.25,"cr":false,"ev":""}
85,1.41667,0.000000,21.480545,-7.850295,0.000000,1.000000,0.000000,0,0.000000,-3.027976,-7.250000,0.000000,-9.810000,0.000000,0,85,1,0
JS: {"t":1.45,"mode":"air","p":[0,21.48,-7.85],"v":[0,-3.25,-7.25],"sup":false,"spd":7.25,"cr":false,"ev":""}
86,1.43333,0.000000,21.426399,-7.971128,0.000000,1.000000,0.000000,0,0.000000,-3.248701,-7.250000,0.000000,-9.810000,0.000000,0,86,1,0
JS: {"t":1.47,"mode":"air","p":[0,21.43,-7.97],"v":[0,-3.47,-7.25],"sup":false,"spd":7.25,"cr":false,"ev":""}
87,1.45000,0.000000,21.368576,-8.091962,0.000000,1.000000,0.000000,0,0.000000,-3.469426,-7.250000,0.000000,-9.810000,0.000000,0,87,1,0
JS: {"t":1.48,"mode":"air","p":[0,21.37,-8.09],"v":[0,-3.69,-7.25],"sup":false,"spd":7.25,"cr":false,"ev":""}
88,1.46667,0.000000,21.307074,-8.212795,0.000000,1.000000,0.000000,0,0.000000,-3.690151,-7.250000,0.000000,-9.810000,0.000000,0,88,1,0
JS: {"t":1.5,"mode":"air","p":[0,21.31,-8.21],"v":[0,-3.91,-7.25],"sup":false,"spd":7.25,"cr":false,"ev":""}
89,1.48333,0.000000,21.241892,-8.333629,0.000000,1.000000,0.000000,0,0.000000,-3.910876,-7.250000,0.000000,-9.810000,0.000000,0,89,1,0
JS: {"t":1.52,"mode":"air","p":[0,21.24,-8.33],"v":[0,-4.13,-7.25],"sup":false,"spd":7.25,"cr":false,"ev":""}
90,1.50000,0.000000,21.173033,-8.454462,0.000000,1.000000,0.000000,0,0.000000,-4.131601,-7.250000,0.000000,-9.810000,0.000000,0,90,1,0
JS: {"t":1.53,"mode":"air","p":[0,21.17,-8.45],"v":[0,-4.35,-7.25],"sup":false,"spd":7.25,"cr":false,"ev":""}
91,1.51667,0.000000,21.100494,-8.575295,0.000000,1.000000,0.000000,0,0.000000,-4.352326,-7.250000,0.000000,-9.810000,0.000000,0,91,1,0
JS: {"t":1.55,"mode":"air","p":[0,21.1,-8.58],"v":[0,-4.57,-7.25],"sup":false,"spd":7.25,"cr":false,"ev":""}
92,1.53333,0.000000,21.024277,-8.696129,0.000000,1.000000,0.000000,1,0.000000,-4.573051,-7.250000,0.000000,-9.810000,0.000000,0,92,1,0
JS: {"t":1.57,"mode":"ground","p":[0,21.02,-8.7],"v":[0,-0.6,-7.3],"sup":true,"spd":7.3,"cr":false,"ev":""}
93,1.55000,0.000000,20.920000,-8.817796,0.000000,1.000000,0.000000,1,0.000000,0.000000,-7.300001,0.000000,-9.810000,0.000000,0,93,1,0
JS: {"t":1.58,"mode":"ground","p":[0,20.92,-8.82],"v":[0,-0.6,-7.35],"sup":true,"spd":7.35,"cr":false,"ev":""}
94,1.56667,0.000000,20.920000,-8.940296,0.000000,1.000000,0.000000,1,0.000000,0.000000,-7.350000,0.000000,-9.810000,0.000000,0,94,1,0
JS: {"t":1.6,"mode":"ground","p":[0,20.92,-8.94],"v":[0,-0.6,-7.4],"sup":true,"spd":7.4,"cr":false,"ev":""}
95,1.58333,0.000000,20.920000,-9.063629,0.000000,1.000000,0.000000,1,0.000000,0.000000,-7.400001,0.000000,-9.810000,0.000000,0,95,1,0
JS: {"t":1.62,"mode":"ground","p":[0,20.92,-9.06],"v":[0,-0.6,-7.45],"sup":true,"spd":7.45,"cr":false,"ev":""}
96,1.60000,0.000000,20.920000,-9.187796,0.000000,1.000000,0.000000,1,0.000000,0.000000,-7.450000,0.000000,-9.810000,0.000000,0,96,1,0
JS: {"t":1.63,"mode":"ground","p":[0,20.92,-9.19],"v":[0,-0.6,-7.5],"sup":true,"spd":7.5,"cr":false,"ev":""}
97,1.61667,0.000000,20.920000,-9.312796,0.000000,1.000000,0.000000,1,0.000000,0.000000,-7.500000,0.000000,-9.810000,0.000000,0,97,1,0
JS: {"t":1.65,"mode":"ground","p":[0,20.92,-9.31],"v":[0,-0.6,-7.55],"sup":true,"spd":7.55,"cr":false,"ev":""}
98,1.63333,0.000000,20.920000,-9.438629,0.000000,1.000000,0.000000,1,0.000000,0.000000,-7.550001,0.000000,-9.810000,0.000000,0,98,1,0
JS: {"t":1.67,"mode":"ground","p":[0,20.92,-9.44],"v":[0,-0.6,-7.6],"sup":true,"spd":7.6,"cr":false,"ev":""}
99,1.65000,0.000000,20.920000,-9.565296,0.000000,1.000000,0.000000,1,0.000000,0.000000,-7.600000,0.000000,-9.810000,0.000000,0,99,1,0
JS: {"t":1.68,"mode":"ground","p":[0,20.92,-9.57],"v":[0,-0.6,-7.65],"sup":true,"spd":7.65,"cr":false,"ev":""}
100,1.66667,0.000000,20.920000,-9.692796,0.000000,1.000000,0.000000,1,0.000000,0.000000,-7.650001,0.000000,-9.810000,0.000000,0,100,1,0
JS: {"t":1.7,"mode":"ground","p":[0,20.92,-9.69],"v":[0,-0.6,-7.7],"sup":true,"spd":7.7,"cr":false,"ev":""}
101,1.68333,0.000000,20.920000,-9.821129,0.000000,1.000000,0.000000,1,0.000000,0.000000,-7.700000,0.000000,-9.810000,0.000000,0,101,1,0
JS: {"t":1.72,"mode":"ground","p":[0,20.92,-9.82],"v":[0,-0.6,-7.75],"sup":true,"spd":7.75,"cr":false,"ev":""}
102,1.70000,0.000000,20.920000,-9.950295,0.000000,1.000000,0.000000,1,0.000000,0.000000,-7.750000,0.000000,-9.810000,0.000000,0,102,1,0
JS: {"t":1.73,"mode":"ground","p":[0,20.92,-9.95],"v":[0,-0.6,-7.8],"sup":true,"spd":7.8,"cr":false,"ev":""}
103,1.71667,0.000000,20.920000,-10.080296,0.000000,1.000000,0.000000,1,0.000000,0.000000,-7.800001,0.000000,-9.810000,0.000000,0,103,1,0
JS: {"t":1.75,"mode":"ground","p":[0,20.92,-10.08],"v":[0,-0.6,-7.85],"sup":true,"spd":7.85,"cr":false,"ev":""}
104,1.73333,0.000000,20.920000,-10.211129,0.000000,1.000000,0.000000,1,0.000000,0.000000,-7.850000,0.000000,-9.810000,0.000000,0,104,1,0
JS: {"t":1.77,"mode":"ground","p":[0,20.92,-10.21],"v":[0,-0.6,-7.9],"sup":true,"spd":7.9,"cr":false,"ev":""}
105,1.75000,0.000000,20.920000,-10.342796,0.000000,1.000000,0.000000,1,0.000000,0.000000,-7.900001,0.000000,-9.810000,0.000000,0,105,1,0
JS: {"t":1.78,"mode":"ground","p":[0,20.92,-10.34],"v":[0,-0.6,-7.95],"sup":true,"spd":7.95,"cr":false,"ev":""}
106,1.76667,0.000000,20.920000,-10.475296,0.000000,1.000000,0.000000,1,0.000000,0.000000,-7.950000,0.000000,-9.810000,0.000000,0,106,1,0
JS: {"t":1.8,"mode":"ground","p":[0,20.92,-10.48],"v":[0,-0.6,-8],"sup":true,"spd":8,"cr":false,"ev":""}
107,1.78333,0.000000,20.920000,-10.608629,0.000000,1.000000,0.000000,1,0.000000,0.000000,-8.000001,0.000000,-9.810000,0.000000,0,107,1,0
JS: {"t":1.82,"mode":"ground","p":[0,20.92,-10.61],"v":[0,-0.6,-8.05],"sup":true,"spd":8.05,"cr":false,"ev":""}
108,1.80000,0.000000,20.920000,-10.742796,0.000000,1.000000,0.000000,1,0.000000,0.000000,-8.050000,0.000000,-9.810000,0.000000,0,108,1,0
JS: {"t":1.83,"mode":"ground","p":[0,20.92,-10.74],"v":[0,-0.6,-8.1],"sup":true,"spd":8.1,"cr":false,"ev":""}
109,1.81667,0.000000,20.920000,-10.877796,0.000000,1.000000,0.000000,1,0.000000,0.000000,-8.100000,0.000000,-9.810000,0.000000,0,109,1,0
JS: {"t":1.85,"mode":"ground","p":[0,20.92,-10.88],"v":[0,-0.6,-8.15],"sup":true,"spd":8.15,"cr":false,"ev":""}
110,1.83333,0.000000,20.920000,-11.013630,0.000000,1.000000,0.000000,1,0.000000,0.000000,-8.150001,0.000000,-9.810000,0.000000,0,110,1,0
JS: {"t":1.87,"mode":"ground","p":[0,20.92,-11.01],"v":[0,-0.6,-8.2],"sup":true,"spd":8.2,"cr":false,"ev":""}
111,1.85000,0.000000,20.920000,-11.150296,0.000000,1.000000,0.000000,1,0.000000,0.000000,-8.200001,0.000000,-9.810000,0.000000,0,111,1,0
JS: {"t":1.88,"mode":"ground","p":[0,20.92,-11.15],"v":[0,-0.6,-8.25],"sup":true,"spd":8.25,"cr":false,"ev":""}
112,1.86667,0.000000,20.920000,-11.287796,0.000000,1.000000,0.000000,1,0.000000,0.000000,-8.250001,0.000000,-9.810000,0.000000,0,112,1,0
JS: {"t":1.9,"mode":"ground","p":[0,20.92,-11.29],"v":[0,-0.6,-8.3],"sup":true,"spd":8.3,"cr":false,"ev":""}
113,1.88333,0.000000,20.920000,-11.426129,0.000000,1.000000,0.000000,1,0.000000,0.000000,-8.300000,0.000000,-9.810000,0.000000,0,113,1,0
JS: {"t":1.92,"mode":"ground","p":[0,20.92,-11.43],"v":[0,-0.6,-8.35],"sup":true,"spd":8.35,"cr":false,"ev":""}
114,1.90000,0.000000,20.920000,-11.565296,0.000000,1.000000,0.000000,1,0.000000,0.000000,-8.350000,0.000000,-9.810000,0.000000,0,114,1,0
JS: {"t":1.93,"mode":"ground","p":[0,20.92,-11.57],"v":[0,-0.6,-8.4],"sup":true,"spd":8.4,"cr":false,"ev":""}
115,1.91667,0.000000,20.920000,-11.705297,0.000000,1.000000,0.000000,1,0.000000,0.000000,-8.400000,0.000000,-9.810000,0.000000,0,115,1,0
JS: {"t":1.95,"mode":"ground","p":[0,20.92,-11.71],"v":[0,-0.6,-8.4],"sup":true,"spd":8.4,"cr":false,"ev":""}
116,1.93333,0.000000,20.920000,-11.845297,0.000000,1.000000,0.000000,1,0.000000,0.000000,-8.400000,0.000000,-9.810000,0.000000,0,116,1,0
JS: {"t":1.97,"mode":"ground","p":[0,20.92,-11.85],"v":[0,-0.6,-8.4],"sup":true,"spd":8.4,"cr":false,"ev":""}
117,1.95000,0.000000,20.920000,-11.985297,0.000000,1.000000,0.000000,1,0.000000,0.000000,-8.400000,0.000000,-9.810000,0.000000,0,117,1,0
JS: {"t":1.98,"mode":"ground","p":[0,20.92,-11.99],"v":[0,-0.6,-8.4],"sup":true,"spd":8.4,"cr":false,"ev":""}
118,1.96667,0.000000,20.920000,-12.125298,0.000000,1.000000,0.000000,1,0.000000,0.000000,-8.400000,0.000000,-9.810000,0.000000,0,118,1,0
JS: {"t":2,"mode":"ground","p":[0,20.92,-12.13],"v":[0,-0.6,-8.4],"sup":true,"spd":8.4,"cr":false,"ev":""}
119,1.98333,0.000000,20.920000,-12.265298,0.000000,1.000000,0.000000,1,0.000000,0.000000,-8.400000,0.000000,-9.810000,0.000000,0,119,1,0
JS: {"t":2.02,"mode":"ground","p":[0,20.92,-12.27],"v":[0,-0.6,-8.4],"sup":true,"spd":8.4,"cr":false,"ev":""}
120,2.00000,0.000000,20.920000,-12.405298,0.000000,1.000000,0.000000,1,0.000000,0.000000,-8.400000,0.000000,-9.810000,0.000000,0,120,1,0
JS: {"t":2.03,"mode":"ground","p":[0,20.92,-12.41],"v":[0,-0.6,-8.4],"sup":true,"spd":8.4,"cr":false,"ev":""}
121,2.01667,0.000000,20.920000,-12.545299,0.000000,1.000000,0.000000,1,0.000000,0.000000,-8.400000,0.000000,-9.810000,0.000000,0,121,1,0
JS: {"t":2.05,"mode":"ground","p":[0,20.92,-12.55],"v":[0,-0.6,-8.4],"sup":true,"spd":8.4,"cr":false,"ev":""}
122,2.03333,0.000000,20.920000,-12.685299,0.000000,1.000000,0.000000,1,0.000000,0.000000,-8.400000,0.000000,-9.810000,0.000000,0,122,1,0
JS: {"t":2.07,"mode":"ground","p":[0,20.92,-12.69],"v":[0,-0.6,-8.4],"sup":true,"spd":8.4,"cr":false,"ev":""}
123,2.05000,0.000000,20.920000,-12.825299,0.000000,1.000000,0.000000,1,0.000000,0.000000,-8.400000,0.000000,-9.810000,0.000000,0,123,1,0
JS: {"t":2.08,"mode":"ground","p":[0,20.92,-12.83],"v":[0,-0.6,-8.4],"sup":true,"spd":8.4,"cr":false,"ev":""}
124,2.06667,0.000000,20.920000,-12.965300,0.000000,1.000000,0.000000,1,0.000000,0.000000,-8.400000,0.000000,-9.810000,0.000000,0,124,1,0
JS: {"t":2.1,"mode":"ground","p":[0,20.92,-12.97],"v":[0,-0.6,-8.4],"sup":true,"spd":8.4,"cr":false,"ev":""}
125,2.08333,0.000000,20.920000,-13.105300,0.000000,1.000000,0.000000,1,0.000000,0.000000,-8.400000,0.000000,-9.810000,0.000000,0,125,1,0
JS: {"t":2.12,"mode":"ground","p":[0,20.92,-13.11],"v":[0,-0.6,-8.4],"sup":true,"spd":8.4,"cr":false,"ev":""}
126,2.10000,0.000000,20.920000,-13.245300,0.000000,1.000000,0.000000,1,0.000000,0.000000,-8.400000,0.000000,-9.810000,0.000000,0,126,1,0
JS: {"t":2.13,"mode":"ground","p":[0,20.92,-13.25],"v":[0,-0.6,-8.4],"sup":true,"spd":8.4,"cr":false,"ev":""}
127,2.11667,0.000000,20.920000,-13.385301,0.000000,1.000000,0.000000,1,0.000000,0.000000,-8.400000,0.000000,-9.810000,0.000000,0,127,1,0
JS: {"t":2.15,"mode":"ground","p":[0,20.92,-13.39],"v":[0,-0.6,-8.4],"sup":true,"spd":8.4,"cr":false,"ev":""}
128,2.13333,0.000000,20.920000,-13.525301,0.000000,1.000000,0.000000,1,0.000000,0.000000,-8.400000,0.000000,-9.810000,0.000000,0,128,1,0
JS: {"t":2.17,"mode":"ground","p":[0,20.92,-13.53],"v":[0,-0.6,-8.4],"sup":true,"spd":8.4,"cr":false,"ev":""}
129,2.15000,0.000000,20.920000,-13.665301,0.000000,1.000000,0.000000,1,0.000000,0.000000,-8.400000,0.000000,-9.810000,0.000000,0,129,1,0
libEGL warning: Not allowed to force software rendering when API explicitly selects a hardware device.
Renderer fragment texture units: 32 (material path uses 12)
World state: disk saves disabled for additive compositions
Project: Judas Developer Integration (/tmp/judas-m65-rooftop-yanccshc/vault/m65_integration.judasproj)
Scene: Rooftop Run (/tmp/judas-m65-rooftop-yanccshc/vault/Scenes/rooftops.judas)
World origin (m): 0.000, 0.000, 0.000
ALSA lib confmisc.c:855:(parse_card) [error.core] cannot find card '0'
ALSA lib conf.c:5211:(_snd_config_evaluate) [error.core] function snd_func_card_id returned error: No such file or directory
ALSA lib confmisc.c:422:(snd_func_concat) [error.core] error evaluating strings
ALSA lib conf.c:5211:(_snd_config_evaluate) [error.core] function snd_func_concat returned error: No such file or directory
ALSA lib confmisc.c:1342:(snd_func_refer) [error.core] error evaluating name
ALSA lib conf.c:5211:(_snd_config_evaluate) [error.core] function snd_func_refer returned error: No such file or directory
ALSA lib conf.c:5734:(snd_config_expand) [error.core] Evaluate error: No such file or directory
ALSA lib pcm.c:2722:(snd_pcm_open_noupdate) [error.pcm] Unknown PCM dmix
ALSA lib confmisc.c:855:(parse_card) [error.core] cannot find card '0'
ALSA lib conf.c:5211:(_snd_config_evaluate) [error.core] function snd_func_card_id returned error: No such file or directory
ALSA lib confmisc.c:422:(snd_func_concat) [error.core] error evaluating strings
ALSA lib conf.c:5211:(_snd_config_evaluate) [error.core] function snd_func_concat returned error: No such file or directory
ALSA lib confmisc.c:1342:(snd_func_refer) [error.core] error evaluating name
ALSA lib conf.c:5211:(_snd_config_evaluate) [error.core] function snd_func_refer returned error: No such file or directory
ALSA lib conf.c:5734:(snd_config_expand) [error.core] Evaluate error: No such file or directory
ALSA lib pcm.c:2722:(snd_pcm_open_noupdate) [error.pcm] Unknown PCM dmix:0
ALSA lib confmisc.c:855:(parse_card) [error.core] cannot find card '0'
ALSA lib conf.c:5211:(_snd_config_evaluate) [error.core] function snd_func_card_id returned error: No such file or directory
ALSA lib confmisc.c:422:(snd_func_concat) [error.core] error evaluating strings
ALSA lib conf.c:5211:(_snd_config_evaluate) [error.core] function snd_func_concat returned error: No such file or directory
ALSA lib confmisc.c:1342:(snd_func_refer) [error.core] error evaluating name
ALSA lib conf.c:5211:(_snd_config_evaluate) [error.core] function snd_func_refer returned error: No such file or directory
ALSA lib conf.c:5734:(snd_config_expand) [error.core] Evaluate error: No such file or directory
ALSA lib pcm.c:2722:(snd_pcm_open_noupdate) [error.pcm] Unknown PCM dmix:0,0
ALSA lib confmisc.c:165:(snd_config_get_card) [error.core] Cannot get card index for 0
ALSA lib confmisc.c:165:(snd_config_get_card) [error.core] Cannot get card index for 0
ALSA lib confmisc.c:165:(snd_config_get_card) [error.core] Cannot get card index for 0
Cannot connect to server socket err = Operation not permitted
Cannot connect to server request channel
jack server is not running or cannot be started
JackShmReadWritePtr::~JackShmReadWritePtr - Init not done for -1, skipping unlock
JackShmReadWritePtr::~JackShmReadWritePtr - Init not done for -1, skipping unlock
