step,time,posX,posY,posZ,upX,upY,upZ,grounded,velX,velY,velZ,gravX,gravY,gravZ,controlled,frame,steps,paused
JS: {"t":0.02,"mode":"air","p":[5.35,20.2,-42],"v":[0,-0.22,0],"sup":false,"spd":0,"cr":false,"ev":""}
0,0.00000,5.350000,20.120001,-42.000000,0.000000,1.000000,0.000000,1,0.000000,0.000000,0.000000,0.000000,-9.810000,0.000000,0,0,1,0
JS: {"t":0.03,"mode":"ground","p":[5.35,20.12,-42],"v":[0,-0.6,-0.3],"sup":true,"spd":0.3,"cr":false,"ev":""}
1,0.01667,5.350000,20.120001,-42.005001,0.000000,1.000000,0.000000,1,0.000000,0.000000,-0.300000,0.000000,-9.810000,0.000000,0,1,1,0
JS: {"t":0.05,"mode":"ground","p":[5.35,20.12,-42.01],"v":[0,-0.6,-0.6],"sup":true,"spd":0.6,"cr":false,"ev":""}
2,0.03333,5.350000,20.120001,-42.014999,0.000000,1.000000,0.000000,1,0.000000,0.000000,-0.600000,0.000000,-9.810000,0.000000,0,2,1,0
JS: {"t":0.07,"mode":"ground","p":[5.35,20.12,-42.01],"v":[0,-0.6,-0.9],"sup":true,"spd":0.9,"cr":false,"ev":""}
3,0.05000,5.350000,20.120001,-42.029999,0.000000,1.000000,0.000000,1,0.000000,0.000000,-0.900000,0.000000,-9.810000,0.000000,0,3,1,0
JS: {"t":0.08,"mode":"ground","p":[5.35,20.12,-42.03],"v":[0,-0.6,-1.2],"sup":true,"spd":1.2,"cr":false,"ev":""}
4,0.06667,5.350000,20.120001,-42.049999,0.000000,1.000000,0.000000,1,0.000000,0.000000,-1.200000,0.000000,-9.810000,0.000000,0,4,1,0
JS: {"t":0.1,"mode":"ground","p":[5.35,20.12,-42.05],"v":[0,-0.6,-1.5],"sup":true,"spd":1.5,"cr":false,"ev":""}
5,0.08333,5.350000,20.120001,-42.075001,0.000000,1.000000,0.000000,1,0.000000,0.000000,-1.500000,0.000000,-9.810000,0.000000,0,5,1,0
JS: {"t":0.12,"mode":"ground","p":[5.35,20.12,-42.08],"v":[0,-0.6,-1.8],"sup":true,"spd":1.8,"cr":false,"ev":""}
6,0.10000,5.350000,20.120001,-42.105000,0.000000,1.000000,0.000000,1,0.000000,0.000000,-1.800000,0.000000,-9.810000,0.000000,0,6,1,0
JS: {"t":0.13,"mode":"ground","p":[5.35,20.12,-42.1],"v":[0,-0.6,-2.1],"sup":true,"spd":2.1,"cr":false,"ev":""}
7,0.11667,5.350000,20.120001,-42.139999,0.000000,1.000000,0.000000,1,0.000000,0.000000,-2.100000,0.000000,-9.810000,0.000000,0,7,1,0
JS: {"t":0.15,"mode":"ground","p":[5.35,20.12,-42.14],"v":[0,-0.6,-2.4],"sup":true,"spd":2.4,"cr":false,"ev":""}
8,0.13333,5.350000,20.120001,-42.180000,0.000000,1.000000,0.000000,1,0.000000,0.000000,-2.400000,0.000000,-9.810000,0.000000,0,8,1,0
JS: {"t":0.17,"mode":"ground","p":[5.35,20.12,-42.18],"v":[0,-0.6,-2.7],"sup":true,"spd":2.7,"cr":false,"ev":""}
9,0.15000,5.350000,20.120001,-42.224998,0.000000,1.000000,0.000000,1,0.000000,0.000000,-2.700000,0.000000,-9.810000,0.000000,0,9,1,0
JS: {"t":0.18,"mode":"ground","p":[5.35,20.12,-42.22],"v":[0,-0.6,-3],"sup":true,"spd":3,"cr":false,"ev":""}
10,0.16667,5.350000,20.120001,-42.274998,0.000000,1.000000,0.000000,1,0.000000,0.000000,-3.000000,0.000000,-9.810000,0.000000,0,10,1,0
JS: {"t":0.2,"mode":"ground","p":[5.35,20.12,-42.27],"v":[0,-0.6,-3.3],"sup":true,"spd":3.3,"cr":false,"ev":""}
11,0.18333,5.350000,20.120001,-42.329998,0.000000,1.000000,0.000000,1,0.000000,0.000000,-3.300000,0.000000,-9.810000,0.000000,0,11,1,0
JS: {"t":0.22,"mode":"ground","p":[5.35,20.12,-42.33],"v":[0,-0.6,-3.6],"sup":true,"spd":3.6,"cr":false,"ev":""}
12,0.20000,5.350000,20.120001,-42.389999,0.000000,1.000000,0.000000,1,0.000000,0.000000,-3.600000,0.000000,-9.810000,0.000000,0,12,1,0
JS: {"t":0.23,"mode":"ground","p":[5.35,20.12,-42.39],"v":[0,-0.6,-3.9],"sup":true,"spd":3.9,"cr":false,"ev":""}
13,0.21667,5.350000,20.120001,-42.454998,0.000000,1.000000,0.000000,1,0.000000,0.000000,-3.900000,0.000000,-9.810000,0.000000,0,13,1,0
JS: {"t":0.25,"mode":"ground","p":[5.35,20.12,-42.45],"v":[0,-0.6,-4.2],"sup":true,"spd":4.2,"cr":false,"ev":""}
14,0.23333,5.350000,20.120001,-42.524998,0.000000,1.000000,0.000000,1,0.000000,0.000000,-4.200000,0.000000,-9.810000,0.000000,0,14,1,0
JS: {"t":0.27,"mode":"ground","p":[5.35,20.12,-42.52],"v":[0,-0.6,-4.3],"sup":true,"spd":4.3,"cr":false,"ev":""}
15,0.25000,5.350000,20.120001,-42.596664,0.000000,1.000000,0.000000,1,0.000000,0.000000,-4.300000,0.000000,-9.810000,0.000000,0,15,1,0
JS: {"t":0.28,"mode":"ground","p":[5.35,20.12,-42.6],"v":[0,-0.6,-4.4],"sup":true,"spd":4.4,"cr":false,"ev":""}
16,0.26667,5.350000,20.120001,-42.669998,0.000000,1.000000,0.000000,1,0.000000,0.000000,-4.400000,0.000000,-9.810000,0.000000,0,16,1,0
JS: {"t":0.3,"mode":"ground","p":[5.35,20.12,-42.67],"v":[0,-0.6,-4.5],"sup":true,"spd":4.5,"cr":false,"ev":""}
17,0.28333,5.350000,20.120001,-42.744999,0.000000,1.000000,0.000000,1,0.000000,0.000000,-4.500000,0.000000,-9.810000,0.000000,0,17,1,0
JS: {"t":0.32,"mode":"ground","p":[5.35,20.12,-42.74],"v":[0,-0.6,-4.6],"sup":true,"spd":4.6,"cr":false,"ev":""}
18,0.30000,5.350000,20.120001,-42.821667,0.000000,1.000000,0.000000,1,0.000000,0.000000,-4.600000,0.000000,-9.810000,0.000000,0,18,1,0
JS: {"t":0.33,"mode":"ground","p":[5.35,20.12,-42.82],"v":[0,-0.6,-4.7],"sup":true,"spd":4.7,"cr":false,"ev":""}
19,0.31667,5.350000,20.120001,-42.900002,0.000000,1.000000,0.000000,1,0.000000,0.000000,-4.700000,0.000000,-9.810000,0.000000,0,19,1,0
JS: {"t":0.35,"mode":"ground","p":[5.35,20.12,-42.9],"v":[0,-0.6,-4.8],"sup":true,"spd":4.8,"cr":false,"ev":""}
20,0.33333,5.350000,20.120001,-42.980003,0.000000,1.000000,0.000000,1,0.000000,0.000000,-4.800000,0.000000,-9.810000,0.000000,0,20,1,0
JS: {"t":0.37,"mode":"ground","p":[5.35,20.12,-42.98],"v":[0,-0.6,-4.9],"sup":true,"spd":4.9,"cr":false,"ev":""}
21,0.35000,5.350000,20.120001,-43.061668,0.000000,1.000000,0.000000,1,0.000000,0.000000,-4.900000,0.000000,-9.810000,0.000000,0,21,1,0
JS: {"t":0.38,"mode":"ground","p":[5.35,20.12,-43.06],"v":[0,-0.6,-5],"sup":true,"spd":5,"cr":false,"ev":""}
22,0.36667,5.350000,20.120001,-43.145000,0.000000,1.000000,0.000000,1,0.000000,0.000000,-5.000000,0.000000,-9.810000,0.000000,0,22,1,0
JS: {"t":0.4,"mode":"ground","p":[5.35,20.12,-43.15],"v":[0,-0.6,-5.1],"sup":true,"spd":5.1,"cr":false,"ev":""}
23,0.38333,5.350000,20.120001,-43.230000,0.000000,1.000000,0.000000,1,0.000000,0.000000,-5.100000,0.000000,-9.810000,0.000000,0,23,1,0
JS: {"t":0.42,"mode":"ground","p":[5.35,20.12,-43.23],"v":[0,-0.6,-5.2],"sup":true,"spd":5.2,"cr":false,"ev":""}
24,0.40000,5.350000,20.120001,-43.316666,0.000000,1.000000,0.000000,1,0.000000,0.000000,-5.200000,0.000000,-9.810000,0.000000,0,24,1,0
JS: {"t":0.43,"mode":"ground","p":[5.35,20.12,-43.32],"v":[0,-0.6,-5.3],"sup":true,"spd":5.3,"cr":false,"ev":""}
25,0.41667,5.350000,20.120001,-43.404999,0.000000,1.000000,0.000000,1,0.000000,0.000000,-5.300000,0.000000,-9.810000,0.000000,0,25,1,0
JS: {"t":0.45,"mode":"ground","p":[5.35,20.12,-43.4],"v":[0,-0.6,-5.4],"sup":true,"spd":5.4,"cr":false,"ev":""}
26,0.43333,5.350000,20.120001,-43.494999,0.000000,1.000000,0.000000,1,0.000000,0.000000,-5.400000,0.000000,-9.810000,0.000000,0,26,1,0
JS: {"t":0.47,"mode":"ground","p":[5.35,20.12,-43.49],"v":[0,-0.6,-5.5],"sup":true,"spd":5.5,"cr":false,"ev":""}
27,0.45000,5.350000,20.120001,-43.586666,0.000000,1.000000,0.000000,1,0.000000,0.000000,-5.500000,0.000000,-9.810000,0.000000,0,27,1,0
JS: {"t":0.48,"mode":"ground","p":[5.35,20.12,-43.59],"v":[0,-0.6,-5.6],"sup":true,"spd":5.6,"cr":false,"ev":""}
28,0.46667,5.350000,20.120001,-43.680000,0.000000,1.000000,0.000000,1,0.000000,0.000000,-5.600000,0.000000,-9.810000,0.000000,0,28,1,0
JS: {"t":0.5,"mode":"ground","p":[5.35,20.12,-43.68],"v":[0,-0.6,-5.7],"sup":true,"spd":5.7,"cr":false,"ev":""}
29,0.48333,5.350000,20.120001,-43.775002,0.000000,1.000000,0.000000,1,0.000000,0.000000,-5.700000,0.000000,-9.810000,0.000000,0,29,1,0
JS: {"t":0.52,"mode":"ground","p":[5.35,20.12,-43.78],"v":[0,-0.6,-5.8],"sup":true,"spd":5.8,"cr":false,"ev":""}
30,0.50000,5.350000,20.120001,-43.871670,0.000000,1.000000,0.000000,1,0.000000,0.000000,-5.800000,0.000000,-9.810000,0.000000,0,30,1,0
JS: {"t":0.53,"mode":"ground","p":[5.35,20.12,-43.87],"v":[0,-0.6,-5.9],"sup":true,"spd":5.9,"cr":false,"ev":""}
31,0.51667,5.350000,20.120001,-43.970001,0.000000,1.000000,0.000000,1,0.000000,0.000000,-5.900000,0.000000,-9.810000,0.000000,0,31,1,0
JS: {"t":0.55,"mode":"ground","p":[5.35,20.12,-43.97],"v":[0,-0.6,-6],"sup":true,"spd":6,"cr":false,"ev":""}
32,0.53333,5.350000,20.120001,-44.070000,0.000000,1.000000,0.000000,1,0.000000,0.000000,-6.000000,0.000000,-9.810000,0.000000,0,32,1,0
JS: {"t":0.57,"mode":"ground","p":[5.35,20.12,-44.07],"v":[0,-0.6,-6.1],"sup":true,"spd":6.1,"cr":false,"ev":""}
33,0.55000,5.350000,20.120001,-44.171665,0.000000,1.000000,0.000000,1,0.000000,0.000000,-6.100000,0.000000,-9.810000,0.000000,0,33,1,0
JS: {"t":0.58,"mode":"ground","p":[5.35,20.12,-44.17],"v":[0,-0.6,-6.2],"sup":true,"spd":6.2,"cr":false,"ev":""}
34,0.56667,5.350000,20.120001,-44.274998,0.000000,1.000000,0.000000,1,0.000000,0.000000,-6.200000,0.000000,-9.810000,0.000000,0,34,1,0
JS: {"t":0.6,"mode":"ground","p":[5.35,20.12,-44.27],"v":[0,-0.6,-6.3],"sup":true,"spd":6.3,"cr":false,"ev":""}
35,0.58333,5.350000,20.120001,-44.379997,0.000000,1.000000,0.000000,1,0.000000,0.000000,-6.300000,0.000000,-9.810000,0.000000,0,35,1,0
JS: {"t":0.62,"mode":"ground","p":[5.35,20.12,-44.38],"v":[0,-0.6,-6.4],"sup":true,"spd":6.4,"cr":false,"ev":""}
36,0.60000,5.350000,20.120001,-44.486664,0.000000,1.000000,0.000000,1,0.000000,0.000000,-6.400001,0.000000,-9.810000,0.000000,0,36,1,0
JS: {"t":0.63,"mode":"ground","p":[5.35,20.12,-44.49],"v":[0,-0.6,-6.5],"sup":true,"spd":6.5,"cr":false,"ev":""}
37,0.61667,5.350000,20.120001,-44.594997,0.000000,1.000000,0.000000,1,0.000000,0.000000,-6.500000,0.000000,-9.810000,0.000000,0,37,1,0
JS: {"t":0.65,"mode":"ground","p":[5.35,20.12,-44.59],"v":[0,-0.6,-6.55],"sup":true,"spd":6.55,"cr":false,"ev":""}
38,0.63333,5.350000,20.120001,-44.704163,0.000000,1.000000,0.000000,1,0.000000,0.000000,-6.550000,0.000000,-9.810000,0.000000,0,38,1,0
JS: {"t":0.67,"mode":"ground","p":[5.35,20.12,-44.7],"v":[0,-0.6,-6.6],"sup":true,"spd":6.6,"cr":false,"ev":""}
39,0.65000,5.350000,20.120001,-44.814163,0.000000,1.000000,0.000000,1,0.000000,0.000000,-6.600000,0.000000,-9.810000,0.000000,0,39,1,0
JS: {"t":0.68,"mode":"ground","p":[5.35,20.12,-44.81],"v":[0,-0.6,-6.65],"sup":true,"spd":6.65,"cr":false,"ev":""}
40,0.66667,5.350000,20.120001,-44.924995,0.000000,1.000000,0.000000,1,0.000000,0.000000,-6.650001,0.000000,-9.810000,0.000000,0,40,1,0
JS: {"t":0.7,"mode":"ground","p":[5.35,20.12,-44.92],"v":[0,-0.6,-6.7],"sup":true,"spd":6.7,"cr":false,"ev":""}
41,0.68333,5.350000,20.120001,-45.036663,0.000000,1.000000,0.000000,1,0.000000,0.000000,-6.700000,0.000000,-9.810000,0.000000,0,41,1,0
JS: {"t":0.72,"mode":"ground","p":[5.35,20.12,-45.04],"v":[0,-0.6,-6.75],"sup":true,"spd":6.75,"cr":false,"ev":""}
42,0.70000,5.350000,20.120001,-45.149162,0.000000,1.000000,0.000000,1,0.000000,0.000000,-6.750000,0.000000,-9.810000,0.000000,0,42,1,0
JS: {"t":0.73,"mode":"ground","p":[5.35,20.12,-45.15],"v":[0,-0.6,-6.8],"sup":true,"spd":6.8,"cr":false,"ev":""}
43,0.71667,5.350000,20.120001,-45.262497,0.000000,1.000000,0.000000,1,0.000000,0.000000,-6.800000,0.000000,-9.810000,0.000000,0,43,1,0
JS: {"t":0.75,"mode":"ground","p":[5.35,20.12,-45.26],"v":[0,-0.6,-6.85],"sup":true,"spd":6.85,"cr":false,"ev":""}
44,0.73333,5.350000,20.120001,-45.376663,0.000000,1.000000,0.000000,1,0.000000,0.000000,-6.850000,0.000000,-9.810000,0.000000,0,44,1,0
JS: {"t":0.77,"mode":"ground","p":[5.35,20.12,-45.38],"v":[0,-0.6,-6.9],"sup":true,"spd":6.9,"cr":false,"ev":""}
45,0.75000,5.350000,20.120001,-45.491665,0.000000,1.000000,0.000000,1,0.000000,0.000000,-6.900001,0.000000,-9.810000,0.000000,0,45,1,0
JS: {"t":0.78,"mode":"ground","p":[5.35,20.12,-45.49],"v":[0,-0.6,-6.95],"sup":true,"spd":6.95,"cr":false,"ev":""}
46,0.76667,5.350000,20.120001,-45.607498,0.000000,1.000000,0.000000,1,0.000000,0.000000,-6.950000,0.000000,-9.810000,0.000000,0,46,1,0
JS: {"t":0.8,"mode":"ground","p":[5.35,20.12,-45.61],"v":[0,-0.6,-7],"sup":true,"spd":7,"cr":false,"ev":""}
47,0.78333,5.350000,20.120001,-45.724163,0.000000,1.000000,0.000000,1,0.000000,0.000000,-7.000000,0.000000,-9.810000,0.000000,0,47,1,0
JS: {"t":0.82,"mode":"ground","p":[5.35,20.12,-45.72],"v":[0,-0.6,-7.05],"sup":true,"spd":7.05,"cr":false,"ev":""}
48,0.80000,5.350000,20.120001,-45.841663,0.000000,1.000000,0.000000,1,0.000000,0.000000,-7.050000,0.000000,-9.810000,0.000000,0,48,1,0
JS: {"t":0.83,"mode":"ground","p":[5.35,20.12,-45.84],"v":[0,-0.6,-7.1],"sup":true,"spd":7.1,"cr":false,"ev":""}
49,0.81667,5.350000,20.120001,-45.959995,0.000000,1.000000,0.000000,1,0.000000,0.000000,-7.100000,0.000000,-9.810000,0.000000,0,49,1,0
JS: {"t":0.85,"mode":"ground","p":[5.35,20.12,-45.96],"v":[0,-0.6,-7.15],"sup":true,"spd":7.15,"cr":false,"ev":""}
50,0.83333,5.350000,20.120001,-46.079163,0.000000,1.000000,0.000000,1,0.000000,0.000000,-7.150001,0.000000,-9.810000,0.000000,0,50,1,0
JS: {"t":0.87,"mode":"ground","p":[5.35,20.12,-46.08],"v":[0,-0.6,-7.2],"sup":true,"spd":7.2,"cr":false,"ev":""}
51,0.85000,5.350000,20.120001,-46.199162,0.000000,1.000000,0.000000,1,0.000000,0.000000,-7.200000,0.000000,-9.810000,0.000000,0,51,1,0
JS: {"t":0.88,"mode":"ground","p":[5.35,20.12,-46.2],"v":[0,-0.6,-7.25],"sup":true,"spd":7.25,"cr":false,"ev":""}
52,0.86667,5.350000,20.120001,-46.319996,0.000000,1.000000,0.000000,1,0.000000,0.000000,-7.250000,0.000000,-9.810000,0.000000,0,52,1,0
JS: {"t":0.9,"mode":"ground","p":[5.35,20.12,-46.32],"v":[0,-0.6,-7.3],"sup":true,"spd":7.3,"cr":false,"ev":""}
53,0.88333,5.350000,20.120001,-46.441662,0.000000,1.000000,0.000000,1,0.000000,0.000000,-7.300000,0.000000,-9.810000,0.000000,0,53,1,0
JS: {"t":0.92,"mode":"ground","p":[5.35,20.12,-46.44],"v":[0,-0.6,-7.35],"sup":true,"spd":7.35,"cr":false,"ev":""}
54,0.90000,5.350000,20.120001,-46.564163,0.000000,1.000000,0.000000,1,0.000000,0.000000,-7.350000,0.000000,-9.810000,0.000000,0,54,1,0
JS: {"t":0.93,"mode":"ground","p":[5.35,20.12,-46.56],"v":[0,-0.6,-7.4],"sup":true,"spd":7.4,"cr":false,"ev":""}
55,0.91667,5.350000,20.120001,-46.687496,0.000000,1.000000,0.000000,1,0.000000,0.000000,-7.400001,0.000000,-9.810000,0.000000,0,55,1,0
JS: {"t":0.95,"mode":"ground","p":[5.35,20.12,-46.69],"v":[0,-0.6,-7.45],"sup":true,"spd":7.45,"cr":false,"ev":""}
56,0.93333,5.350000,20.120001,-46.811665,0.000000,1.000000,0.000000,1,0.000000,0.000000,-7.450000,0.000000,-9.810000,0.000000,0,56,1,0
JS: {"t":0.97,"mode":"ground","p":[5.35,20.12,-46.81],"v":[0,-0.6,-7.5],"sup":true,"spd":7.5,"cr":false,"ev":""}
57,0.95000,5.350000,20.120001,-46.936665,0.000000,1.000000,0.000000,1,0.000000,0.000000,-7.500000,0.000000,-9.810000,0.000000,0,57,1,0
JS: {"t":0.98,"mode":"ground","p":[5.35,20.12,-46.94],"v":[0,-0.6,-7.55],"sup":true,"spd":7.55,"cr":false,"ev":""}
58,0.96667,5.350000,20.120001,-47.062496,0.000000,1.000000,0.000000,1,0.000000,0.000000,-7.550000,0.000000,-9.810000,0.000000,0,58,1,0
JS: {"t":1,"mode":"ground","p":[5.35,20.12,-47.06],"v":[0,-0.6,-7.6],"sup":true,"spd":7.6,"cr":false,"ev":""}
59,0.98333,5.350000,20.120001,-47.189163,0.000000,1.000000,0.000000,1,0.000000,0.000000,-7.600000,0.000000,-9.810000,0.000000,0,59,1,0
JS: {"t":1.02,"mode":"air","p":[5.35,20.12,-47.19],"v":[0,5.1,-7.6],"sup":true,"spd":7.85,"cr":false,"ev":"jump"}
60,1.00000,5.350000,20.205000,-47.315830,0.000000,1.000000,0.000000,0,0.000000,5.100000,-7.600000,0.000000,-9.810000,0.000000,0,60,1,0
JS: {"t":1.03,"mode":"wallrun","wall":{"x":-1,"y":0,"z":0},"p":[5.35,20.2,-47.32],"v":[0.8,3.2,-7.6],"sup":false,"spd":7.85,"cr":false,"ev":"wallrun"}
61,1.01667,5.363333,20.258333,-47.442497,0.000000,1.000000,0.000000,0,0.800000,3.200000,-7.600000,0.000000,-9.810000,0.000000,0,61,1,0
JS: {"t":1.05,"mode":"wallrun","wall":{"x":-1,"y":0,"z":0},"p":[5.36,20.26,-47.44],"v":[0.8,3.13,-7.59],"sup":false,"spd":7.85,"cr":false,"ev":""}
62,1.03333,5.376667,20.310522,-47.568996,0.000000,1.000000,0.000000,0,0.800000,3.131330,-7.590000,0.000000,-9.810000,0.000000,0,62,1,0
JS: {"t":1.07,"mode":"wallrun","wall":{"x":-1,"y":0,"z":0},"p":[5.38,20.31,-47.57],"v":[0.8,3.06,-7.58],"sup":false,"spd":7.85,"cr":false,"ev":""}
63,1.05000,5.390000,20.361567,-47.695332,0.000000,1.000000,0.000000,0,0.800000,3.062660,-7.580000,0.000000,-9.810000,0.000000,0,63,1,0
JS: {"t":1.08,"mode":"wallrun","wall":{"x":-1,"y":0,"z":0},"p":[5.39,20.36,-47.7],"v":[0.8,2.99,-7.57],"sup":false,"spd":7.85,"cr":false,"ev":""}
64,1.06667,5.403333,20.411467,-47.821499,0.000000,1.000000,0.000000,0,0.800000,2.993990,-7.570000,0.000000,-9.810000,0.000000,0,64,1,0
JS: {"t":1.1,"mode":"wallrun","wall":{"x":-1,"y":0,"z":0},"p":[5.4,20.41,-47.82],"v":[0.8,2.93,-7.56],"sup":false,"spd":7.85,"cr":false,"ev":""}
65,1.08333,5.416667,20.460222,-47.947498,0.000000,1.000000,0.000000,0,0.800000,2.925320,-7.560000,0.000000,-9.810000,0.000000,0,65,1,0
JS: {"t":1.12,"mode":"wallrun","wall":{"x":-1,"y":0,"z":0},"p":[5.42,20.46,-47.95],"v":[0.8,2.86,-7.55],"sup":false,"spd":7.85,"cr":false,"ev":""}
66,1.10000,5.430000,20.507833,-48.073330,0.000000,1.000000,0.000000,0,0.800000,2.856650,-7.550000,0.000000,-9.810000,0.000000,0,66,1,0
JS: {"t":1.13,"mode":"wallrun","wall":{"x":-1,"y":0,"z":0},"p":[5.43,20.51,-48.07],"v":[0.8,2.79,-7.54],"sup":false,"spd":7.85,"cr":false,"ev":""}
67,1.11667,5.443333,20.554300,-48.198997,0.000000,1.000000,0.000000,0,0.800000,2.787980,-7.540000,0.000000,-9.810000,0.000000,0,67,1,0
JS: {"t":1.15,"mode":"wallrun","wall":{"x":-1,"y":0,"z":0},"p":[5.44,20.55,-48.2],"v":[0.8,2.72,-7.53],"sup":false,"spd":7.85,"cr":false,"ev":""}
68,1.13333,5.456666,20.599623,-48.324497,0.000000,1.000000,0.000000,0,0.800000,2.719310,-7.530000,0.000000,-9.810000,0.000000,0,68,1,0
JS: {"t":1.17,"mode":"wallrun","wall":{"x":-1,"y":0,"z":0},"p":[5.46,20.6,-48.32],"v":[0.8,2.65,-7.52],"sup":false,"spd":7.85,"cr":false,"ev":""}
69,1.15000,5.470000,20.643801,-48.449829,0.000000,1.000000,0.000000,0,0.800000,2.650640,-7.520000,0.000000,-9.810000,0.000000,0,69,1,0
JS: {"t":1.18,"mode":"wallrun","wall":{"x":-1,"y":0,"z":0},"p":[5.47,20.64,-48.45],"v":[0.8,2.58,-7.51],"sup":false,"spd":7.85,"cr":false,"ev":""}
70,1.16667,5.483333,20.686834,-48.574997,0.000000,1.000000,0.000000,0,0.800000,2.581970,-7.510000,0.000000,-9.810000,0.000000,0,70,1,0
JS: {"t":1.2,"mode":"wallrun","wall":{"x":-1,"y":0,"z":0},"p":[5.48,20.69,-48.57],"v":[0.8,2.51,-7.5],"sup":false,"spd":7.85,"cr":false,"ev":""}
71,1.18333,5.496666,20.728724,-48.699997,0.000000,1.000000,0.000000,0,0.800000,2.513300,-7.500000,0.000000,-9.810000,0.000000,0,71,1,0
JS: {"t":1.22,"mode":"wallrun","wall":{"x":-1,"y":0,"z":0},"p":[5.5,20.73,-48.7],"v":[0.8,2.44,-7.49],"sup":false,"spd":7.85,"cr":false,"ev":""}
72,1.20000,5.510000,20.769468,-48.824829,0.000000,1.000000,0.000000,0,0.800000,2.444630,-7.490000,0.000000,-9.810000,0.000000,0,72,1,0
JS: {"t":1.23,"mode":"wallrun","wall":{"x":-1,"y":0,"z":0},"p":[5.51,20.77,-48.82],"v":[0.8,2.38,-7.48],"sup":false,"spd":7.85,"cr":false,"ev":""}
73,1.21667,5.523333,20.809067,-48.949497,0.000000,1.000000,0.000000,0,0.800000,2.375960,-7.480000,0.000000,-9.810000,0.000000,0,73,1,0
JS: {"t":1.25,"mode":"wallrun","wall":{"x":-1,"y":0,"z":0},"p":[5.52,20.81,-48.95],"v":[0.8,2.31,-7.47],"sup":false,"spd":7.85,"cr":false,"ev":""}
74,1.23333,5.536666,20.847521,-49.073997,0.000000,1.000000,0.000000,0,0.800000,2.307290,-7.470000,0.000000,-9.810000,0.000000,0,74,1,0
JS: {"t":1.27,"mode":"wallrun","wall":{"x":-1,"y":0,"z":0},"p":[5.54,20.85,-49.07],"v":[0.8,2.24,-7.46],"sup":false,"spd":7.85,"cr":false,"ev":""}
75,1.25000,5.550000,20.884830,-49.198330,0.000000,1.000000,0.000000,0,0.800000,2.238620,-7.460001,0.000000,-9.810000,0.000000,0,75,1,0
JS: {"t":1.28,"mode":"wallrun","wall":{"x":-1,"y":0,"z":0},"p":[5.55,20.88,-49.2],"v":[0.8,2.17,-7.45],"sup":false,"spd":7.85,"cr":false,"ev":""}
76,1.26667,5.563333,20.920996,-49.322498,0.000000,1.000000,0.000000,0,0.800000,2.169950,-7.450000,0.000000,-9.810000,0.000000,0,76,1,0
JS: {"t":1.3,"mode":"wallrun","wall":{"x":-1,"y":0,"z":0},"p":[5.56,20.92,-49.32],"v":[0.8,2.1,-7.44],"sup":false,"spd":7.85,"cr":false,"ev":""}
77,1.28333,5.576666,20.956017,-49.446499,0.000000,1.000000,0.000000,0,0.800000,2.101279,-7.440001,0.000000,-9.810000,0.000000,0,77,1,0
JS: {"t":1.32,"mode":"wallrun","wall":{"x":-1,"y":0,"z":0},"p":[5.58,20.96,-49.45],"v":[0.8,2.03,-7.43],"sup":false,"spd":7.85,"cr":false,"ev":""}
78,1.30000,5.590000,20.989893,-49.570332,0.000000,1.000000,0.000000,0,0.800000,2.032609,-7.430000,0.000000,-9.810000,0.000000,0,78,1,0
JS: {"t":1.33,"mode":"wallrun","wall":{"x":-1,"y":0,"z":0},"p":[5.59,20.99,-49.57],"v":[0.8,1.96,-7.42],"sup":false,"spd":7.85,"cr":false,"ev":""}
79,1.31667,5.603333,21.022625,-49.693996,0.000000,1.000000,0.000000,0,0.800000,1.963939,-7.420001,0.000000,-9.810000,0.000000,0,79,1,0
JS: {"t":1.35,"mode":"wallrun","wall":{"x":-1,"y":0,"z":0},"p":[5.6,21.02,-49.69],"v":[0.8,1.9,-7.41],"sup":false,"spd":7.85,"cr":false,"ev":""}
80,1.33333,5.616666,21.054213,-49.817497,0.000000,1.000000,0.000000,0,0.800000,1.895269,-7.410000,0.000000,-9.810000,0.000000,0,80,1,0
JS: {"t":1.37,"mode":"wallrun","wall":{"x":-1,"y":0,"z":0},"p":[5.62,21.05,-49.82],"v":[0.8,1.83,-7.4],"sup":false,"spd":7.85,"cr":false,"ev":""}
81,1.35000,5.630000,21.084656,-49.940830,0.000000,1.000000,0.000000,0,0.800000,1.826599,-7.400001,0.000000,-9.810000,0.000000,0,81,1,0
JS: {"t":1.38,"mode":"wallrun","wall":{"x":-1,"y":0,"z":0},"p":[5.63,21.08,-49.94],"v":[0.8,1.76,-7.39],"sup":false,"spd":7.85,"cr":false,"ev":""}
82,1.36667,5.643333,21.113955,-50.063995,0.000000,1.000000,0.000000,0,0.800000,1.757929,-7.390000,0.000000,-9.810000,0.000000,0,82,1,0
JS: {"t":1.4,"mode":"wallrun","wall":{"x":-1,"y":0,"z":0},"p":[5.64,21.11,-50.06],"v":[0.8,1.69,-7.38],"sup":false,"spd":7.85,"cr":false,"ev":""}
83,1.38333,5.656666,21.142109,-50.186996,0.000000,1.000000,0.000000,0,0.800000,1.689259,-7.380001,0.000000,-9.810000,0.000000,0,83,1,0
JS: {"t":1.42,"mode":"wallrun","wall":{"x":-1,"y":0,"z":0},"p":[5.66,21.14,-50.19],"v":[0.8,1.62,-7.37],"sup":false,"spd":7.85,"cr":false,"ev":""}
84,1.40000,5.670000,21.169119,-50.309830,0.000000,1.000000,0.000000,0,0.800000,1.620589,-7.370000,0.000000,-9.810000,0.000000,0,84,1,0
JS: {"t":1.43,"mode":"wallrun","wall":{"x":-1,"y":0,"z":0},"p":[5.67,21.17,-50.31],"v":[0.8,1.55,-7.36],"sup":false,"spd":7.85,"cr":false,"ev":""}
85,1.41667,5.683333,21.194984,-50.432495,0.000000,1.000000,0.000000,0,0.800000,1.551919,-7.360000,0.000000,-9.810000,0.000000,0,85,1,0
JS: {"t":1.45,"mode":"wallrun","wall":{"x":-1,"y":0,"z":0},"p":[5.68,21.19,-50.43],"v":[0.8,1.48,-7.35],"sup":false,"spd":7.85,"cr":false,"ev":""}
86,1.43333,5.696666,21.219706,-50.554996,0.000000,1.000000,0.000000,0,0.800000,1.483249,-7.350000,0.000000,-9.810000,0.000000,0,86,1,0
JS: {"t":1.47,"mode":"wallrun","wall":{"x":-1,"y":0,"z":0},"p":[5.7,21.22,-50.55],"v":[0.8,1.41,-7.34],"sup":false,"spd":7.85,"cr":false,"ev":""}
87,1.45000,5.697872,21.243282,-50.677326,0.000000,1.000000,0.000000,0,0.000000,1.414579,-7.340000,0.000000,-9.810000,0.000000,0,87,1,0
JS: {"t":1.48,"mode":"wallrun","wall":{"x":-1,"y":0,"z":0},"p":[5.7,21.24,-50.68],"v":[0.8,1.35,-7.33],"sup":false,"spd":7.85,"cr":false,"ev":""}
88,1.46667,5.697813,21.265715,-50.799492,0.000000,1.000000,0.000000,0,0.000000,1.345909,-7.330000,0.000000,-9.810000,0.000000,0,88,1,0
JS: {"t":1.5,"mode":"wallrun","wall":{"x":-1,"y":0,"z":0},"p":[5.7,21.27,-50.8],"v":[0.8,1.28,-7.32],"sup":false,"spd":7.85,"cr":false,"ev":""}
89,1.48333,5.697859,21.287003,-50.921494,0.000000,1.000000,0.000000,0,0.000000,1.277239,-7.320000,0.000000,-9.810000,0.000000,0,89,1,0
JS: {"t":1.52,"mode":"wallrun","wall":{"x":-1,"y":0,"z":0},"p":[5.7,21.29,-50.92],"v":[0.8,1.21,-7.31],"sup":false,"spd":7.85,"cr":false,"ev":""}
90,1.50000,5.697801,21.307146,-51.043327,0.000000,1.000000,0.000000,0,0.000000,1.208569,-7.310000,0.000000,-9.810000,0.000000,0,90,1,0
JS: {"t":1.53,"mode":"wallrun","wall":{"x":-1,"y":0,"z":0},"p":[5.7,21.31,-51.04],"v":[0.8,1.14,-7.3],"sup":false,"spd":7.85,"cr":false,"ev":""}
91,1.51667,5.697847,21.326143,-51.164993,0.000000,1.000000,0.000000,0,0.000000,1.139899,-7.300000,0.000000,-9.810000,0.000000,0,91,1,0
JS: {"t":1.55,"mode":"wallrun","wall":{"x":-1,"y":0,"z":0},"p":[5.7,21.33,-51.16],"v":[0.8,1.07,-7.29],"sup":false,"spd":7.85,"cr":false,"ev":""}
92,1.53333,5.697795,21.343998,-51.286491,0.000000,1.000000,0.000000,0,0.000000,1.071229,-7.290000,0.000000,-9.810000,0.000000,0,92,1,0
JS: {"t":1.57,"mode":"wallrun","wall":{"x":-1,"y":0,"z":0},"p":[5.7,21.34,-51.29],"v":[0.8,1,-7.28],"sup":false,"spd":7.85,"cr":false,"ev":""}
93,1.55000,5.697835,21.360708,-51.407825,0.000000,1.000000,0.000000,0,0.000000,1.002559,-7.280000,0.000000,-9.810000,0.000000,0,93,1,0
JS: {"t":1.58,"mode":"wallrun","wall":{"x":-1,"y":0,"z":0},"p":[5.7,21.36,-51.41],"v":[0.8,0.93,-7.27],"sup":false,"spd":7.85,"cr":false,"ev":""}
94,1.56667,5.697786,21.376272,-51.528992,0.000000,1.000000,0.000000,0,0.000000,0.933889,-7.270000,0.000000,-9.810000,0.000000,0,94,1,0
JS: {"t":1.6,"mode":"air","p":[5.7,21.38,-51.53],"v":[-4.2,5.2,-6.69],"sup":false,"spd":7.85,"cr":false,"ev":"walljump"}
95,1.58333,5.627786,21.462938,-51.640465,0.000000,1.000000,0.000000,0,-4.200000,5.200000,-6.688400,0.000000,-9.810000,0.000000,0,95,1,0
JS: {"t":1.62,"mode":"air","p":[5.63,21.46,-51.64],"v":[-4.15,5.04,-6.72],"sup":false,"spd":7.9,"cr":false,"ev":""}
96,1.60000,5.558653,21.546881,-51.752480,0.000000,1.000000,0.000000,0,-4.147982,5.036500,-6.720785,0.000000,-9.810000,0.000000,0,96,1,0
JS: {"t":1.63,"mode":"air","p":[5.56,21.55,-51.75],"v":[-4.1,4.87,-6.75],"sup":false,"spd":7.9,"cr":false,"ev":""}
97,1.61667,5.490380,21.628098,-51.865021,0.000000,1.000000,0.000000,0,-4.096366,4.873000,-6.752369,0.000000,-9.810000,0.000000,0,97,1,0
JS: {"t":1.65,"mode":"air","p":[5.49,21.63,-51.87],"v":[-4.05,4.71,-6.78],"sup":false,"spd":7.9,"cr":false,"ev":""}
98,1.63333,5.422961,21.706589,-51.978073,0.000000,1.000000,0.000000,0,-4.045159,4.709500,-6.783169,0.000000,-9.810000,0.000000,0,98,1,0
JS: {"t":1.67,"mode":"air","p":[5.42,21.71,-51.98],"v":[-3.99,4.42,-6.81],"sup":false,"spd":7.9,"cr":false,"ev":""}
99,1.65000,5.356388,21.780176,-52.091625,0.000000,1.000000,0.000000,0,-3.994369,4.415200,-6.813202,0.000000,-9.810000,0.000000,0,99,1,0
JS: {"t":1.68,"mode":"air","p":[5.36,21.78,-52.09],"v":[-3.94,4.12,-6.84],"sup":false,"spd":7.9,"cr":false,"ev":""}
100,1.66667,5.290655,21.848858,-52.205666,0.000000,1.000000,0.000000,0,-3.943999,4.120900,-6.842483,0.000000,-9.810000,0.000000,0,100,1,0
JS: {"t":1.7,"mode":"air","p":[5.29,21.85,-52.21],"v":[-3.89,3.83,-6.87],"sup":false,"spd":7.9,"cr":false,"ev":""}
101,1.68333,5.225754,21.912634,-52.320183,0.000000,1.000000,0.000000,0,-3.894057,3.826600,-6.871027,0.000000,-9.810000,0.000000,0,101,1,0
JS: {"t":1.72,"mode":"air","p":[5.23,21.91,-52.32],"v":[-3.84,3.53,-6.9],"sup":false,"spd":7.9,"cr":false,"ev":""}
102,1.70000,5.161678,21.971506,-52.435165,0.000000,1.000000,0.000000,0,-3.844548,3.532300,-6.898851,0.000000,-9.810000,0.000000,0,102,1,0
JS: {"t":1.73,"mode":"air","p":[5.16,21.97,-52.44],"v":[-3.8,3.24,-6.93],"sup":false,"spd":7.9,"cr":false,"ev":""}
103,1.71667,5.098420,22.025473,-52.550598,0.000000,1.000000,0.000000,0,-3.795475,3.238000,-6.925970,0.000000,-9.810000,0.000000,0,103,1,0
JS: {"t":1.75,"mode":"air","p":[5.1,22.03,-52.55],"v":[-3.75,2.94,-6.95],"sup":false,"spd":7.9,"cr":false,"ev":""}
104,1.73333,5.035973,22.074533,-52.666470,0.000000,1.000000,0.000000,0,-3.746844,2.943700,-6.952399,0.000000,-9.810000,0.000000,0,104,1,0
JS: {"t":1.77,"mode":"air","p":[5.04,22.07,-52.67],"v":[-3.7,2.65,-6.98],"sup":false,"spd":7.9,"cr":false,"ev":""}
105,1.75000,4.974329,22.118690,-52.782772,0.000000,1.000000,0.000000,0,-3.698657,2.649400,-6.978154,0.000000,-9.810000,0.000000,0,105,1,0
JS: {"t":1.78,"mode":"air","p":[4.97,22.12,-52.78],"v":[-3.65,2.36,-7],"sup":false,"spd":7.9,"cr":false,"ev":""}
106,1.76667,4.913480,22.157942,-52.899494,0.000000,1.000000,0.000000,0,-3.650919,2.355100,-7.003248,0.000000,-9.810000,0.000000,0,106,1,0
JS: {"t":1.8,"mode":"air","p":[4.91,22.16,-52.9],"v":[-3.6,2.06,-7.03],"sup":false,"spd":7.9,"cr":false,"ev":""}
107,1.78333,4.853419,22.192289,-53.016621,0.000000,1.000000,0.000000,0,-3.603632,2.060800,-7.027698,0.000000,-9.810000,0.000000,0,107,1,0
JS: {"t":1.82,"mode":"air","p":[4.85,22.19,-53.02],"v":[-3.56,1.77,-7.05],"sup":false,"spd":7.9,"cr":false,"ev":""}
108,1.80000,4.794139,22.221731,-53.134148,0.000000,1.000000,0.000000,0,-3.556799,1.766500,-7.051516,0.000000,-9.810000,0.000000,0,108,1,0
JS: {"t":1.83,"mode":"air","p":[4.79,22.22,-53.13],"v":[-3.51,1.47,-7.07],"sup":false,"spd":7.9,"cr":false,"ev":""}
109,1.81667,4.735632,22.246267,-53.252060,0.000000,1.000000,0.000000,0,-3.510422,1.472199,-7.074718,0.000000,-9.810000,0.000000,0,109,1,0
JS: {"t":1.85,"mode":"air","p":[4.74,22.25,-53.25],"v":[-3.46,1.18,-7.1],"sup":false,"spd":7.9,"cr":false,"ev":""}
110,1.83333,4.677891,22.265900,-53.370350,0.000000,1.000000,0.000000,0,-3.464504,1.177899,-7.097317,0.000000,-9.810000,0.000000,0,110,1,0
JS: {"t":1.87,"mode":"air","p":[4.68,22.27,-53.37],"v":[-3.42,0.88,-7.12],"sup":false,"spd":7.9,"cr":false,"ev":""}
111,1.85000,4.620907,22.280626,-53.489006,0.000000,1.000000,0.000000,0,-3.419045,0.883599,-7.119328,0.000000,-9.810000,0.000000,0,111,1,0
JS: {"t":1.88,"mode":"air","p":[4.62,22.28,-53.49],"v":[-3.37,0.59,-7.14],"sup":false,"spd":7.9,"cr":false,"ev":""}
112,1.86667,4.564672,22.290447,-53.608017,0.000000,1.000000,0.000000,0,-3.374048,0.589299,-7.140763,0.000000,-9.810000,0.000000,0,112,1,0
JS: {"t":1.9,"mode":"air","p":[4.56,22.29,-53.61],"v":[-3.33,0.29,-7.16],"sup":false,"spd":7.9,"cr":false,"ev":""}
113,1.88333,4.509181,22.295364,-53.727379,0.000000,1.000000,0.000000,0,-3.329513,0.294999,-7.161636,0.000000,-9.810000,0.000000,0,113,1,0
JS: {"t":1.92,"mode":"air","p":[4.51,22.3,-53.73],"v":[-3.29,0,-7.18],"sup":false,"spd":7.9,"cr":false,"ev":""}
114,1.90000,4.454423,22.295376,-53.847076,0.000000,1.000000,0.000000,0,-3.285441,0.000699,-7.181962,0.000000,-9.810000,0.000000,0,114,1,0
JS: {"t":1.93,"mode":"air","p":[4.45,22.3,-53.85],"v":[-3.24,-0.29,-7.2],"sup":false,"spd":7.9,"cr":false,"ev":""}
115,1.91667,4.400393,22.290482,-53.967106,0.000000,1.000000,0.000000,0,-3.241832,-0.293601,-7.201751,0.000000,-9.810000,0.000000,0,115,1,0
JS: {"t":1.95,"mode":"air","p":[4.4,22.29,-53.97],"v":[-3.2,-0.51,-7.22],"sup":false,"spd":7.9,"cr":false,"ev":""}
116,1.93333,4.347082,22.281910,-54.087456,0.000000,1.000000,0.000000,0,-3.198687,-0.514326,-7.221018,0.000000,-9.810000,0.000000,0,116,1,0
JS: {"t":1.97,"mode":"air","p":[4.35,22.28,-54.09],"v":[-3.16,-0.74,-7.24],"sup":false,"spd":7.9,"cr":false,"ev":""}
117,1.95000,4.294482,22.269659,-54.208118,0.000000,1.000000,0.000000,0,-3.156005,-0.735051,-7.239774,0.000000,-9.810000,0.000000,0,117,1,0
JS: {"t":1.98,"mode":"air","p":[4.29,22.27,-54.21],"v":[-3.11,-0.96,-7.26],"sup":false,"spd":7.9,"cr":false,"ev":""}
118,1.96667,4.242585,22.253729,-54.329086,0.000000,1.000000,0.000000,0,-3.113787,-0.955776,-7.258032,0.000000,-9.810000,0.000000,0,118,1,0
JS: {"t":2,"mode":"air","p":[4.24,22.25,-54.33],"v":[-3.07,-1.18,-7.28],"sup":false,"spd":7.9,"cr":false,"ev":""}
119,1.98333,4.191385,22.234121,-54.450348,0.000000,1.000000,0.000000,0,-3.072031,-1.176501,-7.275804,0.000000,-9.810000,0.000000,0,119,1,0
JS: {"t":2.02,"mode":"air","p":[4.19,22.23,-54.45],"v":[-3.03,-1.4,-7.29],"sup":false,"spd":7.9,"cr":false,"ev":""}
120,2.00000,4.140872,22.210835,-54.571899,0.000000,1.000000,0.000000,0,-3.030737,-1.397226,-7.293102,0.000000,-9.810000,0.000000,0,120,1,0
JS: {"t":2.03,"mode":"air","p":[4.14,22.21,-54.57],"v":[-2.99,-1.62,-7.31],"sup":false,"spd":7.9,"cr":false,"ev":""}
121,2.01667,4.091041,22.183868,-54.693733,0.000000,1.000000,0.000000,0,-2.989904,-1.617951,-7.309937,0.000000,-9.810000,0.000000,0,121,1,0
JS: {"t":2.05,"mode":"air","p":[4.09,22.18,-54.69],"v":[-2.95,-1.84,-7.33],"sup":false,"spd":7.9,"cr":false,"ev":""}
122,2.03333,4.041882,22.153223,-54.815838,0.000000,1.000000,0.000000,0,-2.949531,-1.838676,-7.326320,0.000000,-9.810000,0.000000,0,122,1,0
JS: {"t":2.07,"mode":"air","p":[4.04,22.15,-54.82],"v":[-2.91,-2.06,-7.34],"sup":false,"spd":7.9,"cr":false,"ev":""}
123,2.05000,3.993388,22.118900,-54.938210,0.000000,1.000000,0.000000,0,-2.909616,-2.059401,-7.342264,0.000000,-9.810000,0.000000,0,123,1,0
JS: {"t":2.08,"mode":"air","p":[3.99,22.12,-54.94],"v":[-2.87,-2.28,-7.36],"sup":false,"spd":7.9,"cr":false,"ev":""}
124,2.06667,3.945552,22.080898,-55.060841,0.000000,1.000000,0.000000,0,-2.870158,-2.280126,-7.357778,0.000000,-9.810000,0.000000,0,124,1,0
JS: {"t":2.1,"mode":"air","p":[3.95,22.08,-55.06],"v":[-2.83,-2.5,-7.37],"sup":false,"spd":7.9,"cr":false,"ev":""}
125,2.08333,3.898366,22.039217,-55.183723,0.000000,1.000000,0.000000,0,-2.831155,-2.500851,-7.372874,0.000000,-9.810000,0.000000,0,125,1,0
JS: {"t":2.12,"mode":"air","p":[3.9,22.04,-55.18],"v":[-2.79,-2.72,-7.39],"sup":false,"spd":7.9,"cr":false,"ev":""}
126,2.10000,3.851823,21.993858,-55.306850,0.000000,1.000000,0.000000,0,-2.792605,-2.721576,-7.387561,0.000000,-9.810000,0.000000,0,126,1,0
JS: {"t":2.13,"mode":"air","p":[3.85,21.99,-55.31],"v":[-2.75,-2.94,-7.4],"sup":false,"spd":7.9,"cr":false,"ev":""}
127,2.11667,3.805914,21.944820,-55.430214,0.000000,1.000000,0.000000,0,-2.754507,-2.942301,-7.401851,0.000000,-9.810000,0.000000,0,127,1,0
JS: {"t":2.15,"mode":"air","p":[3.81,21.94,-55.43],"v":[-2.72,-3.16,-7.42],"sup":false,"spd":7.9,"cr":false,"ev":""}
128,2.13333,3.760633,21.892103,-55.553810,0.000000,1.000000,0.000000,0,-2.716858,-3.163026,-7.415753,0.000000,-9.810000,0.000000,0,128,1,0
JS: {"t":2.17,"mode":"air","p":[3.76,21.89,-55.55],"v":[-2.68,-3.38,-7.43],"sup":false,"spd":7.9,"cr":false,"ev":""}
129,2.15000,3.715972,21.835707,-55.677631,0.000000,1.000000,0.000000,0,-2.679655,-3.383751,-7.429277,0.000000,-9.810000,0.000000,0,129,1,0
libEGL warning: Not allowed to force software rendering when API explicitly selects a hardware device.
Renderer fragment texture units: 32 (material path uses 12)
World state: disk saves disabled for additive compositions
Project: Judas Developer Integration (/tmp/judas-m65-rooftop-yanccshc/walljump/m65_integration.judasproj)
Scene: Rooftop Run (/tmp/judas-m65-rooftop-yanccshc/walljump/Scenes/rooftops.judas)
World origin (m): 0.000, 0.000, 0.000
ALSA lib confmisc.c:855:(parse_card) [error.core] cannot find card '0'
ALSA lib conf.c:5211:(_snd_config_evaluate) [error.core] function snd_func_card_id returned error: No such file or directory
ALSA lib confmisc.c:422:(snd_func_concat) [error.core] error evaluating strings
ALSA lib conf.c:5211:(_snd_config_evaluate) [error.core] function snd_func_concat returned error: No such file or directory
ALSA lib confmisc.c:1342:(snd_func_refer) [error.core] error evaluating name
ALSA lib conf.c:5211:(_snd_config_evaluate) [error.core] function snd_func_refer returned error: No such file or directory
ALSA lib conf.c:5734:(snd_config_expand) [error.core] Evaluate error: No such file or directory
ALSA lib pcm.c:2722:(snd_pcm_open_noupdate) [error.pcm] Unknown PCM dmix
ALSA lib confmisc.c:855:(parse_card) [error.core] cannot find card '0'
ALSA lib conf.c:5211:(_snd_config_evaluate) [error.core] function snd_func_card_id returned error: No such file or directory
ALSA lib confmisc.c:422:(snd_func_concat) [error.core] error evaluating strings
ALSA lib conf.c:5211:(_snd_config_evaluate) [error.core] function snd_func_concat returned error: No such file or directory
ALSA lib confmisc.c:1342:(snd_func_refer) [error.core] error evaluating name
ALSA lib conf.c:5211:(_snd_config_evaluate) [error.core] function snd_func_refer returned error: No such file or directory
ALSA lib conf.c:5734:(snd_config_expand) [error.core] Evaluate error: No such file or directory
ALSA lib pcm.c:2722:(snd_pcm_open_noupdate) [error.pcm] Unknown PCM dmix:0
ALSA lib confmisc.c:855:(parse_card) [error.core] cannot find card '0'
ALSA lib conf.c:5211:(_snd_config_evaluate) [error.core] function snd_func_card_id returned error: No such file or directory
ALSA lib confmisc.c:422:(snd_func_concat) [error.core] error evaluating strings
ALSA lib conf.c:5211:(_snd_config_evaluate) [error.core] function snd_func_concat returned error: No such file or directory
ALSA lib confmisc.c:1342:(snd_func_refer) [error.core] error evaluating name
ALSA lib conf.c:5211:(_snd_config_evaluate) [error.core] function snd_func_refer returned error: No such file or directory
ALSA lib conf.c:5734:(snd_config_expand) [error.core] Evaluate error: No such file or directory
ALSA lib pcm.c:2722:(snd_pcm_open_noupdate) [error.pcm] Unknown PCM dmix:0,0
ALSA lib confmisc.c:165:(snd_config_get_card) [error.core] Cannot get card index for 0
ALSA lib confmisc.c:165:(snd_config_get_card) [error.core] Cannot get card index for 0
ALSA lib confmisc.c:165:(snd_config_get_card) [error.core] Cannot get card index for 0
Cannot connect to server socket err = Operation not permitted
Cannot connect to server request channel
jack server is not running or cannot be started
JackShmReadWritePtr::~JackShmReadWritePtr - Init not done for -1, skipping unlock
JackShmReadWritePtr::~JackShmReadWritePtr - Init not done for -1, skipping unlock
