{"kind":"validation","checks":5393305,"failures":0,"normal_exponent_pairs":4186116,"interval_endpoint_checks":950415,"rotation_checks":245000,"fixture_rows":823,"primitive_pairs":887,"predicate_comparison_failures":0,"oracle_hit_failures":0,"original_fallbacks":35,"candidate_fallbacks":35}
{"kind":"microbenchmark","workload":0,"trial":0,"variant":"original","pairs":6144,"ms":19.220555999999998,"checksum":-8247633.1513671875}
{"kind":"microbenchmark","workload":0,"trial":0,"variant":"exponent_guard","pairs":6144,"ms":15.710000000000001,"checksum":-8247633.1513671875}
{"kind":"microbenchmark","workload":0,"trial":0,"variant":"hoisted_products","pairs":6144,"ms":18.563272000000001,"checksum":-8247633.1513671875}
{"kind":"microbenchmark","workload":0,"trial":0,"variant":"prepared_rotations","pairs":6144,"ms":13.264825999999999,"checksum":-8247633.1513671875}
{"kind":"microbenchmark","workload":0,"trial":0,"variant":"sign_selected","pairs":6144,"ms":18.878143000000001,"checksum":-8247633.1513671875}
{"kind":"microbenchmark","workload":0,"trial":1,"variant":"exponent_guard","pairs":6144,"ms":15.422071000000001,"checksum":-8247633.1513671875}
{"kind":"microbenchmark","workload":0,"trial":1,"variant":"hoisted_products","pairs":6144,"ms":18.704595999999999,"checksum":-8247633.1513671875}
{"kind":"microbenchmark","workload":0,"trial":1,"variant":"prepared_rotations","pairs":6144,"ms":13.003221999999999,"checksum":-8247633.1513671875}
{"kind":"microbenchmark","workload":0,"trial":1,"variant":"sign_selected","pairs":6144,"ms":18.741406999999999,"checksum":-8247633.1513671875}
{"kind":"microbenchmark","workload":0,"trial":1,"variant":"original","pairs":6144,"ms":19.167981000000001,"checksum":-8247633.1513671875}
{"kind":"microbenchmark","workload":0,"trial":2,"variant":"hoisted_products","pairs":6144,"ms":19.171489999999999,"checksum":-8247633.1513671875}
{"kind":"microbenchmark","workload":0,"trial":2,"variant":"prepared_rotations","pairs":6144,"ms":13.132154999999999,"checksum":-8247633.1513671875}
{"kind":"microbenchmark","workload":0,"trial":2,"variant":"sign_selected","pairs":6144,"ms":18.825847,"checksum":-8247633.1513671875}
{"kind":"microbenchmark","workload":0,"trial":2,"variant":"original","pairs":6144,"ms":19.142519,"checksum":-8247633.1513671875}
{"kind":"microbenchmark","workload":0,"trial":2,"variant":"exponent_guard","pairs":6144,"ms":15.749658999999999,"checksum":-8247633.1513671875}
{"kind":"microbenchmark","workload":0,"trial":3,"variant":"prepared_rotations","pairs":6144,"ms":13.563145,"checksum":-8247633.1513671875}
{"kind":"microbenchmark","workload":0,"trial":3,"variant":"sign_selected","pairs":6144,"ms":19.223708999999999,"checksum":-8247633.1513671875}
{"kind":"microbenchmark","workload":0,"trial":3,"variant":"original","pairs":6144,"ms":19.010202,"checksum":-8247633.1513671875}
{"kind":"microbenchmark","workload":0,"trial":3,"variant":"exponent_guard","pairs":6144,"ms":15.351429,"checksum":-8247633.1513671875}
{"kind":"microbenchmark","workload":0,"trial":3,"variant":"hoisted_products","pairs":6144,"ms":19.325385000000001,"checksum":-8247633.1513671875}
{"kind":"microbenchmark","workload":0,"trial":4,"variant":"sign_selected","pairs":6144,"ms":18.804089999999999,"checksum":-8247633.1513671875}
{"kind":"microbenchmark","workload":0,"trial":4,"variant":"original","pairs":6144,"ms":19.100069000000001,"checksum":-8247633.1513671875}
{"kind":"microbenchmark","workload":0,"trial":4,"variant":"exponent_guard","pairs":6144,"ms":15.35384,"checksum":-8247633.1513671875}
{"kind":"microbenchmark","workload":0,"trial":4,"variant":"hoisted_products","pairs":6144,"ms":18.765160000000002,"checksum":-8247633.1513671875}
{"kind":"microbenchmark","workload":0,"trial":4,"variant":"prepared_rotations","pairs":6144,"ms":13.094506000000001,"checksum":-8247633.1513671875}
{"kind":"microbenchmark","workload":0,"trial":5,"variant":"original","pairs":6144,"ms":21.322175000000001,"checksum":-8247633.1513671875}
{"kind":"microbenchmark","workload":0,"trial":5,"variant":"exponent_guard","pairs":6144,"ms":16.054697999999998,"checksum":-8247633.1513671875}
{"kind":"microbenchmark","workload":0,"trial":5,"variant":"hoisted_products","pairs":6144,"ms":19.212544999999999,"checksum":-8247633.1513671875}
{"kind":"microbenchmark","workload":0,"trial":5,"variant":"prepared_rotations","pairs":6144,"ms":13.24306,"checksum":-8247633.1513671875}
{"kind":"microbenchmark","workload":0,"trial":5,"variant":"sign_selected","pairs":6144,"ms":18.908501000000001,"checksum":-8247633.1513671875}
{"kind":"microbenchmark","workload":0,"trial":6,"variant":"exponent_guard","pairs":6144,"ms":15.561871999999999,"checksum":-8247633.1513671875}
{"kind":"microbenchmark","workload":0,"trial":6,"variant":"hoisted_products","pairs":6144,"ms":18.815068,"checksum":-8247633.1513671875}
{"kind":"microbenchmark","workload":0,"trial":6,"variant":"prepared_rotations","pairs":6144,"ms":13.235251999999999,"checksum":-8247633.1513671875}
{"kind":"microbenchmark","workload":0,"trial":6,"variant":"sign_selected","pairs":6144,"ms":18.589797000000001,"checksum":-8247633.1513671875}
{"kind":"microbenchmark","workload":0,"trial":6,"variant":"original","pairs":6144,"ms":19.030196,"checksum":-8247633.1513671875}
{"kind":"microbenchmark","workload":1,"trial":0,"variant":"original","pairs":6144,"ms":38.685293000000001,"checksum":-8247647.4030937739}
{"kind":"microbenchmark","workload":1,"trial":0,"variant":"exponent_guard","pairs":6144,"ms":42.661237,"checksum":-8247647.4030937739}
{"kind":"microbenchmark","workload":1,"trial":0,"variant":"hoisted_products","pairs":6144,"ms":36.819392000000001,"checksum":-8247647.4030937739}
{"kind":"microbenchmark","workload":1,"trial":0,"variant":"prepared_rotations","pairs":6144,"ms":38.743067000000003,"checksum":-8247647.4030937739}
{"kind":"microbenchmark","workload":1,"trial":0,"variant":"sign_selected","pairs":6144,"ms":35.797418999999998,"checksum":-8247647.4030937739}
{"kind":"microbenchmark","workload":1,"trial":1,"variant":"exponent_guard","pairs":6144,"ms":42.954994999999997,"checksum":-8247647.4030937739}
{"kind":"microbenchmark","workload":1,"trial":1,"variant":"hoisted_products","pairs":6144,"ms":38.754967999999998,"checksum":-8247647.4030937739}
{"kind":"microbenchmark","workload":1,"trial":1,"variant":"prepared_rotations","pairs":6144,"ms":39.726655999999998,"checksum":-8247647.4030937739}
{"kind":"microbenchmark","workload":1,"trial":1,"variant":"sign_selected","pairs":6144,"ms":35.876877999999998,"checksum":-8247647.4030937739}
{"kind":"microbenchmark","workload":1,"trial":1,"variant":"original","pairs":6144,"ms":38.644880999999998,"checksum":-8247647.4030937739}
{"kind":"microbenchmark","workload":1,"trial":2,"variant":"hoisted_products","pairs":6144,"ms":36.899377000000001,"checksum":-8247647.4030937739}
{"kind":"microbenchmark","workload":1,"trial":2,"variant":"prepared_rotations","pairs":6144,"ms":39.172497,"checksum":-8247647.4030937739}
{"kind":"microbenchmark","workload":1,"trial":2,"variant":"sign_selected","pairs":6144,"ms":36.360148000000002,"checksum":-8247647.4030937739}
{"kind":"microbenchmark","workload":1,"trial":2,"variant":"original","pairs":6144,"ms":39.470329999999997,"checksum":-8247647.4030937739}
{"kind":"microbenchmark","workload":1,"trial":2,"variant":"exponent_guard","pairs":6144,"ms":43.323647000000001,"checksum":-8247647.4030937739}
{"kind":"microbenchmark","workload":1,"trial":3,"variant":"prepared_rotations","pairs":6144,"ms":39.367463999999998,"checksum":-8247647.4030937739}
{"kind":"microbenchmark","workload":1,"trial":3,"variant":"sign_selected","pairs":6144,"ms":36.494024000000003,"checksum":-8247647.4030937739}
{"kind":"microbenchmark","workload":1,"trial":3,"variant":"original","pairs":6144,"ms":38.355491999999998,"checksum":-8247647.4030937739}
{"kind":"microbenchmark","workload":1,"trial":3,"variant":"exponent_guard","pairs":6144,"ms":42.578406999999999,"checksum":-8247647.4030937739}
{"kind":"microbenchmark","workload":1,"trial":3,"variant":"hoisted_products","pairs":6144,"ms":36.736400000000003,"checksum":-8247647.4030937739}
{"kind":"microbenchmark","workload":1,"trial":4,"variant":"sign_selected","pairs":6144,"ms":36.200712000000003,"checksum":-8247647.4030937739}
{"kind":"microbenchmark","workload":1,"trial":4,"variant":"original","pairs":6144,"ms":39.749639999999999,"checksum":-8247647.4030937739}
{"kind":"microbenchmark","workload":1,"trial":4,"variant":"exponent_guard","pairs":6144,"ms":42.979073,"checksum":-8247647.4030937739}
{"kind":"microbenchmark","workload":1,"trial":4,"variant":"hoisted_products","pairs":6144,"ms":37.123007000000001,"checksum":-8247647.4030937739}
{"kind":"microbenchmark","workload":1,"trial":4,"variant":"prepared_rotations","pairs":6144,"ms":39.082425999999998,"checksum":-8247647.4030937739}
{"kind":"microbenchmark","workload":1,"trial":5,"variant":"original","pairs":6144,"ms":38.679129000000003,"checksum":-8247647.4030937739}
{"kind":"microbenchmark","workload":1,"trial":5,"variant":"exponent_guard","pairs":6144,"ms":43.250452000000003,"checksum":-8247647.4030937739}
{"kind":"microbenchmark","workload":1,"trial":5,"variant":"hoisted_products","pairs":6144,"ms":38.373300999999998,"checksum":-8247647.4030937739}
{"kind":"microbenchmark","workload":1,"trial":5,"variant":"prepared_rotations","pairs":6144,"ms":40.881869000000002,"checksum":-8247647.4030937739}
{"kind":"microbenchmark","workload":1,"trial":5,"variant":"sign_selected","pairs":6144,"ms":37.282628000000003,"checksum":-8247647.4030937739}
{"kind":"microbenchmark","workload":1,"trial":6,"variant":"exponent_guard","pairs":6144,"ms":43.527031999999998,"checksum":-8247647.4030937739}
{"kind":"microbenchmark","workload":1,"trial":6,"variant":"hoisted_products","pairs":6144,"ms":38.050069999999998,"checksum":-8247647.4030937739}
{"kind":"microbenchmark","workload":1,"trial":6,"variant":"prepared_rotations","pairs":6144,"ms":39.856771999999999,"checksum":-8247647.4030937739}
{"kind":"microbenchmark","workload":1,"trial":6,"variant":"sign_selected","pairs":6144,"ms":37.037936000000002,"checksum":-8247647.4030937739}
{"kind":"microbenchmark","workload":1,"trial":6,"variant":"original","pairs":6144,"ms":40.461824,"checksum":-8247647.4030937739}
{"kind":"microbenchmark","workload":2,"trial":0,"variant":"original","pairs":6144,"ms":97.953974000000002,"checksum":-43864297.960308172}
{"kind":"microbenchmark","workload":2,"trial":0,"variant":"exponent_guard","pairs":6144,"ms":114.643463,"checksum":-43864297.960308172}
{"kind":"microbenchmark","workload":2,"trial":0,"variant":"hoisted_products","pairs":6144,"ms":89.807648999999998,"checksum":-43864297.960308172}
{"kind":"microbenchmark","workload":2,"trial":0,"variant":"prepared_rotations","pairs":6144,"ms":112.973341,"checksum":-43864297.960308172}
{"kind":"microbenchmark","workload":2,"trial":0,"variant":"sign_selected","pairs":6144,"ms":83.838250000000002,"checksum":-43864297.960308172}
{"kind":"microbenchmark","workload":2,"trial":1,"variant":"exponent_guard","pairs":6144,"ms":115.11711,"checksum":-43864297.960308172}
{"kind":"microbenchmark","workload":2,"trial":1,"variant":"hoisted_products","pairs":6144,"ms":84.792563999999999,"checksum":-43864297.960308172}
{"kind":"microbenchmark","workload":2,"trial":1,"variant":"prepared_rotations","pairs":6144,"ms":104.42417500000001,"checksum":-43864297.960308172}
{"kind":"microbenchmark","workload":2,"trial":1,"variant":"sign_selected","pairs":6144,"ms":82.703759000000005,"checksum":-43864297.960308172}
{"kind":"microbenchmark","workload":2,"trial":1,"variant":"original","pairs":6144,"ms":103.855709,"checksum":-43864297.960308172}
{"kind":"microbenchmark","workload":2,"trial":2,"variant":"hoisted_products","pairs":6144,"ms":99.621261000000004,"checksum":-43864297.960308172}
{"kind":"microbenchmark","workload":2,"trial":2,"variant":"prepared_rotations","pairs":6144,"ms":106.16067,"checksum":-43864297.960308172}
{"kind":"microbenchmark","workload":2,"trial":2,"variant":"sign_selected","pairs":6144,"ms":82.851750999999993,"checksum":-43864297.960308172}
{"kind":"microbenchmark","workload":2,"trial":2,"variant":"original","pairs":6144,"ms":93.072866000000005,"checksum":-43864297.960308172}
{"kind":"microbenchmark","workload":2,"trial":2,"variant":"exponent_guard","pairs":6144,"ms":112.425203,"checksum":-43864297.960308172}
{"kind":"microbenchmark","workload":2,"trial":3,"variant":"prepared_rotations","pairs":6144,"ms":109.38019799999999,"checksum":-43864297.960308172}
{"kind":"microbenchmark","workload":2,"trial":3,"variant":"sign_selected","pairs":6144,"ms":85.777569999999997,"checksum":-43864297.960308172}
{"kind":"microbenchmark","workload":2,"trial":3,"variant":"original","pairs":6144,"ms":97.151505999999998,"checksum":-43864297.960308172}
{"kind":"microbenchmark","workload":2,"trial":3,"variant":"exponent_guard","pairs":6144,"ms":113.896659,"checksum":-43864297.960308172}
{"kind":"microbenchmark","workload":2,"trial":3,"variant":"hoisted_products","pairs":6144,"ms":89.908812999999995,"checksum":-43864297.960308172}
{"kind":"microbenchmark","workload":2,"trial":4,"variant":"sign_selected","pairs":6144,"ms":85.729489000000001,"checksum":-43864297.960308172}
{"kind":"microbenchmark","workload":2,"trial":4,"variant":"original","pairs":6144,"ms":93.806369000000004,"checksum":-43864297.960308172}
{"kind":"microbenchmark","workload":2,"trial":4,"variant":"exponent_guard","pairs":6144,"ms":109.68196399999999,"checksum":-43864297.960308172}
{"kind":"microbenchmark","workload":2,"trial":4,"variant":"hoisted_products","pairs":6144,"ms":85.738060000000004,"checksum":-43864297.960308172}
{"kind":"microbenchmark","workload":2,"trial":4,"variant":"prepared_rotations","pairs":6144,"ms":107.257313,"checksum":-43864297.960308172}
{"kind":"microbenchmark","workload":2,"trial":5,"variant":"original","pairs":6144,"ms":94.923524,"checksum":-43864297.960308172}
{"kind":"microbenchmark","workload":2,"trial":5,"variant":"exponent_guard","pairs":6144,"ms":128.22733700000001,"checksum":-43864297.960308172}
{"kind":"microbenchmark","workload":2,"trial":5,"variant":"hoisted_products","pairs":6144,"ms":115.952234,"checksum":-43864297.960308172}
{"kind":"microbenchmark","workload":2,"trial":5,"variant":"prepared_rotations","pairs":6144,"ms":116.02774100000001,"checksum":-43864297.960308172}
{"kind":"microbenchmark","workload":2,"trial":5,"variant":"sign_selected","pairs":6144,"ms":89.125089000000003,"checksum":-43864297.960308172}
{"kind":"microbenchmark","workload":2,"trial":6,"variant":"exponent_guard","pairs":6144,"ms":134.55562800000001,"checksum":-43864297.960308172}
{"kind":"microbenchmark","workload":2,"trial":6,"variant":"hoisted_products","pairs":6144,"ms":129.09618599999999,"checksum":-43864297.960308172}
{"kind":"microbenchmark","workload":2,"trial":6,"variant":"prepared_rotations","pairs":6144,"ms":112.20681500000001,"checksum":-43864297.960308172}
{"kind":"microbenchmark","workload":2,"trial":6,"variant":"sign_selected","pairs":6144,"ms":85.063488000000007,"checksum":-43864297.960308172}
{"kind":"microbenchmark","workload":2,"trial":6,"variant":"original","pairs":6144,"ms":95.376675000000006,"checksum":-43864297.960308172}
