{"kind":"bounds_cache_validation","cases":60000,"bitwise_mismatches":0}
{"kind":"bounds_microbenchmark","workload":0,"cached":false,"trial":0,"queries":24576,"ms":5.6633880000000003,"checksum":-96668.319958686829}
{"kind":"bounds_microbenchmark","workload":0,"cached":true,"trial":0,"queries":24576,"ms":1.0834189999999999,"checksum":-96668.319958686829}
{"kind":"bounds_microbenchmark","workload":0,"cached":true,"trial":1,"queries":24576,"ms":1.0228219999999999,"checksum":-96668.319958686829}
{"kind":"bounds_microbenchmark","workload":0,"cached":false,"trial":1,"queries":24576,"ms":5.2675029999999996,"checksum":-96668.319958686829}
{"kind":"bounds_microbenchmark","workload":0,"cached":false,"trial":2,"queries":24576,"ms":5.6171579999999999,"checksum":-96668.319958686829}
{"kind":"bounds_microbenchmark","workload":0,"cached":true,"trial":2,"queries":24576,"ms":1.029175,"checksum":-96668.319958686829}
{"kind":"bounds_microbenchmark","workload":0,"cached":true,"trial":3,"queries":24576,"ms":1.0056769999999999,"checksum":-96668.319958686829}
{"kind":"bounds_microbenchmark","workload":0,"cached":false,"trial":3,"queries":24576,"ms":5.4928270000000001,"checksum":-96668.319958686829}
{"kind":"bounds_microbenchmark","workload":0,"cached":false,"trial":4,"queries":24576,"ms":5.4953849999999997,"checksum":-96668.319958686829}
{"kind":"bounds_microbenchmark","workload":0,"cached":true,"trial":4,"queries":24576,"ms":1.0472539999999999,"checksum":-96668.319958686829}
{"kind":"bounds_microbenchmark","workload":0,"cached":true,"trial":5,"queries":24576,"ms":1.1678379999999999,"checksum":-96668.319958686829}
{"kind":"bounds_microbenchmark","workload":0,"cached":false,"trial":5,"queries":24576,"ms":5.5810680000000001,"checksum":-96668.319958686829}
{"kind":"bounds_microbenchmark","workload":0,"cached":false,"trial":6,"queries":24576,"ms":5.4588159999999997,"checksum":-96668.319958686829}
{"kind":"bounds_microbenchmark","workload":0,"cached":true,"trial":6,"queries":24576,"ms":1.141151,"checksum":-96668.319958686829}
{"kind":"bounds_microbenchmark","workload":1,"cached":false,"trial":0,"queries":24576,"ms":20.531143,"checksum":132022.52417111397}
{"kind":"bounds_microbenchmark","workload":1,"cached":true,"trial":0,"queries":24576,"ms":1.8718939999999999,"checksum":132022.52417111397}
{"kind":"bounds_microbenchmark","workload":1,"cached":true,"trial":1,"queries":24576,"ms":1.8571169999999999,"checksum":132022.52417111397}
{"kind":"bounds_microbenchmark","workload":1,"cached":false,"trial":1,"queries":24576,"ms":21.990295,"checksum":132022.52417111397}
{"kind":"bounds_microbenchmark","workload":1,"cached":false,"trial":2,"queries":24576,"ms":20.469555,"checksum":132022.52417111397}
{"kind":"bounds_microbenchmark","workload":1,"cached":true,"trial":2,"queries":24576,"ms":2.041261,"checksum":132022.52417111397}
{"kind":"bounds_microbenchmark","workload":1,"cached":true,"trial":3,"queries":24576,"ms":1.898107,"checksum":132022.52417111397}
{"kind":"bounds_microbenchmark","workload":1,"cached":false,"trial":3,"queries":24576,"ms":21.468781,"checksum":132022.52417111397}
{"kind":"bounds_microbenchmark","workload":1,"cached":false,"trial":4,"queries":24576,"ms":20.571052000000002,"checksum":132022.52417111397}
{"kind":"bounds_microbenchmark","workload":1,"cached":true,"trial":4,"queries":24576,"ms":1.868104,"checksum":132022.52417111397}
{"kind":"bounds_microbenchmark","workload":1,"cached":true,"trial":5,"queries":24576,"ms":2.0936439999999998,"checksum":132022.52417111397}
{"kind":"bounds_microbenchmark","workload":1,"cached":false,"trial":5,"queries":24576,"ms":20.496057,"checksum":132022.52417111397}
{"kind":"bounds_microbenchmark","workload":1,"cached":false,"trial":6,"queries":24576,"ms":20.589079999999999,"checksum":132022.52417111397}
{"kind":"bounds_microbenchmark","workload":1,"cached":true,"trial":6,"queries":24576,"ms":1.926302,"checksum":132022.52417111397}
{"kind":"bounds_microbenchmark","workload":2,"cached":false,"trial":0,"queries":24576,"ms":25.729149,"checksum":-4826.1222199033946}
{"kind":"bounds_microbenchmark","workload":2,"cached":true,"trial":0,"queries":24576,"ms":2.9675349999999998,"checksum":-4826.1222199033946}
{"kind":"bounds_microbenchmark","workload":2,"cached":true,"trial":1,"queries":24576,"ms":2.9523030000000001,"checksum":-4826.1222199033946}
{"kind":"bounds_microbenchmark","workload":2,"cached":false,"trial":1,"queries":24576,"ms":25.696587000000001,"checksum":-4826.1222199033946}
{"kind":"bounds_microbenchmark","workload":2,"cached":false,"trial":2,"queries":24576,"ms":25.532166,"checksum":-4826.1222199033946}
{"kind":"bounds_microbenchmark","workload":2,"cached":true,"trial":2,"queries":24576,"ms":3.2009910000000001,"checksum":-4826.1222199033946}
{"kind":"bounds_microbenchmark","workload":2,"cached":true,"trial":3,"queries":24576,"ms":2.9521890000000002,"checksum":-4826.1222199033946}
{"kind":"bounds_microbenchmark","workload":2,"cached":false,"trial":3,"queries":24576,"ms":25.570606000000002,"checksum":-4826.1222199033946}
{"kind":"bounds_microbenchmark","workload":2,"cached":false,"trial":4,"queries":24576,"ms":25.322365999999999,"checksum":-4826.1222199033946}
{"kind":"bounds_microbenchmark","workload":2,"cached":true,"trial":4,"queries":24576,"ms":3.2662040000000001,"checksum":-4826.1222199033946}
{"kind":"bounds_microbenchmark","workload":2,"cached":true,"trial":5,"queries":24576,"ms":3.6287820000000002,"checksum":-4826.1222199033946}
{"kind":"bounds_microbenchmark","workload":2,"cached":false,"trial":5,"queries":24576,"ms":25.676618000000001,"checksum":-4826.1222199033946}
{"kind":"bounds_microbenchmark","workload":2,"cached":false,"trial":6,"queries":24576,"ms":25.389337999999999,"checksum":-4826.1222199033946}
{"kind":"bounds_microbenchmark","workload":2,"cached":true,"trial":6,"queries":24576,"ms":3.0957119999999998,"checksum":-4826.1222199033946}
