configure: exit=0, 0.215s
build: exit=0, 69.792s
async_application: exit=0, 0.966s
judas_scene_tests: exit=0, 0.033s
judas_lifecycle_tests: exit=0, 0.415s
judas_project_tests: exit=-6, 0.315s
judas_job_tests: exit=0, 0.064s
judas_physics_tests: exit=0, 0.004s
judas_rigid_contact_tests: exit=0, 2.870s
judas_broadphase_tests: exit=0, 25.276s
judas_collision_tests: exit=0, 0.034s
judas_celestial_gravity_tests: exit=0, 0.065s
judas_asset_tests: exit=0, 0.012s
judas_step_climb_tests: exit=0, 0.004s
judas_pilot_attachment_tests: exit=0, 0.002s
judas_pilot_dismount_tests: exit=0, 0.004s
judas_spacecraft_control_tests: exit=0, 0.010s
judas_spacecraft_flight_tests: exit=0, 0.037s
judas_reference_frame_tests: exit=0, 0.004s
judas_ui_tests: exit=0, 0.017s
judas_lighting_tests: exit=0, 0.009s
judas_shadow_tests: exit=0, 0.002s
judas_interactable_tests: exit=0, 0.008s
judas_player_view_tests: exit=0, 0.002s
judas_object_manipulation_tests: exit=0, 0.004s
judas_player_curved_locomotion_tests: exit=0, 0.115s
judas_world_coordinates_tests: exit=0, 0.032s
judas_compound_body_tests: exit=0, 0.114s
judas_fluid_world_tests: exit=0, 0.615s
judas_fluid_rigid_coupling_tests: exit=0, 10.937s
judas_fluid_surface_tests: exit=0, 0.009s
judas_terrain_physics_tests: exit=-6, 0.215s
judas_terrain_fluid_tests: exit=-6, 9.983s
judas_atmosphere_tests: exit=0, 0.016s
judas_atmospheric_flight_tests: exit=0, 0.016s
judas_combustion_tests: exit=0, 0.064s
judas_scene_fingerprint_tests: exit=0, 0.032s
judas_world_state_tests: exit=0, 0.032s
judas_uniform_gravity_scene_tests: exit=0, 0.115s
judas_contact_geometry_tests: exit=0, 0.065s
judas_contact_lifecycle_tests: exit=0, 0.016s
judas_contact_cache_tests: exit=0, 0.032s
judas_contact_storage_tests: exit=0, 0.114s
judas_rigid_motion_tests: exit=0, 0.004s
judas_impact_solver_tests: exit=0, 0.004s
judas_impact_timing_tests: exit=0, 0.016s
editor_async: exit=0, 0.315s
runtime_blocking_reference: exit=0, 0.114s
m31_resource_stress: exit=0, 6.488s
{
  "overall_pass": false,
  "checks": {
    "integration_all_12_cases": true,
    "editor_play_stop_async": true,
    "blocking_reference_three_steps": true,
    "tested_sources_unchanged_during_run": true,
    "protected_paths_unchanged": true
  },
  "seconds": 129.8536590520016
}
