FAIL z_positive_half_default_q_near original sample vector 0
FAIL z_positive_half_default_q_near direction 0
FAIL z_positive_half_default_q_near original sample vector 1
FAIL z_positive_half_default_q_near direction 1
FAIL z_positive_half_default_q_near original sample vector 2
FAIL z_positive_half_default_q_near direction 2
FAIL z_positive_half_default_q_near original sample vector 3
FAIL z_positive_half_default_q_near direction 3
FAIL z_positive_half_default_q_near original sample vector 4
FAIL z_positive_half_default_q_near direction 4
FAIL z_positive_half_default_q_near original sample vector 5
FAIL z_positive_half_default_q_near direction 5
FAIL z_positive_half_default_q_near original free-body velocity step 1
FAIL z_positive_half_default_q_near original free-body velocity step 10
FAIL z_positive_half_default_q_near original free-body velocity step 60
FAIL z_positive_half_default_q_near original free-body velocity step 120
CASE z_positive_half_default_q_near original FAIL expected=	4.90500019742411e-06	-9.81000041961547	-0 observed=	0	-9.8100004196167	0 velocity120=	0	-19.6199855804443	0
FAIL z_positive_half_default_q_near roundtrip sample vector 0
FAIL z_positive_half_default_q_near direction 0
FAIL z_positive_half_default_q_near roundtrip sample vector 1
FAIL z_positive_half_default_q_near direction 1
FAIL z_positive_half_default_q_near roundtrip sample vector 2
FAIL z_positive_half_default_q_near direction 2
FAIL z_positive_half_default_q_near roundtrip sample vector 3
FAIL z_positive_half_default_q_near direction 3
FAIL z_positive_half_default_q_near roundtrip sample vector 4
FAIL z_positive_half_default_q_near direction 4
FAIL z_positive_half_default_q_near roundtrip sample vector 5
FAIL z_positive_half_default_q_near direction 5
FAIL z_positive_half_default_q_near roundtrip free-body velocity step 1
FAIL z_positive_half_default_q_near roundtrip free-body velocity step 10
FAIL z_positive_half_default_q_near roundtrip free-body velocity step 60
FAIL z_positive_half_default_q_near roundtrip free-body velocity step 120
CASE z_positive_half_default_q_near roundtrip FAIL expected=	4.90500019742411e-06	-9.81000041961547	-0 observed=	0	-9.8100004196167	0 velocity120=	0	-19.6199855804443	0
FAIL z_positive_half_default_q_far original sample vector 0
FAIL z_positive_half_default_q_far direction 0
FAIL z_positive_half_default_q_far original sample vector 1
FAIL z_positive_half_default_q_far direction 1
FAIL z_positive_half_default_q_far original sample vector 2
FAIL z_positive_half_default_q_far direction 2
FAIL z_positive_half_default_q_far original sample vector 3
FAIL z_positive_half_default_q_far direction 3
FAIL z_positive_half_default_q_far original sample vector 4
FAIL z_positive_half_default_q_far direction 4
FAIL z_positive_half_default_q_far original sample vector 5
FAIL z_positive_half_default_q_far direction 5
FAIL z_positive_half_default_q_far original free-body velocity step 1
FAIL z_positive_half_default_q_far original free-body velocity step 10
FAIL z_positive_half_default_q_far original free-body velocity step 60
FAIL z_positive_half_default_q_far original free-body velocity step 120
CASE z_positive_half_default_q_far original FAIL expected=	4.90500019742411e-06	-9.81000041961547	-0 observed=	0	-9.8100004196167	0 velocity120=	0	-19.6199855804443	0
FAIL z_positive_half_default_q_far roundtrip sample vector 0
FAIL z_positive_half_default_q_far direction 0
FAIL z_positive_half_default_q_far roundtrip sample vector 1
FAIL z_positive_half_default_q_far direction 1
FAIL z_positive_half_default_q_far roundtrip sample vector 2
FAIL z_positive_half_default_q_far direction 2
FAIL z_positive_half_default_q_far roundtrip sample vector 3
FAIL z_positive_half_default_q_far direction 3
FAIL z_positive_half_default_q_far roundtrip sample vector 4
FAIL z_positive_half_default_q_far direction 4
FAIL z_positive_half_default_q_far roundtrip sample vector 5
FAIL z_positive_half_default_q_far direction 5
FAIL z_positive_half_default_q_far roundtrip free-body velocity step 1
FAIL z_positive_half_default_q_far roundtrip free-body velocity step 10
FAIL z_positive_half_default_q_far roundtrip free-body velocity step 60
FAIL z_positive_half_default_q_far roundtrip free-body velocity step 120
CASE z_positive_half_default_q_far roundtrip FAIL expected=	4.90500019742411e-06	-9.81000041961547	-0 observed=	0	-9.8100004196167	0 velocity120=	0	-19.6199855804443	0
FAIL z_positive_half_default_minus_q_near original sample vector 0
FAIL z_positive_half_default_minus_q_near direction 0
FAIL z_positive_half_default_minus_q_near original sample vector 1
FAIL z_positive_half_default_minus_q_near direction 1
FAIL z_positive_half_default_minus_q_near original sample vector 2
FAIL z_positive_half_default_minus_q_near direction 2
FAIL z_positive_half_default_minus_q_near original sample vector 3
FAIL z_positive_half_default_minus_q_near direction 3
FAIL z_positive_half_default_minus_q_near original sample vector 4
FAIL z_positive_half_default_minus_q_near direction 4
FAIL z_positive_half_default_minus_q_near original sample vector 5
FAIL z_positive_half_default_minus_q_near direction 5
FAIL z_positive_half_default_minus_q_near original free-body velocity step 1
FAIL z_positive_half_default_minus_q_near original free-body velocity step 10
FAIL z_positive_half_default_minus_q_near original free-body velocity step 60
FAIL z_positive_half_default_minus_q_near original free-body velocity step 120
CASE z_positive_half_default_minus_q_near original FAIL expected=	4.90500019742411e-06	-9.81000041961547	-0 observed=	0	-9.8100004196167	0 velocity120=	0	-19.6199855804443	0
FAIL z_positive_half_default_minus_q_near roundtrip sample vector 0
FAIL z_positive_half_default_minus_q_near direction 0
FAIL z_positive_half_default_minus_q_near roundtrip sample vector 1
FAIL z_positive_half_default_minus_q_near direction 1
FAIL z_positive_half_default_minus_q_near roundtrip sample vector 2
FAIL z_positive_half_default_minus_q_near direction 2
FAIL z_positive_half_default_minus_q_near roundtrip sample vector 3
FAIL z_positive_half_default_minus_q_near direction 3
FAIL z_positive_half_default_minus_q_near roundtrip sample vector 4
FAIL z_positive_half_default_minus_q_near direction 4
FAIL z_positive_half_default_minus_q_near roundtrip sample vector 5
FAIL z_positive_half_default_minus_q_near direction 5
FAIL z_positive_half_default_minus_q_near roundtrip free-body velocity step 1
FAIL z_positive_half_default_minus_q_near roundtrip free-body velocity step 10
FAIL z_positive_half_default_minus_q_near roundtrip free-body velocity step 60
FAIL z_positive_half_default_minus_q_near roundtrip free-body velocity step 120
CASE z_positive_half_default_minus_q_near roundtrip FAIL expected=	4.90500019742411e-06	-9.81000041961547	-0 observed=	0	-9.8100004196167	0 velocity120=	0	-19.6199855804443	0
FAIL z_positive_half_default_minus_q_far original sample vector 0
FAIL z_positive_half_default_minus_q_far direction 0
FAIL z_positive_half_default_minus_q_far original sample vector 1
FAIL z_positive_half_default_minus_q_far direction 1
FAIL z_positive_half_default_minus_q_far original sample vector 2
FAIL z_positive_half_default_minus_q_far direction 2
FAIL z_positive_half_default_minus_q_far original sample vector 3
FAIL z_positive_half_default_minus_q_far direction 3
FAIL z_positive_half_default_minus_q_far original sample vector 4
FAIL z_positive_half_default_minus_q_far direction 4
FAIL z_positive_half_default_minus_q_far original sample vector 5
FAIL z_positive_half_default_minus_q_far direction 5
FAIL z_positive_half_default_minus_q_far original free-body velocity step 1
FAIL z_positive_half_default_minus_q_far original free-body velocity step 10
FAIL z_positive_half_default_minus_q_far original free-body velocity step 60
FAIL z_positive_half_default_minus_q_far original free-body velocity step 120
CASE z_positive_half_default_minus_q_far original FAIL expected=	4.90500019742411e-06	-9.81000041961547	-0 observed=	0	-9.8100004196167	0 velocity120=	0	-19.6199855804443	0
FAIL z_positive_half_default_minus_q_far roundtrip sample vector 0
FAIL z_positive_half_default_minus_q_far direction 0
FAIL z_positive_half_default_minus_q_far roundtrip sample vector 1
FAIL z_positive_half_default_minus_q_far direction 1
FAIL z_positive_half_default_minus_q_far roundtrip sample vector 2
FAIL z_positive_half_default_minus_q_far direction 2
FAIL z_positive_half_default_minus_q_far roundtrip sample vector 3
FAIL z_positive_half_default_minus_q_far direction 3
FAIL z_positive_half_default_minus_q_far roundtrip sample vector 4
FAIL z_positive_half_default_minus_q_far direction 4
FAIL z_positive_half_default_minus_q_far roundtrip sample vector 5
FAIL z_positive_half_default_minus_q_far direction 5
FAIL z_positive_half_default_minus_q_far roundtrip free-body velocity step 1
FAIL z_positive_half_default_minus_q_far roundtrip free-body velocity step 10
FAIL z_positive_half_default_minus_q_far roundtrip free-body velocity step 60
FAIL z_positive_half_default_minus_q_far roundtrip free-body velocity step 120
CASE z_positive_half_default_minus_q_far roundtrip FAIL expected=	4.90500019742411e-06	-9.81000041961547	-0 observed=	0	-9.8100004196167	0 velocity120=	0	-19.6199855804443	0
UniformGravityScene: FAIL scenes=4 runtime_constructions=8 steps=960 checks=344 failures=128
