[  0%] Building C object CMakeFiles/judas_glad.dir/third_party/glad/src/gl.c.o
[  0%] Building CXX object CMakeFiles/judas_imgui.dir/third_party/imgui/imgui.cpp.o
[  0%] Building C object CMakeFiles/judas_audio_backend.dir/src/AudioBackend.c.o
[  0%] Building CXX object CMakeFiles/judas_physics_tests.dir/tests/PhysicsPrimitiveTests.cpp.o
[  1%] Linking C static library libjudas_glad.a
[  1%] Built target judas_glad
[  1%] Building CXX object CMakeFiles/judas_imgui.dir/third_party/imgui/imgui_draw.cpp.o
[  2%] Building CXX object CMakeFiles/judas_physics_tests.dir/src/ImpactSolver.cpp.o
[  2%] Building CXX object CMakeFiles/judas_physics_tests.dir/src/RigidBody.cpp.o
[  2%] Building CXX object CMakeFiles/judas_physics_tests.dir/src/RigidBodyGravity.cpp.o
[  2%] Building CXX object CMakeFiles/judas_physics_tests.dir/src/Contacts.cpp.o
[  2%] Building CXX object CMakeFiles/judas_imgui.dir/third_party/imgui/imgui_tables.cpp.o
[  2%] Building CXX object CMakeFiles/judas_physics_tests.dir/src/ContactSolver.cpp.o
[  3%] Building CXX object CMakeFiles/judas_rigid_contact_tests.dir/tests/RigidContactTests.cpp.o
[  3%] Building CXX object CMakeFiles/judas_physics_tests.dir/src/RadialTerrain.cpp.o
[  4%] Building CXX object CMakeFiles/judas_physics_tests.dir/src/Broadphase.cpp.o
[  4%] Building CXX object CMakeFiles/judas_rigid_contact_tests.dir/src/ImpactSolver.cpp.o
[  4%] Building CXX object CMakeFiles/judas_physics_tests.dir/src/Narrowphase.cpp.o
[  4%] Building CXX object CMakeFiles/judas_rigid_contact_tests.dir/src/RigidBody.cpp.o
[  4%] Building CXX object CMakeFiles/judas_rigid_contact_tests.dir/src/RigidBodyGravity.cpp.o
[  4%] Building CXX object CMakeFiles/judas_imgui.dir/third_party/imgui/imgui_widgets.cpp.o
[  4%] Building CXX object CMakeFiles/judas_rigid_contact_tests.dir/src/Contacts.cpp.o
[  4%] Building CXX object CMakeFiles/judas_rigid_contact_tests.dir/src/ContactSolver.cpp.o
[  4%] Building CXX object CMakeFiles/judas_physics_tests.dir/src/FaithfulGravity.cpp.o
[  4%] Building CXX object CMakeFiles/judas_physics_tests.dir/src/RadicalGravity.cpp.o
[  4%] Building CXX object CMakeFiles/judas_physics_tests.dir/src/SphericalVolume.cpp.o
[  4%] Building CXX object CMakeFiles/judas_physics_tests.dir/src/BoxVolume.cpp.o
[  5%] Building CXX object CMakeFiles/judas_rigid_contact_tests.dir/src/RadialTerrain.cpp.o
[  6%] Building CXX object CMakeFiles/judas_physics_tests.dir/src/GravityContextMap.cpp.o
[  6%] Linking CXX executable judas_physics_tests
[  6%] Built target judas_physics_tests
[  6%] Building CXX object CMakeFiles/judas_broadphase_tests.dir/tests/BroadphaseTests.cpp.o
[  6%] Building CXX object CMakeFiles/judas_rigid_contact_tests.dir/src/Broadphase.cpp.o
[  6%] Building CXX object CMakeFiles/judas_rigid_contact_tests.dir/src/Narrowphase.cpp.o
[  6%] Building CXX object CMakeFiles/judas_broadphase_tests.dir/src/ImpactSolver.cpp.o
[  6%] Building CXX object CMakeFiles/judas_imgui.dir/third_party/imgui/backends/imgui_impl_sdl2.cpp.o
[  6%] Building CXX object CMakeFiles/judas_broadphase_tests.dir/src/RigidBody.cpp.o
[  7%] Building CXX object CMakeFiles/judas_broadphase_tests.dir/src/RigidBodyGravity.cpp.o
[  8%] Building CXX object CMakeFiles/judas_imgui.dir/third_party/imgui/backends/imgui_impl_opengl3.cpp.o
[  8%] Linking CXX static library libjudas_imgui.a
[  8%] Building CXX object CMakeFiles/judas_broadphase_tests.dir/src/Contacts.cpp.o
[  8%] Built target judas_imgui
[  8%] Building CXX object CMakeFiles/judas_rigid_contact_tests.dir/src/PhysicsWorld.cpp.o
[  8%] Building CXX object CMakeFiles/judas_broadphase_tests.dir/src/ContactSolver.cpp.o
[  8%] Linking C static library libjudas_audio_backend.a
[  8%] Built target judas_audio_backend
[  8%] Building CXX object CMakeFiles/judas_broadphase_tests.dir/src/RadialTerrain.cpp.o
[  8%] Building CXX object CMakeFiles/judas_collision_tests.dir/tests/CollisionTests.cpp.o
[  9%] Building CXX object CMakeFiles/judas_collision_tests.dir/src/ImpactSolver.cpp.o
[  9%] Building CXX object CMakeFiles/judas_celestial_gravity_tests.dir/tests/CelestialGravityTests.cpp.o
[  9%] Building CXX object CMakeFiles/judas_collision_tests.dir/src/RigidBody.cpp.o
[  9%] Building CXX object CMakeFiles/judas_broadphase_tests.dir/src/Broadphase.cpp.o
[  9%] Building CXX object CMakeFiles/judas_collision_tests.dir/src/RigidBodyGravity.cpp.o
[  9%] Building CXX object CMakeFiles/judas_celestial_gravity_tests.dir/src/ImpactSolver.cpp.o
[  9%] Building CXX object CMakeFiles/judas_collision_tests.dir/src/Contacts.cpp.o
[  9%] Building CXX object CMakeFiles/judas_broadphase_tests.dir/src/Narrowphase.cpp.o
[  9%] Building CXX object CMakeFiles/judas_celestial_gravity_tests.dir/src/RigidBody.cpp.o
[  9%] Building CXX object CMakeFiles/judas_celestial_gravity_tests.dir/src/RigidBodyGravity.cpp.o
[ 10%] Building CXX object CMakeFiles/judas_celestial_gravity_tests.dir/src/Contacts.cpp.o
[ 10%] Building CXX object CMakeFiles/judas_collision_tests.dir/src/ContactSolver.cpp.o
[ 10%] Building CXX object CMakeFiles/judas_collision_tests.dir/src/RadialTerrain.cpp.o
[ 11%] Building CXX object CMakeFiles/judas_broadphase_tests.dir/src/PhysicsWorld.cpp.o
[ 11%] Linking CXX executable judas_rigid_contact_tests
[ 12%] Building CXX object CMakeFiles/judas_collision_tests.dir/src/Broadphase.cpp.o
[ 12%] Built target judas_rigid_contact_tests
[ 12%] Building CXX object CMakeFiles/judas_collision_tests.dir/src/Narrowphase.cpp.o
[ 12%] Building CXX object CMakeFiles/judas_celestial_gravity_tests.dir/src/ContactSolver.cpp.o
[ 12%] Building CXX object CMakeFiles/judas_collision_tests.dir/src/FaithfulGravity.cpp.o
[ 12%] Building CXX object CMakeFiles/judas_asset_tests.dir/tests/AssetTests.cpp.o
[ 12%] Building CXX object CMakeFiles/judas_asset_tests.dir/src/ModelLoader.cpp.o
[ 12%] Building CXX object CMakeFiles/judas_celestial_gravity_tests.dir/src/RadialTerrain.cpp.o
[ 12%] Building CXX object CMakeFiles/judas_celestial_gravity_tests.dir/src/Broadphase.cpp.o
[ 12%] Building CXX object CMakeFiles/judas_celestial_gravity_tests.dir/src/Narrowphase.cpp.o
[ 12%] Building CXX object CMakeFiles/judas_collision_tests.dir/src/RadicalGravity.cpp.o
[ 12%] Building CXX object CMakeFiles/judas_collision_tests.dir/src/SphericalVolume.cpp.o
[ 13%] Building CXX object CMakeFiles/judas_collision_tests.dir/src/BoxVolume.cpp.o
[ 13%] Building CXX object CMakeFiles/judas_collision_tests.dir/src/GravityContextMap.cpp.o
[ 13%] Linking CXX executable judas_collision_tests
[ 13%] Built target judas_collision_tests
[ 14%] Building CXX object CMakeFiles/judas_step_climb_tests.dir/tests/StepClimbTests.cpp.o
[ 14%] Building CXX object CMakeFiles/judas_step_climb_tests.dir/src/StepClimb.cpp.o
[ 14%] Building CXX object CMakeFiles/judas_step_climb_tests.dir/src/ImpactSolver.cpp.o
[ 15%] Building CXX object CMakeFiles/judas_celestial_gravity_tests.dir/src/PhysicsWorld.cpp.o
[ 15%] Building CXX object CMakeFiles/judas_step_climb_tests.dir/src/RigidBody.cpp.o
[ 15%] Linking CXX executable judas_broadphase_tests
[ 15%] Built target judas_broadphase_tests
[ 15%] Building CXX object CMakeFiles/judas_celestial_gravity_tests.dir/src/CelestialGravity.cpp.o
[ 15%] Building CXX object CMakeFiles/judas_step_climb_tests.dir/src/RigidBodyGravity.cpp.o
[ 15%] Building CXX object CMakeFiles/judas_step_climb_tests.dir/src/Contacts.cpp.o
[ 15%] Building CXX object CMakeFiles/judas_asset_tests.dir/src/TextureLoader.cpp.o
[ 16%] Building CXX object CMakeFiles/judas_step_climb_tests.dir/src/ContactSolver.cpp.o
[ 16%] Building CXX object CMakeFiles/judas_step_climb_tests.dir/src/RadialTerrain.cpp.o
[ 16%] Building CXX object CMakeFiles/judas_step_climb_tests.dir/src/Broadphase.cpp.o
[ 16%] Building CXX object CMakeFiles/judas_step_climb_tests.dir/src/Narrowphase.cpp.o
[ 16%] Building CXX object CMakeFiles/judas_step_climb_tests.dir/src/PhysicsWorld.cpp.o
[ 17%] Linking CXX executable judas_asset_tests
[ 17%] Built target judas_asset_tests
[ 17%] Building CXX object CMakeFiles/judas_pilot_attachment_tests.dir/tests/PilotAttachmentTests.cpp.o
[ 17%] Building CXX object CMakeFiles/judas_pilot_attachment_tests.dir/src/PilotAttachment.cpp.o
[ 17%] Linking CXX executable judas_celestial_gravity_tests
[ 17%] Built target judas_celestial_gravity_tests
[ 18%] Building CXX object CMakeFiles/judas_pilot_dismount_tests.dir/tests/PilotDismountTests.cpp.o
[ 18%] Linking CXX executable judas_pilot_attachment_tests
[ 18%] Built target judas_pilot_attachment_tests
[ 18%] Building CXX object CMakeFiles/judas_spacecraft_control_tests.dir/tests/SpacecraftControlTests.cpp.o
[ 18%] Building CXX object CMakeFiles/judas_pilot_dismount_tests.dir/src/PilotAttachment.cpp.o
[ 18%] Building CXX object CMakeFiles/judas_pilot_dismount_tests.dir/src/ImpactSolver.cpp.o
[ 19%] Building CXX object CMakeFiles/judas_spacecraft_control_tests.dir/src/FlyingPrimitiveControl.cpp.o
[ 19%] Building CXX object CMakeFiles/judas_pilot_dismount_tests.dir/src/RigidBody.cpp.o
[ 19%] Building CXX object CMakeFiles/judas_pilot_dismount_tests.dir/src/RigidBodyGravity.cpp.o
[ 19%] Building CXX object CMakeFiles/judas_pilot_dismount_tests.dir/src/Contacts.cpp.o
[ 20%] Building CXX object CMakeFiles/judas_pilot_dismount_tests.dir/src/ContactSolver.cpp.o
[ 20%] Building CXX object CMakeFiles/judas_spacecraft_control_tests.dir/src/Window.cpp.o
[ 20%] Building CXX object CMakeFiles/judas_pilot_dismount_tests.dir/src/RadialTerrain.cpp.o
[ 20%] Building CXX object CMakeFiles/judas_spacecraft_control_tests.dir/src/ImpactSolver.cpp.o
[ 20%] Building CXX object CMakeFiles/judas_pilot_dismount_tests.dir/src/Broadphase.cpp.o
[ 20%] Building CXX object CMakeFiles/judas_pilot_dismount_tests.dir/src/Narrowphase.cpp.o
[ 20%] Building CXX object CMakeFiles/judas_spacecraft_control_tests.dir/src/RigidBody.cpp.o
[ 20%] Building CXX object CMakeFiles/judas_pilot_dismount_tests.dir/src/PhysicsWorld.cpp.o
[ 20%] Building CXX object CMakeFiles/judas_spacecraft_control_tests.dir/src/RigidBodyGravity.cpp.o
[ 21%] Building CXX object CMakeFiles/judas_spacecraft_control_tests.dir/src/Contacts.cpp.o
[ 22%] Linking CXX executable judas_step_climb_tests
[ 22%] Built target judas_step_climb_tests
[ 22%] Building CXX object CMakeFiles/judas_spacecraft_flight_tests.dir/tests/SpacecraftFlightTests.cpp.o
[ 22%] Building CXX object CMakeFiles/judas_spacecraft_flight_tests.dir/src/FlyingPrimitiveControl.cpp.o
[ 22%] Building CXX object CMakeFiles/judas_spacecraft_flight_tests.dir/src/Window.cpp.o
[ 22%] Building CXX object CMakeFiles/judas_reference_frame_tests.dir/tests/ReferenceFrameTests.cpp.o
[ 23%] Building CXX object CMakeFiles/judas_reference_frame_tests.dir/src/ReferenceFrame.cpp.o
[ 23%] Building CXX object CMakeFiles/judas_spacecraft_control_tests.dir/src/ContactSolver.cpp.o
[ 23%] Building CXX object CMakeFiles/judas_reference_frame_tests.dir/src/PilotAttachment.cpp.o
[ 23%] Building CXX object CMakeFiles/judas_spacecraft_flight_tests.dir/src/ImpactSolver.cpp.o
[ 23%] Building CXX object CMakeFiles/judas_reference_frame_tests.dir/src/ImpactSolver.cpp.o
[ 23%] Building CXX object CMakeFiles/judas_spacecraft_control_tests.dir/src/RadialTerrain.cpp.o
[ 23%] Building CXX object CMakeFiles/judas_reference_frame_tests.dir/src/RigidBody.cpp.o
[ 23%] Building CXX object CMakeFiles/judas_spacecraft_flight_tests.dir/src/RigidBody.cpp.o
[ 23%] Building CXX object CMakeFiles/judas_spacecraft_control_tests.dir/src/Broadphase.cpp.o
[ 23%] Building CXX object CMakeFiles/judas_reference_frame_tests.dir/src/RigidBodyGravity.cpp.o
[ 24%] Building CXX object CMakeFiles/judas_spacecraft_flight_tests.dir/src/RigidBodyGravity.cpp.o
[ 24%] Building CXX object CMakeFiles/judas_spacecraft_control_tests.dir/src/Narrowphase.cpp.o
[ 24%] Building CXX object CMakeFiles/judas_reference_frame_tests.dir/src/Contacts.cpp.o
[ 24%] Building CXX object CMakeFiles/judas_spacecraft_flight_tests.dir/src/Contacts.cpp.o
[ 25%] Building CXX object CMakeFiles/judas_reference_frame_tests.dir/src/ContactSolver.cpp.o
[ 25%] Linking CXX executable judas_pilot_dismount_tests
[ 25%] Building CXX object CMakeFiles/judas_spacecraft_flight_tests.dir/src/ContactSolver.cpp.o
[ 25%] Built target judas_pilot_dismount_tests
[ 25%] Building CXX object CMakeFiles/judas_spacecraft_flight_tests.dir/src/RadialTerrain.cpp.o
[ 25%] Building CXX object CMakeFiles/judas_spacecraft_control_tests.dir/src/PhysicsWorld.cpp.o
[ 25%] Building CXX object CMakeFiles/judas_reference_frame_tests.dir/src/RadialTerrain.cpp.o
[ 25%] Building CXX object CMakeFiles/judas_ui_tests.dir/tests/UITests.cpp.o
[ 25%] Building CXX object CMakeFiles/judas_spacecraft_flight_tests.dir/src/Broadphase.cpp.o
[ 25%] Building CXX object CMakeFiles/judas_reference_frame_tests.dir/src/Broadphase.cpp.o
[ 26%] Building CXX object CMakeFiles/judas_spacecraft_flight_tests.dir/src/Narrowphase.cpp.o
[ 26%] Building CXX object CMakeFiles/judas_ui_tests.dir/src/UIWidgets.cpp.o
[ 26%] Building CXX object CMakeFiles/judas_reference_frame_tests.dir/src/Narrowphase.cpp.o
[ 26%] Building CXX object CMakeFiles/judas_ui_tests.dir/src/PauseMenu.cpp.o
[ 26%] Building CXX object CMakeFiles/judas_ui_tests.dir/src/HUD.cpp.o
[ 26%] Building CXX object CMakeFiles/judas_ui_tests.dir/src/Renderer.cpp.o
[ 26%] Building CXX object CMakeFiles/judas_reference_frame_tests.dir/src/PhysicsWorld.cpp.o
[ 26%] Building CXX object CMakeFiles/judas_spacecraft_flight_tests.dir/src/PhysicsWorld.cpp.o
[ 27%] Building CXX object CMakeFiles/judas_ui_tests.dir/src/FontLoader.cpp.o
[ 28%] Linking CXX executable judas_spacecraft_control_tests
[ 28%] Linking CXX executable judas_ui_tests
/usr/bin/x86_64-linux-gnu-ld.bfd: CMakeFiles/judas_spacecraft_control_tests.dir/tests/SpacecraftControlTests.cpp.o: in function `TestForceProducesMeasuredAcceleration()':
SpacecraftControlTests.cpp:(.text+0x11a): undefined reference to `InputSystem::InputSystem()'
/usr/bin/x86_64-linux-gnu-ld.bfd: CMakeFiles/judas_spacecraft_control_tests.dir/tests/SpacecraftControlTests.cpp.o: in function `TestLinearCoastAfterReleasingThrust()':
SpacecraftControlTests.cpp:(.text+0x54f): undefined reference to `InputSystem::InputSystem()'
/usr/bin/x86_64-linux-gnu-ld.bfd: CMakeFiles/judas_spacecraft_control_tests.dir/tests/SpacecraftControlTests.cpp.o: in function `TestOrientationDoesNotRotateExistingVelocity()':
SpacecraftControlTests.cpp:(.text+0x94f): undefined reference to `InputSystem::InputSystem()'
/usr/bin/x86_64-linux-gnu-ld.bfd: CMakeFiles/judas_spacecraft_control_tests.dir/tests/SpacecraftControlTests.cpp.o: in function `TestCounterThrustSlowsStopsAndReverses()':
SpacecraftControlTests.cpp:(.text+0xd49): undefined reference to `InputSystem::InputSystem()'
/usr/bin/x86_64-linux-gnu-ld.bfd: CMakeFiles/judas_spacecraft_control_tests.dir/tests/SpacecraftControlTests.cpp.o: in function `TestPerpendicularThrustAddsNewComponent()':
SpacecraftControlTests.cpp:(.text+0x1346): undefined reference to `InputSystem::InputSystem()'
/usr/bin/x86_64-linux-gnu-ld.bfd: CMakeFiles/judas_spacecraft_control_tests.dir/tests/SpacecraftControlTests.cpp.o:SpacecraftControlTests.cpp:(.text+0x1e20): more undefined references to `InputSystem::InputSystem()' follow
/usr/bin/x86_64-linux-gnu-ld.bfd: CMakeFiles/judas_spacecraft_control_tests.dir/src/Window.cpp.o: in function `Window::~Window()':
Window.cpp:(.text+0xa9f): undefined reference to `InputSystem::Reset()'
/usr/bin/x86_64-linux-gnu-ld.bfd: CMakeFiles/judas_spacecraft_control_tests.dir/src/Window.cpp.o: in function `Window::Shutdown()':
Window.cpp:(.text+0xd98): undefined reference to `InputSystem::Reset()'
/usr/bin/x86_64-linux-gnu-ld.bfd: CMakeFiles/judas_spacecraft_control_tests.dir/src/Window.cpp.o: in function `Window::ClearPendingRequests()':
Window.cpp:(.text+0xeac): undefined reference to `InputSystem::DiscardPending()'
/usr/bin/x86_64-linux-gnu-ld.bfd: CMakeFiles/judas_spacecraft_control_tests.dir/src/Window.cpp.o: in function `Window::RefreshController()':
Window.cpp:(.text+0x1008): undefined reference to `InputSystem::SetPhysical(std::__cxx11::basic_string<char, std::char_traits<char>, std::allocator<char> > const&, float)'
/usr/bin/x86_64-linux-gnu-ld.bfd: Window.cpp:(.text+0x125e): undefined reference to `InputSystem::SetPhysical(std::__cxx11::basic_string<char, std::char_traits<char>, std::allocator<char> > const&, float)'
/usr/bin/x86_64-linux-gnu-ld.bfd: Window.cpp:(.text+0x1456): undefined reference to `InputSystem::ClearDevice(std::__cxx11::basic_string<char, std::char_traits<char>, std::allocator<char> > const&)'
/usr/bin/x86_64-linux-gnu-ld.bfd: Window.cpp:(.text+0x149e): undefined reference to `InputSystem::ClearDevice(std::__cxx11::basic_string<char, std::char_traits<char>, std::allocator<char> > const&)'
/usr/bin/x86_64-linux-gnu-ld.bfd: CMakeFiles/judas_spacecraft_control_tests.dir/src/Window.cpp.o: in function `Window::PollEvents()':
Window.cpp:(.text+0x154a): undefined reference to `InputSystem::BeginFrame()'
/usr/bin/x86_64-linux-gnu-ld.bfd: Window.cpp:(.text+0x16cb): undefined reference to `InputSystem::AddDelta(std::__cxx11::basic_string<char, std::char_traits<char>, std::allocator<char> > const&, float)'
/usr/bin/x86_64-linux-gnu-ld.bfd: Window.cpp:(.text+0x1727): undefined reference to `InputSystem::AddDelta(std::__cxx11::basic_string<char, std::char_traits<char>, std::allocator<char> > const&, float)'
/usr/bin/x86_64-linux-gnu-ld.bfd: Window.cpp:(.text+0x18b9): undefined reference to `InputSystem::SetPhysical(std::__cxx11::basic_string<char, std::char_traits<char>, std::allocator<char> > const&, float)'
/usr/bin/x86_64-linux-gnu-ld.bfd: Window.cpp:(.text+0x1987): undefined reference to `InputSystem::AddDelta(std::__cxx11::basic_string<char, std::char_traits<char>, std::allocator<char> > const&, float)'
/usr/bin/x86_64-linux-gnu-ld.bfd: Window.cpp:(.text+0x19d9): undefined reference to `InputSystem::AddDelta(std::__cxx11::basic_string<char, std::char_traits<char>, std::allocator<char> > const&, float)'
/usr/bin/x86_64-linux-gnu-ld.bfd: Window.cpp:(.text+0x1a0c): undefined reference to `InputSystem::Reset()'
/usr/bin/x86_64-linux-gnu-ld.bfd: Window.cpp:(.text+0x1a14): undefined reference to `InputSystem::DiscardPending()'
/usr/bin/x86_64-linux-gnu-ld.bfd: Window.cpp:(.text+0x1b69): undefined reference to `InputSystem::SetPhysical(std::__cxx11::basic_string<char, std::char_traits<char>, std::allocator<char> > const&, float)'
/usr/bin/x86_64-linux-gnu-ld.bfd: Window.cpp:(.text+0x1cb8): undefined reference to `InputSystem::SetPhysical(std::__cxx11::basic_string<char, std::char_traits<char>, std::allocator<char> > const&, float)'
/usr/bin/x86_64-linux-gnu-ld.bfd: Window.cpp:(.text+0x1da9): undefined reference to `InputSystem::ClearDevice(std::__cxx11::basic_string<char, std::char_traits<char>, std::allocator<char> > const&)'
/usr/bin/x86_64-linux-gnu-ld.bfd: Window.cpp:(.text+0x1df7): undefined reference to `InputSystem::ClearDevice(std::__cxx11::basic_string<char, std::char_traits<char>, std::allocator<char> > const&)'
/usr/bin/x86_64-linux-gnu-ld.bfd: CMakeFiles/judas_spacecraft_control_tests.dir/src/Window.cpp.o: in function `Window::IsActionActive(Action) const':
Window.cpp:(.text+0x20c9): undefined reference to `InputSystem::Action(std::__cxx11::basic_string<char, std::char_traits<char>, std::allocator<char> > const&) const'
/usr/bin/x86_64-linux-gnu-ld.bfd: CMakeFiles/judas_spacecraft_control_tests.dir/src/Window.cpp.o: in function `Window::GetMouseDelta(int&, int&) const':
Window.cpp:(.text+0x2252): undefined reference to `InputSystem::Axis(std::__cxx11::basic_string<char, std::char_traits<char>, std::allocator<char> > const&) const'
/usr/bin/x86_64-linux-gnu-ld.bfd: Window.cpp:(.text+0x22d0): undefined reference to `InputSystem::Axis(std::__cxx11::basic_string<char, std::char_traits<char>, std::allocator<char> > const&) const'
/usr/bin/x86_64-linux-gnu-ld.bfd: CMakeFiles/judas_spacecraft_control_tests.dir/src/Window.cpp.o: in function `Window::GetLookDelta(float&, float&) const':
Window.cpp:(.text+0x26d9): undefined reference to `InputSystem::Axis(std::__cxx11::basic_string<char, std::char_traits<char>, std::allocator<char> > const&) const'
/usr/bin/x86_64-linux-gnu-ld.bfd: Window.cpp:(.text+0x2741): undefined reference to `InputSystem::Axis(std::__cxx11::basic_string<char, std::char_traits<char>, std::allocator<char> > const&) const'
/usr/bin/x86_64-linux-gnu-ld.bfd: CMakeFiles/judas_spacecraft_control_tests.dir/src/Window.cpp.o: in function `Window::ConsumeNamedAction(std::__cxx11::basic_string<char, std::char_traits<char>, std::allocator<char> > const&)':
Window.cpp:(.text+0x27f1): undefined reference to `InputSystem::Action(std::__cxx11::basic_string<char, std::char_traits<char>, std::allocator<char> > const&) const'
/usr/bin/x86_64-linux-gnu-ld.bfd: CMakeFiles/judas_spacecraft_control_tests.dir/src/Window.cpp.o: in function `Window::ConsumeThrowRequest()':
Window.cpp:(.text+0x286b): undefined reference to `InputSystem::Action(std::__cxx11::basic_string<char, std::char_traits<char>, std::allocator<char> > const&) const'
/usr/bin/x86_64-linux-gnu-ld.bfd: CMakeFiles/judas_spacecraft_control_tests.dir/src/Window.cpp.o: in function `Window::ConsumeSpawnEntityRequest()':
Window.cpp:(.text+0x2966): undefined reference to `InputSystem::Action(std::__cxx11::basic_string<char, std::char_traits<char>, std::allocator<char> > const&) const'
/usr/bin/x86_64-linux-gnu-ld.bfd: CMakeFiles/judas_spacecraft_control_tests.dir/src/Window.cpp.o: in function `Window::ConsumeDestroyEntityRequest()':
Window.cpp:(.text+0x2a49): undefined reference to `InputSystem::Action(std::__cxx11::basic_string<char, std::char_traits<char>, std::allocator<char> > const&) const'
/usr/bin/x86_64-linux-gnu-ld.bfd: CMakeFiles/judas_spacecraft_control_tests.dir/src/Window.cpp.o: in function `Window::ConsumeSaveWorldStateRequest()':
Window.cpp:(.text+0x2b32): undefined reference to `InputSystem::Action(std::__cxx11::basic_string<char, std::char_traits<char>, std::allocator<char> > const&) const'
/usr/bin/x86_64-linux-gnu-ld.bfd: CMakeFiles/judas_spacecraft_control_tests.dir/src/Window.cpp.o:Window.cpp:(.text+0x2c20): more undefined references to `InputSystem::Action(std::__cxx11::basic_string<char, std::char_traits<char>, std::allocator<char> > const&) const' follow
/usr/bin/x86_64-linux-gnu-ld.bfd: CMakeFiles/judas_spacecraft_control_tests.dir/src/Window.cpp.o: in function `Window::InputAxis(std::__cxx11::basic_string<char, std::char_traits<char>, std::allocator<char> > const&) const':
Window.cpp:(.text+0x24e1): undefined reference to `InputSystem::Axis(std::__cxx11::basic_string<char, std::char_traits<char>, std::allocator<char> > const&) const'
collect2: error: ld returned 1 exit status
gmake[2]: *** [CMakeFiles/judas_spacecraft_control_tests.dir/build.make:278: judas_spacecraft_control_tests] Error 1
gmake[1]: *** [CMakeFiles/Makefile2:1002: CMakeFiles/judas_spacecraft_control_tests.dir/all] Error 2
gmake[1]: *** Waiting for unfinished jobs....
[ 28%] Building CXX object CMakeFiles/judas_spacecraft_flight_tests.dir/src/CelestialGravity.cpp.o
[ 28%] Built target judas_ui_tests
[ 28%] Linking CXX executable judas_spacecraft_flight_tests
/usr/bin/x86_64-linux-gnu-ld.bfd: CMakeFiles/judas_spacecraft_flight_tests.dir/tests/SpacecraftFlightTests.cpp.o: in function `(anonymous namespace)::TestSasRequestDraining()':
SpacecraftFlightTests.cpp:(.text+0x630): undefined reference to `InputSystem::InputSystem()'
/usr/bin/x86_64-linux-gnu-ld.bfd: CMakeFiles/judas_spacecraft_flight_tests.dir/tests/SpacecraftFlightTests.cpp.o: in function `(anonymous namespace)::TestSasCounterTorqueAndTranslationIndependence()':
SpacecraftFlightTests.cpp:(.text+0x933): undefined reference to `InputSystem::InputSystem()'
/usr/bin/x86_64-linux-gnu-ld.bfd: CMakeFiles/judas_spacecraft_flight_tests.dir/tests/SpacecraftFlightTests.cpp.o: in function `(anonymous namespace)::SimulateUnpoweredOrbit(glm::qua<float, (glm::qualifier)0> const&, bool)':
SpacecraftFlightTests.cpp:(.text+0x1406): undefined reference to `InputSystem::InputSystem()'
/usr/bin/x86_64-linux-gnu-ld.bfd: CMakeFiles/judas_spacecraft_flight_tests.dir/tests/SpacecraftFlightTests.cpp.o: in function `(anonymous namespace)::RunThrustEnergyChange(float, int, bool) [clone .constprop.0]':
SpacecraftFlightTests.cpp:(.text+0x1838): undefined reference to `InputSystem::InputSystem()'
/usr/bin/x86_64-linux-gnu-ld.bfd: CMakeFiles/judas_spacecraft_flight_tests.dir/tests/SpacecraftFlightTests.cpp.o: in function `(anonymous namespace)::TestThrustChangesOrbitAndEscape()':
SpacecraftFlightTests.cpp:(.text+0x1c81): undefined reference to `InputSystem::InputSystem()'
/usr/bin/x86_64-linux-gnu-ld.bfd: CMakeFiles/judas_spacecraft_flight_tests.dir/src/Window.cpp.o: in function `Window::~Window()':
Window.cpp:(.text+0xa9f): undefined reference to `InputSystem::Reset()'
/usr/bin/x86_64-linux-gnu-ld.bfd: CMakeFiles/judas_spacecraft_flight_tests.dir/src/Window.cpp.o: in function `Window::Shutdown()':
Window.cpp:(.text+0xd98): undefined reference to `InputSystem::Reset()'
/usr/bin/x86_64-linux-gnu-ld.bfd: CMakeFiles/judas_spacecraft_flight_tests.dir/src/Window.cpp.o: in function `Window::ClearPendingRequests()':
Window.cpp:(.text+0xeac): undefined reference to `InputSystem::DiscardPending()'
/usr/bin/x86_64-linux-gnu-ld.bfd: CMakeFiles/judas_spacecraft_flight_tests.dir/src/Window.cpp.o: in function `Window::RefreshController()':
Window.cpp:(.text+0x1008): undefined reference to `InputSystem::SetPhysical(std::__cxx11::basic_string<char, std::char_traits<char>, std::allocator<char> > const&, float)'
/usr/bin/x86_64-linux-gnu-ld.bfd: Window.cpp:(.text+0x125e): undefined reference to `InputSystem::SetPhysical(std::__cxx11::basic_string<char, std::char_traits<char>, std::allocator<char> > const&, float)'
/usr/bin/x86_64-linux-gnu-ld.bfd: Window.cpp:(.text+0x1456): undefined reference to `InputSystem::ClearDevice(std::__cxx11::basic_string<char, std::char_traits<char>, std::allocator<char> > const&)'
/usr/bin/x86_64-linux-gnu-ld.bfd: Window.cpp:(.text+0x149e): undefined reference to `InputSystem::ClearDevice(std::__cxx11::basic_string<char, std::char_traits<char>, std::allocator<char> > const&)'
/usr/bin/x86_64-linux-gnu-ld.bfd: CMakeFiles/judas_spacecraft_flight_tests.dir/src/Window.cpp.o: in function `Window::PollEvents()':
Window.cpp:(.text+0x154a): undefined reference to `InputSystem::BeginFrame()'
/usr/bin/x86_64-linux-gnu-ld.bfd: Window.cpp:(.text+0x16cb): undefined reference to `InputSystem::AddDelta(std::__cxx11::basic_string<char, std::char_traits<char>, std::allocator<char> > const&, float)'
/usr/bin/x86_64-linux-gnu-ld.bfd: Window.cpp:(.text+0x1727): undefined reference to `InputSystem::AddDelta(std::__cxx11::basic_string<char, std::char_traits<char>, std::allocator<char> > const&, float)'
/usr/bin/x86_64-linux-gnu-ld.bfd: Window.cpp:(.text+0x18b9): undefined reference to `InputSystem::SetPhysical(std::__cxx11::basic_string<char, std::char_traits<char>, std::allocator<char> > const&, float)'
/usr/bin/x86_64-linux-gnu-ld.bfd: Window.cpp:(.text+0x1987): undefined reference to `InputSystem::AddDelta(std::__cxx11::basic_string<char, std::char_traits<char>, std::allocator<char> > const&, float)'
/usr/bin/x86_64-linux-gnu-ld.bfd: Window.cpp:(.text+0x19d9): undefined reference to `InputSystem::AddDelta(std::__cxx11::basic_string<char, std::char_traits<char>, std::allocator<char> > const&, float)'
/usr/bin/x86_64-linux-gnu-ld.bfd: Window.cpp:(.text+0x1a0c): undefined reference to `InputSystem::Reset()'
/usr/bin/x86_64-linux-gnu-ld.bfd: Window.cpp:(.text+0x1a14): undefined reference to `InputSystem::DiscardPending()'
/usr/bin/x86_64-linux-gnu-ld.bfd: Window.cpp:(.text+0x1b69): undefined reference to `InputSystem::SetPhysical(std::__cxx11::basic_string<char, std::char_traits<char>, std::allocator<char> > const&, float)'
/usr/bin/x86_64-linux-gnu-ld.bfd: Window.cpp:(.text+0x1cb8): undefined reference to `InputSystem::SetPhysical(std::__cxx11::basic_string<char, std::char_traits<char>, std::allocator<char> > const&, float)'
/usr/bin/x86_64-linux-gnu-ld.bfd: Window.cpp:(.text+0x1da9): undefined reference to `InputSystem::ClearDevice(std::__cxx11::basic_string<char, std::char_traits<char>, std::allocator<char> > const&)'
/usr/bin/x86_64-linux-gnu-ld.bfd: Window.cpp:(.text+0x1df7): undefined reference to `InputSystem::ClearDevice(std::__cxx11::basic_string<char, std::char_traits<char>, std::allocator<char> > const&)'
/usr/bin/x86_64-linux-gnu-ld.bfd: CMakeFiles/judas_spacecraft_flight_tests.dir/src/Window.cpp.o: in function `Window::IsActionActive(Action) const':
Window.cpp:(.text+0x20c9): undefined reference to `InputSystem::Action(std::__cxx11::basic_string<char, std::char_traits<char>, std::allocator<char> > const&) const'
/usr/bin/x86_64-linux-gnu-ld.bfd: CMakeFiles/judas_spacecraft_flight_tests.dir/src/Window.cpp.o: in function `Window::GetMouseDelta(int&, int&) const':
Window.cpp:(.text+0x2252): undefined reference to `InputSystem::Axis(std::__cxx11::basic_string<char, std::char_traits<char>, std::allocator<char> > const&) const'
/usr/bin/x86_64-linux-gnu-ld.bfd: Window.cpp:(.text+0x22d0): undefined reference to `InputSystem::Axis(std::__cxx11::basic_string<char, std::char_traits<char>, std::allocator<char> > const&) const'
/usr/bin/x86_64-linux-gnu-ld.bfd: CMakeFiles/judas_spacecraft_flight_tests.dir/src/Window.cpp.o: in function `Window::GetLookDelta(float&, float&) const':
Window.cpp:(.text+0x26d9): undefined reference to `InputSystem::Axis(std::__cxx11::basic_string<char, std::char_traits<char>, std::allocator<char> > const&) const'
/usr/bin/x86_64-linux-gnu-ld.bfd: Window.cpp:(.text+0x2741): undefined reference to `InputSystem::Axis(std::__cxx11::basic_string<char, std::char_traits<char>, std::allocator<char> > const&) const'
/usr/bin/x86_64-linux-gnu-ld.bfd: CMakeFiles/judas_spacecraft_flight_tests.dir/src/Window.cpp.o: in function `Window::ConsumeNamedAction(std::__cxx11::basic_string<char, std::char_traits<char>, std::allocator<char> > const&)':
Window.cpp:(.text+0x27f1): undefined reference to `InputSystem::Action(std::__cxx11::basic_string<char, std::char_traits<char>, std::allocator<char> > const&) const'
/usr/bin/x86_64-linux-gnu-ld.bfd: CMakeFiles/judas_spacecraft_flight_tests.dir/src/Window.cpp.o: in function `Window::ConsumeThrowRequest()':
Window.cpp:(.text+0x286b): undefined reference to `InputSystem::Action(std::__cxx11::basic_string<char, std::char_traits<char>, std::allocator<char> > const&) const'
/usr/bin/x86_64-linux-gnu-ld.bfd: CMakeFiles/judas_spacecraft_flight_tests.dir/src/Window.cpp.o: in function `Window::ConsumeSpawnEntityRequest()':
Window.cpp:(.text+0x2966): undefined reference to `InputSystem::Action(std::__cxx11::basic_string<char, std::char_traits<char>, std::allocator<char> > const&) const'
/usr/bin/x86_64-linux-gnu-ld.bfd: CMakeFiles/judas_spacecraft_flight_tests.dir/src/Window.cpp.o: in function `Window::ConsumeDestroyEntityRequest()':
Window.cpp:(.text+0x2a49): undefined reference to `InputSystem::Action(std::__cxx11::basic_string<char, std::char_traits<char>, std::allocator<char> > const&) const'
/usr/bin/x86_64-linux-gnu-ld.bfd: CMakeFiles/judas_spacecraft_flight_tests.dir/src/Window.cpp.o: in function `Window::ConsumeSaveWorldStateRequest()':
Window.cpp:(.text+0x2b32): undefined reference to `InputSystem::Action(std::__cxx11::basic_string<char, std::char_traits<char>, std::allocator<char> > const&) const'
/usr/bin/x86_64-linux-gnu-ld.bfd: CMakeFiles/judas_spacecraft_flight_tests.dir/src/Window.cpp.o:Window.cpp:(.text+0x2c20): more undefined references to `InputSystem::Action(std::__cxx11::basic_string<char, std::char_traits<char>, std::allocator<char> > const&) const' follow
/usr/bin/x86_64-linux-gnu-ld.bfd: CMakeFiles/judas_spacecraft_flight_tests.dir/src/Window.cpp.o: in function `Window::InputAxis(std::__cxx11::basic_string<char, std::char_traits<char>, std::allocator<char> > const&) const':
Window.cpp:(.text+0x24e1): undefined reference to `InputSystem::Axis(std::__cxx11::basic_string<char, std::char_traits<char>, std::allocator<char> > const&) const'
[ 29%] Linking CXX executable judas_reference_frame_tests
collect2: error: ld returned 1 exit status
gmake[2]: *** [CMakeFiles/judas_spacecraft_flight_tests.dir/build.make:294: judas_spacecraft_flight_tests] Error 1
gmake[1]: *** [CMakeFiles/Makefile2:1034: CMakeFiles/judas_spacecraft_flight_tests.dir/all] Error 2
[ 29%] Built target judas_reference_frame_tests
gmake: *** [Makefile:91: all] Error 2
