PASS ordinary shared project excludes legacy gameplay
PASS registered collection startup
PASS all namespaced asset identities unique
PASS consumer scripts do not use hidden native dispatch
PASS export exactly selects gameplay and streamed scenes, excludes labs
PASS actual moved executable starts all four scenes
PASS package uses accepted Release runtime bytes
PASS ordinary moved-package application switches all four experiences
PASS each game modal pause is captured
PASS final scene replacement leaves empty menu world
PASS skate editor Play/Stop restores authored scene
PASS skate editor resources publish without failed loads
PASS skate final real-clock run no script fault
PASS rooftop editor Play/Stop restores authored scene
PASS rooftop editor resources publish without failed loads
PASS rooftop final real-clock run no script fault
PASS void editor Play/Stop restores authored scene
PASS void editor resources publish without failed loads
PASS void final real-clock run no script fault
PASS actual physical input enters Rooftop wall-run
PASS actual inclined support remains rising in 68 representative steps
PASS original Rooftop course completes with zero falls
PASS actual first checkpoint sensor overlap delivered
PASS actual rider resolved toes drive lift
PASS actual imported rider two-bone IK reaches target
PASS actual hand socket follows resolved pose
PASS actual board runtime joint lifecycle
PASS actual board ray reports active physical material
PASS normal streamed Skate save/load completes and restores scripts
PASS normal spatial-interest region unload then revisit reconstructs
PASS real MouseLeft input fires existing Void cannons
PASS actual Void view input changes cockpit mode
PASS original Ruby scenario collects core and starts ambush
