[  6%] Built target judas_glad
[  6%] Built target judas_audio_backend
[100%] Built target judas_engine
[100%] Building CXX object CMakeFiles/judas_scene_fingerprint_tests.dir/tests/SceneFingerprintTests.cpp.o
[100%] Linking CXX executable judas_scene_fingerprint_tests
[100%] Built target judas_scene_fingerprint_tests
[  6%] Built target judas_glad
[  6%] Built target judas_audio_backend
[100%] Built target judas_engine
[100%] Building CXX object CMakeFiles/judas_fluid_metadata_tests.dir/tests/FluidMetadataTests.cpp.o
[100%] Linking CXX executable judas_fluid_metadata_tests
[100%] Built target judas_fluid_metadata_tests
[  6%] Built target judas_audio_backend
[  6%] Built target judas_glad
[100%] Built target judas_engine
[100%] Linking CXX executable judas_render_camera_tests
[100%] Built target judas_render_camera_tests
[  6%] Built target judas_audio_backend
[  6%] Built target judas_glad
[100%] Built target judas_engine
[100%] Linking CXX executable judas_lifecycle_integration_tests
[100%] Built target judas_lifecycle_integration_tests
[  6%] Built target judas_audio_backend
[  6%] Built target judas_glad
[ 93%] Built target judas_engine
[100%] Linking CXX executable judas_orbital_integrity_tests
[100%] Built target judas_orbital_integrity_tests
[  6%] Built target judas_audio_backend
[  6%] Built target judas_glad
[ 93%] Built target judas_engine
[100%] Linking CXX executable judas_production_fluid_tests
[100%] Built target judas_production_fluid_tests
