BEAM initial revision=1 peak=804.804
PASS normal asynchronous fracture asset publication
PASS logical family owner has no duplicate collider/mass
PASS every stiff part is an ordinary safe rigid body
PASS every stiff part is an ordinary safe rigid body
PASS every stiff part is an ordinary safe rigid body
PASS every stiff part is an ordinary safe rigid body
PASS every stiff part is an ordinary safe rigid body
PASS every stiff part is an ordinary safe rigid body
PASS every stiff part is an ordinary safe rigid body
PASS every stiff part is an ordinary safe rigid body
PASS every stiff part is an ordinary safe rigid body
PASS published cells partition material mass exactly once
PASS modest supported gravity load survives
PERFORMANCE mode=perf-intact parts=90 bodies=96 nodes=720 tets=540 interfaces=120 broken=0 fixed_ms=11.530586 draws=31
PASS ordinary startup and clean shutdown
SUMMARY mode=perf-intact checks=14 failures=0
Renderer fragment texture units: 32 (material path uses 12)
World state: disk saves disabled for additive compositions
Project: Fracture Lab (/home/conner/Documents/GitHub/Project-Judas/projects/fracture_lab/fracture_lab.judasproj)
Scene: Fracture Lab / uniform (/home/conner/Documents/GitHub/Project-Judas/projects/fracture_lab/Scenes/flat.judas)
World origin (m): 0.000, 0.000, 0.000
