libEGL warning: Not allowed to force software rendering when API explicitly selects a hardware device.
Project: Skeletal animation (/home/conner/Documents/GitHub/Project-Judas/build/m46-focused-app/project/animation_demo.judasproj)
Scene: M46 skeletal animation — G clip / J pause / K seek / C speed / P spawn (/home/conner/Documents/GitHub/Project-Judas/build/m46-focused-app/project/Scenes/main.judas)
World origin (m): 0.000, 0.000, 0.000
script asset=46464646464646464646464646464602 entity=90 slot=1 update: TypeError: spawn: /home/conner/Documents/GitHub/Project-Judas/build/m46-focused-app/project/Assets/prefabs/bar.judasprefab: scene line 5: missing required key 'world-origin'
    at __judas (native)
    at call (judas:2:51)
    at spawnPrefab (judas:38:59)
    at spawn (Assets/scripts/demo.js:10:115)
    at update (Assets/scripts/animation.js:12:18)

FAULT TypeError: spawn: /home/conner/Documents/GitHub/Project-Judas/build/m46-focused-app/project/Assets/prefabs/bar.judasprefab: scene line 5: missing required key 'world-origin'
    at __judas (native)
    at call (judas:2:51)
    at spawnPrefab (judas:38:59)
    at spawn (Assets/scripts/demo.js:10:115)
    at update (Assets/scripts/animation.js:12:18)

FAIL JS animation callbacks have no faults
FAULT TypeError: spawn: /home/conner/Documents/GitHub/Project-Judas/build/m46-focused-app/project/Assets/prefabs/bar.judasprefab: scene line 5: missing required key 'world-origin'
    at __judas (native)
    at call (judas:2:51)
    at spawnPrefab (judas:38:59)
    at spawn (Assets/scripts/demo.js:10:115)
    at update (Assets/scripts/animation.js:12:18)

FAIL JS animation callbacks have no faults
FAIL normal Application animation startup/reload/shutdown
SUMMARY 3 checks 3 failures frames=2
