Renderer fragment texture units: 32 (material path uses 12)
M31 resource stress: generating 24 sphere meshes (160x160) and 16 1024x1024 textures under /tmp/judas_m31_stress_372316
  137.5 MB of asset files
  7 workers, scene 'Tiny game' playing (3 dynamic bodies)
  async: all 40 assets Ready after 1.02 s; per-asset latency (request->Ready) min 274 ms avg 702 ms max 1020 ms; 40 uploads; resident 268.1 MB (peak 268.1 MB)
  cancel: 20 loads cancelled by dropped demand, 4 stale completions discarded, 20 ready, 0 loading
  evict: budget 57.9 MB -> resident 115.8 MB before, 85.3 MB after, 4 evictions; referenced textures survived: yes
  reload: 4 evicted meshes re-requested and Ready again after 0.25 s
  blocking: all 40 assets loaded on the main thread in 3.17 s (one per frame)

Per-phase main-thread measurements (frame = pump + play frame + swap; 60 Hz fixed step):
  baseline (no loads)          frames  120 | frame avg   0.16 ms p99   1.30 ms max    1.50 ms (pump max   0.00 ms) | >33 ms:   0 | fixed steps     1 (expected ~    1, 0 saturated) | queue max  0 avg   0.0 | worker util   0.0% | jobs done 0
  async load (40 assets)       frames 1874 | frame avg   0.52 ms p99   9.51 ms max   45.32 ms (pump max  44.42 ms) | >33 ms:   3 | fixed steps    61 (expected ~   61, 0 saturated) | queue max 34 avg  22.9 | worker util  95.5% | jobs done 40
  cancel + release             frames    1 | frame avg   0.59 ms p99   0.59 ms max    0.59 ms (pump max   0.04 ms) | >33 ms:   0 | fixed steps     0 (expected ~    0, 0 saturated) | queue max  4 avg   4.0 | worker util  32.5% | jobs done 0
  evict + reload               frames 1327 | frame avg   0.18 ms p99   0.38 ms max   15.74 ms (pump max  15.43 ms) | >33 ms:   0 | fixed steps    15 (expected ~   15, 0 saturated) | queue max  0 avg   0.0 | worker util  49.7% | jobs done 4
  BLOCKING load (40 assets)    frames   40 | frame avg  79.13 ms p99 132.01 ms max  132.01 ms (pump max   0.00 ms) | >33 ms:  24 | fixed steps   189 (expected ~  190, 4 saturated) | queue max  0 avg   0.0 | worker util   0.0% | jobs done 0

Claim under test: expensive resource preparation no longer forces the main thread to wait for the whole operation.
  async  : worst frame   45.32 ms,   3 frames over 33 ms, 0 saturated catch-up frames, wall 1.02 s
  blocking: worst frame  132.01 ms,  24 frames over 33 ms, 4 saturated catch-up frames, wall 3.17 s
  (the work itself is not free: worker busy time during the async phase was 6.82 s across 7 workers)

shutdown clean (resources, workers, renderer, window in that order); temporary project removed
