PASS load can start from ordinary boot world
PASS held UI activation is not reintroduced as a post-load jump edge
PASS fresh process adopted prop retains qualified origin and root ownership
PASS game data restored before callbacks
PASS selected locale restored at publication
PASS changed nonresident region restored suspended without loading universe
PASS only saved initial resident subset built
PASS ordinary revisit requests saved suspended region
PASS destroyed region target and joint never respawn after process exit
PASS adopted traveller not duplicated by region revisit
PASS authored adopted source remains tombstoned
PASS qualified joint/scripts restore through normal activation
PASS changed suspended prop restored on revisit
PASS backtracking retains independent game data
PASS defeated enemy survives fresh load without gameplay resurrection
PASS actual score and spawned prefab count survive fresh load
PASS load/backtrack can save a second independent slot
REGION gallery-0 active pins=0 
REGION gallery-1 active pins=0 
REGION gallery-2 active pins=0 
REGION gallery-3 active pins=0 
REGION gallery-4 unloaded pins=0 
REGION gallery-5 unloaded pins=0 
REGION liquid active pins=2 
REGION oblique unloaded pins=0 
REQUEST queued 
PASS two committed composed-world slots independent
PASS fresh standalone streamed process exits cleanly
SUMMARY read checks=19 failures=0 frames=168
Renderer fragment texture units: 32 (material path uses 12)
World state: disk saves disabled for additive compositions
Project: Streamed Spring Range (/tmp/Judas_M61_assertions_streamed_range_packages-review/game.judasproj)
Scene: Streamed Spring Range (/tmp/Judas_M61_assertions_streamed_range_packages-review/Scenes/bootstrap.judas)
World origin (m): 0.000, 0.000, 0.000
Localization: missing localization key save.queued
Localization: missing localization key save.selected
Localization: missing localization key range.score
Localization: missing localization key range.progress
Localization: missing localization key range.start
Localization: missing localization key range.language
Localization: missing localization key range.title
Localization: missing localization key range.controls
Localization: missing localization key stream.wait
Localization: missing localization key save.queued
Localization: missing localization key save.selected
Localization: missing localization key save.queued
Localization: missing localization key save.selected
