libEGL warning: Not allowed to force software rendering when API explicitly selects a hardware device.
Renderer fragment texture units: 32 (material path uses 12)
World state: disk saves disabled for additive compositions
Project: Deformable Lab (/home/conner/Documents/GitHub/Project-Judas/projects/deformable_lab/deformable_lab.judasproj)
Scene: Deformable Lab / uniform (/home/conner/Documents/GitHub/Project-Judas/projects/deformable_lab/Scenes/flat.judas)
World origin (m): 0.000, 0.000, 0.000
PASS ordinary project asynchronously publishes all seven deformable instances
PASS real animated target shares normal skeletal resource
PASS normal authored UI loaded
PASS cape resolves authored stable bone attachment
PASS cape pins consume exact resolved joint pose without another animation clock
PASS runtime scale change rejects unsupported deformable scale
PASS main/secondary/shadow presentation never advances or changes physics
PASS normal M33 camera renders deformable scene independently
PASS real VM controls airflow/load and prefab spawn safely
PASS runtime prefab adds independent deformable owner
LAB contacts=1069 bodies=7 fixed_ms=14.437761 draws=86
FRAME median_ms=41.448526 p95_ms=58.106127 max_ms=1544.936279
PHASE Deformable attachments 0.022943ms
PHASE Deformable edge edge contacts 1.159435ms
PHASE Deformable fixed step 15.350963ms
PHASE Deformable force prediction 0.135986ms
PHASE Deformable internal constraints 5.457343ms
PHASE Deformable plastic flow 0.252213ms
PHASE Deformable render mapping 0.390600ms
PHASE Deformable rigid contacts 4.862704ms
PHASE Deformable self pair cache 3.114688ms
PHASE Deformable surface candidates 0.159232ms
PHASE Deformable surface contacts 4.447473ms
PHASE Deformable vertex face contacts 0.149406ms
PASS normal startup and clean shutdown
SUMMARY mode=probe checks=11 failures=0 frames=120
