configure: exit=0, 1.384s
build: exit=0, 509.301s
async_application: exit=0, 9.649s
judas_scene_tests: exit=0, 0.124s
judas_lifecycle_tests: exit=0, 0.672s
judas_project_tests: exit=0, 0.318s
judas_job_tests: exit=0, 0.116s
judas_physics_tests: exit=0, 0.006s
judas_rigid_contact_tests: exit=0, 4.401s
judas_broadphase_tests: exit=0, 37.430s
judas_collision_tests: exit=0, 0.033s
judas_celestial_gravity_tests: exit=0, 0.036s
judas_asset_tests: exit=0, 0.007s
judas_step_climb_tests: exit=0, 0.012s
judas_pilot_attachment_tests: exit=0, 0.009s
judas_pilot_dismount_tests: exit=0, 0.006s
judas_spacecraft_control_tests: exit=0, 0.019s
judas_spacecraft_flight_tests: exit=0, 0.023s
judas_reference_frame_tests: exit=0, 0.004s
judas_ui_tests: exit=0, 0.023s
judas_lighting_tests: exit=0, 0.010s
judas_shadow_tests: exit=0, 0.002s
judas_interactable_tests: exit=0, 0.008s
judas_player_view_tests: exit=0, 0.002s
judas_object_manipulation_tests: exit=0, 0.004s
judas_player_curved_locomotion_tests: exit=0, 0.116s
judas_world_coordinates_tests: exit=0, 0.066s
judas_compound_body_tests: exit=0, 0.120s
judas_fluid_world_tests: exit=0, 1.486s
judas_fluid_rigid_coupling_tests: exit=0, 26.983s
judas_fluid_surface_tests: exit=0, 0.004s
judas_terrain_physics_tests: exit=0, 1.330s
judas_terrain_fluid_tests: exit=0, 45.700s
judas_atmosphere_tests: exit=0, 0.038s
judas_atmospheric_flight_tests: exit=0, 0.033s
judas_combustion_tests: exit=0, 0.124s
judas_scene_fingerprint_tests: exit=0, 0.124s
judas_world_state_tests: exit=0, 0.072s
judas_uniform_gravity_scene_tests: exit=0, 0.317s
judas_contact_geometry_tests: exit=0, 0.115s
judas_contact_lifecycle_tests: exit=0, 0.032s
judas_contact_cache_tests: exit=0, 0.065s
judas_contact_storage_tests: exit=0, 0.168s
judas_rigid_motion_tests: exit=0, 0.009s
judas_impact_solver_tests: exit=0, 0.009s
judas_impact_timing_tests: exit=0, 0.016s
judas_project_application_tests: exit=0, 1.690s
judas_lifecycle_integration_tests: exit=1, 0.037s
judas_asset_integrity_tests: exit=0, 0.008s
judas_coarse_celestial_tests: exit=0, 0.016s
judas_orbital_integrity_tests: exit=0, 0.117s
judas_spacecraft_frame_integration_tests: exit=0, 0.033s
judas_thermal_accounting_tests: exit=0, 0.066s
judas_combustion_integration_tests: exit=0, 0.068s
judas_player_swimming_tests: exit=0, 0.038s
judas_fluid_metadata_tests: exit=0, 0.036s
judas_fluid_hydrostatics_tests: exit=0, 0.367s
judas_production_fluid_tests: exit=0, 124.884s
judas_fluid_container_integration_tests: exit=0, 7.194s
judas_player_fluid_integration_tests: exit=0, 196.122s
judas_fluid_cavity_impact_tests: exit=0, 0.008s
judas_fluid_smoothing_budget_tests: exit=0, 0.005s
judas_fluid_boundary_contact_tests: exit=0, 0.009s
judas_particle_contact_batch_tests: exit=0, 0.009s
judas_render_camera_tests: exit=0, 1.581s
judas_audio_tests: exit=0, 0.676s
judas_input_tests: exit=0, 0.670s
judas_prefab_tests: exit=0, 0.039s
judas_prefab_application_tests: exit=0, 1.536s
judas_visual_particle_tests: exit=0, 0.822s
judas_particle_application_tests: exit=0, 5.008s
judas_export_tests: exit=0, 0.117s
judas_package_application_tests: exit=0, 4.058s
judas_classification_tests: exit=0, 0.832s
judas_script_tests: exit=0, 1.579s
judas_script_application_tests: exit=0, 3.416s
editor_async: exit=0, 3.062s
runtime_blocking_reference: exit=0, 0.370s
m31_resource_stress: exit=0, 12.581s
{
  "overall_pass": false,
  "checks": {
    "integration_all_12_cases": true,
    "editor_play_stop_async": true,
    "blocking_reference_three_steps": true,
    "tested_sources_unchanged_during_run": false,
    "protected_paths_unchanged": true
  },
  "seconds": 1009.2062030300003
}
