libEGL warning: Not allowed to force software rendering when API explicitly selects a hardware device.
M31 resource stress: generating 24 sphere meshes (160x160) and 16 1024x1024 textures under /tmp/judas_m31_stress_6137
  137.5 MB of asset files
  7 workers, scene 'Tiny game' playing (3 dynamic bodies)
  async: all 40 assets Ready after 0.67 s; per-asset latency (request->Ready) min 126 ms avg 477 ms max 671 ms; 40 uploads; resident 211.9 MB (peak 211.9 MB)
  cancel: 20 loads cancelled by dropped demand, 9 stale completions discarded, 20 ready, 0 loading
  evict: budget 53.2 MB -> resident 106.4 MB before, 85.3 MB after, 4 evictions; referenced textures survived: yes
  reload: 4 evicted meshes re-requested and Ready again after 0.11 s
  blocking: all 40 assets loaded on the main thread in 1.45 s (one per frame)

Per-phase main-thread measurements (frame = pump + play frame + swap; 60 Hz fixed step):
  baseline (no loads)          frames  120 | frame avg   5.54 ms p99  28.44 ms max  233.15 ms (pump max   0.00 ms) | >33 ms:   1 | fixed steps    35 (expected ~   42, 1 saturated) | queue max  0 avg   0.0 | worker util   0.0% | jobs done 0
  async load (40 assets)       frames   35 | frame avg  17.45 ms p99 104.99 ms max  104.99 ms (pump max  19.71 ms) | >33 ms:   5 | fixed steps    41 (expected ~   40, 0 saturated) | queue max 33 avg  15.7 | worker util  67.1% | jobs done 40
  cancel + release             frames    1 | frame avg   1.49 ms p99   1.49 ms max    1.49 ms (pump max   0.07 ms) | >33 ms:   0 | fixed steps     0 (expected ~    0, 0 saturated) | queue max  4 avg   4.0 | worker util   6.3% | jobs done 0
  evict + reload               frames   15 | frame avg   6.69 ms p99  53.54 ms max   53.54 ms (pump max   4.50 ms) | >33 ms:   1 | fixed steps     7 (expected ~    7, 0 saturated) | queue max  3 avg   0.5 | worker util  48.1% | jobs done 4
  BLOCKING load (40 assets)    frames   40 | frame avg  35.73 ms p99  46.18 ms max   46.18 ms (pump max   0.00 ms) | >33 ms:  24 | fixed steps    88 (expected ~   87, 0 saturated) | queue max  0 avg   0.0 | worker util   0.0% | jobs done 0

Claim under test: expensive resource preparation no longer forces the main thread to wait for the whole operation.
  async  : worst frame  104.99 ms,   5 frames over 33 ms, 0 saturated catch-up frames, wall 0.67 s
  blocking: worst frame   46.18 ms,  24 frames over 33 ms, 0 saturated catch-up frames, wall 1.45 s
  (the work itself is not free: worker busy time during the async phase was 3.16 s across 7 workers)

shutdown clean (resources, workers, renderer, window in that order); temporary project removed
