libEGL warning: Not allowed to force software rendering when API explicitly selects a hardware device.
M31 resource stress: generating 24 sphere meshes (160x160) and 16 1024x1024 textures under /tmp/judas_m31_stress_4222
  137.5 MB of asset files
  7 workers, scene 'Tiny game' playing (3 dynamic bodies)
  async: all 40 assets Ready after 0.82 s; per-asset latency (request->Ready) min 177 ms avg 558 ms max 819 ms; 40 uploads; resident 211.9 MB (peak 211.9 MB)
  cancel: 20 loads cancelled by dropped demand, 10 stale completions discarded, 20 ready, 0 loading
  evict: budget 53.2 MB -> resident 106.4 MB before, 85.3 MB after, 4 evictions; referenced textures survived: yes
  reload: 4 evicted meshes re-requested and Ready again after 0.13 s
  blocking: all 40 assets loaded on the main thread in 1.74 s (one per frame)

Per-phase main-thread measurements (frame = pump + play frame + swap; 60 Hz fixed step):
  baseline (no loads)          frames  120 | frame avg   6.19 ms p99  65.43 ms max  187.68 ms (pump max   0.00 ms) | >33 ms:   7 | fixed steps    44 (expected ~   48, 1 saturated) | queue max  0 avg   0.0 | worker util   0.0% | jobs done 0
  async load (40 assets)       frames   29 | frame avg  27.11 ms p99  95.04 ms max   95.04 ms (pump max  45.13 ms) | >33 ms:   8 | fixed steps    49 (expected ~   49, 1 saturated) | queue max 40 avg  14.5 | worker util  70.9% | jobs done 40
  cancel + release             frames    1 | frame avg   5.72 ms p99   5.72 ms max    5.72 ms (pump max   0.12 ms) | >33 ms:   0 | fixed steps     1 (expected ~    0, 0 saturated) | queue max  3 avg   3.0 | worker util   4.0% | jobs done 0
  evict + reload               frames   12 | frame avg   9.52 ms p99  71.94 ms max   71.94 ms (pump max   9.62 ms) | >33 ms:   1 | fixed steps     8 (expected ~    8, 0 saturated) | queue max  4 avg   0.9 | worker util  51.8% | jobs done 4
  BLOCKING load (40 assets)    frames   40 | frame avg  42.89 ms p99  67.15 ms max   67.15 ms (pump max   0.00 ms) | >33 ms:  29 | fixed steps   105 (expected ~  104, 0 saturated) | queue max  0 avg   0.0 | worker util   0.0% | jobs done 0

Claim under test: expensive resource preparation no longer forces the main thread to wait for the whole operation.
  async  : worst frame   95.04 ms,   8 frames over 33 ms, 1 saturated catch-up frames, wall 0.82 s
  blocking: worst frame   67.15 ms,  29 frames over 33 ms, 0 saturated catch-up frames, wall 1.74 s
  (the work itself is not free: worker busy time during the async phase was 4.08 s across 7 workers)

shutdown clean (resources, workers, renderer, window in that order); temporary project removed
