FAIL density-20-500 low density player rises
CASE density-20-500 failures=1 height_change=0.314400792 final_immersion=0.659090817 max_speed=5.06997967 relative_drift=0.798690736 particle_steps=120 seconds=14.3951515 particle_reference_equal=0
FAIL density-20-1000 neutral player has no rapid systematic drift
CASE density-20-1000 failures=1 height_change=-0.347007036 final_immersion=1 max_speed=1.9313786 relative_drift=0.137311637 particle_steps=120 seconds=14.561243 particle_reference_equal=0
CASE density-20-2000 failures=0 height_change=-0.581306159 final_immersion=1 max_speed=2.32689095 relative_drift=0.0970381126 particle_steps=120 seconds=16.1676331 particle_reference_equal=0
FAIL density-25-500 low density player rises
CASE density-25-500 failures=1 height_change=0.220889091 final_immersion=0.665319085 max_speed=5.37004137 relative_drift=0.762523293 particle_steps=120 seconds=7.13338983 particle_reference_equal=0
FAIL density-25-1000 neutral player has no rapid systematic drift
CASE density-25-1000 failures=1 height_change=-0.580007493 final_immersion=0.998279333 max_speed=2.03162313 relative_drift=0.0385543145 particle_steps=120 seconds=9.33526757 particle_reference_equal=0
CASE density-25-2000 failures=0 height_change=-0.581321955 final_immersion=0.998279333 max_speed=2.3811698 relative_drift=0.039728459 particle_steps=120 seconds=8.15427157 particle_reference_equal=0
FAIL rotated-density-25-500 low density player rises
CASE rotated-density-25-500 failures=1 height_change=0.227422237 final_immersion=0.657280564 max_speed=5.36162567 relative_drift=0.768051982 particle_steps=120 seconds=8.8366747 particle_reference_equal=0
FAIL common-fall-25-1000 common free fall avoids large artificial relative motion
CASE common-fall-25-1000 failures=1 height_change=-19.7625561 final_immersion=0.612936854 max_speed=19.5973854 relative_drift=0.360538483 particle_steps=60 seconds=2.04644975 particle_reference_equal=0
FAIL rotated-fall-25-1000 common free fall avoids large artificial relative motion
CASE rotated-fall-25-1000 failures=1 height_change=-19.7622147 final_immersion=0.608145416 max_speed=19.5975285 relative_drift=0.360203326 particle_steps=60 seconds=2.25873442 particle_reference_equal=0
CASE zero-g-25-500 failures=0 height_change=0 final_immersion=0 max_speed=3.30445655e-05 relative_drift=1.68783856e-06 particle_steps=120 seconds=4.5209887 particle_reference_equal=0
CASE swim-through-20-950 failures=0 height_change=0.0267453194 final_immersion=0 max_speed=4.00000095 relative_drift=14.27773 particle_steps=150 seconds=15.9850518 particle_reference_equal=1
CASE swim-through-25-950 failures=0 height_change=0.0251957178 final_immersion=0 max_speed=4.00000191 relative_drift=15.4861965 particle_steps=150 seconds=9.0010505 particle_reference_equal=1
SUMMARY checks=5633 failures=7 ordinary_steps=3360
