FAIL density-20-500 fixed reference-pool warmup is quiescent
STRICT_MICROREST_FAILURE density-20-500 unchanged mean-particle-speed <0.05 m/s prerequisite
CASE density-20-500 failures=1 height_change=1.4795413 final_immersion=0.535267115 max_speed=2.79472709 relative_drift=1.48012221 synchronized_relative_drift=1.4886657 independent_fall_error=0 warmup_steps=240 warmup_mean_speed=0.083356522 warmup_bulk_speed=0.00850171223 warmup_centroid_travel=0.000741184514 final_mean_particle_speed=0.0842395574 jump_immersion=0 jump_delta_speed=0 particle_steps=120 seconds=19.9001656 particle_reference_equal=0
FAIL density-20-1000 fixed reference-pool warmup is quiescent
STRICT_MICROREST_FAILURE density-20-1000 unchanged mean-particle-speed <0.05 m/s prerequisite
FAIL density-20-1000 neutral player has no rapid systematic drift
CASE density-20-1000 failures=2 height_change=-0.722114563 final_immersion=0.911805928 max_speed=0.495009184 relative_drift=0.721593142 synchronized_relative_drift=0.721593976 independent_fall_error=0 warmup_steps=240 warmup_mean_speed=0.083356522 warmup_bulk_speed=0.00850171223 warmup_centroid_travel=0.000741184514 final_mean_particle_speed=0.0842395574 jump_immersion=0 jump_delta_speed=0 particle_steps=120 seconds=20.5717799 particle_reference_equal=0
FAIL density-20-2000 fixed reference-pool warmup is quiescent
STRICT_MICROREST_FAILURE density-20-2000 unchanged mean-particle-speed <0.05 m/s prerequisite
CASE density-20-2000 failures=1 height_change=-0.723336279 final_immersion=0.911776423 max_speed=1.83686388 relative_drift=0.722811639 synchronized_relative_drift=0.722812772 independent_fall_error=0 warmup_steps=240 warmup_mean_speed=0.083356522 warmup_bulk_speed=0.00850171223 warmup_centroid_travel=0.000741184514 final_mean_particle_speed=0.0842395574 jump_immersion=0 jump_delta_speed=0 particle_steps=120 seconds=22.0799219 particle_reference_equal=0
CASE density-25-500 failures=0 height_change=1.41139317 final_immersion=0.535483956 max_speed=2.67973685 relative_drift=1.41095185 synchronized_relative_drift=1.41898727 independent_fall_error=0 warmup_steps=240 warmup_mean_speed=0.0481361523 warmup_bulk_speed=0.00146580243 warmup_centroid_travel=0.0016406317 final_mean_particle_speed=0.0426237434 jump_immersion=0 jump_delta_speed=0 particle_steps=120 seconds=13.7535053 particle_reference_equal=0
FAIL density-25-1000 neutral player has no rapid systematic drift
CASE density-25-1000 failures=1 height_change=-0.642856956 final_immersion=0.894982517 max_speed=0.542878509 relative_drift=0.643308282 synchronized_relative_drift=0.643307924 independent_fall_error=0 warmup_steps=240 warmup_mean_speed=0.0481361523 warmup_bulk_speed=0.00146580243 warmup_centroid_travel=0.0016406317 final_mean_particle_speed=0.0426237434 jump_immersion=0 jump_delta_speed=0 particle_steps=120 seconds=10.2721318 particle_reference_equal=0
CASE density-25-2000 failures=0 height_change=-0.644034982 final_immersion=0.895022154 max_speed=1.79030216 relative_drift=0.64448607 synchronized_relative_drift=0.644485772 independent_fall_error=0 warmup_steps=240 warmup_mean_speed=0.0481361523 warmup_bulk_speed=0.00146580243 warmup_centroid_travel=0.0016406317 final_mean_particle_speed=0.0426237434 jump_immersion=0 jump_delta_speed=0 particle_steps=120 seconds=12.435141 particle_reference_equal=0
FAIL rotated-density-25-500 fixed reference-pool warmup is quiescent
STRICT_MICROREST_FAILURE rotated-density-25-500 unchanged mean-particle-speed <0.05 m/s prerequisite
CASE rotated-density-25-500 failures=1 height_change=1.41614008 final_immersion=0.508181512 max_speed=2.48418474 relative_drift=1.41639543 synchronized_relative_drift=1.42531717 independent_fall_error=0 warmup_steps=240 warmup_mean_speed=0.0529838726 warmup_bulk_speed=0.00454843231 warmup_centroid_travel=0.000742826494 final_mean_particle_speed=0.0438137911 jump_immersion=0 jump_delta_speed=0 particle_steps=120 seconds=14.8221559 particle_reference_equal=0
CASE common-fall-25-1000 failures=0 height_change=-19.7742004 final_immersion=0.07562951 max_speed=19.613203 relative_drift=0.372183114 synchronized_relative_drift=0.0452975146 independent_fall_error=0.00931244902 warmup_steps=0 warmup_mean_speed=0 warmup_bulk_speed=0 warmup_centroid_travel=0 final_mean_particle_speed=0 jump_immersion=0 jump_delta_speed=0 particle_steps=60 seconds=1.67596327 particle_reference_equal=0
CASE rotated-fall-25-1000 failures=0 height_change=-19.7710209 final_immersion=0.0573805682 max_speed=19.6122875 relative_drift=0.369144022 synchronized_relative_drift=0.0432730615 independent_fall_error=0.0159551464 warmup_steps=0 warmup_mean_speed=0 warmup_bulk_speed=0 warmup_centroid_travel=0 final_mean_particle_speed=0 jump_immersion=0 jump_delta_speed=0 particle_steps=60 seconds=1.80396702 particle_reference_equal=0
CASE zero-g-25-500 failures=0 height_change=0 final_immersion=0 max_speed=0.00331229204 relative_drift=0.00111270184 synchronized_relative_drift=0.00109571719 independent_fall_error=0 warmup_steps=0 warmup_mean_speed=0 warmup_bulk_speed=0 warmup_centroid_travel=0 final_mean_particle_speed=0 jump_immersion=0 jump_delta_speed=0 particle_steps=120 seconds=2.88571209 particle_reference_equal=0
CASE swim-through-20-950 failures=0 height_change=0.0340950489 final_immersion=0 max_speed=4.00001526 relative_drift=18.9855537 synchronized_relative_drift=18.9188862 independent_fall_error=0 warmup_steps=0 warmup_mean_speed=0 warmup_bulk_speed=0 warmup_centroid_travel=0 final_mean_particle_speed=0 jump_immersion=0.33311525 jump_delta_speed=0.0155298049 particle_steps=150 seconds=10.365208 particle_reference_equal=1
CASE swim-through-25-950 failures=0 height_change=0.0280359983 final_immersion=0 max_speed=4.00001001 relative_drift=18.9609509 synchronized_relative_drift=18.8942852 independent_fall_error=0 warmup_steps=0 warmup_mean_speed=0 warmup_bulk_speed=0 warmup_centroid_travel=0 final_mean_particle_speed=0 jump_immersion=0.289831758 jump_delta_speed=0.0135314381 particle_steps=150 seconds=5.12095528 particle_reference_equal=1
SUMMARY checks=5661 failures=6 strict_microrest_checks=7 strict_microrest_failures=4 ordinary_steps=5040
