[  0%] Built target judas_icu_build
[  0%] Built target judas_app_icon
[  0%] Built target judas_quickjs
[  2%] Built target judas_navigation_backend
[  3%] Built target judas_glad
[  6%] Built target freetype
[  6%] Built target judas_profiler
[  7%] Built target judas_audio_backend
[  8%] Built target harfbuzz
[  9%] Built target judas_imgui
[ 11%] Built target judas_physics_tests
[ 13%] Built target judas_rigid_contact_tests
[ 15%] Built target judas_broadphase_tests
[ 17%] Built target judas_collision_tests
[ 18%] Built target judas_celestial_gravity_tests
[ 20%] Built target judas_step_climb_tests
[ 20%] Built target judas_pilot_attachment_tests
[ 21%] Built target judas_pilot_dismount_tests
[ 23%] Built target judas_spacecraft_control_tests
[ 25%] Built target judas_spacecraft_flight_tests
[ 27%] Built target judas_reference_frame_tests
[ 28%] Built target judas_shadow_tests
[ 29%] Built target judas_player_view_tests
[ 32%] Built target judas_object_manipulation_tests
[ 35%] Built target judas_player_curved_locomotion_tests
[ 36%] Built target judas_compound_body_tests
[ 39%] Built target judas_world_coordinates_tests
[ 41%] Built target judas_fluid_world_tests
[ 41%] Built target judas_fluid_surface_tests
[ 43%] Built target judas_fluid_rigid_coupling_tests
[ 45%] Built target judas_terrain_fluid_tests
[ 47%] Built target judas_terrain_physics_tests
[ 47%] Built target judas_atmosphere_tests
[ 50%] Built target judas_atmospheric_flight_tests
[ 50%] Built target judas_materials
[ 53%] Built target judas_combustion_tests
[ 64%] Built target judas_engine
[ 65%] Built target judas_navigation_baker
[ 65%] Built target judas
[ 65%] Built target judas_scene_author
[ 65%] Built target judas_resource_stress
[ 65%] Built target judas_scene_tests
[ 65%] Built target judas_lifecycle_tests
[ 65%] Built target judas_job_tests
[ 66%] Built target judas_project_tests
[ 66%] Built target judas_asset_tests
[ 66%] Built target judas_ui_tests
[ 67%] Built target judas_lighting_tests
[ 68%] Built target judas_scene_fingerprint_tests
[ 71%] Built target judas_interactable_tests
[ 71%] Built target judas_world_state_tests
[ 72%] Built target judas_async_application_tests
[ 72%] Built target judas_uniform_gravity_scene_tests
[ 72%] Built target judas_contact_geometry_tests
[ 73%] Built target judas_contact_lifecycle_tests
[ 73%] Built target judas_contact_cache_tests
[ 73%] Built target judas_contact_storage_tests
[ 73%] Built target judas_timing_defect_probe
[ 73%] Built target judas_rigid_motion_tests
[ 73%] Built target judas_poisson_policy_witness
[ 73%] Built target judas_impact_solver_tests
[ 73%] Built target judas_impact_timing_tests
[ 73%] Building CXX object CMakeFiles/judas_project_application_tests.dir/src/Application.cpp.o
[ 73%] Building CXX object CMakeFiles/judas_lifecycle_integration_tests.dir/tests/LifecycleIntegrationTests.cpp.o
[ 73%] Building CXX object CMakeFiles/judas_project_application_tests.dir/src/RuntimeDiagnostics.cpp.o
[ 73%] Linking CXX executable judas_lifecycle_integration_tests
[ 73%] Built target judas_lifecycle_integration_tests
[ 73%] Building CXX object CMakeFiles/judas_asset_integrity_tests.dir/tests/AssetIntegrityTests.cpp.o
[ 73%] Building CXX object CMakeFiles/judas_project_application_tests.dir/src/TestHarness.cpp.o
[ 73%] Linking CXX executable judas_asset_integrity_tests
[ 73%] Built target judas_asset_integrity_tests
[ 73%] Building CXX object CMakeFiles/judas_coarse_celestial_tests.dir/tests/CoarseCelestialTests.cpp.o
[ 73%] Linking CXX executable judas_project_application_tests
[ 73%] Built target judas_project_application_tests
[ 73%] Building CXX object CMakeFiles/judas_orbital_integrity_tests.dir/tests/OrbitalIntegrityTests.cpp.o
[ 73%] Linking CXX executable judas_coarse_celestial_tests
[ 73%] Built target judas_coarse_celestial_tests
[ 73%] Building CXX object CMakeFiles/judas_spacecraft_frame_integration_tests.dir/tests/SpacecraftFrameIntegrationTests.cpp.o
[ 73%] Linking CXX executable judas_orbital_integrity_tests
[ 73%] Built target judas_orbital_integrity_tests
[ 74%] Building CXX object CMakeFiles/judas_thermal_accounting_tests.dir/tests/ThermalAccountingTests.cpp.o
[ 74%] Linking CXX executable judas_spacecraft_frame_integration_tests
[ 74%] Linking CXX executable judas_thermal_accounting_tests
[ 74%] Built target judas_thermal_accounting_tests
[ 74%] Building CXX object CMakeFiles/judas_combustion_integration_tests.dir/tests/CombustionIntegrationTests.cpp.o
[ 74%] Built target judas_spacecraft_frame_integration_tests
[ 74%] Building CXX object CMakeFiles/judas_player_swimming_tests.dir/tests/PlayerSwimmingTests.cpp.o
[ 74%] Linking CXX executable judas_player_swimming_tests
[ 74%] Built target judas_player_swimming_tests
[ 74%] Building CXX object CMakeFiles/judas_fluid_metadata_tests.dir/tests/FluidMetadataTests.cpp.o
[ 74%] Linking CXX executable judas_combustion_integration_tests
[ 74%] Built target judas_combustion_integration_tests
[ 74%] Building CXX object CMakeFiles/judas_fluid_hydrostatics_tests.dir/tests/FluidHydrostaticsTests.cpp.o
[ 74%] Linking CXX executable judas_fluid_metadata_tests
[ 74%] Linking CXX executable judas_fluid_hydrostatics_tests
[ 74%] Built target judas_fluid_hydrostatics_tests
[ 74%] Building CXX object CMakeFiles/judas_production_fluid_tests.dir/tests/ProductionFluidTests.cpp.o
[ 74%] Built target judas_fluid_metadata_tests
[ 74%] Building CXX object CMakeFiles/judas_fluid_container_integration_tests.dir/tests/FluidContainerIntegrationTests.cpp.o
[ 74%] Linking CXX executable judas_production_fluid_tests
[ 74%] Built target judas_production_fluid_tests
[ 74%] Building CXX object CMakeFiles/judas_player_fluid_integration_tests.dir/tests/PlayerFluidIntegrationTests.cpp.o
[ 74%] Linking CXX executable judas_fluid_container_integration_tests
[ 74%] Built target judas_fluid_container_integration_tests
[ 74%] Building CXX object CMakeFiles/judas_fluid_cavity_impact_tests.dir/tests/FluidCavityImpactTests.cpp.o
[ 74%] Linking CXX executable judas_fluid_cavity_impact_tests
[ 74%] Built target judas_fluid_cavity_impact_tests
[ 74%] Building CXX object CMakeFiles/judas_fluid_smoothing_budget_tests.dir/tests/FluidSmoothingBudgetTests.cpp.o
[ 74%] Linking CXX executable judas_player_fluid_integration_tests
[ 74%] Linking CXX executable judas_fluid_smoothing_budget_tests
[ 74%] Built target judas_fluid_smoothing_budget_tests
[ 74%] Building CXX object CMakeFiles/judas_fluid_boundary_contact_tests.dir/tests/FluidBoundaryContactTests.cpp.o
[ 74%] Built target judas_player_fluid_integration_tests
[ 74%] Building CXX object CMakeFiles/judas_particle_contact_batch_tests.dir/tests/ParticleContactBatchTests.cpp.o
[ 74%] Linking CXX executable judas_fluid_boundary_contact_tests
[ 74%] Built target judas_fluid_boundary_contact_tests
[ 74%] Building CXX object CMakeFiles/judas_production_fluid_performance.dir/tests/ProductionFluidPerformance.cpp.o
[ 74%] Linking CXX executable judas_particle_contact_batch_tests
[ 74%] Built target judas_particle_contact_batch_tests
[ 74%] Building CXX object CMakeFiles/judas_render_camera_tests.dir/tests/RenderCameraTests.cpp.o
[ 75%] Linking CXX executable judas_production_fluid_performance
[ 75%] Built target judas_production_fluid_performance
[ 75%] Building CXX object CMakeFiles/judas_render_camera_tests.dir/src/editor/EditorHistory.cpp.o
[ 75%] Building CXX object CMakeFiles/judas_audio_tests.dir/tests/AudioTests.cpp.o
[ 75%] Linking CXX executable judas_render_camera_tests
[ 75%] Built target judas_render_camera_tests
[ 75%] Building CXX object CMakeFiles/judas_audio_tests.dir/src/editor/EditorHistory.cpp.o
[ 75%] Building CXX object CMakeFiles/judas_input_tests.dir/tests/InputTests.cpp.o
[ 75%] Linking CXX executable judas_audio_tests
[ 75%] Built target judas_audio_tests
[ 75%] Building CXX object CMakeFiles/judas_prefab_tests.dir/tests/PrefabTests.cpp.o
[ 75%] Linking CXX executable judas_input_tests
[ 75%] Built target judas_input_tests
[ 75%] Building CXX object CMakeFiles/judas_prefab_tests.dir/src/editor/EditorHistory.cpp.o
[ 75%] Building CXX object CMakeFiles/judas_prefab_application_tests.dir/tests/PrefabApplicationTests.cpp.o
[ 75%] Linking CXX executable judas_prefab_tests
[ 75%] Built target judas_prefab_tests
[ 76%] Building CXX object CMakeFiles/judas_visual_particle_tests.dir/tests/VisualParticleTests.cpp.o
[ 76%] Building CXX object CMakeFiles/judas_prefab_application_tests.dir/src/Application.cpp.o
[ 76%] Building CXX object CMakeFiles/judas_visual_particle_tests.dir/src/editor/EditorHistory.cpp.o
[ 76%] Building CXX object CMakeFiles/judas_prefab_application_tests.dir/src/RuntimeOptions.cpp.o
[ 76%] Building CXX object CMakeFiles/judas_prefab_application_tests.dir/src/RuntimeDiagnostics.cpp.o
[ 76%] Linking CXX executable judas_visual_particle_tests
[ 76%] Built target judas_visual_particle_tests
[ 76%] Building CXX object CMakeFiles/judas_particle_application_tests.dir/tests/ParticleApplicationTests.cpp.o
[ 76%] Building CXX object CMakeFiles/judas_prefab_application_tests.dir/src/TestHarness.cpp.o
[ 77%] Building CXX object CMakeFiles/judas_particle_application_tests.dir/src/Application.cpp.o
[ 77%] Linking CXX executable judas_prefab_application_tests
[ 77%] Built target judas_prefab_application_tests
[ 77%] Building CXX object CMakeFiles/judas_export.dir/src/ExportMain.cpp.o
[ 77%] Linking CXX executable judas_export
[ 77%] Built target judas_export
[ 78%] Building CXX object CMakeFiles/judas_export_tests.dir/tests/ExportTests.cpp.o
[ 78%] Building CXX object CMakeFiles/judas_particle_application_tests.dir/src/RuntimeOptions.cpp.o
[ 78%] Linking CXX executable judas_export_tests
[ 78%] Built target judas_export_tests
[ 78%] Building CXX object CMakeFiles/judas_package_application_tests.dir/tests/PackageApplicationTests.cpp.o
[ 78%] Building CXX object CMakeFiles/judas_particle_application_tests.dir/src/RuntimeDiagnostics.cpp.o
[ 78%] Building CXX object CMakeFiles/judas_particle_application_tests.dir/src/TestHarness.cpp.o
[ 78%] Building CXX object CMakeFiles/judas_package_application_tests.dir/src/Application.cpp.o
[ 78%] Linking CXX executable judas_particle_application_tests
[ 78%] Built target judas_particle_application_tests
[ 78%] Building CXX object CMakeFiles/judas_classification_tests.dir/tests/ClassificationTests.cpp.o
[ 78%] Building CXX object CMakeFiles/judas_package_application_tests.dir/src/RuntimeOptions.cpp.o
[ 78%] Building CXX object CMakeFiles/judas_package_application_tests.dir/src/RuntimeDiagnostics.cpp.o
[ 78%] Building CXX object CMakeFiles/judas_package_application_tests.dir/src/TestHarness.cpp.o
[ 78%] Building CXX object CMakeFiles/judas_classification_tests.dir/src/editor/EditorHistory.cpp.o
[ 78%] Linking CXX executable judas_package_application_tests
[ 78%] Built target judas_package_application_tests
[ 78%] Building CXX object CMakeFiles/judas_script_tests.dir/tests/ScriptTests.cpp.o
[ 78%] Linking CXX executable judas_classification_tests
[ 78%] Built target judas_classification_tests
[ 78%] Building CXX object CMakeFiles/judas_script_application_tests.dir/tests/ScriptApplicationTests.cpp.o
[ 78%] Linking CXX executable judas_script_tests
[ 78%] Built target judas_script_tests
[ 78%] Building CXX object CMakeFiles/judas_runtime_ui_tests.dir/tests/RuntimeUITests.cpp.o
[ 79%] Building CXX object CMakeFiles/judas_script_application_tests.dir/src/Application.cpp.o
[ 79%] Building CXX object CMakeFiles/judas_script_application_tests.dir/src/RuntimeOptions.cpp.o
[ 79%] Linking CXX executable judas_runtime_ui_tests
[ 79%] Built target judas_runtime_ui_tests
[ 79%] Building CXX object CMakeFiles/judas_runtime_ui_application_tests.dir/tests/RuntimeUIApplicationTests.cpp.o
[ 79%] Building CXX object CMakeFiles/judas_script_application_tests.dir/src/RuntimeDiagnostics.cpp.o
[ 79%] Building CXX object CMakeFiles/judas_script_application_tests.dir/src/TestHarness.cpp.o
[ 79%] Building CXX object CMakeFiles/judas_runtime_ui_application_tests.dir/src/Application.cpp.o
[ 79%] Linking CXX executable judas_script_application_tests
[ 79%] Built target judas_script_application_tests
[ 79%] Building CXX object CMakeFiles/judas_runtime_ui_application_tests.dir/src/RuntimeOptions.cpp.o
[ 79%] Building CXX object CMakeFiles/judas_runtime_ui_application_tests.dir/src/RuntimeDiagnostics.cpp.o
[ 79%] Building CXX object CMakeFiles/judas_runtime_ui_application_tests.dir/src/TestHarness.cpp.o
[ 79%] Building CXX object CMakeFiles/judas_touch_event_tests.dir/tests/TouchEventTests.cpp.o
[ 79%] Linking CXX executable judas_runtime_ui_application_tests
[ 80%] Linking CXX executable judas_touch_event_tests
[ 80%] Built target judas_runtime_ui_application_tests
[ 80%] Building CXX object CMakeFiles/judas_touch_application_tests.dir/tests/TouchApplicationTests.cpp.o
[ 80%] Built target judas_touch_event_tests
[ 80%] Building CXX object CMakeFiles/judas_scene_transition_tests.dir/tests/SceneTransitionTests.cpp.o
[ 80%] Building CXX object CMakeFiles/judas_scene_transition_tests.dir/src/Application.cpp.o
[ 80%] Building CXX object CMakeFiles/judas_touch_application_tests.dir/src/Application.cpp.o
[ 80%] Building CXX object CMakeFiles/judas_scene_transition_tests.dir/src/RuntimeOptions.cpp.o
[ 80%] Building CXX object CMakeFiles/judas_scene_transition_tests.dir/src/RuntimeDiagnostics.cpp.o
[ 80%] Building CXX object CMakeFiles/judas_touch_application_tests.dir/src/RuntimeOptions.cpp.o
[ 80%] Building CXX object CMakeFiles/judas_scene_transition_tests.dir/src/TestHarness.cpp.o
[ 80%] Building CXX object CMakeFiles/judas_touch_application_tests.dir/src/RuntimeDiagnostics.cpp.o
[ 80%] Linking CXX executable judas_scene_transition_tests
[ 80%] Building CXX object CMakeFiles/judas_touch_application_tests.dir/src/TestHarness.cpp.o
[ 80%] Built target judas_scene_transition_tests
[ 80%] Building CXX object CMakeFiles/judas_physics_cast_tests.dir/tests/PhysicsCastTests.cpp.o
[ 80%] Linking CXX executable judas_physics_cast_tests
[ 80%] Built target judas_physics_cast_tests
[ 80%] Building CXX object CMakeFiles/judas_physics_cast_application_tests.dir/tests/PhysicsCastApplicationTests.cpp.o
[ 80%] Linking CXX executable judas_touch_application_tests
[ 80%] Built target judas_touch_application_tests
[ 80%] Building CXX object CMakeFiles/judas_joint_tests.dir/tests/JointTests.cpp.o
[ 80%] Linking CXX executable judas_joint_tests
[ 80%] Built target judas_joint_tests
[ 80%] Building CXX object CMakeFiles/judas_joint_authoring_tests.dir/tests/JointAuthoringTests.cpp.o
[ 80%] Building CXX object CMakeFiles/judas_physics_cast_application_tests.dir/src/Application.cpp.o
[ 80%] Linking CXX executable judas_joint_authoring_tests
[ 80%] Built target judas_joint_authoring_tests
[ 80%] Building CXX object CMakeFiles/judas_physics_cast_application_tests.dir/src/RuntimeOptions.cpp.o
[ 80%] Building CXX object CMakeFiles/judas_physics_cast_application_tests.dir/src/RuntimeDiagnostics.cpp.o
[ 81%] Building CXX object CMakeFiles/judas_physics_cast_application_tests.dir/src/TestHarness.cpp.o
[ 81%] Building CXX object CMakeFiles/judas_joint_application_tests.dir/tests/JointApplicationTests.cpp.o
[ 81%] Linking CXX executable judas_physics_cast_application_tests
[ 81%] Building CXX object CMakeFiles/judas_joint_application_tests.dir/src/Application.cpp.o
[ 81%] Built target judas_physics_cast_application_tests
[ 81%] Building CXX object CMakeFiles/judas_joint_application_tests.dir/src/RuntimeOptions.cpp.o
[ 81%] Building CXX object CMakeFiles/judas_joint_application_tests.dir/src/RuntimeDiagnostics.cpp.o
[ 81%] Building CXX object CMakeFiles/judas_joint_application_tests.dir/src/TestHarness.cpp.o
[ 81%] Building CXX object CMakeFiles/judas_skeletal_animation_tests.dir/tests/SkeletalAnimationTests.cpp.o
[ 82%] Linking CXX executable judas_joint_application_tests
[ 82%] Built target judas_joint_application_tests
[ 82%] Building CXX object CMakeFiles/judas_animation_application_tests.dir/tests/AnimationApplicationTests.cpp.o
[ 82%] Linking CXX executable judas_skeletal_animation_tests
[ 82%] Built target judas_skeletal_animation_tests
[ 82%] Building CXX object CMakeFiles/judas_animation_application_tests.dir/src/Application.cpp.o
[ 82%] Building CXX object CMakeFiles/judas_animation_application_tests.dir/src/RuntimeOptions.cpp.o
[ 83%] Building CXX object CMakeFiles/judas_animation_application_tests.dir/src/RuntimeDiagnostics.cpp.o
[ 83%] Building CXX object CMakeFiles/judas_animation_application_tests.dir/src/TestHarness.cpp.o
[ 83%] Building CXX object CMakeFiles/judas_pose_composition_tests.dir/tests/PoseCompositionTests.cpp.o
[ 83%] Linking CXX executable judas_animation_application_tests
[ 83%] Built target judas_animation_application_tests
[ 83%] Building CXX object CMakeFiles/judas_pose_composition_application_tests.dir/tests/PoseCompositionApplicationTests.cpp.o
[ 84%] Linking CXX executable judas_pose_composition_tests
[ 84%] Built target judas_pose_composition_tests
[ 84%] Building CXX object CMakeFiles/judas_pose_composition_application_tests.dir/src/Application.cpp.o
[ 84%] Building CXX object CMakeFiles/judas_pose_composition_application_tests.dir/src/RuntimeOptions.cpp.o
[ 84%] Building CXX object CMakeFiles/judas_pose_composition_application_tests.dir/src/RuntimeDiagnostics.cpp.o
[ 84%] Building CXX object CMakeFiles/judas_pose_composition_application_tests.dir/src/TestHarness.cpp.o
[ 84%] Building CXX object CMakeFiles/judas_ragdoll_tests.dir/tests/RagdollTests.cpp.o
[ 84%] Linking CXX executable judas_pose_composition_application_tests
[ 84%] Built target judas_pose_composition_application_tests
[ 84%] Building CXX object CMakeFiles/judas_ragdoll_application_tests.dir/tests/RagdollApplicationTests.cpp.o
[ 84%] Linking CXX executable judas_ragdoll_tests
[ 84%] Built target judas_ragdoll_tests
[ 84%] Building CXX object CMakeFiles/judas_ragdoll_application_tests.dir/src/Application.cpp.o
[ 85%] Building CXX object CMakeFiles/judas_ragdoll_application_tests.dir/src/RuntimeOptions.cpp.o
[ 85%] Building CXX object CMakeFiles/judas_ragdoll_application_tests.dir/src/RuntimeDiagnostics.cpp.o
[ 85%] Building CXX object CMakeFiles/judas_ragdoll_application_tests.dir/src/TestHarness.cpp.o
[ 85%] Building CXX object CMakeFiles/judas_fluid_demo_probe.dir/tools/FluidDemoProbe.cpp.o
[ 85%] Linking CXX executable judas_ragdoll_application_tests
[ 86%] Building CXX object CMakeFiles/judas_fluid_demo_probe.dir/src/Application.cpp.o
[ 86%] Built target judas_ragdoll_application_tests
[ 86%] Building CXX object CMakeFiles/judas_fluid_demo_integration_tests.dir/tests/FluidDemoIntegrationTests.cpp.o
[ 86%] Building CXX object CMakeFiles/judas_fluid_demo_probe.dir/src/RuntimeOptions.cpp.o
[ 86%] Linking CXX executable judas_fluid_demo_integration_tests
[ 86%] Built target judas_fluid_demo_integration_tests
[ 86%] Building CXX object CMakeFiles/judas_character_motor_tests.dir/tests/CharacterMotorTests.cpp.o
[ 86%] Building CXX object CMakeFiles/judas_fluid_demo_probe.dir/src/RuntimeDiagnostics.cpp.o
[ 86%] Building CXX object CMakeFiles/judas_fluid_demo_probe.dir/src/TestHarness.cpp.o
[ 86%] Linking CXX executable judas_character_motor_tests
[ 86%] Built target judas_character_motor_tests
[ 87%] Building CXX object CMakeFiles/judas_character_motor_application_tests.dir/tests/CharacterMotorApplicationTests.cpp.o
[ 87%] Linking CXX executable judas_fluid_demo_probe
[ 87%] Built target judas_fluid_demo_probe
[ 87%] Building CXX object CMakeFiles/judasjs_examples_tests.dir/tests/JudasJSExamplesTests.cpp.o
[ 87%] Linking CXX executable judas_character_motor_application_tests
[ 87%] Built target judas_character_motor_application_tests
[ 87%] Building CXX object CMakeFiles/judas_boundary_migration_tests.dir/tests/BoundaryMigrationTests.cpp.o
[ 88%] Linking CXX executable judasjs_examples_tests
[ 88%] Built target judasjs_examples_tests
[ 88%] Building CXX object CMakeFiles/judas_shooter_game_tests.dir/tests/ShooterGameTests.cpp.o
[ 88%] Linking CXX executable judas_boundary_migration_tests
[ 88%] Built target judas_boundary_migration_tests
[ 88%] Building CXX object CMakeFiles/judas_shooter_application_tests.dir/tests/ShooterApplicationTests.cpp.o
[ 88%] Building CXX object CMakeFiles/judas_shooter_application_tests.dir/src/Application.cpp.o
[ 88%] Linking CXX executable judas_shooter_game_tests
[ 88%] Built target judas_shooter_game_tests
[ 88%] Building CXX object CMakeFiles/judas_script_presentation_tests.dir/tests/ScriptPresentationTests.cpp.o
[ 88%] Building CXX object CMakeFiles/judas_shooter_application_tests.dir/src/RuntimeOptions.cpp.o
[ 88%] Linking CXX executable judas_script_presentation_tests
[ 88%] Built target judas_script_presentation_tests
[ 88%] Building CXX object CMakeFiles/judas_navigation_bake.dir/tools/NavigationBake.cpp.o
[ 88%] Building CXX object CMakeFiles/judas_shooter_application_tests.dir/src/RuntimeDiagnostics.cpp.o
[ 88%] Building CXX object CMakeFiles/judas_shooter_application_tests.dir/src/TestHarness.cpp.o
[ 88%] Linking CXX executable judas_navigation_bake
[ 88%] Built target judas_navigation_bake
[ 88%] Building CXX object CMakeFiles/judas_navigation_tests.dir/tests/NavigationTests.cpp.o
[ 88%] Linking CXX executable judas_shooter_application_tests
[ 88%] Built target judas_shooter_application_tests
[ 88%] Building CXX object CMakeFiles/judas_navigation_game_tests.dir/tests/NavigationGameTests.cpp.o
[ 88%] Linking CXX executable judas_navigation_tests
[ 88%] Linking CXX executable judas_navigation_game_tests
[ 88%] Built target judas_navigation_tests
[ 88%] Building CXX object CMakeFiles/judas_liquid_tests.dir/tests/LiquidTests.cpp.o
[ 88%] Built target judas_navigation_game_tests
[ 88%] Building CXX object CMakeFiles/judas_liquid_bake.dir/tools/LiquidBake.cpp.o
[ 88%] Linking CXX executable judas_liquid_tests
[ 89%] Linking CXX executable judas_liquid_bake
[ 89%] Built target judas_liquid_tests
[ 89%] Building CXX object CMakeFiles/judas_liquid_application_tests.dir/tests/LiquidApplicationTests.cpp.o
[ 89%] Built target judas_liquid_bake
[ 90%] Building CXX object CMakeFiles/judas_liquid_surface_tests.dir/tests/LiquidSurfaceTests.cpp.o
[ 90%] Linking CXX executable judas_liquid_application_tests
[ 90%] Linking CXX executable judas_liquid_surface_tests
[ 90%] Built target judas_liquid_application_tests
[ 90%] Building CXX object CMakeFiles/judas_liquid_surface_application_tests.dir/tests/LiquidSurfaceApplicationTests.cpp.o
[ 90%] Built target judas_liquid_surface_tests
[ 90%] Building CXX object CMakeFiles/judas_liquid_surface_refill_tests.dir/tests/LiquidSurfaceRefillTests.cpp.o
[ 90%] Linking CXX executable judas_liquid_surface_refill_tests
[ 90%] Linking CXX executable judas_liquid_surface_application_tests
[ 90%] Built target judas_liquid_surface_refill_tests
[ 90%] Building CXX object CMakeFiles/judas_liquid_surface_loop_tests.dir/tests/LiquidSurfaceLoopTests.cpp.o
[ 90%] Built target judas_liquid_surface_application_tests
[ 90%] Building CXX object CMakeFiles/judas_liquid_surface_loop_tests.dir/src/Application.cpp.o
[ 90%] Building CXX object CMakeFiles/judas_liquid_surface_loop_tests.dir/src/RuntimeOptions.cpp.o
[ 90%] Building CXX object CMakeFiles/judas_liquid_surface_loop_tests.dir/src/RuntimeDiagnostics.cpp.o
[ 90%] Building CXX object CMakeFiles/judas_liquid_surface_loop_tests.dir/src/TestHarness.cpp.o
[ 90%] Building CXX object CMakeFiles/judas_profiler_tests.dir/tests/PerformanceProfilerTests.cpp.o
[ 90%] Linking CXX executable judas_profiler_tests
[ 90%] Built target judas_profiler_tests
[ 90%] Building CXX object CMakeFiles/judas_profiler_script_tests.dir/tests/ProfilerScriptTests.cpp.o
[ 90%] Linking CXX executable judas_liquid_surface_loop_tests
[ 90%] Built target judas_liquid_surface_loop_tests
[ 90%] Building CXX object CMakeFiles/judas_profiler_application_tests.dir/tests/ProfilerApplicationTests.cpp.o
[ 90%] Linking CXX executable judas_profiler_script_tests
[ 90%] Built target judas_profiler_script_tests
[ 90%] Building CXX object CMakeFiles/judas_profiler_application_tests.dir/src/editor/ProfilerView.cpp.o
[ 90%] Building CXX object CMakeFiles/judas_profiler_application_tests.dir/src/Application.cpp.o
[ 90%] Building CXX object CMakeFiles/judas_profiler_application_tests.dir/src/RuntimeOptions.cpp.o
[ 90%] Building CXX object CMakeFiles/judas_profiler_application_tests.dir/src/RuntimeDiagnostics.cpp.o
[ 90%] Building CXX object CMakeFiles/judas_profiler_application_tests.dir/src/TestHarness.cpp.o
[ 90%] Building CXX object CMakeFiles/judas_environment_bake.dir/tools/EnvironmentBake.cpp.o
[ 90%] Linking CXX executable judas_environment_bake
[ 90%] Built target judas_environment_bake
[ 90%] Building CXX object CMakeFiles/judas_material_tests.dir/tests/MaterialTests.cpp.o
[ 91%] Linking CXX executable judas_profiler_application_tests
[ 91%] Built target judas_profiler_application_tests
[ 91%] Building CXX object CMakeFiles/judas_material_application_tests.dir/tests/MaterialApplicationTests.cpp.o
[ 91%] Linking CXX executable judas_material_tests
[ 91%] Built target judas_material_tests
[ 91%] Building CXX object CMakeFiles/judas_text_localization_tests.dir/tests/TextLocalizationTests.cpp.o
[ 92%] Building CXX object CMakeFiles/judas_material_application_tests.dir/src/Application.cpp.o
[ 92%] Linking CXX executable judas_text_localization_tests
[ 92%] Built target judas_text_localization_tests
[ 92%] Building CXX object CMakeFiles/judas_material_application_tests.dir/src/TestHarness.cpp.o
[ 92%] Building CXX object CMakeFiles/judas_material_application_tests.dir/src/RuntimeDiagnostics.cpp.o
[ 92%] Building CXX object CMakeFiles/judas_material_application_tests.dir/src/RuntimeOptions.cpp.o
[ 92%] Building CXX object CMakeFiles/judas_text_render_tests.dir/tests/TextRenderTests.cpp.o
[ 92%] Linking CXX executable judas_material_application_tests
[ 92%] Built target judas_material_application_tests
[ 92%] Building CXX object CMakeFiles/judas_localization_application_tests.dir/tests/LocalizationApplicationTests.cpp.o
[ 92%] Linking CXX executable judas_text_render_tests
[ 92%] Built target judas_text_render_tests
[ 92%] Building CXX object CMakeFiles/judas_localization_application_tests.dir/src/Application.cpp.o
[ 92%] Building CXX object CMakeFiles/judas_localization_application_tests.dir/src/TestHarness.cpp.o
[ 92%] Building CXX object CMakeFiles/judas_localization_application_tests.dir/src/RuntimeDiagnostics.cpp.o
[ 92%] Building CXX object CMakeFiles/judas_localization_application_tests.dir/src/RuntimeOptions.cpp.o
[ 92%] Building CXX object CMakeFiles/judas_streaming_tests.dir/tests/WorldStreamingTests.cpp.o
[ 92%] Linking CXX executable judas_localization_application_tests
[ 92%] Built target judas_localization_application_tests
[ 92%] Building CXX object CMakeFiles/judas_streaming_demo_builder.dir/tools/StreamingDemo.cpp.o
[ 92%] Linking CXX executable judas_streaming_demo_builder
[ 92%] Built target judas_streaming_demo_builder
[ 92%] Building CXX object CMakeFiles/judas_streaming_application_tests.dir/tests/StreamingApplicationTests.cpp.o
[ 92%] Linking CXX executable judas_streaming_tests
[ 92%] Built target judas_streaming_tests
[ 93%] Building CXX object CMakeFiles/judas_streaming_performance_tests.dir/tests/StreamingPerformanceTests.cpp.o
[ 93%] Building CXX object CMakeFiles/judas_streaming_application_tests.dir/src/Application.cpp.o
[ 93%] Building CXX object CMakeFiles/judas_streaming_performance_tests.dir/src/Application.cpp.o
[ 93%] Building CXX object CMakeFiles/judas_streaming_application_tests.dir/src/RuntimeOptions.cpp.o
[ 93%] Building CXX object CMakeFiles/judas_streaming_application_tests.dir/src/RuntimeDiagnostics.cpp.o
[ 93%] Building CXX object CMakeFiles/judas_streaming_performance_tests.dir/src/RuntimeOptions.cpp.o
[ 93%] Building CXX object CMakeFiles/judas_streaming_application_tests.dir/src/TestHarness.cpp.o
[ 93%] Building CXX object CMakeFiles/judas_streaming_performance_tests.dir/src/RuntimeDiagnostics.cpp.o
[ 93%] Building CXX object CMakeFiles/judas_streaming_performance_tests.dir/src/TestHarness.cpp.o
[ 93%] Linking CXX executable judas_streaming_application_tests
[ 93%] Built target judas_streaming_application_tests
[ 93%] Building CXX object CMakeFiles/judas_streaming_revisit_tests.dir/tests/StreamingRevisitTests.cpp.o
[ 93%] Linking CXX executable judas_streaming_performance_tests
[ 93%] Built target judas_streaming_performance_tests
[ 93%] Building CXX object CMakeFiles/judas_streaming_revisit_tests.dir/src/Application.cpp.o
[ 93%] Building CXX object CMakeFiles/judas_streaming_revisit_tests.dir/src/RuntimeOptions.cpp.o
[ 93%] Building CXX object CMakeFiles/judas_streaming_revisit_tests.dir/src/RuntimeDiagnostics.cpp.o
[ 93%] Building CXX object CMakeFiles/judas_streaming_revisit_tests.dir/src/TestHarness.cpp.o
[ 93%] Building CXX object CMakeFiles/judas_audio_acoustics_tests.dir/tests/AudioAcousticsTests.cpp.o
[ 94%] Linking CXX executable judas_streaming_revisit_tests
[ 94%] Built target judas_streaming_revisit_tests
[ 94%] Building CXX object CMakeFiles/judas_audio_demo.dir/tools/AudioDemo.cpp.o
[ 94%] Linking CXX executable judas_audio_acoustics_tests
[ 94%] Built target judas_audio_acoustics_tests
[ 94%] Building CXX object CMakeFiles/judas_audio_world_tests.dir/tests/AudioWorldTests.cpp.o
[ 94%] Linking CXX executable judas_audio_demo
[ 94%] Built target judas_audio_demo
[ 94%] Building CXX object CMakeFiles/judas_audio_application_tests.dir/tests/AudioApplicationTests.cpp.o
[ 94%] Linking CXX executable judas_audio_world_tests
[ 94%] Built target judas_audio_world_tests
[ 94%] Building CXX object CMakeFiles/judas_save_storage_tests.dir/tests/SaveStorageTests.cpp.o
[ 94%] Building CXX object CMakeFiles/judas_audio_application_tests.dir/src/Application.cpp.o
[ 94%] Linking CXX executable judas_save_storage_tests
[ 94%] Built target judas_save_storage_tests
[ 94%] Building CXX object CMakeFiles/judas_audio_application_tests.dir/src/RuntimeOptions.cpp.o
[ 94%] Building CXX object CMakeFiles/judas_audio_application_tests.dir/src/RuntimeDiagnostics.cpp.o
[ 94%] Building CXX object CMakeFiles/judas_audio_application_tests.dir/src/TestHarness.cpp.o
[ 94%] Building CXX object CMakeFiles/judas_world_persistence_tests.dir/tests/WorldPersistenceTests.cpp.o
[ 94%] Linking CXX executable judas_audio_application_tests
[ 94%] Built target judas_audio_application_tests
[ 95%] Building CXX object CMakeFiles/judas_save_application_tests.dir/tests/SaveApplicationTests.cpp.o
[ 95%] Linking CXX executable judas_world_persistence_tests
[ 95%] Built target judas_world_persistence_tests
[ 95%] Building CXX object CMakeFiles/judas_save_streaming_tests.dir/tests/SaveStreamingTests.cpp.o
[ 95%] Building CXX object CMakeFiles/judas_save_application_tests.dir/src/Application.cpp.o
[ 95%] Building CXX object CMakeFiles/judas_save_streaming_tests.dir/src/Application.cpp.o
[ 95%] Building CXX object CMakeFiles/judas_save_application_tests.dir/src/RuntimeOptions.cpp.o
[ 95%] Building CXX object CMakeFiles/judas_save_streaming_tests.dir/src/RuntimeOptions.cpp.o
[ 95%] Building CXX object CMakeFiles/judas_save_application_tests.dir/src/RuntimeDiagnostics.cpp.o
[ 95%] Building CXX object CMakeFiles/judas_save_application_tests.dir/src/TestHarness.cpp.o
[ 95%] Building CXX object CMakeFiles/judas_save_streaming_tests.dir/src/RuntimeDiagnostics.cpp.o
[ 95%] Building CXX object CMakeFiles/judas_save_streaming_tests.dir/src/TestHarness.cpp.o
[ 95%] Linking CXX executable judas_save_application_tests
[ 95%] Built target judas_save_application_tests
[ 95%] Building CXX object CMakeFiles/judas_save_performance_tests.dir/tests/SavePerformanceTests.cpp.o
[ 95%] Linking CXX executable judas_save_streaming_tests
[ 95%] Built target judas_save_streaming_tests
[ 95%] Building CXX object CMakeFiles/judas_save_performance_tests.dir/src/Application.cpp.o
[ 95%] Building CXX object CMakeFiles/judas_save_performance_tests.dir/src/RuntimeOptions.cpp.o
[ 95%] Building CXX object CMakeFiles/judas_save_performance_tests.dir/src/RuntimeDiagnostics.cpp.o
[ 95%] Building CXX object CMakeFiles/judas_save_performance_tests.dir/src/TestHarness.cpp.o
[ 95%] Building CXX object CMakeFiles/judas_deformable_tests.dir/tests/DeformableTests.cpp.o
[ 96%] Linking CXX executable judas_save_performance_tests
[ 96%] Built target judas_save_performance_tests
[ 96%] Building CXX object CMakeFiles/judas_deformable_bake.dir/tools/DeformableBake.cpp.o
[ 96%] Linking CXX executable judas_deformable_bake
[ 96%] Built target judas_deformable_bake
[ 97%] Building CXX object CMakeFiles/judas_deformable_performance_tests.dir/tests/DeformablePerformanceTests.cpp.o
[ 97%] Linking CXX executable judas_deformable_tests
[ 97%] Linking CXX executable judas_deformable_performance_tests
[ 97%] Built target judas_deformable_performance_tests
[ 97%] Building CXX object CMakeFiles/judas_deformable_application_tests.dir/tests/DeformableApplicationTests.cpp.o
[ 97%] Built target judas_deformable_tests
[ 97%] Building CXX object CMakeFiles/judas_fracture_tests.dir/tests/FractureTests.cpp.o
[ 97%] Linking CXX executable judas_fracture_tests
[ 97%] Built target judas_fracture_tests
[ 98%] Building CXX object CMakeFiles/judas_fracture_application_tests.dir/tests/FractureApplicationTests.cpp.o
[ 98%] Building CXX object CMakeFiles/judas_deformable_application_tests.dir/src/Application.cpp.o
[ 98%] Building CXX object CMakeFiles/judas_deformable_application_tests.dir/src/RuntimeOptions.cpp.o
[ 98%] Building CXX object CMakeFiles/judas_fracture_application_tests.dir/src/Application.cpp.o
[ 98%] Building CXX object CMakeFiles/judas_deformable_application_tests.dir/src/RuntimeDiagnostics.cpp.o
[ 98%] Building CXX object CMakeFiles/judas_deformable_application_tests.dir/src/TestHarness.cpp.o
[ 98%] Building CXX object CMakeFiles/judas_fracture_application_tests.dir/src/RuntimeOptions.cpp.o
[ 98%] Linking CXX executable judas_deformable_application_tests
[ 98%] Building CXX object CMakeFiles/judas_fracture_application_tests.dir/src/RuntimeDiagnostics.cpp.o
[ 98%] Built target judas_deformable_application_tests
[ 98%] Building CXX object CMakeFiles/judas_fracture_performance_tests.dir/tests/FracturePerformanceTests.cpp.o
[ 98%] Linking CXX executable judas_fracture_performance_tests
[ 98%] Building CXX object CMakeFiles/judas_fracture_application_tests.dir/src/TestHarness.cpp.o
[ 98%] Built target judas_fracture_performance_tests
[ 98%] Building CXX object CMakeFiles/judas_collision_geometry_tests.dir/tests/CollisionGeometryTests.cpp.o
[ 98%] Linking CXX executable judas_fracture_application_tests
[ 98%] Built target judas_fracture_application_tests
[ 98%] Building CXX object CMakeFiles/judas_collision_cook.dir/tools/CollisionCook.cpp.o
[ 98%] Linking CXX executable judas_collision_cook
[ 98%] Built target judas_collision_cook
[ 98%] Building CXX object CMakeFiles/judas_collision_application_tests.dir/tests/CollisionApplicationTests.cpp.o
[ 98%] Linking CXX executable judas_collision_geometry_tests
[ 98%] Built target judas_collision_geometry_tests
[ 98%] Building CXX object CMakeFiles/judas_editor.dir/src/editor/EditorMain.cpp.o
[ 98%] Building CXX object CMakeFiles/judas_editor.dir/src/editor/EditorApplication.cpp.o
[ 98%] Building CXX object CMakeFiles/judas_collision_application_tests.dir/src/Application.cpp.o
[ 99%] Building CXX object CMakeFiles/judas_collision_application_tests.dir/src/RuntimeOptions.cpp.o
[ 99%] Building CXX object CMakeFiles/judas_collision_application_tests.dir/src/RuntimeDiagnostics.cpp.o
[ 99%] Building CXX object CMakeFiles/judas_collision_application_tests.dir/src/TestHarness.cpp.o
[ 99%] Building CXX object CMakeFiles/judas_editor.dir/src/editor/EditorCamera.cpp.o
[ 99%] Building CXX object CMakeFiles/judas_editor.dir/src/editor/EditorHistory.cpp.o
[ 99%] Linking CXX executable judas_collision_application_tests
[ 99%] Built target judas_collision_application_tests
[ 99%] Building CXX object CMakeFiles/judas_editor.dir/src/editor/EditorPanels.cpp.o
[ 99%] Building CXX object CMakeFiles/judas_editor.dir/src/editor/ProfilerView.cpp.o
[ 99%] Building CXX object CMakeFiles/judas_editor.dir/src/editor/EditorWidgets.cpp.o
[100%] Building CXX object CMakeFiles/judas_editor.dir/src/editor/ComponentEditors.cpp.o
[100%] Building CXX object CMakeFiles/judas_editor.dir/src/editor/GizmoMath.cpp.o
[100%] Linking CXX executable judas_editor
[100%] Built target judas_editor
