libEGL warning: Not allowed to force software rendering when API explicitly selects a hardware device.
Renderer fragment texture units: 32 (material path uses 12)
M31 resource stress: generating 24 sphere meshes (160x160) and 16 1024x1024 textures under /tmp/judas_m31_stress_4926
  137.5 MB of asset files
  7 workers, scene 'Tiny game' playing (3 dynamic bodies)
  async: all 40 assets Ready after 1.36 s; per-asset latency (request->Ready) min 278 ms avg 1048 ms max 1353 ms; 40 uploads; resident 268.1 MB (peak 268.1 MB)
  cancel: 20 loads cancelled by dropped demand, 10 stale completions discarded, 20 ready, 0 loading
  evict: budget 57.9 MB -> resident 115.8 MB before, 85.3 MB after, 4 evictions; referenced textures survived: yes
  reload: 4 evicted meshes re-requested and Ready again after 0.52 s
  blocking: all 40 assets loaded on the main thread in 4.00 s (one per frame)

Per-phase main-thread measurements (frame = pump + play frame + swap; 60 Hz fixed step):
  baseline (no loads)          frames  120 | frame avg  11.83 ms p99  15.48 ms max  580.17 ms (pump max   0.01 ms) | >33 ms:   1 | fixed steps    61 (expected ~   89, 1 saturated) | queue max  0 avg   0.0 | worker util   0.0% | jobs done 0
  async load (40 assets)       frames   30 | frame avg  44.40 ms p99 415.17 ms max  415.17 ms (pump max 403.01 ms) | >33 ms:   9 | fixed steps    63 (expected ~   81, 1 saturated) | queue max 33 avg  14.5 | worker util  82.4% | jobs done 40
  cancel + release             frames    1 | frame avg  37.30 ms p99  37.30 ms max   37.30 ms (pump max   0.13 ms) | >33 ms:   1 | fixed steps     1 (expected ~    2, 0 saturated) | queue max  3 avg   3.0 | worker util   0.7% | jobs done 0
  evict + reload               frames   25 | frame avg  20.73 ms p99  45.01 ms max   45.01 ms (pump max   6.12 ms) | >33 ms:   2 | fixed steps    34 (expected ~   32, 0 saturated) | queue max  4 avg   1.1 | worker util  83.9% | jobs done 11
  BLOCKING load (40 assets)    frames   40 | frame avg  99.46 ms p99 170.67 ms max  170.67 ms (pump max   0.00 ms) | >33 ms:  28 | fixed steps   221 (expected ~  240, 21 saturated) | queue max  0 avg   0.0 | worker util   0.0% | jobs done 0

Claim under test: expensive resource preparation no longer forces the main thread to wait for the whole operation.
  async  : worst frame  415.17 ms,   9 frames over 33 ms, 1 saturated catch-up frames, wall 1.36 s
  blocking: worst frame  170.67 ms,  28 frames over 33 ms, 21 saturated catch-up frames, wall 4.00 s
  (the work itself is not free: worker busy time during the async phase was 7.83 s across 7 workers)

shutdown clean (resources, workers, renderer, window in that order); temporary project removed
