libEGL warning: Not allowed to force software rendering when API explicitly selects a hardware device.
M31 resource stress: generating 24 sphere meshes (160x160) and 16 1024x1024 textures under /tmp/judas_m31_stress_5028
  137.5 MB of asset files
  7 workers, scene 'Tiny game' playing (3 dynamic bodies)
  async: all 40 assets Ready after 0.73 s; per-asset latency (request->Ready) min 253 ms avg 532 ms max 729 ms; 40 uploads; resident 211.9 MB (peak 211.9 MB)
  cancel: 20 loads cancelled by dropped demand, 10 stale completions discarded, 20 ready, 0 loading
  evict: budget 53.2 MB -> resident 106.4 MB before, 85.3 MB after, 4 evictions; referenced textures survived: yes
  reload: 4 evicted meshes re-requested and Ready again after 0.12 s
  blocking: all 40 assets loaded on the main thread in 1.44 s (one per frame)

Per-phase main-thread measurements (frame = pump + play frame + swap; 60 Hz fixed step):
  baseline (no loads)          frames  120 | frame avg   4.89 ms p99  35.70 ms max  149.94 ms (pump max   0.00 ms) | >33 ms:   2 | fixed steps    36 (expected ~   38, 1 saturated) | queue max  0 avg   0.0 | worker util   0.0% | jobs done 0
  async load (40 assets)       frames   36 | frame avg  19.14 ms p99 182.69 ms max  182.69 ms (pump max  32.60 ms) | >33 ms:   5 | fixed steps    40 (expected ~   44, 1 saturated) | queue max 40 avg  16.6 | worker util  66.5% | jobs done 40
  cancel + release             frames    1 | frame avg   8.15 ms p99   8.15 ms max    8.15 ms (pump max   0.11 ms) | >33 ms:   0 | fixed steps     0 (expected ~    1, 0 saturated) | queue max  3 avg   3.0 | worker util   2.4% | jobs done 0
  evict + reload               frames   15 | frame avg   7.63 ms p99  69.62 ms max   69.62 ms (pump max   4.34 ms) | >33 ms:   1 | fixed steps     7 (expected ~    7, 0 saturated) | queue max  0 avg   0.0 | worker util  52.9% | jobs done 4
  BLOCKING load (40 assets)    frames   40 | frame avg  35.41 ms p99  45.21 ms max   45.21 ms (pump max   0.00 ms) | >33 ms:  24 | fixed steps    87 (expected ~   86, 0 saturated) | queue max  0 avg   0.0 | worker util   0.0% | jobs done 0

Claim under test: expensive resource preparation no longer forces the main thread to wait for the whole operation.
  async  : worst frame  182.69 ms,   5 frames over 33 ms, 1 saturated catch-up frames, wall 0.73 s
  blocking: worst frame   45.21 ms,  24 frames over 33 ms, 0 saturated catch-up frames, wall 1.44 s
  (the work itself is not free: worker busy time during the async phase was 3.41 s across 7 workers)

shutdown clean (resources, workers, renderer, window in that order); temporary project removed
