[  0%] Building CXX object CMakeFiles/judas_imgui.dir/third_party/imgui/imgui.cpp.o
[  0%] Building C object CMakeFiles/judas_quickjs.dir/third_party/quickjs/quickjs.c.o
[  0%] Building C object CMakeFiles/judas_audio_backend.dir/src/AudioBackend.c.o
[  0%] Building C object CMakeFiles/judas_glad.dir/third_party/glad/src/gl.c.o
[  0%] Linking C static library libjudas_glad.a
[  0%] Built target judas_glad
[  1%] Building CXX object CMakeFiles/judas_physics_tests.dir/tests/PhysicsPrimitiveTests.cpp.o
[  1%] Building CXX object CMakeFiles/judas_physics_tests.dir/src/JointSolver.cpp.o
[  1%] Building CXX object CMakeFiles/judas_physics_tests.dir/src/PhysicsCastGeometry.cpp.o
[  1%] Building CXX object CMakeFiles/judas_physics_tests.dir/src/ImpactSolver.cpp.o
[  1%] Building CXX object CMakeFiles/judas_physics_tests.dir/src/RigidBody.cpp.o
[  1%] Building CXX object CMakeFiles/judas_physics_tests.dir/src/RigidBodyGravity.cpp.o
[  1%] Building CXX object CMakeFiles/judas_physics_tests.dir/src/Contacts.cpp.o
[  1%] Building CXX object CMakeFiles/judas_physics_tests.dir/src/ContactSolver.cpp.o
[  2%] Building CXX object CMakeFiles/judas_physics_tests.dir/src/RadialTerrain.cpp.o
[  2%] Building CXX object CMakeFiles/judas_imgui.dir/third_party/imgui/imgui_draw.cpp.o
[  2%] Building CXX object CMakeFiles/judas_physics_tests.dir/src/Broadphase.cpp.o
[  2%] Building CXX object CMakeFiles/judas_physics_tests.dir/src/Narrowphase.cpp.o
[  2%] Building CXX object CMakeFiles/judas_physics_tests.dir/src/FaithfulGravity.cpp.o
[  2%] Building CXX object CMakeFiles/judas_physics_tests.dir/src/RadicalGravity.cpp.o
[  2%] Building CXX object CMakeFiles/judas_imgui.dir/third_party/imgui/imgui_tables.cpp.o
[  2%] Building CXX object CMakeFiles/judas_physics_tests.dir/src/SphericalVolume.cpp.o
[  2%] Building CXX object CMakeFiles/judas_physics_tests.dir/src/BoxVolume.cpp.o
[  3%] Building CXX object CMakeFiles/judas_physics_tests.dir/src/GravityContextMap.cpp.o
[  3%] Linking CXX executable judas_physics_tests
[  3%] Built target judas_physics_tests
[  3%] Building CXX object CMakeFiles/judas_imgui.dir/third_party/imgui/imgui_widgets.cpp.o
[  3%] Building CXX object CMakeFiles/judas_imgui.dir/third_party/imgui/backends/imgui_impl_sdl2.cpp.o
[  4%] Building CXX object CMakeFiles/judas_imgui.dir/third_party/imgui/backends/imgui_impl_opengl3.cpp.o
[  4%] Building C object CMakeFiles/judas_quickjs.dir/third_party/quickjs/dtoa.c.o
[  5%] Linking C static library libjudas_audio_backend.a
[  5%] Built target judas_audio_backend
[  6%] Building CXX object CMakeFiles/judas_rigid_contact_tests.dir/tests/RigidContactTests.cpp.o
[  6%] Building C object CMakeFiles/judas_quickjs.dir/third_party/quickjs/libregexp.c.o
[  6%] Building CXX object CMakeFiles/judas_rigid_contact_tests.dir/src/JointSolver.cpp.o
[  6%] Building C object CMakeFiles/judas_quickjs.dir/third_party/quickjs/libunicode.c.o
[  6%] Building CXX object CMakeFiles/judas_rigid_contact_tests.dir/src/PhysicsCastGeometry.cpp.o
[  6%] Building CXX object CMakeFiles/judas_broadphase_tests.dir/tests/BroadphaseTests.cpp.o
[  6%] Building CXX object CMakeFiles/judas_rigid_contact_tests.dir/src/ImpactSolver.cpp.o
[  6%] Linking CXX static library libjudas_imgui.a
[  6%] Built target judas_imgui
[  7%] Building CXX object CMakeFiles/judas_collision_tests.dir/tests/CollisionTests.cpp.o
[  7%] Building CXX object CMakeFiles/judas_rigid_contact_tests.dir/src/RigidBody.cpp.o
[  7%] Building CXX object CMakeFiles/judas_broadphase_tests.dir/src/JointSolver.cpp.o
[  7%] Building CXX object CMakeFiles/judas_rigid_contact_tests.dir/src/RigidBodyGravity.cpp.o
[  7%] Building CXX object CMakeFiles/judas_rigid_contact_tests.dir/src/Contacts.cpp.o
[  7%] Building CXX object CMakeFiles/judas_collision_tests.dir/src/JointSolver.cpp.o
[  7%] Building CXX object CMakeFiles/judas_broadphase_tests.dir/src/PhysicsCastGeometry.cpp.o
[  7%] Building CXX object CMakeFiles/judas_collision_tests.dir/src/PhysicsCastGeometry.cpp.o
[  8%] Building CXX object CMakeFiles/judas_broadphase_tests.dir/src/ImpactSolver.cpp.o
[  8%] Building CXX object CMakeFiles/judas_collision_tests.dir/src/ImpactSolver.cpp.o
[  8%] Building CXX object CMakeFiles/judas_broadphase_tests.dir/src/RigidBody.cpp.o
[  8%] Building CXX object CMakeFiles/judas_broadphase_tests.dir/src/RigidBodyGravity.cpp.o
[  8%] Building CXX object CMakeFiles/judas_collision_tests.dir/src/RigidBody.cpp.o
[  8%] Building CXX object CMakeFiles/judas_broadphase_tests.dir/src/Contacts.cpp.o
[  8%] Building CXX object CMakeFiles/judas_collision_tests.dir/src/RigidBodyGravity.cpp.o
[  8%] Building CXX object CMakeFiles/judas_rigid_contact_tests.dir/src/ContactSolver.cpp.o
[  8%] Building CXX object CMakeFiles/judas_collision_tests.dir/src/Contacts.cpp.o
[  9%] Building CXX object CMakeFiles/judas_rigid_contact_tests.dir/src/RadialTerrain.cpp.o
[ 10%] Linking C static library libjudas_quickjs.a
[ 10%] Built target judas_quickjs
[ 10%] Building CXX object CMakeFiles/judas_celestial_gravity_tests.dir/tests/CelestialGravityTests.cpp.o
[ 10%] Building CXX object CMakeFiles/judas_rigid_contact_tests.dir/src/Broadphase.cpp.o
[ 10%] Building CXX object CMakeFiles/judas_rigid_contact_tests.dir/src/Narrowphase.cpp.o
[ 10%] Building CXX object CMakeFiles/judas_celestial_gravity_tests.dir/src/JointSolver.cpp.o
[ 10%] Building CXX object CMakeFiles/judas_broadphase_tests.dir/src/ContactSolver.cpp.o
[ 10%] Building CXX object CMakeFiles/judas_celestial_gravity_tests.dir/src/PhysicsCastGeometry.cpp.o
[ 11%] Building CXX object CMakeFiles/judas_collision_tests.dir/src/ContactSolver.cpp.o
[ 11%] Building CXX object CMakeFiles/judas_broadphase_tests.dir/src/RadialTerrain.cpp.o
[ 11%] Building CXX object CMakeFiles/judas_collision_tests.dir/src/RadialTerrain.cpp.o
[ 11%] Building CXX object CMakeFiles/judas_celestial_gravity_tests.dir/src/ImpactSolver.cpp.o
[ 11%] Building CXX object CMakeFiles/judas_broadphase_tests.dir/src/Broadphase.cpp.o
[ 11%] Building CXX object CMakeFiles/judas_collision_tests.dir/src/Broadphase.cpp.o
[ 12%] Building CXX object CMakeFiles/judas_broadphase_tests.dir/src/Narrowphase.cpp.o
[ 13%] Building CXX object CMakeFiles/judas_celestial_gravity_tests.dir/src/RigidBody.cpp.o
[ 13%] Building CXX object CMakeFiles/judas_collision_tests.dir/src/Narrowphase.cpp.o
[ 13%] Building CXX object CMakeFiles/judas_celestial_gravity_tests.dir/src/RigidBodyGravity.cpp.o
[ 13%] Building CXX object CMakeFiles/judas_rigid_contact_tests.dir/src/PhysicsWorld.cpp.o
[ 13%] Building CXX object CMakeFiles/judas_celestial_gravity_tests.dir/src/Contacts.cpp.o
[ 13%] Building CXX object CMakeFiles/judas_broadphase_tests.dir/src/PhysicsWorld.cpp.o
[ 13%] Building CXX object CMakeFiles/judas_celestial_gravity_tests.dir/src/ContactSolver.cpp.o
[ 13%] Building CXX object CMakeFiles/judas_collision_tests.dir/src/FaithfulGravity.cpp.o
[ 13%] Building CXX object CMakeFiles/judas_collision_tests.dir/src/RadicalGravity.cpp.o
[ 13%] Building CXX object CMakeFiles/judas_collision_tests.dir/src/SphericalVolume.cpp.o
[ 14%] Building CXX object CMakeFiles/judas_collision_tests.dir/src/BoxVolume.cpp.o
[ 14%] Building CXX object CMakeFiles/judas_celestial_gravity_tests.dir/src/RadialTerrain.cpp.o
[ 14%] Building CXX object CMakeFiles/judas_collision_tests.dir/src/GravityContextMap.cpp.o
[ 14%] Linking CXX executable judas_collision_tests
[ 14%] Built target judas_collision_tests
[ 14%] Building CXX object CMakeFiles/judas_step_climb_tests.dir/tests/StepClimbTests.cpp.o
[ 14%] Building CXX object CMakeFiles/judas_celestial_gravity_tests.dir/src/Broadphase.cpp.o
[ 14%] Building CXX object CMakeFiles/judas_celestial_gravity_tests.dir/src/Narrowphase.cpp.o
[ 14%] Building CXX object CMakeFiles/judas_step_climb_tests.dir/src/StepClimb.cpp.o
[ 14%] Building CXX object CMakeFiles/judas_step_climb_tests.dir/src/JointSolver.cpp.o
[ 14%] Building CXX object CMakeFiles/judas_step_climb_tests.dir/src/PhysicsCastGeometry.cpp.o
[ 15%] Building CXX object CMakeFiles/judas_step_climb_tests.dir/src/ImpactSolver.cpp.o
[ 15%] Linking CXX executable judas_rigid_contact_tests
[ 15%] Built target judas_rigid_contact_tests
[ 15%] Building CXX object CMakeFiles/judas_pilot_attachment_tests.dir/tests/PilotAttachmentTests.cpp.o
[ 15%] Building CXX object CMakeFiles/judas_step_climb_tests.dir/src/RigidBody.cpp.o
[ 15%] Building CXX object CMakeFiles/judas_celestial_gravity_tests.dir/src/PhysicsWorld.cpp.o
[ 15%] Building CXX object CMakeFiles/judas_step_climb_tests.dir/src/RigidBodyGravity.cpp.o
[ 15%] Building CXX object CMakeFiles/judas_pilot_attachment_tests.dir/src/PilotAttachment.cpp.o
[ 15%] Building CXX object CMakeFiles/judas_step_climb_tests.dir/src/Contacts.cpp.o
[ 15%] Linking CXX executable judas_pilot_attachment_tests
[ 15%] Built target judas_pilot_attachment_tests
[ 15%] Building CXX object CMakeFiles/judas_pilot_dismount_tests.dir/tests/PilotDismountTests.cpp.o
[ 15%] Building CXX object CMakeFiles/judas_pilot_dismount_tests.dir/src/PilotAttachment.cpp.o
[ 16%] Building CXX object CMakeFiles/judas_pilot_dismount_tests.dir/src/JointSolver.cpp.o
[ 16%] Linking CXX executable judas_broadphase_tests
[ 16%] Built target judas_broadphase_tests
[ 16%] Building CXX object CMakeFiles/judas_spacecraft_control_tests.dir/tests/SpacecraftControlTests.cpp.o
[ 16%] Building CXX object CMakeFiles/judas_pilot_dismount_tests.dir/src/PhysicsCastGeometry.cpp.o
[ 16%] Building CXX object CMakeFiles/judas_step_climb_tests.dir/src/ContactSolver.cpp.o
[ 16%] Building CXX object CMakeFiles/judas_spacecraft_control_tests.dir/src/FlyingPrimitiveControl.cpp.o
[ 16%] Building CXX object CMakeFiles/judas_pilot_dismount_tests.dir/src/ImpactSolver.cpp.o
[ 16%] Building CXX object CMakeFiles/judas_step_climb_tests.dir/src/RadialTerrain.cpp.o
[ 16%] Building CXX object CMakeFiles/judas_pilot_dismount_tests.dir/src/RigidBody.cpp.o
[ 16%] Building CXX object CMakeFiles/judas_step_climb_tests.dir/src/Broadphase.cpp.o
[ 16%] Building CXX object CMakeFiles/judas_pilot_dismount_tests.dir/src/RigidBodyGravity.cpp.o
[ 16%] Building CXX object CMakeFiles/judas_spacecraft_control_tests.dir/src/Window.cpp.o
[ 16%] Building CXX object CMakeFiles/judas_pilot_dismount_tests.dir/src/Contacts.cpp.o
[ 17%] Building CXX object CMakeFiles/judas_step_climb_tests.dir/src/Narrowphase.cpp.o
[ 18%] Building CXX object CMakeFiles/judas_spacecraft_control_tests.dir/src/InputSystem.cpp.o
[ 18%] Building CXX object CMakeFiles/judas_pilot_dismount_tests.dir/src/ContactSolver.cpp.o
[ 19%] Building CXX object CMakeFiles/judas_celestial_gravity_tests.dir/src/CelestialGravity.cpp.o
[ 19%] Building CXX object CMakeFiles/judas_spacecraft_control_tests.dir/src/JointSolver.cpp.o
[ 19%] Linking CXX executable judas_celestial_gravity_tests
[ 19%] Built target judas_celestial_gravity_tests
[ 19%] Building CXX object CMakeFiles/judas_spacecraft_flight_tests.dir/tests/SpacecraftFlightTests.cpp.o
[ 19%] Building CXX object CMakeFiles/judas_step_climb_tests.dir/src/PhysicsWorld.cpp.o
[ 20%] Building CXX object CMakeFiles/judas_pilot_dismount_tests.dir/src/RadialTerrain.cpp.o
[ 20%] Building CXX object CMakeFiles/judas_spacecraft_control_tests.dir/src/PhysicsCastGeometry.cpp.o
[ 20%] Building CXX object CMakeFiles/judas_pilot_dismount_tests.dir/src/Broadphase.cpp.o
[ 21%] Building CXX object CMakeFiles/judas_spacecraft_flight_tests.dir/src/FlyingPrimitiveControl.cpp.o
[ 21%] Building CXX object CMakeFiles/judas_pilot_dismount_tests.dir/src/Narrowphase.cpp.o
[ 21%] Building CXX object CMakeFiles/judas_spacecraft_control_tests.dir/src/ImpactSolver.cpp.o
[ 21%] Building CXX object CMakeFiles/judas_spacecraft_control_tests.dir/src/RigidBody.cpp.o
[ 21%] Building CXX object CMakeFiles/judas_spacecraft_flight_tests.dir/src/Window.cpp.o
[ 21%] Building CXX object CMakeFiles/judas_spacecraft_control_tests.dir/src/RigidBodyGravity.cpp.o
[ 21%] Building CXX object CMakeFiles/judas_spacecraft_control_tests.dir/src/Contacts.cpp.o
[ 21%] Building CXX object CMakeFiles/judas_spacecraft_flight_tests.dir/src/InputSystem.cpp.o
[ 21%] Building CXX object CMakeFiles/judas_pilot_dismount_tests.dir/src/PhysicsWorld.cpp.o
[ 22%] Building CXX object CMakeFiles/judas_spacecraft_control_tests.dir/src/ContactSolver.cpp.o
[ 22%] Building CXX object CMakeFiles/judas_spacecraft_flight_tests.dir/src/JointSolver.cpp.o
[ 22%] Building CXX object CMakeFiles/judas_spacecraft_control_tests.dir/src/RadialTerrain.cpp.o
[ 22%] Building CXX object CMakeFiles/judas_spacecraft_flight_tests.dir/src/PhysicsCastGeometry.cpp.o
[ 22%] Building CXX object CMakeFiles/judas_spacecraft_control_tests.dir/src/Broadphase.cpp.o
[ 22%] Linking CXX executable judas_step_climb_tests
[ 22%] Built target judas_step_climb_tests
[ 22%] Building CXX object CMakeFiles/judas_reference_frame_tests.dir/tests/ReferenceFrameTests.cpp.o
[ 22%] Building CXX object CMakeFiles/judas_spacecraft_control_tests.dir/src/Narrowphase.cpp.o
[ 22%] Building CXX object CMakeFiles/judas_spacecraft_flight_tests.dir/src/ImpactSolver.cpp.o
[ 22%] Building CXX object CMakeFiles/judas_reference_frame_tests.dir/src/ReferenceFrame.cpp.o
[ 22%] Building CXX object CMakeFiles/judas_spacecraft_flight_tests.dir/src/RigidBody.cpp.o
[ 22%] Building CXX object CMakeFiles/judas_reference_frame_tests.dir/src/PilotAttachment.cpp.o
[ 23%] Building CXX object CMakeFiles/judas_spacecraft_flight_tests.dir/src/RigidBodyGravity.cpp.o
[ 23%] Building CXX object CMakeFiles/judas_spacecraft_flight_tests.dir/src/Contacts.cpp.o
[ 23%] Building CXX object CMakeFiles/judas_reference_frame_tests.dir/src/JointSolver.cpp.o
[ 23%] Building CXX object CMakeFiles/judas_reference_frame_tests.dir/src/PhysicsCastGeometry.cpp.o
[ 23%] Building CXX object CMakeFiles/judas_reference_frame_tests.dir/src/ImpactSolver.cpp.o
[ 23%] Building CXX object CMakeFiles/judas_spacecraft_control_tests.dir/src/PhysicsWorld.cpp.o
[ 24%] Building CXX object CMakeFiles/judas_reference_frame_tests.dir/src/RigidBody.cpp.o
[ 24%] Building CXX object CMakeFiles/judas_reference_frame_tests.dir/src/RigidBodyGravity.cpp.o
[ 24%] Building CXX object CMakeFiles/judas_spacecraft_flight_tests.dir/src/ContactSolver.cpp.o
[ 24%] Building CXX object CMakeFiles/judas_reference_frame_tests.dir/src/Contacts.cpp.o
[ 24%] Linking CXX executable judas_pilot_dismount_tests
[ 24%] Built target judas_pilot_dismount_tests
[ 24%] Building CXX object CMakeFiles/judas_ui_tests.dir/tests/UITests.cpp.o
[ 24%] Building CXX object CMakeFiles/judas_spacecraft_flight_tests.dir/src/RadialTerrain.cpp.o
[ 25%] Building CXX object CMakeFiles/judas_ui_tests.dir/src/UIWidgets.cpp.o
[ 25%] Building CXX object CMakeFiles/judas_spacecraft_flight_tests.dir/src/Broadphase.cpp.o
[ 25%] Building CXX object CMakeFiles/judas_spacecraft_flight_tests.dir/src/Narrowphase.cpp.o
[ 25%] Building CXX object CMakeFiles/judas_ui_tests.dir/src/PauseMenu.cpp.o
[ 25%] Building CXX object CMakeFiles/judas_ui_tests.dir/src/HUD.cpp.o
[ 25%] Building CXX object CMakeFiles/judas_reference_frame_tests.dir/src/ContactSolver.cpp.o
[ 25%] Building CXX object CMakeFiles/judas_ui_tests.dir/src/Renderer.cpp.o
[ 25%] Building CXX object CMakeFiles/judas_reference_frame_tests.dir/src/RadialTerrain.cpp.o
[ 25%] Building CXX object CMakeFiles/judas_reference_frame_tests.dir/src/Broadphase.cpp.o
[ 25%] Building CXX object CMakeFiles/judas_reference_frame_tests.dir/src/Narrowphase.cpp.o
[ 25%] Building CXX object CMakeFiles/judas_spacecraft_flight_tests.dir/src/PhysicsWorld.cpp.o
[ 25%] Building CXX object CMakeFiles/judas_ui_tests.dir/src/FontLoader.cpp.o
[ 25%] Linking CXX executable judas_spacecraft_control_tests
[ 25%] Built target judas_spacecraft_control_tests
[ 25%] Building CXX object CMakeFiles/judas_lighting_tests.dir/tests/LightingTests.cpp.o
[ 25%] Building CXX object CMakeFiles/judas_lighting_tests.dir/src/LightTransforms.cpp.o
[ 25%] Building CXX object CMakeFiles/judas_lighting_tests.dir/src/LightAttenuation.cpp.o
[ 25%] Building CXX object CMakeFiles/judas_lighting_tests.dir/src/PauseMenu.cpp.o
[ 26%] Building CXX object CMakeFiles/judas_reference_frame_tests.dir/src/PhysicsWorld.cpp.o
[ 26%] Linking CXX executable judas_ui_tests
/usr/bin/x86_64-linux-gnu-ld.bfd: CMakeFiles/judas_ui_tests.dir/src/Renderer.cpp.o: in function `Renderer::CreateMesh(MeshData const&)':
Renderer.cpp:(.text+0x6e5a): undefined reference to `ResolveSkinMatrices(Skeleton const&, SkeletalPose const&)'
collect2: error: ld returned 1 exit status
gmake[2]: *** [CMakeFiles/judas_ui_tests.dir/build.make:183: judas_ui_tests] Error 1
gmake[1]: *** [CMakeFiles/Makefile2:1211: CMakeFiles/judas_ui_tests.dir/all] Error 2
gmake[1]: *** Waiting for unfinished jobs....
[ 27%] Building CXX object CMakeFiles/judas_lighting_tests.dir/src/UIWidgets.cpp.o
[ 27%] Building CXX object CMakeFiles/judas_lighting_tests.dir/src/HUD.cpp.o
[ 27%] Building CXX object CMakeFiles/judas_lighting_tests.dir/src/Renderer.cpp.o
[ 27%] Building CXX object CMakeFiles/judas_lighting_tests.dir/src/FontLoader.cpp.o
[ 28%] Building CXX object CMakeFiles/judas_spacecraft_flight_tests.dir/src/CelestialGravity.cpp.o
[ 28%] Linking CXX executable judas_lighting_tests
/usr/bin/x86_64-linux-gnu-ld.bfd: CMakeFiles/judas_lighting_tests.dir/src/Renderer.cpp.o: in function `Renderer::CreateMesh(MeshData const&)':
Renderer.cpp:(.text+0x6e5a): undefined reference to `ResolveSkinMatrices(Skeleton const&, SkeletalPose const&)'
collect2: error: ld returned 1 exit status
gmake[2]: *** [CMakeFiles/judas_lighting_tests.dir/build.make:215: judas_lighting_tests] Error 1
gmake[1]: *** [CMakeFiles/Makefile2:1243: CMakeFiles/judas_lighting_tests.dir/all] Error 2
[ 28%] Linking CXX executable judas_spacecraft_flight_tests
[ 28%] Built target judas_spacecraft_flight_tests
[ 28%] Linking CXX executable judas_reference_frame_tests
[ 28%] Built target judas_reference_frame_tests
gmake: *** [Makefile:91: all] Error 2
