configure: exit=0, 1.017s
build: exit=0, 449.234s
async_application: exit=0, 7.601s
judas_scene_tests: exit=0, 0.067s
judas_lifecycle_tests: exit=0, 0.521s
judas_project_tests: exit=0, 0.216s
judas_job_tests: exit=0, 0.116s
judas_physics_tests: exit=0, 0.004s
judas_rigid_contact_tests: exit=0, 3.273s
judas_broadphase_tests: exit=0, 27.131s
judas_collision_tests: exit=0, 0.032s
judas_celestial_gravity_tests: exit=0, 0.033s
judas_asset_tests: exit=0, 0.008s
judas_step_climb_tests: exit=0, 0.008s
judas_pilot_attachment_tests: exit=0, 0.002s
judas_pilot_dismount_tests: exit=0, 0.008s
judas_spacecraft_control_tests: exit=0, 0.016s
judas_spacecraft_flight_tests: exit=0, 0.016s
judas_reference_frame_tests: exit=0, 0.008s
judas_ui_tests: exit=0, 0.008s
judas_lighting_tests: exit=0, 0.008s
judas_shadow_tests: exit=0, 0.002s
judas_interactable_tests: exit=0, 0.016s
judas_player_view_tests: exit=0, 0.002s
judas_object_manipulation_tests: exit=0, 0.008s
judas_player_curved_locomotion_tests: exit=0, 0.115s
judas_world_coordinates_tests: exit=0, 0.032s
judas_compound_body_tests: exit=0, 0.065s
judas_fluid_world_tests: exit=0, 1.067s
judas_fluid_rigid_coupling_tests: exit=0, 20.906s
judas_fluid_surface_tests: exit=0, 0.004s
judas_terrain_physics_tests: exit=0, 0.968s
judas_terrain_fluid_tests: exit=0, 35.697s
judas_atmosphere_tests: exit=0, 0.016s
judas_atmospheric_flight_tests: exit=0, 0.016s
judas_combustion_tests: exit=0, 0.065s
judas_scene_fingerprint_tests: exit=0, 0.032s
judas_world_state_tests: exit=0, 0.032s
judas_uniform_gravity_scene_tests: exit=0, 0.216s
judas_contact_geometry_tests: exit=0, 0.065s
judas_contact_lifecycle_tests: exit=0, 0.032s
judas_contact_cache_tests: exit=0, 0.032s
judas_contact_storage_tests: exit=0, 0.115s
judas_rigid_motion_tests: exit=0, 0.004s
judas_impact_solver_tests: exit=0, 0.004s
judas_impact_timing_tests: exit=0, 0.016s
judas_project_application_tests: exit=0, 1.072s
judas_lifecycle_integration_tests: exit=0, 0.019s
judas_asset_integrity_tests: exit=0, 0.008s
judas_coarse_celestial_tests: exit=0, 0.016s
judas_orbital_integrity_tests: exit=0, 0.115s
judas_spacecraft_frame_integration_tests: exit=0, 0.033s
judas_thermal_accounting_tests: exit=0, 0.016s
judas_combustion_integration_tests: exit=0, 0.065s
judas_player_swimming_tests: exit=0, 0.019s
judas_fluid_metadata_tests: exit=0, 0.009s
judas_fluid_hydrostatics_tests: exit=0, 0.367s
judas_production_fluid_tests: exit=0, 107.371s
judas_fluid_container_integration_tests: exit=0, 6.135s
judas_player_fluid_integration_tests: exit=0, 149.861s
judas_fluid_cavity_impact_tests: exit=0, 0.035s
judas_fluid_smoothing_budget_tests: exit=0, 0.028s
judas_fluid_boundary_contact_tests: exit=0, 0.010s
judas_particle_contact_batch_tests: exit=0, 0.020s
judas_render_camera_tests: exit=0, 1.521s
judas_audio_tests: exit=0, 0.517s
judas_input_tests: exit=0, 0.422s
editor_async: exit=0, 1.984s
runtime_blocking_reference: exit=0, 0.368s
m31_resource_stress: exit=0, 8.363s
{
  "overall_pass": true,
  "checks": {
    "integration_all_12_cases": true,
    "editor_play_stop_async": true,
    "blocking_reference_three_steps": true,
    "tested_sources_unchanged_during_run": true,
    "protected_paths_unchanged": true
  },
  "seconds": 828.051127658
}
