PASS ordinary project asynchronously publishes all seven deformable instances
PASS real animated target shares normal skeletal resource
PASS normal authored UI loaded
PASS cape resolves authored stable bone attachment
PASS cape pins consume exact resolved joint pose without another animation clock
PASS runtime scale change rejects unsupported deformable scale
PASS main/secondary/shadow presentation never advances or changes physics
PASS normal M33 camera renders deformable scene independently
PASS real VM controls airflow/load and prefab spawn safely
PASS runtime prefab adds independent deformable owner
LAB contacts=1069 bodies=6 fixed_ms=14.047889 draws=86
FRAME median_ms=17.994544 p95_ms=20.460911 max_ms=68.297525
PHASE Deformable attachments 0.019056ms
PHASE Deformable edge edge contacts 1.122034ms
PHASE Deformable fixed step 14.892901ms
PHASE Deformable force prediction 0.135788ms
PHASE Deformable internal constraints 5.425438ms
PHASE Deformable plastic flow 0.249885ms
PHASE Deformable render mapping 0.323832ms
PHASE Deformable rigid contacts 4.657530ms
PHASE Deformable self pair cache 2.968246ms
PHASE Deformable surface candidates 0.128503ms
PHASE Deformable surface contacts 4.238774ms
PHASE Deformable vertex face contacts 0.124434ms
PASS normal startup and clean shutdown
SUMMARY mode=probe checks=11 failures=0 frames=120
Renderer fragment texture units: 32 (material path uses 12)
World state: disk saves disabled for additive compositions
Project: Deformable Lab (/tmp/Judas_M62_focused-final/game.judasproj)
Scene: Deformable Lab / uniform (/tmp/Judas_M62_focused-final/Scenes/flat.judas)
World origin (m): 0.000, 0.000, 0.000
