libEGL warning: Not allowed to force software rendering when API explicitly selects a hardware device.
M31 resource stress: generating 24 sphere meshes (160x160) and 16 1024x1024 textures under /tmp/judas_m31_stress_5229
  137.5 MB of asset files
  7 workers, scene 'Tiny game' playing (3 dynamic bodies)
  async: all 40 assets Ready after 0.67 s; per-asset latency (request->Ready) min 182 ms avg 460 ms max 670 ms; 40 uploads; resident 211.9 MB (peak 211.9 MB)
  cancel: 20 loads cancelled by dropped demand, 10 stale completions discarded, 20 ready, 0 loading
  evict: budget 53.2 MB -> resident 106.4 MB before, 85.3 MB after, 4 evictions; referenced textures survived: yes
  reload: 4 evicted meshes re-requested and Ready again after 0.11 s
  blocking: all 40 assets loaded on the main thread in 1.48 s (one per frame)

Per-phase main-thread measurements (frame = pump + play frame + swap; 60 Hz fixed step):
  baseline (no loads)          frames  120 | frame avg   4.85 ms p99  31.15 ms max  158.01 ms (pump max   0.00 ms) | >33 ms:   1 | fixed steps    36 (expected ~   38, 1 saturated) | queue max  0 avg   0.0 | worker util   0.0% | jobs done 0
  async load (40 assets)       frames   27 | frame avg  23.85 ms p99  67.30 ms max   67.30 ms (pump max  30.39 ms) | >33 ms:   6 | fixed steps    40 (expected ~   40, 0 saturated) | queue max 40 avg  11.7 | worker util  65.5% | jobs done 40
  cancel + release             frames    1 | frame avg   1.44 ms p99   1.44 ms max    1.44 ms (pump max   0.11 ms) | >33 ms:   0 | fixed steps     0 (expected ~    0, 0 saturated) | queue max  3 avg   3.0 | worker util  10.2% | jobs done 0
  evict + reload               frames   13 | frame avg   7.64 ms p99  40.27 ms max   40.27 ms (pump max   5.65 ms) | >33 ms:   2 | fixed steps     7 (expected ~    7, 0 saturated) | queue max  1 avg   0.1 | worker util  49.9% | jobs done 4
  BLOCKING load (40 assets)    frames   40 | frame avg  36.63 ms p99  49.41 ms max   49.41 ms (pump max   0.00 ms) | >33 ms:  24 | fixed steps    90 (expected ~   89, 0 saturated) | queue max  0 avg   0.0 | worker util   0.0% | jobs done 0

Claim under test: expensive resource preparation no longer forces the main thread to wait for the whole operation.
  async  : worst frame   67.30 ms,   6 frames over 33 ms, 0 saturated catch-up frames, wall 0.67 s
  blocking: worst frame   49.41 ms,  24 frames over 33 ms, 0 saturated catch-up frames, wall 1.48 s
  (the work itself is not free: worker busy time during the async phase was 3.08 s across 7 workers)

shutdown clean (resources, workers, renderer, window in that order); temporary project removed
