PASS ordinary project asynchronously publishes all seven deformable instances
PASS real animated target shares normal skeletal resource
PASS normal authored UI loaded
PASS cape resolves authored stable bone attachment
PASS cape pins consume exact resolved joint pose without another animation clock
PASS runtime scale change rejects unsupported deformable scale
PASS main/secondary/shadow presentation never advances or changes physics
PASS normal M33 camera renders deformable scene independently
PASS real VM controls airflow/load and prefab spawn safely
PASS runtime prefab adds independent deformable owner
LAB contacts=1069 bodies=6 fixed_ms=14.484797 draws=86
FRAME median_ms=18.055027 p95_ms=21.504061 max_ms=67.013626
PHASE Deformable attachments 0.030525ms
PHASE Deformable edge edge contacts 1.220108ms
PHASE Deformable fixed step 15.156064ms
PHASE Deformable force prediction 0.128657ms
PHASE Deformable internal constraints 5.527473ms
PHASE Deformable plastic flow 0.270664ms
PHASE Deformable render mapping 0.263904ms
PHASE Deformable rigid contacts 4.649901ms
PHASE Deformable self pair cache 2.976864ms
PHASE Deformable surface candidates 0.141606ms
PHASE Deformable surface contacts 4.342167ms
PHASE Deformable vertex face contacts 0.122373ms
PASS normal startup and clean shutdown
SUMMARY mode=probe checks=11 failures=0 frames=120
Renderer fragment texture units: 32 (material path uses 12)
World state: disk saves disabled for additive compositions
Project: Deformable Lab (/tmp/Judas_M62_safety-followup/game.judasproj)
Scene: Deformable Lab / uniform (/tmp/Judas_M62_safety-followup/Scenes/flat.judas)
World origin (m): 0.000, 0.000, 0.000
