libEGL warning: Not allowed to force software rendering when API explicitly selects a hardware device.
script asset=54545454545454545454545454540006 entity=11 slot=1 uiUpdate: ReferenceError: stale or invalid entity 22
    at __judas (native)
    at call (judas:2:51)
    at get liquid (judas:18:23)
    at uiUpdate (Assets/scripts/lab.js:8:310)

PASS ordinary registered M54 project
PASS normal EngineHost
PASS current scene loads
PASS ordinary resource/world/session path
PASS all ordinary baked/cavity assets resolve
PASS project liquid HUD/controls execute
PASS JS fixedUpdate transfers exactly 800 L
PASS refill restores identical equilibrium
PASS fixed double absolute origin preserves local submersion
PASS prefab generic serialization preserves every cavity wall
PASS prefab bucket begins genuinely empty
PASS connected opening scoop debits main basin by contained volume
PASS removed cup carries actual water without external connectivity
PASS second scoop equilibrates delta without repeated duplication
POUR main=0.974912 bucket=1.9261685667e-09 receiver=0.0250879980738 detached=0 total=1 error=4.4408920985e-16
PASS tilt emits ballistic conserved parcels into actual receiving basin
PASS scoop carry pour conserves complete material ledger
PASS separate depressions disconnected below saddle
PASS above saddle opens hydraulic redistribution
PASS graph merge never duplicates owned quantity
PASS drain closes connection and preserves separate residual pools
PASS ordinary runtime prefab creates independent empty container
PASS destroyed container invalidates handle and retains owned detached volume
PASS ordinary buoyant rigid body remains live
PASS implicit hydrostatics physically support ordinary body under selected gravity
M54 lab fixed/script 4.3611 ms; rendered offscreen640x360 mean 10.156 ms 98.5 FPS p95 15.736 ms max 17.040 ms draws 81 reservoirs 6 containers 1 parcels 1 bodies 33
PASS continued scripts remain fault free
PASS authored reset invalidates liquid handles and restores authored volume
PASS Stop releases all world-owned liquid state
PASS current scene loads
PASS ordinary resource/world/session path
PASS all ordinary baked/cavity assets resolve
FAIL project liquid HUD/controls execute
FAIL JS fixedUpdate transfers exactly 800 L
PASS refill restores identical equilibrium
PASS fixed double absolute origin preserves local submersion
PASS ordinary buoyant rigid body remains live
PASS implicit hydrostatics physically support ordinary body under selected gravity
M54 radial fixed/script 2.3685 ms; rendered offscreen640x360 mean 8.435 ms 118.6 FPS p95 20.537 ms max 21.610 ms draws 25 reservoirs 2 containers 0 parcels 0 bodies 12
FAIL continued scripts remain fault free
PASS authored reset invalidates liquid handles and restores authored volume
PASS Stop releases all world-owned liquid state
M54 application 39 checks 3 failures
