libEGL warning: Not allowed to force software rendering when API explicitly selects a hardware device.
PASS ordinary registered M54 project
PASS normal EngineHost
PASS current scene loads
PASS ordinary resource/world/session path
PASS all ordinary baked/cavity assets resolve
PASS project liquid HUD/controls execute
PASS JS fixedUpdate transfers exactly 800 L
PASS refill restores identical equilibrium
PASS fixed double absolute origin preserves local submersion
PASS prefab generic serialization preserves every cavity wall
PASS prefab bucket begins genuinely empty
FAIL connected opening scoop debits main basin by contained volume
PASS removed cup carries actual water without external connectivity
PASS second scoop equilibrates delta without repeated duplication
POUR main=1 bucket=0 receiver=0 detached=0 total=1 error=0
FAIL tilt emits ballistic conserved parcels into actual receiving basin
PASS scoop carry pour conserves complete material ledger
PASS separate depressions disconnected below saddle
PASS above saddle opens hydraulic redistribution
PASS graph merge never duplicates owned quantity
PASS drain closes connection and preserves separate residual pools
PASS ordinary runtime prefab creates independent empty container
PASS destroyed container invalidates handle and retains owned detached volume
PASS ordinary buoyant rigid body remains live
PASS implicit hydrostatics physically support ordinary body under selected gravity
M54 lab fixed/script 7.2538 ms; rendered offscreen640x360 mean 15.596 ms 64.1 FPS p95 33.885 ms max 34.931 ms draws 80 reservoirs 6 containers 1 parcels 1 bodies 33
PASS continued scripts remain fault free
PASS authored reset invalidates liquid handles and restores authored volume
PASS Stop releases all world-owned liquid state
PASS current scene loads
PASS ordinary resource/world/session path

