libEGL warning: Not allowed to force software rendering when API explicitly selects a hardware device.
Project: Spring Range (/home/conner/Documents/GitHub/Project-Judas/projects/shooter_game/shooter_game.judasproj)
Scene: Spring Range (/home/conner/Documents/GitHub/Project-Judas/projects/shooter_game/Scenes/range.judas)
World origin (m): 0.000, 0.000, 0.000
ALSA lib confmisc.c:855:(parse_card) [error.core] cannot find card '0'
ALSA lib conf.c:5211:(_snd_config_evaluate) [error.core] function snd_func_card_id returned error: No such file or directory
ALSA lib confmisc.c:422:(snd_func_concat) [error.core] error evaluating strings
ALSA lib conf.c:5211:(_snd_config_evaluate) [error.core] function snd_func_concat returned error: No such file or directory
ALSA lib confmisc.c:1342:(snd_func_refer) [error.core] error evaluating name
ALSA lib conf.c:5211:(_snd_config_evaluate) [error.core] function snd_func_refer returned error: No such file or directory
ALSA lib conf.c:5734:(snd_config_expand) [error.core] Evaluate error: No such file or directory
ALSA lib pcm.c:2722:(snd_pcm_open_noupdate) [error.pcm] Unknown PCM dmix
ALSA lib confmisc.c:855:(parse_card) [error.core] cannot find card '0'
ALSA lib conf.c:5211:(_snd_config_evaluate) [error.core] function snd_func_card_id returned error: No such file or directory
ALSA lib confmisc.c:422:(snd_func_concat) [error.core] error evaluating strings
ALSA lib conf.c:5211:(_snd_config_evaluate) [error.core] function snd_func_concat returned error: No such file or directory
ALSA lib confmisc.c:1342:(snd_func_refer) [error.core] error evaluating name
ALSA lib conf.c:5211:(_snd_config_evaluate) [error.core] function snd_func_refer returned error: No such file or directory
ALSA lib conf.c:5734:(snd_config_expand) [error.core] Evaluate error: No such file or directory
ALSA lib pcm.c:2722:(snd_pcm_open_noupdate) [error.pcm] Unknown PCM dmix:0
ALSA lib confmisc.c:855:(parse_card) [error.core] cannot find card '0'
ALSA lib conf.c:5211:(_snd_config_evaluate) [error.core] function snd_func_card_id returned error: No such file or directory
ALSA lib confmisc.c:422:(snd_func_concat) [error.core] error evaluating strings
ALSA lib conf.c:5211:(_snd_config_evaluate) [error.core] function snd_func_concat returned error: No such file or directory
ALSA lib confmisc.c:1342:(snd_func_refer) [error.core] error evaluating name
ALSA lib conf.c:5211:(_snd_config_evaluate) [error.core] function snd_func_refer returned error: No such file or directory
ALSA lib conf.c:5734:(snd_config_expand) [error.core] Evaluate error: No such file or directory
ALSA lib pcm.c:2722:(snd_pcm_open_noupdate) [error.pcm] Unknown PCM dmix:0,0
ALSA lib confmisc.c:165:(snd_config_get_card) [error.core] Cannot get card index for 0
ALSA lib confmisc.c:165:(snd_config_get_card) [error.core] Cannot get card index for 0
ALSA lib confmisc.c:165:(snd_config_get_card) [error.core] Cannot get card index for 0
Cannot connect to server socket err = Operation not permitted
Cannot connect to server request channel
jack server is not running or cannot be started
JackShmReadWritePtr::~JackShmReadWritePtr - Init not done for -1, skipping unlock
JackShmReadWritePtr::~JackShmReadWritePtr - Init not done for -1, skipping unlock
libEGL warning: Not allowed to force software rendering when API explicitly selects a hardware device.
Project: Spring Range (/home/conner/Documents/GitHub/Project-Judas/projects/shooter_game/shooter_game.judasproj)
Scene: Spring Range (/home/conner/Documents/GitHub/Project-Judas/projects/shooter_game/Scenes/range.judas)
World origin (m): 0.000, 0.000, 0.000
ALSA lib confmisc.c:855:(parse_card) [error.core] cannot find card '0'
ALSA lib conf.c:5211:(_snd_config_evaluate) [error.core] function snd_func_card_id returned error: No such file or directory
ALSA lib confmisc.c:422:(snd_func_concat) [error.core] error evaluating strings
ALSA lib conf.c:5211:(_snd_config_evaluate) [error.core] function snd_func_concat returned error: No such file or directory
ALSA lib confmisc.c:1342:(snd_func_refer) [error.core] error evaluating name
ALSA lib conf.c:5211:(_snd_config_evaluate) [error.core] function snd_func_refer returned error: No such file or directory
ALSA lib conf.c:5734:(snd_config_expand) [error.core] Evaluate error: No such file or directory
ALSA lib pcm.c:2722:(snd_pcm_open_noupdate) [error.pcm] Unknown PCM dmix
ALSA lib confmisc.c:855:(parse_card) [error.core] cannot find card '0'
ALSA lib conf.c:5211:(_snd_config_evaluate) [error.core] function snd_func_card_id returned error: No such file or directory
ALSA lib confmisc.c:422:(snd_func_concat) [error.core] error evaluating strings
ALSA lib conf.c:5211:(_snd_config_evaluate) [error.core] function snd_func_concat returned error: No such file or directory
ALSA lib confmisc.c:1342:(snd_func_refer) [error.core] error evaluating name
ALSA lib conf.c:5211:(_snd_config_evaluate) [error.core] function snd_func_refer returned error: No such file or directory
ALSA lib conf.c:5734:(snd_config_expand) [error.core] Evaluate error: No such file or directory
ALSA lib pcm.c:2722:(snd_pcm_open_noupdate) [error.pcm] Unknown PCM dmix:0
ALSA lib confmisc.c:855:(parse_card) [error.core] cannot find card '0'
ALSA lib conf.c:5211:(_snd_config_evaluate) [error.core] function snd_func_card_id returned error: No such file or directory
ALSA lib confmisc.c:422:(snd_func_concat) [error.core] error evaluating strings
ALSA lib conf.c:5211:(_snd_config_evaluate) [error.core] function snd_func_concat returned error: No such file or directory
ALSA lib confmisc.c:1342:(snd_func_refer) [error.core] error evaluating name
ALSA lib conf.c:5211:(_snd_config_evaluate) [error.core] function snd_func_refer returned error: No such file or directory
ALSA lib conf.c:5734:(snd_config_expand) [error.core] Evaluate error: No such file or directory
ALSA lib pcm.c:2722:(snd_pcm_open_noupdate) [error.pcm] Unknown PCM dmix:0,0
ALSA lib confmisc.c:165:(snd_config_get_card) [error.core] Cannot get card index for 0
ALSA lib confmisc.c:165:(snd_config_get_card) [error.core] Cannot get card index for 0
ALSA lib confmisc.c:165:(snd_config_get_card) [error.core] Cannot get card index for 0
Cannot connect to server socket err = Operation not permitted
Cannot connect to server request channel
jack server is not running or cannot be started
JackShmReadWritePtr::~JackShmReadWritePtr - Init not done for -1, skipping unlock
JackShmReadWritePtr::~JackShmReadWritePtr - Init not done for -1, skipping unlock
libEGL warning: Not allowed to force software rendering when API explicitly selects a hardware device.
Project: Spring Range (/home/conner/Documents/GitHub/Project-Judas/projects/shooter_game/shooter_game.judasproj)
Scene: Spring Range (/home/conner/Documents/GitHub/Project-Judas/projects/shooter_game/Scenes/range.judas)
World origin (m): 0.000, 0.000, 0.000
ALSA lib confmisc.c:855:(parse_card) [error.core] cannot find card '0'
ALSA lib conf.c:5211:(_snd_config_evaluate) [error.core] function snd_func_card_id returned error: No such file or directory
ALSA lib confmisc.c:422:(snd_func_concat) [error.core] error evaluating strings
ALSA lib conf.c:5211:(_snd_config_evaluate) [error.core] function snd_func_concat returned error: No such file or directory
ALSA lib confmisc.c:1342:(snd_func_refer) [error.core] error evaluating name
ALSA lib conf.c:5211:(_snd_config_evaluate) [error.core] function snd_func_refer returned error: No such file or directory
ALSA lib conf.c:5734:(snd_config_expand) [error.core] Evaluate error: No such file or directory
ALSA lib pcm.c:2722:(snd_pcm_open_noupdate) [error.pcm] Unknown PCM dmix
ALSA lib confmisc.c:855:(parse_card) [error.core] cannot find card '0'
ALSA lib conf.c:5211:(_snd_config_evaluate) [error.core] function snd_func_card_id returned error: No such file or directory
ALSA lib confmisc.c:422:(snd_func_concat) [error.core] error evaluating strings
ALSA lib conf.c:5211:(_snd_config_evaluate) [error.core] function snd_func_concat returned error: No such file or directory
ALSA lib confmisc.c:1342:(snd_func_refer) [error.core] error evaluating name
ALSA lib conf.c:5211:(_snd_config_evaluate) [error.core] function snd_func_refer returned error: No such file or directory
ALSA lib conf.c:5734:(snd_config_expand) [error.core] Evaluate error: No such file or directory
ALSA lib pcm.c:2722:(snd_pcm_open_noupdate) [error.pcm] Unknown PCM dmix:0
ALSA lib confmisc.c:855:(parse_card) [error.core] cannot find card '0'
ALSA lib conf.c:5211:(_snd_config_evaluate) [error.core] function snd_func_card_id returned error: No such file or directory
ALSA lib confmisc.c:422:(snd_func_concat) [error.core] error evaluating strings
ALSA lib conf.c:5211:(_snd_config_evaluate) [error.core] function snd_func_concat returned error: No such file or directory
ALSA lib confmisc.c:1342:(snd_func_refer) [error.core] error evaluating name
ALSA lib conf.c:5211:(_snd_config_evaluate) [error.core] function snd_func_refer returned error: No such file or directory
ALSA lib conf.c:5734:(snd_config_expand) [error.core] Evaluate error: No such file or directory
ALSA lib pcm.c:2722:(snd_pcm_open_noupdate) [error.pcm] Unknown PCM dmix:0,0
ALSA lib confmisc.c:165:(snd_config_get_card) [error.core] Cannot get card index for 0
ALSA lib confmisc.c:165:(snd_config_get_card) [error.core] Cannot get card index for 0
ALSA lib confmisc.c:165:(snd_config_get_card) [error.core] Cannot get card index for 0
Cannot connect to server socket err = Operation not permitted
Cannot connect to server request channel
jack server is not running or cannot be started
JackShmReadWritePtr::~JackShmReadWritePtr - Init not done for -1, skipping unlock
JackShmReadWritePtr::~JackShmReadWritePtr - Init not done for -1, skipping unlock
libEGL warning: Not allowed to force software rendering when API explicitly selects a hardware device.
Project: Spring Range (/home/conner/Documents/GitHub/Project-Judas/projects/shooter_game/shooter_game.judasproj)
Scene: Spring Range (/home/conner/Documents/GitHub/Project-Judas/projects/shooter_game/Scenes/range.judas)
World origin (m): 0.000, 0.000, 0.000
ALSA lib confmisc.c:855:(parse_card) [error.core] cannot find card '0'
ALSA lib conf.c:5211:(_snd_config_evaluate) [error.core] function snd_func_card_id returned error: No such file or directory
ALSA lib confmisc.c:422:(snd_func_concat) [error.core] error evaluating strings
ALSA lib conf.c:5211:(_snd_config_evaluate) [error.core] function snd_func_concat returned error: No such file or directory
ALSA lib confmisc.c:1342:(snd_func_refer) [error.core] error evaluating name
ALSA lib conf.c:5211:(_snd_config_evaluate) [error.core] function snd_func_refer returned error: No such file or directory
ALSA lib conf.c:5734:(snd_config_expand) [error.core] Evaluate error: No such file or directory
ALSA lib pcm.c:2722:(snd_pcm_open_noupdate) [error.pcm] Unknown PCM dmix
ALSA lib confmisc.c:855:(parse_card) [error.core] cannot find card '0'
ALSA lib conf.c:5211:(_snd_config_evaluate) [error.core] function snd_func_card_id returned error: No such file or directory
ALSA lib confmisc.c:422:(snd_func_concat) [error.core] error evaluating strings
ALSA lib conf.c:5211:(_snd_config_evaluate) [error.core] function snd_func_concat returned error: No such file or directory
ALSA lib confmisc.c:1342:(snd_func_refer) [error.core] error evaluating name
ALSA lib conf.c:5211:(_snd_config_evaluate) [error.core] function snd_func_refer returned error: No such file or directory
ALSA lib conf.c:5734:(snd_config_expand) [error.core] Evaluate error: No such file or directory
ALSA lib pcm.c:2722:(snd_pcm_open_noupdate) [error.pcm] Unknown PCM dmix:0
ALSA lib confmisc.c:855:(parse_card) [error.core] cannot find card '0'
ALSA lib conf.c:5211:(_snd_config_evaluate) [error.core] function snd_func_card_id returned error: No such file or directory
ALSA lib confmisc.c:422:(snd_func_concat) [error.core] error evaluating strings
ALSA lib conf.c:5211:(_snd_config_evaluate) [error.core] function snd_func_concat returned error: No such file or directory
ALSA lib confmisc.c:1342:(snd_func_refer) [error.core] error evaluating name
ALSA lib conf.c:5211:(_snd_config_evaluate) [error.core] function snd_func_refer returned error: No such file or directory
ALSA lib conf.c:5734:(snd_config_expand) [error.core] Evaluate error: No such file or directory
ALSA lib pcm.c:2722:(snd_pcm_open_noupdate) [error.pcm] Unknown PCM dmix:0,0
ALSA lib confmisc.c:165:(snd_config_get_card) [error.core] Cannot get card index for 0
ALSA lib confmisc.c:165:(snd_config_get_card) [error.core] Cannot get card index for 0
ALSA lib confmisc.c:165:(snd_config_get_card) [error.core] Cannot get card index for 0
Cannot connect to server socket err = Operation not permitted
Cannot connect to server request channel
jack server is not running or cannot be started
JackShmReadWritePtr::~JackShmReadWritePtr - Init not done for -1, skipping unlock
JackShmReadWritePtr::~JackShmReadWritePtr - Init not done for -1, skipping unlock
libEGL warning: Not allowed to force software rendering when API explicitly selects a hardware device.
Project: Spring Range (/home/conner/Documents/GitHub/Project-Judas/projects/shooter_game/shooter_game.judasproj)
Scene: Spring Range (/home/conner/Documents/GitHub/Project-Judas/projects/shooter_game/Scenes/range.judas)
World origin (m): 0.000, 0.000, 0.000
ALSA lib confmisc.c:855:(parse_card) [error.core] cannot find card '0'
ALSA lib conf.c:5211:(_snd_config_evaluate) [error.core] function snd_func_card_id returned error: No such file or directory
ALSA lib confmisc.c:422:(snd_func_concat) [error.core] error evaluating strings
ALSA lib conf.c:5211:(_snd_config_evaluate) [error.core] function snd_func_concat returned error: No such file or directory
ALSA lib confmisc.c:1342:(snd_func_refer) [error.core] error evaluating name
ALSA lib conf.c:5211:(_snd_config_evaluate) [error.core] function snd_func_refer returned error: No such file or directory
ALSA lib conf.c:5734:(snd_config_expand) [error.core] Evaluate error: No such file or directory
ALSA lib pcm.c:2722:(snd_pcm_open_noupdate) [error.pcm] Unknown PCM dmix
ALSA lib confmisc.c:855:(parse_card) [error.core] cannot find card '0'
ALSA lib conf.c:5211:(_snd_config_evaluate) [error.core] function snd_func_card_id returned error: No such file or directory
ALSA lib confmisc.c:422:(snd_func_concat) [error.core] error evaluating strings
ALSA lib conf.c:5211:(_snd_config_evaluate) [error.core] function snd_func_concat returned error: No such file or directory
ALSA lib confmisc.c:1342:(snd_func_refer) [error.core] error evaluating name
ALSA lib conf.c:5211:(_snd_config_evaluate) [error.core] function snd_func_refer returned error: No such file or directory
ALSA lib conf.c:5734:(snd_config_expand) [error.core] Evaluate error: No such file or directory
ALSA lib pcm.c:2722:(snd_pcm_open_noupdate) [error.pcm] Unknown PCM dmix:0
ALSA lib confmisc.c:855:(parse_card) [error.core] cannot find card '0'
ALSA lib conf.c:5211:(_snd_config_evaluate) [error.core] function snd_func_card_id returned error: No such file or directory
ALSA lib confmisc.c:422:(snd_func_concat) [error.core] error evaluating strings
ALSA lib conf.c:5211:(_snd_config_evaluate) [error.core] function snd_func_concat returned error: No such file or directory
ALSA lib confmisc.c:1342:(snd_func_refer) [error.core] error evaluating name
ALSA lib conf.c:5211:(_snd_config_evaluate) [error.core] function snd_func_refer returned error: No such file or directory
ALSA lib conf.c:5734:(snd_config_expand) [error.core] Evaluate error: No such file or directory
ALSA lib pcm.c:2722:(snd_pcm_open_noupdate) [error.pcm] Unknown PCM dmix:0,0
ALSA lib confmisc.c:165:(snd_config_get_card) [error.core] Cannot get card index for 0
ALSA lib confmisc.c:165:(snd_config_get_card) [error.core] Cannot get card index for 0
ALSA lib confmisc.c:165:(snd_config_get_card) [error.core] Cannot get card index for 0
Cannot connect to server socket err = Operation not permitted
Cannot connect to server request channel
jack server is not running or cannot be started
JackShmReadWritePtr::~JackShmReadWritePtr - Init not done for -1, skipping unlock
JackShmReadWritePtr::~JackShmReadWritePtr - Init not done for -1, skipping unlock
libEGL warning: Not allowed to force software rendering when API explicitly selects a hardware device.
Project: Spring Range (/home/conner/Documents/GitHub/Project-Judas/projects/shooter_game/shooter_game.judasproj)
Scene: Spring Range (/home/conner/Documents/GitHub/Project-Judas/projects/shooter_game/Scenes/range.judas)
World origin (m): 0.000, 0.000, 0.000
ALSA lib confmisc.c:855:(parse_card) [error.core] cannot find card '0'
ALSA lib conf.c:5211:(_snd_config_evaluate) [error.core] function snd_func_card_id returned error: No such file or directory
ALSA lib confmisc.c:422:(snd_func_concat) [error.core] error evaluating strings
ALSA lib conf.c:5211:(_snd_config_evaluate) [error.core] function snd_func_concat returned error: No such file or directory
ALSA lib confmisc.c:1342:(snd_func_refer) [error.core] error evaluating name
ALSA lib conf.c:5211:(_snd_config_evaluate) [error.core] function snd_func_refer returned error: No such file or directory
ALSA lib conf.c:5734:(snd_config_expand) [error.core] Evaluate error: No such file or directory
ALSA lib pcm.c:2722:(snd_pcm_open_noupdate) [error.pcm] Unknown PCM dmix
ALSA lib confmisc.c:855:(parse_card) [error.core] cannot find card '0'
ALSA lib conf.c:5211:(_snd_config_evaluate) [error.core] function snd_func_card_id returned error: No such file or directory
ALSA lib confmisc.c:422:(snd_func_concat) [error.core] error evaluating strings
ALSA lib conf.c:5211:(_snd_config_evaluate) [error.core] function snd_func_concat returned error: No such file or directory
ALSA lib confmisc.c:1342:(snd_func_refer) [error.core] error evaluating name
ALSA lib conf.c:5211:(_snd_config_evaluate) [error.core] function snd_func_refer returned error: No such file or directory
ALSA lib conf.c:5734:(snd_config_expand) [error.core] Evaluate error: No such file or directory
ALSA lib pcm.c:2722:(snd_pcm_open_noupdate) [error.pcm] Unknown PCM dmix:0
ALSA lib confmisc.c:855:(parse_card) [error.core] cannot find card '0'
ALSA lib conf.c:5211:(_snd_config_evaluate) [error.core] function snd_func_card_id returned error: No such file or directory
ALSA lib confmisc.c:422:(snd_func_concat) [error.core] error evaluating strings
ALSA lib conf.c:5211:(_snd_config_evaluate) [error.core] function snd_func_concat returned error: No such file or directory
ALSA lib confmisc.c:1342:(snd_func_refer) [error.core] error evaluating name
ALSA lib conf.c:5211:(_snd_config_evaluate) [error.core] function snd_func_refer returned error: No such file or directory
ALSA lib conf.c:5734:(snd_config_expand) [error.core] Evaluate error: No such file or directory
ALSA lib pcm.c:2722:(snd_pcm_open_noupdate) [error.pcm] Unknown PCM dmix:0,0
ALSA lib confmisc.c:165:(snd_config_get_card) [error.core] Cannot get card index for 0
ALSA lib confmisc.c:165:(snd_config_get_card) [error.core] Cannot get card index for 0
ALSA lib confmisc.c:165:(snd_config_get_card) [error.core] Cannot get card index for 0
Cannot connect to server socket err = Operation not permitted
Cannot connect to server request channel
jack server is not running or cannot be started
JackShmReadWritePtr::~JackShmReadWritePtr - Init not done for -1, skipping unlock
JackShmReadWritePtr::~JackShmReadWritePtr - Init not done for -1, skipping unlock
PASS ordinary integration project
PASS profiled project scripts remain fault-free
PASS profiled liquid path retains accepted solve behaviour
PASS real outer application lifecycle
PASS same actual fixed-step input count for every mode
M56 shooter_game trial 1 mode 0 outer interval incl collection/swap median 19.37736 p95 22.93040 max 27.94997 ms
M56 shooter_game trial 1 mode 0 fixed median 1.33685 p95 2.01610 max 2.73584 ms
M56 shooter_game trial 1 mode 0 profiler UI median 0.00000 p95 0.00000 max 0.00000 ms
PASS ordinary integration project
PASS profiled project scripts remain fault-free
PASS profiled liquid path retains accepted solve behaviour
PASS real outer application lifecycle
PASS same actual fixed-step input count for every mode
PASS capture/UI do not alter deterministic physics and script state
M56 shooter_game trial 2 mode 1 outer interval incl collection/swap median 18.53571 p95 20.03339 max 20.64732 ms
M56 shooter_game trial 2 mode 1 fixed median 1.28689 p95 1.99848 max 2.35795 ms
M56 shooter_game trial 2 mode 1 profiler UI median 0.00000 p95 0.00000 max 0.00000 ms
PASS outer frames contain fixed identities and completed delayed GPU results
PASS bounded structured integration capture
M56 capacity 70604584 bytes drops 0 truncated 0 GPU dropped 0
PASS ordinary integration project
PASS profiled project scripts remain fault-free
PASS profiled liquid path retains accepted solve behaviour
PASS real outer application lifecycle
PASS same actual fixed-step input count for every mode
PASS live profiler inspection releases cursor while fixed simulation continues
PASS editor cursor routing preserves script pointer-capture intent
PASS capture/UI do not alter deterministic physics and script state
M56 shooter_game trial 3 mode 2 outer interval incl collection/swap median 21.23029 p95 22.37012 max 24.67816 ms
M56 shooter_game trial 3 mode 2 fixed median 1.24949 p95 1.67844 max 1.93508 ms
M56 shooter_game trial 3 mode 2 profiler UI median 0.72751 p95 1.07901 max 1.19665 ms
PASS outer frames contain fixed identities and completed delayed GPU results
PASS bounded structured integration capture
M56 capacity 70701328 bytes drops 0 truncated 0 GPU dropped 0
PASS ordinary integration project
PASS profiled project scripts remain fault-free
PASS profiled liquid path retains accepted solve behaviour
PASS real outer application lifecycle
PASS same actual fixed-step input count for every mode
PASS capture/UI do not alter deterministic physics and script state
M56 shooter_game trial 4 mode 1 outer interval incl collection/swap median 18.40324 p95 20.29645 max 22.27139 ms
M56 shooter_game trial 4 mode 1 fixed median 1.27104 p95 1.91741 max 2.23199 ms
M56 shooter_game trial 4 mode 1 profiler UI median 0.00000 p95 0.00000 max 0.00000 ms
PASS outer frames contain fixed identities and completed delayed GPU results
M56 capacity 70701192 bytes drops 0 truncated 0 GPU dropped 0
PASS ordinary integration project
PASS profiled project scripts remain fault-free
PASS profiled liquid path retains accepted solve behaviour
PASS real outer application lifecycle
PASS same actual fixed-step input count for every mode
PASS capture/UI do not alter deterministic physics and script state
M56 shooter_game trial 5 mode 0 outer interval incl collection/swap median 18.60353 p95 20.53308 max 23.25246 ms
M56 shooter_game trial 5 mode 0 fixed median 1.30576 p95 1.81585 max 2.27079 ms
M56 shooter_game trial 5 mode 0 profiler UI median 0.00000 p95 0.00000 max 0.00000 ms
PASS ordinary integration project
PASS profiled project scripts remain fault-free
PASS profiled liquid path retains accepted solve behaviour
PASS real outer application lifecycle
PASS same actual fixed-step input count for every mode
PASS live profiler inspection releases cursor while fixed simulation continues
PASS editor cursor routing preserves script pointer-capture intent
PASS capture/UI do not alter deterministic physics and script state
M56 shooter_game trial 6 mode 2 outer interval incl collection/swap median 21.39905 p95 24.35610 max 25.86700 ms
M56 shooter_game trial 6 mode 2 fixed median 1.libEGL warning: Not allowed to force software rendering when API explicitly selects a hardware device.
Project: Dynamic Liquid Surface Lab (/home/conner/Documents/GitHub/Project-Judas/projects/liquid_surface_demo/liquid_surface_demo.judasproj)
Scene: Dynamic Surface / Flat Pool (/home/conner/Documents/GitHub/Project-Judas/projects/liquid_surface_demo/Scenes/lab.judas)
World origin (m): 1000000000000.000, -2000000000000.000, 3000000000000.000
libEGL warning: Not allowed to force software rendering when API explicitly selects a hardware device.
Project: Dynamic Liquid Surface Lab (/home/conner/Documents/GitHub/Project-Judas/projects/liquid_surface_demo/liquid_surface_demo.judasproj)
Scene: Dynamic Surface / Flat Pool (/home/conner/Documents/GitHub/Project-Judas/projects/liquid_surface_demo/Scenes/lab.judas)
World origin (m): 1000000000000.000, -2000000000000.000, 3000000000000.000
libEGL warning: Not allowed to force software rendering when API explicitly selects a hardware device.
Project: Dynamic Liquid Surface Lab (/home/conner/Documents/GitHub/Project-Judas/projects/liquid_surface_demo/liquid_surface_demo.judasproj)
Scene: Dynamic Surface / Flat Pool (/home/conner/Documents/GitHub/Project-Judas/projects/liquid_surface_demo/Scenes/lab.judas)
World origin (m): 1000000000000.000, -2000000000000.000, 3000000000000.000
libEGL warning: Not allowed to force software rendering when API explicitly selects a hardware device.
Project: Dynamic Liquid Surface Lab (/home/conner/Documents/GitHub/Project-Judas/projects/liquid_surface_demo/liquid_surface_demo.judasproj)
Scene: Dynamic Surface / Flat Pool (/home/conner/Documents/GitHub/Project-Judas/projects/liquid_surface_demo/Scenes/lab.judas)
World origin (m): 1000000000000.000, -2000000000000.000, 3000000000000.000
libEGL warning: Not allowed to force software rendering when API explicitly selects a hardware device.
Project: Dynamic Liquid Surface Lab (/home/conner/Documents/GitHub/Project-Judas/projects/liquid_surface_demo/liquid_surface_demo.judasproj)
Scene: Dynamic Surface / Flat Pool (/home/conner/Documents/GitHub/Project-Judas/projects/liquid_surface_demo/Scenes/lab.judas)
World origin (m): 1000000000000.000, -2000000000000.000, 3000000000000.000
libEGL warning: Not allowed to force software rendering when API explicitly selects a hardware device.
Project: Dynamic Liquid Surface Lab (/home/conner/Documents/GitHub/Project-Judas/projects/liquid_surface_demo/liquid_surface_demo.judasproj)
Scene: Dynamic Surface / Flat Pool (/home/conner/Documents/GitHub/Project-Judas/projects/liquid_surface_demo/Scenes/lab.judas)
World origin (m): 1000000000000.000, -2000000000000.000, 3000000000000.000
25947 p95 1.91878 max 2.79926 ms
M56 shooter_game trial 6 mode 2 profiler UI median 0.72746 p95 1.07334 max 1.15786 ms
PASS outer frames contain fixed identities and completed delayed GPU results
M56 capacity 70701328 bytes drops 0 truncated 0 GPU dropped 0
PASS ordinary integration project
PASS profiled project scripts remain fault-free
PASS profiled liquid path retains accepted solve behaviour
PASS real outer application lifecycle
PASS same actual fixed-step input count for every mode
M56 liquid_surface_demo trial 1 mode 0 outer interval incl collection/swap median 40.02215 p95 46.11614 max 61.87077 ms
M56 liquid_surface_demo trial 1 mode 0 fixed median 5.31708 p95 7.86686 max 9.57925 ms
M56 liquid_surface_demo trial 1 mode 0 profiler UI median 0.00000 p95 0.00000 max 0.00000 ms
PASS ordinary integration project
PASS profiled project scripts remain fault-free
PASS profiled liquid path retains accepted solve behaviour
PASS real outer application lifecycle
PASS same actual fixed-step input count for every mode
PASS capture/UI do not alter deterministic physics and script state
M56 liquid_surface_demo trial 2 mode 1 outer interval incl collection/swap median 39.56345 p95 58.39816 max 93.23071 ms
M56 liquid_surface_demo trial 2 mode 1 fixed median 5.30284 p95 7.77734 max 15.08429 ms
M56 liquid_surface_demo trial 2 mode 1 profiler UI median 0.00000 p95 0.00000 max 0.00000 ms
PASS outer frames contain fixed identities and completed delayed GPU results
PASS moving storage is distinguishable from water presentation
PASS bounded structured integration capture
M56 capacity 70817032 bytes drops 0 truncated 0 GPU dropped 0
PASS ordinary integration project
PASS profiled project scripts remain fault-free
PASS profiled liquid path retains accepted solve behaviour
PASS real outer application lifecycle
PASS same actual fixed-step input count for every mode
PASS live profiler inspection releases cursor while fixed simulation continues
PASS editor cursor routing preserves script pointer-capture intent
PASS capture/UI do not alter deterministic physics and script state
M56 liquid_surface_demo trial 3 mode 2 outer interval incl collection/swap median 43.31943 p95 46.36650 max 61.18879 ms
M56 liquid_surface_demo trial 3 mode 2 fixed median 5.35376 p95 7.19734 max 8.96540 ms
M56 liquid_surface_demo trial 3 mode 2 profiler UI median 0.74790 p95 1.08886 max 1.38510 ms
PASS outer frames contain fixed identities and completed delayed GPU results
PASS moving storage is distinguishable from water presentation
PASS bounded structured integration capture
M56 capacity 70818640 bytes drops 0 truncated 0 GPU dropped 0
PASS ordinary integration project
PASS profiled project scripts remain fault-free
PASS profiled liquid path retains accepted solve behaviour
PASS real outer application lifecycle
PASS same actual fixed-step input count for every mode
PASS capture/UI do not alter deterministic physics and script state
M56 liquid_surface_demo trial 4 mode 1 outer interval incl collection/swap median 38.76559 p95 43.22231 max 57.18010 ms
M56 liquid_surface_demo trial 4 mode 1 fixed median 5.14257 p95 6.77633 max 7.28139 ms
M56 liquid_surface_demo trial 4 mode 1 profiler UI median 0.00000 p95 0.00000 max 0.00000 ms
PASS outer frames contain fixed identities and completed delayed GPU results
PASS moving storage is distinguishable from water presentation
M56 capacity 70818640 bytes drops 0 truncated 0 GPU dropped 0
PASS ordinary integration project
PASS profiled project scripts remain fault-free
PASS profiled liquid path retains accepted solve behaviour
PASS real outer application lifecycle
PASS same actual fixed-step input count for every mode
PASS capture/UI do not alter deterministic physics and script state
M56 liquid_surface_demo trial 5 mode 0 outer interval incl collection/swap median 39.63064 p95 43.73592 max 60.26279 ms
M56 liquid_surface_demo trial 5 mode 0 fixed median 5.61502 p95 7.17096 max 10.00381 ms
M56 liquid_surface_demo trial 5 mode 0 profiler UI median 0.00000 p95 0.00000 max 0.00000 ms
PASS ordinary integration project
PASS profiled project scripts remain fault-free
PASS profiled liquid path retains accepted solve behaviour
PASS real outer application lifecycle
PASS same actual fixed-step input count for every mode
PASS live profiler inspection releases cursor while fixed simulation continues
PASS editor cursor routing preserves script pointer-capture intent
PASS capture/UI do not alter deterministic physics and script state
M56 liquid_surface_demo trial 6 mode 2 outer interval incl collection/swap median 43.19005 p95 46.40964 max 59.14511 ms
M56 liquid_surface_demo trial 6 mode 2 fixed median 5.09432 p95 7.05313 max 7.95193 ms
M56 liquid_surface_demo trial 6 mode 2 profiler UI median 0.74302 p95 1.02800 max 1.28217 ms
PASS outer frames contain fixed identities and completed delayed GPU results
PASS moving storage is distinguishable from water presentation
M56 capacity 70818640 bytes drops 0 truncated 0 GPU dropped 0
PASS captured workload actually acquires liquid through physical bucket opening
M56 application 95 checks 0 failures
