libEGL warning: Not allowed to force software rendering when API explicitly selects a hardware device.
Project: Spring Range (/home/conner/Documents/GitHub/Project-Judas/projects/shooter_game/shooter_game.judasproj)
Scene: Spring Range (/home/conner/Documents/GitHub/Project-Judas/projects/shooter_game/Scenes/range.judas)
World origin (m): 0.000, 0.000, 0.000
ALSA lib confmisc.c:855:(parse_card) [error.core] cannot find card '0'
ALSA lib conf.c:5211:(_snd_config_evaluate) [error.core] function snd_func_card_id returned error: No such file or directory
ALSA lib confmisc.c:422:(snd_func_concat) [error.core] error evaluating strings
ALSA lib conf.c:5211:(_snd_config_evaluate) [error.core] function snd_func_concat returned error: No such file or directory
ALSA lib confmisc.c:1342:(snd_func_refer) [error.core] error evaluating name
ALSA lib conf.c:5211:(_snd_config_evaluate) [error.core] function snd_func_refer returned error: No such file or directory
ALSA lib conf.c:5734:(snd_config_expand) [error.core] Evaluate error: No such file or directory
ALSA lib pcm.c:2722:(snd_pcm_open_noupdate) [error.pcm] Unknown PCM dmix
ALSA lib confmisc.c:855:(parse_card) [error.core] cannot find card '0'
ALSA lib conf.c:5211:(_snd_config_evaluate) [error.core] function snd_func_card_id returned error: No such file or directory
ALSA lib confmisc.c:422:(snd_func_concat) [error.core] error evaluating strings
ALSA lib conf.c:5211:(_snd_config_evaluate) [error.core] function snd_func_concat returned error: No such file or directory
ALSA lib confmisc.c:1342:(snd_func_refer) [error.core] error evaluating name
ALSA lib conf.c:5211:(_snd_config_evaluate) [error.core] function snd_func_refer returned error: No such file or directory
ALSA lib conf.c:5734:(snd_config_expand) [error.core] Evaluate error: No such file or directory
ALSA lib pcm.c:2722:(snd_pcm_open_noupdate) [error.pcm] Unknown PCM dmix:0
ALSA lib confmisc.c:855:(parse_card) [error.core] cannot find card '0'
ALSA lib conf.c:5211:(_snd_config_evaluate) [error.core] function snd_func_card_id returned error: No such file or directory
ALSA lib confmisc.c:422:(snd_func_concat) [error.core] error evaluating strings
ALSA lib conf.c:5211:(_snd_config_evaluate) [error.core] function snd_func_concat returned error: No such file or directory
ALSA lib confmisc.c:1342:(snd_func_refer) [error.core] error evaluating name
ALSA lib conf.c:5211:(_snd_config_evaluate) [error.core] function snd_func_refer returned error: No such file or directory
ALSA lib conf.c:5734:(snd_config_expand) [error.core] Evaluate error: No such file or directory
ALSA lib pcm.c:2722:(snd_pcm_open_noupdate) [error.pcm] Unknown PCM dmix:0,0
ALSA lib confmisc.c:165:(snd_config_get_card) [error.core] Cannot get card index for 0
ALSA lib confmisc.c:165:(snd_config_get_card) [error.core] Cannot get card index for 0
ALSA lib confmisc.c:165:(snd_config_get_card) [error.core] Cannot get card index for 0
Cannot connect to server socket err = Operation not permitted
Cannot connect to server request channel
jack server is not running or cannot be started
JackShmReadWritePtr::~JackShmReadWritePtr - Init not done for -1, skipping unlock
JackShmReadWritePtr::~JackShmReadWritePtr - Init not done for -1, skipping unlock
libEGL warning: Not allowed to force software rendering when API explicitly selects a hardware device.
Project: Spring Range (/home/conner/Documents/GitHub/Project-Judas/projects/shooter_game/shooter_game.judasproj)
Scene: Spring Range (/home/conner/Documents/GitHub/Project-Judas/projects/shooter_game/Scenes/range.judas)
World origin (m): 0.000, 0.000, 0.000
ALSA lib confmisc.c:855:(parse_card) [error.core] cannot find card '0'
ALSA lib conf.c:5211:(_snd_config_evaluate) [error.core] function snd_func_card_id returned error: No such file or directory
ALSA lib confmisc.c:422:(snd_func_concat) [error.core] error evaluating strings
ALSA lib conf.c:5211:(_snd_config_evaluate) [error.core] function snd_func_concat returned error: No such file or directory
ALSA lib confmisc.c:1342:(snd_func_refer) [error.core] error evaluating name
ALSA lib conf.c:5211:(_snd_config_evaluate) [error.core] function snd_func_refer returned error: No such file or directory
ALSA lib conf.c:5734:(snd_config_expand) [error.core] Evaluate error: No such file or directory
ALSA lib pcm.c:2722:(snd_pcm_open_noupdate) [error.pcm] Unknown PCM dmix
ALSA lib confmisc.c:855:(parse_card) [error.core] cannot find card '0'
ALSA lib conf.c:5211:(_snd_config_evaluate) [error.core] function snd_func_card_id returned error: No such file or directory
ALSA lib confmisc.c:422:(snd_func_concat) [error.core] error evaluating strings
ALSA lib conf.c:5211:(_snd_config_evaluate) [error.core] function snd_func_concat returned error: No such file or directory
ALSA lib confmisc.c:1342:(snd_func_refer) [error.core] error evaluating name
ALSA lib conf.c:5211:(_snd_config_evaluate) [error.core] function snd_func_refer returned error: No such file or directory
ALSA lib conf.c:5734:(snd_config_expand) [error.core] Evaluate error: No such file or directory
ALSA lib pcm.c:2722:(snd_pcm_open_noupdate) [error.pcm] Unknown PCM dmix:0
ALSA lib confmisc.c:855:(parse_card) [error.core] cannot find card '0'
ALSA lib conf.c:5211:(_snd_config_evaluate) [error.core] function snd_func_card_id returned error: No such file or directory
ALSA lib confmisc.c:422:(snd_func_concat) [error.core] error evaluating strings
ALSA lib conf.c:5211:(_snd_config_evaluate) [error.core] function snd_func_concat returned error: No such file or directory
ALSA lib confmisc.c:1342:(snd_func_refer) [error.core] error evaluating name
ALSA lib conf.c:5211:(_snd_config_evaluate) [error.core] function snd_func_refer returned error: No such file or directory
ALSA lib conf.c:5734:(snd_config_expand) [error.core] Evaluate error: No such file or directory
ALSA lib pcm.c:2722:(snd_pcm_open_noupdate) [error.pcm] Unknown PCM dmix:0,0
ALSA lib confmisc.c:165:(snd_config_get_card) [error.core] Cannot get card index for 0
ALSA lib confmisc.c:165:(snd_config_get_card) [error.core] Cannot get card index for 0
ALSA lib confmisc.c:165:(snd_config_get_card) [error.core] Cannot get card index for 0
Cannot connect to server socket err = Operation not permitted
Cannot connect to server request channel
jack server is not running or cannot be started
JackShmReadWritePtr::~JackShmReadWritePtr - Init not done for -1, skipping unlock
JackShmReadWritePtr::~JackShmReadWritePtr - Init not done for -1, skipping unlock
libEGL warning: Not allowed to force software rendering when API explicitly selects a hardware device.
Project: Spring Range (/home/conner/Documents/GitHub/Project-Judas/projects/shooter_game/shooter_game.judasproj)
Scene: Spring Range (/home/conner/Documents/GitHub/Project-Judas/projects/shooter_game/Scenes/range.judas)
World origin (m): 0.000, 0.000, 0.000
ALSA lib confmisc.c:855:(parse_card) [error.core] cannot find card '0'
ALSA lib conf.c:5211:(_snd_config_evaluate) [error.core] function snd_func_card_id returned error: No such file or directory
ALSA lib confmisc.c:422:(snd_func_concat) [error.core] error evaluating strings
ALSA lib conf.c:5211:(_snd_config_evaluate) [error.core] function snd_func_concat returned error: No such file or directory
ALSA lib confmisc.c:1342:(snd_func_refer) [error.core] error evaluating name
ALSA lib conf.c:5211:(_snd_config_evaluate) [error.core] function snd_func_refer returned error: No such file or directory
ALSA lib conf.c:5734:(snd_config_expand) [error.core] Evaluate error: No such file or directory
ALSA lib pcm.c:2722:(snd_pcm_open_noupdate) [error.pcm] Unknown PCM dmix
ALSA lib confmisc.c:855:(parse_card) [error.core] cannot find card '0'
ALSA lib conf.c:5211:(_snd_config_evaluate) [error.core] function snd_func_card_id returned error: No such file or directory
ALSA lib confmisc.c:422:(snd_func_concat) [error.core] error evaluating strings
ALSA lib conf.c:5211:(_snd_config_evaluate) [error.core] function snd_func_concat returned error: No such file or directory
ALSA lib confmisc.c:1342:(snd_func_refer) [error.core] error evaluating name
ALSA lib conf.c:5211:(_snd_config_evaluate) [error.core] function snd_func_refer returned error: No such file or directory
ALSA lib conf.c:5734:(snd_config_expand) [error.core] Evaluate error: No such file or directory
ALSA lib pcm.c:2722:(snd_pcm_open_noupdate) [error.pcm] Unknown PCM dmix:0
ALSA lib confmisc.c:855:(parse_card) [error.core] cannot find card '0'
ALSA lib conf.c:5211:(_snd_config_evaluate) [error.core] function snd_func_card_id returned error: No such file or directory
ALSA lib confmisc.c:422:(snd_func_concat) [error.core] error evaluating strings
ALSA lib conf.c:5211:(_snd_config_evaluate) [error.core] function snd_func_concat returned error: No such file or directory
ALSA lib confmisc.c:1342:(snd_func_refer) [error.core] error evaluating name
ALSA lib conf.c:5211:(_snd_config_evaluate) [error.core] function snd_func_refer returned error: No such file or directory
ALSA lib conf.c:5734:(snd_config_expand) [error.core] Evaluate error: No such file or directory
ALSA lib pcm.c:2722:(snd_pcm_open_noupdate) [error.pcm] Unknown PCM dmix:0,0
ALSA lib confmisc.c:165:(snd_config_get_card) [error.core] Cannot get card index for 0
ALSA lib confmisc.c:165:(snd_config_get_card) [error.core] Cannot get card index for 0
ALSA lib confmisc.c:165:(snd_config_get_card) [error.core] Cannot get card index for 0
Cannot connect to server socket err = Operation not permitted
Cannot connect to server request channel
jack server is not running or cannot be started
JackShmReadWritePtr::~JackShmReadWritePtr - Init not done for -1, skipping unlock
JackShmReadWritePtr::~JackShmReadWritePtr - Init not done for -1, skipping unlock
libEGL warning: Not allowed to force software rendering when API explicitly selects a hardware device.
Project: Spring Range (/home/conner/Documents/GitHub/Project-Judas/projects/shooter_game/shooter_game.judasproj)
Scene: Spring Range (/home/conner/Documents/GitHub/Project-Judas/projects/shooter_game/Scenes/range.judas)
World origin (m): 0.000, 0.000, 0.000
ALSA lib confmisc.c:855:(parse_card) [error.core] cannot find card '0'
ALSA lib conf.c:5211:(_snd_config_evaluate) [error.core] function snd_func_card_id returned error: No such file or directory
ALSA lib confmisc.c:422:(snd_func_concat) [error.core] error evaluating strings
ALSA lib conf.c:5211:(_snd_config_evaluate) [error.core] function snd_func_concat returned error: No such file or directory
ALSA lib confmisc.c:1342:(snd_func_refer) [error.core] error evaluating name
ALSA lib conf.c:5211:(_snd_config_evaluate) [error.core] function snd_func_refer returned error: No such file or directory
ALSA lib conf.c:5734:(snd_config_expand) [error.core] Evaluate error: No such file or directory
ALSA lib pcm.c:2722:(snd_pcm_open_noupdate) [error.pcm] Unknown PCM dmix
ALSA lib confmisc.c:855:(parse_card) [error.core] cannot find card '0'
ALSA lib conf.c:5211:(_snd_config_evaluate) [error.core] function snd_func_card_id returned error: No such file or directory
ALSA lib confmisc.c:422:(snd_func_concat) [error.core] error evaluating strings
ALSA lib conf.c:5211:(_snd_config_evaluate) [error.core] function snd_func_concat returned error: No such file or directory
ALSA lib confmisc.c:1342:(snd_func_refer) [error.core] error evaluating name
ALSA lib conf.c:5211:(_snd_config_evaluate) [error.core] function snd_func_refer returned error: No such file or directory
ALSA lib conf.c:5734:(snd_config_expand) [error.core] Evaluate error: No such file or directory
ALSA lib pcm.c:2722:(snd_pcm_open_noupdate) [error.pcm] Unknown PCM dmix:0
ALSA lib confmisc.c:855:(parse_card) [error.core] cannot find card '0'
ALSA lib conf.c:5211:(_snd_config_evaluate) [error.core] function snd_func_card_id returned error: No such file or directory
ALSA lib confmisc.c:422:(snd_func_concat) [error.core] error evaluating strings
ALSA lib conf.c:5211:(_snd_config_evaluate) [error.core] function snd_func_concat returned error: No such file or directory
ALSA lib confmisc.c:1342:(snd_func_refer) [error.core] error evaluating name
ALSA lib conf.c:5211:(_snd_config_evaluate) [error.core] function snd_func_refer returned error: No such file or directory
ALSA lib conf.c:5734:(snd_config_expand) [error.core] Evaluate error: No such file or directory
ALSA lib pcm.c:2722:(snd_pcm_open_noupdate) [error.pcm] Unknown PCM dmix:0,0
ALSA lib confmisc.c:165:(snd_config_get_card) [error.core] Cannot get card index for 0
ALSA lib confmisc.c:165:(snd_config_get_card) [error.core] Cannot get card index for 0
ALSA lib confmisc.c:165:(snd_config_get_card) [error.core] Cannot get card index for 0
Cannot connect to server socket err = Operation not permitted
Cannot connect to server request channel
jack server is not running or cannot be started
JackShmReadWritePtr::~JackShmReadWritePtr - Init not done for -1, skipping unlock
JackShmReadWritePtr::~JackShmReadWritePtr - Init not done for -1, skipping unlock
libEGL warning: Not allowed to force software rendering when API explicitly selects a hardware device.
Project: Spring Range (/home/conner/Documents/GitHub/Project-Judas/projects/shooter_game/shooter_game.judasproj)
Scene: Spring Range (/home/conner/Documents/GitHub/Project-Judas/projects/shooter_game/Scenes/range.judas)
World origin (m): 0.000, 0.000, 0.000
ALSA lib confmisc.c:855:(parse_card) [error.core] cannot find card '0'
ALSA lib conf.c:5211:(_snd_config_evaluate) [error.core] function snd_func_card_id returned error: No such file or directory
ALSA lib confmisc.c:422:(snd_func_concat) [error.core] error evaluating strings
ALSA lib conf.c:5211:(_snd_config_evaluate) [error.core] function snd_func_concat returned error: No such file or directory
ALSA lib confmisc.c:1342:(snd_func_refer) [error.core] error evaluating name
ALSA lib conf.c:5211:(_snd_config_evaluate) [error.core] function snd_func_refer returned error: No such file or directory
ALSA lib conf.c:5734:(snd_config_expand) [error.core] Evaluate error: No such file or directory
ALSA lib pcm.c:2722:(snd_pcm_open_noupdate) [error.pcm] Unknown PCM dmix
ALSA lib confmisc.c:855:(parse_card) [error.core] cannot find card '0'
ALSA lib conf.c:5211:(_snd_config_evaluate) [error.core] function snd_func_card_id returned error: No such file or directory
ALSA lib confmisc.c:422:(snd_func_concat) [error.core] error evaluating strings
ALSA lib conf.c:5211:(_snd_config_evaluate) [error.core] function snd_func_concat returned error: No such file or directory
ALSA lib confmisc.c:1342:(snd_func_refer) [error.core] error evaluating name
ALSA lib conf.c:5211:(_snd_config_evaluate) [error.core] function snd_func_refer returned error: No such file or directory
ALSA lib conf.c:5734:(snd_config_expand) [error.core] Evaluate error: No such file or directory
ALSA lib pcm.c:2722:(snd_pcm_open_noupdate) [error.pcm] Unknown PCM dmix:0
ALSA lib confmisc.c:855:(parse_card) [error.core] cannot find card '0'
ALSA lib conf.c:5211:(_snd_config_evaluate) [error.core] function snd_func_card_id returned error: No such file or directory
ALSA lib confmisc.c:422:(snd_func_concat) [error.core] error evaluating strings
ALSA lib conf.c:5211:(_snd_config_evaluate) [error.core] function snd_func_concat returned error: No such file or directory
ALSA lib confmisc.c:1342:(snd_func_refer) [error.core] error evaluating name
ALSA lib conf.c:5211:(_snd_config_evaluate) [error.core] function snd_func_refer returned error: No such file or directory
ALSA lib conf.c:5734:(snd_config_expand) [error.core] Evaluate error: No such file or directory
ALSA lib pcm.c:2722:(snd_pcm_open_noupdate) [error.pcm] Unknown PCM dmix:0,0
ALSA lib confmisc.c:165:(snd_config_get_card) [error.core] Cannot get card index for 0
ALSA lib confmisc.c:165:(snd_config_get_card) [error.core] Cannot get card index for 0
ALSA lib confmisc.c:165:(snd_config_get_card) [error.core] Cannot get card index for 0
Cannot connect to server socket err = Operation not permitted
Cannot connect to server request channel
jack server is not running or cannot be started
JackShmReadWritePtr::~JackShmReadWritePtr - Init not done for -1, skipping unlock
JackShmReadWritePtr::~JackShmReadWritePtr - Init not done for -1, skipping unlock
libEGL warning: Not allowed to force software rendering when API explicitly selects a hardware device.
Project: Spring Range (/home/conner/Documents/GitHub/Project-Judas/projects/shooter_game/shooter_game.judasproj)
Scene: Spring Range (/home/conner/Documents/GitHub/Project-Judas/projects/shooter_game/Scenes/range.judas)
World origin (m): 0.000, 0.000, 0.000
ALSA lib confmisc.c:855:(parse_card) [error.core] cannot find card '0'
ALSA lib conf.c:5211:(_snd_config_evaluate) [error.core] function snd_func_card_id returned error: No such file or directory
ALSA lib confmisc.c:422:(snd_func_concat) [error.core] error evaluating strings
ALSA lib conf.c:5211:(_snd_config_evaluate) [error.core] function snd_func_concat returned error: No such file or directory
ALSA lib confmisc.c:1342:(snd_func_refer) [error.core] error evaluating name
ALSA lib conf.c:5211:(_snd_config_evaluate) [error.core] function snd_func_refer returned error: No such file or directory
ALSA lib conf.c:5734:(snd_config_expand) [error.core] Evaluate error: No such file or directory
ALSA lib pcm.c:2722:(snd_pcm_open_noupdate) [error.pcm] Unknown PCM dmix
ALSA lib confmisc.c:855:(parse_card) [error.core] cannot find card '0'
ALSA lib conf.c:5211:(_snd_config_evaluate) [error.core] function snd_func_card_id returned error: No such file or directory
ALSA lib confmisc.c:422:(snd_func_concat) [error.core] error evaluating strings
ALSA lib conf.c:5211:(_snd_config_evaluate) [error.core] function snd_func_concat returned error: No such file or directory
ALSA lib confmisc.c:1342:(snd_func_refer) [error.core] error evaluating name
ALSA lib conf.c:5211:(_snd_config_evaluate) [error.core] function snd_func_refer returned error: No such file or directory
ALSA lib conf.c:5734:(snd_config_expand) [error.core] Evaluate error: No such file or directory
ALSA lib pcm.c:2722:(snd_pcm_open_noupdate) [error.pcm] Unknown PCM dmix:0
ALSA lib confmisc.c:855:(parse_card) [error.core] cannot find card '0'
ALSA lib conf.c:5211:(_snd_config_evaluate) [error.core] function snd_func_card_id returned error: No such file or directory
ALSA lib confmisc.c:422:(snd_func_concat) [error.core] error evaluating strings
ALSA lib conf.c:5211:(_snd_config_evaluate) [error.core] function snd_func_concat returned error: No such file or directory
ALSA lib confmisc.c:1342:(snd_func_refer) [error.core] error evaluating name
ALSA lib conf.c:5211:(_snd_config_evaluate) [error.core] function snd_func_refer returned error: No such file or directory
ALSA lib conf.c:5734:(snd_config_expand) [error.core] Evaluate error: No such file or directory
ALSA lib pcm.c:2722:(snd_pcm_open_noupdate) [error.pcm] Unknown PCM dmix:0,0
ALSA lib confmisc.c:165:(snd_config_get_card) [error.core] Cannot get card index for 0
ALSA lib confmisc.c:165:(snd_config_get_card) [error.core] Cannot get card index for 0
ALSA lib confmisc.c:165:(snd_config_get_card) [error.core] Cannot get card index for 0
Cannot connect to server socket err = Operation not permitted
Cannot connect to server request channel
jack server is not running or cannot be started
JackShmReadWritePtr::~JackShmReadWritePtr - Init not done for -1, skipping unlock
JackShmReadWritePtr::~JackShmReadWritePtr - Init not done for -1, skipping unlock
PASS ordinary integration project
PASS profiled project scripts remain fault-free
PASS profiled liquid path retains accepted solve behaviour
PASS real outer application lifecycle
PASS same actual fixed-step input count for every mode
M56 shooter_game trial 1 mode 0 outer interval incl collection/swap median 18.62588 p95 21.57995 max 30.31077 ms
M56 shooter_game trial 1 mode 0 fixed median 1.27967 p95 1.88656 max 2.15961 ms
M56 shooter_game trial 1 mode 0 profiler UI median 0.00000 p95 0.00000 max 0.00000 ms
PASS ordinary integration project
PASS profiled project scripts remain fault-free
PASS profiled liquid path retains accepted solve behaviour
PASS real outer application lifecycle
PASS same actual fixed-step input count for every mode
PASS capture/UI do not alter deterministic physics and script state
M56 shooter_game trial 2 mode 1 outer interval incl collection/swap median 18.68212 p95 21.08708 max 22.23684 ms
M56 shooter_game trial 2 mode 1 fixed median 1.37545 p95 1.95911 max 2.99988 ms
M56 shooter_game trial 2 mode 1 profiler UI median 0.00000 p95 0.00000 max 0.00000 ms
PASS outer frames contain fixed identities and completed delayed GPU results
PASS submission counters describe each frame rather than cumulative standalone totals
PASS bounded structured integration capture
M56 capacity 70652144 bytes drops 0 truncated 0 GPU dropped 0
PASS ordinary integration project
PASS profiled project scripts remain fault-free
PASS profiled liquid path retains accepted solve behaviour
PASS real outer application lifecycle
PASS same actual fixed-step input count for every mode
PASS live profiler inspection releases cursor while fixed simulation continues
PASS editor cursor routing preserves script pointer-capture intent
PASS capture/UI do not alter deterministic physics and script state
M56 shooter_game trial 3 mode 2 outer interval incl collection/swap median 21.54953 p95 23.57841 max 27.28115 ms
M56 shooter_game trial 3 mode 2 fixed median 1.33890 p95 1.72085 max 2.00329 ms
M56 shooter_game trial 3 mode 2 profiler UI median 0.75363 p95 0.99028 max 1.28259 ms
PASS outer frames contain fixed identities and completed delayed GPU results
PASS submission counters describe each frame rather than cumulative standalone totals
PASS bounded structured integration capture
M56 capacity 70652776 bytes drops 0 truncated 0 GPU dropped 0
PASS ordinary integration project
PASS profiled project scripts remain fault-free
PASS profiled liquid path retains accepted solve behaviour
PASS real outer application lifecycle
PASS same actual fixed-step input count for every mode
PASS capture/UI do not alter deterministic physics and script state
M56 shooter_game trial 4 mode 1 outer interval incl collection/swap median 17.92012 p95 19.35401 max 22.02801 ms
M56 shooter_game trial 4 mode 1 fixed median 1.29808 p95 1.83703 max 2.27057 ms
M56 shooter_game trial 4 mode 1 profiler UI median 0.00000 p95 0.00000 max 0.00000 ms
PASS outer frames contain fixed identities and completed delayed GPU results
PASS submission counters describe each frame rather than cumulative standalone totals
M56 capacity 70652776 bytes drops 0 truncated 0 GPU dropped 0
PASS ordinary integration project
PASS profiled project scripts remain fault-free
PASS profiled liquid path retains accepted solve behaviour
PASS real outer application lifecycle
PASS same actual fixed-step input count for every mode
PASS capture/UI do not alter deterministic physics and script state
M56 shooter_game trial 5 mode 0 outer interval incl collection/swap median 18.12690 p95 20.47155 max 21.80286 ms
M56 shooter_game trial 5 mode 0 fixed median 1.27162 p95 1.82727 max 2.47238 ms
M56 shooter_game trial 5 mode 0 profiler UI median 0.00000 p95 0.00000 max 0.00000 ms
PASS ordinary integration project
PASS profiled project scripts remain fault-free
PASS profiled liquid path retains accepted solve behaviour
PASS real outer application lifecycle
PASS same actual fixed-step input count for every mode
PASS live profiler inspection releases cursor while fixed simulation continues
PASS editor cursor routing preserves libEGL warning: Not allowed to force software rendering when API explicitly selects a hardware device.
Project: Dynamic Liquid Surface Lab (/home/conner/Documents/GitHub/Project-Judas/projects/liquid_surface_demo/liquid_surface_demo.judasproj)
Scene: Dynamic Surface / Flat Pool (/home/conner/Documents/GitHub/Project-Judas/projects/liquid_surface_demo/Scenes/lab.judas)
World origin (m): 1000000000000.000, -2000000000000.000, 3000000000000.000
libEGL warning: Not allowed to force software rendering when API explicitly selects a hardware device.
Project: Dynamic Liquid Surface Lab (/home/conner/Documents/GitHub/Project-Judas/projects/liquid_surface_demo/liquid_surface_demo.judasproj)
Scene: Dynamic Surface / Flat Pool (/home/conner/Documents/GitHub/Project-Judas/projects/liquid_surface_demo/Scenes/lab.judas)
World origin (m): 1000000000000.000, -2000000000000.000, 3000000000000.000
libEGL warning: Not allowed to force software rendering when API explicitly selects a hardware device.
Project: Dynamic Liquid Surface Lab (/home/conner/Documents/GitHub/Project-Judas/projects/liquid_surface_demo/liquid_surface_demo.judasproj)
Scene: Dynamic Surface / Flat Pool (/home/conner/Documents/GitHub/Project-Judas/projects/liquid_surface_demo/Scenes/lab.judas)
World origin (m): 1000000000000.000, -2000000000000.000, 3000000000000.000
libEGL warning: Not allowed to force software rendering when API explicitly selects a hardware device.
Project: Dynamic Liquid Surface Lab (/home/conner/Documents/GitHub/Project-Judas/projects/liquid_surface_demo/liquid_surface_demo.judasproj)
Scene: Dynamic Surface / Flat Pool (/home/conner/Documents/GitHub/Project-Judas/projects/liquid_surface_demo/Scenes/lab.judas)
World origin (m): 1000000000000.000, -2000000000000.000, 3000000000000.000
libEGL warning: Not allowed to force software rendering when API explicitly selects a hardware device.
Project: Dynamic Liquid Surface Lab (/home/conner/Documents/GitHub/Project-Judas/projects/liquid_surface_demo/liquid_surface_demo.judasproj)
Scene: Dynamic Surface / Flat Pool (/home/conner/Documents/GitHub/Project-Judas/projects/liquid_surface_demo/Scenes/lab.judas)
World origin (m): 1000000000000.000, -2000000000000.000, 3000000000000.000
script pointer-capture intent
PASS capture/UI do not alter deterministic physics and script state
M56 shooter_game trial 6 mode 2 outer interval incl collection/swap median 22.03031 p95 26.18908 max 28.94459 ms
M56 shooter_game trial 6 mode 2 fixed median 1.33313 p95 1.86698 max 2.50803 ms
M56 shooter_game trial 6 mode 2 profiler UI median 0.75642 p95 1.18603 max 1.30081 ms
PASS outer frames contain fixed identities and completed delayed GPU results
PASS submission counters describe each frame rather than cumulative standalone totals
M56 capacity 70653000 bytes drops 0 truncated 0 GPU dropped 0
PASS ordinary integration project
PASS profiled project scripts remain fault-free
PASS profiled liquid path retains accepted solve behaviour
PASS real outer application lifecycle
PASS same actual fixed-step input count for every mode
M56 liquid_surface_demo trial 1 mode 0 outer interval incl collection/swap median 38.44237 p95 42.21170 max 57.86103 ms
M56 liquid_surface_demo trial 1 mode 0 fixed median 4.95072 p95 6.65860 max 10.11985 ms
M56 liquid_surface_demo trial 1 mode 0 profiler UI median 0.00000 p95 0.00000 max 0.00000 ms
PASS ordinary integration project
PASS profiled project scripts remain fault-free
PASS profiled liquid path retains accepted solve behaviour
PASS real outer application lifecycle
PASS same actual fixed-step input count for every mode
PASS capture/UI do not alter deterministic physics and script state
M56 liquid_surface_demo trial 2 mode 1 outer interval incl collection/swap median 38.53660 p95 46.08279 max 64.80827 ms
M56 liquid_surface_demo trial 2 mode 1 fixed median 5.18473 p95 7.19246 max 8.99460 ms
M56 liquid_surface_demo trial 2 mode 1 profiler UI median 0.00000 p95 0.00000 max 0.00000 ms
PASS outer frames contain fixed identities and completed delayed GPU results
PASS moving storage is distinguishable from water presentation
PASS submission counters describe each frame rather than cumulative standalone totals
PASS bounded structured integration capture
M56 capacity 70789984 bytes drops 0 truncated 0 GPU dropped 0
PASS ordinary integration project
PASS profiled project scripts remain fault-free
PASS profiled liquid path retains accepted solve behaviour
PASS real outer application lifecycle
PASS same actual fixed-step input count for every mode
PASS live profiler inspection releases cursor while fixed simulation continues
PASS editor cursor routing preserves script pointer-capture intent
PASS capture/UI do not alter deterministic physics and script state
M56 liquid_surface_demo trial 3 mode 2 outer interval incl collection/swap median 40.76722 p95 43.88018 max 57.83837 ms
M56 liquid_surface_demo trial 3 mode 2 fixed median 4.99403 p95 6.65568 max 8.11734 ms
M56 liquid_surface_demo trial 3 mode 2 profiler UI median 0.68290 p95 1.03977 max 1.17464 ms
PASS outer frames contain fixed identities and completed delayed GPU results
PASS moving storage is distinguishable from water presentation
PASS submission counters describe each frame rather than cumulative standalone totals
PASS bounded structured integration capture
M56 capacity 70791952 bytes drops 0 truncated 0 GPU dropped 0
PASS ordinary integration project
PASS profiled project scripts remain fault-free
PASS profiled liquid path retains accepted solve behaviour
PASS real outer application lifecycle
PASS same actual fixed-step input count for every mode
PASS capture/UI do not alter deterministic physics and script state
M56 liquid_surface_demo trial 4 mode 1 outer interval incl collection/swap median 37.86839 p95 42.67570 max 56.26700 ms
M56 liquid_surface_demo trial 4 mode 1 fixed median 5.11330 p95 6.64419 max 7.58645 ms
M56 liquid_surface_demo trial 4 mode 1 profiler UI median 0.00000 p95 0.00000 max 0.00000 ms
PASS outer frames contain fixed identities and completed delayed GPU results
PASS moving storage is distinguishable from water presentation
PASS submission counters describe each frame rather than cumulative standalone totals
M56 capacity 70791816 bytes drops 0 truncated 0 GPU dropped 0
PASS ordinary integration project
PASS profiled projectlibEGL warning: Not allowed to force software rendering when API explicitly selects a hardware device.
Project: Dynamic Liquid Surface Lab (/home/conner/Documents/GitHub/Project-Judas/projects/liquid_surface_demo/liquid_surface_demo.judasproj)
Scene: Dynamic Surface / Flat Pool (/home/conner/Documents/GitHub/Project-Judas/projects/liquid_surface_demo/Scenes/lab.judas)
World origin (m): 1000000000000.000, -2000000000000.000, 3000000000000.000
 scripts remain fault-free
PASS profiled liquid path retains accepted solve behaviour
PASS real outer application lifecycle
PASS same actual fixed-step input count for every mode
PASS capture/UI do not alter deterministic physics and script state
M56 liquid_surface_demo trial 5 mode 0 outer interval incl collection/swap median 37.82100 p95 41.43554 max 54.22751 ms
M56 liquid_surface_demo trial 5 mode 0 fixed median 4.93869 p95 7.02651 max 7.38195 ms
M56 liquid_surface_demo trial 5 mode 0 profiler UI median 0.00000 p95 0.00000 max 0.00000 ms
PASS ordinary integration project
PASS profiled project scripts remain fault-free
PASS profiled liquid path retains accepted solve behaviour
PASS real outer application lifecycle
PASS same actual fixed-step input count for every mode
PASS live profiler inspection releases cursor while fixed simulation continues
PASS editor cursor routing preserves script pointer-capture intent
PASS capture/UI do not alter deterministic physics and script state
M56 liquid_surface_demo trial 6 mode 2 outer interval incl collection/swap median 40.76097 p95 43.90884 max 60.36915 ms
M56 liquid_surface_demo trial 6 mode 2 fixed median 4.71494 p95 6.57336 max 8.59532 ms
M56 liquid_surface_demo trial 6 mode 2 profiler UI median 0.67970 p95 1.04560 max 1.31846 ms
PASS outer frames contain fixed identities and completed delayed GPU results
PASS moving storage is distinguishable from water presentation
PASS submission counters describe each frame rather than cumulative standalone totals
M56 capacity 70791952 bytes drops 0 truncated 0 GPU dropped 0
PASS captured workload actually acquires liquid through physical bucket opening
M56 application 103 checks 0 failures
