A: box resting on a large flat box (30 s after 2 s settle)
    mu 0.8: drift 0.000000 m (0.0000 mm/s), spin 0.000000 rad, rest gap 0.50000 m, max speed 0.000001 m/s | rotated universe: drift 0.000000 m, spin 0.000000 rad, gap 0.50000 m
  OK   resting box state stays finite
  OK   resting box drifts less than 1 mm in 30 s (M29 measured ~5 mm/s)
  OK   resting box does not develop a spin
  OK   rest height is the half-height within the penetration slop
  OK   rotated universe rests identically
    mu 0.3: drift 0.000000 m (0.0000 mm/s), spin 0.000000 rad, rest gap 0.50000 m, max speed 0.000001 m/s | rotated universe: drift 0.000000 m, spin 0.000000 rad, gap 0.50000 m
  OK   resting box state stays finite
  OK   resting box drifts less than 1 mm in 30 s (M29 measured ~5 mm/s)
  OK   resting box does not develop a spin
  OK   rest height is the half-height within the penetration slop
  OK   rotated universe rests identically
B: five-box stack (20 s after 2 s settle)
    top drift 0.000747 m, max lateral offset 0.006261 m, max height error 0.01156 m, final max speed 0.000002 m/s | rotated: 0.000226 / 0.004636 / 0.01095 / 0.000001
  OK   stack stays finite
  OK   top of the stack drifts less than 2 mm in 20 s
  OK   stack stays aligned (landing offset < 1 cm)
  OK   stack does not sink or inflate
  OK   stack is at rest
C: sphere resting on a flat box (30 s)
    drift 0.0000000 m, gap 0.50000 m, speed 0.0000000 m/s, angular 0.0000000 rad/s
  OK   resting sphere neither rolls (beyond float resolution) nor sinks
    drift 0.0000000 m, gap 0.50000 m, speed 0.0000105 m/s, angular 0.0000212 rad/s
  OK   resting sphere neither rolls (beyond float resolution) nor sinks
D: static and kinetic friction on a 20-degree incline
    mu 0.8: creep 0.000000 m in 10 s (rotated 0.000000 m); mu 0.1: a = 2.4334 m/s^2 (rotated 2.4334), analytic 2.4334
  OK   static friction holds a box on a slope below its friction angle (< 2 mm in 10 s)
  OK   kinetic friction slide acceleration matches g(sin - mu cos) within 5%
E: box carried by a moving platform (frictionless floor, 5 s)
    platform travelled 10.000 m, box relative drift 0.000002 m
  OK   a resting box rides a moving support without slipping
    platform travelled 42.587 m, box relative drift 0.001526 m
  OK   a resting box rides a moving support without slipping
F: restitution of a dropped sphere
    e 0.0: impact 6.376 m/s, rebound 0.000 m/s (ratio 0.000)
  OK   zero restitution does not bounce
    e 0.0: impact 6.377 m/s, rebound 0.000 m/s (ratio 0.000)
  OK   zero restitution does not bounce
    e 0.5: impact 6.376 m/s, rebound 3.270 m/s (ratio 0.513)
  OK   rebound ratio matches restitution
    e 0.5: impact 6.377 m/s, rebound 3.270 m/s (ratio 0.513)
  OK   rebound ratio matches restitution
G: 40-body pile in a static bin: finite, no mechanical-energy gain
terminate called after throwing an instance of 'std::runtime_error'
  what():  impact advancement exhausted a=10 b=27 start=0.0058376229571877707 time=0.006449556216889551 previous=0.0064493599277831879 finish=0.01666666753590107 speed=2.845184439625521 angular=2.0851360681696356 gap=2.1369499836332295e-07 normal=0.711611403431052,-0.63245792546370494,0.3059512755734729 shape=1 radius=0 half=0.25,0.20000000298023224,0.30000001192092896 p=0.14006061851978302,0.19939130544662476,-1.3123735189437866 q=0.64982849359512329,-0.00031293023494072258,0.76008081436157227,1.8662727597984485e-05 v=4.5812506868969649e-05,8.3594986790558323e-06,2.0306957594584674e-05 w=-1.815730138332583e-05,2.5286070012953132e-05,-1.8452767108101398e-05 shape=1 radius=0 half=0.25,0.20000000298023224,0.30000001192092896 p=-0.47509637475013733,0.51500266790390015,-1.6029477119445801 q=0.36233994364738464,0.56904572248458862,-0.15235267579555511,0.7222779393196106 v=0.075823336839675903,-0.11128351092338562,-0.74800735712051392 w=-4.2971363067626953,-0.3700186014175415,-1.9958192110061646 segment=0.0054012637701817022,0.01666666753590107 sv=4.5812506868969649e-05,8.3594986790558323e-06,2.0306957594584674e-05 sw=-1.815730138332583e-05,2.5286070012953132e-05,-1.8452767108101398e-05 futurep=0.14006061851978302,0.19939130544662476,-1.3123735189437866 futureq=0.64982849359512329,-0.00031293023494072258,0.76008081436157227,1.8662598449736834e-05 segment=0.0058376229571877707,0.01666666753590107 sv=0.075823336839675903,-0.11128351092338562,-0.74800735712051392 sw=-4.2971363067626953,-0.3700186014175415,-1.9958192110061646 futurep=-0.47509562969207764,0.51500153541564941,-1.6029551029205322 futureq=0.36235910654067993,0.5690351128578186,-0.1523435115814209,0.7222786545753479 planeAdvance=2.2905980987990429e-07
