{"kind":"isolated","axis":0,"sign":-1,"translated":false,"e":0,"step":1,"initial_gap":0.00099998712539672852,"expected_gap":0,"actual_gap":0,"velocity":0,"position_tolerance":1.9999999999999999e-06}
{"kind":"isolated","axis":0,"sign":-1,"translated":false,"e":0,"step":120,"initial_gap":0.00099998712539672852,"expected_gap":0,"actual_gap":0,"velocity":0,"position_tolerance":1.9999999999999999e-06}
{"kind":"case","name":"isolated","case":1,"pass":true,"contacts":1,"impactSafetyFallback":0,"impactEventCapFallback":0}
{"kind":"isolated","axis":0,"sign":-1,"translated":false,"e":0.5,"step":1,"initial_gap":0.00099998712539672852,"expected_gap":0.0078333402052521706,"actual_gap":0.0078333616256713867,"velocity":0.5,"position_tolerance":1.9999999999999999e-06}
{"kind":"case","name":"isolated","case":2,"pass":true,"contacts":0,"impactSafetyFallback":0,"impactEventCapFallback":0}
{"kind":"isolated","axis":0,"sign":-1,"translated":true,"e":0,"step":1,"initial_gap":0.001007080078125,"expected_gap":0,"actual_gap":0,"velocity":0,"position_tolerance":0.00013265338134765624}
{"kind":"isolated","axis":0,"sign":-1,"translated":true,"e":0,"step":120,"initial_gap":0.001007080078125,"expected_gap":0,"actual_gap":0,"velocity":0,"position_tolerance":0.00013265338134765624}
{"kind":"case","name":"isolated","case":3,"pass":true,"contacts":1,"impactSafetyFallback":0,"impactEventCapFallback":0}
{"kind":"isolated","axis":0,"sign":-1,"translated":true,"e":0.5,"step":1,"initial_gap":0.001007080078125,"expected_gap":0.0078297937288880348,"actual_gap":0.0078277587890625,"velocity":0.5,"position_tolerance":0.00013265338134765624}
{"kind":"case","name":"isolated","case":4,"pass":true,"contacts":0,"impactSafetyFallback":0,"impactEventCapFallback":0}
{"kind":"isolated","axis":0,"sign":1,"translated":false,"e":0,"step":1,"initial_gap":0.00099998712539672852,"expected_gap":0,"actual_gap":0,"velocity":0,"position_tolerance":1.9999999999999999e-06}
{"kind":"isolated","axis":0,"sign":1,"translated":false,"e":0,"step":120,"initial_gap":0.00099998712539672852,"expected_gap":0,"actual_gap":0,"velocity":0,"position_tolerance":1.9999999999999999e-06}
{"kind":"case","name":"isolated","case":5,"pass":true,"contacts":1,"impactSafetyFallback":0,"impactEventCapFallback":0}
{"kind":"isolated","axis":0,"sign":1,"translated":false,"e":0.5,"step":1,"initial_gap":0.00099998712539672852,"expected_gap":0.0078333402052521706,"actual_gap":0.0078333616256713867,"velocity":0.5,"position_tolerance":1.9999999999999999e-06}
{"kind":"case","name":"isolated","case":6,"pass":true,"contacts":0,"impactSafetyFallback":0,"impactEventCapFallback":0}
{"kind":"isolated","axis":0,"sign":1,"translated":true,"e":0,"step":1,"initial_gap":0.001007080078125,"expected_gap":0,"actual_gap":0,"velocity":0,"position_tolerance":0.00013265338134765624}
{"kind":"isolated","axis":0,"sign":1,"translated":true,"e":0,"step":120,"initial_gap":0.001007080078125,"expected_gap":0,"actual_gap":0,"velocity":0,"position_tolerance":0.00013265338134765624}
{"kind":"case","name":"isolated","case":7,"pass":true,"contacts":1,"impactSafetyFallback":0,"impactEventCapFallback":0}
{"kind":"isolated","axis":0,"sign":1,"translated":true,"e":0.5,"step":1,"initial_gap":0.001007080078125,"expected_gap":0.0078297937288880348,"actual_gap":0.0078277587890625,"velocity":0.5,"position_tolerance":0.00013265338134765624}
{"kind":"case","name":"isolated","case":8,"pass":true,"contacts":0,"impactSafetyFallback":0,"impactEventCapFallback":0}
{"kind":"isolated","axis":1,"sign":-1,"translated":false,"e":0,"step":1,"initial_gap":0.00099998712539672852,"expected_gap":0,"actual_gap":0,"velocity":0,"position_tolerance":1.9999999999999999e-06}
{"kind":"isolated","axis":1,"sign":-1,"translated":false,"e":0,"step":120,"initial_gap":0.00099998712539672852,"expected_gap":0,"actual_gap":0,"velocity":0,"position_tolerance":1.9999999999999999e-06}
{"kind":"case","name":"isolated","case":9,"pass":true,"contacts":1,"impactSafetyFallback":0,"impactEventCapFallback":0}
{"kind":"isolated","axis":1,"sign":-1,"translated":false,"e":0.5,"step":1,"initial_gap":0.00099998712539672852,"expected_gap":0.0078333402052521706,"actual_gap":0.0078333616256713867,"velocity":0.5,"position_tolerance":1.9999999999999999e-06}
{"kind":"case","name":"isolated","case":10,"pass":true,"contacts":0,"impactSafetyFallback":0,"impactEventCapFallback":0}
{"kind":"isolated","axis":1,"sign":-1,"translated":true,"e":0,"step":1,"initial_gap":0.00099945068359375,"expected_gap":0,"actual_gap":0,"velocity":0,"position_tolerance":0.00013265338134765624}
{"kind":"isolated","axis":1,"sign":-1,"translated":true,"e":0,"step":120,"initial_gap":0.00099945068359375,"expected_gap":0,"actual_gap":0,"velocity":0,"position_tolerance":0.00013265338134765624}
{"kind":"case","name":"isolated","case":11,"pass":true,"contacts":1,"impactSafetyFallback":0,"impactEventCapFallback":0}
{"kind":"isolated","axis":1,"sign":-1,"translated":true,"e":0.5,"step":1,"initial_gap":0.00099945068359375,"expected_gap":0.0078336084261536598,"actual_gap":0.00783538818359375,"velocity":0.5,"position_tolerance":0.00013265338134765624}
{"kind":"case","name":"isolated","case":12,"pass":true,"contacts":0,"impactSafetyFallback":0,"impactEventCapFallback":0}
{"kind":"isolated","axis":1,"sign":1,"translated":false,"e":0,"step":1,"initial_gap":0.00099998712539672852,"expected_gap":0,"actual_gap":0,"velocity":0,"position_tolerance":1.9999999999999999e-06}
{"kind":"isolated","axis":1,"sign":1,"translated":false,"e":0,"step":120,"initial_gap":0.00099998712539672852,"expected_gap":0,"actual_gap":0,"velocity":0,"position_tolerance":1.9999999999999999e-06}
{"kind":"case","name":"isolated","case":13,"pass":true,"contacts":1,"impactSafetyFallback":0,"impactEventCapFallback":0}
{"kind":"isolated","axis":1,"sign":1,"translated":false,"e":0.5,"step":1,"initial_gap":0.00099998712539672852,"expected_gap":0.0078333402052521706,"actual_gap":0.0078333616256713867,"velocity":0.5,"position_tolerance":1.9999999999999999e-06}
{"kind":"case","name":"isolated","case":14,"pass":true,"contacts":0,"impactSafetyFallback":0,"impactEventCapFallback":0}
{"kind":"isolated","axis":1,"sign":1,"translated":true,"e":0,"step":1,"initial_gap":0.00099945068359375,"expected_gap":0,"actual_gap":0,"velocity":0,"position_tolerance":0.00013265338134765624}
{"kind":"isolated","axis":1,"sign":1,"translated":true,"e":0,"step":120,"initial_gap":0.00099945068359375,"expected_gap":0,"actual_gap":0,"velocity":0,"position_tolerance":0.00013265338134765624}
{"kind":"case","name":"isolated","case":15,"pass":true,"contacts":1,"impactSafetyFallback":0,"impactEventCapFallback":0}
{"kind":"isolated","axis":1,"sign":1,"translated":true,"e":0.5,"step":1,"initial_gap":0.00099945068359375,"expected_gap":0.0078336084261536598,"actual_gap":0.00783538818359375,"velocity":0.5,"position_tolerance":0.00013265338134765624}
{"kind":"case","name":"isolated","case":16,"pass":true,"contacts":0,"impactSafetyFallback":0,"impactEventCapFallback":0}
{"kind":"isolated","axis":2,"sign":-1,"translated":false,"e":0,"step":1,"initial_gap":0.00099998712539672852,"expected_gap":0,"actual_gap":0,"velocity":0,"position_tolerance":1.9999999999999999e-06}
{"kind":"isolated","axis":2,"sign":-1,"translated":false,"e":0,"step":120,"initial_gap":0.00099998712539672852,"expected_gap":0,"actual_gap":0,"velocity":0,"position_tolerance":1.9999999999999999e-06}
{"kind":"case","name":"isolated","case":17,"pass":true,"contacts":1,"impactSafetyFallback":0,"impactEventCapFallback":0}
{"kind":"isolated","axis":2,"sign":-1,"translated":false,"e":0.5,"step":1,"initial_gap":0.00099998712539672852,"expected_gap":0.0078333402052521706,"actual_gap":0.0078333616256713867,"velocity":0.5,"position_tolerance":1.9999999999999999e-06}
{"kind":"case","name":"isolated","case":18,"pass":true,"contacts":0,"impactSafetyFallback":0,"impactEventCapFallback":0}
{"kind":"isolated","axis":2,"sign":-1,"translated":true,"e":0,"step":1,"initial_gap":0.00099945068359375,"expected_gap":0,"actual_gap":0,"velocity":0,"position_tolerance":0.00013265338134765624}
{"kind":"isolated","axis":2,"sign":-1,"translated":true,"e":0,"step":120,"initial_gap":0.00099945068359375,"expected_gap":0,"actual_gap":0,"velocity":0,"position_tolerance":0.00013265338134765624}
{"kind":"case","name":"isolated","case":19,"pass":true,"contacts":1,"impactSafetyFallback":0,"impactEventCapFallback":0}
{"kind":"isolated","axis":2,"sign":-1,"translated":true,"e":0.5,"step":1,"initial_gap":0.00099945068359375,"expected_gap":0.0078336084261536598,"actual_gap":0.00783538818359375,"velocity":0.5,"position_tolerance":0.00013265338134765624}
{"kind":"case","name":"isolated","case":20,"pass":true,"contacts":0,"impactSafetyFallback":0,"impactEventCapFallback":0}
{"kind":"isolated","axis":2,"sign":1,"translated":false,"e":0,"step":1,"initial_gap":0.00099998712539672852,"expected_gap":0,"actual_gap":0,"velocity":0,"position_tolerance":1.9999999999999999e-06}
{"kind":"isolated","axis":2,"sign":1,"translated":false,"e":0,"step":120,"initial_gap":0.00099998712539672852,"expected_gap":0,"actual_gap":0,"velocity":0,"position_tolerance":1.9999999999999999e-06}
{"kind":"case","name":"isolated","case":21,"pass":true,"contacts":1,"impactSafetyFallback":0,"impactEventCapFallback":0}
{"kind":"isolated","axis":2,"sign":1,"translated":false,"e":0.5,"step":1,"initial_gap":0.00099998712539672852,"expected_gap":0.0078333402052521706,"actual_gap":0.0078333616256713867,"velocity":0.5,"position_tolerance":1.9999999999999999e-06}
{"kind":"case","name":"isolated","case":22,"pass":true,"contacts":0,"impactSafetyFallback":0,"impactEventCapFallback":0}
{"kind":"isolated","axis":2,"sign":1,"translated":true,"e":0,"step":1,"initial_gap":0.00099945068359375,"expected_gap":0,"actual_gap":0,"velocity":0,"position_tolerance":0.00013265338134765624}
{"kind":"isolated","axis":2,"sign":1,"translated":true,"e":0,"step":120,"initial_gap":0.00099945068359375,"expected_gap":0,"actual_gap":0,"velocity":0,"position_tolerance":0.00013265338134765624}
{"kind":"case","name":"isolated","case":23,"pass":true,"contacts":1,"impactSafetyFallback":0,"impactEventCapFallback":0}
{"kind":"isolated","axis":2,"sign":1,"translated":true,"e":0.5,"step":1,"initial_gap":0.00099945068359375,"expected_gap":0.0078336084261536598,"actual_gap":0.00783538818359375,"velocity":0.5,"position_tolerance":0.00013265338134765624}
{"kind":"case","name":"isolated","case":24,"pass":true,"contacts":0,"impactSafetyFallback":0,"impactEventCapFallback":0}
{"kind":"energy","order":[0,1,2],"axis":[1,0,0],"boost":[0,0,0],"before":85.5625,"after":84.574845962318378,"gain":-0.9876540376816223,"momentum_residual":2.9802322387695312e-07}
{"kind":"case","name":"energy","case":25,"pass":true,"contacts":2,"impactSafetyFallback":0,"impactEventCapFallback":0}
{"kind":"energy","order":[0,1,2],"axis":[1,0,0],"boost":[2,-1,3],"before":325.6875,"after":324.69984655836481,"gain":-0.98765344163518876,"momentum_residual":2.9802322387695312e-07}
{"kind":"case","name":"energy","case":26,"pass":true,"contacts":2,"impactSafetyFallback":0,"impactEventCapFallback":0}
{"kind":"energy","order":[0,1,2],"axis":[0,1,0],"boost":[0,0,0],"before":85.5625,"after":84.574845962318378,"gain":-0.9876540376816223,"momentum_residual":2.9802322387695312e-07}
{"kind":"case","name":"energy","case":27,"pass":true,"contacts":2,"impactSafetyFallback":0,"impactEventCapFallback":0}
{"kind":"energy","order":[0,1,2],"axis":[0,1,0],"boost":[2,-1,3],"before":176.8125,"after":175.82484567901236,"gain":-0.9876543209876445,"momentum_residual":0}
{"kind":"case","name":"energy","case":28,"pass":true,"contacts":2,"impactSafetyFallback":0,"impactEventCapFallback":0}
{"kind":"energy","order":[0,1,2],"axis":[0,0,-1],"boost":[0,0,0],"before":85.5625,"after":84.574845962318378,"gain":-0.9876540376816223,"momentum_residual":2.9802322387695312e-07}
{"kind":"case","name":"energy","case":29,"pass":true,"contacts":2,"impactSafetyFallback":0,"impactEventCapFallback":0}
{"kind":"energy","order":[0,1,2],"axis":[0,0,-1],"boost":[2,-1,3],"before":77.5625,"after":76.574845068248706,"gain":-0.98765493175129393,"momentum_residual":2.9802322387695312e-07}
{"kind":"case","name":"energy","case":30,"pass":true,"contacts":2,"impactSafetyFallback":0,"impactEventCapFallback":0}
{"kind":"energy","order":[0,2,1],"axis":[1,0,0],"boost":[0,0,0],"before":85.5625,"after":84.574845962318378,"gain":-0.9876540376816223,"momentum_residual":2.9802322387695312e-07}
{"kind":"case","name":"energy","case":31,"pass":true,"contacts":2,"impactSafetyFallback":0,"impactEventCapFallback":0}
{"kind":"energy","order":[0,2,1],"axis":[1,0,0],"boost":[2,-1,3],"before":325.6875,"after":324.69984655836481,"gain":-0.98765344163518876,"momentum_residual":2.9802322387695312e-07}
{"kind":"case","name":"energy","case":32,"pass":true,"contacts":2,"impactSafetyFallback":0,"impactEventCapFallback":0}
{"kind":"energy","order":[0,2,1],"axis":[0,1,0],"boost":[0,0,0],"before":85.5625,"after":84.574845962318378,"gain":-0.9876540376816223,"momentum_residual":2.9802322387695312e-07}
{"kind":"case","name":"energy","case":33,"pass":true,"contacts":2,"impactSafetyFallback":0,"impactEventCapFallback":0}
{"kind":"energy","order":[0,2,1],"axis":[0,1,0],"boost":[2,-1,3],"before":176.8125,"after":175.82484567901236,"gain":-0.9876543209876445,"momentum_residual":0}
{"kind":"case","name":"energy","case":34,"pass":true,"contacts":2,"impactSafetyFallback":0,"impactEventCapFallback":0}
{"kind":"energy","order":[0,2,1],"axis":[0,0,-1],"boost":[0,0,0],"before":85.5625,"after":84.574845962318378,"gain":-0.9876540376816223,"momentum_residual":2.9802322387695312e-07}
{"kind":"case","name":"energy","case":35,"pass":true,"contacts":2,"impactSafetyFallback":0,"impactEventCapFallback":0}
{"kind":"energy","order":[0,2,1],"axis":[0,0,-1],"boost":[2,-1,3],"before":77.5625,"after":76.574845068248706,"gain":-0.98765493175129393,"momentum_residual":2.9802322387695312e-07}
{"kind":"case","name":"energy","case":36,"pass":true,"contacts":2,"impactSafetyFallback":0,"impactEventCapFallback":0}
{"kind":"energy","order":[1,0,2],"axis":[1,0,0],"boost":[0,0,0],"before":85.5625,"after":84.574845962318378,"gain":-0.9876540376816223,"momentum_residual":2.9802322387695312e-07}
{"kind":"case","name":"energy","case":37,"pass":true,"contacts":2,"impactSafetyFallback":0,"impactEventCapFallback":0}
{"kind":"energy","order":[1,0,2],"axis":[1,0,0],"boost":[2,-1,3],"before":325.6875,"after":324.69984655836481,"gain":-0.98765344163518876,"momentum_residual":2.9802322387695312e-07}
{"kind":"case","name":"energy","case":38,"pass":true,"contacts":2,"impactSafetyFallback":0,"impactEventCapFallback":0}
{"kind":"energy","order":[1,0,2],"axis":[0,1,0],"boost":[0,0,0],"before":85.5625,"after":84.574845962318378,"gain":-0.9876540376816223,"momentum_residual":2.9802322387695312e-07}
{"kind":"case","name":"energy","case":39,"pass":true,"contacts":2,"impactSafetyFallback":0,"impactEventCapFallback":0}
{"kind":"energy","order":[1,0,2],"axis":[0,1,0],"boost":[2,-1,3],"before":176.8125,"after":175.82484567901236,"gain":-0.9876543209876445,"momentum_residual":0}
{"kind":"case","name":"energy","case":40,"pass":true,"contacts":2,"impactSafetyFallback":0,"impactEventCapFallback":0}
{"kind":"energy","order":[1,0,2],"axis":[0,0,-1],"boost":[0,0,0],"before":85.5625,"after":84.574845962318378,"gain":-0.9876540376816223,"momentum_residual":2.9802322387695312e-07}
{"kind":"case","name":"energy","case":41,"pass":true,"contacts":2,"impactSafetyFallback":0,"impactEventCapFallback":0}
{"kind":"energy","order":[1,0,2],"axis":[0,0,-1],"boost":[2,-1,3],"before":77.5625,"after":76.574845068248706,"gain":-0.98765493175129393,"momentum_residual":2.9802322387695312e-07}
{"kind":"case","name":"energy","case":42,"pass":true,"contacts":2,"impactSafetyFallback":0,"impactEventCapFallback":0}
{"kind":"energy","order":[1,2,0],"axis":[1,0,0],"boost":[0,0,0],"before":85.5625,"after":84.574845962318378,"gain":-0.9876540376816223,"momentum_residual":2.9802322387695312e-07}
{"kind":"case","name":"energy","case":43,"pass":true,"contacts":2,"impactSafetyFallback":0,"impactEventCapFallback":0}
{"kind":"energy","order":[1,2,0],"axis":[1,0,0],"boost":[2,-1,3],"before":325.6875,"after":324.69984655836481,"gain":-0.98765344163518876,"momentum_residual":2.9802322387695312e-07}
{"kind":"case","name":"energy","case":44,"pass":true,"contacts":2,"impactSafetyFallback":0,"impactEventCapFallback":0}
{"kind":"energy","order":[1,2,0],"axis":[0,1,0],"boost":[0,0,0],"before":85.5625,"after":84.574845962318378,"gain":-0.9876540376816223,"momentum_residual":2.9802322387695312e-07}
{"kind":"case","name":"energy","case":45,"pass":true,"contacts":2,"impactSafetyFallback":0,"impactEventCapFallback":0}
{"kind":"energy","order":[1,2,0],"axis":[0,1,0],"boost":[2,-1,3],"before":176.8125,"after":175.82484567901236,"gain":-0.9876543209876445,"momentum_residual":0}
{"kind":"case","name":"energy","case":46,"pass":true,"contacts":2,"impactSafetyFallback":0,"impactEventCapFallback":0}
{"kind":"energy","order":[1,2,0],"axis":[0,0,-1],"boost":[0,0,0],"before":85.5625,"after":84.574845962318378,"gain":-0.9876540376816223,"momentum_residual":2.9802322387695312e-07}
{"kind":"case","name":"energy","case":47,"pass":true,"contacts":2,"impactSafetyFallback":0,"impactEventCapFallback":0}
{"kind":"energy","order":[1,2,0],"axis":[0,0,-1],"boost":[2,-1,3],"before":77.5625,"after":76.574845068248706,"gain":-0.98765493175129393,"momentum_residual":2.9802322387695312e-07}
{"kind":"case","name":"energy","case":48,"pass":true,"contacts":2,"impactSafetyFallback":0,"impactEventCapFallback":0}
{"kind":"energy","order":[2,0,1],"axis":[1,0,0],"boost":[0,0,0],"before":85.5625,"after":84.574845962318378,"gain":-0.9876540376816223,"momentum_residual":2.9802322387695312e-07}
{"kind":"case","name":"energy","case":49,"pass":true,"contacts":2,"impactSafetyFallback":0,"impactEventCapFallback":0}
{"kind":"energy","order":[2,0,1],"axis":[1,0,0],"boost":[2,-1,3],"before":325.6875,"after":324.69984655836481,"gain":-0.98765344163518876,"momentum_residual":2.9802322387695312e-07}
{"kind":"case","name":"energy","case":50,"pass":true,"contacts":2,"impactSafetyFallback":0,"impactEventCapFallback":0}
{"kind":"energy","order":[2,0,1],"axis":[0,1,0],"boost":[0,0,0],"before":85.5625,"after":84.574845962318378,"gain":-0.9876540376816223,"momentum_residual":2.9802322387695312e-07}
{"kind":"case","name":"energy","case":51,"pass":true,"contacts":2,"impactSafetyFallback":0,"impactEventCapFallback":0}
{"kind":"energy","order":[2,0,1],"axis":[0,1,0],"boost":[2,-1,3],"before":176.8125,"after":175.82484567901236,"gain":-0.9876543209876445,"momentum_residual":0}
{"kind":"case","name":"energy","case":52,"pass":true,"contacts":2,"impactSafetyFallback":0,"impactEventCapFallback":0}
{"kind":"energy","order":[2,0,1],"axis":[0,0,-1],"boost":[0,0,0],"before":85.5625,"after":84.574845962318378,"gain":-0.9876540376816223,"momentum_residual":2.9802322387695312e-07}
{"kind":"case","name":"energy","case":53,"pass":true,"contacts":2,"impactSafetyFallback":0,"impactEventCapFallback":0}
{"kind":"energy","order":[2,0,1],"axis":[0,0,-1],"boost":[2,-1,3],"before":77.5625,"after":76.574845068248706,"gain":-0.98765493175129393,"momentum_residual":2.9802322387695312e-07}
{"kind":"case","name":"energy","case":54,"pass":true,"contacts":2,"impactSafetyFallback":0,"impactEventCapFallback":0}
{"kind":"energy","order":[2,1,0],"axis":[1,0,0],"boost":[0,0,0],"before":85.5625,"after":84.574845962318378,"gain":-0.9876540376816223,"momentum_residual":2.9802322387695312e-07}
{"kind":"case","name":"energy","case":55,"pass":true,"contacts":2,"impactSafetyFallback":0,"impactEventCapFallback":0}
{"kind":"energy","order":[2,1,0],"axis":[1,0,0],"boost":[2,-1,3],"before":325.6875,"after":324.69984655836481,"gain":-0.98765344163518876,"momentum_residual":2.9802322387695312e-07}
{"kind":"case","name":"energy","case":56,"pass":true,"contacts":2,"impactSafetyFallback":0,"impactEventCapFallback":0}
{"kind":"energy","order":[2,1,0],"axis":[0,1,0],"boost":[0,0,0],"before":85.5625,"after":84.574845962318378,"gain":-0.9876540376816223,"momentum_residual":2.9802322387695312e-07}
{"kind":"case","name":"energy","case":57,"pass":true,"contacts":2,"impactSafetyFallback":0,"impactEventCapFallback":0}
{"kind":"energy","order":[2,1,0],"axis":[0,1,0],"boost":[2,-1,3],"before":176.8125,"after":175.82484567901236,"gain":-0.9876543209876445,"momentum_residual":0}
{"kind":"case","name":"energy","case":58,"pass":true,"contacts":2,"impactSafetyFallback":0,"impactEventCapFallback":0}
{"kind":"energy","order":[2,1,0],"axis":[0,0,-1],"boost":[0,0,0],"before":85.5625,"after":84.574845962318378,"gain":-0.9876540376816223,"momentum_residual":2.9802322387695312e-07}
{"kind":"case","name":"energy","case":59,"pass":true,"contacts":2,"impactSafetyFallback":0,"impactEventCapFallback":0}
{"kind":"energy","order":[2,1,0],"axis":[0,0,-1],"boost":[2,-1,3],"before":77.5625,"after":76.574845068248706,"gain":-0.98765493175129393,"momentum_residual":2.9802322387695312e-07}
{"kind":"case","name":"energy","case":60,"pass":true,"contacts":2,"impactSafetyFallback":0,"impactEventCapFallback":0}
{"kind":"chain","axis":0,"sign":-1,"body":0,"x":0.79999995231628418,"v":0}
{"kind":"chain","axis":0,"sign":-1,"body":1,"x":2.5999999046325684,"v":0}
{"kind":"chain","axis":0,"sign":-1,"body":2,"x":4,"v":10}
{"kind":"case","name":"chain","case":61,"pass":true,"contacts":2,"impactSafetyFallback":0,"impactEventCapFallback":0}
{"kind":"chain","axis":0,"sign":1,"body":0,"x":0.79999995231628418,"v":0}
{"kind":"chain","axis":0,"sign":1,"body":1,"x":2.5999999046325684,"v":0}
{"kind":"chain","axis":0,"sign":1,"body":2,"x":4,"v":10}
{"kind":"case","name":"chain","case":62,"pass":true,"contacts":2,"impactSafetyFallback":0,"impactEventCapFallback":0}
{"kind":"chain","axis":1,"sign":-1,"body":0,"x":0.79999995231628418,"v":0}
{"kind":"chain","axis":1,"sign":-1,"body":1,"x":2.5999999046325684,"v":0}
{"kind":"chain","axis":1,"sign":-1,"body":2,"x":4,"v":10}
{"kind":"case","name":"chain","case":63,"pass":true,"contacts":2,"impactSafetyFallback":0,"impactEventCapFallback":0}
{"kind":"chain","axis":1,"sign":1,"body":0,"x":0.79999995231628418,"v":0}
{"kind":"chain","axis":1,"sign":1,"body":1,"x":2.5999999046325684,"v":0}
{"kind":"chain","axis":1,"sign":1,"body":2,"x":4,"v":10}
{"kind":"case","name":"chain","case":64,"pass":true,"contacts":2,"impactSafetyFallback":0,"impactEventCapFallback":0}
{"kind":"chain","axis":2,"sign":-1,"body":0,"x":0.79999995231628418,"v":0}
{"kind":"chain","axis":2,"sign":-1,"body":1,"x":2.5999999046325684,"v":0}
{"kind":"chain","axis":2,"sign":-1,"body":2,"x":4,"v":10}
{"kind":"case","name":"chain","case":65,"pass":true,"contacts":2,"impactSafetyFallback":0,"impactEventCapFallback":0}
{"kind":"chain","axis":2,"sign":1,"body":0,"x":0.79999995231628418,"v":0}
{"kind":"chain","axis":2,"sign":1,"body":1,"x":2.5999999046325684,"v":0}
{"kind":"chain","axis":2,"sign":1,"body":2,"x":4,"v":10}
{"kind":"case","name":"chain","case":66,"pass":true,"contacts":2,"impactSafetyFallback":0,"impactEventCapFallback":0}
{"kind":"touching_chain","body":0,"x":0,"v":0}
{"kind":"touching_chain","body":1,"x":1.5,"v":0}
{"kind":"touching_chain","body":2,"x":4,"v":10}
{"kind":"case","name":"touching_chain","case":67,"pass":true,"contacts":2,"impactSafetyFallback":0,"impactEventCapFallback":0}
{"kind":"thin_obstacle","perpendicular_offset":0,"e":0,"contact_x":0.0012728594010695815,"expected_x":0.0012728594010695815,"actual_x":0.0012728594010695815,"velocity_x":0}
{"kind":"case","name":"thin_obstacle","case":68,"pass":true,"contacts":1,"impactSafetyFallback":0,"impactEventCapFallback":0}
{"kind":"thin_obstacle","perpendicular_offset":0,"e":0.5,"contact_x":0.0012728594010695815,"expected_x":-0.0064240446663461626,"actual_x":-0.0064240447245538235,"velocity_x":-0.5}
{"kind":"case","name":"thin_obstacle","case":69,"pass":true,"contacts":1,"impactSafetyFallback":0,"impactEventCapFallback":0}
{"kind":"thin_obstacle","perpendicular_offset":4096,"e":0,"contact_x":0.0012728594010695815,"expected_x":0.0012728594010695815,"actual_x":0.0012728594010695815,"velocity_x":0}
{"kind":"case","name":"thin_obstacle","case":70,"pass":true,"contacts":1,"impactSafetyFallback":0,"impactEventCapFallback":0}
{"kind":"thin_obstacle","perpendicular_offset":4096,"e":0.5,"contact_x":0.0012728594010695815,"expected_x":-0.0064240446663461626,"actual_x":-0.0064240447245538235,"velocity_x":-0.5}
{"kind":"case","name":"thin_obstacle","case":71,"pass":true,"contacts":1,"impactSafetyFallback":0,"impactEventCapFallback":0}
{"kind":"thin_obstacle","perpendicular_offset":8192,"e":0,"contact_x":0.0012728594010695815,"expected_x":0.0012728594010695815,"actual_x":0.0012728594010695815,"velocity_x":0}
{"kind":"case","name":"thin_obstacle","case":72,"pass":true,"contacts":1,"impactSafetyFallback":0,"impactEventCapFallback":0}
{"kind":"thin_obstacle","perpendicular_offset":8192,"e":0.5,"contact_x":0.0012728594010695815,"expected_x":-0.0064240446663461626,"actual_x":-0.0064240447245538235,"velocity_x":-0.5}
{"kind":"case","name":"thin_obstacle","case":73,"pass":true,"contacts":1,"impactSafetyFallback":0,"impactEventCapFallback":0}
{"kind":"simultaneous","mixed_restitution":false,"before_energy":9,"after_energy":2.4556356947869062e-11,"momentum_residual":0}
{"kind":"case","name":"simultaneous","case":74,"pass":true,"contacts":2,"impactSafetyFallback":0,"impactEventCapFallback":0}
{"kind":"simultaneous","mixed_restitution":true,"before_energy":9,"after_energy":2.4556356947869062e-11,"momentum_residual":0}
{"kind":"case","name":"simultaneous","case":75,"pass":true,"contacts":2,"impactSafetyFallback":0,"impactEventCapFallback":0}
{"kind":"case","name":"persistent_island","case":76,"pass":true,"contacts":3,"impactSafetyFallback":0,"impactEventCapFallback":0}
{"kind":"case","name":"low_speed","case":77,"pass":true,"contacts":1,"impactSafetyFallback":0,"impactEventCapFallback":0}
{"kind":"case","name":"isolated_friction","case":78,"pass":true,"contacts":1,"impactSafetyFallback":0,"impactEventCapFallback":0}
FAIL event-cap fallback is observable
FAIL event cap captures at contact rather than in midair
FAIL event cap is inelastic without tangential damping
{"kind":"event_cap","position":[18,0,0.20000000298023224],"velocity":[100,0,1],"impactSafetyFallback":0,"impactEventCapFallback":0}
{"kind":"case","name":"event_cap","case":79,"pass":false,"contacts":2,"impactSafetyFallback":0,"impactEventCapFallback":0}
{"kind":"corrected_endpoint","initial_x":0.44999998807907104,"current_x":0.47656801342964172,"current_sweep":0.099999956786632538,"end_sweep":0.099999956786632538,"start_sweep":0.12656788527965546}
{"kind":"case","name":"corrected_endpoint","case":80,"pass":true,"contacts":1,"impactSafetyFallback":0,"impactEventCapFallback":0}
{"kind":"case","name":"out_and_back","case":81,"pass":true,"contacts":1,"impactSafetyFallback":0,"impactEventCapFallback":0}
{"kind":"case","name":"anchored_rotation","case":82,"pass":true,"contacts":1,"impactSafetyFallback":0,"impactEventCapFallback":0}
{"kind":"case","name":"anchored_rotation","case":83,"pass":true,"contacts":1,"impactSafetyFallback":0,"impactEventCapFallback":0}
{"kind":"case","name":"anchored_rotation","case":84,"pass":true,"contacts":1,"impactSafetyFallback":0,"impactEventCapFallback":0}
{"kind":"case","name":"anchored_rotation","case":85,"pass":true,"contacts":1,"impactSafetyFallback":0,"impactEventCapFallback":0}
{"kind":"summary","cases":85,"checks":3171,"failures":3,"pass":false}
