[  0%] Built target judas_glad
[  0%] Building CXX object CMakeFiles/judas_engine.dir/src/PlayerController.cpp.o
[  7%] Building CXX object CMakeFiles/judas_engine.dir/src/DynamicBody.cpp.o
[  7%] Building CXX object CMakeFiles/judas_engine.dir/src/StepClimb.cpp.o
[  7%] Building CXX object CMakeFiles/judas_engine.dir/src/FlyingPrimitiveControl.cpp.o
[  7%] Building CXX object CMakeFiles/judas_engine.dir/src/PilotAttachment.cpp.o
[  7%] Building CXX object CMakeFiles/judas_engine.dir/src/PilotControl.cpp.o
[  7%] Building CXX object CMakeFiles/judas_engine.dir/src/ObjectManipulation.cpp.o
[ 15%] Building CXX object CMakeFiles/judas_engine.dir/src/FluidWorld.cpp.o
[ 15%] Building CXX object CMakeFiles/judas_engine.dir/src/ProductionFluidCoupling.cpp.o
[ 15%] Building CXX object CMakeFiles/judas_engine.dir/src/FluidHydrostatics.cpp.o
[ 15%] Building CXX object CMakeFiles/judas_engine.dir/src/CombustionWorld.cpp.o
[ 15%] Building CXX object CMakeFiles/judas_engine.dir/src/Door.cpp.o
[ 15%] Building CXX object CMakeFiles/judas_engine.dir/src/CelestialGravity.cpp.o
[ 23%] Building CXX object CMakeFiles/judas_engine.dir/src/AerodynamicDrag.cpp.o
[ 30%] Building CXX object CMakeFiles/judas_engine.dir/src/WorldDebugView.cpp.o
[ 30%] Building CXX object CMakeFiles/judas_engine.dir/src/RuntimeWorld.cpp.o
[ 30%] Building CXX object CMakeFiles/judas_engine.dir/src/GameSession.cpp.o
[ 30%] Building CXX object CMakeFiles/judas_engine.dir/src/Simulation.cpp.o
[ 30%] Building CXX object CMakeFiles/judas_engine.dir/src/WorldPresentation.cpp.o
[ 38%] Building CXX object CMakeFiles/judas_engine.dir/src/GameplayHud.cpp.o
[ 38%] Building CXX object CMakeFiles/judas_engine.dir/src/InteractivePlay.cpp.o
[ 38%] Building CXX object CMakeFiles/judas_engine.dir/src/CoarseSimulation.cpp.o
[ 46%] Building CXX object CMakeFiles/judas_engine.dir/src/WorldState.cpp.o
[ 46%] Building CXX object CMakeFiles/judas_engine.dir/src/PhysicsWorld.cpp.o
[ 46%] Linking CXX static library libjudas_engine.a
[100%] Built target judas_engine
[100%] Building CXX object CMakeFiles/judas_production_fluid_tests.dir/tests/ProductionFluidTests.cpp.o
[100%] Linking CXX executable judas_production_fluid_tests
[100%] Built target judas_production_fluid_tests
[ 33%] Building CXX object CMakeFiles/judas_fluid_rigid_coupling_tests.dir/src/DynamicBody.cpp.o
[ 33%] Building CXX object CMakeFiles/judas_fluid_rigid_coupling_tests.dir/src/PhysicsWorld.cpp.o
[ 66%] Building CXX object CMakeFiles/judas_fluid_rigid_coupling_tests.dir/src/ObjectManipulation.cpp.o
[ 66%] Building CXX object CMakeFiles/judas_fluid_rigid_coupling_tests.dir/src/FluidWorld.cpp.o
[ 66%] Building CXX object CMakeFiles/judas_fluid_rigid_coupling_tests.dir/tests/FluidRigidCouplingTests.cpp.o
[ 66%] Linking CXX executable judas_fluid_rigid_coupling_tests
[100%] Built target judas_fluid_rigid_coupling_tests
