Filled compound body on ordinary ground
  OK   one dynamic body has a bottom and four open walls
    100 particles, 180 steps: 307.3 ms total, 1.707 ms/step; contacts 57712; escaped 0; max cup displacement 0.0000 m; lowest -0.2920 m
  OK   filled fluid stays inside the upright geometric vessel
  OK   fluid does not pass through dynamic bottom
  OK   loaded dynamic vessel stays on ground
  OK   coupled contact preserves fluid mass
Live-sized resting cup, 3 s and 10 s diagnostics (measurement only)
    moving cup, smoothing .015 at  3 s: energy 0.7419 J, rms 0.3082 m/s, max 1.0944 m/s, COM drift 0.0885 m, cup drift 0.0000 m (local x 0.0000 m), cup speed 0.0206 m/s, cup spin 0.0069 rad/s, empty drift 0.0000 m, speed 0.0000 m/s, spin 0.0000 rad/s (local x 0.0000 m), over-density 0.25%
    moving cup, smoothing .015 at 10 s: energy 1.0625 J, rms 0.3688 m/s, max 1.3122 m/s, COM drift 0.0919 m, cup drift 0.0000 m (local x 0.0000 m), cup speed 0.0232 m/s, cup spin 0.0212 rad/s, empty drift 0.0000 m, speed 0.0000 m/s, spin 0.0000 rad/s (local x 0.0000 m), over-density 0.37%
    moving cup, smoothing .015 final-second mean energy 0.7114 J
  OK   resting-fluid measurement preserves the live demo's 125 particle masses
    frozen cup, smoothing .015 at  3 s: energy 1.0488 J, rms 0.3664 m/s, max 1.5607 m/s, COM drift 0.0896 m, cup drift 0.0000 m (local x 0.0000 m), cup speed 0.0000 m/s, cup spin 0.0000 rad/s, empty drift 0.0000 m, speed 0.0000 m/s, spin 0.0000 rad/s (local x 0.0000 m), over-density 0.30%
    frozen cup, smoothing .015 at 10 s: energy 0.8466 J, rms 0.3292 m/s, max 0.9446 m/s, COM drift 0.0895 m, cup drift 0.0000 m (local x 0.0000 m), cup speed 0.0000 m/s, cup spin 0.0000 rad/s, empty drift 0.0000 m, speed 0.0000 m/s, spin 0.0000 rad/s (local x 0.0000 m), over-density 0.28%
    frozen cup, smoothing .015 final-second mean energy 1.0316 J
  OK   resting-fluid measurement preserves the live demo's 125 particle masses
    moving cup, smoothing .150 at  3 s: energy 0.0004 J, rms 0.0072 m/s, max 0.0294 m/s, COM drift 0.0914 m, cup drift 0.0000 m (local x 0.0000 m), cup speed 0.0213 m/s, cup spin 0.0012 rad/s, empty drift 0.0000 m, speed 0.0000 m/s, spin 0.0000 rad/s (local x 0.0000 m), over-density 0.14%
    moving cup, smoothing .150 at 10 s: energy 0.0001 J, rms 0.0030 m/s, max 0.0073 m/s, COM drift 0.0914 m, cup drift 0.0000 m (local x 0.0000 m), cup speed 0.0213 m/s, cup spin 0.0011 rad/s, empty drift 0.0000 m, speed 0.0000 m/s, spin 0.0000 rad/s (local x 0.0000 m), over-density 0.14%
    moving cup, smoothing .150 final-second mean energy 0.0001 J
  OK   resting-fluid measurement preserves the live demo's 125 particle masses
    radial cups, smoothing .150 at  3 s: energy 0.0031 J, rms 0.0198 m/s, max 0.1042 m/s, COM drift 0.0912 m, cup drift 0.0000 m (local x 0.0000 m), cup speed 0.0212 m/s, cup spin 0.0009 rad/s, empty drift 0.0000 m, speed 0.0000 m/s, spin 0.0000 rad/s (local x 0.0000 m), over-density 0.16%
    radial cups, smoothing .150 at 10 s: energy 0.0003 J, rms 0.0063 m/s, max 0.0436 m/s, COM drift 0.0912 m, cup drift 0.0000 m (local x 0.0000 m), cup speed 0.0213 m/s, cup spin 0.0007 rad/s, empty drift 0.0000 m, speed 0.0000 m/s, spin 0.0000 rad/s (local x 0.0000 m), over-density 0.16%
    radial cups, smoothing .150 final-second mean energy 0.0002 J
  OK   resting-fluid measurement preserves the live demo's 125 particle masses
    radial cups, friction 2.0 at  3 s: energy 0.0031 J, rms 0.0198 m/s, max 0.1042 m/s, COM drift 0.0912 m, cup drift 0.0000 m (local x 0.0000 m), cup speed 0.0212 m/s, cup spin 0.0009 rad/s, empty drift 0.0000 m, speed 0.0000 m/s, spin 0.0000 rad/s (local x 0.0000 m), over-density 0.16%
    radial cups, friction 2.0 at 10 s: energy 0.0003 J, rms 0.0063 m/s, max 0.0436 m/s, COM drift 0.0912 m, cup drift 0.0000 m (local x 0.0000 m), cup speed 0.0213 m/s, cup spin 0.0007 rad/s, empty drift 0.0000 m, speed 0.0000 m/s, spin 0.0000 rad/s (local x 0.0000 m), over-density 0.16%
    radial cups, friction 2.0 final-second mean energy 0.0002 J
  OK   resting-fluid measurement preserves the live demo's 125 particle masses
    radial cups, mass 240 at  3 s: energy 0.0014 J, rms 0.0132 m/s, max 0.0767 m/s, COM drift 0.0909 m, cup drift 0.0000 m (local x 0.0000 m), cup speed 0.0106 m/s, cup spin 0.0003 rad/s, empty drift 0.0000 m, speed 0.0000 m/s, spin 0.0000 rad/s (local x 0.0000 m), over-density 0.15%
    radial cups, mass 240 at 10 s: energy 0.0004 J, rms 0.0076 m/s, max 0.0282 m/s, COM drift 0.0911 m, cup drift 0.0000 m (local x 0.0000 m), cup speed 0.0106 m/s, cup spin 0.0002 rad/s, empty drift 0.0000 m, speed 0.0000 m/s, spin 0.0000 rad/s (local x 0.0000 m), over-density 0.15%
    radial cups, mass 240 final-second mean energy 0.0005 J
  OK   resting-fluid measurement preserves the live demo's 125 particle masses
Fluid contact transfers impulse to the rigid body
    contacts 2, impulse x 3.00000 Ns, body vx 0.30000 m/s, water vx 0.00000 m/s
  OK   water striking a wall returns an outward reaction impulse
  OK   reaction impulse accelerates the ordinary dynamic body
  OK   rigid body's momentum change equals the applied contact impulse
Force/torque-driven vessel moves fluid in zero gravity
    vessel x 0.3992 m, angle 0.1191 rad; water displacement (0.3662, 0.0112, 0.0000) m; contacts 6
  OK   ordinary force and torque translate and rotate one compound body
  OK   moving and rotating walls impart motion to initially resting fluid
  OK   coupled moving-container state stays finite
    pure torque: vessel angle 0.4330 rad; water displacement 0.0676 m; contacts 6
  OK   rotating walls alone impart motion without gravity or vessel translation force
Two force/torque-driven compound cups pour the same water (smoothing 0.015)
  OK   ordinary manipulation acquires Cup A
    step  30: A angle 0.01, A (-0.15,0.74), B angle 0.00, B y -0.00, water COM (-0.15,0.77), in B 0
    step  60: A angle 0.81, A (-0.15,0.73), B angle 0.00, B y -0.00, water COM (-0.10,0.73), in B 0
    step  90: A angle 1.86, A (-0.15,0.73), B angle 0.00, B y -0.00, water COM (-0.10,0.63), in B 0
    step 120: A angle 2.18, A (-0.16,0.75), B angle 0.00, B y -0.00, water COM (0.28,0.18), in B 103
    step 150: A angle 2.15, A (-0.15,0.76), B angle 0.00, B y -0.00, water COM (0.28,0.07), in B 108
    step 180: A angle 2.15, A (-0.50,0.76), B angle 0.00, B y -0.00, water COM (0.26,0.05), in B 108
  OK   ordinary manipulation acquires Cup B
    step 210: A angle 1.92, A (-1.07,0.29), B angle 0.00, B y 0.01, water COM (0.29,0.06), in B 108
    step 240: A angle 0.15, A (-1.43,0.02), B angle 0.08, B y 0.26, water COM (0.33,0.27), in B 108
    step 270: A angle 0.11, A (-1.43,-0.00), B angle 0.99, B y 0.33, water COM (0.40,0.24), in B 108
    step 300: A angle 0.11, A (-1.43,-0.00), B angle 1.98, B y 0.34, water COM (0.46,0.05), in B 102
    step 330: A angle 0.11, A (-1.43,-0.00), B angle 2.17, B y 0.35, water COM (1.00,-0.23), in B 0
    crossed A open rim 125 particles; peak in B 109, in B before re-pour 108, those leaving B 108
  OK   physical A tip sends fluid across its open rim into physical B
  OK   the same particles later leave torque-driven Cup B
  OK   two physical pours preserve fluid mass
Two force/torque-driven compound cups pour the same water (smoothing 0.150)
  OK   ordinary manipulation acquires Cup A
    step  30: A angle 0.01, A (-0.15,0.74), B angle 0.00, B y -0.00, water COM (-0.15,0.77), in B 0
    step  60: A angle 0.80, A (-0.15,0.73), B angle 0.00, B y -0.00, water COM (-0.10,0.73), in B 0
    step  90: A angle 1.86, A (-0.15,0.73), B angle 0.00, B y -0.00, water COM (-0.11,0.66), in B 0
    step 120: A angle 2.18, A (-0.16,0.75), B angle 0.00, B y -0.00, water COM (0.29,0.16), in B 108
    step 150: A angle 2.15, A (-0.15,0.76), B angle 0.00, B y -0.00, water COM (0.23,0.06), in B 111
    step 180: A angle 2.15, A (-0.50,0.76), B angle 0.00, B y -0.00, water COM (0.20,0.03), in B 111
  OK   ordinary manipulation acquires Cup B
    step 210: A angle 1.92, A (-1.07,0.29), B angle 0.01, B y 0.01, water COM (0.20,0.04), in B 111
    step 240: A angle 0.16, A (-1.42,0.02), B angle 0.05, B y 0.26, water COM (0.21,0.26), in B 111
    step 270: A angle 0.10, A (-1.42,-0.00), B angle 0.97, B y 0.33, water COM (0.31,0.27), in B 111
    step 300: A angle 0.10, A (-1.42,-0.00), B angle 1.98, B y 0.33, water COM (0.32,0.18), in B 111
    step 330: A angle 0.10, A (-1.42,-0.00), B angle 2.17, B y 0.35, water COM (0.82,0.00), in B 0
    crossed A open rim 125 particles; peak in B 111, in B before re-pour 111, those leaving B 111
  OK   physical A tip sends fluid across its open rim into physical B
  OK   the same particles later leave torque-driven Cup B
  OK   two physical pours preserve fluid mass
Two-vessel demo-resolution timing (measurement only)
    125 particles, 11 box colliders, 60 coupled steps: 175.8 ms total, 2.930 ms/step
Fluid/rigid coupling: PASS (0 failures)
