configure: exit=0, 0.970s
build: exit=0, 490.839s
async_application: exit=0, 7.250s
judas_scene_tests: exit=0, 0.069s
judas_lifecycle_tests: exit=0, 0.773s
judas_project_tests: exit=0, 0.217s
judas_job_tests: exit=0, 0.115s
judas_physics_tests: exit=0, 0.004s
judas_rigid_contact_tests: exit=0, 4.226s
judas_broadphase_tests: exit=0, 29.618s
judas_collision_tests: exit=0, 0.032s
judas_celestial_gravity_tests: exit=0, 0.032s
judas_asset_tests: exit=0, 0.005s
judas_step_climb_tests: exit=0, 0.004s
judas_pilot_attachment_tests: exit=0, 0.002s
judas_pilot_dismount_tests: exit=0, 0.005s
judas_spacecraft_control_tests: exit=0, 0.008s
judas_spacecraft_flight_tests: exit=0, 0.016s
judas_reference_frame_tests: exit=0, 0.004s
judas_ui_tests: exit=0, 0.010s
judas_lighting_tests: exit=0, 0.008s
judas_shadow_tests: exit=0, 0.002s
judas_interactable_tests: exit=0, 0.017s
judas_player_view_tests: exit=0, 0.004s
judas_object_manipulation_tests: exit=0, 0.004s
judas_player_curved_locomotion_tests: exit=0, 0.117s
judas_world_coordinates_tests: exit=0, 0.065s
judas_compound_body_tests: exit=0, 0.116s
judas_fluid_world_tests: exit=0, 0.969s
judas_fluid_rigid_coupling_tests: exit=0, 23.202s
judas_fluid_surface_tests: exit=0, 0.008s
judas_terrain_physics_tests: exit=0, 1.073s
judas_terrain_fluid_tests: exit=0, 34.568s
judas_atmosphere_tests: exit=0, 0.016s
judas_atmospheric_flight_tests: exit=0, 0.016s
judas_combustion_tests: exit=0, 0.064s
judas_scene_fingerprint_tests: exit=0, 0.032s
judas_world_state_tests: exit=0, 0.016s
judas_uniform_gravity_scene_tests: exit=0, 0.165s
judas_contact_geometry_tests: exit=0, 0.065s
judas_contact_lifecycle_tests: exit=0, 0.032s
judas_contact_cache_tests: exit=0, 0.016s
judas_contact_storage_tests: exit=0, 0.115s
judas_rigid_motion_tests: exit=0, 0.004s
judas_impact_solver_tests: exit=0, 0.004s
judas_impact_timing_tests: exit=0, 0.016s
judas_project_application_tests: exit=0, 0.917s
judas_lifecycle_integration_tests: exit=0, 0.016s
judas_asset_integrity_tests: exit=0, 0.016s
judas_coarse_celestial_tests: exit=0, 0.016s
judas_orbital_integrity_tests: exit=0, 0.114s
judas_spacecraft_frame_integration_tests: exit=0, 0.033s
judas_thermal_accounting_tests: exit=0, 0.016s
judas_combustion_integration_tests: exit=0, 0.065s
judas_player_swimming_tests: exit=0, 0.016s
judas_fluid_metadata_tests: exit=0, 0.008s
judas_fluid_hydrostatics_tests: exit=0, 0.421s
judas_production_fluid_tests: exit=0, 99.523s
judas_fluid_container_integration_tests: exit=0, 4.723s
judas_player_fluid_integration_tests: exit=0, 160.456s
judas_fluid_cavity_impact_tests: exit=0, 0.009s
judas_fluid_smoothing_budget_tests: exit=0, 0.005s
judas_fluid_boundary_contact_tests: exit=0, 0.003s
judas_particle_contact_batch_tests: exit=0, 0.004s
judas_render_camera_tests: exit=0, 1.526s
judas_audio_tests: exit=0, 0.671s
judas_input_tests: exit=0, 0.619s
judas_prefab_tests: exit=0, 0.065s
judas_prefab_application_tests: exit=0, 1.472s
judas_visual_particle_tests: exit=0, 0.719s
judas_particle_application_tests: exit=0, 4.597s
judas_export_tests: exit=0, 0.116s
judas_package_application_tests: exit=0, 4.408s
judas_classification_tests: exit=0, 0.718s
judas_script_tests: exit=0, 1.420s
judas_script_application_tests: exit=0, 2.939s
judas_runtime_ui_tests: exit=0, 0.568s
judas_runtime_ui_application_tests: exit=0, 2.424s
judas_touch_event_tests: exit=0, 0.067s
judas_touch_application_tests: exit=0, 4.158s
judas_scene_transition_tests: exit=0, 0.972s
editor_async: exit=0, 2.644s
runtime_blocking_reference: exit=0, 0.315s
m31_resource_stress: exit=0, 10.380s
{
  "overall_pass": true,
  "checks": {
    "integration_all_12_cases": true,
    "editor_play_stop_async": true,
    "blocking_reference_three_steps": true,
    "tested_sources_unchanged_during_run": true,
    "protected_paths_unchanged": true
  },
  "seconds": 903.144101287
}
