libEGL warning: Not allowed to force software rendering when API explicitly selects a hardware device.
M31 resource stress: generating 24 sphere meshes (160x160) and 16 1024x1024 textures under /tmp/judas_m31_stress_4833
  137.5 MB of asset files
  7 workers, scene 'Tiny game' playing (3 dynamic bodies)
  async: all 40 assets Ready after 1.00 s; per-asset latency (request->Ready) min 264 ms avg 631 ms max 987 ms; 40 uploads; resident 211.9 MB (peak 211.9 MB)
  cancel: 20 loads cancelled by dropped demand, 10 stale completions discarded, 20 ready, 0 loading
  evict: budget 53.2 MB -> resident 106.4 MB before, 85.3 MB after, 4 evictions; referenced textures survived: yes
  reload: 4 evicted meshes re-requested and Ready again after 0.15 s
  blocking: all 40 assets loaded on the main thread in 2.41 s (one per frame)

Per-phase main-thread measurements (frame = pump + play frame + swap; 60 Hz fixed step):
  baseline (no loads)          frames  120 | frame avg  11.00 ms p99 103.59 ms max  282.68 ms (pump max   0.00 ms) | >33 ms:  17 | fixed steps    78 (expected ~   88, 1 saturated) | queue max  0 avg   0.0 | worker util   0.0% | jobs done 0
  async load (40 assets)       frames   33 | frame avg  28.93 ms p99 169.17 ms max  169.17 ms (pump max  42.46 ms) | >33 ms:  13 | fixed steps    55 (expected ~   60, 1 saturated) | queue max 34 avg  14.9 | worker util  55.0% | jobs done 40
  cancel + release             frames    1 | frame avg  13.58 ms p99  13.58 ms max   13.58 ms (pump max   0.05 ms) | >33 ms:   0 | fixed steps     1 (expected ~    1, 0 saturated) | queue max  3 avg   3.0 | worker util   0.5% | jobs done 0
  evict + reload               frames   11 | frame avg  12.62 ms p99  53.18 ms max   53.18 ms (pump max   4.62 ms) | >33 ms:   2 | fixed steps    10 (expected ~    9, 0 saturated) | queue max  0 avg   0.0 | worker util  55.2% | jobs done 5
  BLOCKING load (40 assets)    frames   40 | frame avg  59.48 ms p99  96.63 ms max   96.63 ms (pump max   0.00 ms) | >33 ms:  39 | fixed steps   145 (expected ~  145, 0 saturated) | queue max  0 avg   0.0 | worker util   0.0% | jobs done 0

Claim under test: expensive resource preparation no longer forces the main thread to wait for the whole operation.
  async  : worst frame  169.17 ms,  13 frames over 33 ms, 1 saturated catch-up frames, wall 1.00 s
  blocking: worst frame   96.63 ms,  39 frames over 33 ms, 0 saturated catch-up frames, wall 2.41 s
  (the work itself is not free: worker busy time during the async phase was 3.84 s across 7 workers)

shutdown clean (resources, workers, renderer, window in that order); temporary project removed
