[  0%] Built target judas_glad
[100%] Built target judas_engine
[100%] Building CXX object CMakeFiles/judas_production_fluid_tests.dir/tests/ProductionFluidTests.cpp.o
[100%] Linking CXX executable judas_production_fluid_tests
[100%] Built target judas_production_fluid_tests
[  0%] Built target judas_glad
[100%] Built target judas_engine
[100%] Building CXX object CMakeFiles/judas_player_fluid_integration_tests.dir/tests/PlayerFluidIntegrationTests.cpp.o
[100%] Linking CXX executable judas_player_fluid_integration_tests
[100%] Built target judas_player_fluid_integration_tests
[  0%] Built target judas_glad
[ 92%] Built target judas_engine
[ 92%] Building CXX object CMakeFiles/judas_fluid_container_integration_tests.dir/tests/FluidContainerIntegrationTests.cpp.o
[100%] Linking CXX executable judas_fluid_container_integration_tests
[100%] Built target judas_fluid_container_integration_tests
[  0%] Built target judas_glad
[100%] Built target judas_engine
[100%] Building CXX object CMakeFiles/judas_production_fluid_performance.dir/tests/ProductionFluidPerformance.cpp.o
[100%] Linking CXX executable judas_production_fluid_performance
[100%] Built target judas_production_fluid_performance
