gravity_explicit: exit=0, 0.114s
classic_near: exit=0, 2.569s
classic_far: exit=0, 2.670s
terrain_near: exit=0, 3.571s
terrain_far: exit=0, 3.571s
broadphase_1: exit=0, 1.517s
broadphase_2: exit=0, 1.517s
broadphase_3: exit=0, 1.517s
broadphase_4: exit=0, 1.617s
broadphase_5: exit=0, 1.517s
broadphase_6: exit=0, 1.567s
broadphase_7: exit=0, 1.517s
{
  "phase": "baseline",
  "overall_pass": true,
  "checks": {
    "full_production_and_async": true,
    "ftft1_smoke": true,
    "ftft3_construction": true,
    "four_complete_900_step_walks": true,
    "classic_near_far_identical": true,
    "terrain_near_far_identical": true,
    "performance_fixtures_pass": true,
    "sources_unchanged_during_run": true,
    "protected_unchanged": true
  },
  "seconds": 63.52215207900008,
  "performance": {
    "total_ms": {
      "median": 4.196,
      "min": 4.029,
      "max": 4.745
    },
    "broadphase_ms": {
      "median": 0.392,
      "min": 0.379,
      "max": 0.506
    },
    "narrowphase_ms": {
      "median": 1.321,
      "min": 1.174,
      "max": 1.625
    },
    "solver_ms": {
      "median": 2.398,
      "min": 2.239,
      "max": 2.554
    }
  }
}
