Renderer fragment texture units: 32 (material path uses 12)
World state: disk saves disabled for additive compositions
Project: Fracture Lab (/home/conner/Documents/GitHub/Project-Judas/projects/fracture_lab/fracture_lab.judasproj)
Scene: Fracture Lab / uniform (/home/conner/Documents/GitHub/Project-Judas/projects/fracture_lab/Scenes/flat.judas)
World origin (m): 0.000, 0.000, 0.000
BEAM initial revision=1 peak=804.804
PASS project requests gameplay pointer capture
CAPTURE initial requested=1 relative=1 grab=1 flags=1830
PASS visible window initially owns backend relative mode and mouse grab
FAIL backend capture loss without a focus event is reconciled
script asset=63636363636363636363636363630005 entity=11 slot=1 fixedUpdate: TypeError: entity has no active dynamic body
    at __judas (native)
    at call (judas:2:51)
    at applyImpulseAtPoint (judas:38:75)
    at fixedUpdate (Assets/scripts/lab.js:24:99)

SCRIPT fixedUpdate TypeError: entity has no active dynamic body
    at __judas (native)
    at call (judas:2:51)
    at applyImpulseAtPoint (judas:38:75)
    at fixedUpdate (Assets/scripts/lab.js:24:99)

FAIL public project scripts healthy
FAIL ordinary startup and clean shutdown
SUMMARY mode=input checks=5 failures=3
