Renderer fragment texture units: 32 (material path uses 12)
World state: disk saves disabled for additive compositions
Project: Fracture Lab (/tmp/Judas_M63_input_followup/game.judasproj)
Scene: Fracture Lab / uniform (/tmp/Judas_M63_input_followup/Scenes/flat.judas)
World origin (m): 0.000, 0.000, 0.000
BEAM initial revision=1 peak=804.804
PASS project requests gameplay pointer capture
CAPTURE initial requested=1 relative=1 grab=1 flags=1830
PASS visible window initially owns backend relative mode and mouse grab
PASS backend capture loss without a focus event is reconciled
PASS click on static floor is handled once without disabling controls
PASS subsequent click still reaches project script
PASS pause still releases actual capture after floor clicks
PASS menu click cannot apply a gameplay impulse
PASS resume restores windowed relative capture and grab
PASS ordinary tagged dynamic prop receives real hit-point impulse
PASS dynamic prop shot counted once
PASS pause remains functional after all representative clicks
PASS ordinary startup and clean shutdown
SUMMARY mode=input checks=12 failures=0
