PASS normal asynchronous fracture asset publication
PASS normal audio obstruction observes intact barrier
PASS logical family owner has no duplicate collider/mass
PASS every stiff part is an ordinary safe rigid body
PASS every stiff part is an ordinary safe rigid body
PASS every stiff part is an ordinary safe rigid body
PASS every stiff part is an ordinary safe rigid body
PASS every stiff part is an ordinary safe rigid body
PASS every stiff part is an ordinary safe rigid body
PASS published cells partition material mass exactly once
PASS modest supported gravity load survives
PASS real impulse causes physically detected failure without explicit release
PASS physical failure cause distinct from tool release
PASS remaining material persists
BOND 0 broken=1 tension=2598.52 shear=2396.67
BOND 1 broken=1 tension=3789.56 shear=1008.94
BOND 2 broken=1 tension=4473.89 shear=1391.22
BOND 3 broken=1 tension=7222.54 shear=5698.24
BOND 4 broken=1 tension=13987.3 shear=882.151
BOND 5 broken=1 tension=4516.96 shear=4107.16
BOND 6 broken=1 tension=8222.06 shear=3866.93
FAIL physical impacts create a real opening without explicit piece removal
PASS project policy opens normal navigation obstacle only after a physical hole
PASS public JS navigation + motor pass through fractured opening
PASS ordinary ray/audio obstruction path sees physical opening
PASS normal audio path clears obstruction after physical opening
PASS ordinary startup and clean shutdown
SUMMARY mode=game checks=20 failures=1
libEGL warning: Not allowed to force software rendering when API explicitly selects a hardware device.
Renderer fragment texture units: 32 (material path uses 12)
World state: disk saves disabled for additive compositions
Project: Fracture Lab (/tmp/Judas_M63_authoring/game.judasproj)
Scene: Fracture Range (/tmp/Judas_M63_authoring/Scenes/game.judas)
World origin (m): 0.000, 0.000, 0.000
