[  6%] Built target judas_glad
[ 12%] Built target judas_profiler
[ 18%] Built target judas_navigation_backend
[ 25%] Built target judas_quickjs
[ 25%] Built target judas_audio_backend
[ 25%] Built target judas_materials
[ 25%] Building CXX object CMakeFiles/judas_engine.dir/src/Material.cpp.o
[ 25%] Building CXX object CMakeFiles/judas_engine.dir/src/Environment.cpp.o
/home/conner/Documents/GitHub/Project-Judas/src/Environment.cpp: In function ‘bool SaveEnvironment(const std::string&, const EnvironmentData&, std::string&)’:
/home/conner/Documents/GitHub/Project-Judas/src/Environment.cpp:44:2: warning: this ‘for’ clause does not guard... [-Wmisleading-indentation]
   44 |  for(auto& l:d.specular)level(l);level(d.diffuse);U32(payload,d.brdfSize);for(auto v:d.brdf){Float(payload,v.x);Float(payload,v.y);}
      |  ^~~
/home/conner/Documents/GitHub/Project-Judas/src/Environment.cpp:44:34: note: ...this statement, but the latter is misleadingly indented as if it were guarded by the ‘for’
   44 |  for(auto& l:d.specular)level(l);level(d.diffuse);U32(payload,d.brdfSize);for(auto v:d.brdf){Float(payload,v.x);Float(payload,v.y);}
      |                                  ^~~~~
[ 25%] Linking CXX static library libjudas_engine.a
[100%] Built target judas_engine
[100%] Linking CXX executable judas
[100%] Built target judas
[  5%] Built target judas_glad
[ 10%] Built target judas_profiler
[ 10%] Built target judas_audio_backend
[ 10%] Built target judas_quickjs
[ 10%] Built target judas_imgui
[ 21%] Built target judas_navigation_backend
[ 21%] Built target judas_materials
[ 84%] Built target judas_engine
[ 94%] Built target judas_navigation_baker
[ 94%] Linking CXX executable judas_editor
[100%] Built target judas_editor
[  6%] Built target judas_audio_backend
[  6%] Built target judas_glad
[ 18%] Built target judas_navigation_backend
[ 25%] Built target judas_quickjs
[ 25%] Built target judas_profiler
[ 25%] Built target judas_materials
[100%] Built target judas_engine
[100%] Linking CXX executable judas_export
[100%] Built target judas_export
[  6%] Built target judas_audio_backend
[  6%] Built target judas_glad
[  6%] Built target judas_profiler
[ 18%] Built target judas_navigation_backend
[ 25%] Built target judas_quickjs
[ 25%] Built target judas_materials
[100%] Built target judas_engine
[100%] Linking CXX executable judas_environment_bake
[100%] Built target judas_environment_bake
[  6%] Built target judas_glad
[ 18%] Built target judas_navigation_backend
[ 18%] Built target judas_audio_backend
[ 18%] Built target judas_profiler
[ 25%] Built target judas_quickjs
[ 25%] Built target judas_materials
[100%] Built target judas_engine
[100%] Linking CXX executable judas_material_tests
[100%] Built target judas_material_tests
[  0%] Built target judas_profiler
[  0%] Built target judas_audio_backend
[  5%] Built target judas_quickjs
[ 11%] Built target judas_glad
[ 23%] Built target judas_navigation_backend
[ 23%] Built target judas_materials
[ 94%] Built target judas_engine
[100%] Linking CXX executable judas_material_application_tests
[100%] Built target judas_material_application_tests
[  0%] Built target judas_profiler
[ 11%] Built target judas_audio_backend
[ 11%] Built target judas_glad
[ 11%] Built target judas_quickjs
[ 23%] Built target judas_navigation_backend
[ 23%] Built target judas_materials
[ 94%] Built target judas_engine
[100%] Linking CXX executable judasjs_examples_tests
[100%] Built target judasjs_examples_tests
