[  6%] Built target judas_glad
[  6%] Built target judas_audio_backend
[  6%] Built target judas_profiler
[ 12%] Built target judas_quickjs
[ 25%] Built target judas_navigation_backend
[ 25%] Built target judas_materials
[ 25%] Building CXX object CMakeFiles/judas_engine.dir/src/Environment.cpp.o
[ 25%] Linking CXX static library libjudas_engine.a
[100%] Built target judas_engine
[100%] Linking CXX executable judas
[100%] Built target judas
[  5%] Built target judas_profiler
[  5%] Built target judas_glad
[ 21%] Built target judas_quickjs
[ 21%] Built target judas_navigation_backend
[ 21%] Built target judas_audio_backend
[ 21%] Built target judas_imgui
[ 21%] Built target judas_materials
[ 84%] Built target judas_engine
[ 94%] Built target judas_navigation_baker
[ 94%] Linking CXX executable judas_editor
[100%] Built target judas_editor
[  6%] Built target judas_glad
[ 12%] Built target judas_audio_backend
[ 18%] Built target judas_navigation_backend
[ 25%] Built target judas_profiler
[ 25%] Built target judas_quickjs
[ 25%] Built target judas_materials
[100%] Built target judas_engine
[100%] Linking CXX executable judas_export
[100%] Built target judas_export
[  6%] Built target judas_audio_backend
[  6%] Built target judas_glad
[ 18%] Built target judas_navigation_backend
[ 12%] Built target judas_profiler
[ 25%] Built target judas_quickjs
[ 25%] Built target judas_materials
[100%] Built target judas_engine
[100%] Linking CXX executable judas_environment_bake
[100%] Built target judas_environment_bake
[  6%] Built target judas_audio_backend
[  6%] Built target judas_glad
[ 12%] Built target judas_quickjs
[ 12%] Built target judas_profiler
[ 25%] Built target judas_navigation_backend
[ 25%] Built target judas_materials
[100%] Built target judas_engine
[100%] Linking CXX executable judas_material_tests
[100%] Built target judas_material_tests
[  0%] Built target judas_profiler
[  0%] Built target judas_audio_backend
[  5%] Built target judas_quickjs
[ 11%] Built target judas_glad
[ 23%] Built target judas_navigation_backend
[ 23%] Built target judas_materials
[ 94%] Built target judas_engine
[100%] Linking CXX executable judas_material_application_tests
[100%] Built target judas_material_application_tests
[  5%] Built target judas_glad
[  5%] Built target judas_audio_backend
[ 17%] Built target judas_quickjs
[ 23%] Built target judas_navigation_backend
[ 23%] Built target judas_profiler
[ 23%] Built target judas_materials
[ 94%] Built target judas_engine
[100%] Linking CXX executable judasjs_examples_tests
[100%] Built target judasjs_examples_tests
