[ 12%] Built target judas_quickjs
[ 12%] Built target judas_glad
[ 25%] Built target judas_audio_backend
[ 25%] Built target judas_navigation_backend
[ 25%] Built target judas_profiler
[ 25%] Built target judas_materials
[ 31%] Building CXX object CMakeFiles/judas_engine.dir/src/LiquidSystem.cpp.o
[ 31%] Building CXX object CMakeFiles/judas_engine.dir/src/NavigationSystem.cpp.o
[ 31%] Building CXX object CMakeFiles/judas_engine.dir/src/WorldAnimation.cpp.o
[ 31%] Building CXX object CMakeFiles/judas_engine.dir/src/WorldRagdoll.cpp.o
[ 31%] Building CXX object CMakeFiles/judas_engine.dir/src/WorldCharacter.cpp.o
[ 37%] Building CXX object CMakeFiles/judas_engine.dir/src/WorldScripts.cpp.o
[ 37%] Building CXX object CMakeFiles/judas_engine.dir/src/RuntimeUI.cpp.o
[ 37%] Building CXX object CMakeFiles/judas_engine.dir/src/ScriptSystem.cpp.o
[ 37%] Building CXX object CMakeFiles/judas_engine.dir/src/WorldAudio.cpp.o
[ 37%] Building CXX object CMakeFiles/judas_engine.dir/src/Renderer.cpp.o
[ 37%] Building CXX object CMakeFiles/judas_engine.dir/src/UIWidgets.cpp.o
[ 43%] Building CXX object CMakeFiles/judas_engine.dir/src/PauseMenu.cpp.o
[ 43%] Building CXX object CMakeFiles/judas_engine.dir/src/HUD.cpp.o
[ 50%] Building CXX object CMakeFiles/judas_engine.dir/src/ProductionFluidCoupling.cpp.o
[ 50%] Building CXX object CMakeFiles/judas_engine.dir/src/Door.cpp.o
[ 56%] Building CXX object CMakeFiles/judas_engine.dir/src/LightSwitch.cpp.o
[ 56%] Building CXX object CMakeFiles/judas_engine.dir/src/ResourceManager.cpp.o
[ 56%] Building CXX object CMakeFiles/judas_engine.dir/src/WorldDebugView.cpp.o
[ 56%] Building CXX object CMakeFiles/judas_engine.dir/src/SceneSession.cpp.o
[ 56%] Building CXX object CMakeFiles/judas_engine.dir/src/RuntimeWorld.cpp.o
[ 56%] Building CXX object CMakeFiles/judas_engine.dir/src/GameSession.cpp.o
[ 62%] Building CXX object CMakeFiles/judas_engine.dir/src/Simulation.cpp.o
[ 62%] Building CXX object CMakeFiles/judas_engine.dir/src/WorldPresentation.cpp.o
[ 62%] Building CXX object CMakeFiles/judas_engine.dir/src/GameplayHud.cpp.o
[ 62%] Building CXX object CMakeFiles/judas_engine.dir/src/EngineHost.cpp.o
[ 62%] Building CXX object CMakeFiles/judas_engine.dir/src/InteractivePlay.cpp.o
[ 62%] Building CXX object CMakeFiles/judas_engine.dir/src/CoarseSimulation.cpp.o
[ 62%] Building CXX object CMakeFiles/judas_engine.dir/src/WorldState.cpp.o
[ 62%] Linking CXX static library libjudas_engine.a
[100%] Built target judas_engine
[100%] Building CXX object CMakeFiles/judas.dir/src/RuntimeDiagnostics.cpp.o
[100%] Building CXX object CMakeFiles/judas.dir/src/Application.cpp.o
[100%] Building CXX object CMakeFiles/judas.dir/src/TestHarness.cpp.o
[100%] Linking CXX executable judas
[100%] Built target judas
[  5%] Built target judas_profiler
[ 10%] Built target judas_quickjs
[ 10%] Built target judas_glad
[ 10%] Built target judas_audio_backend
[ 10%] Built target judas_imgui
[ 21%] Built target judas_navigation_backend
[ 21%] Built target judas_materials
[ 84%] Built target judas_engine
[ 94%] Built target judas_navigation_baker
[ 94%] Building CXX object CMakeFiles/judas_editor.dir/src/editor/ComponentEditors.cpp.o
[ 94%] Building CXX object CMakeFiles/judas_editor.dir/src/editor/EditorMain.cpp.o
[ 94%] Building CXX object CMakeFiles/judas_editor.dir/src/editor/EditorApplication.cpp.o
[ 94%] Building CXX object CMakeFiles/judas_editor.dir/src/editor/EditorPanels.cpp.o
[ 94%] Linking CXX executable judas_editor
[100%] Built target judas_editor
[  6%] Built target judas_audio_backend
[  6%] Built target judas_glad
[  6%] Built target judas_profiler
[ 12%] Built target judas_quickjs
[ 25%] Built target judas_navigation_backend
[ 25%] Built target judas_materials
[100%] Built target judas_engine
[100%] Linking CXX executable judas_export
[100%] Built target judas_export
[  6%] Built target judas_glad
[ 12%] Built target judas_quickjs
[ 25%] Built target judas_navigation_backend
[ 25%] Built target judas_audio_backend
[ 25%] Built target judas_profiler
[ 25%] Built target judas_materials
[100%] Built target judas_engine
[100%] Building CXX object CMakeFiles/judas_material_tests.dir/tests/MaterialTests.cpp.o
[100%] Linking CXX executable judas_material_tests
[100%] Built target judas_material_tests
[  5%] Built target judas_glad
[  5%] Built target judas_profiler
[  5%] Built target judas_audio_backend
[ 17%] Built target judas_navigation_backend
[ 23%] Built target judas_quickjs
[ 23%] Built target judas_materials
[ 94%] Built target judas_engine
[ 94%] Building CXX object CMakeFiles/judas_material_application_tests.dir/src/Application.cpp.o
[ 94%] Building CXX object CMakeFiles/judas_material_application_tests.dir/src/RuntimeDiagnostics.cpp.o
[ 94%] Building CXX object CMakeFiles/judas_material_application_tests.dir/tests/MaterialApplicationTests.cpp.o
[ 94%] Building CXX object CMakeFiles/judas_material_application_tests.dir/src/TestHarness.cpp.o
[100%] Linking CXX executable judas_material_application_tests
[100%] Built target judas_material_application_tests
[  6%] Built target judas_quickjs
[  6%] Built target judas_profiler
[ 18%] Built target judas_navigation_backend
[ 25%] Built target judas_glad
[ 25%] Built target judas_audio_backend
[ 25%] Built target judas_materials
[100%] Built target judas_engine
[100%] Building CXX object CMakeFiles/judas_visual_particle_tests.dir/tests/VisualParticleTests.cpp.o
[100%] Linking CXX executable judas_visual_particle_tests
[100%] Built target judas_visual_particle_tests
[  0%] Built target judas_audio_backend
[  5%] Built target judas_glad
[  5%] Built target judas_profiler
[ 23%] Built target judas_quickjs
[ 23%] Built target judas_navigation_backend
[ 23%] Built target judas_materials
[ 94%] Built target judas_engine
[ 94%] Building CXX object CMakeFiles/judas_particle_application_tests.dir/src/Application.cpp.o
[ 94%] Building CXX object CMakeFiles/judas_particle_application_tests.dir/src/TestHarness.cpp.o
[ 94%] Building CXX object CMakeFiles/judas_particle_application_tests.dir/src/RuntimeDiagnostics.cpp.o
[100%] Building CXX object CMakeFiles/judas_particle_application_tests.dir/tests/ParticleApplicationTests.cpp.o
[100%] Linking CXX executable judas_particle_application_tests
[100%] Built target judas_particle_application_tests
[  0%] Built target judas_audio_backend
[ 12%] Built target judas_navigation_backend
[ 18%] Built target judas_glad
[ 18%] Built target judas_profiler
[ 25%] Built target judas_quickjs
[ 25%] Built target judas_materials
[100%] Built target judas_engine
[100%] Building CXX object CMakeFiles/judas_shooter_application_tests.dir/src/RuntimeDiagnostics.cpp.o
[100%] Building CXX object CMakeFiles/judas_shooter_application_tests.dir/src/TestHarness.cpp.o
[100%] Building CXX object CMakeFiles/judas_shooter_application_tests.dir/src/Application.cpp.o
[100%] Building CXX object CMakeFiles/judas_shooter_application_tests.dir/tests/ShooterApplicationTests.cpp.o
[100%] Linking CXX executable judas_shooter_application_tests
[100%] Built target judas_shooter_application_tests
