[  6%] Built target judas_glad
[  6%] Built target judas_audio_backend
[  6%] Built target judas_profiler
[ 18%] Built target judas_navigation_backend
[ 25%] Built target judas_quickjs
[ 25%] Built target judas_materials
[ 25%] Building CXX object CMakeFiles/judas_engine.dir/src/RuntimeWorld.cpp.o
[ 25%] Linking CXX static library libjudas_engine.a
[100%] Built target judas_engine
[100%] Linking CXX executable judas
[100%] Built target judas
[  0%] Built target judas_audio_backend
[  5%] Built target judas_glad
[  5%] Built target judas_profiler
[ 21%] Built target judas_quickjs
[ 21%] Built target judas_navigation_backend
[ 21%] Built target judas_imgui
[ 21%] Built target judas_materials
[ 84%] Built target judas_engine
[ 94%] Built target judas_navigation_baker
[ 94%] Linking CXX executable judas_editor
[100%] Built target judas_editor
[  6%] Built target judas_audio_backend
[ 12%] Built target judas_quickjs
[ 12%] Built target judas_glad
[ 12%] Built target judas_profiler
[ 25%] Built target judas_navigation_backend
[ 25%] Built target judas_materials
[100%] Built target judas_engine
[100%] Linking CXX executable judas_export
[100%] Built target judas_export
[  5%] Built target judas_profiler
[  5%] Built target judas_glad
[  5%] Built target judas_audio_backend
[ 23%] Built target judas_quickjs
[ 23%] Built target judas_navigation_backend
[ 23%] Built target judas_materials
[ 94%] Built target judas_engine
[100%] Linking CXX executable judas_material_application_tests
[100%] Built target judas_material_application_tests
[  6%] Built target judas_quickjs
[ 12%] Built target judas_audio_backend
[ 12%] Built target judas_glad
[ 12%] Built target judas_profiler
[ 25%] Built target judas_navigation_backend
[ 25%] Built target judas_materials
[100%] Built target judas_engine
[100%] Linking CXX executable judas_scene_fingerprint_tests
[100%] Built target judas_scene_fingerprint_tests
[  0%] Built target judas_audio_backend
[  6%] Built target judas_glad
[  6%] Built target judas_profiler
[ 18%] Built target judas_navigation_backend
[ 25%] Built target judas_quickjs
[ 25%] Built target judas_materials
[100%] Built target judas_engine
[100%] Linking CXX executable judas_world_state_tests
[100%] Built target judas_world_state_tests
