In file included from /mnt/data/judas_ftft4_source_handoff/code/world_probe.cpp:9:
/mnt/data/ftft4_source_3404388/src/PhysicsWorld.h:3:10: fatal error: glm/glm.hpp: No such file or directory
    3 | #include <glm/glm.hpp>
      |          ^~~~~~~~~~~~~
compilation terminated.
In file included from /mnt/data/ftft4_source_3404388/src/RigidBody.cpp:1:
/mnt/data/ftft4_source_3404388/src/RigidBody.h:3:10: fatal error: glm/glm.hpp: No such file or directory
    3 | #include <glm/glm.hpp>
      |          ^~~~~~~~~~~~~
compilation terminated.
In file included from /mnt/data/ftft4_source_3404388/src/RigidBodyGravity.cpp:3:
/mnt/data/ftft4_source_3404388/src/GravityField.h:3:10: fatal error: glm/glm.hpp: No such file or directory
    3 | #include <glm/glm.hpp>
      |          ^~~~~~~~~~~~~
compilation terminated.
In file included from /mnt/data/ftft4_source_3404388/src/Contacts.cpp:1:
/mnt/data/ftft4_source_3404388/src/Contacts.h:3:10: fatal error: glm/glm.hpp: No such file or directory
    3 | #include <glm/glm.hpp>
      |          ^~~~~~~~~~~~~
compilation terminated.
In file included from /mnt/data/ftft4_source_3404388/src/ContactSolver.cpp:1:
/mnt/data/ftft4_source_3404388/src/ContactSolver.h:5:10: fatal error: glm/glm.hpp: No such file or directory
    5 | #include <glm/glm.hpp>
      |          ^~~~~~~~~~~~~
compilation terminated.
In file included from /mnt/data/ftft4_source_3404388/src/RadialTerrain.cpp:1:
/mnt/data/ftft4_source_3404388/src/RadialTerrain.h:5:10: fatal error: glm/glm.hpp: No such file or directory
    5 | #include <glm/glm.hpp>
      |          ^~~~~~~~~~~~~
compilation terminated.
In file included from /mnt/data/ftft4_source_3404388/src/Broadphase.cpp:1:
/mnt/data/ftft4_source_3404388/src/Broadphase.h:5:10: fatal error: glm/glm.hpp: No such file or directory
    5 | #include <glm/glm.hpp>
      |          ^~~~~~~~~~~~~
compilation terminated.
In file included from /mnt/data/ftft4_source_3404388/src/Narrowphase.cpp:1:
/mnt/data/ftft4_source_3404388/src/Narrowphase.h:3:10: fatal error: glm/glm.hpp: No such file or directory
    3 | #include <glm/glm.hpp>
      |          ^~~~~~~~~~~~~
compilation terminated.
In file included from /mnt/data/ftft4_source_3404388/src/PhysicsWorld.cpp:1:
/mnt/data/ftft4_source_3404388/src/PhysicsWorld.h:3:10: fatal error: glm/glm.hpp: No such file or directory
    3 | #include <glm/glm.hpp>
      |          ^~~~~~~~~~~~~
compilation terminated.
