[100%] Built target judas_physics_tests
[ 50%] Building CXX object CMakeFiles/judas_rigid_contact_tests.dir/tests/RigidContactTests.cpp.o
[ 50%] Building CXX object CMakeFiles/judas_rigid_contact_tests.dir/src/PhysicsWorld.cpp.o
[ 50%] Linking CXX executable judas_rigid_contact_tests
[100%] Built target judas_rigid_contact_tests
[  0%] Built target judas_glad
[100%] Built target judas_engine
[100%] Building CXX object CMakeFiles/judas_contact_lifecycle_tests.dir/tests/ContactLifecycleTests.cpp.o
[100%] Linking CXX executable judas_contact_lifecycle_tests
[100%] Built target judas_contact_lifecycle_tests
[  0%] Built target judas_glad
[ 92%] Built target judas_engine
[100%] Building CXX object CMakeFiles/judas_contact_cache_tests.dir/tests/ContactCacheTests.cpp.o
[100%] Linking CXX executable judas_contact_cache_tests
[100%] Built target judas_contact_cache_tests
[  0%] Built target judas_glad
[ 92%] Built target judas_engine
[100%] Building CXX object CMakeFiles/judas_contact_storage_tests.dir/tests/ContactStorageTests.cpp.o
[100%] Linking CXX executable judas_contact_storage_tests
[100%] Built target judas_contact_storage_tests
