JS: SKATER start rails=8 autopilot=false
JS: STREAM t=0.10 street-0 - -> unloaded entities=0 prepMs=0.00 integMs=0.00 largestUnitMs=0.00 skater=(0.00,3.27,23.50) v=0.1
JS: STREAM t=0.10 street-1 - -> unloaded entities=0 prepMs=0.00 integMs=0.00 largestUnitMs=0.00 skater=(0.00,3.27,23.50) v=0.1
JS: STREAM t=0.10 street-2 - -> unloaded entities=0 prepMs=0.00 integMs=0.00 largestUnitMs=0.00 skater=(0.00,3.27,23.50) v=0.1
JS: STREAM t=0.10 street-3 - -> unloaded entities=0 prepMs=0.00 integMs=0.00 largestUnitMs=0.00 skater=(0.00,3.27,23.50) v=0.1
JS: STREAM t=0.10 street-4 - -> unloaded entities=0 prepMs=0.00 integMs=0.00 largestUnitMs=0.00 skater=(0.00,3.27,23.50) v=0.1
JS: STREAM t=0.20 street-0 unloaded -> prepared entities=11 prepMs=2.02 integMs=0.00 largestUnitMs=0.00 skater=(0.00,3.28,23.50) v=0.0
JS: STREAM t=0.70 street-0 prepared -> active entities=11 prepMs=2.02 integMs=7.05 largestUnitMs=5.62 skater=(0.00,3.28,23.50) v=0.0
Consumer observation frames=1800 scriptErrors=0
Renderer fragment texture units: 32 (material path uses 12)
asset 97c3acdb99c5ffefb002c03ecec7a8ed: Optional extension ignored: KHR_materials_specular
World state: disk saves disabled for additive compositions
Project: Judas Three Games (/tmp/judas-post-m65-m292mq0z/project/post_m65_consumers.judasproj)
Scene: Judas Skate Park (/tmp/judas-post-m65-m292mq0z/project/Scenes/skate/park.judas)
World origin (m): 0.000, 0.000, 0.000
SLEEP step=60 root=60 members=1 v=7.06315e-06 w=0 travel=0 anchor=0 axis=0 penetration=0 drive=0 limits=1 quiet=1 time=0 supported=0
SLEEP step=60 root=67 members=1 v=0.144358 w=0.379062 travel=0.0024035 anchor=0 axis=0 penetration=0 drive=0 limits=1 quiet=0 time=0 supported=1
SLEEP step=60 root=68 members=1 v=0.143897 w=0.377916 travel=0.0023955 anchor=0 axis=0 penetration=0 drive=0 limits=1 quiet=0 time=0 supported=1
SLEEP step=60 root=69 members=1 v=0.167647 w=0.439999 travel=0.00279279 anchor=0 axis=0 penetration=0 drive=0 limits=1 quiet=0 time=0 supported=1
SLEEP step=60 root=70 members=1 v=0.167646 w=0.440005 travel=0.00279279 anchor=0 axis=0 penetration=0 drive=0 limits=1 quiet=0 time=0 supported=1
SLEEP step=120 root=60 members=1 v=7.06315e-06 w=0 travel=0 anchor=0 axis=0 penetration=0 drive=0 limits=1 quiet=1 time=0 supported=0
SLEEP step=120 root=67 members=1 v=0 w=0 travel=0 anchor=0 axis=0 penetration=0 drive=0 limits=1 quiet=1 time=0.933333 supported=1
SLEEP step=120 root=68 members=1 v=0 w=0 travel=0 anchor=0 axis=0 penetration=0 drive=0 limits=1 quiet=1 time=0.933333 supported=1
SLEEP step=120 root=69 members=1 v=0 w=0 travel=0 anchor=0 axis=0 penetration=0 drive=0 limits=1 quiet=1 time=0.883333 supported=1
SLEEP step=120 root=70 members=1 v=0 w=0 travel=0 anchor=0 axis=0 penetration=0 drive=0 limits=1 quiet=1 time=0.883333 supported=1
SLEEP step=120 root=71 members=13 v=4.6007 w=23.6909 travel=0.0963934 anchor=0.0745356 axis=0.143187 penetration=0.00735568 drive=0 limits=0 quiet=0 time=0 supported=1
SLEEP step=180 root=60 members=1 v=7.06315e-06 w=0 travel=0 anchor=0 axis=0 penetration=0 drive=0 limits=1 quiet=1 time=0 supported=0
SLEEP step=180 root=67 members=1 v=0 w=0 travel=0 anchor=0 axis=0 penetration=0 drive=0 limits=1 quiet=1 time=1.93333 supported=1
SLEEP step=180 root=68 members=1 v=0 w=0 travel=0 anchor=0 axis=0 penetration=0 drive=0 limits=1 quiet=1 time=1.93333 supported=1
SLEEP step=180 root=69 members=1 v=0 w=0 travel=0 anchor=0 axis=0 penetration=0 drive=0 limits=1 quiet=1 time=1.88333 supported=1
SLEEP step=180 root=70 members=1 v=0 w=0 travel=0 anchor=0 axis=0 penetration=0 drive=0 limits=1 quiet=1 time=1.88333 supported=1
SLEEP step=180 root=71 members=13 v=0.852108 w=10.3624 travel=0.0142041 anchor=0.0282277 axis=0.0169015 penetration=0.00070929 drive=0 limits=1 quiet=0 time=0 supported=1
SLEEP step=240 root=60 members=1 v=7.06315e-06 w=0 travel=0 anchor=0 axis=0 penetration=0 drive=0 limits=1 quiet=1 time=0 supported=0
SLEEP step=240 root=67 members=1 v=0 w=0 travel=0 anchor=0 axis=0 penetration=0 drive=0 limits=1 quiet=1 time=2.93333 supported=1
SLEEP step=240 root=68 members=1 v=0 w=0 travel=0 anchor=0 axis=0 penetration=0 drive=0 limits=1 quiet=1 time=2.93333 supported=1
SLEEP step=240 root=69 members=1 v=0 w=0 travel=0 anchor=0 axis=0 penetration=0 drive=0 limits=1 quiet=1 time=2.88333 supported=1
SLEEP step=240 root=70 members=1 v=0 w=0 travel=0 anchor=0 axis=0 penetration=0 drive=0 limits=1 quiet=1 time=2.88333 supported=1
SLEEP step=240 root=71 members=13 v=0.697648 w=12.374 travel=0.0116282 anchor=0.00537328 axis=5.88512e-05 penetration=0.000555448 drive=0 limits=1 quiet=0 time=0 supported=1
SLEEP step=300 root=60 members=1 v=7.06315e-06 w=0 travel=0 anchor=0 axis=0 penetration=0 drive=0 limits=1 quiet=1 time=0 supported=0
SLEEP step=300 root=67 members=1 v=0 w=0 travel=0 anchor=0 axis=0 penetration=0 drive=0 limits=1 quiet=1 time=3.93333 supported=1
SLEEP step=300 root=68 members=1 v=0 w=0 travel=0 anchor=0 axis=0 penetration=0 drive=0 limits=1 quiet=1 time=3.93333 supported=1
SLEEP step=300 root=69 members=1 v=0 w=0 travel=0 anchor=0 axis=0 penetration=0 drive=0 limits=1 quiet=1 time=3.88333 supported=1
SLEEP step=300 root=70 members=1 v=0 w=0 travel=0 anchor=0 axis=0 penetration=0 drive=0 limits=1 quiet=1 time=3.88333 supported=1
SLEEP step=300 root=71 members=13 v=0.675014 w=11.9844 travel=0.0112526 anchor=0.00507996 axis=4.63739e-05 penetration=0.000565061 drive=0 limits=1 quiet=0 time=0 supported=1
SLEEP step=360 root=60 members=1 v=7.06315e-06 w=0 travel=0 anchor=0 axis=0 penetration=0 drive=0 limits=1 quiet=1 time=0 supported=0
SLEEP step=360 root=67 members=1 v=0 w=0 travel=0 anchor=0 axis=0 penetration=0 drive=0 limits=1 quiet=1 time=4.93334 supported=1
SLEEP step=360 root=68 members=1 v=0 w=0 travel=0 anchor=0 axis=0 penetration=0 drive=0 limits=1 quiet=1 time=4.93334 supported=1
SLEEP step=360 root=69 members=1 v=0 w=0 travel=0 anchor=0 axis=0 penetration=0 drive=0 limits=1 quiet=1 time=4.88334 supported=1
SLEEP step=360 root=70 members=1 v=0 w=0 travel=0 anchor=0 axis=0 penetration=0 drive=0 limits=1 quiet=1 time=4.88334 supported=1
SLEEP step=360 root=71 members=13 v=0.655795 w=11.6506 travel=0.0109299 anchor=0.00480118 axis=3.34421e-05 penetration=0.000567738 drive=0 limits=1 quiet=0 time=0 supported=1
SLEEP step=420 root=60 members=1 v=7.06315e-06 w=0 travel=0 anchor=0 axis=0 penetration=0 drive=0 limits=1 quiet=1 time=0 supported=0
SLEEP step=420 root=67 members=1 v=0 w=0 travel=0 anchor=0 axis=0 penetration=0 drive=0 limits=1 quiet=1 time=5.93336 supported=1
SLEEP step=420 root=68 members=1 v=0 w=0 travel=0 anchor=0 axis=0 penetration=0 drive=0 limits=1 quiet=1 time=5.93336 supported=1
SLEEP step=420 root=69 members=1 v=0 w=0 travel=0 anchor=0 axis=0 penetration=0 drive=0 limits=1 quiet=1 time=5.88336 supported=1
SLEEP step=420 root=70 members=1 v=0 w=0 travel=0 anchor=0 axis=0 penetration=0 drive=0 limits=1 quiet=1 time=5.88336 supported=1
SLEEP step=420 root=71 members=13 v=0.638631 w=11.3528 travel=0.0106436 anchor=0.00458879 axis=6.39906e-05 penetration=0.000590496 drive=0 limits=1 quiet=0 time=0 supported=1
SLEEP step=480 root=60 members=1 v=7.06315e-06 w=0 travel=0 anchor=0 axis=0 penetration=0 drive=0 limits=1 quiet=1 time=0 supported=0
SLEEP step=480 root=67 members=1 v=0 w=0 travel=0 anchor=0 axis=0 penetration=0 drive=0 limits=1 quiet=1 time=6.93337 supported=1
SLEEP step=480 root=68 members=1 v=0 w=0 travel=0 anchor=0 axis=0 penetration=0 drive=0 limits=1 quiet=1 time=6.93337 supported=1
SLEEP step=480 root=69 members=1 v=0 w=0 travel=0 anchor=0 axis=0 penetration=0 drive=0 limits=1 quiet=1 time=6.88337 supported=1
SLEEP step=480 root=70 members=1 v=0 w=0 travel=0 anchor=0 axis=0 penetration=0 drive=0 limits=1 quiet=1 time=6.88337 supported=1
SLEEP step=480 root=71 members=13 v=0.623482 w=11.0885 travel=0.0103888 anchor=0.00439512 axis=3.68673e-05 penetration=0.000605753 drive=0 limits=1 quiet=0 time=0 supported=1
SLEEP step=540 root=60 members=1 v=7.06315e-06 w=0 travel=0 anchor=0 axis=0 penetration=0 drive=0 limits=1 quiet=1 time=0 supported=0
SLEEP step=540 root=67 members=1 v=0 w=0 travel=0 anchor=0 axis=0 penetration=0 drive=0 limits=1 quiet=1 time=7.93338 supported=1
SLEEP step=540 root=68 members=1 v=0 w=0 travel=0 anchor=0 axis=0 penetration=0 drive=0 limits=1 quiet=1 time=7.93338 supported=1
SLEEP step=540 root=69 members=1 v=0 w=0 travel=0 anchor=0 axis=0 penetration=0 drive=0 limits=1 quiet=1 time=7.88338 supported=1
SLEEP step=540 root=70 members=1 v=0 w=0 travel=0 anchor=0 axis=0 penetration=0 drive=0 limits=1 quiet=1 time=7.88338 supported=1
SLEEP step=540 root=71 members=13 v=0.609821 w=10.8505 travel=0.0101648 anchor=0.00421441 axis=1.46096e-05 penetration=0.000586318 drive=0 limits=1 quiet=0 time=0 supported=1
SLEEP step=600 root=60 members=1 v=7.06315e-06 w=0 travel=0 anchor=0 axis=0 penetration=0 drive=0 limits=1 quiet=1 time=0 supported=0
SLEEP step=600 root=67 members=1 v=0 w=0 travel=0 anchor=0 axis=0 penetration=0 drive=0 limits=1 quiet=1 time=8.93337 supported=1
SLEEP step=600 root=68 members=1 v=0 w=0 travel=0 anchor=0 axis=0 penetration=0 drive=0 limits=1 quiet=1 time=8.93337 supported=1
SLEEP step=600 root=69 members=1 v=0 w=0 travel=0 anchor=0 axis=0 penetration=0 drive=0 limits=1 quiet=1 time=8.88337 supported=1
SLEEP step=600 root=70 members=1 v=0 w=0 travel=0 anchor=0 axis=0 penetration=0 drive=0 limits=1 quiet=1 time=8.88337 supported=1
SLEEP step=600 root=71 members=13 v=0.597359 w=10.634 travel=0.00995515 anchor=0.00405012 axis=3.02666e-05 penetration=0.00055883 drive=0 limits=1 quiet=0 time=0 supported=1
SLEEP step=660 root=60 members=1 v=7.06315e-06 w=0 travel=0 anchor=0 axis=0 penetration=0 drive=0 limits=1 quiet=1 time=0 supported=0
SLEEP step=660 root=67 members=1 v=0 w=0 travel=0 anchor=0 axis=0 penetration=0 drive=0 limits=1 quiet=1 time=9.93335 supported=1
SLEEP step=660 root=68 members=1 v=0 w=0 travel=0 anchor=0 axis=0 penetration=0 drive=0 limits=1 quiet=1 time=9.93335 supported=1
SLEEP step=660 root=69 members=1 v=0 w=0 travel=0 anchor=0 axis=0 penetration=0 drive=0 limits=1 quiet=1 time=9.88335 supported=1
SLEEP step=660 root=70 members=1 v=0 w=0 travel=0 anchor=0 axis=0 penetration=0 drive=0 limits=1 quiet=1 time=9.88335 supported=1
SLEEP step=660 root=71 members=13 v=0.585944 w=10.436 travel=0.00976496 anchor=0.00390547 axis=4.98573e-05 penetration=0.00055896 drive=0 limits=1 quiet=0 time=0 supported=1
SLEEP step=720 root=60 members=1 v=7.06315e-06 w=0 travel=0 anchor=0 axis=0 penetration=0 drive=0 limits=1 quiet=1 time=0 supported=0
SLEEP step=720 root=67 members=1 v=0 w=0 travel=0 anchor=0 axis=0 penetration=0 drive=0 limits=1 quiet=1 time=10.9333 supported=1
SLEEP step=720 root=68 members=1 v=0 w=0 travel=0 anchor=0 axis=0 penetration=0 drive=0 limits=1 quiet=1 time=10.9333 supported=1
SLEEP step=720 root=69 members=1 v=0 w=0 travel=0 anchor=0 axis=0 penetration=0 drive=0 limits=1 quiet=1 time=10.8833 supported=1
SLEEP step=720 root=70 members=1 v=0 w=0 travel=0 anchor=0 axis=0 penetration=0 drive=0 limits=1 quiet=1 time=10.8833 supported=1
SLEEP step=720 root=71 members=13 v=0.575476 w=10.2535 travel=0.00959148 anchor=0.00379506 axis=5.43111e-05 penetration=0.000563932 drive=0 limits=1 quiet=0 time=0 supported=1
SLEEP step=780 root=60 members=1 v=7.06315e-06 w=0 travel=0 anchor=0 axis=0 penetration=0 drive=0 limits=1 quiet=1 time=0 supported=0
SLEEP step=780 root=67 members=1 v=0 w=0 travel=0 anchor=0 axis=0 penetration=0 drive=0 limits=1 quiet=1 time=11.9333 supported=1
SLEEP step=780 root=68 members=1 v=0 w=0 travel=0 anchor=0 axis=0 penetration=0 drive=0 limits=1 quiet=1 time=11.9333 supported=1
SLEEP step=780 root=69 members=1 v=0 w=0 travel=0 anchor=0 axis=0 penetration=0 drive=0 limits=1 quiet=1 time=11.8833 supported=1
SLEEP step=780 root=70 members=1 v=0 w=0 travel=0 anchor=0 axis=0 penetration=0 drive=0 limits=1 quiet=1 time=11.8833 supported=1
SLEEP step=780 root=71 members=13 v=0.565824 w=10.0854 travel=0.00943103 anchor=0.00367502 axis=5.30966e-05 penetration=0.000572694 drive=0 limits=1 quiet=0 time=0 supported=1
SLEEP step=840 root=60 members=1 v=7.06315e-06 w=0 travel=0 anchor=0 axis=0 penetration=0 drive=0 limits=1 quiet=1 time=0 supported=0
SLEEP step=840 root=67 members=1 v=0 w=0 travel=0 anchor=0 axis=0 penetration=0 drive=0 limits=1 quiet=1 time=12.9333 supported=1
SLEEP step=840 root=68 members=1 v=0 w=0 travel=0 anchor=0 axis=0 penetration=0 drive=0 limits=1 quiet=1 time=12.9333 supported=1
SLEEP step=840 root=69 members=1 v=0 w=0 travel=0 anchor=0 axis=0 penetration=0 drive=0 limits=1 quiet=1 time=12.8833 supported=1
SLEEP step=840 root=70 members=1 v=0 w=0 travel=0 anchor=0 axis=0 penetration=0 drive=0 limits=1 quiet=1 time=12.8833 supported=1
SLEEP step=840 root=71 members=13 v=0.556837 w=9.92786 travel=0.00928059 anchor=0.0035748 axis=4.96963e-05 penetration=0.000576189 drive=0 limits=1 quiet=0 time=0 supported=1
SLEEP step=900 root=60 members=1 v=7.06315e-06 w=0 travel=0 anchor=0 axis=0 penetration=0 drive=0 limits=1 quiet=1 time=0 supported=0
SLEEP step=900 root=67 members=1 v=0 w=0 travel=0 anchor=0 axis=0 penetration=0 drive=0 limits=1 quiet=1 time=13.9333 supported=1
SLEEP step=900 root=68 members=1 v=0 w=0 travel=0 anchor=0 axis=0 penetration=0 drive=0 limits=1 quiet=1 time=13.9333 supported=1
SLEEP step=900 root=69 members=1 v=0 w=0 travel=0 anchor=0 axis=0 penetration=0 drive=0 limits=1 quiet=1 time=13.8833 supported=1
SLEEP step=900 root=70 members=1 v=0 w=0 travel=0 anchor=0 axis=0 penetration=0 drive=0 limits=1 quiet=1 time=13.8833 supported=1
SLEEP step=900 root=71 members=13 v=0.548525 w=9.78209 travel=0.00914254 anchor=0.00347337 axis=4.74852e-05 penetration=0.000578272 drive=0 limits=1 quiet=0 time=0 supported=1
SLEEP step=960 root=60 members=1 v=7.06315e-06 w=0 travel=0 anchor=0 axis=0 penetration=0 drive=0 limits=1 quiet=1 time=0 supported=0
SLEEP step=960 root=67 members=1 v=0 w=0 travel=0 anchor=0 axis=0 penetration=0 drive=0 limits=1 quiet=1 time=14.9333 supported=1
SLEEP step=960 root=68 members=1 v=0 w=0 travel=0 anchor=0 axis=0 penetration=0 drive=0 limits=1 quiet=1 time=14.9333 supported=1
SLEEP step=960 root=69 members=1 v=0 w=0 travel=0 anchor=0 axis=0 penetration=0 drive=0 limits=1 quiet=1 time=14.8833 supported=1
SLEEP step=960 root=70 members=1 v=0 w=0 travel=0 anchor=0 axis=0 penetration=0 drive=0 limits=1 quiet=1 time=14.8833 supported=1
SLEEP step=960 root=71 members=13 v=0.54084 w=9.64607 travel=0.00901503 anchor=0.00338976 axis=4.57693e-05 penetration=0.000577375 drive=0 limits=1 quiet=0 time=0 supported=1
SLEEP step=1020 root=60 members=1 v=7.06315e-06 w=0 travel=0 anchor=0 axis=0 penetration=0 drive=0 limits=1 quiet=1 time=0 supported=0
SLEEP step=1020 root=67 members=1 v=0 w=0 travel=0 anchor=0 axis=0 penetration=0 drive=0 limits=1 quiet=1 time=15.9333 supported=1
SLEEP step=1020 root=68 members=1 v=0 w=0 travel=0 anchor=0 axis=0 penetration=0 drive=0 limits=1 quiet=1 time=15.9333 supported=1
SLEEP step=1020 root=69 members=1 v=0 w=0 travel=0 anchor=0 axis=0 penetration=0 drive=0 limits=1 quiet=1 time=15.8833 supported=1
SLEEP step=1020 root=70 members=1 v=0 w=0 travel=0 anchor=0 axis=0 penetration=0 drive=0 limits=1 quiet=1 time=15.8833 supported=1
SLEEP step=1020 root=71 members=13 v=0.533632 w=9.52016 travel=0.00889398 anchor=0.00329771 axis=4.5917e-05 penetration=0.000574496 drive=0 limits=1 quiet=0 time=0 supported=1
SLEEP step=1080 root=60 members=1 v=7.06315e-06 w=0 travel=0 anchor=0 axis=0 penetration=0 drive=0 limits=1 quiet=1 time=0 supported=0
SLEEP step=1080 root=67 members=1 v=0 w=0 travel=0 anchor=0 axis=0 penetration=0 drive=0 limits=1 quiet=1 time=16.9332 supported=1
SLEEP step=1080 root=68 members=1 v=0 w=0 travel=0 anchor=0 axis=0 penetration=0 drive=0 limits=1 quiet=1 time=16.9332 supported=1
SLEEP step=1080 root=69 members=1 v=0 w=0 travel=0 anchor=0 axis=0 penetration=0 drive=0 limits=1 quiet=1 time=16.8832 supported=1
SLEEP step=1080 root=70 members=1 v=0 w=0 travel=0 anchor=0 axis=0 penetration=0 drive=0 limits=1 quiet=1 time=16.8832 supported=1
SLEEP step=1080 root=71 members=13 v=0.526888 w=9.40064 travel=0.00878128 anchor=0.00322322 axis=4.42976e-05 penetration=0.000572058 drive=0 limits=1 quiet=0 time=0 supported=1
SLEEP step=1140 root=60 members=1 v=7.06315e-06 w=0 travel=0 anchor=0 axis=0 penetration=0 drive=0 limits=1 quiet=1 time=0 supported=0
SLEEP step=1140 root=67 members=1 v=0 w=0 travel=0 anchor=0 axis=0 penetration=0 drive=0 limits=1 quiet=1 time=17.9332 supported=1
SLEEP step=1140 root=68 members=1 v=0 w=0 travel=0 anchor=0 axis=0 penetration=0 drive=0 limits=1 quiet=1 time=17.9332 supported=1
SLEEP step=1140 root=69 members=1 v=0 w=0 travel=0 anchor=0 axis=0 penetration=0 drive=0 limits=1 quiet=1 time=17.8832 supported=1
SLEEP step=1140 root=70 members=1 v=0 w=0 travel=0 anchor=0 axis=0 penetration=0 drive=0 limits=1 quiet=1 time=17.8832 supported=1
SLEEP step=1140 root=71 members=13 v=0.520527 w=9.28854 travel=0.00867456 anchor=0.00314488 axis=3.91364e-05 penetration=0.000570152 drive=0 limits=1 quiet=0 time=0 supported=1
SLEEP step=1200 root=60 members=1 v=7.06315e-06 w=0 travel=0 anchor=0 axis=0 penetration=0 drive=0 limits=1 quiet=1 time=0 supported=0
SLEEP step=1200 root=67 members=1 v=0 w=0 travel=0 anchor=0 axis=0 penetration=0 drive=0 limits=1 quiet=1 time=18.9332 supported=1
SLEEP step=1200 root=68 members=1 v=0 w=0 travel=0 anchor=0 axis=0 penetration=0 drive=0 limits=1 quiet=1 time=18.9332 supported=1
SLEEP step=1200 root=69 members=1 v=0 w=0 travel=0 anchor=0 axis=0 penetration=0 drive=0 limits=1 quiet=1 time=18.8832 supported=1
SLEEP step=1200 root=70 members=1 v=0 w=0 travel=0 anchor=0 axis=0 penetration=0 drive=0 limits=1 quiet=1 time=18.8832 supported=1
SLEEP step=1200 root=71 members=13 v=0.514536 w=9.18241 travel=0.00857813 anchor=0.00308179 axis=2.63787e-05 penetration=0.000568856 drive=0 limits=1 quiet=0 time=0 supported=1
SLEEP step=1260 root=60 members=1 v=7.06315e-06 w=0 travel=0 anchor=0 axis=0 penetration=0 drive=0 limits=1 quiet=1 time=0 supported=0
SLEEP step=1260 root=67 members=1 v=0 w=0 travel=0 anchor=0 axis=0 penetration=0 drive=0 limits=1 quiet=1 time=19.9332 supported=1
SLEEP step=1260 root=68 members=1 v=0 w=0 travel=0 anchor=0 axis=0 penetration=0 drive=0 limits=1 quiet=1 time=19.9332 supported=1
SLEEP step=1260 root=69 members=1 v=0 w=0 travel=0 anchor=0 axis=0 penetration=0 drive=0 limits=1 quiet=1 time=19.8832 supported=1
SLEEP step=1260 root=70 members=1 v=0 w=0 travel=0 anchor=0 axis=0 penetration=0 drive=0 limits=1 quiet=1 time=19.8832 supported=1
SLEEP step=1260 root=71 members=13 v=0.508786 w=9.08092 travel=0.00848301 anchor=0.00302266 axis=1.30285e-05 penetration=0.000581944 drive=0 limits=1 quiet=0 time=0 supported=1
SLEEP step=1320 root=60 members=1 v=7.06315e-06 w=0 travel=0 anchor=0 axis=0 penetration=0 drive=0 limits=1 quiet=1 time=0 supported=0
SLEEP step=1320 root=67 members=1 v=0 w=0 travel=0 anchor=0 axis=0 penetration=0 drive=0 limits=1 quiet=1 time=20.9332 supported=1
SLEEP step=1320 root=68 members=1 v=0 w=0 travel=0 anchor=0 axis=0 penetration=0 drive=0 limits=1 quiet=1 time=20.9332 supported=1
SLEEP step=1320 root=69 members=1 v=0 w=0 travel=0 anchor=0 axis=0 penetration=0 drive=0 limits=1 quiet=1 time=20.8832 supported=1
SLEEP step=1320 root=70 members=1 v=0 w=0 travel=0 anchor=0 axis=0 penetration=0 drive=0 limits=1 quiet=1 time=20.8832 supported=1
SLEEP step=1320 root=71 members=13 v=0.503402 w=8.98543 travel=0.00838659 anchor=0.00295661 axis=1.56992e-05 penetration=0.000602156 drive=0 limits=1 quiet=0 time=0 supported=1
SLEEP step=1380 root=60 members=1 v=7.06315e-06 w=0 travel=0 anchor=0 axis=0 penetration=0 drive=0 limits=1 quiet=1 time=0 supported=0
SLEEP step=1380 root=67 members=1 v=0 w=0 travel=0 anchor=0 axis=0 penetration=0 drive=0 limits=1 quiet=1 time=21.9332 supported=1
SLEEP step=1380 root=68 members=1 v=0 w=0 travel=0 anchor=0 axis=0 penetration=0 drive=0 limits=1 quiet=1 time=21.9332 supported=1
SLEEP step=1380 root=69 members=1 v=0 w=0 travel=0 anchor=0 axis=0 penetration=0 drive=0 limits=1 quiet=1 time=21.8832 supported=1
SLEEP step=1380 root=70 members=1 v=0 w=0 travel=0 anchor=0 axis=0 penetration=0 drive=0 limits=1 quiet=1 time=21.8832 supported=1
SLEEP step=1380 root=71 members=13 v=0.498216 w=8.89393 travel=0.00830282 anchor=0.00290176 axis=2.58511e-05 penetration=0.000608805 drive=0 limits=1 quiet=0 time=0 supported=1
SLEEP step=1440 root=60 members=1 v=7.06315e-06 w=0 travel=0 anchor=0 axis=0 penetration=0 drive=0 limits=1 quiet=1 time=0 supported=0
SLEEP step=1440 root=67 members=1 v=0 w=0 travel=0 anchor=0 axis=0 penetration=0 drive=0 limits=1 quiet=1 time=22.9332 supported=1
SLEEP step=1440 root=68 members=1 v=0 w=0 travel=0 anchor=0 axis=0 penetration=0 drive=0 limits=1 quiet=1 time=22.9332 supported=1
SLEEP step=1440 root=69 members=1 v=0 w=0 travel=0 anchor=0 axis=0 penetration=0 drive=0 limits=1 quiet=1 time=22.8832 supported=1
SLEEP step=1440 root=70 members=1 v=0 w=0 travel=0 anchor=0 axis=0 penetration=0 drive=0 limits=1 quiet=1 time=22.8832 supported=1
SLEEP step=1440 root=71 members=13 v=0.493281 w=8.80691 travel=0.00821995 anchor=0.00285503 axis=3.81157e-05 penetration=0.000602065 drive=0 limits=1 quiet=0 time=0 supported=1
SLEEP step=1500 root=60 members=1 v=7.06315e-06 w=0 travel=0 anchor=0 axis=0 penetration=0 drive=0 limits=1 quiet=1 time=0 supported=0
SLEEP step=1500 root=67 members=1 v=0 w=0 travel=0 anchor=0 axis=0 penetration=0 drive=0 limits=1 quiet=1 time=23.9331 supported=1
SLEEP step=1500 root=68 members=1 v=0 w=0 travel=0 anchor=0 axis=0 penetration=0 drive=0 limits=1 quiet=1 time=23.9331 supported=1
SLEEP step=1500 root=69 members=1 v=0 w=0 travel=0 anchor=0 axis=0 penetration=0 drive=0 limits=1 quiet=1 time=23.8831 supported=1
SLEEP step=1500 root=70 members=1 v=0 w=0 travel=0 anchor=0 axis=0 penetration=0 drive=0 limits=1 quiet=1 time=23.8831 supported=1
SLEEP step=1500 root=71 members=13 v=0.48856 w=8.72438 travel=0.00814231 anchor=0.00279976 axis=3.40914e-05 penetration=0.000579235 drive=0 limits=1 quiet=0 time=0 supported=1
SLEEP step=1560 root=60 members=1 v=7.06315e-06 w=0 travel=0 anchor=0 axis=0 penetration=0 drive=0 limits=1 quiet=1 time=0 supported=0
SLEEP step=1560 root=67 members=1 v=0 w=0 travel=0 anchor=0 axis=0 penetration=0 drive=0 limits=1 quiet=1 time=24.9331 supported=1
SLEEP step=1560 root=68 members=1 v=0 w=0 travel=0 anchor=0 axis=0 penetration=0 drive=0 limits=1 quiet=1 time=24.9331 supported=1
SLEEP step=1560 root=69 members=1 v=0 w=0 travel=0 anchor=0 axis=0 penetration=0 drive=0 limits=1 quiet=1 time=24.8831 supported=1
SLEEP step=1560 root=70 members=1 v=0 w=0 travel=0 anchor=0 axis=0 penetration=0 drive=0 limits=1 quiet=1 time=24.8831 supported=1
SLEEP step=1560 root=71 members=13 v=0.484033 w=8.64592 travel=0.00806442 anchor=0.00274999 axis=1.40805e-05 penetration=0.000556018 drive=0 limits=1 quiet=0 time=0 supported=1
SLEEP step=1620 root=60 members=1 v=7.06315e-06 w=0 travel=0 anchor=0 axis=0 penetration=0 drive=0 limits=1 quiet=1 time=0 supported=0
SLEEP step=1620 root=67 members=1 v=0 w=0 travel=0 anchor=0 axis=0 penetration=0 drive=0 limits=1 quiet=1 time=25.9331 supported=1
SLEEP step=1620 root=68 members=1 v=0 w=0 travel=0 anchor=0 axis=0 penetration=0 drive=0 limits=1 quiet=1 time=25.9331 supported=1
SLEEP step=1620 root=69 members=1 v=0 w=0 travel=0 anchor=0 axis=0 penetration=0 drive=0 limits=1 quiet=1 time=25.8831 supported=1
SLEEP step=1620 root=70 members=1 v=0 w=0 travel=0 anchor=0 axis=0 penetration=0 drive=0 limits=1 quiet=1 time=25.8831 supported=1
SLEEP step=1620 root=71 members=13 v=0.479659 w=8.56975 travel=0.00799145 anchor=0.00269894 axis=1.30912e-05 penetration=0.000556327 drive=0 limits=1 quiet=0 time=0 supported=1
SLEEP step=1680 root=60 members=1 v=7.06315e-06 w=0 travel=0 anchor=0 axis=0 penetration=0 drive=0 limits=1 quiet=1 time=0 supported=0
SLEEP step=1680 root=67 members=1 v=0 w=0 travel=0 anchor=0 axis=0 penetration=0 drive=0 limits=1 quiet=1 time=26.9331 supported=1
SLEEP step=1680 root=68 members=1 v=0 w=0 travel=0 anchor=0 axis=0 penetration=0 drive=0 limits=1 quiet=1 time=26.9331 supported=1
SLEEP step=1680 root=69 members=1 v=0 w=0 travel=0 anchor=0 axis=0 penetration=0 drive=0 limits=1 quiet=1 time=26.8831 supported=1
SLEEP step=1680 root=70 members=1 v=0 w=0 travel=0 anchor=0 axis=0 penetration=0 drive=0 limits=1 quiet=1 time=26.8831 supported=1
SLEEP step=1680 root=71 members=13 v=0.485626 w=8.49483 travel=0.00809451 anchor=0.002761 axis=0.00121227 penetration=0.00107218 drive=0 limits=1 quiet=0 time=0 supported=1
SLEEP step=1740 root=60 members=1 v=7.06315e-06 w=0 travel=0 anchor=0 axis=0 penetration=0 drive=0 limits=1 quiet=1 time=0 supported=0
SLEEP step=1740 root=67 members=1 v=0 w=0 travel=0 anchor=0 axis=0 penetration=0 drive=0 limits=1 quiet=1 time=27.9331 supported=1
SLEEP step=1740 root=68 members=1 v=0 w=0 travel=0 anchor=0 axis=0 penetration=0 drive=0 limits=1 quiet=1 time=27.9331 supported=1
SLEEP step=1740 root=69 members=1 v=0 w=0 travel=0 anchor=0 axis=0 penetration=0 drive=0 limits=1 quiet=1 time=27.8831 supported=1
SLEEP step=1740 root=70 members=1 v=0 w=0 travel=0 anchor=0 axis=0 penetration=0 drive=0 limits=1 quiet=1 time=27.8831 supported=1
SLEEP step=1740 root=71 members=13 v=0.471607 w=8.41814 travel=0.00785986 anchor=0.00262352 axis=3.31058e-05 penetration=0.00044243 drive=0 limits=1 quiet=0 time=0 supported=1
SLEEP step=1800 root=60 members=1 v=7.06315e-06 w=0 travel=0 anchor=0 axis=0 penetration=0 drive=0 limits=1 quiet=1 time=0 supported=0
SLEEP step=1800 root=67 members=1 v=0 w=0 travel=0 anchor=0 axis=0 penetration=0 drive=0 limits=1 quiet=1 time=28.9331 supported=1
SLEEP step=1800 root=68 members=1 v=0 w=0 travel=0 anchor=0 axis=0 penetration=0 drive=0 limits=1 quiet=1 time=28.9331 supported=1
SLEEP step=1800 root=69 members=1 v=0 w=0 travel=0 anchor=0 axis=0 penetration=0 drive=0 limits=1 quiet=1 time=28.8831 supported=1
SLEEP step=1800 root=70 members=1 v=0 w=0 travel=0 anchor=0 axis=0 penetration=0 drive=0 limits=1 quiet=1 time=28.8831 supported=1
SLEEP step=1800 root=71 members=13 v=0.467922 w=8.35166 travel=0.00780153 anchor=0.00257972 axis=2.81059e-05 penetration=0.000433688 drive=0 limits=1 quiet=0 time=0 supported=1
