{"case":"axis_plane","translation":0,"axis":0,"sign":-1,"hit":true,"expected_distance":1.25,"observed_distance":1.25,"tolerance":3.814697265625e-06,"pass":true}
{"case":"axis_plane","translation":0,"axis":0,"sign":1,"hit":true,"expected_distance":1.25,"observed_distance":1.25,"tolerance":3.814697265625e-06,"pass":true}
{"case":"axis_plane","translation":0,"axis":1,"sign":-1,"hit":true,"expected_distance":1.25,"observed_distance":1.2499998807907104,"tolerance":3.814697265625e-06,"pass":true}
{"case":"axis_plane","translation":0,"axis":1,"sign":1,"hit":true,"expected_distance":1.25,"observed_distance":1.2499998807907104,"tolerance":3.814697265625e-06,"pass":true}
{"case":"axis_plane","translation":0,"axis":2,"sign":-1,"hit":true,"expected_distance":1.25,"observed_distance":1.25,"tolerance":3.814697265625e-06,"pass":true}
{"case":"axis_plane","translation":0,"axis":2,"sign":1,"hit":true,"expected_distance":1.25,"observed_distance":1.25,"tolerance":3.814697265625e-06,"pass":true}
{"case":"axis_plane","translation":137,"axis":0,"sign":-1,"hit":true,"expected_distance":1.25,"observed_distance":1.2499922513961792,"tolerance":0.0012801365228369832,"pass":true}
{"case":"axis_plane","translation":137,"axis":0,"sign":1,"hit":true,"expected_distance":1.25,"observed_distance":1.2499922513961792,"tolerance":0.0012801365228369832,"pass":true}
{"case":"axis_plane","translation":137,"axis":1,"sign":-1,"hit":true,"expected_distance":1.25,"observed_distance":1.2499922513961792,"tolerance":0.0012801365228369832,"pass":true}
{"case":"axis_plane","translation":137,"axis":1,"sign":1,"hit":true,"expected_distance":1.25,"observed_distance":1.2499922513961792,"tolerance":0.0012801365228369832,"pass":true}
{"case":"axis_plane","translation":137,"axis":2,"sign":-1,"hit":true,"expected_distance":1.25,"observed_distance":1.2499846220016479,"tolerance":0.0012801365228369832,"pass":true}
{"case":"axis_plane","translation":137,"axis":2,"sign":1,"hit":true,"expected_distance":1.25,"observed_distance":1.2499846220016479,"tolerance":0.0012801365228369832,"pass":true}
{"case":"axis_plane","translation":1000,"axis":0,"sign":-1,"hit":true,"expected_distance":1.25,"observed_distance":1.2499693632125854,"tolerance":0.0093440618366003036,"pass":true}
{"case":"axis_plane","translation":1000,"axis":0,"sign":1,"hit":true,"expected_distance":1.25,"observed_distance":1.2499693632125854,"tolerance":0.0093440618366003036,"pass":true}
{"case":"axis_plane","translation":1000,"axis":1,"sign":-1,"hit":true,"expected_distance":1.25,"observed_distance":1.2499693632125854,"tolerance":0.0093440618366003036,"pass":true}
{"case":"axis_plane","translation":1000,"axis":1,"sign":1,"hit":true,"expected_distance":1.25,"observed_distance":1.2499693632125854,"tolerance":0.0093440618366003036,"pass":true}
{"case":"axis_plane","translation":1000,"axis":2,"sign":-1,"hit":true,"expected_distance":1.25,"observed_distance":1.2499388456344604,"tolerance":0.0093440618366003036,"pass":true}
{"case":"axis_plane","translation":1000,"axis":2,"sign":1,"hit":true,"expected_distance":1.25,"observed_distance":1.2499388456344604,"tolerance":0.0093440618366003036,"pass":true}
{"case":"compound_opening","translation":0,"opening_hit":false,"rail_hit":true,"expected_distance":0.75,"observed_distance":0.7499997615814209,"pass":true}
{"case":"compound_opening","translation":137,"opening_hit":false,"rail_hit":true,"expected_distance":0.75,"observed_distance":0.7499997615814209,"pass":true}
{"case":"compound_opening","translation":1000,"opening_hit":false,"rail_hit":true,"expected_distance":0.75,"observed_distance":0.7499997615814209,"pass":true}
Independent analytical player sweeps: 21 cases, 0 failures
