Project: Tiny Game (/home/conner/Documents/GitHub/Project-Judas/projects/tiny_game/tiny_game.judasproj)
Scene: Tiny game (/home/conner/Documents/GitHub/Project-Judas/projects/tiny_game/Scenes/main.judas)
World origin (m): 0.000, 0.000, 0.000
FTFT6 CHECK project_parse PASS
FTFT6 CHECK authored_startup_scene_parse PASS
FTFT6 CHECK independent_authored_fingerprint PASS
FTFT6 CHECK runtime_normal_async_path PASS
FTFT6 CHECK runtime_matches_authored_startup_baseline PASS
FTFT6 CHECK runtime_startup_scene_setting PASS
FTFT6 CHECK ordinary_project_no_planetary_or_fluid_setup PASS
FTFT6 CHECK runtime_initial_body_3 PASS
FTFT6 CHECK runtime_initial_body_4 PASS
FTFT6 CHECK runtime_initial_body_5 PASS
FTFT6 CHECK runtime_ordinary_fixed_steps PASS
FTFT6 CHECK runtime_actual_render_submission PASS
FTFT6 CHECK runtime_baseline_stays_authored PASS
FTFT6 CHECK runtime_scene_file_unchanged PASS
FTFT6 CHECK runtime_project_assets_ready PASS
FTFT6 RUNTIME frames=30 steps=30 fingerprint=bb9c02da3791ef3b75ae73104368bc2260a016abd31111e3c6163a271c1f72f7
FTFT6 CHECK runtime_quit_event PASS
FTFT6 CHECK runtime_application_completed PASS
FTFT6 CHECK runtime_shutdown_scene_unchanged PASS
FTFT6 FRAME 0 5.871611000
FTFT6 FRAME 1 0.373566000
FTFT6 FRAME 2 0.242622000
FTFT6 FRAME 3 0.262572000
FTFT6 FRAME 4 0.179403000
FTFT6 FRAME 5 2.276438000
FTFT6 FRAME 6 0.296034000
FTFT6 FRAME 7 0.182455000
FTFT6 FRAME 8 0.195286000
FTFT6 FRAME 9 0.170419000
FTFT6 FRAME 10 0.206424000
FTFT6 FRAME 11 0.286707000
FTFT6 FRAME 12 0.271524000
FTFT6 FRAME 13 0.596439000
FTFT6 FRAME 14 0.210385000
FTFT6 FRAME 15 0.277060000
FTFT6 FRAME 16 0.362091000
FTFT6 FRAME 17 0.324513000
FTFT6 FRAME 18 0.311970000
FTFT6 FRAME 19 0.329854000
FTFT6 FRAME 20 0.213657000
FTFT6 FRAME 21 0.187972000
FTFT6 FRAME 22 0.188779000
FTFT6 FRAME 23 0.177116000
FTFT6 FRAME 24 0.187890000
FTFT6 FRAME 25 0.176558000
FTFT6 FRAME 26 0.186992000
FTFT6 FRAME 27 0.187400000
FTFT6 FRAME 28 0.173736000
FTFT6 FRAME 29 0.169182000
FTFT6 FRAME 30 0.242748000
FTFT6 standalone: 18 checks, 0 failures
