{
  "status": "PASS",
  "counts": {
    "cases": 823,
    "primitive_pairs": 887,
    "contacts": 1245,
    "exact_touching": 87,
    "positive_gap_contacts": 310,
    "bounds": 1646,
    "world_pairs": 823,
    "query_candidates": 1646
  },
  "maxima": {
    "surface_error": 5.684341886080802e-14,
    "anchor_midpoint_error": 1.2710574864626038e-13,
    "anchor_witness_gap_error": 5.684341886080802e-14,
    "normal_length_error": 2.220446049250313e-16,
    "gap_error": 9.769962616701378e-15
  },
  "diagnostics": {
    "predicates": 16354,
    "interval_resolved": 16290,
    "exact_fallbacks": 64,
    "unresolved": 0,
    "invalid_inputs": 0
  }
}
failures 0
