Renderer fragment texture units: 32 (material path uses 12)
Project: Judas Save / Load State Lab (/home/conner/Documents/GitHub/Project-Judas/projects/save_lab/save_lab.judasproj)
Scene: Save Lab / waves, cup, poses and music (/home/conner/Documents/GitHub/Project-Judas/projects/save_lab/Scenes/lab.judas)
World origin (m): 1000000000000.000, -2000000000000.000, 3000000000000.000
PASS fresh process reads committed selected slot
PASS queued operation cancels before commit boundary
PASS detached incompatible fixture committed only in isolated test namespace
PASS conflicting save/scene requests return busy
Save service: save incompatible with registered project/content
PASS unsupported participant leaves original live world playable
Save service: save incompatible with registered project/content
STATUS 1 completed 
STATUS 2 cancelled 
STATUS 3 failed save incompatible with registered project/content
STATUS 4 failed save incompatible with registered project/content
STATUS 1 completed 
STATUS 2 cancelled 
STATUS 3 failed save incompatible with registered project/content
STATUS 4 failed save incompatible with registered project/content
STATUS 1 completed 
STATUS 2 cancelled 
STATUS 3 failed save incompatible with registered project/content
STATUS 4 failed save incompatible with registered project/content
STATUS 1 completed 
STATUS 2 cancelled 
STATUS 3 failed save incompatible with registered project/content
STATUS 4 failed save incompatible with registered project/content
STATUS 1 completed 
STATUS 2 cancelled 
STATUS 3 failed save incompatible with registered project/content
STATUS 4 failed save incompatible with registered project/content
STATUS 1 completed 
STATUS 2 cancelled 
STATUS 3 failed save incompatible with registered project/content
STATUS 4 failed save incompatible with registered project/content
STATUS 1 completed 
STATUS 2 cancelled 
STATUS 3 failed save incompatible with registered project/content
STATUS 4 failed save incompatible with registered project/content
STATUS 1 completed 
STATUS 2 cancelled 
STATUS 3 failed save incompatible with registered project/content
STATUS 4 failed save incompatible with registered project/content
STATUS 1 completed 
STATUS 2 cancelled 
STATUS 3 failed save incompatible with registered project/content
STATUS 4 failed save incompatible with registered project/content
FAIL bounded save/load application deadline
FAIL bounded save/load application deadline
FAIL ordinary standalone process startup/save or restore/shutdown
SUMMARY mode=read checks=8 failures=3 frames=902
